|--------------------------------------------------|
|==================================================|
|--------------------------------------------------|
|==================================================|
|--------------------------------------------------|
|==================================================|
|--------------------------------------------------|
|==================================================|
|--------------------------------------------------|
|==================================================|
|--------------------------------------------------|
|==================================================|
|--------------------------------------------------|
|==================================================|
|--------------------------------------------------|
|==================================================|
Error: All 67234533 variants in
/project2/mstephens/gtex/GTEx_Analysis_2017-06-05_v8_WholeGenomeSeq_866Indiv.bim
excluded by --chr + --max-alleles + --snps-only.
ERROR [DHRSX]: PLINK failed for DHRSX on chromosome X with exit status 7
|--------------------------------------------------|
|==================================================|
|--------------------------------------------------|
|==================================================|
|--------------------------------------------------|
|==================================================|
|--------------------------------------------------|
|==================================================|
|--------------------------------------------------|
|==================================================|
|--------------------------------------------------|
|==================================================|
|--------------------------------------------------|
|==================================================|
|--------------------------------------------------|
|==================================================|
|--------------------------------------------------|
|==================================================|
|--------------------------------------------------|
|==================================================|
|--------------------------------------------------|
|==================================================|
|--------------------------------------------------|
|==================================================|
|--------------------------------------------------|
|==================================================|
|--------------------------------------------------|
|==================================================|
|--------------------------------------------------|
|==================================================|
|--------------------------------------------------|
|==================================================|
|--------------------------------------------------|
|==================================================|
|--------------------------------------------------|
|==================================================|
|--------------------------------------------------|
|==================================================|
|--------------------------------------------------|
|==================================================|
Error: All 67234533 variants in
/project2/mstephens/gtex/GTEx_Analysis_2017-06-05_v8_WholeGenomeSeq_866Indiv.bim
excluded by --chr + --max-alleles + --snps-only.
ERROR [DIAPH2]: PLINK failed for DIAPH2 on chromosome X with exit status 7
|--------------------------------------------------|
|==================================================|
|--------------------------------------------------|
|==================================================|
|--------------------------------------------------|
|==================================================|
|--------------------------------------------------|
|==================================================|
|--------------------------------------------------|
|==================================================|
|--------------------------------------------------|
|==================================================|
|--------------------------------------------------|
|==================================================|
|--------------------------------------------------|
|==================================================|
|--------------------------------------------------|
|==================================================|
|--------------------------------------------------|
|==================================================|
|--------------------------------------------------|
|==================================================|
|--------------------------------------------------|
|==================================================|
|--------------------------------------------------|
|==================================================|
|--------------------------------------------------|
|==================================================|
|--------------------------------------------------|
|==================================================|
|--------------------------------------------------|
|==================================================|
|--------------------------------------------------|
|==================================================|
|--------------------------------------------------|
|==================================================|
|--------------------------------------------------|
|==================================================|
|--------------------------------------------------|
|==================================================|
|--------------------------------------------------|
|==================================================|
|--------------------------------------------------|
|==================================================|
Error: All 67234533 variants in
/project2/mstephens/gtex/GTEx_Analysis_2017-06-05_v8_WholeGenomeSeq_866Indiv.bim
excluded by --chr + --max-alleles + --snps-only.
ERROR [DKC1]: PLINK failed for DKC1 on chromosome X with exit status 7
|--------------------------------------------------|
|==================================================|
|--------------------------------------------------|
|==================================================|
|--------------------------------------------------|
|==================================================|
|--------------------------------------------------|
|==================================================|
|--------------------------------------------------|
|==================================================|
|--------------------------------------------------|
|==================================================|
|--------------------------------------------------|
|==================================================|
|--------------------------------------------------|
|==================================================|
|--------------------------------------------------|
|==================================================|
|--------------------------------------------------|
|==================================================|
|--------------------------------------------------|
|==================================================|
|--------------------------------------------------|
|==================================================|
|--------------------------------------------------|
|==================================================|
Error: All 67234533 variants in
/project2/mstephens/gtex/GTEx_Analysis_2017-06-05_v8_WholeGenomeSeq_866Indiv.bim
excluded by --chr + --max-alleles + --snps-only.
ERROR [DLG3]: PLINK failed for DLG3 on chromosome X with exit status 7
|--------------------------------------------------|
|==================================================|
|--------------------------------------------------|
|==================================================|
|--------------------------------------------------|
|==================================================|
|--------------------------------------------------|
|==================================================|
|--------------------------------------------------|
|==================================================|
|--------------------------------------------------|
|==================================================|
|--------------------------------------------------|
|==================================================|
|--------------------------------------------------|
|==================================================|
|--------------------------------------------------|
|==================================================|
|--------------------------------------------------|
|==================================================|
|--------------------------------------------------|
|==================================================|
|--------------------------------------------------|
|==================================================|
|--------------------------------------------------|
|==================================================|
|--------------------------------------------------|
|==================================================|
|--------------------------------------------------|
|==================================================|
|--------------------------------------------------|
|==================================================|
|--------------------------------------------------|
|==================================================|
|--------------------------------------------------|
|==================================================|
|--------------------------------------------------|
|==================================================|
|--------------------------------------------------|
|==================================================|
|--------------------------------------------------|
|==================================================|
|--------------------------------------------------|
|==================================================|
|--------------------------------------------------|
|==================================================|
|--------------------------------------------------|
|==================================================|
Error: All 67234533 variants in
/project2/mstephens/gtex/GTEx_Analysis_2017-06-05_v8_WholeGenomeSeq_866Indiv.bim
excluded by --chr + --max-alleles + --snps-only.
ERROR [DMD]: PLINK failed for DMD on chromosome X with exit status 7
|--------------------------------------------------|
|==================================================|
|--------------------------------------------------|
|==================================================|
|--------------------------------------------------|
|==================================================|
|--------------------------------------------------|
|==================================================|
|--------------------------------------------------|
|==================================================|
|--------------------------------------------------|
|==================================================|
|--------------------------------------------------|
|==================================================|
|--------------------------------------------------|
|==================================================|
|--------------------------------------------------|
|==================================================|
|--------------------------------------------------|
|==================================================|
|--------------------------------------------------|
|==================================================|
Error: All 67234533 variants in
/project2/mstephens/gtex/GTEx_Analysis_2017-06-05_v8_WholeGenomeSeq_866Indiv.bim
excluded by --chr + --max-alleles + --snps-only.
ERROR [DMRTC1]: PLINK failed for DMRTC1 on chromosome X with exit status 7
|--------------------------------------------------|
|==================================================|
Error: All 67234533 variants in
/project2/mstephens/gtex/GTEx_Analysis_2017-06-05_v8_WholeGenomeSeq_866Indiv.bim
excluded by --chr + --max-alleles + --snps-only.
ERROR [DMRTC1B]: PLINK failed for DMRTC1B on chromosome X with exit status 7
|--------------------------------------------------|
|==================================================|
Chunk 42 finished: 7 gene errors; 0 tissue errors.
Warning message:
In run_gene(target_gene = gene, tissue_priors = priors, project_dir = project_dir,  :
  More than one expression column found for DHRSX; using the first.
