Found 18468 result files.
Processed 100 of 18468 files; 2646 tissue results; 988 credible sets; 2 original-summary errors; 0 CS-summary errors.
Processed 200 of 18468 files; 5265 tissue results; 2254 credible sets; 5 original-summary errors; 0 CS-summary errors.
Processed 300 of 18468 files; 7938 tissue results; 3364 credible sets; 6 original-summary errors; 0 CS-summary errors.
Processed 400 of 18468 files; 10557 tissue results; 4333 credible sets; 9 original-summary errors; 0 CS-summary errors.
Processed 500 of 18468 files; 13122 tissue results; 5279 credible sets; 14 original-summary errors; 0 CS-summary errors.
Processed 600 of 18468 files; 15768 tissue results; 6389 credible sets; 16 original-summary errors; 0 CS-summary errors.
Processed 700 of 18468 files; 18306 tissue results; 7487 credible sets; 22 original-summary errors; 0 CS-summary errors.
Processed 800 of 18468 files; 20952 tissue results; 8640 credible sets; 24 original-summary errors; 0 CS-summary errors.
Processed 900 of 18468 files; 23490 tissue results; 9730 credible sets; 30 original-summary errors; 0 CS-summary errors.
Processed 1000 of 18468 files; 26028 tissue results; 10502 credible sets; 36 original-summary errors; 0 CS-summary errors.
Processed 1100 of 18468 files; 28350 tissue results; 11903 credible sets; 50 original-summary errors; 0 CS-summary errors.
Processed 1200 of 18468 files; 30941 tissue results; 12972 credible sets; 54 original-summary errors; 0 CS-summary errors.
Processed 1300 of 18468 files; 33425 tissue results; 13914 credible sets; 62 original-summary errors; 0 CS-summary errors.
Processed 1400 of 18468 files; 36044 tissue results; 14767 credible sets; 65 original-summary errors; 0 CS-summary errors.
Processed 1500 of 18468 files; 38447 tissue results; 15610 credible sets; 76 original-summary errors; 0 CS-summary errors.
Processed 1600 of 18468 files; 40985 tissue results; 16283 credible sets; 82 original-summary errors; 0 CS-summary errors.
Processed 1700 of 18468 files; 43604 tissue results; 17224 credible sets; 85 original-summary errors; 0 CS-summary errors.
Processed 1800 of 18468 files; 46277 tissue results; 18372 credible sets; 86 original-summary errors; 0 CS-summary errors.
Processed 1900 of 18468 files; 48977 tissue results; 19327 credible sets; 86 original-summary errors; 0 CS-summary errors.
Processed 2000 of 18468 files; 51650 tissue results; 20273 credible sets; 87 original-summary errors; 0 CS-summary errors.
Processed 2100 of 18468 files; 54323 tissue results; 20952 credible sets; 88 original-summary errors; 0 CS-summary errors.
Processed 2200 of 18468 files; 56969 tissue results; 22473 credible sets; 90 original-summary errors; 0 CS-summary errors.
Processed 2300 of 18468 files; 59128 tissue results; 23611 credible sets; 110 original-summary errors; 0 CS-summary errors.
Processed 2400 of 18468 files; 61801 tissue results; 24764 credible sets; 111 original-summary errors; 0 CS-summary errors.
Processed 2500 of 18468 files; 64474 tissue results; 25743 credible sets; 112 original-summary errors; 0 CS-summary errors.
Processed 2600 of 18468 files; 67120 tissue results; 26656 credible sets; 114 original-summary errors; 0 CS-summary errors.
Processed 2700 of 18468 files; 69604 tissue results; 27476 credible sets; 122 original-summary errors; 0 CS-summary errors.
Processed 2800 of 18468 files; 72169 tissue results; 28726 credible sets; 127 original-summary errors; 0 CS-summary errors.
Processed 2900 of 18468 files; 74761 tissue results; 29752 credible sets; 131 original-summary errors; 0 CS-summary errors.
Processed 3000 of 18468 files; 77380 tissue results; 31098 credible sets; 134 original-summary errors; 0 CS-summary errors.
Processed 3100 of 18468 files; 79944 tissue results; 32494 credible sets; 139 original-summary errors; 0 CS-summary errors.
Processed 3200 of 18468 files; 82590 tissue results; 33290 credible sets; 141 original-summary errors; 0 CS-summary errors.
Processed 3300 of 18468 files; 85236 tissue results; 34322 credible sets; 143 original-summary errors; 0 CS-summary errors.
Processed 3400 of 18468 files; 87909 tissue results; 35284 credible sets; 144 original-summary errors; 0 CS-summary errors.
Processed 3500 of 18468 files; 90553 tissue results; 36335 credible sets; 146 original-summary errors; 0 CS-summary errors.
Processed 3600 of 18468 files; 92389 tissue results; 36931 credible sets; 178 original-summary errors; 0 CS-summary errors.
Processed 3700 of 18468 files; 95035 tissue results; 37844 credible sets; 180 original-summary errors; 0 CS-summary errors.
Processed 3800 of 18468 files; 97411 tissue results; 38925 credible sets; 192 original-summary errors; 0 CS-summary errors.
Processed 3900 of 18468 files; 99809 tissue results; 39759 credible sets; 203 original-summary errors; 0 CS-summary errors.
Processed 4000 of 18468 files; 102375 tissue results; 40859 credible sets; 207 original-summary errors; 0 CS-summary errors.
Processed 4100 of 18468 files; 104827 tissue results; 41507 credible sets; 209 original-summary errors; 0 CS-summary errors.
Processed 4200 of 18468 files; 107338 tissue results; 42376 credible sets; 216 original-summary errors; 0 CS-summary errors.
Processed 4400 of 18468 files; 112657 tissue results; 44727 credible sets; 219 original-summary errors; 0 CS-summary errors.
Processed 4500 of 18468 files; 115273 tissue results; 45369 credible sets; 222 original-summary errors; 0 CS-summary errors.
Processed 4600 of 18468 files; 117811 tissue results; 46371 credible sets; 228 original-summary errors; 0 CS-summary errors.
Processed 4700 of 18468 files; 120376 tissue results; 46967 credible sets; 233 original-summary errors; 0 CS-summary errors.
Processed 4800 of 18468 files; 123022 tissue results; 47765 credible sets; 235 original-summary errors; 0 CS-summary errors.
Processed 4900 of 18468 files; 125668 tissue results; 48834 credible sets; 237 original-summary errors; 0 CS-summary errors.
Processed 5000 of 18468 files; 128341 tissue results; 49864 credible sets; 238 original-summary errors; 0 CS-summary errors.
Processed 5200 of 18468 files; 133119 tissue results; 52148 credible sets; 261 original-summary errors; 0 CS-summary errors.
Processed 5300 of 18468 files; 135453 tissue results; 53049 credible sets; 271 original-summary errors; 0 CS-summary errors.
Processed 5400 of 18468 files; 138153 tissue results; 53919 credible sets; 271 original-summary errors; 0 CS-summary errors.
Processed 5500 of 18468 files; 140739 tissue results; 54761 credible sets; 275 original-summary errors; 0 CS-summary errors.
Processed 5600 of 18468 files; 143358 tissue results; 55917 credible sets; 278 original-summary errors; 0 CS-summary errors.
Processed 5700 of 18468 files; 145842 tissue results; 56883 credible sets; 286 original-summary errors; 0 CS-summary errors.
Processed 5900 of 18468 files; 150675 tissue results; 58859 credible sets; 307 original-summary errors; 0 CS-summary errors.
Processed 6000 of 18468 files; 153267 tissue results; 59834 credible sets; 311 original-summary errors; 0 CS-summary errors.
Processed 6100 of 18468 files; 155804 tissue results; 60667 credible sets; 317 original-summary errors; 0 CS-summary errors.
Processed 6200 of 18468 files; 158476 tissue results; 62316 credible sets; 318 original-summary errors; 0 CS-summary errors.
Processed 6300 of 18468 files; 160933 tissue results; 63138 credible sets; 327 original-summary errors; 0 CS-summary errors.
Processed 6400 of 18468 files; 163449 tissue results; 64057 credible sets; 333 original-summary errors; 0 CS-summary errors.
Processed 6500 of 18468 files; 166065 tissue results; 65811 credible sets; 336 original-summary errors; 0 CS-summary errors.
Processed 6600 of 18468 files; 168603 tissue results; 66837 credible sets; 342 original-summary errors; 0 CS-summary errors.
Processed 6700 of 18468 files; 171195 tissue results; 67900 credible sets; 346 original-summary errors; 0 CS-summary errors.
Processed 6800 of 18468 files; 173841 tissue results; 69453 credible sets; 348 original-summary errors; 0 CS-summary errors.
Processed 6900 of 18468 files; 176487 tissue results; 70044 credible sets; 350 original-summary errors; 0 CS-summary errors.
Processed 7000 of 18468 files; 178971 tissue results; 70980 credible sets; 358 original-summary errors; 0 CS-summary errors.
Processed 7100 of 18468 files; 181581 tissue results; 71738 credible sets; 361 original-summary errors; 0 CS-summary errors.
Processed 7200 of 18468 files; 184146 tissue results; 72615 credible sets; 366 original-summary errors; 0 CS-summary errors.
Processed 7300 of 18468 files; 186706 tissue results; 73275 credible sets; 371 original-summary errors; 0 CS-summary errors.
Processed 7400 of 18468 files; 189322 tissue results; 74311 credible sets; 374 original-summary errors; 0 CS-summary errors.
Processed 7500 of 18468 files; 191887 tissue results; 75241 credible sets; 379 original-summary errors; 0 CS-summary errors.
Processed 7600 of 18468 files; 194506 tissue results; 76029 credible sets; 382 original-summary errors; 0 CS-summary errors.
Processed 7700 of 18468 files; 197206 tissue results; 76726 credible sets; 382 original-summary errors; 0 CS-summary errors.
Processed 7800 of 18468 files; 199770 tissue results; 77494 credible sets; 387 original-summary errors; 0 CS-summary errors.
Processed 7900 of 18468 files; 202335 tissue results; 78138 credible sets; 392 original-summary errors; 0 CS-summary errors.
Processed 8000 of 18468 files; 205008 tissue results; 79221 credible sets; 393 original-summary errors; 0 CS-summary errors.
Processed 8100 of 18468 files; 207487 tissue results; 79611 credible sets; 393 original-summary errors; 0 CS-summary errors.
Processed 8200 of 18468 files; 210045 tissue results; 80643 credible sets; 398 original-summary errors; 0 CS-summary errors.
Processed 8300 of 18468 files; 212691 tissue results; 81723 credible sets; 400 original-summary errors; 0 CS-summary errors.
Processed 8400 of 18468 files; 215381 tissue results; 82670 credible sets; 400 original-summary errors; 0 CS-summary errors.
Processed 8500 of 18468 files; 217919 tissue results; 83883 credible sets; 406 original-summary errors; 0 CS-summary errors.
Processed 8600 of 18468 files; 220619 tissue results; 84957 credible sets; 406 original-summary errors; 0 CS-summary errors.
Processed 8800 of 18468 files; 224966 tissue results; 86655 credible sets; 445 original-summary errors; 0 CS-summary errors.
Processed 8900 of 18468 files; 227565 tissue results; 87485 credible sets; 448 original-summary errors; 0 CS-summary errors.
Processed 9000 of 18468 files; 230102 tissue results; 88434 credible sets; 454 original-summary errors; 0 CS-summary errors.
Processed 9100 of 18468 files; 232802 tissue results; 89424 credible sets; 454 original-summary errors; 0 CS-summary errors.
Processed 9200 of 18468 files; 235421 tissue results; 90524 credible sets; 457 original-summary errors; 0 CS-summary errors.
Processed 9300 of 18468 files; 237959 tissue results; 91317 credible sets; 463 original-summary errors; 0 CS-summary errors.
Processed 9400 of 18468 files; 240631 tissue results; 92682 credible sets; 464 original-summary errors; 0 CS-summary errors.
Processed 9500 of 18468 files; 242925 tissue results; 93570 credible sets; 479 original-summary errors; 0 CS-summary errors.
Processed 9600 of 18468 files; 245485 tissue results; 94737 credible sets; 484 original-summary errors; 0 CS-summary errors.
Processed 9700 of 18468 files; 248158 tissue results; 95672 credible sets; 485 original-summary errors; 0 CS-summary errors.
Processed 9800 of 18468 files; 250777 tissue results; 96906 credible sets; 488 original-summary errors; 0 CS-summary errors.
Processed 9900 of 18468 files; 253369 tissue results; 98312 credible sets; 492 original-summary errors; 0 CS-summary errors.
Processed 10000 of 18468 files; 256042 tissue results; 99304 credible sets; 493 original-summary errors; 0 CS-summary errors.
Processed 10100 of 18468 files; 258634 tissue results; 99983 credible sets; 497 original-summary errors; 0 CS-summary errors.
Processed 10200 of 18468 files; 261197 tissue results; 101235 credible sets; 502 original-summary errors; 0 CS-summary errors.
Processed 10300 of 18468 files; 263837 tissue results; 102811 credible sets; 504 original-summary errors; 0 CS-summary errors.
Processed 10400 of 18468 files; 266483 tissue results; 103775 credible sets; 506 original-summary errors; 0 CS-summary errors.
Processed 10500 of 18468 files; 268994 tissue results; 105369 credible sets; 513 original-summary errors; 0 CS-summary errors.
Processed 10600 of 18468 files; 271451 tissue results; 106314 credible sets; 522 original-summary errors; 0 CS-summary errors.
Processed 10700 of 18468 files; 274039 tissue results; 107081 credible sets; 524 original-summary errors; 0 CS-summary errors.
Processed 10800 of 18468 files; 276600 tissue results; 107780 credible sets; 524 original-summary errors; 0 CS-summary errors.
Processed 10900 of 18468 files; 279146 tissue results; 108167 credible sets; 524 original-summary errors; 0 CS-summary errors.
Processed 11000 of 18468 files; 281735 tissue results; 108736 credible sets; 524 original-summary errors; 0 CS-summary errors.
Processed 11200 of 18468 files; 286703 tissue results; 110322 credible sets; 540 original-summary errors; 0 CS-summary errors.
Processed 11300 of 18468 files; 289268 tissue results; 111416 credible sets; 545 original-summary errors; 0 CS-summary errors.
Processed 11400 of 18468 files; 291914 tissue results; 112278 credible sets; 547 original-summary errors; 0 CS-summary errors.
Processed 11500 of 18468 files; 294506 tissue results; 113231 credible sets; 551 original-summary errors; 0 CS-summary errors.
Processed 11600 of 18468 files; 296963 tissue results; 113990 credible sets; 560 original-summary errors; 0 CS-summary errors.
Processed 11700 of 18468 files; 299555 tissue results; 115191 credible sets; 564 original-summary errors; 0 CS-summary errors.
Processed 11800 of 18468 files; 302174 tissue results; 116213 credible sets; 567 original-summary errors; 0 CS-summary errors.
Processed 11900 of 18468 files; 304739 tissue results; 117182 credible sets; 572 original-summary errors; 0 CS-summary errors.
Processed 12000 of 18468 files; 307250 tissue results; 118300 credible sets; 579 original-summary errors; 0 CS-summary errors.
Processed 12100 of 18468 files; 309670 tissue results; 119549 credible sets; 589 original-summary errors; 0 CS-summary errors.
Processed 12200 of 18468 files; 312289 tissue results; 120137 credible sets; 592 original-summary errors; 0 CS-summary errors.
Processed 12300 of 18468 files; 314852 tissue results; 120915 credible sets; 595 original-summary errors; 0 CS-summary errors.
Processed 12400 of 18468 files; 317299 tissue results; 121876 credible sets; 603 original-summary errors; 0 CS-summary errors.
Processed 12500 of 18468 files; 319863 tissue results; 122568 credible sets; 608 original-summary errors; 0 CS-summary errors.
Processed 12600 of 18468 files; 322508 tissue results; 123693 credible sets; 610 original-summary errors; 0 CS-summary errors.
Processed 12700 of 18468 files; 325175 tissue results; 124597 credible sets; 611 original-summary errors; 0 CS-summary errors.
Processed 12800 of 18468 files; 327686 tissue results; 125256 credible sets; 618 original-summary errors; 0 CS-summary errors.
Processed 12900 of 18468 files; 330332 tissue results; 126197 credible sets; 620 original-summary errors; 0 CS-summary errors.
Processed 13000 of 18468 files; 332681 tissue results; 126862 credible sets; 633 original-summary errors; 0 CS-summary errors.
Processed 13100 of 18468 files; 335327 tissue results; 127644 credible sets; 635 original-summary errors; 0 CS-summary errors.
Processed 13200 of 18468 files; 337891 tissue results; 128713 credible sets; 640 original-summary errors; 0 CS-summary errors.
Processed 13300 of 18468 files; 340480 tissue results; 129562 credible sets; 644 original-summary errors; 0 CS-summary errors.
Processed 13400 of 18468 files; 343072 tissue results; 130548 credible sets; 648 original-summary errors; 0 CS-summary errors.
Processed 13500 of 18468 files; 345610 tissue results; 131369 credible sets; 654 original-summary errors; 0 CS-summary errors.
Processed 13600 of 18468 files; 348229 tissue results; 132324 credible sets; 657 original-summary errors; 0 CS-summary errors.
Processed 13700 of 18468 files; 350875 tissue results; 132986 credible sets; 659 original-summary errors; 0 CS-summary errors.
Processed 13800 of 18468 files; 353440 tissue results; 133825 credible sets; 664 original-summary errors; 0 CS-summary errors.
Processed 13900 of 18468 files; 356140 tissue results; 134678 credible sets; 664 original-summary errors; 0 CS-summary errors.
Processed 14000 of 18468 files; 358813 tissue results; 135602 credible sets; 665 original-summary errors; 0 CS-summary errors.
Processed 14100 of 18468 files; 361432 tissue results; 136550 credible sets; 668 original-summary errors; 0 CS-summary errors.
Processed 14200 of 18468 files; 364051 tissue results; 137688 credible sets; 671 original-summary errors; 0 CS-summary errors.
Processed 14300 of 18468 files; 366697 tissue results; 138610 credible sets; 673 original-summary errors; 0 CS-summary errors.
Processed 14400 of 18468 files; 369262 tissue results; 139808 credible sets; 678 original-summary errors; 0 CS-summary errors.
Processed 14500 of 18468 files; 371907 tissue results; 140842 credible sets; 680 original-summary errors; 0 CS-summary errors.
Processed 14600 of 18468 files; 374472 tissue results; 141906 credible sets; 685 original-summary errors; 0 CS-summary errors.
Processed 14700 of 18468 files; 376983 tissue results; 142781 credible sets; 692 original-summary errors; 0 CS-summary errors.
Processed 14800 of 18468 files; 379574 tissue results; 143911 credible sets; 696 original-summary errors; 0 CS-summary errors.
Processed 14900 of 18468 files; 382165 tissue results; 144709 credible sets; 700 original-summary errors; 0 CS-summary errors.
Processed 15100 of 18468 files; 387119 tissue results; 147120 credible sets; 715 original-summary errors; 0 CS-summary errors.
Processed 15200 of 18468 files; 389440 tissue results; 147772 credible sets; 728 original-summary errors; 0 CS-summary errors.
Processed 15300 of 18468 files; 392059 tissue results; 148733 credible sets; 731 original-summary errors; 0 CS-summary errors.
Processed 15400 of 18468 files; 394678 tissue results; 150078 credible sets; 734 original-summary errors; 0 CS-summary errors.
Processed 15500 of 18468 files; 397188 tissue results; 151032 credible sets; 741 original-summary errors; 0 CS-summary errors.
Processed 15600 of 18468 files; 399780 tissue results; 152363 credible sets; 745 original-summary errors; 0 CS-summary errors.
Processed 15700 of 18468 files; 402074 tissue results; 153337 credible sets; 760 original-summary errors; 0 CS-summary errors.
Processed 15900 of 18468 files; 407123 tissue results; 155434 credible sets; 773 original-summary errors; 0 CS-summary errors.
Processed 16000 of 18468 files; 409688 tissue results; 156431 credible sets; 778 original-summary errors; 0 CS-summary errors.
Processed 16100 of 18468 files; 412334 tissue results; 157268 credible sets; 780 original-summary errors; 0 CS-summary errors.
Processed 16200 of 18468 files; 414953 tissue results; 158223 credible sets; 783 original-summary errors; 0 CS-summary errors.
Processed 16300 of 18468 files; 417518 tissue results; 159059 credible sets; 788 original-summary errors; 0 CS-summary errors.
Processed 16400 of 18468 files; 420083 tissue results; 159757 credible sets; 793 original-summary errors; 0 CS-summary errors.
Processed 16500 of 18468 files; 422726 tissue results; 160789 credible sets; 793 original-summary errors; 0 CS-summary errors.
Processed 16600 of 18468 files; 425372 tissue results; 161885 credible sets; 795 original-summary errors; 0 CS-summary errors.
Processed 16700 of 18468 files; 427906 tissue results; 163097 credible sets; 799 original-summary errors; 0 CS-summary errors.
Processed 16800 of 18468 files; 430282 tissue results; 164205 credible sets; 811 original-summary errors; 0 CS-summary errors.
Processed 16900 of 18468 files; 432982 tissue results; 165368 credible sets; 811 original-summary errors; 0 CS-summary errors.
Processed 17000 of 18468 files; 435601 tissue results; 166272 credible sets; 814 original-summary errors; 0 CS-summary errors.
Processed 17100 of 18468 files; 438231 tissue results; 167093 credible sets; 816 original-summary errors; 0 CS-summary errors.
Processed 17400 of 18468 files; 445170 tissue results; 169871 credible sets; 851 original-summary errors; 0 CS-summary errors.
Processed 17500 of 18468 files; 447735 tissue results; 171185 credible sets; 856 original-summary errors; 0 CS-summary errors.
Processed 17600 of 18468 files; 450192 tissue results; 172218 credible sets; 865 original-summary errors; 0 CS-summary errors.
Processed 17700 of 18468 files; 452730 tissue results; 173269 credible sets; 871 original-summary errors; 0 CS-summary errors.
Processed 17800 of 18468 files; 455214 tissue results; 173923 credible sets; 879 original-summary errors; 0 CS-summary errors.
Processed 17900 of 18468 files; 457725 tissue results; 174763 credible sets; 886 original-summary errors; 0 CS-summary errors.
Processed 18000 of 18468 files; 460317 tissue results; 176288 credible sets; 890 original-summary errors; 0 CS-summary errors.
Processed 18200 of 18468 files; 465636 tissue results; 178789 credible sets; 893 original-summary errors; 0 CS-summary errors.
Processed 18300 of 18468 files; 468280 tissue results; 179800 credible sets; 895 original-summary errors; 0 CS-summary errors.
Processed 18400 of 18468 files; 470897 tissue results; 181166 credible sets; 898 original-summary errors; 0 CS-summary errors.
Processed 18468 of 18468 files; 472651 tissue results; 182028 credible sets; 901 original-summary errors; 0 CS-summary errors.

Summary complete.
Successful genes: 17567 
Successful gene-tissue analyses: 472651 
Credible-set summary rows: 182028 
Gene-tissue analyses with weighted_fit_mix: 472651 
Gene-tissue analyses missing weighted_fit_mix: 0 
Weighted fits with zero credible sets: 415051 
Weighted credible-set summary rows: 61246 
CS rows with a TSS distance: 182028 
Files or tissues with errors: 901 
CS-summary errors: 0 
Genes to inspect or rerun: 901 
Saved: /project2/mstephens/wdenault/susie_mix/res_summary.RData 
Saved: /project2/mstephens/wdenault/susie_mix/res_summary.csv 
Saved: /project2/mstephens/wdenault/susie_mix/res_cs_summary.RData 
Saved: /project2/mstephens/wdenault/susie_mix/res_cs_summary.csv 
Saved: /project2/mstephens/wdenault/susie_mix/res_cs_errors.csv 
Saved: /project2/mstephens/wdenault/susie_mix/res_errors.csv 
Saved: /project2/mstephens/wdenault/susie_mix/failed_genes.txt 
