Registered S3 methods overwritten by 'susieSlide':
  method              from  
  coef.susie          susieR
  predict.susie       susieR
  print.summary.susie susieR
  summary.susie       susieR
Job 252: 1/400
Job 252: 2/400
Job 252: 3/400
Job 252: 4/400
Job 252: 5/400
Job 252: 6/400
Job 252: 7/400
Job 252: 8/400
Job 252: 9/400
Job 252: 10/400
Job 252: 11/400
Job 252: 12/400
Job 252: 13/400
Job 252: 14/400
Job 252: 15/400
Job 252: 16/400
Job 252: 17/400
Job 252: 18/400
Job 252: 19/400
Job 252: 20/400
Job 252: 21/400
Job 252: 22/400
Job 252: 23/400
Job 252: 24/400
Job 252: 25/400
Job 252: 26/400
Job 252: 27/400
Job 252: 28/400
Job 252: 29/400
Job 252: 30/400
Job 252: 31/400
Job 252: 32/400
Job 252: 33/400
Job 252: 34/400
Job 252: 35/400
Job 252: 36/400
Job 252: 37/400
Job 252: 38/400
Job 252: 39/400
Job 252: 40/400
Job 252: 41/400
Job 252: 42/400
Job 252: 43/400
Job 252: 44/400
Job 252: 45/400
Job 252: 46/400
Job 252: 47/400
Job 252: 48/400
Job 252: 49/400
Job 252: 50/400
Job 252: 51/400
Job 252: 52/400
Job 252: 53/400
Job 252: 54/400
Job 252: 55/400
Job 252: 56/400
Job 252: 57/400
Job 252: 58/400
Job 252: 59/400
Job 252: 60/400
Job 252: 61/400
Job 252: 62/400
Job 252: 63/400
Job 252: 64/400
Job 252: 65/400
Job 252: 66/400
Job 252: 67/400
Job 252: 68/400
Job 252: 69/400
Job 252: 70/400
Job 252: 71/400
Job 252: 72/400
Job 252: 73/400
Job 252: 74/400
Job 252: 75/400
Job 252: 76/400
Job 252: 77/400
Job 252: 78/400
Job 252: 79/400
Job 252: 80/400
Job 252: 81/400
Job 252: 82/400
Job 252: 83/400
Job 252: 84/400
Job 252: 85/400
Job 252: 86/400
Job 252: 87/400
Job 252: 88/400
Job 252: 89/400
Job 252: 90/400
Job 252: 91/400
Job 252: 92/400
Job 252: 93/400
Job 252: 94/400
Job 252: 95/400
Job 252: 96/400
Job 252: 97/400
Job 252: 98/400
Job 252: 99/400
Job 252: 100/400
Job 252: 101/400
Job 252: 102/400
Job 252: 103/400
Job 252: 104/400
Job 252: 105/400
Job 252: 106/400
Job 252: 107/400
Job 252: 108/400
Job 252: 109/400
Job 252: 110/400
Job 252: 111/400
Job 252: 112/400
Job 252: 113/400
Job 252: 114/400
Job 252: 115/400
Job 252: 116/400
Job 252: 117/400
Job 252: 118/400
Job 252: 119/400
Job 252: 120/400
Job 252: 121/400
Job 252: 122/400
Job 252: 123/400
Job 252: 124/400
Job 252: 125/400
Job 252: 126/400
Job 252: 127/400
Job 252: 128/400
Job 252: 129/400
Job 252: 130/400
Job 252: 131/400
Job 252: 132/400
Job 252: 133/400
Job 252: 134/400
Job 252: 135/400
Job 252: 136/400
Job 252: 137/400
Job 252: 138/400
Job 252: 139/400
Job 252: 140/400
Job 252: 141/400
Job 252: 142/400
Job 252: 143/400
Job 252: 144/400
Job 252: 145/400
Job 252: 146/400
Job 252: 147/400
Job 252: 148/400
Job 252: 149/400
Job 252: 150/400
Job 252: 151/400
Job 252: 152/400
Job 252: 153/400
Job 252: 154/400
Job 252: 155/400
Job 252: 156/400
Job 252: 157/400
Job 252: 158/400
Job 252: 159/400
Job 252: 160/400
Job 252: 161/400
Job 252: 162/400
Job 252: 163/400
Job 252: 164/400
Job 252: 165/400
Job 252: 166/400
Job 252: 167/400
Job 252: 168/400
Job 252: 169/400
Job 252: 170/400
Job 252: 171/400
Job 252: 172/400
Job 252: 173/400
Job 252: 174/400
Job 252: 175/400
Job 252: 176/400
Job 252: 177/400
Job 252: 178/400
Job 252: 179/400
Job 252: 180/400
Job 252: 181/400
Job 252: 182/400
Job 252: 183/400
Job 252: 184/400
Job 252: 185/400
Job 252: 186/400
Job 252: 187/400
Job 252: 188/400
Job 252: 189/400
Job 252: 190/400
Job 252: 191/400
Job 252: 192/400
Job 252: 193/400
Job 252: 194/400
Job 252: 195/400
Job 252: 196/400
Job 252: 197/400
Job 252: 198/400
Job 252: 199/400
Job 252: 200/400
Job 252: 201/400
Job 252: 202/400
Job 252: 203/400
Job 252: 204/400
Job 252: 205/400
Job 252: 206/400
Job 252: 207/400
Job 252: 208/400
Job 252: 209/400
Job 252: 210/400
Job 252: 211/400
Job 252: 212/400
Job 252: 213/400
Job 252: 214/400
Job 252: 215/400
Job 252: 216/400
Job 252: 217/400
Job 252: 218/400
Job 252: 219/400
Job 252: 220/400
Job 252: 221/400
Job 252: 222/400
Job 252: 223/400
Job 252: 224/400
Job 252: 225/400
Job 252: 226/400
Job 252: 227/400
Job 252: 228/400
Job 252: 229/400
Job 252: 230/400
Job 252: 231/400
Job 252: 232/400
Job 252: 233/400
Job 252: 234/400
Job 252: 235/400
Job 252: 236/400
Job 252: 237/400
Job 252: 238/400
Job 252: 239/400
Job 252: 240/400
Job 252: 241/400
Job 252: 242/400
Job 252: 243/400
Job 252: 244/400
Job 252: 245/400
Job 252: 246/400
Job 252: 247/400
Job 252: 248/400
Job 252: 249/400
Job 252: 250/400
Job 252: 251/400
Job 252: 252/400
Job 252: 253/400
Job 252: 254/400
Job 252: 255/400
Job 252: 256/400
Job 252: 257/400
Job 252: 258/400
Job 252: 259/400
Job 252: 260/400
Job 252: 261/400
Job 252: 262/400
Job 252: 263/400
Job 252: 264/400
Job 252: 265/400
Job 252: 266/400
Job 252: 267/400
Job 252: 268/400
Job 252: 269/400
Job 252: 270/400
Job 252: 271/400
Job 252: 272/400
Job 252: 273/400
Job 252: 274/400
Job 252: 275/400
Job 252: 276/400
Job 252: 277/400
Job 252: 278/400
Job 252: 279/400
Job 252: 280/400
Job 252: 281/400
Job 252: 282/400
Job 252: 283/400
Job 252: 284/400
Job 252: 285/400
Job 252: 286/400
Job 252: 287/400
Job 252: 288/400
Job 252: 289/400
Job 252: 290/400
Job 252: 291/400
Job 252: 292/400
Job 252: 293/400
Job 252: 294/400
Job 252: 295/400
Job 252: 296/400
Job 252: 297/400
Job 252: 298/400
Job 252: 299/400
Job 252: 300/400
Job 252: 301/400
Job 252: 302/400
Job 252: 303/400
Job 252: 304/400
Job 252: 305/400
Job 252: 306/400
Job 252: 307/400
Job 252: 308/400
Job 252: 309/400
Job 252: 310/400
Job 252: 311/400
Job 252: 312/400
Job 252: 313/400
Job 252: 314/400
Job 252: 315/400
Job 252: 316/400
Job 252: 317/400
Job 252: 318/400
Job 252: 319/400
Job 252: 320/400
Job 252: 321/400
Job 252: 322/400
Job 252: 323/400
Job 252: 324/400
Job 252: 325/400
Job 252: 326/400
Job 252: 327/400
Job 252: 328/400
Job 252: 329/400
Job 252: 330/400
Job 252: 331/400
Job 252: 332/400
Job 252: 333/400
Job 252: 334/400
Job 252: 335/400
Job 252: 336/400
Job 252: 337/400
Job 252: 338/400
Job 252: 339/400
Job 252: 340/400
Job 252: 341/400
Job 252: 342/400
Job 252: 343/400
Job 252: 344/400
Job 252: 345/400
Job 252: 346/400
Job 252: 347/400
Job 252: 348/400
Job 252: 349/400
Job 252: 350/400
Job 252: 351/400
Job 252: 352/400
Job 252: 353/400
Job 252: 354/400
Job 252: 355/400
Job 252: 356/400
Job 252: 357/400
Job 252: 358/400
Job 252: 359/400
Job 252: 360/400
Job 252: 361/400
Job 252: 362/400
Job 252: 363/400
Job 252: 364/400
Job 252: 365/400
Job 252: 366/400
Job 252: 367/400
Job 252: 368/400
Job 252: 369/400
Job 252: 370/400
Job 252: 371/400
Job 252: 372/400
Job 252: 373/400
Job 252: 374/400
Job 252: 375/400
Job 252: 376/400
Job 252: 377/400
Job 252: 378/400
Job 252: 379/400
Job 252: 380/400
Job 252: 381/400
Job 252: 382/400
Job 252: 383/400
Job 252: 384/400
Job 252: 385/400
Job 252: 386/400
Job 252: 387/400
Job 252: 388/400
Job 252: 389/400
Job 252: 390/400
Job 252: 391/400
Job 252: 392/400
Job 252: 393/400
Job 252: 394/400
Job 252: 395/400
Job 252: 396/400
Job 252: 397/400
Job 252: 398/400
Job 252: 399/400
Job 252: 400/400
