Registered S3 methods overwritten by 'susieSlide':
  method              from  
  coef.susie          susieR
  predict.susie       susieR
  print.summary.susie susieR
  summary.susie       susieR
Job 551: 1/400
Job 551: 2/400
Job 551: 3/400
Job 551: 4/400
Job 551: 5/400
Job 551: 6/400
Job 551: 7/400
Job 551: 8/400
Job 551: 9/400
Job 551: 10/400
Job 551: 11/400
Job 551: 12/400
Job 551: 13/400
Job 551: 14/400
Job 551: 15/400
Job 551: 16/400
Job 551: 17/400
Job 551: 18/400
Job 551: 19/400
Job 551: 20/400
Job 551: 21/400
Job 551: 22/400
Job 551: 23/400
Job 551: 24/400
Job 551: 25/400
Job 551: 26/400
Job 551: 27/400
Job 551: 28/400
Job 551: 29/400
Job 551: 30/400
Job 551: 31/400
Job 551: 32/400
Job 551: 33/400
Job 551: 34/400
Job 551: 35/400
Job 551: 36/400
Job 551: 37/400
Job 551: 38/400
Job 551: 39/400
Job 551: 40/400
Job 551: 41/400
Job 551: 42/400
Job 551: 43/400
Job 551: 44/400
Job 551: 45/400
Job 551: 46/400
Job 551: 47/400
Job 551: 48/400
Job 551: 49/400
Job 551: 50/400
Job 551: 51/400
Job 551: 52/400
Job 551: 53/400
Job 551: 54/400
Job 551: 55/400
Job 551: 56/400
Job 551: 57/400
Job 551: 58/400
Job 551: 59/400
Job 551: 60/400
Job 551: 61/400
Job 551: 62/400
Job 551: 63/400
Job 551: 64/400
Job 551: 65/400
Job 551: 66/400
Job 551: 67/400
Job 551: 68/400
Job 551: 69/400
Job 551: 70/400
Job 551: 71/400
Job 551: 72/400
Job 551: 73/400
Job 551: 74/400
Job 551: 75/400
Job 551: 76/400
Job 551: 77/400
Job 551: 78/400
Job 551: 79/400
Job 551: 80/400
Job 551: 81/400
Job 551: 82/400
Job 551: 83/400
Job 551: 84/400
Job 551: 85/400
Job 551: 86/400
Job 551: 87/400
Job 551: 88/400
Job 551: 89/400
Job 551: 90/400
Job 551: 91/400
Job 551: 92/400
Job 551: 93/400
Job 551: 94/400
Job 551: 95/400
Job 551: 96/400
Job 551: 97/400
Job 551: 98/400
Job 551: 99/400
Job 551: 100/400
Job 551: 101/400
Job 551: 102/400
Job 551: 103/400
Job 551: 104/400
Job 551: 105/400
Job 551: 106/400
Job 551: 107/400
Job 551: 108/400
Job 551: 109/400
Job 551: 110/400
Job 551: 111/400
Job 551: 112/400
Job 551: 113/400
Job 551: 114/400
Job 551: 115/400
Job 551: 116/400
Job 551: 117/400
Job 551: 118/400
Job 551: 119/400
Job 551: 120/400
Job 551: 121/400
Job 551: 122/400
Job 551: 123/400
Job 551: 124/400
Job 551: 125/400
Job 551: 126/400
Job 551: 127/400
Job 551: 128/400
Job 551: 129/400
Job 551: 130/400
Job 551: 131/400
Job 551: 132/400
Job 551: 133/400
Job 551: 134/400
Job 551: 135/400
Job 551: 136/400
Job 551: 137/400
Job 551: 138/400
Job 551: 139/400
Job 551: 140/400
Job 551: 141/400
Job 551: 142/400
Job 551: 143/400
Job 551: 144/400
Job 551: 145/400
Job 551: 146/400
Job 551: 147/400
Job 551: 148/400
Job 551: 149/400
Job 551: 150/400
Job 551: 151/400
Job 551: 152/400
Job 551: 153/400
Job 551: 154/400
Job 551: 155/400
Job 551: 156/400
Job 551: 157/400
Job 551: 158/400
Job 551: 159/400
Job 551: 160/400
Job 551: 161/400
Job 551: 162/400
Job 551: 163/400
Job 551: 164/400
Job 551: 165/400
Job 551: 166/400
Job 551: 167/400
Job 551: 168/400
Job 551: 169/400
Job 551: 170/400
Job 551: 171/400
Job 551: 172/400
Job 551: 173/400
Job 551: 174/400
Job 551: 175/400
Job 551: 176/400
Job 551: 177/400
Job 551: 178/400
Job 551: 179/400
Job 551: 180/400
Job 551: 181/400
Job 551: 182/400
Job 551: 183/400
Job 551: 184/400
Job 551: 185/400
Job 551: 186/400
Job 551: 187/400
Job 551: 188/400
Job 551: 189/400
Job 551: 190/400
Job 551: 191/400
Job 551: 192/400
Job 551: 193/400
Job 551: 194/400
Job 551: 195/400
Job 551: 196/400
Job 551: 197/400
Job 551: 198/400
Job 551: 199/400
Job 551: 200/400
Job 551: 201/400
Job 551: 202/400
Job 551: 203/400
Job 551: 204/400
Job 551: 205/400
Job 551: 206/400
Job 551: 207/400
Job 551: 208/400
Job 551: 209/400
Job 551: 210/400
Job 551: 211/400
Job 551: 212/400
Job 551: 213/400
Job 551: 214/400
Job 551: 215/400
Job 551: 216/400
Job 551: 217/400
Job 551: 218/400
Job 551: 219/400
Job 551: 220/400
Job 551: 221/400
Job 551: 222/400
Job 551: 223/400
Job 551: 224/400
Job 551: 225/400
Job 551: 226/400
Job 551: 227/400
Job 551: 228/400
Job 551: 229/400
Job 551: 230/400
Job 551: 231/400
Job 551: 232/400
Job 551: 233/400
Job 551: 234/400
Job 551: 235/400
Job 551: 236/400
Job 551: 237/400
Job 551: 238/400
Job 551: 239/400
Job 551: 240/400
Job 551: 241/400
Job 551: 242/400
Job 551: 243/400
Job 551: 244/400
Job 551: 245/400
Job 551: 246/400
Job 551: 247/400
Job 551: 248/400
Job 551: 249/400
Job 551: 250/400
Job 551: 251/400
Job 551: 252/400
Job 551: 253/400
Job 551: 254/400
Job 551: 255/400
Job 551: 256/400
Job 551: 257/400
Job 551: 258/400
Job 551: 259/400
Job 551: 260/400
Job 551: 261/400
Job 551: 262/400
Job 551: 263/400
Job 551: 264/400
Job 551: 265/400
Job 551: 266/400
Job 551: 267/400
Job 551: 268/400
Job 551: 269/400
Job 551: 270/400
Job 551: 271/400
Job 551: 272/400
Job 551: 273/400
Job 551: 274/400
Job 551: 275/400
Job 551: 276/400
Job 551: 277/400
Job 551: 278/400
Job 551: 279/400
Job 551: 280/400
Job 551: 281/400
Job 551: 282/400
Job 551: 283/400
Job 551: 284/400
Job 551: 285/400
Job 551: 286/400
Job 551: 287/400
Job 551: 288/400
Job 551: 289/400
Job 551: 290/400
Job 551: 291/400
Job 551: 292/400
Job 551: 293/400
Job 551: 294/400
Job 551: 295/400
Job 551: 296/400
Job 551: 297/400
Job 551: 298/400
Job 551: 299/400
Job 551: 300/400
Job 551: 301/400
Job 551: 302/400
Job 551: 303/400
Job 551: 304/400
Job 551: 305/400
Job 551: 306/400
Job 551: 307/400
Job 551: 308/400
Job 551: 309/400
Job 551: 310/400
Job 551: 311/400
Job 551: 312/400
Job 551: 313/400
Job 551: 314/400
Job 551: 315/400
Job 551: 316/400
Job 551: 317/400
Job 551: 318/400
Job 551: 319/400
Job 551: 320/400
Job 551: 321/400
Job 551: 322/400
Job 551: 323/400
Job 551: 324/400
Job 551: 325/400
Job 551: 326/400
Job 551: 327/400
Job 551: 328/400
Job 551: 329/400
Job 551: 330/400
Job 551: 331/400
Job 551: 332/400
Job 551: 333/400
Job 551: 334/400
Job 551: 335/400
Job 551: 336/400
Job 551: 337/400
Job 551: 338/400
Job 551: 339/400
Job 551: 340/400
Job 551: 341/400
Job 551: 342/400
Job 551: 343/400
Job 551: 344/400
Job 551: 345/400
Job 551: 346/400
Job 551: 347/400
Job 551: 348/400
Job 551: 349/400
Job 551: 350/400
Job 551: 351/400
Job 551: 352/400
Job 551: 353/400
Job 551: 354/400
Job 551: 355/400
Job 551: 356/400
Job 551: 357/400
Job 551: 358/400
Job 551: 359/400
Job 551: 360/400
Job 551: 361/400
Job 551: 362/400
Job 551: 363/400
Job 551: 364/400
Job 551: 365/400
Job 551: 366/400
Job 551: 367/400
Job 551: 368/400
Job 551: 369/400
Job 551: 370/400
Job 551: 371/400
Job 551: 372/400
Job 551: 373/400
Job 551: 374/400
Job 551: 375/400
Job 551: 376/400
Job 551: 377/400
Job 551: 378/400
Job 551: 379/400
Job 551: 380/400
Job 551: 381/400
Job 551: 382/400
Job 551: 383/400
Job 551: 384/400
Job 551: 385/400
Job 551: 386/400
Job 551: 387/400
Job 551: 388/400
Job 551: 389/400
Job 551: 390/400
Job 551: 391/400
Job 551: 392/400
Job 551: 393/400
Job 551: 394/400
Job 551: 395/400
Job 551: 396/400
Job 551: 397/400
Job 551: 398/400
Job 551: 399/400
Job 551: 400/400
