Registered S3 methods overwritten by 'susieSlide':
  method              from  
  coef.susie          susieR
  predict.susie       susieR
  print.summary.susie susieR
  summary.susie       susieR
Job 163: 1/400
Job 163: 2/400
Job 163: 3/400
Job 163: 4/400
Job 163: 5/400
Job 163: 6/400
Job 163: 7/400
Job 163: 8/400
Job 163: 9/400
Job 163: 10/400
Job 163: 11/400
Job 163: 12/400
Job 163: 13/400
Job 163: 14/400
Job 163: 15/400
Job 163: 16/400
Job 163: 17/400
Job 163: 18/400
Job 163: 19/400
Job 163: 20/400
Job 163: 21/400
Job 163: 22/400
Job 163: 23/400
Job 163: 24/400
Job 163: 25/400
Job 163: 26/400
Job 163: 27/400
Job 163: 28/400
Job 163: 29/400
Job 163: 30/400
Job 163: 31/400
Job 163: 32/400
Job 163: 33/400
Job 163: 34/400
Job 163: 35/400
Job 163: 36/400
Job 163: 37/400
Job 163: 38/400
Job 163: 39/400
Job 163: 40/400
Job 163: 41/400
Job 163: 42/400
Job 163: 43/400
Job 163: 44/400
Job 163: 45/400
Job 163: 46/400
Job 163: 47/400
Job 163: 48/400
Job 163: 49/400
Job 163: 50/400
Job 163: 51/400
Job 163: 52/400
Job 163: 53/400
Job 163: 54/400
Job 163: 55/400
Job 163: 56/400
Job 163: 57/400
Job 163: 58/400
Job 163: 59/400
Job 163: 60/400
Job 163: 61/400
Job 163: 62/400
Job 163: 63/400
Job 163: 64/400
Job 163: 65/400
Job 163: 66/400
Job 163: 67/400
Job 163: 68/400
Job 163: 69/400
Job 163: 70/400
Job 163: 71/400
Job 163: 72/400
Job 163: 73/400
Job 163: 74/400
Job 163: 75/400
Job 163: 76/400
Job 163: 77/400
Job 163: 78/400
Job 163: 79/400
Job 163: 80/400
Job 163: 81/400
Job 163: 82/400
Job 163: 83/400
Job 163: 84/400
Job 163: 85/400
Job 163: 86/400
Job 163: 87/400
Job 163: 88/400
Job 163: 89/400
Job 163: 90/400
Job 163: 91/400
Job 163: 92/400
Job 163: 93/400
Job 163: 94/400
Job 163: 95/400
Job 163: 96/400
Job 163: 97/400
Job 163: 98/400
Job 163: 99/400
Job 163: 100/400
Job 163: 101/400
Job 163: 102/400
Job 163: 103/400
Job 163: 104/400
Job 163: 105/400
Job 163: 106/400
Job 163: 107/400
Job 163: 108/400
Job 163: 109/400
Job 163: 110/400
Job 163: 111/400
Job 163: 112/400
Job 163: 113/400
Job 163: 114/400
Job 163: 115/400
Job 163: 116/400
Job 163: 117/400
Job 163: 118/400
Job 163: 119/400
Job 163: 120/400
Job 163: 121/400
Job 163: 122/400
Job 163: 123/400
Job 163: 124/400
Job 163: 125/400
Job 163: 126/400
Job 163: 127/400
Job 163: 128/400
Job 163: 129/400
Job 163: 130/400
Job 163: 131/400
Job 163: 132/400
Job 163: 133/400
Job 163: 134/400
Job 163: 135/400
Job 163: 136/400
Job 163: 137/400
Job 163: 138/400
Job 163: 139/400
Job 163: 140/400
Job 163: 141/400
Job 163: 142/400
Job 163: 143/400
Job 163: 144/400
Job 163: 145/400
Job 163: 146/400
Job 163: 147/400
Job 163: 148/400
Job 163: 149/400
Job 163: 150/400
Job 163: 151/400
Job 163: 152/400
Job 163: 153/400
Job 163: 154/400
Job 163: 155/400
Job 163: 156/400
Job 163: 157/400
Job 163: 158/400
Job 163: 159/400
Job 163: 160/400
Job 163: 161/400
Job 163: 162/400
Job 163: 163/400
Job 163: 164/400
Job 163: 165/400
Job 163: 166/400
Job 163: 167/400
Job 163: 168/400
Job 163: 169/400
Job 163: 170/400
Job 163: 171/400
Job 163: 172/400
Job 163: 173/400
Job 163: 174/400
Job 163: 175/400
Job 163: 176/400
Job 163: 177/400
Job 163: 178/400
Job 163: 179/400
Job 163: 180/400
Job 163: 181/400
Job 163: 182/400
Job 163: 183/400
Job 163: 184/400
Job 163: 185/400
Job 163: 186/400
Job 163: 187/400
Job 163: 188/400
Job 163: 189/400
Job 163: 190/400
Job 163: 191/400
Job 163: 192/400
Job 163: 193/400
Job 163: 194/400
Job 163: 195/400
Job 163: 196/400
Job 163: 197/400
Job 163: 198/400
Job 163: 199/400
Job 163: 200/400
Job 163: 201/400
Job 163: 202/400
Job 163: 203/400
Job 163: 204/400
Job 163: 205/400
Job 163: 206/400
Job 163: 207/400
Job 163: 208/400
Job 163: 209/400
Job 163: 210/400
Job 163: 211/400
Job 163: 212/400
Job 163: 213/400
Job 163: 214/400
Job 163: 215/400
Job 163: 216/400
Job 163: 217/400
Job 163: 218/400
Job 163: 219/400
Job 163: 220/400
Job 163: 221/400
Job 163: 222/400
Job 163: 223/400
Job 163: 224/400
Job 163: 225/400
Job 163: 226/400
Job 163: 227/400
Job 163: 228/400
Job 163: 229/400
Job 163: 230/400
Job 163: 231/400
Job 163: 232/400
Job 163: 233/400
Job 163: 234/400
Job 163: 235/400
Job 163: 236/400
Job 163: 237/400
Job 163: 238/400
Job 163: 239/400
Job 163: 240/400
Job 163: 241/400
Job 163: 242/400
Job 163: 243/400
Job 163: 244/400
Job 163: 245/400
Job 163: 246/400
Job 163: 247/400
Job 163: 248/400
Job 163: 249/400
Job 163: 250/400
Job 163: 251/400
Job 163: 252/400
Job 163: 253/400
Job 163: 254/400
Job 163: 255/400
Job 163: 256/400
Job 163: 257/400
Job 163: 258/400
Job 163: 259/400
Job 163: 260/400
Job 163: 261/400
Job 163: 262/400
Job 163: 263/400
Job 163: 264/400
Job 163: 265/400
Job 163: 266/400
Job 163: 267/400
Job 163: 268/400
Job 163: 269/400
Job 163: 270/400
Job 163: 271/400
Job 163: 272/400
Job 163: 273/400
Job 163: 274/400
Job 163: 275/400
Job 163: 276/400
Job 163: 277/400
Job 163: 278/400
Job 163: 279/400
Job 163: 280/400
Job 163: 281/400
Job 163: 282/400
Job 163: 283/400
Job 163: 284/400
Job 163: 285/400
Job 163: 286/400
Job 163: 287/400
Job 163: 288/400
Job 163: 289/400
Job 163: 290/400
Job 163: 291/400
Job 163: 292/400
Job 163: 293/400
Job 163: 294/400
Job 163: 295/400
Job 163: 296/400
Job 163: 297/400
Job 163: 298/400
Job 163: 299/400
Job 163: 300/400
Job 163: 301/400
Job 163: 302/400
Job 163: 303/400
Job 163: 304/400
Job 163: 305/400
Job 163: 306/400
Job 163: 307/400
Job 163: 308/400
Job 163: 309/400
Job 163: 310/400
Job 163: 311/400
Job 163: 312/400
Job 163: 313/400
Job 163: 314/400
Job 163: 315/400
Job 163: 316/400
Job 163: 317/400
Job 163: 318/400
Job 163: 319/400
Job 163: 320/400
Job 163: 321/400
Job 163: 322/400
Job 163: 323/400
Job 163: 324/400
Job 163: 325/400
Job 163: 326/400
Job 163: 327/400
Job 163: 328/400
Job 163: 329/400
Job 163: 330/400
Job 163: 331/400
Job 163: 332/400
Job 163: 333/400
Job 163: 334/400
Job 163: 335/400
Job 163: 336/400
Job 163: 337/400
Job 163: 338/400
Job 163: 339/400
Job 163: 340/400
Job 163: 341/400
Job 163: 342/400
Job 163: 343/400
Job 163: 344/400
Job 163: 345/400
Job 163: 346/400
Job 163: 347/400
Job 163: 348/400
Job 163: 349/400
Job 163: 350/400
Job 163: 351/400
Job 163: 352/400
Job 163: 353/400
Job 163: 354/400
Job 163: 355/400
Job 163: 356/400
Job 163: 357/400
Job 163: 358/400
Job 163: 359/400
Job 163: 360/400
Job 163: 361/400
Job 163: 362/400
Job 163: 363/400
Job 163: 364/400
Job 163: 365/400
Job 163: 366/400
Job 163: 367/400
Job 163: 368/400
Job 163: 369/400
Job 163: 370/400
Job 163: 371/400
Job 163: 372/400
Job 163: 373/400
Job 163: 374/400
Job 163: 375/400
Job 163: 376/400
Job 163: 377/400
Job 163: 378/400
Job 163: 379/400
Job 163: 380/400
Job 163: 381/400
Job 163: 382/400
Job 163: 383/400
Job 163: 384/400
Job 163: 385/400
Job 163: 386/400
Job 163: 387/400
Job 163: 388/400
Job 163: 389/400
Job 163: 390/400
Job 163: 391/400
Job 163: 392/400
Job 163: 393/400
Job 163: 394/400
Job 163: 395/400
Job 163: 396/400
Job 163: 397/400
Job 163: 398/400
Job 163: 399/400
Job 163: 400/400
