Registered S3 methods overwritten by 'susieSlide':
  method              from  
  coef.susie          susieR
  predict.susie       susieR
  print.summary.susie susieR
  summary.susie       susieR
Job 552: 1/400
Job 552: 2/400
Job 552: 3/400
Job 552: 4/400
Job 552: 5/400
Job 552: 6/400
Job 552: 7/400
Job 552: 8/400
Job 552: 9/400
Job 552: 10/400
Job 552: 11/400
Job 552: 12/400
Job 552: 13/400
Job 552: 14/400
Job 552: 15/400
Job 552: 16/400
Job 552: 17/400
Job 552: 18/400
Job 552: 19/400
Job 552: 20/400
Job 552: 21/400
Job 552: 22/400
Job 552: 23/400
Job 552: 24/400
Job 552: 25/400
Job 552: 26/400
Job 552: 27/400
Job 552: 28/400
Job 552: 29/400
Job 552: 30/400
Job 552: 31/400
Job 552: 32/400
Job 552: 33/400
Job 552: 34/400
Job 552: 35/400
Job 552: 36/400
Job 552: 37/400
Job 552: 38/400
Job 552: 39/400
Job 552: 40/400
Job 552: 41/400
Job 552: 42/400
Job 552: 43/400
Job 552: 44/400
Job 552: 45/400
Job 552: 46/400
Job 552: 47/400
Job 552: 48/400
Job 552: 49/400
Job 552: 50/400
Job 552: 51/400
Job 552: 52/400
Job 552: 53/400
Job 552: 54/400
Job 552: 55/400
Job 552: 56/400
Job 552: 57/400
Job 552: 58/400
Job 552: 59/400
Job 552: 60/400
Job 552: 61/400
Job 552: 62/400
Job 552: 63/400
Job 552: 64/400
Job 552: 65/400
Job 552: 66/400
Job 552: 67/400
Job 552: 68/400
Job 552: 69/400
Job 552: 70/400
Job 552: 71/400
Job 552: 72/400
Job 552: 73/400
Job 552: 74/400
Job 552: 75/400
Job 552: 76/400
Job 552: 77/400
Job 552: 78/400
Job 552: 79/400
Job 552: 80/400
Job 552: 81/400
Job 552: 82/400
Job 552: 83/400
Job 552: 84/400
Job 552: 85/400
Job 552: 86/400
Job 552: 87/400
Job 552: 88/400
Job 552: 89/400
Job 552: 90/400
Job 552: 91/400
Job 552: 92/400
Job 552: 93/400
Job 552: 94/400
Job 552: 95/400
Job 552: 96/400
Job 552: 97/400
Job 552: 98/400
Job 552: 99/400
Job 552: 100/400
Job 552: 101/400
Job 552: 102/400
Job 552: 103/400
Job 552: 104/400
Job 552: 105/400
Job 552: 106/400
Job 552: 107/400
Job 552: 108/400
Job 552: 109/400
Job 552: 110/400
Job 552: 111/400
Job 552: 112/400
Job 552: 113/400
Job 552: 114/400
Job 552: 115/400
Job 552: 116/400
Job 552: 117/400
Job 552: 118/400
Job 552: 119/400
Job 552: 120/400
Job 552: 121/400
Job 552: 122/400
Job 552: 123/400
Job 552: 124/400
Job 552: 125/400
Job 552: 126/400
Job 552: 127/400
Job 552: 128/400
Job 552: 129/400
Job 552: 130/400
Job 552: 131/400
Job 552: 132/400
Job 552: 133/400
Job 552: 134/400
Job 552: 135/400
Job 552: 136/400
Job 552: 137/400
Job 552: 138/400
Job 552: 139/400
Job 552: 140/400
Job 552: 141/400
Job 552: 142/400
Job 552: 143/400
Job 552: 144/400
Job 552: 145/400
Job 552: 146/400
Job 552: 147/400
Job 552: 148/400
Job 552: 149/400
Job 552: 150/400
Job 552: 151/400
Job 552: 152/400
Job 552: 153/400
Job 552: 154/400
Job 552: 155/400
Job 552: 156/400
Job 552: 157/400
Job 552: 158/400
Job 552: 159/400
Job 552: 160/400
Job 552: 161/400
Job 552: 162/400
Job 552: 163/400
Job 552: 164/400
Job 552: 165/400
Job 552: 166/400
Job 552: 167/400
Job 552: 168/400
Job 552: 169/400
Job 552: 170/400
Job 552: 171/400
Job 552: 172/400
Job 552: 173/400
Job 552: 174/400
Job 552: 175/400
Job 552: 176/400
Job 552: 177/400
Job 552: 178/400
Job 552: 179/400
Job 552: 180/400
Job 552: 181/400
Job 552: 182/400
Job 552: 183/400
Job 552: 184/400
Job 552: 185/400
Job 552: 186/400
Job 552: 187/400
Job 552: 188/400
Job 552: 189/400
Job 552: 190/400
Job 552: 191/400
Job 552: 192/400
Job 552: 193/400
Job 552: 194/400
Job 552: 195/400
Job 552: 196/400
Job 552: 197/400
Job 552: 198/400
Job 552: 199/400
Job 552: 200/400
Job 552: 201/400
Job 552: 202/400
Job 552: 203/400
Job 552: 204/400
Job 552: 205/400
Job 552: 206/400
Job 552: 207/400
Job 552: 208/400
Job 552: 209/400
Job 552: 210/400
Job 552: 211/400
Job 552: 212/400
Job 552: 213/400
Job 552: 214/400
Job 552: 215/400
Job 552: 216/400
Job 552: 217/400
Job 552: 218/400
Job 552: 219/400
Job 552: 220/400
Job 552: 221/400
Job 552: 222/400
Job 552: 223/400
Job 552: 224/400
Job 552: 225/400
Job 552: 226/400
Job 552: 227/400
Job 552: 228/400
Job 552: 229/400
Job 552: 230/400
Job 552: 231/400
Job 552: 232/400
Job 552: 233/400
Job 552: 234/400
Job 552: 235/400
Job 552: 236/400
Job 552: 237/400
Job 552: 238/400
Job 552: 239/400
Job 552: 240/400
Job 552: 241/400
Job 552: 242/400
Job 552: 243/400
Job 552: 244/400
Job 552: 245/400
Job 552: 246/400
Job 552: 247/400
Job 552: 248/400
Job 552: 249/400
Job 552: 250/400
Job 552: 251/400
Job 552: 252/400
Job 552: 253/400
Job 552: 254/400
Job 552: 255/400
Job 552: 256/400
Job 552: 257/400
Job 552: 258/400
Job 552: 259/400
Job 552: 260/400
Job 552: 261/400
Job 552: 262/400
Job 552: 263/400
Job 552: 264/400
Job 552: 265/400
Job 552: 266/400
Job 552: 267/400
Job 552: 268/400
Job 552: 269/400
Job 552: 270/400
Job 552: 271/400
Job 552: 272/400
Job 552: 273/400
Job 552: 274/400
Job 552: 275/400
Job 552: 276/400
Job 552: 277/400
Job 552: 278/400
Job 552: 279/400
Job 552: 280/400
Job 552: 281/400
Job 552: 282/400
Job 552: 283/400
Job 552: 284/400
Job 552: 285/400
Job 552: 286/400
Job 552: 287/400
Job 552: 288/400
Job 552: 289/400
Job 552: 290/400
Job 552: 291/400
Job 552: 292/400
Job 552: 293/400
Job 552: 294/400
Job 552: 295/400
Job 552: 296/400
Job 552: 297/400
Job 552: 298/400
Job 552: 299/400
Job 552: 300/400
Job 552: 301/400
Job 552: 302/400
Job 552: 303/400
Job 552: 304/400
Job 552: 305/400
Job 552: 306/400
Job 552: 307/400
Job 552: 308/400
Job 552: 309/400
Job 552: 310/400
Job 552: 311/400
Job 552: 312/400
Job 552: 313/400
Job 552: 314/400
Job 552: 315/400
Job 552: 316/400
Job 552: 317/400
Job 552: 318/400
Job 552: 319/400
Job 552: 320/400
Job 552: 321/400
Job 552: 322/400
Job 552: 323/400
Job 552: 324/400
Job 552: 325/400
Job 552: 326/400
Job 552: 327/400
Job 552: 328/400
Job 552: 329/400
Job 552: 330/400
Job 552: 331/400
Job 552: 332/400
Job 552: 333/400
Job 552: 334/400
Job 552: 335/400
Job 552: 336/400
Job 552: 337/400
Job 552: 338/400
Job 552: 339/400
Job 552: 340/400
Job 552: 341/400
Job 552: 342/400
Job 552: 343/400
Job 552: 344/400
Job 552: 345/400
Job 552: 346/400
Job 552: 347/400
Job 552: 348/400
Job 552: 349/400
Job 552: 350/400
Job 552: 351/400
Job 552: 352/400
Job 552: 353/400
Job 552: 354/400
Job 552: 355/400
Job 552: 356/400
Job 552: 357/400
Job 552: 358/400
Job 552: 359/400
Job 552: 360/400
Job 552: 361/400
Job 552: 362/400
Job 552: 363/400
Job 552: 364/400
Job 552: 365/400
Job 552: 366/400
Job 552: 367/400
Job 552: 368/400
Job 552: 369/400
Job 552: 370/400
Job 552: 371/400
Job 552: 372/400
Job 552: 373/400
Job 552: 374/400
Job 552: 375/400
Job 552: 376/400
Job 552: 377/400
Job 552: 378/400
Job 552: 379/400
Job 552: 380/400
Job 552: 381/400
Job 552: 382/400
Job 552: 383/400
Job 552: 384/400
Job 552: 385/400
Job 552: 386/400
Job 552: 387/400
Job 552: 388/400
Job 552: 389/400
Job 552: 390/400
Job 552: 391/400
Job 552: 392/400
Job 552: 393/400
Job 552: 394/400
Job 552: 395/400
Job 552: 396/400
Job 552: 397/400
Job 552: 398/400
Job 552: 399/400
Job 552: 400/400
