Registered S3 methods overwritten by 'susieSlide':
  method              from  
  coef.susie          susieR
  predict.susie       susieR
  print.summary.susie susieR
  summary.susie       susieR
Job 3: 1/400
Job 3: 2/400
Job 3: 3/400
Job 3: 4/400
Job 3: 5/400
Job 3: 6/400
Job 3: 7/400
Job 3: 8/400
Job 3: 9/400
Job 3: 10/400
Job 3: 11/400
Job 3: 12/400
Job 3: 13/400
Job 3: 14/400
Job 3: 15/400
Job 3: 16/400
Job 3: 17/400
Job 3: 18/400
Job 3: 19/400
Job 3: 20/400
Job 3: 21/400
Job 3: 22/400
Job 3: 23/400
Job 3: 24/400
Job 3: 25/400
Job 3: 26/400
Job 3: 27/400
Job 3: 28/400
Job 3: 29/400
Job 3: 30/400
Job 3: 31/400
Job 3: 32/400
Job 3: 33/400
Job 3: 34/400
Job 3: 35/400
Job 3: 36/400
Job 3: 37/400
Job 3: 38/400
Job 3: 39/400
Job 3: 40/400
Job 3: 41/400
Job 3: 42/400
Job 3: 43/400
Job 3: 44/400
Job 3: 45/400
Job 3: 46/400
Job 3: 47/400
Job 3: 48/400
Job 3: 49/400
Job 3: 50/400
Job 3: 51/400
Job 3: 52/400
Job 3: 53/400
Job 3: 54/400
Job 3: 55/400
Job 3: 56/400
Job 3: 57/400
Job 3: 58/400
Job 3: 59/400
Job 3: 60/400
Job 3: 61/400
Job 3: 62/400
Job 3: 63/400
Job 3: 64/400
Job 3: 65/400
Job 3: 66/400
Job 3: 67/400
Job 3: 68/400
Job 3: 69/400
Job 3: 70/400
Job 3: 71/400
Job 3: 72/400
Job 3: 73/400
Job 3: 74/400
Job 3: 75/400
Job 3: 76/400
Job 3: 77/400
Job 3: 78/400
Job 3: 79/400
Job 3: 80/400
Job 3: 81/400
Job 3: 82/400
Job 3: 83/400
Job 3: 84/400
Job 3: 85/400
Job 3: 86/400
Job 3: 87/400
Job 3: 88/400
Job 3: 89/400
Job 3: 90/400
Job 3: 91/400
Job 3: 92/400
Job 3: 93/400
Job 3: 94/400
Job 3: 95/400
Job 3: 96/400
Job 3: 97/400
Job 3: 98/400
Job 3: 99/400
Job 3: 100/400
Job 3: 101/400
Job 3: 102/400
Job 3: 103/400
Job 3: 104/400
Job 3: 105/400
Job 3: 106/400
Job 3: 107/400
Job 3: 108/400
Job 3: 109/400
Job 3: 110/400
Job 3: 111/400
Job 3: 112/400
Job 3: 113/400
Job 3: 114/400
Job 3: 115/400
Job 3: 116/400
Job 3: 117/400
Job 3: 118/400
Job 3: 119/400
Job 3: 120/400
Job 3: 121/400
Job 3: 122/400
Job 3: 123/400
Job 3: 124/400
Job 3: 125/400
Job 3: 126/400
Job 3: 127/400
Job 3: 128/400
Job 3: 129/400
Job 3: 130/400
Job 3: 131/400
Job 3: 132/400
Job 3: 133/400
Job 3: 134/400
Job 3: 135/400
Job 3: 136/400
Job 3: 137/400
Job 3: 138/400
Job 3: 139/400
Job 3: 140/400
Job 3: 141/400
Job 3: 142/400
Job 3: 143/400
Job 3: 144/400
Job 3: 145/400
Job 3: 146/400
Job 3: 147/400
Job 3: 148/400
Job 3: 149/400
Job 3: 150/400
Job 3: 151/400
Job 3: 152/400
Job 3: 153/400
Job 3: 154/400
Job 3: 155/400
Job 3: 156/400
Job 3: 157/400
Job 3: 158/400
Job 3: 159/400
Job 3: 160/400
Job 3: 161/400
Job 3: 162/400
Job 3: 163/400
Job 3: 164/400
Job 3: 165/400
Job 3: 166/400
Job 3: 167/400
Job 3: 168/400
Job 3: 169/400
Job 3: 170/400
Job 3: 171/400
Job 3: 172/400
Job 3: 173/400
Job 3: 174/400
Job 3: 175/400
Job 3: 176/400
Job 3: 177/400
Job 3: 178/400
Job 3: 179/400
Job 3: 180/400
Job 3: 181/400
Job 3: 182/400
Job 3: 183/400
Job 3: 184/400
Job 3: 185/400
Job 3: 186/400
Job 3: 187/400
Job 3: 188/400
Job 3: 189/400
Job 3: 190/400
Job 3: 191/400
Job 3: 192/400
Job 3: 193/400
Job 3: 194/400
Job 3: 195/400
Job 3: 196/400
Job 3: 197/400
Job 3: 198/400
Job 3: 199/400
Job 3: 200/400
Job 3: 201/400
Job 3: 202/400
Job 3: 203/400
Job 3: 204/400
Job 3: 205/400
Job 3: 206/400
Job 3: 207/400
Job 3: 208/400
Job 3: 209/400
Job 3: 210/400
Job 3: 211/400
Job 3: 212/400
Job 3: 213/400
Job 3: 214/400
Job 3: 215/400
Job 3: 216/400
Job 3: 217/400
Job 3: 218/400
Job 3: 219/400
Job 3: 220/400
Job 3: 221/400
Job 3: 222/400
Job 3: 223/400
Job 3: 224/400
Job 3: 225/400
Job 3: 226/400
Job 3: 227/400
Job 3: 228/400
Job 3: 229/400
Job 3: 230/400
Job 3: 231/400
Job 3: 232/400
Job 3: 233/400
Job 3: 234/400
Job 3: 235/400
Job 3: 236/400
Job 3: 237/400
Job 3: 238/400
Job 3: 239/400
Job 3: 240/400
Job 3: 241/400
Job 3: 242/400
Job 3: 243/400
Job 3: 244/400
Job 3: 245/400
Job 3: 246/400
Job 3: 247/400
Job 3: 248/400
Job 3: 249/400
Job 3: 250/400
Job 3: 251/400
Job 3: 252/400
Job 3: 253/400
Job 3: 254/400
Job 3: 255/400
Job 3: 256/400
Job 3: 257/400
Job 3: 258/400
Job 3: 259/400
Job 3: 260/400
Job 3: 261/400
Job 3: 262/400
Job 3: 263/400
Job 3: 264/400
Job 3: 265/400
Job 3: 266/400
Job 3: 267/400
Job 3: 268/400
Job 3: 269/400
Job 3: 270/400
Job 3: 271/400
Job 3: 272/400
Job 3: 273/400
Job 3: 274/400
Job 3: 275/400
Job 3: 276/400
Job 3: 277/400
Job 3: 278/400
Job 3: 279/400
Job 3: 280/400
Job 3: 281/400
Job 3: 282/400
Job 3: 283/400
Job 3: 284/400
Job 3: 285/400
Job 3: 286/400
Job 3: 287/400
Job 3: 288/400
Job 3: 289/400
Job 3: 290/400
Job 3: 291/400
Job 3: 292/400
Job 3: 293/400
Job 3: 294/400
Job 3: 295/400
Job 3: 296/400
Job 3: 297/400
Job 3: 298/400
Job 3: 299/400
Job 3: 300/400
Job 3: 301/400
Job 3: 302/400
Job 3: 303/400
Job 3: 304/400
Job 3: 305/400
Job 3: 306/400 ERROR: Couldn't open file /project2/mstephens/wdenault/susie_mix/temp_plink/plink_SALL3.raw: No such file or directory
Job 3: 307/400
Job 3: 308/400
Job 3: 309/400
Job 3: 310/400
Job 3: 311/400
Job 3: 312/400
Job 3: 313/400
Job 3: 314/400
Job 3: 315/400
Job 3: 316/400
Job 3: 317/400
Job 3: 318/400
Job 3: 319/400
Job 3: 320/400
Job 3: 321/400
Job 3: 322/400
Job 3: 323/400
Job 3: 324/400
Job 3: 325/400
Job 3: 326/400
Job 3: 327/400
Job 3: 328/400
Job 3: 329/400
Job 3: 330/400
Job 3: 331/400
Job 3: 332/400
Job 3: 333/400
Job 3: 334/400
Job 3: 335/400
Job 3: 336/400
Job 3: 337/400
Job 3: 338/400
Job 3: 339/400
Job 3: 340/400
Job 3: 341/400
Job 3: 342/400
Job 3: 343/400
Job 3: 344/400
Job 3: 345/400
Job 3: 346/400
Job 3: 347/400
Job 3: 348/400
Job 3: 349/400
Job 3: 350/400
Job 3: 351/400
Job 3: 352/400
Job 3: 353/400
Job 3: 354/400
Job 3: 355/400
Job 3: 356/400
Job 3: 357/400
Job 3: 358/400
Job 3: 359/400
Job 3: 360/400
Job 3: 361/400
Job 3: 362/400
Job 3: 363/400
Job 3: 364/400
Job 3: 365/400
Job 3: 366/400
Job 3: 367/400
Job 3: 368/400
Job 3: 369/400
Job 3: 370/400
Job 3: 371/400
Job 3: 372/400
Job 3: 373/400
Job 3: 374/400
Job 3: 375/400
Job 3: 376/400
Job 3: 377/400
Job 3: 378/400
Job 3: 379/400
Job 3: 380/400
Job 3: 381/400
Job 3: 382/400
Job 3: 383/400
Job 3: 384/400
Job 3: 385/400
Job 3: 386/400
Job 3: 387/400
Job 3: 388/400
Job 3: 389/400
Job 3: 390/400
Job 3: 391/400
Job 3: 392/400
Job 3: 393/400
Job 3: 394/400
Job 3: 395/400
Job 3: 396/400
Job 3: 397/400
Job 3: 398/400
Job 3: 399/400
Job 3: 400/400
