Registered S3 methods overwritten by 'susieSlide':
  method              from  
  coef.susie          susieR
  predict.susie       susieR
  print.summary.susie susieR
  summary.susie       susieR
Job 445: 1/400
Job 445: 2/400
Job 445: 3/400
Job 445: 4/400
Job 445: 5/400
Job 445: 6/400
Job 445: 7/400
Job 445: 8/400
Job 445: 9/400
Job 445: 10/400
Job 445: 11/400
Job 445: 12/400
Job 445: 13/400
Job 445: 14/400
Job 445: 15/400
Job 445: 16/400
Job 445: 17/400
Job 445: 18/400
Job 445: 19/400
Job 445: 20/400
Job 445: 21/400
Job 445: 22/400
Job 445: 23/400
Job 445: 24/400
Job 445: 25/400
Job 445: 26/400
Job 445: 27/400
Job 445: 28/400
Job 445: 29/400
Job 445: 30/400
Job 445: 31/400
Job 445: 32/400
Job 445: 33/400
Job 445: 34/400
Job 445: 35/400
Job 445: 36/400
Job 445: 37/400
Job 445: 38/400
Job 445: 39/400
Job 445: 40/400
Job 445: 41/400
Job 445: 42/400
Job 445: 43/400
Job 445: 44/400
Job 445: 45/400
Job 445: 46/400
Job 445: 47/400
Job 445: 48/400
Job 445: 49/400
Job 445: 50/400
Job 445: 51/400
Job 445: 52/400
Job 445: 53/400
Job 445: 54/400
Job 445: 55/400
Job 445: 56/400
Job 445: 57/400
Job 445: 58/400
Job 445: 59/400
Job 445: 60/400
Job 445: 61/400
Job 445: 62/400
Job 445: 63/400
Job 445: 64/400
Job 445: 65/400
Job 445: 66/400
Job 445: 67/400
Job 445: 68/400
Job 445: 69/400
Job 445: 70/400
Job 445: 71/400
Job 445: 72/400
Job 445: 73/400
Job 445: 74/400
Job 445: 75/400
Job 445: 76/400
Job 445: 77/400
Job 445: 78/400
Job 445: 79/400
Job 445: 80/400
Job 445: 81/400
Job 445: 82/400
Job 445: 83/400
Job 445: 84/400
Job 445: 85/400
Job 445: 86/400
Job 445: 87/400
Job 445: 88/400
Job 445: 89/400
Job 445: 90/400
Job 445: 91/400
Job 445: 92/400
Job 445: 93/400
Job 445: 94/400
Job 445: 95/400
Job 445: 96/400
Job 445: 97/400
Job 445: 98/400
Job 445: 99/400
Job 445: 100/400
Job 445: 101/400
Job 445: 102/400
Job 445: 103/400
Job 445: 104/400
Job 445: 105/400
Job 445: 106/400
Job 445: 107/400
Job 445: 108/400
Job 445: 109/400
Job 445: 110/400
Job 445: 111/400
Job 445: 112/400
Job 445: 113/400
Job 445: 114/400
Job 445: 115/400
Job 445: 116/400
Job 445: 117/400
Job 445: 118/400
Job 445: 119/400
Job 445: 120/400
Job 445: 121/400
Job 445: 122/400
Job 445: 123/400
Job 445: 124/400
Job 445: 125/400
Job 445: 126/400
Job 445: 127/400
Job 445: 128/400
Job 445: 129/400
Job 445: 130/400
Job 445: 131/400
Job 445: 132/400
Job 445: 133/400
Job 445: 134/400
Job 445: 135/400
Job 445: 136/400
Job 445: 137/400
Job 445: 138/400
Job 445: 139/400
Job 445: 140/400
Job 445: 141/400
Job 445: 142/400
Job 445: 143/400
Job 445: 144/400
Job 445: 145/400
Job 445: 146/400
Job 445: 147/400
Job 445: 148/400
Job 445: 149/400
Job 445: 150/400
Job 445: 151/400
Job 445: 152/400
Job 445: 153/400
Job 445: 154/400
Job 445: 155/400
Job 445: 156/400
Job 445: 157/400
Job 445: 158/400
Job 445: 159/400
Job 445: 160/400
Job 445: 161/400
Job 445: 162/400
Job 445: 163/400
Job 445: 164/400
Job 445: 165/400
Job 445: 166/400
Job 445: 167/400
Job 445: 168/400
Job 445: 169/400
Job 445: 170/400
Job 445: 171/400
Job 445: 172/400 ERROR: object 'target_gene' not found
Job 445: 173/400
Job 445: 174/400
Job 445: 175/400
Job 445: 176/400
Job 445: 177/400
Job 445: 178/400
Job 445: 179/400
Job 445: 180/400
Job 445: 181/400
Job 445: 182/400
Job 445: 183/400
Job 445: 184/400
Job 445: 185/400
Job 445: 186/400
Job 445: 187/400
Job 445: 188/400
Job 445: 189/400
Job 445: 190/400
Job 445: 191/400
Job 445: 192/400
Job 445: 193/400
Job 445: 194/400
Job 445: 195/400
Job 445: 196/400
Job 445: 197/400
Job 445: 198/400
Job 445: 199/400
Job 445: 200/400
Job 445: 201/400
Job 445: 202/400
Job 445: 203/400
Job 445: 204/400
Job 445: 205/400
Job 445: 206/400
Job 445: 207/400
Job 445: 208/400
Job 445: 209/400
Job 445: 210/400
Job 445: 211/400
Job 445: 212/400
Job 445: 213/400
Job 445: 214/400
Job 445: 215/400
Job 445: 216/400
Job 445: 217/400
Job 445: 218/400
Job 445: 219/400
Job 445: 220/400
Job 445: 221/400
Job 445: 222/400
Job 445: 223/400
Job 445: 224/400
Job 445: 225/400
Job 445: 226/400
Job 445: 227/400
Job 445: 228/400
Job 445: 229/400
Job 445: 230/400
Job 445: 231/400
Job 445: 232/400
Job 445: 233/400
Job 445: 234/400
Job 445: 235/400
Job 445: 236/400
Job 445: 237/400
Job 445: 238/400
Job 445: 239/400
Job 445: 240/400
Job 445: 241/400
Job 445: 242/400
Job 445: 243/400
Job 445: 244/400
Job 445: 245/400
Job 445: 246/400
Job 445: 247/400
Job 445: 248/400
Job 445: 249/400
Job 445: 250/400
Job 445: 251/400
Job 445: 252/400
Job 445: 253/400
Job 445: 254/400
Job 445: 255/400
Job 445: 256/400
Job 445: 257/400
Job 445: 258/400
Job 445: 259/400
Job 445: 260/400
Job 445: 261/400
Job 445: 262/400
Job 445: 263/400
Job 445: 264/400
Job 445: 265/400
Job 445: 266/400
Job 445: 267/400
Job 445: 268/400
Job 445: 269/400
Job 445: 270/400
Job 445: 271/400
Job 445: 272/400
Job 445: 273/400
Job 445: 274/400
Job 445: 275/400
Job 445: 276/400
Job 445: 277/400
Job 445: 278/400
Job 445: 279/400
Job 445: 280/400
Job 445: 281/400
Job 445: 282/400
Job 445: 283/400
Job 445: 284/400
Job 445: 285/400
Job 445: 286/400
Job 445: 287/400 ERROR: object 'target_gene' not found
Job 445: 288/400
Job 445: 289/400
Job 445: 290/400
Job 445: 291/400
Job 445: 292/400
Job 445: 293/400
Job 445: 294/400
Job 445: 295/400
Job 445: 296/400
Job 445: 297/400
Job 445: 298/400
Job 445: 299/400
Job 445: 300/400
Job 445: 301/400
Job 445: 302/400
Job 445: 303/400
Job 445: 304/400
Job 445: 305/400
Job 445: 306/400
Job 445: 307/400
Job 445: 308/400
Job 445: 309/400
Job 445: 310/400
Job 445: 311/400
Job 445: 312/400
Job 445: 313/400
Job 445: 314/400
Job 445: 315/400
Job 445: 316/400
Job 445: 317/400
Job 445: 318/400
Job 445: 319/400
Job 445: 320/400
Job 445: 321/400
Job 445: 322/400
Job 445: 323/400
Job 445: 324/400
Job 445: 325/400
Job 445: 326/400
Job 445: 327/400
Job 445: 328/400
Job 445: 329/400
Job 445: 330/400
Job 445: 331/400
Job 445: 332/400
Job 445: 333/400
Job 445: 334/400
Job 445: 335/400
Job 445: 336/400
Job 445: 337/400
Job 445: 338/400
Job 445: 339/400
Job 445: 340/400
Job 445: 341/400
Job 445: 342/400
Job 445: 343/400
Job 445: 344/400
Job 445: 345/400
Job 445: 346/400
Job 445: 347/400
Job 445: 348/400
Job 445: 349/400
Job 445: 350/400
Job 445: 351/400
Job 445: 352/400
Job 445: 353/400
Job 445: 354/400
Job 445: 355/400
Job 445: 356/400
Job 445: 357/400
Job 445: 358/400
Job 445: 359/400
Job 445: 360/400
Job 445: 361/400
Job 445: 362/400
Job 445: 363/400
Job 445: 364/400
Job 445: 365/400
Job 445: 366/400
Job 445: 367/400
Job 445: 368/400
Job 445: 369/400
Job 445: 370/400
Job 445: 371/400
Job 445: 372/400
Job 445: 373/400
Job 445: 374/400
Job 445: 375/400
Job 445: 376/400
Job 445: 377/400
Job 445: 378/400
Job 445: 379/400
Job 445: 380/400
Job 445: 381/400
Job 445: 382/400
Job 445: 383/400
Job 445: 384/400
Job 445: 385/400
Job 445: 386/400
Job 445: 387/400
Job 445: 388/400
Job 445: 389/400
Job 445: 390/400
Job 445: 391/400
Job 445: 392/400
Job 445: 393/400
Job 445: 394/400
Job 445: 395/400
Job 445: 396/400
Job 445: 397/400
Job 445: 398/400
Job 445: 399/400
Job 445: 400/400
