Registered S3 methods overwritten by 'susieSlide':
  method              from  
  coef.susie          susieR
  predict.susie       susieR
  print.summary.susie susieR
  summary.susie       susieR
Job 590: 1/400
Job 590: 2/400
Job 590: 3/400
Job 590: 4/400
Job 590: 5/400
Job 590: 6/400
Job 590: 7/400
Job 590: 8/400
Job 590: 9/400
Job 590: 10/400
Job 590: 11/400
Job 590: 12/400
Job 590: 13/400
Job 590: 14/400
Job 590: 15/400
Job 590: 16/400
Job 590: 17/400
Job 590: 18/400
Job 590: 19/400
Job 590: 20/400
Job 590: 21/400
Job 590: 22/400
Job 590: 23/400
Job 590: 24/400
Job 590: 25/400
Job 590: 26/400
Job 590: 27/400
Job 590: 28/400
Job 590: 29/400
Job 590: 30/400
Job 590: 31/400
Job 590: 32/400
Job 590: 33/400
Job 590: 34/400
Job 590: 35/400
Job 590: 36/400
Job 590: 37/400
Job 590: 38/400
Job 590: 39/400
Job 590: 40/400
Job 590: 41/400
Job 590: 42/400
Job 590: 43/400
Job 590: 44/400
Job 590: 45/400
Job 590: 46/400
Job 590: 47/400
Job 590: 48/400
Job 590: 49/400
Job 590: 50/400
Job 590: 51/400
Job 590: 52/400
Job 590: 53/400
Job 590: 54/400
Job 590: 55/400
Job 590: 56/400
Job 590: 57/400
Job 590: 58/400
Job 590: 59/400
Job 590: 60/400
Job 590: 61/400
Job 590: 62/400
Job 590: 63/400
Job 590: 64/400
Job 590: 65/400
Job 590: 66/400
Job 590: 67/400
Job 590: 68/400
Job 590: 69/400
Job 590: 70/400
Job 590: 71/400
Job 590: 72/400
Job 590: 73/400
Job 590: 74/400
Job 590: 75/400
Job 590: 76/400
Job 590: 77/400
Job 590: 78/400
Job 590: 79/400
Job 590: 80/400
Job 590: 81/400
Job 590: 82/400
Job 590: 83/400
Job 590: 84/400
Job 590: 85/400
Job 590: 86/400
Job 590: 87/400
Job 590: 88/400
Job 590: 89/400
Job 590: 90/400
Job 590: 91/400
Job 590: 92/400
Job 590: 93/400
Job 590: 94/400
Job 590: 95/400
Job 590: 96/400
Job 590: 97/400
Job 590: 98/400
Job 590: 99/400
Job 590: 100/400
Job 590: 101/400
Job 590: 102/400
Job 590: 103/400
Job 590: 104/400
Job 590: 105/400
Job 590: 106/400
Job 590: 107/400
Job 590: 108/400
Job 590: 109/400
Job 590: 110/400
Job 590: 111/400
Job 590: 112/400
Job 590: 113/400
Job 590: 114/400
Job 590: 115/400
Job 590: 116/400
Job 590: 117/400
Job 590: 118/400
Job 590: 119/400
Job 590: 120/400
Job 590: 121/400
Job 590: 122/400
Job 590: 123/400
Job 590: 124/400
Job 590: 125/400
Job 590: 126/400
Job 590: 127/400
Job 590: 128/400
Job 590: 129/400
Job 590: 130/400
Job 590: 131/400
Job 590: 132/400
Job 590: 133/400
Job 590: 134/400
Job 590: 135/400
Job 590: 136/400
Job 590: 137/400
Job 590: 138/400
Job 590: 139/400
Job 590: 140/400
Job 590: 141/400
Job 590: 142/400
Job 590: 143/400
Job 590: 144/400
Job 590: 145/400
Job 590: 146/400
Job 590: 147/400
Job 590: 148/400
Job 590: 149/400
Job 590: 150/400
Job 590: 151/400
Job 590: 152/400
Job 590: 153/400
Job 590: 154/400
Job 590: 155/400
Job 590: 156/400
Job 590: 157/400
Job 590: 158/400
Job 590: 159/400
Job 590: 160/400
Job 590: 161/400
Job 590: 162/400
Job 590: 163/400
Job 590: 164/400
Job 590: 165/400
Job 590: 166/400
Job 590: 167/400
Job 590: 168/400
Job 590: 169/400
Job 590: 170/400
Job 590: 171/400
Job 590: 172/400
Job 590: 173/400
Job 590: 174/400
Job 590: 175/400
Job 590: 176/400
Job 590: 177/400
Job 590: 178/400
Job 590: 179/400
Job 590: 180/400
Job 590: 181/400
Job 590: 182/400
Job 590: 183/400
Job 590: 184/400
Job 590: 185/400
Job 590: 186/400
Job 590: 187/400
Job 590: 188/400
Job 590: 189/400
Job 590: 190/400
Job 590: 191/400
Job 590: 192/400
Job 590: 193/400
Job 590: 194/400
Job 590: 195/400
Job 590: 196/400
Job 590: 197/400
Job 590: 198/400
Job 590: 199/400
Job 590: 200/400
Job 590: 201/400
Job 590: 202/400
Job 590: 203/400
Job 590: 204/400
Job 590: 205/400
Job 590: 206/400
Job 590: 207/400
Job 590: 208/400
Job 590: 209/400
Job 590: 210/400
Job 590: 211/400
Job 590: 212/400
Job 590: 213/400
Job 590: 214/400
Job 590: 215/400
Job 590: 216/400
Job 590: 217/400
Job 590: 218/400
Job 590: 219/400
Job 590: 220/400
Job 590: 221/400
Job 590: 222/400
Job 590: 223/400
Job 590: 224/400
Job 590: 225/400
Job 590: 226/400
Job 590: 227/400
Job 590: 228/400
Job 590: 229/400
Job 590: 230/400
Job 590: 231/400
Job 590: 232/400
Job 590: 233/400
Job 590: 234/400
Job 590: 235/400
Job 590: 236/400
Job 590: 237/400
Job 590: 238/400
Job 590: 239/400
Job 590: 240/400
Job 590: 241/400
Job 590: 242/400
Job 590: 243/400
Job 590: 244/400
Job 590: 245/400
Job 590: 246/400
Job 590: 247/400
Job 590: 248/400
Job 590: 249/400
Job 590: 250/400
Job 590: 251/400
Job 590: 252/400
Job 590: 253/400
Job 590: 254/400
Job 590: 255/400
Job 590: 256/400
Job 590: 257/400
Job 590: 258/400
Job 590: 259/400
Job 590: 260/400
Job 590: 261/400
Job 590: 262/400
Job 590: 263/400
Job 590: 264/400
Job 590: 265/400
Job 590: 266/400
Job 590: 267/400
Job 590: 268/400
Job 590: 269/400
Job 590: 270/400
Job 590: 271/400
Job 590: 272/400
Job 590: 273/400
Job 590: 274/400
Job 590: 275/400
Job 590: 276/400
Job 590: 277/400
Job 590: 278/400
Job 590: 279/400
Job 590: 280/400
Job 590: 281/400
Job 590: 282/400
Job 590: 283/400
Job 590: 284/400
Job 590: 285/400
Job 590: 286/400
Job 590: 287/400
Job 590: 288/400
Job 590: 289/400
Job 590: 290/400
Job 590: 291/400
Job 590: 292/400
Job 590: 293/400
Job 590: 294/400
Job 590: 295/400
Job 590: 296/400
Job 590: 297/400
Job 590: 298/400
Job 590: 299/400
Job 590: 300/400
Job 590: 301/400
Job 590: 302/400
Job 590: 303/400
Job 590: 304/400
Job 590: 305/400
Job 590: 306/400
Job 590: 307/400
Job 590: 308/400
Job 590: 309/400
Job 590: 310/400
Job 590: 311/400
Job 590: 312/400
Job 590: 313/400
Job 590: 314/400
Job 590: 315/400
Job 590: 316/400
Job 590: 317/400
Job 590: 318/400
Job 590: 319/400
Job 590: 320/400
Job 590: 321/400
Job 590: 322/400
Job 590: 323/400
Job 590: 324/400
Job 590: 325/400
Job 590: 326/400
Job 590: 327/400
Job 590: 328/400
Job 590: 329/400
Job 590: 330/400
Job 590: 331/400
Job 590: 332/400
Job 590: 333/400
Job 590: 334/400
Job 590: 335/400
Job 590: 336/400
Job 590: 337/400
Job 590: 338/400
Job 590: 339/400
Job 590: 340/400
Job 590: 341/400
Job 590: 342/400
Job 590: 343/400
Job 590: 344/400
Job 590: 345/400
Job 590: 346/400
Job 590: 347/400
Job 590: 348/400
Job 590: 349/400
Job 590: 350/400
Job 590: 351/400
Job 590: 352/400
Job 590: 353/400
Job 590: 354/400
Job 590: 355/400
Job 590: 356/400
Job 590: 357/400
Job 590: 358/400
Job 590: 359/400
Job 590: 360/400
Job 590: 361/400
Job 590: 362/400
Job 590: 363/400
Job 590: 364/400
Job 590: 365/400
Job 590: 366/400
Job 590: 367/400
Job 590: 368/400
Job 590: 369/400
Job 590: 370/400
Job 590: 371/400
Job 590: 372/400
Job 590: 373/400
Job 590: 374/400
Job 590: 375/400
Job 590: 376/400
Job 590: 377/400
Job 590: 378/400
Job 590: 379/400
Job 590: 380/400
Job 590: 381/400
Job 590: 382/400
Job 590: 383/400
Job 590: 384/400
Job 590: 385/400
Job 590: 386/400
Job 590: 387/400
Job 590: 388/400
Job 590: 389/400
Job 590: 390/400
Job 590: 391/400
Job 590: 392/400
Job 590: 393/400
Job 590: 394/400
Job 590: 395/400
Job 590: 396/400
Job 590: 397/400
Job 590: 398/400
Job 590: 399/400
Job 590: 400/400
