Registered S3 methods overwritten by 'susieSlide':
  method              from  
  coef.susie          susieR
  predict.susie       susieR
  print.summary.susie susieR
  summary.susie       susieR
Job 419: 1/400
Job 419: 2/400
Job 419: 3/400
Job 419: 4/400
Job 419: 5/400
Job 419: 6/400
Job 419: 7/400
Job 419: 8/400
Job 419: 9/400
Job 419: 10/400
Job 419: 11/400
Job 419: 12/400
Job 419: 13/400
Job 419: 14/400
Job 419: 15/400
Job 419: 16/400
Job 419: 17/400
Job 419: 18/400
Job 419: 19/400
Job 419: 20/400
Job 419: 21/400
Job 419: 22/400
Job 419: 23/400
Job 419: 24/400
Job 419: 25/400
Job 419: 26/400
Job 419: 27/400
Job 419: 28/400
Job 419: 29/400
Job 419: 30/400
Job 419: 31/400
Job 419: 32/400
Job 419: 33/400
Job 419: 34/400
Job 419: 35/400
Job 419: 36/400
Job 419: 37/400
Job 419: 38/400
Job 419: 39/400
Job 419: 40/400
Job 419: 41/400
Job 419: 42/400
Job 419: 43/400
Job 419: 44/400
Job 419: 45/400
Job 419: 46/400
Job 419: 47/400
Job 419: 48/400
Job 419: 49/400
Job 419: 50/400
Job 419: 51/400
Job 419: 52/400
Job 419: 53/400
Job 419: 54/400
Job 419: 55/400
Job 419: 56/400
Job 419: 57/400
Job 419: 58/400
Job 419: 59/400
Job 419: 60/400
Job 419: 61/400
Job 419: 62/400
Job 419: 63/400
Job 419: 64/400
Job 419: 65/400
Job 419: 66/400
Job 419: 67/400
Job 419: 68/400
Job 419: 69/400
Job 419: 70/400
Job 419: 71/400
Job 419: 72/400
Job 419: 73/400
Job 419: 74/400
Job 419: 75/400
Job 419: 76/400
Job 419: 77/400
Job 419: 78/400
Job 419: 79/400
Job 419: 80/400
Job 419: 81/400
Job 419: 82/400
Job 419: 83/400
Job 419: 84/400
Job 419: 85/400
Job 419: 86/400
Job 419: 87/400
Job 419: 88/400
Job 419: 89/400
Job 419: 90/400
Job 419: 91/400
Job 419: 92/400
Job 419: 93/400
Job 419: 94/400
Job 419: 95/400
Job 419: 96/400
Job 419: 97/400
Job 419: 98/400
Job 419: 99/400
Job 419: 100/400
Job 419: 101/400
Job 419: 102/400
Job 419: 103/400
Job 419: 104/400
Job 419: 105/400
Job 419: 106/400
Job 419: 107/400
Job 419: 108/400
Job 419: 109/400
Job 419: 110/400
Job 419: 111/400
Job 419: 112/400
Job 419: 113/400
Job 419: 114/400
Job 419: 115/400
Job 419: 116/400
Job 419: 117/400
Job 419: 118/400
Job 419: 119/400
Job 419: 120/400
Job 419: 121/400
Job 419: 122/400
Job 419: 123/400
Job 419: 124/400
Job 419: 125/400
Job 419: 126/400
Job 419: 127/400
Job 419: 128/400
Job 419: 129/400
Job 419: 130/400
Job 419: 131/400
Job 419: 132/400
Job 419: 133/400
Job 419: 134/400
Job 419: 135/400
Job 419: 136/400
Job 419: 137/400
Job 419: 138/400
Job 419: 139/400
Job 419: 140/400
Job 419: 141/400
Job 419: 142/400
Job 419: 143/400
Job 419: 144/400
Job 419: 145/400
Job 419: 146/400
Job 419: 147/400
Job 419: 148/400
Job 419: 149/400
Job 419: 150/400
Job 419: 151/400
Job 419: 152/400
Job 419: 153/400
Job 419: 154/400
Job 419: 155/400
Job 419: 156/400
Job 419: 157/400
Job 419: 158/400
Job 419: 159/400
Job 419: 160/400
Job 419: 161/400
Job 419: 162/400
Job 419: 163/400
Job 419: 164/400
Job 419: 165/400
Job 419: 166/400
Job 419: 167/400
Job 419: 168/400
Job 419: 169/400
Job 419: 170/400
Job 419: 171/400
Job 419: 172/400
Job 419: 173/400
Job 419: 174/400
Job 419: 175/400
Job 419: 176/400
Job 419: 177/400
Job 419: 178/400
Job 419: 179/400
Job 419: 180/400
Job 419: 181/400
Job 419: 182/400
Job 419: 183/400
Job 419: 184/400
Job 419: 185/400
Job 419: 186/400
Job 419: 187/400
Job 419: 188/400
Job 419: 189/400
Job 419: 190/400
Job 419: 191/400
Job 419: 192/400
Job 419: 193/400
Job 419: 194/400
Job 419: 195/400
Job 419: 196/400
Job 419: 197/400
Job 419: 198/400
Job 419: 199/400
Job 419: 200/400
Job 419: 201/400
Job 419: 202/400
Job 419: 203/400
Job 419: 204/400
Job 419: 205/400
Job 419: 206/400
Job 419: 207/400
Job 419: 208/400
Job 419: 209/400
Job 419: 210/400
Job 419: 211/400
Job 419: 212/400
Job 419: 213/400
Job 419: 214/400
Job 419: 215/400
Job 419: 216/400
Job 419: 217/400
Job 419: 218/400
Job 419: 219/400
Job 419: 220/400
Job 419: 221/400
Job 419: 222/400
Job 419: 223/400
Job 419: 224/400
Job 419: 225/400
Job 419: 226/400
Job 419: 227/400
Job 419: 228/400
Job 419: 229/400
Job 419: 230/400
Job 419: 231/400
Job 419: 232/400
Job 419: 233/400
Job 419: 234/400
Job 419: 235/400
Job 419: 236/400
Job 419: 237/400
Job 419: 238/400
Job 419: 239/400
Job 419: 240/400
Job 419: 241/400
Job 419: 242/400
Job 419: 243/400
Job 419: 244/400
Job 419: 245/400
Job 419: 246/400
Job 419: 247/400
Job 419: 248/400
Job 419: 249/400
Job 419: 250/400
Job 419: 251/400
Job 419: 252/400
Job 419: 253/400
Job 419: 254/400
Job 419: 255/400
Job 419: 256/400
Job 419: 257/400
Job 419: 258/400
Job 419: 259/400
Job 419: 260/400
Job 419: 261/400
Job 419: 262/400
Job 419: 263/400
Job 419: 264/400
Job 419: 265/400
Job 419: 266/400
Job 419: 267/400
Job 419: 268/400
Job 419: 269/400
Job 419: 270/400
Job 419: 271/400
Job 419: 272/400
Job 419: 273/400
Job 419: 274/400
Job 419: 275/400
Job 419: 276/400
Job 419: 277/400
Job 419: 278/400
Job 419: 279/400
Job 419: 280/400
Job 419: 281/400
Job 419: 282/400
Job 419: 283/400
Job 419: 284/400
Job 419: 285/400
Job 419: 286/400
Job 419: 287/400
Job 419: 288/400
Job 419: 289/400
Job 419: 290/400
Job 419: 291/400
Job 419: 292/400
Job 419: 293/400
Job 419: 294/400
Job 419: 295/400
Job 419: 296/400
Job 419: 297/400
Job 419: 298/400
Job 419: 299/400
Job 419: 300/400
Job 419: 301/400
Job 419: 302/400
Job 419: 303/400
Job 419: 304/400
Job 419: 305/400
Job 419: 306/400
Job 419: 307/400
Job 419: 308/400
Job 419: 309/400
Job 419: 310/400
Job 419: 311/400
Job 419: 312/400
Job 419: 313/400
Job 419: 314/400
Job 419: 315/400
Job 419: 316/400
Job 419: 317/400
Job 419: 318/400
Job 419: 319/400
Job 419: 320/400
Job 419: 321/400
Job 419: 322/400
Job 419: 323/400
Job 419: 324/400
Job 419: 325/400
Job 419: 326/400
Job 419: 327/400
Job 419: 328/400
Job 419: 329/400
Job 419: 330/400
Job 419: 331/400
Job 419: 332/400
Job 419: 333/400
Job 419: 334/400
Job 419: 335/400
Job 419: 336/400
Job 419: 337/400
Job 419: 338/400
Job 419: 339/400
Job 419: 340/400
Job 419: 341/400
Job 419: 342/400
Job 419: 343/400
Job 419: 344/400
Job 419: 345/400
Job 419: 346/400
Job 419: 347/400
Job 419: 348/400
Job 419: 349/400
Job 419: 350/400
Job 419: 351/400
Job 419: 352/400
Job 419: 353/400
Job 419: 354/400
Job 419: 355/400
Job 419: 356/400
Job 419: 357/400
Job 419: 358/400
Job 419: 359/400
Job 419: 360/400
Job 419: 361/400
Job 419: 362/400
Job 419: 363/400
Job 419: 364/400
Job 419: 365/400
Job 419: 366/400
Job 419: 367/400
Job 419: 368/400
Job 419: 369/400
Job 419: 370/400
Job 419: 371/400
Job 419: 372/400
Job 419: 373/400
Job 419: 374/400
Job 419: 375/400
Job 419: 376/400
Job 419: 377/400
Job 419: 378/400
Job 419: 379/400
Job 419: 380/400
Job 419: 381/400
Job 419: 382/400
Job 419: 383/400
Job 419: 384/400
Job 419: 385/400
Job 419: 386/400
Job 419: 387/400
Job 419: 388/400
Job 419: 389/400
Job 419: 390/400
Job 419: 391/400
Job 419: 392/400
Job 419: 393/400
Job 419: 394/400
Job 419: 395/400
Job 419: 396/400
Job 419: 397/400
Job 419: 398/400
Job 419: 399/400
Job 419: 400/400
