Registered S3 methods overwritten by 'susieSlide':
  method              from  
  coef.susie          susieR
  predict.susie       susieR
  print.summary.susie susieR
  summary.susie       susieR
Job 520: 1/400
Job 520: 2/400
Job 520: 3/400
Job 520: 4/400
Job 520: 5/400
Job 520: 6/400
Job 520: 7/400
Job 520: 8/400
Job 520: 9/400
Job 520: 10/400
Job 520: 11/400
Job 520: 12/400
Job 520: 13/400
Job 520: 14/400
Job 520: 15/400
Job 520: 16/400
Job 520: 17/400
Job 520: 18/400
Job 520: 19/400
Job 520: 20/400
Job 520: 21/400
Job 520: 22/400
Job 520: 23/400
Job 520: 24/400
Job 520: 25/400
Job 520: 26/400
Job 520: 27/400
Job 520: 28/400
Job 520: 29/400
Job 520: 30/400
Job 520: 31/400
Job 520: 32/400
Job 520: 33/400
Job 520: 34/400
Job 520: 35/400
Job 520: 36/400
Job 520: 37/400
Job 520: 38/400
Job 520: 39/400
Job 520: 40/400
Job 520: 41/400
Job 520: 42/400
Job 520: 43/400
Job 520: 44/400
Job 520: 45/400
Job 520: 46/400
Job 520: 47/400
Job 520: 48/400
Job 520: 49/400
Job 520: 50/400
Job 520: 51/400
Job 520: 52/400
Job 520: 53/400
Job 520: 54/400
Job 520: 55/400
Job 520: 56/400
Job 520: 57/400
Job 520: 58/400
Job 520: 59/400
Job 520: 60/400
Job 520: 61/400
Job 520: 62/400
Job 520: 63/400
Job 520: 64/400
Job 520: 65/400
Job 520: 66/400
Job 520: 67/400
Job 520: 68/400
Job 520: 69/400
Job 520: 70/400
Job 520: 71/400
Job 520: 72/400
Job 520: 73/400
Job 520: 74/400
Job 520: 75/400
Job 520: 76/400
Job 520: 77/400
Job 520: 78/400
Job 520: 79/400
Job 520: 80/400
Job 520: 81/400
Job 520: 82/400
Job 520: 83/400
Job 520: 84/400
Job 520: 85/400
Job 520: 86/400
Job 520: 87/400
Job 520: 88/400
Job 520: 89/400
Job 520: 90/400
Job 520: 91/400
Job 520: 92/400
Job 520: 93/400
Job 520: 94/400
Job 520: 95/400
Job 520: 96/400
Job 520: 97/400
Job 520: 98/400
Job 520: 99/400
Job 520: 100/400
Job 520: 101/400
Job 520: 102/400
Job 520: 103/400
Job 520: 104/400
Job 520: 105/400
Job 520: 106/400
Job 520: 107/400
Job 520: 108/400
Job 520: 109/400
Job 520: 110/400
Job 520: 111/400
Job 520: 112/400
Job 520: 113/400
Job 520: 114/400
Job 520: 115/400
Job 520: 116/400
Job 520: 117/400
Job 520: 118/400
Job 520: 119/400
Job 520: 120/400
Job 520: 121/400
Job 520: 122/400
Job 520: 123/400
Job 520: 124/400
Job 520: 125/400
Job 520: 126/400
Job 520: 127/400
Job 520: 128/400
Job 520: 129/400
Job 520: 130/400
Job 520: 131/400
Job 520: 132/400
Job 520: 133/400
Job 520: 134/400
Job 520: 135/400
Job 520: 136/400
Job 520: 137/400
Job 520: 138/400
Job 520: 139/400
Job 520: 140/400
Job 520: 141/400
Job 520: 142/400
Job 520: 143/400
Job 520: 144/400
Job 520: 145/400
Job 520: 146/400
Job 520: 147/400
Job 520: 148/400
Job 520: 149/400
Job 520: 150/400
Job 520: 151/400
Job 520: 152/400
Job 520: 153/400
Job 520: 154/400
Job 520: 155/400
Job 520: 156/400
Job 520: 157/400
Job 520: 158/400
Job 520: 159/400
Job 520: 160/400
Job 520: 161/400
Job 520: 162/400
Job 520: 163/400
Job 520: 164/400
Job 520: 165/400
Job 520: 166/400
Job 520: 167/400
Job 520: 168/400
Job 520: 169/400
Job 520: 170/400
Job 520: 171/400
Job 520: 172/400
Job 520: 173/400
Job 520: 174/400
Job 520: 175/400
Job 520: 176/400
Job 520: 177/400
Job 520: 178/400
Job 520: 179/400
Job 520: 180/400
Job 520: 181/400
Job 520: 182/400
Job 520: 183/400
Job 520: 184/400
Job 520: 185/400
Job 520: 186/400
Job 520: 187/400
Job 520: 188/400
Job 520: 189/400
Job 520: 190/400
Job 520: 191/400
Job 520: 192/400
Job 520: 193/400
Job 520: 194/400
Job 520: 195/400
Job 520: 196/400
Job 520: 197/400
Job 520: 198/400
Job 520: 199/400
Job 520: 200/400
Job 520: 201/400
Job 520: 202/400
Job 520: 203/400
Job 520: 204/400
Job 520: 205/400
Job 520: 206/400
Job 520: 207/400
Job 520: 208/400
Job 520: 209/400
Job 520: 210/400
Job 520: 211/400
Job 520: 212/400
Job 520: 213/400
Job 520: 214/400
Job 520: 215/400
Job 520: 216/400
Job 520: 217/400
Job 520: 218/400
Job 520: 219/400
Job 520: 220/400
Job 520: 221/400
Job 520: 222/400
Job 520: 223/400
Job 520: 224/400
Job 520: 225/400
Job 520: 226/400
Job 520: 227/400
Job 520: 228/400
Job 520: 229/400
Job 520: 230/400
Job 520: 231/400
Job 520: 232/400
Job 520: 233/400
Job 520: 234/400
Job 520: 235/400
Job 520: 236/400
Job 520: 237/400
Job 520: 238/400
Job 520: 239/400
Job 520: 240/400
Job 520: 241/400
Job 520: 242/400
Job 520: 243/400
Job 520: 244/400
Job 520: 245/400
Job 520: 246/400
Job 520: 247/400
Job 520: 248/400
Job 520: 249/400
Job 520: 250/400
Job 520: 251/400
Job 520: 252/400
Job 520: 253/400
Job 520: 254/400
Job 520: 255/400
Job 520: 256/400
Job 520: 257/400
Job 520: 258/400
Job 520: 259/400
Job 520: 260/400
Job 520: 261/400
Job 520: 262/400
Job 520: 263/400
Job 520: 264/400
Job 520: 265/400
Job 520: 266/400
Job 520: 267/400
Job 520: 268/400
Job 520: 269/400
Job 520: 270/400
Job 520: 271/400
Job 520: 272/400
Job 520: 273/400
Job 520: 274/400
Job 520: 275/400
Job 520: 276/400
Job 520: 277/400
Job 520: 278/400
Job 520: 279/400
Job 520: 280/400
Job 520: 281/400
Job 520: 282/400
Job 520: 283/400
Job 520: 284/400
Job 520: 285/400
Job 520: 286/400
Job 520: 287/400
Job 520: 288/400
Job 520: 289/400
Job 520: 290/400
Job 520: 291/400
Job 520: 292/400
Job 520: 293/400
Job 520: 294/400
Job 520: 295/400
Job 520: 296/400
Job 520: 297/400
Job 520: 298/400
Job 520: 299/400
Job 520: 300/400
Job 520: 301/400
Job 520: 302/400
Job 520: 303/400
Job 520: 304/400
Job 520: 305/400
Job 520: 306/400
Job 520: 307/400
Job 520: 308/400
Job 520: 309/400
Job 520: 310/400
Job 520: 311/400
Job 520: 312/400
Job 520: 313/400
Job 520: 314/400
Job 520: 315/400
Job 520: 316/400
Job 520: 317/400
Job 520: 318/400
Job 520: 319/400
Job 520: 320/400
Job 520: 321/400
Job 520: 322/400
Job 520: 323/400
Job 520: 324/400
Job 520: 325/400
Job 520: 326/400
Job 520: 327/400
Job 520: 328/400
Job 520: 329/400
Job 520: 330/400
Job 520: 331/400
Job 520: 332/400
Job 520: 333/400
Job 520: 334/400
Job 520: 335/400
Job 520: 336/400
Job 520: 337/400
Job 520: 338/400
Job 520: 339/400
Job 520: 340/400
Job 520: 341/400
Job 520: 342/400
Job 520: 343/400
Job 520: 344/400
Job 520: 345/400
Job 520: 346/400
Job 520: 347/400
Job 520: 348/400
Job 520: 349/400
Job 520: 350/400
Job 520: 351/400
Job 520: 352/400
Job 520: 353/400
Job 520: 354/400
Job 520: 355/400
Job 520: 356/400
Job 520: 357/400
Job 520: 358/400
Job 520: 359/400
Job 520: 360/400
Job 520: 361/400
Job 520: 362/400
Job 520: 363/400
Job 520: 364/400
Job 520: 365/400
Job 520: 366/400
Job 520: 367/400
Job 520: 368/400
Job 520: 369/400
Job 520: 370/400
Job 520: 371/400
Job 520: 372/400
Job 520: 373/400
Job 520: 374/400
Job 520: 375/400
Job 520: 376/400
Job 520: 377/400
Job 520: 378/400
Job 520: 379/400
Job 520: 380/400
Job 520: 381/400
Job 520: 382/400
Job 520: 383/400
Job 520: 384/400
Job 520: 385/400
Job 520: 386/400
Job 520: 387/400
Job 520: 388/400
Job 520: 389/400
Job 520: 390/400
Job 520: 391/400
Job 520: 392/400
Job 520: 393/400
Job 520: 394/400
Job 520: 395/400
Job 520: 396/400
Job 520: 397/400
Job 520: 398/400
Job 520: 399/400
Job 520: 400/400
