Registered S3 methods overwritten by 'susieSlide':
  method              from  
  coef.susie          susieR
  predict.susie       susieR
  print.summary.susie susieR
  summary.susie       susieR
Job 519: 1/400
Job 519: 2/400
Job 519: 3/400
Job 519: 4/400
Job 519: 5/400
Job 519: 6/400
Job 519: 7/400
Job 519: 8/400
Job 519: 9/400
Job 519: 10/400
Job 519: 11/400
Job 519: 12/400
Job 519: 13/400
Job 519: 14/400
Job 519: 15/400
Job 519: 16/400
Job 519: 17/400
Job 519: 18/400
Job 519: 19/400
Job 519: 20/400
Job 519: 21/400
Job 519: 22/400
Job 519: 23/400
Job 519: 24/400
Job 519: 25/400
Job 519: 26/400
Job 519: 27/400
Job 519: 28/400
Job 519: 29/400
Job 519: 30/400
Job 519: 31/400
Job 519: 32/400
Job 519: 33/400
Job 519: 34/400
Job 519: 35/400
Job 519: 36/400
Job 519: 37/400
Job 519: 38/400
Job 519: 39/400
Job 519: 40/400
Job 519: 41/400
Job 519: 42/400
Job 519: 43/400
Job 519: 44/400
Job 519: 45/400
Job 519: 46/400
Job 519: 47/400
Job 519: 48/400
Job 519: 49/400
Job 519: 50/400
Job 519: 51/400
Job 519: 52/400
Job 519: 53/400
Job 519: 54/400
Job 519: 55/400
Job 519: 56/400
Job 519: 57/400
Job 519: 58/400
Job 519: 59/400
Job 519: 60/400
Job 519: 61/400
Job 519: 62/400
Job 519: 63/400
Job 519: 64/400
Job 519: 65/400
Job 519: 66/400
Job 519: 67/400
Job 519: 68/400
Job 519: 69/400
Job 519: 70/400
Job 519: 71/400
Job 519: 72/400
Job 519: 73/400
Job 519: 74/400
Job 519: 75/400
Job 519: 76/400
Job 519: 77/400
Job 519: 78/400
Job 519: 79/400
Job 519: 80/400
Job 519: 81/400
Job 519: 82/400
Job 519: 83/400
Job 519: 84/400
Job 519: 85/400
Job 519: 86/400
Job 519: 87/400
Job 519: 88/400
Job 519: 89/400
Job 519: 90/400
Job 519: 91/400
Job 519: 92/400
Job 519: 93/400
Job 519: 94/400
Job 519: 95/400
Job 519: 96/400
Job 519: 97/400
Job 519: 98/400
Job 519: 99/400
Job 519: 100/400
Job 519: 101/400
Job 519: 102/400
Job 519: 103/400
Job 519: 104/400
Job 519: 105/400
Job 519: 106/400
Job 519: 107/400
Job 519: 108/400
Job 519: 109/400
Job 519: 110/400
Job 519: 111/400
Job 519: 112/400
Job 519: 113/400
Job 519: 114/400
Job 519: 115/400
Job 519: 116/400
Job 519: 117/400
Job 519: 118/400
Job 519: 119/400
Job 519: 120/400
Job 519: 121/400
Job 519: 122/400
Job 519: 123/400
Job 519: 124/400
Job 519: 125/400
Job 519: 126/400
Job 519: 127/400
Job 519: 128/400
Job 519: 129/400
Job 519: 130/400
Job 519: 131/400
Job 519: 132/400
Job 519: 133/400
Job 519: 134/400
Job 519: 135/400
Job 519: 136/400
Job 519: 137/400
Job 519: 138/400
Job 519: 139/400
Job 519: 140/400
Job 519: 141/400
Job 519: 142/400
Job 519: 143/400
Job 519: 144/400
Job 519: 145/400
Job 519: 146/400
Job 519: 147/400
Job 519: 148/400
Job 519: 149/400
Job 519: 150/400
Job 519: 151/400
Job 519: 152/400
Job 519: 153/400
Job 519: 154/400
Job 519: 155/400
Job 519: 156/400
Job 519: 157/400
Job 519: 158/400
Job 519: 159/400
Job 519: 160/400
Job 519: 161/400
Job 519: 162/400
Job 519: 163/400
Job 519: 164/400
Job 519: 165/400
Job 519: 166/400
Job 519: 167/400
Job 519: 168/400
Job 519: 169/400
Job 519: 170/400
Job 519: 171/400
Job 519: 172/400
Job 519: 173/400
Job 519: 174/400
Job 519: 175/400
Job 519: 176/400
Job 519: 177/400
Job 519: 178/400
Job 519: 179/400
Job 519: 180/400
Job 519: 181/400
Job 519: 182/400
Job 519: 183/400
Job 519: 184/400
Job 519: 185/400
Job 519: 186/400
Job 519: 187/400
Job 519: 188/400
Job 519: 189/400
Job 519: 190/400
Job 519: 191/400
Job 519: 192/400
Job 519: 193/400
Job 519: 194/400
Job 519: 195/400
Job 519: 196/400
Job 519: 197/400
Job 519: 198/400
Job 519: 199/400
Job 519: 200/400
Job 519: 201/400
Job 519: 202/400
Job 519: 203/400
Job 519: 204/400
Job 519: 205/400
Job 519: 206/400
Job 519: 207/400
Job 519: 208/400
Job 519: 209/400
Job 519: 210/400
Job 519: 211/400
Job 519: 212/400
Job 519: 213/400
Job 519: 214/400
Job 519: 215/400
Job 519: 216/400
Job 519: 217/400
Job 519: 218/400
Job 519: 219/400
Job 519: 220/400
Job 519: 221/400
Job 519: 222/400
Job 519: 223/400
Job 519: 224/400
Job 519: 225/400
Job 519: 226/400
Job 519: 227/400
Job 519: 228/400
Job 519: 229/400
Job 519: 230/400
Job 519: 231/400
Job 519: 232/400
Job 519: 233/400
Job 519: 234/400
Job 519: 235/400
Job 519: 236/400
Job 519: 237/400
Job 519: 238/400
Job 519: 239/400
Job 519: 240/400
Job 519: 241/400
Job 519: 242/400
Job 519: 243/400
Job 519: 244/400
Job 519: 245/400
Job 519: 246/400
Job 519: 247/400
Job 519: 248/400
Job 519: 249/400
Job 519: 250/400
Job 519: 251/400
Job 519: 252/400
Job 519: 253/400
Job 519: 254/400
Job 519: 255/400
Job 519: 256/400
Job 519: 257/400
Job 519: 258/400
Job 519: 259/400
Job 519: 260/400
Job 519: 261/400
Job 519: 262/400
Job 519: 263/400
Job 519: 264/400
Job 519: 265/400
Job 519: 266/400
Job 519: 267/400
Job 519: 268/400
Job 519: 269/400
Job 519: 270/400
Job 519: 271/400
Job 519: 272/400
Job 519: 273/400
Job 519: 274/400
Job 519: 275/400
Job 519: 276/400
Job 519: 277/400
Job 519: 278/400
Job 519: 279/400
Job 519: 280/400
Job 519: 281/400
Job 519: 282/400
Job 519: 283/400
Job 519: 284/400
Job 519: 285/400
Job 519: 286/400
Job 519: 287/400
Job 519: 288/400
Job 519: 289/400
Job 519: 290/400
Job 519: 291/400
Job 519: 292/400
Job 519: 293/400
Job 519: 294/400
Job 519: 295/400
Job 519: 296/400
Job 519: 297/400
Job 519: 298/400
Job 519: 299/400
Job 519: 300/400
Job 519: 301/400
Job 519: 302/400
Job 519: 303/400
Job 519: 304/400
Job 519: 305/400
Job 519: 306/400
Job 519: 307/400
Job 519: 308/400
Job 519: 309/400
Job 519: 310/400
Job 519: 311/400
Job 519: 312/400
Job 519: 313/400
Job 519: 314/400
Job 519: 315/400
Job 519: 316/400
Job 519: 317/400
Job 519: 318/400
Job 519: 319/400
Job 519: 320/400
Job 519: 321/400
Job 519: 322/400
Job 519: 323/400
Job 519: 324/400
Job 519: 325/400
Job 519: 326/400
Job 519: 327/400
Job 519: 328/400
Job 519: 329/400
Job 519: 330/400
Job 519: 331/400
Job 519: 332/400
Job 519: 333/400
Job 519: 334/400
Job 519: 335/400
Job 519: 336/400
Job 519: 337/400
Job 519: 338/400
Job 519: 339/400
Job 519: 340/400
Job 519: 341/400
Job 519: 342/400
Job 519: 343/400
Job 519: 344/400
Job 519: 345/400
Job 519: 346/400
Job 519: 347/400
Job 519: 348/400
Job 519: 349/400
Job 519: 350/400
Job 519: 351/400
Job 519: 352/400
Job 519: 353/400
Job 519: 354/400
Job 519: 355/400
Job 519: 356/400
Job 519: 357/400
Job 519: 358/400
Job 519: 359/400
Job 519: 360/400
Job 519: 361/400
Job 519: 362/400
Job 519: 363/400
Job 519: 364/400
Job 519: 365/400
Job 519: 366/400
Job 519: 367/400
Job 519: 368/400
Job 519: 369/400
Job 519: 370/400
Job 519: 371/400
Job 519: 372/400
Job 519: 373/400
Job 519: 374/400
Job 519: 375/400
Job 519: 376/400
Job 519: 377/400
Job 519: 378/400
Job 519: 379/400
Job 519: 380/400
Job 519: 381/400
Job 519: 382/400
Job 519: 383/400
Job 519: 384/400
Job 519: 385/400
Job 519: 386/400
Job 519: 387/400
Job 519: 388/400
Job 519: 389/400
Job 519: 390/400
Job 519: 391/400
Job 519: 392/400
Job 519: 393/400
Job 519: 394/400
Job 519: 395/400
Job 519: 396/400
Job 519: 397/400
Job 519: 398/400
Job 519: 399/400
Job 519: 400/400
