Registered S3 methods overwritten by 'susieSlide':
  method              from  
  coef.susie          susieR
  predict.susie       susieR
  print.summary.susie susieR
  summary.susie       susieR
Job 119: 1/400
Job 119: 2/400
Job 119: 3/400
Job 119: 4/400
Job 119: 5/400
Job 119: 6/400
Job 119: 7/400
Job 119: 8/400
Job 119: 9/400
Job 119: 10/400
Job 119: 11/400
Job 119: 12/400
Job 119: 13/400
Job 119: 14/400
Job 119: 15/400
Job 119: 16/400
Job 119: 17/400
Job 119: 18/400
Job 119: 19/400
Job 119: 20/400
Job 119: 21/400
Job 119: 22/400
Job 119: 23/400
Job 119: 24/400
Job 119: 25/400
Job 119: 26/400
Job 119: 27/400
Job 119: 28/400
Job 119: 29/400
Job 119: 30/400
Job 119: 31/400
Job 119: 32/400
Job 119: 33/400
Job 119: 34/400
Job 119: 35/400
Job 119: 36/400
Job 119: 37/400
Job 119: 38/400
Job 119: 39/400
Job 119: 40/400
Job 119: 41/400
Job 119: 42/400
Job 119: 43/400
Job 119: 44/400
Job 119: 45/400
Job 119: 46/400
Job 119: 47/400
Job 119: 48/400
Job 119: 49/400
Job 119: 50/400
Job 119: 51/400
Job 119: 52/400
Job 119: 53/400
Job 119: 54/400
Job 119: 55/400
Job 119: 56/400
Job 119: 57/400
Job 119: 58/400
Job 119: 59/400
Job 119: 60/400
Job 119: 61/400
Job 119: 62/400
Job 119: 63/400
Job 119: 64/400
Job 119: 65/400
Job 119: 66/400
Job 119: 67/400
Job 119: 68/400
Job 119: 69/400
Job 119: 70/400
Job 119: 71/400
Job 119: 72/400
Job 119: 73/400
Job 119: 74/400
Job 119: 75/400
Job 119: 76/400
Job 119: 77/400
Job 119: 78/400
Job 119: 79/400
Job 119: 80/400
Job 119: 81/400
Job 119: 82/400
Job 119: 83/400
Job 119: 84/400
Job 119: 85/400
Job 119: 86/400
Job 119: 87/400
Job 119: 88/400
Job 119: 89/400
Job 119: 90/400
Job 119: 91/400
Job 119: 92/400
Job 119: 93/400
Job 119: 94/400
Job 119: 95/400
Job 119: 96/400
Job 119: 97/400
Job 119: 98/400
Job 119: 99/400
Job 119: 100/400
Job 119: 101/400
Job 119: 102/400
Job 119: 103/400
Job 119: 104/400
Job 119: 105/400
Job 119: 106/400
Job 119: 107/400
Job 119: 108/400
Job 119: 109/400
Job 119: 110/400
Job 119: 111/400
Job 119: 112/400
Job 119: 113/400
Job 119: 114/400
Job 119: 115/400
Job 119: 116/400
Job 119: 117/400
Job 119: 118/400
Job 119: 119/400
Job 119: 120/400
Job 119: 121/400
Job 119: 122/400
Job 119: 123/400
Job 119: 124/400
Job 119: 125/400
Job 119: 126/400
Job 119: 127/400
Job 119: 128/400
Job 119: 129/400
Job 119: 130/400
Job 119: 131/400
Job 119: 132/400
Job 119: 133/400
Job 119: 134/400
Job 119: 135/400
Job 119: 136/400
Job 119: 137/400
Job 119: 138/400
Job 119: 139/400
Job 119: 140/400
Job 119: 141/400
Job 119: 142/400
Job 119: 143/400
Job 119: 144/400
Job 119: 145/400
Job 119: 146/400
Job 119: 147/400
Job 119: 148/400
Job 119: 149/400
Job 119: 150/400
Job 119: 151/400
Job 119: 152/400
Job 119: 153/400
Job 119: 154/400
Job 119: 155/400
Job 119: 156/400
Job 119: 157/400
Job 119: 158/400
Job 119: 159/400
Job 119: 160/400
Job 119: 161/400
Job 119: 162/400
Job 119: 163/400
Job 119: 164/400
Job 119: 165/400
Job 119: 166/400
Job 119: 167/400
Job 119: 168/400
Job 119: 169/400
Job 119: 170/400
Job 119: 171/400
Job 119: 172/400
Job 119: 173/400
Job 119: 174/400
Job 119: 175/400
Job 119: 176/400
Job 119: 177/400
Job 119: 178/400
Job 119: 179/400
Job 119: 180/400
Job 119: 181/400
Job 119: 182/400
Job 119: 183/400
Job 119: 184/400
Job 119: 185/400
Job 119: 186/400
Job 119: 187/400
Job 119: 188/400
Job 119: 189/400
Job 119: 190/400
Job 119: 191/400
Job 119: 192/400
Job 119: 193/400
Job 119: 194/400
Job 119: 195/400
Job 119: 196/400
Job 119: 197/400
Job 119: 198/400
Job 119: 199/400
Job 119: 200/400
Job 119: 201/400
Job 119: 202/400
Job 119: 203/400
Job 119: 204/400
Job 119: 205/400
Job 119: 206/400
Job 119: 207/400
Job 119: 208/400
Job 119: 209/400
Job 119: 210/400
Job 119: 211/400
Job 119: 212/400
Job 119: 213/400
Job 119: 214/400
Job 119: 215/400
Job 119: 216/400
Job 119: 217/400
Job 119: 218/400
Job 119: 219/400
Job 119: 220/400
Job 119: 221/400
Job 119: 222/400
Job 119: 223/400
Job 119: 224/400
Job 119: 225/400
Job 119: 226/400
Job 119: 227/400
Job 119: 228/400
Job 119: 229/400
Job 119: 230/400
Job 119: 231/400
Job 119: 232/400
Job 119: 233/400
Job 119: 234/400
Job 119: 235/400
Job 119: 236/400
Job 119: 237/400
Job 119: 238/400
Job 119: 239/400
Job 119: 240/400
Job 119: 241/400
Job 119: 242/400
Job 119: 243/400
Job 119: 244/400
Job 119: 245/400
Job 119: 246/400
Job 119: 247/400
Job 119: 248/400
Job 119: 249/400
Job 119: 250/400
Job 119: 251/400
Job 119: 252/400
Job 119: 253/400
Job 119: 254/400
Job 119: 255/400
Job 119: 256/400
Job 119: 257/400
Job 119: 258/400
Job 119: 259/400
Job 119: 260/400
Job 119: 261/400
Job 119: 262/400
Job 119: 263/400
Job 119: 264/400
Job 119: 265/400
Job 119: 266/400
Job 119: 267/400
Job 119: 268/400
Job 119: 269/400
Job 119: 270/400
Job 119: 271/400
Job 119: 272/400
Job 119: 273/400
Job 119: 274/400
Job 119: 275/400
Job 119: 276/400
Job 119: 277/400
Job 119: 278/400
Job 119: 279/400
Job 119: 280/400
Job 119: 281/400
Job 119: 282/400
Job 119: 283/400
Job 119: 284/400
Job 119: 285/400
Job 119: 286/400
Job 119: 287/400
Job 119: 288/400
Job 119: 289/400
Job 119: 290/400
Job 119: 291/400
Job 119: 292/400
Job 119: 293/400
Job 119: 294/400
Job 119: 295/400
Job 119: 296/400
Job 119: 297/400
Job 119: 298/400
Job 119: 299/400
Job 119: 300/400
Job 119: 301/400
Job 119: 302/400
Job 119: 303/400
Job 119: 304/400
Job 119: 305/400
Job 119: 306/400
Job 119: 307/400
Job 119: 308/400
Job 119: 309/400
Job 119: 310/400
Job 119: 311/400
Job 119: 312/400
Job 119: 313/400
Job 119: 314/400
Job 119: 315/400
Job 119: 316/400
Job 119: 317/400
Job 119: 318/400
Job 119: 319/400
Job 119: 320/400
Job 119: 321/400
Job 119: 322/400
Job 119: 323/400
Job 119: 324/400
Job 119: 325/400
Job 119: 326/400
Job 119: 327/400
Job 119: 328/400
Job 119: 329/400
Job 119: 330/400
Job 119: 331/400
Job 119: 332/400
Job 119: 333/400
Job 119: 334/400
Job 119: 335/400
Job 119: 336/400
Job 119: 337/400
Job 119: 338/400
Job 119: 339/400
Job 119: 340/400
Job 119: 341/400
Job 119: 342/400
Job 119: 343/400
Job 119: 344/400
Job 119: 345/400
Job 119: 346/400
Job 119: 347/400
Job 119: 348/400
Job 119: 349/400
Job 119: 350/400
Job 119: 351/400
Job 119: 352/400
Job 119: 353/400
Job 119: 354/400
Job 119: 355/400
Job 119: 356/400
Job 119: 357/400
Job 119: 358/400
Job 119: 359/400
Job 119: 360/400
Job 119: 361/400
Job 119: 362/400
Job 119: 363/400
Job 119: 364/400
Job 119: 365/400
Job 119: 366/400
Job 119: 367/400
Job 119: 368/400
Job 119: 369/400
Job 119: 370/400
Job 119: 371/400
Job 119: 372/400
Job 119: 373/400
Job 119: 374/400
Job 119: 375/400
Job 119: 376/400
Job 119: 377/400
Job 119: 378/400
Job 119: 379/400
Job 119: 380/400
Job 119: 381/400
Job 119: 382/400
Job 119: 383/400
Job 119: 384/400
Job 119: 385/400
Job 119: 386/400
Job 119: 387/400
Job 119: 388/400
Job 119: 389/400
Job 119: 390/400
Job 119: 391/400
Job 119: 392/400
Job 119: 393/400
Job 119: 394/400
Job 119: 395/400
Job 119: 396/400
Job 119: 397/400
Job 119: 398/400
Job 119: 399/400
Job 119: 400/400
