Registered S3 methods overwritten by 'susieSlide':
  method              from  
  coef.susie          susieR
  predict.susie       susieR
  print.summary.susie susieR
  summary.susie       susieR
Job 85: 1/400
Job 85: 2/400
Job 85: 3/400
Job 85: 4/400
Job 85: 5/400
Job 85: 6/400
Job 85: 7/400
Job 85: 8/400
Job 85: 9/400
Job 85: 10/400
Job 85: 11/400
Job 85: 12/400
Job 85: 13/400
Job 85: 14/400
Job 85: 15/400
Job 85: 16/400
Job 85: 17/400
Job 85: 18/400
Job 85: 19/400
Job 85: 20/400
Job 85: 21/400
Job 85: 22/400
Job 85: 23/400
Job 85: 24/400
Job 85: 25/400
Job 85: 26/400
Job 85: 27/400
Job 85: 28/400
Job 85: 29/400
Job 85: 30/400
Job 85: 31/400
Job 85: 32/400
Job 85: 33/400
Job 85: 34/400
Job 85: 35/400
Job 85: 36/400
Job 85: 37/400
Job 85: 38/400
Job 85: 39/400
Job 85: 40/400
Job 85: 41/400
Job 85: 42/400
Job 85: 43/400
Job 85: 44/400
Job 85: 45/400
Job 85: 46/400
Job 85: 47/400
Job 85: 48/400
Job 85: 49/400
Job 85: 50/400
Job 85: 51/400
Job 85: 52/400
Job 85: 53/400
Job 85: 54/400
Job 85: 55/400
Job 85: 56/400
Job 85: 57/400
Job 85: 58/400
Job 85: 59/400
Job 85: 60/400
Job 85: 61/400
Job 85: 62/400
Job 85: 63/400
Job 85: 64/400
Job 85: 65/400
Job 85: 66/400
Job 85: 67/400
Job 85: 68/400
Job 85: 69/400
Job 85: 70/400
Job 85: 71/400
Job 85: 72/400
Job 85: 73/400
Job 85: 74/400
Job 85: 75/400
Job 85: 76/400
Job 85: 77/400
Job 85: 78/400
Job 85: 79/400
Job 85: 80/400
Job 85: 81/400
Job 85: 82/400
Job 85: 83/400
Job 85: 84/400
Job 85: 85/400
Job 85: 86/400
Job 85: 87/400
Job 85: 88/400
Job 85: 89/400
Job 85: 90/400
Job 85: 91/400
Job 85: 92/400
Job 85: 93/400
Job 85: 94/400
Job 85: 95/400
Job 85: 96/400
Job 85: 97/400
Job 85: 98/400
Job 85: 99/400
Job 85: 100/400
Job 85: 101/400
Job 85: 102/400
Job 85: 103/400
Job 85: 104/400
Job 85: 105/400
Job 85: 106/400
Job 85: 107/400
Job 85: 108/400
Job 85: 109/400
Job 85: 110/400
Job 85: 111/400
Job 85: 112/400
Job 85: 113/400
Job 85: 114/400
Job 85: 115/400
Job 85: 116/400
Job 85: 117/400
Job 85: 118/400
Job 85: 119/400
Job 85: 120/400
Job 85: 121/400
Job 85: 122/400
Job 85: 123/400
Job 85: 124/400
Job 85: 125/400
Job 85: 126/400
Job 85: 127/400
Job 85: 128/400
Job 85: 129/400
Job 85: 130/400
Job 85: 131/400
Job 85: 132/400
Job 85: 133/400
Job 85: 134/400
Job 85: 135/400
Job 85: 136/400
Job 85: 137/400
Job 85: 138/400
Job 85: 139/400
Job 85: 140/400
Job 85: 141/400
Job 85: 142/400
Job 85: 143/400
Job 85: 144/400
Job 85: 145/400
Job 85: 146/400
Job 85: 147/400
Job 85: 148/400
Job 85: 149/400
Job 85: 150/400
Job 85: 151/400
Job 85: 152/400
Job 85: 153/400
Job 85: 154/400
Job 85: 155/400
Job 85: 156/400
Job 85: 157/400
Job 85: 158/400
Job 85: 159/400
Job 85: 160/400
Job 85: 161/400
Job 85: 162/400
Job 85: 163/400
Job 85: 164/400
Job 85: 165/400
Job 85: 166/400
Job 85: 167/400
Job 85: 168/400
Job 85: 169/400
Job 85: 170/400
Job 85: 171/400
Job 85: 172/400
Job 85: 173/400
Job 85: 174/400
Job 85: 175/400
Job 85: 176/400
Job 85: 177/400
Job 85: 178/400
Job 85: 179/400
Job 85: 180/400
Job 85: 181/400
Job 85: 182/400
Job 85: 183/400
Job 85: 184/400
Job 85: 185/400
Job 85: 186/400
Job 85: 187/400
Job 85: 188/400
Job 85: 189/400
Job 85: 190/400
Job 85: 191/400
Job 85: 192/400
Job 85: 193/400
Job 85: 194/400
Job 85: 195/400
Job 85: 196/400
Job 85: 197/400
Job 85: 198/400
Job 85: 199/400
Job 85: 200/400
Job 85: 201/400
Job 85: 202/400
Job 85: 203/400
Job 85: 204/400
Job 85: 205/400
Job 85: 206/400
Job 85: 207/400
Job 85: 208/400
Job 85: 209/400
Job 85: 210/400
Job 85: 211/400
Job 85: 212/400
Job 85: 213/400
Job 85: 214/400
Job 85: 215/400
Job 85: 216/400
Job 85: 217/400
Job 85: 218/400
Job 85: 219/400
Job 85: 220/400
Job 85: 221/400
Job 85: 222/400
Job 85: 223/400
Job 85: 224/400
Job 85: 225/400
Job 85: 226/400
Job 85: 227/400
Job 85: 228/400
Job 85: 229/400
Job 85: 230/400
Job 85: 231/400
Job 85: 232/400
Job 85: 233/400
Job 85: 234/400
Job 85: 235/400
Job 85: 236/400
Job 85: 237/400
Job 85: 238/400
Job 85: 239/400
Job 85: 240/400
Job 85: 241/400
Job 85: 242/400
Job 85: 243/400
Job 85: 244/400
Job 85: 245/400
Job 85: 246/400
Job 85: 247/400
Job 85: 248/400
Job 85: 249/400
Job 85: 250/400
Job 85: 251/400
Job 85: 252/400
Job 85: 253/400
Job 85: 254/400
Job 85: 255/400
Job 85: 256/400
Job 85: 257/400
Job 85: 258/400
Job 85: 259/400
Job 85: 260/400
Job 85: 261/400
Job 85: 262/400
Job 85: 263/400
Job 85: 264/400
Job 85: 265/400
Job 85: 266/400
Job 85: 267/400
Job 85: 268/400
Job 85: 269/400
Job 85: 270/400
Job 85: 271/400
Job 85: 272/400
Job 85: 273/400
Job 85: 274/400
Job 85: 275/400
Job 85: 276/400
Job 85: 277/400
Job 85: 278/400
Job 85: 279/400
Job 85: 280/400
Job 85: 281/400
Job 85: 282/400
Job 85: 283/400
Job 85: 284/400
Job 85: 285/400
Job 85: 286/400
Job 85: 287/400
Job 85: 288/400
Job 85: 289/400
Job 85: 290/400
Job 85: 291/400
Job 85: 292/400
Job 85: 293/400
Job 85: 294/400
Job 85: 295/400
Job 85: 296/400
Job 85: 297/400
Job 85: 298/400
Job 85: 299/400
Job 85: 300/400
Job 85: 301/400
Job 85: 302/400
Job 85: 303/400
Job 85: 304/400
Job 85: 305/400
Job 85: 306/400
Job 85: 307/400
Job 85: 308/400
Job 85: 309/400
Job 85: 310/400
Job 85: 311/400
Job 85: 312/400
Job 85: 313/400
Job 85: 314/400
Job 85: 315/400
Job 85: 316/400
Job 85: 317/400
Job 85: 318/400
Job 85: 319/400
Job 85: 320/400
Job 85: 321/400
Job 85: 322/400
Job 85: 323/400
Job 85: 324/400
Job 85: 325/400
Job 85: 326/400
Job 85: 327/400
Job 85: 328/400
Job 85: 329/400
Job 85: 330/400
Job 85: 331/400
Job 85: 332/400
Job 85: 333/400
Job 85: 334/400
Job 85: 335/400
Job 85: 336/400
Job 85: 337/400
Job 85: 338/400
Job 85: 339/400
Job 85: 340/400
Job 85: 341/400
Job 85: 342/400
Job 85: 343/400
Job 85: 344/400
Job 85: 345/400
Job 85: 346/400
Job 85: 347/400
Job 85: 348/400
Job 85: 349/400
Job 85: 350/400
Job 85: 351/400
Job 85: 352/400
Job 85: 353/400
Job 85: 354/400
Job 85: 355/400
Job 85: 356/400
Job 85: 357/400
Job 85: 358/400
Job 85: 359/400
Job 85: 360/400
Job 85: 361/400
Job 85: 362/400
Job 85: 363/400
Job 85: 364/400
Job 85: 365/400
Job 85: 366/400
Job 85: 367/400
Job 85: 368/400
Job 85: 369/400
Job 85: 370/400
Job 85: 371/400
Job 85: 372/400
Job 85: 373/400
Job 85: 374/400
Job 85: 375/400
Job 85: 376/400
Job 85: 377/400
Job 85: 378/400
Job 85: 379/400
Job 85: 380/400
Job 85: 381/400
Job 85: 382/400
Job 85: 383/400
Job 85: 384/400
Job 85: 385/400
Job 85: 386/400
Job 85: 387/400
Job 85: 388/400
Job 85: 389/400
Job 85: 390/400
Job 85: 391/400
Job 85: 392/400
Job 85: 393/400
Job 85: 394/400
Job 85: 395/400
Job 85: 396/400
Job 85: 397/400
Job 85: 398/400
Job 85: 399/400
Job 85: 400/400
