Registered S3 methods overwritten by 'susieSlide':
  method              from  
  coef.susie          susieR
  predict.susie       susieR
  print.summary.susie susieR
  summary.susie       susieR
Job 659: 1/400
Job 659: 2/400
Job 659: 3/400
Job 659: 4/400
Job 659: 5/400
Job 659: 6/400
Job 659: 7/400
Job 659: 8/400
Job 659: 9/400
Job 659: 10/400
Job 659: 11/400
Job 659: 12/400
Job 659: 13/400
Job 659: 14/400
Job 659: 15/400
Job 659: 16/400
Job 659: 17/400
Job 659: 18/400
Job 659: 19/400
Job 659: 20/400
Job 659: 21/400 ERROR: No .raw files found in temp_dir.
Job 659: 22/400 ERROR: No .raw files found in temp_dir.
Job 659: 23/400 ERROR: No .raw files found in temp_dir.
Job 659: 24/400 ERROR: No .raw files found in temp_dir.
Job 659: 25/400 ERROR: No .raw files found in temp_dir.
Job 659: 26/400 ERROR: No .raw files found in temp_dir.
Job 659: 27/400 ERROR: No .raw files found in temp_dir.
Job 659: 28/400 ERROR: No .raw files found in temp_dir.
Job 659: 29/400 ERROR: No .raw files found in temp_dir.
Job 659: 30/400 ERROR: No .raw files found in temp_dir.
Job 659: 31/400 ERROR: No .raw files found in temp_dir.
Job 659: 32/400 ERROR: No .raw files found in temp_dir.
Job 659: 33/400 ERROR: No .raw files found in temp_dir.
Job 659: 34/400 ERROR: No .raw files found in temp_dir.
Job 659: 35/400 ERROR: No .raw files found in temp_dir.
Job 659: 36/400 ERROR: No .raw files found in temp_dir.
Job 659: 37/400 ERROR: No .raw files found in temp_dir.
Job 659: 38/400 ERROR: No .raw files found in temp_dir.
Job 659: 39/400 ERROR: No .raw files found in temp_dir.
Job 659: 40/400 ERROR: No .raw files found in temp_dir.
Job 659: 41/400 ERROR: No .raw files found in temp_dir.
Job 659: 42/400 ERROR: No .raw files found in temp_dir.
Job 659: 43/400 ERROR: No .raw files found in temp_dir.
Job 659: 44/400 ERROR: No .raw files found in temp_dir.
Job 659: 45/400 ERROR: No .raw files found in temp_dir.
Job 659: 46/400 ERROR: No .raw files found in temp_dir.
Job 659: 47/400 ERROR: No .raw files found in temp_dir.
Job 659: 48/400 ERROR: No .raw files found in temp_dir.
Job 659: 49/400 ERROR: No .raw files found in temp_dir.
Job 659: 50/400 ERROR: No .raw files found in temp_dir.
Job 659: 51/400 ERROR: No .raw files found in temp_dir.
Job 659: 52/400 ERROR: No .raw files found in temp_dir.
Job 659: 53/400 ERROR: No .raw files found in temp_dir.
Job 659: 54/400 ERROR: No .raw files found in temp_dir.
Job 659: 55/400 ERROR: No .raw files found in temp_dir.
Job 659: 56/400 ERROR: No .raw files found in temp_dir.
Job 659: 57/400 ERROR: No .raw files found in temp_dir.
Job 659: 58/400 ERROR: No .raw files found in temp_dir.
Job 659: 59/400 ERROR: No .raw files found in temp_dir.
Job 659: 60/400 ERROR: No .raw files found in temp_dir.
Job 659: 61/400 ERROR: No .raw files found in temp_dir.
Job 659: 62/400 ERROR: No .raw files found in temp_dir.
Job 659: 63/400 ERROR: No .raw files found in temp_dir.
Job 659: 64/400 ERROR: No .raw files found in temp_dir.
Job 659: 65/400 ERROR: No .raw files found in temp_dir.
Job 659: 66/400 ERROR: No .raw files found in temp_dir.
Job 659: 67/400 ERROR: No .raw files found in temp_dir.
Job 659: 68/400 ERROR: No .raw files found in temp_dir.
Job 659: 69/400 ERROR: No .raw files found in temp_dir.
Job 659: 70/400 ERROR: No .raw files found in temp_dir.
Job 659: 71/400 ERROR: No .raw files found in temp_dir.
Job 659: 72/400 ERROR: No .raw files found in temp_dir.
Job 659: 73/400 ERROR: No .raw files found in temp_dir.
Job 659: 74/400 ERROR: No .raw files found in temp_dir.
Job 659: 75/400 ERROR: No .raw files found in temp_dir.
Job 659: 76/400 ERROR: No .raw files found in temp_dir.
Job 659: 77/400 ERROR: No .raw files found in temp_dir.
Job 659: 78/400 ERROR: No .raw files found in temp_dir.
Job 659: 79/400 ERROR: No .raw files found in temp_dir.
Job 659: 80/400 ERROR: No .raw files found in temp_dir.
Job 659: 81/400 ERROR: No .raw files found in temp_dir.
Job 659: 82/400 ERROR: No .raw files found in temp_dir.
Job 659: 83/400 ERROR: No .raw files found in temp_dir.
Job 659: 84/400 ERROR: No .raw files found in temp_dir.
Job 659: 85/400 ERROR: No .raw files found in temp_dir.
Job 659: 86/400 ERROR: No .raw files found in temp_dir.
Job 659: 87/400 ERROR: No .raw files found in temp_dir.
Job 659: 88/400 ERROR: No .raw files found in temp_dir.
Job 659: 89/400 ERROR: No .raw files found in temp_dir.
Job 659: 90/400 ERROR: No .raw files found in temp_dir.
Job 659: 91/400 ERROR: Not enough donors for the requested n.
Job 659: 92/400
Job 659: 93/400
Job 659: 94/400
Job 659: 95/400
Job 659: 96/400
Job 659: 97/400
Job 659: 98/400
Job 659: 99/400
Job 659: 100/400
Job 659: 101/400
Job 659: 102/400
Job 659: 103/400
Job 659: 104/400
Job 659: 105/400
Job 659: 106/400
Job 659: 107/400
Job 659: 108/400
Job 659: 109/400
Job 659: 110/400
Job 659: 111/400
Job 659: 112/400
Job 659: 113/400
Job 659: 114/400
Job 659: 115/400
Job 659: 116/400
Job 659: 117/400 ERROR: No .raw files found in temp_dir.
Job 659: 118/400 ERROR: No .raw files found in temp_dir.
Job 659: 119/400 ERROR: No .raw files found in temp_dir.
Job 659: 120/400 ERROR: No .raw files found in temp_dir.
Job 659: 121/400 ERROR: No .raw files found in temp_dir.
Job 659: 122/400 ERROR: No .raw files found in temp_dir.
Job 659: 123/400 ERROR: No .raw files found in temp_dir.
Job 659: 124/400 ERROR: No .raw files found in temp_dir.
Job 659: 125/400 ERROR: No .raw files found in temp_dir.
Job 659: 126/400 ERROR: No .raw files found in temp_dir.
Job 659: 127/400 ERROR: No .raw files found in temp_dir.
Job 659: 128/400 ERROR: No .raw files found in temp_dir.
Job 659: 129/400 ERROR: No .raw files found in temp_dir.
Job 659: 130/400 ERROR: No .raw files found in temp_dir.
Job 659: 131/400 ERROR: No .raw files found in temp_dir.
Job 659: 132/400 ERROR: No .raw files found in temp_dir.
Job 659: 133/400 ERROR: No .raw files found in temp_dir.
Job 659: 134/400 ERROR: No .raw files found in temp_dir.
Job 659: 135/400 ERROR: No .raw files found in temp_dir.
Job 659: 136/400 ERROR: No .raw files found in temp_dir.
Job 659: 137/400 ERROR: No .raw files found in temp_dir.
Job 659: 138/400 ERROR: No .raw files found in temp_dir.
Job 659: 139/400 ERROR: No .raw files found in temp_dir.
Job 659: 140/400 ERROR: No .raw files found in temp_dir.
Job 659: 141/400 ERROR: No .raw files found in temp_dir.
Job 659: 142/400 ERROR: No .raw files found in temp_dir.
Job 659: 143/400 ERROR: No .raw files found in temp_dir.
Job 659: 144/400 ERROR: No .raw files found in temp_dir.
Job 659: 145/400 ERROR: No .raw files found in temp_dir.
Job 659: 146/400 ERROR: No .raw files found in temp_dir.
Job 659: 147/400 ERROR: No .raw files found in temp_dir.
Job 659: 148/400 ERROR: No .raw files found in temp_dir.
Job 659: 149/400 ERROR: No .raw files found in temp_dir.
Job 659: 150/400 ERROR: No .raw files found in temp_dir.
Job 659: 151/400 ERROR: No .raw files found in temp_dir.
Job 659: 152/400 ERROR: No .raw files found in temp_dir.
Job 659: 153/400 ERROR: No .raw files found in temp_dir.
Job 659: 154/400 ERROR: No .raw files found in temp_dir.
Job 659: 155/400 ERROR: No .raw files found in temp_dir.
Job 659: 156/400 ERROR: No .raw files found in temp_dir.
Job 659: 157/400 ERROR: No .raw files found in temp_dir.
Job 659: 158/400 ERROR: No .raw files found in temp_dir.
Job 659: 159/400 ERROR: No .raw files found in temp_dir.
Job 659: 160/400 ERROR: No .raw files found in temp_dir.
Job 659: 161/400 ERROR: No .raw files found in temp_dir.
Job 659: 162/400 ERROR: No .raw files found in temp_dir.
Job 659: 163/400 ERROR: No .raw files found in temp_dir.
Job 659: 164/400 ERROR: Not enough donors for the requested n.
Job 659: 165/400
Job 659: 166/400
Job 659: 167/400
Job 659: 168/400
Job 659: 169/400
Job 659: 170/400
Job 659: 171/400
Job 659: 172/400
Job 659: 173/400
Job 659: 174/400
Job 659: 175/400
Job 659: 176/400
Job 659: 177/400
Job 659: 178/400
Job 659: 179/400
Job 659: 180/400
Job 659: 181/400
Job 659: 182/400
Job 659: 183/400
Job 659: 184/400
Job 659: 185/400
Job 659: 186/400
Job 659: 187/400
Job 659: 188/400
Job 659: 189/400 ERROR: No .raw files found in temp_dir.
Job 659: 190/400 ERROR: No .raw files found in temp_dir.
Job 659: 191/400 ERROR: No .raw files found in temp_dir.
Job 659: 192/400 ERROR: No .raw files found in temp_dir.
Job 659: 193/400 ERROR: No .raw files found in temp_dir.
Job 659: 194/400 ERROR: No .raw files found in temp_dir.
Job 659: 195/400 ERROR: No .raw files found in temp_dir.
Job 659: 196/400 ERROR: No .raw files found in temp_dir.
Job 659: 197/400 ERROR: No .raw files found in temp_dir.
Job 659: 198/400 ERROR: No .raw files found in temp_dir.
Job 659: 199/400 ERROR: No .raw files found in temp_dir.
Job 659: 200/400 ERROR: No .raw files found in temp_dir.
Job 659: 201/400 ERROR: No .raw files found in temp_dir.
Job 659: 202/400 ERROR: No .raw files found in temp_dir.
Job 659: 203/400 ERROR: No .raw files found in temp_dir.
Job 659: 204/400 ERROR: No .raw files found in temp_dir.
Job 659: 205/400 ERROR: No .raw files found in temp_dir.
Job 659: 206/400 ERROR: No .raw files found in temp_dir.
Job 659: 207/400 ERROR: No .raw files found in temp_dir.
Job 659: 208/400 ERROR: No .raw files found in temp_dir.
Job 659: 209/400 ERROR: No .raw files found in temp_dir.
Job 659: 210/400 ERROR: No .raw files found in temp_dir.
Job 659: 211/400 ERROR: No .raw files found in temp_dir.
Job 659: 212/400 ERROR: No .raw files found in temp_dir.
Job 659: 213/400 ERROR: No .raw files found in temp_dir.
Job 659: 214/400 ERROR: No .raw files found in temp_dir.
Job 659: 215/400 ERROR: No .raw files found in temp_dir.
Job 659: 216/400 ERROR: No .raw files found in temp_dir.
Job 659: 217/400 ERROR: No .raw files found in temp_dir.
Job 659: 218/400 ERROR: No .raw files found in temp_dir.
Job 659: 219/400 ERROR: No .raw files found in temp_dir.
Job 659: 220/400 ERROR: No .raw files found in temp_dir.
Job 659: 221/400 ERROR: No .raw files found in temp_dir.
Job 659: 222/400 ERROR: No .raw files found in temp_dir.
Job 659: 223/400 ERROR: No .raw files found in temp_dir.
Job 659: 224/400 ERROR: No .raw files found in temp_dir.
Job 659: 225/400 ERROR: No .raw files found in temp_dir.
Job 659: 226/400 ERROR: No .raw files found in temp_dir.
Job 659: 227/400 ERROR: No .raw files found in temp_dir.
Job 659: 228/400 ERROR: No .raw files found in temp_dir.
Job 659: 229/400 ERROR: No .raw files found in temp_dir.
Job 659: 230/400 ERROR: No .raw files found in temp_dir.
Job 659: 231/400 ERROR: No .raw files found in temp_dir.
Job 659: 232/400 ERROR: No .raw files found in temp_dir.
Job 659: 233/400 ERROR: No .raw files found in temp_dir.
Job 659: 234/400 ERROR: No .raw files found in temp_dir.
Job 659: 235/400 ERROR: No .raw files found in temp_dir.
Job 659: 236/400 ERROR: No .raw files found in temp_dir.
Job 659: 237/400 ERROR: No .raw files found in temp_dir.
Job 659: 238/400 ERROR: No .raw files found in temp_dir.
Job 659: 239/400 ERROR: No .raw files found in temp_dir.
Job 659: 240/400 ERROR: No .raw files found in temp_dir.
Job 659: 241/400 ERROR: No .raw files found in temp_dir.
Job 659: 242/400 ERROR: No .raw files found in temp_dir.
Job 659: 243/400 ERROR: No .raw files found in temp_dir.
Job 659: 244/400 ERROR: No .raw files found in temp_dir.
Job 659: 245/400 ERROR: No .raw files found in temp_dir.
Job 659: 246/400 ERROR: No .raw files found in temp_dir.
Job 659: 247/400 ERROR: No .raw files found in temp_dir.
Job 659: 248/400 ERROR: No .raw files found in temp_dir.
Job 659: 249/400 ERROR: No .raw files found in temp_dir.
Job 659: 250/400 ERROR: No .raw files found in temp_dir.
Job 659: 251/400 ERROR: No .raw files found in temp_dir.
Job 659: 252/400 ERROR: No .raw files found in temp_dir.
Job 659: 253/400 ERROR: No .raw files found in temp_dir.
Job 659: 254/400 ERROR: No .raw files found in temp_dir.
Job 659: 255/400 ERROR: No .raw files found in temp_dir.
Job 659: 256/400 ERROR: No .raw files found in temp_dir.
Job 659: 257/400 ERROR: No .raw files found in temp_dir.
Job 659: 258/400 ERROR: No .raw files found in temp_dir.
Job 659: 259/400 ERROR: No .raw files found in temp_dir.
Job 659: 260/400 ERROR: No .raw files found in temp_dir.
Job 659: 261/400 ERROR: No .raw files found in temp_dir.
Job 659: 262/400 ERROR: No .raw files found in temp_dir.
Job 659: 263/400 ERROR: No .raw files found in temp_dir.
Job 659: 264/400 ERROR: No .raw files found in temp_dir.
Job 659: 265/400 ERROR: No .raw files found in temp_dir.
Job 659: 266/400 ERROR: No .raw files found in temp_dir.
Job 659: 267/400 ERROR: No .raw files found in temp_dir.
Job 659: 268/400 ERROR: No .raw files found in temp_dir.
Job 659: 269/400 ERROR: No .raw files found in temp_dir.
Job 659: 270/400 ERROR: No .raw files found in temp_dir.
Job 659: 271/400 ERROR: No .raw files found in temp_dir.
Job 659: 272/400 ERROR: No .raw files found in temp_dir.
Job 659: 273/400 ERROR: No .raw files found in temp_dir.
Job 659: 274/400 ERROR: No .raw files found in temp_dir.
Job 659: 275/400 ERROR: No .raw files found in temp_dir.
Job 659: 276/400 ERROR: No .raw files found in temp_dir.
Job 659: 277/400 ERROR: No .raw files found in temp_dir.
Job 659: 278/400 ERROR: No .raw files found in temp_dir.
Job 659: 279/400 ERROR: No .raw files found in temp_dir.
Job 659: 280/400 ERROR: No .raw files found in temp_dir.
Job 659: 281/400 ERROR: No .raw files found in temp_dir.
Job 659: 282/400 ERROR: No .raw files found in temp_dir.
Job 659: 283/400 ERROR: No .raw files found in temp_dir.
Job 659: 284/400 ERROR: No .raw files found in temp_dir.
Job 659: 285/400 ERROR: No .raw files found in temp_dir.
Job 659: 286/400 ERROR: No .raw files found in temp_dir.
Job 659: 287/400 ERROR: No .raw files found in temp_dir.
Job 659: 288/400 ERROR: No .raw files found in temp_dir.
Job 659: 289/400 ERROR: No .raw files found in temp_dir.
Job 659: 290/400 ERROR: No .raw files found in temp_dir.
Job 659: 291/400 ERROR: No .raw files found in temp_dir.
Job 659: 292/400 ERROR: No .raw files found in temp_dir.
Job 659: 293/400 ERROR: No .raw files found in temp_dir.
Job 659: 294/400 ERROR: No .raw files found in temp_dir.
Job 659: 295/400 ERROR: No .raw files found in temp_dir.
Job 659: 296/400 ERROR: No .raw files found in temp_dir.
Job 659: 297/400 ERROR: No .raw files found in temp_dir.
Job 659: 298/400 ERROR: No .raw files found in temp_dir.
Job 659: 299/400 ERROR: No .raw files found in temp_dir.
Job 659: 300/400 ERROR: No .raw files found in temp_dir.
Job 659: 301/400 ERROR: No .raw files found in temp_dir.
Job 659: 302/400 ERROR: No .raw files found in temp_dir.
Job 659: 303/400 ERROR: No .raw files found in temp_dir.
Job 659: 304/400 ERROR: No .raw files found in temp_dir.
Job 659: 305/400 ERROR: No .raw files found in temp_dir.
Job 659: 306/400 ERROR: No .raw files found in temp_dir.
Job 659: 307/400 ERROR: No .raw files found in temp_dir.
Job 659: 308/400 ERROR: No .raw files found in temp_dir.
Job 659: 309/400 ERROR: No .raw files found in temp_dir.
Job 659: 310/400 ERROR: No .raw files found in temp_dir.
Job 659: 311/400 ERROR: No .raw files found in temp_dir.
Job 659: 312/400 ERROR: No .raw files found in temp_dir.
Job 659: 313/400 ERROR: No .raw files found in temp_dir.
Job 659: 314/400 ERROR: No .raw files found in temp_dir.
Job 659: 315/400 ERROR: No .raw files found in temp_dir.
Job 659: 316/400 ERROR: No .raw files found in temp_dir.
Job 659: 317/400 ERROR: No .raw files found in temp_dir.
Job 659: 318/400 ERROR: No .raw files found in temp_dir.
Job 659: 319/400 ERROR: No .raw files found in temp_dir.
Job 659: 320/400 ERROR: No .raw files found in temp_dir.
Job 659: 321/400 ERROR: No .raw files found in temp_dir.
Job 659: 322/400 ERROR: No .raw files found in temp_dir.
Job 659: 323/400 ERROR: No .raw files found in temp_dir.
Job 659: 324/400 ERROR: No .raw files found in temp_dir.
Job 659: 325/400 ERROR: No .raw files found in temp_dir.
Job 659: 326/400 ERROR: No .raw files found in temp_dir.
Job 659: 327/400 ERROR: No .raw files found in temp_dir.
Job 659: 328/400 ERROR: No .raw files found in temp_dir.
Job 659: 329/400 ERROR: No .raw files found in temp_dir.
Job 659: 330/400 ERROR: No .raw files found in temp_dir.
Job 659: 331/400 ERROR: No .raw files found in temp_dir.
Job 659: 332/400 ERROR: No .raw files found in temp_dir.
Job 659: 333/400 ERROR: No .raw files found in temp_dir.
Job 659: 334/400 ERROR: No .raw files found in temp_dir.
Job 659: 335/400 ERROR: No .raw files found in temp_dir.
Job 659: 336/400 ERROR: No .raw files found in temp_dir.
Job 659: 337/400 ERROR: No .raw files found in temp_dir.
Job 659: 338/400 ERROR: No .raw files found in temp_dir.
Job 659: 339/400 ERROR: No .raw files found in temp_dir.
Job 659: 340/400 ERROR: No .raw files found in temp_dir.
Job 659: 341/400 ERROR: No .raw files found in temp_dir.
Job 659: 342/400 ERROR: No .raw files found in temp_dir.
Job 659: 343/400 ERROR: No .raw files found in temp_dir.
Job 659: 344/400 ERROR: No .raw files found in temp_dir.
Job 659: 345/400 ERROR: No .raw files found in temp_dir.
Job 659: 346/400 ERROR: No .raw files found in temp_dir.
Job 659: 347/400 ERROR: No .raw files found in temp_dir.
Job 659: 348/400 ERROR: No .raw files found in temp_dir.
Job 659: 349/400 ERROR: No .raw files found in temp_dir.
Job 659: 350/400 ERROR: No .raw files found in temp_dir.
Job 659: 351/400 ERROR: No .raw files found in temp_dir.
Job 659: 352/400 ERROR: No .raw files found in temp_dir.
Job 659: 353/400 ERROR: No .raw files found in temp_dir.
Job 659: 354/400 ERROR: No .raw files found in temp_dir.
Job 659: 355/400 ERROR: No .raw files found in temp_dir.
Job 659: 356/400 ERROR: No .raw files found in temp_dir.
Job 659: 357/400 ERROR: No .raw files found in temp_dir.
Job 659: 358/400 ERROR: No .raw files found in temp_dir.
Job 659: 359/400 ERROR: No .raw files found in temp_dir.
Job 659: 360/400 ERROR: No .raw files found in temp_dir.
Job 659: 361/400 ERROR: No .raw files found in temp_dir.
Job 659: 362/400 ERROR: No .raw files found in temp_dir.
Job 659: 363/400 ERROR: No .raw files found in temp_dir.
Job 659: 364/400 ERROR: No .raw files found in temp_dir.
Job 659: 365/400 ERROR: No .raw files found in temp_dir.
Job 659: 366/400 ERROR: No .raw files found in temp_dir.
Job 659: 367/400 ERROR: No .raw files found in temp_dir.
Job 659: 368/400 ERROR: No .raw files found in temp_dir.
Job 659: 369/400 ERROR: No .raw files found in temp_dir.
Job 659: 370/400 ERROR: No .raw files found in temp_dir.
Job 659: 371/400 ERROR: No .raw files found in temp_dir.
Job 659: 372/400 ERROR: No .raw files found in temp_dir.
Job 659: 373/400 ERROR: No .raw files found in temp_dir.
Job 659: 374/400 ERROR: No .raw files found in temp_dir.
Job 659: 375/400 ERROR: No .raw files found in temp_dir.
Job 659: 376/400 ERROR: No .raw files found in temp_dir.
Job 659: 377/400 ERROR: No .raw files found in temp_dir.
Job 659: 378/400 ERROR: No .raw files found in temp_dir.
Job 659: 379/400 ERROR: No .raw files found in temp_dir.
Job 659: 380/400 ERROR: No .raw files found in temp_dir.
Job 659: 381/400 ERROR: No .raw files found in temp_dir.
Job 659: 382/400 ERROR: No .raw files found in temp_dir.
Job 659: 383/400 ERROR: No .raw files found in temp_dir.
Job 659: 384/400 ERROR: No .raw files found in temp_dir.
Job 659: 385/400 ERROR: No .raw files found in temp_dir.
Job 659: 386/400 ERROR: No .raw files found in temp_dir.
Job 659: 387/400 ERROR: No .raw files found in temp_dir.
Job 659: 388/400 ERROR: No .raw files found in temp_dir.
Job 659: 389/400 ERROR: No .raw files found in temp_dir.
Job 659: 390/400 ERROR: No .raw files found in temp_dir.
Job 659: 391/400 ERROR: No .raw files found in temp_dir.
Job 659: 392/400 ERROR: No .raw files found in temp_dir.
Job 659: 393/400 ERROR: No .raw files found in temp_dir.
Job 659: 394/400 ERROR: No .raw files found in temp_dir.
Job 659: 395/400 ERROR: No .raw files found in temp_dir.
Job 659: 396/400 ERROR: No .raw files found in temp_dir.
Job 659: 397/400 ERROR: No .raw files found in temp_dir.
Job 659: 398/400 ERROR: No .raw files found in temp_dir.
Job 659: 399/400 ERROR: No .raw files found in temp_dir.
Job 659: 400/400 ERROR: No .raw files found in temp_dir.
Warning messages:
1: In data.table::fread(raw_file, data.table = FALSE) :
  Discarded single-line footer: <<0	GTEX-1399R	0	0	0	-9	2	2	2	2	2	0	2	2	2	2	1	2	1	2	2	2	2	2	1	2	2	2	2	2	2	2	2	2	0	2	0	2	1	2	1	2	1	0	2	2	2	1	2	2	2	2	2	2	1	2	2	2	2	2	2	0	2	2	2	2	2	1	2	2	2	2	1	2	2	2	2	2	2	1	2	2	2	0	2	2	2	2	2	2	2	2	2	2	2	2	0	1	2	2	2	2	2	2	2	2	2	2	2	2	0	2	2	2	2	2	2	2	2	1	2	2	2	2	2	2	2	2	2	2	2	2	1	2	2	0	2	2	2	2	1	2	1	2	0	2	0	2	1	2	2	2	2	2	2	2	2	2	2	2	2	2	2	1	1	2	2	1	2	2	1	1	2	2	2	2	2	2	1	2	2	2	2	2	2	2	2	2	2	2	2	2	2	2	2	2	2	1	2	2	2	2	2	2	2	2	2	2	2	2	2	2	1	2	2	1	2	2	2	2	2	2	2	2	2	2	2	2	2	2	2	2	2	2	2	2	2	2	2	1	2	2	2	2	2	>>
2: In data.table::fread(raw_file, data.table = FALSE) :
  Discarded single-line footer: <<0	GTEX-PX3G	0	0	0	-9	2	2	2	2	1	1	2	2	2	2	2	2	2	2	2	2	2	2	2	2	2	2	2	2	2	2	2	2	0	2	0	2	1	2	2	2	1	0	2	2	2	1	2	1	2	2	2	2	1	2	2	1	2	2	2	0	2	2	2	2	2	1	2	2	2	2	1	2	2	2	2	2	2	2	2	2	2	0	2	2	2	2	2	2	2	2	2	2	1	2	0	1	2	2	2	1	2	2	2	2	2	2	2	2	0	2	2	2	2	2	2	2	2	2	2	2	1	1	2	2	2	2	2	2	2	1	2	2	2	0	2	2	2	2	1	2	1	2	1	2	1	2	2	2	2	2	2	2	2	2	2	2	2	2	2	2	2	1	1	2	2	1	2	2	1	1	2	2	2	2	2	2	1	2	2	2	2	2	2	2	2	2	2	2	2	1	2	2	2	2	2	1	2	2	2	2	2	2	2	2	2	2	2	2	2	2	2	1	2	2	2	2	2	2	2	2	2	2	2	2	2	2	2	1	2	2	2	2	2	2	2	2	2	1	2	2	2	2	2	2>>
3: In data.table::fread(raw_file, data.table = FALSE) :
  Discarded single-line footer: <<0	GTEX-14PJ5	0	0	0	-9	2	2	1	2	2	2	2	2	2	2	2	2	2	2	2	2	2	2	2	2	2	2	2	1	1	2	2	2	2	2	1	2	2	2	2	1	2	2	2	2	1	2	2	2	2	2	2	2	2	2	2	2	1	2	2	2	2	2	2	2	2	2	2	2	2	2	2	2	2	2	2	2	2	2	2	2	2	1	2	2	2	2	2	2	2	2	2	2	2	2	2	2	2	2	1	2	2	2	2	2	2	2	2	1	2	1	2	2	2	2	2	2	2	2	2	2	2	2	2	2	1	2	2	2	2	1	2	2	2	2	2	2	2	2	2	1	2	2	2	2	2	2	2	2	2	2	2	2	1	2	2	1	2	2	2	2	2	2	2	2	1	1	2	2	1	2	2	2	1	2	2	2	2	2	2	2	2	2	2	2	2	2	2	2	2	2	2	2	1	0	2	2	2	2	2	2	2	2	1	2	2	2	2	2	2	2	2	2	2	2	2	2	2	2	0	2	2	2	2	2	2	2	1	2	2	2	2	2	2	2	2	2	2	2	2	2	2	2	2	>>
