Registered S3 methods overwritten by 'susieSlide':
  method              from  
  coef.susie          susieR
  predict.susie       susieR
  print.summary.susie susieR
  summary.susie       susieR
Job 374: 1/400
Job 374: 2/400
Job 374: 3/400
Job 374: 4/400
Job 374: 5/400
Job 374: 6/400
Job 374: 7/400
Job 374: 8/400
Job 374: 9/400
Job 374: 10/400
Job 374: 11/400
Job 374: 12/400
Job 374: 13/400
Job 374: 14/400
Job 374: 15/400
Job 374: 16/400
Job 374: 17/400
Job 374: 18/400
Job 374: 19/400
Job 374: 20/400
Job 374: 21/400
Job 374: 22/400
Job 374: 23/400
Job 374: 24/400
Job 374: 25/400
Job 374: 26/400
Job 374: 27/400
Job 374: 28/400
Job 374: 29/400
Job 374: 30/400
Job 374: 31/400
Job 374: 32/400
Job 374: 33/400
Job 374: 34/400
Job 374: 35/400
Job 374: 36/400
Job 374: 37/400
Job 374: 38/400
Job 374: 39/400
Job 374: 40/400
Job 374: 41/400
Job 374: 42/400
Job 374: 43/400
Job 374: 44/400
Job 374: 45/400
Job 374: 46/400
Job 374: 47/400
Job 374: 48/400
Job 374: 49/400
Job 374: 50/400
Job 374: 51/400
Job 374: 52/400
Job 374: 53/400
Job 374: 54/400
Job 374: 55/400
Job 374: 56/400
Job 374: 57/400
Job 374: 58/400
Job 374: 59/400
Job 374: 60/400
Job 374: 61/400
Job 374: 62/400
Job 374: 63/400
Job 374: 64/400
Job 374: 65/400
Job 374: 66/400
Job 374: 67/400
Job 374: 68/400
Job 374: 69/400
Job 374: 70/400
Job 374: 71/400
Job 374: 72/400
Job 374: 73/400
Job 374: 74/400
Job 374: 75/400
Job 374: 76/400
Job 374: 77/400
Job 374: 78/400
Job 374: 79/400
Job 374: 80/400
Job 374: 81/400
Job 374: 82/400
Job 374: 83/400
Job 374: 84/400
Job 374: 85/400
Job 374: 86/400
Job 374: 87/400
Job 374: 88/400
Job 374: 89/400
Job 374: 90/400
Job 374: 91/400
Job 374: 92/400
Job 374: 93/400
Job 374: 94/400
Job 374: 95/400
Job 374: 96/400
Job 374: 97/400
Job 374: 98/400
Job 374: 99/400
Job 374: 100/400
Job 374: 101/400
Job 374: 102/400
Job 374: 103/400
Job 374: 104/400
Job 374: 105/400
Job 374: 106/400
Job 374: 107/400
Job 374: 108/400
Job 374: 109/400
Job 374: 110/400
Job 374: 111/400
Job 374: 112/400
Job 374: 113/400
Job 374: 114/400
Job 374: 115/400
Job 374: 116/400
Job 374: 117/400
Job 374: 118/400
Job 374: 119/400
Job 374: 120/400
Job 374: 121/400
Job 374: 122/400
Job 374: 123/400
Job 374: 124/400
Job 374: 125/400
Job 374: 126/400
Job 374: 127/400
Job 374: 128/400
Job 374: 129/400
Job 374: 130/400
Job 374: 131/400
Job 374: 132/400
Job 374: 133/400
Job 374: 134/400
Job 374: 135/400
Job 374: 136/400
Job 374: 137/400
Job 374: 138/400
Job 374: 139/400
Job 374: 140/400
Job 374: 141/400
Job 374: 142/400
Job 374: 143/400
Job 374: 144/400
Job 374: 145/400
Job 374: 146/400
Job 374: 147/400
Job 374: 148/400
Job 374: 149/400
Job 374: 150/400
Job 374: 151/400
Job 374: 152/400
Job 374: 153/400
Job 374: 154/400
Job 374: 155/400
Job 374: 156/400
Job 374: 157/400
Job 374: 158/400
Job 374: 159/400
Job 374: 160/400
Job 374: 161/400
Job 374: 162/400
Job 374: 163/400
Job 374: 164/400
Job 374: 165/400
Job 374: 166/400
Job 374: 167/400
Job 374: 168/400
Job 374: 169/400
Job 374: 170/400
Job 374: 171/400
Job 374: 172/400
Job 374: 173/400
Job 374: 174/400
Job 374: 175/400
Job 374: 176/400
Job 374: 177/400
Job 374: 178/400
Job 374: 179/400
Job 374: 180/400
Job 374: 181/400
Job 374: 182/400
Job 374: 183/400
Job 374: 184/400
Job 374: 185/400
Job 374: 186/400
Job 374: 187/400
Job 374: 188/400
Job 374: 189/400
Job 374: 190/400
Job 374: 191/400
Job 374: 192/400
Job 374: 193/400
Job 374: 194/400
Job 374: 195/400
Job 374: 196/400
Job 374: 197/400
Job 374: 198/400
Job 374: 199/400
Job 374: 200/400
Job 374: 201/400
Job 374: 202/400
Job 374: 203/400
Job 374: 204/400
Job 374: 205/400
Job 374: 206/400
Job 374: 207/400
Job 374: 208/400
Job 374: 209/400
Job 374: 210/400
Job 374: 211/400
Job 374: 212/400
Job 374: 213/400
Job 374: 214/400
Job 374: 215/400
Job 374: 216/400
Job 374: 217/400
Job 374: 218/400
Job 374: 219/400
Job 374: 220/400
Job 374: 221/400
Job 374: 222/400
Job 374: 223/400
Job 374: 224/400
Job 374: 225/400
Job 374: 226/400
Job 374: 227/400
Job 374: 228/400
Job 374: 229/400
Job 374: 230/400
Job 374: 231/400
Job 374: 232/400
Job 374: 233/400
Job 374: 234/400
Job 374: 235/400
Job 374: 236/400
Job 374: 237/400
Job 374: 238/400
Job 374: 239/400
Job 374: 240/400
Job 374: 241/400
Job 374: 242/400
Job 374: 243/400
Job 374: 244/400
Job 374: 245/400
Job 374: 246/400
Job 374: 247/400
Job 374: 248/400
Job 374: 249/400
Job 374: 250/400
Job 374: 251/400
Job 374: 252/400
Job 374: 253/400
Job 374: 254/400
Job 374: 255/400
Job 374: 256/400
Job 374: 257/400
Job 374: 258/400
Job 374: 259/400
Job 374: 260/400
Job 374: 261/400
Job 374: 262/400
Job 374: 263/400
Job 374: 264/400
Job 374: 265/400
Job 374: 266/400
Job 374: 267/400
Job 374: 268/400
Job 374: 269/400
Job 374: 270/400
Job 374: 271/400
Job 374: 272/400
Job 374: 273/400
Job 374: 274/400
Job 374: 275/400
Job 374: 276/400
Job 374: 277/400
Job 374: 278/400
Job 374: 279/400
Job 374: 280/400
Job 374: 281/400
Job 374: 282/400
Job 374: 283/400
Job 374: 284/400
Job 374: 285/400
Job 374: 286/400
Job 374: 287/400
Job 374: 288/400
Job 374: 289/400
Job 374: 290/400
Job 374: 291/400
Job 374: 292/400
Job 374: 293/400
Job 374: 294/400
Job 374: 295/400
Job 374: 296/400
Job 374: 297/400
Job 374: 298/400
Job 374: 299/400
Job 374: 300/400
Job 374: 301/400
Job 374: 302/400
Job 374: 303/400
Job 374: 304/400
Job 374: 305/400
Job 374: 306/400
Job 374: 307/400
Job 374: 308/400
Job 374: 309/400
Job 374: 310/400
Job 374: 311/400
Job 374: 312/400
Job 374: 313/400
Job 374: 314/400
Job 374: 315/400
Job 374: 316/400
Job 374: 317/400
Job 374: 318/400
Job 374: 319/400
Job 374: 320/400
Job 374: 321/400
Job 374: 322/400
Job 374: 323/400
Job 374: 324/400
Job 374: 325/400
Job 374: 326/400
Job 374: 327/400
Job 374: 328/400
Job 374: 329/400
Job 374: 330/400
Job 374: 331/400
Job 374: 332/400
Job 374: 333/400
Job 374: 334/400
Job 374: 335/400
Job 374: 336/400
Job 374: 337/400
Job 374: 338/400
Job 374: 339/400
Job 374: 340/400
Job 374: 341/400
Job 374: 342/400
Job 374: 343/400
Job 374: 344/400
Job 374: 345/400
Job 374: 346/400
Job 374: 347/400
Job 374: 348/400
Job 374: 349/400
Job 374: 350/400
Job 374: 351/400
Job 374: 352/400
Job 374: 353/400
Job 374: 354/400
Job 374: 355/400
Job 374: 356/400
Job 374: 357/400
Job 374: 358/400
Job 374: 359/400
Job 374: 360/400
Job 374: 361/400
Job 374: 362/400
Job 374: 363/400
Job 374: 364/400
Job 374: 365/400
Job 374: 366/400
Job 374: 367/400
Job 374: 368/400
Job 374: 369/400
Job 374: 370/400
Job 374: 371/400
Job 374: 372/400
Job 374: 373/400
Job 374: 374/400
Job 374: 375/400
Job 374: 376/400
Job 374: 377/400
Job 374: 378/400
Job 374: 379/400
Job 374: 380/400
Job 374: 381/400
Job 374: 382/400
Job 374: 383/400
Job 374: 384/400
Job 374: 385/400
Job 374: 386/400
Job 374: 387/400
Job 374: 388/400
Job 374: 389/400
Job 374: 390/400
Job 374: 391/400
Job 374: 392/400
Job 374: 393/400
Job 374: 394/400
Job 374: 395/400
Job 374: 396/400
Job 374: 397/400
Job 374: 398/400
Job 374: 399/400
Job 374: 400/400
