Registered S3 methods overwritten by 'susieSlide':
  method              from  
  coef.susie          susieR
  predict.susie       susieR
  print.summary.susie susieR
  summary.susie       susieR
Job 310: 1/400
Job 310: 2/400
Job 310: 3/400
Job 310: 4/400
Job 310: 5/400
Job 310: 6/400
Job 310: 7/400
Job 310: 8/400
Job 310: 9/400
Job 310: 10/400
Job 310: 11/400
Job 310: 12/400
Job 310: 13/400
Job 310: 14/400
Job 310: 15/400
Job 310: 16/400
Job 310: 17/400
Job 310: 18/400
Job 310: 19/400
Job 310: 20/400
Job 310: 21/400
Job 310: 22/400
Job 310: 23/400
Job 310: 24/400
Job 310: 25/400
Job 310: 26/400
Job 310: 27/400
Job 310: 28/400
Job 310: 29/400
Job 310: 30/400
Job 310: 31/400
Job 310: 32/400
Job 310: 33/400
Job 310: 34/400
Job 310: 35/400
Job 310: 36/400
Job 310: 37/400
Job 310: 38/400
Job 310: 39/400
Job 310: 40/400
Job 310: 41/400
Job 310: 42/400
Job 310: 43/400
Job 310: 44/400
Job 310: 45/400
Job 310: 46/400
Job 310: 47/400
Job 310: 48/400
Job 310: 49/400
Job 310: 50/400
Job 310: 51/400
Job 310: 52/400
Job 310: 53/400
Job 310: 54/400
Job 310: 55/400
Job 310: 56/400
Job 310: 57/400
Job 310: 58/400
Job 310: 59/400
Job 310: 60/400
Job 310: 61/400
Job 310: 62/400
Job 310: 63/400
Job 310: 64/400
Job 310: 65/400
Job 310: 66/400
Job 310: 67/400
Job 310: 68/400
Job 310: 69/400
Job 310: 70/400
Job 310: 71/400
Job 310: 72/400
Job 310: 73/400
Job 310: 74/400
Job 310: 75/400
Job 310: 76/400
Job 310: 77/400
Job 310: 78/400
Job 310: 79/400
Job 310: 80/400
Job 310: 81/400
Job 310: 82/400
Job 310: 83/400
Job 310: 84/400
Job 310: 85/400
Job 310: 86/400
Job 310: 87/400
Job 310: 88/400
Job 310: 89/400
Job 310: 90/400
Job 310: 91/400
Job 310: 92/400
Job 310: 93/400
Job 310: 94/400
Job 310: 95/400
Job 310: 96/400
Job 310: 97/400
Job 310: 98/400
Job 310: 99/400
Job 310: 100/400
Job 310: 101/400
Job 310: 102/400
Job 310: 103/400
Job 310: 104/400
Job 310: 105/400
Job 310: 106/400
Job 310: 107/400
Job 310: 108/400
Job 310: 109/400
Job 310: 110/400
Job 310: 111/400
Job 310: 112/400
Job 310: 113/400
Job 310: 114/400
Job 310: 115/400
Job 310: 116/400
Job 310: 117/400
Job 310: 118/400
Job 310: 119/400
Job 310: 120/400
Job 310: 121/400
Job 310: 122/400
Job 310: 123/400
Job 310: 124/400
Job 310: 125/400
Job 310: 126/400
Job 310: 127/400
Job 310: 128/400
Job 310: 129/400
Job 310: 130/400
Job 310: 131/400
Job 310: 132/400
Job 310: 133/400
Job 310: 134/400
Job 310: 135/400
Job 310: 136/400
Job 310: 137/400
Job 310: 138/400
Job 310: 139/400
Job 310: 140/400
Job 310: 141/400
Job 310: 142/400
Job 310: 143/400
Job 310: 144/400
Job 310: 145/400
Job 310: 146/400
Job 310: 147/400
Job 310: 148/400
Job 310: 149/400
Job 310: 150/400
Job 310: 151/400
Job 310: 152/400
Job 310: 153/400
Job 310: 154/400
Job 310: 155/400
Job 310: 156/400
Job 310: 157/400
Job 310: 158/400
Job 310: 159/400
Job 310: 160/400
Job 310: 161/400
Job 310: 162/400
Job 310: 163/400
Job 310: 164/400
Job 310: 165/400
Job 310: 166/400
Job 310: 167/400
Job 310: 168/400
Job 310: 169/400
Job 310: 170/400
Job 310: 171/400
Job 310: 172/400
Job 310: 173/400
Job 310: 174/400
Job 310: 175/400
Job 310: 176/400
Job 310: 177/400
Job 310: 178/400
Job 310: 179/400
Job 310: 180/400
Job 310: 181/400
Job 310: 182/400
Job 310: 183/400
Job 310: 184/400
Job 310: 185/400
Job 310: 186/400
Job 310: 187/400
Job 310: 188/400
Job 310: 189/400
Job 310: 190/400
Job 310: 191/400
Job 310: 192/400
Job 310: 193/400
Job 310: 194/400
Job 310: 195/400
Job 310: 196/400
Job 310: 197/400
Job 310: 198/400
Job 310: 199/400
Job 310: 200/400
Job 310: 201/400
Job 310: 202/400
Job 310: 203/400
Job 310: 204/400
Job 310: 205/400
Job 310: 206/400
Job 310: 207/400
Job 310: 208/400
Job 310: 209/400
Job 310: 210/400
Job 310: 211/400
Job 310: 212/400
Job 310: 213/400
Job 310: 214/400
Job 310: 215/400
Job 310: 216/400
Job 310: 217/400
Job 310: 218/400
Job 310: 219/400
Job 310: 220/400
Job 310: 221/400
Job 310: 222/400
Job 310: 223/400
Job 310: 224/400
Job 310: 225/400
Job 310: 226/400
Job 310: 227/400
Job 310: 228/400
Job 310: 229/400
Job 310: 230/400
Job 310: 231/400
Job 310: 232/400
Job 310: 233/400
Job 310: 234/400
Job 310: 235/400
Job 310: 236/400
Job 310: 237/400
Job 310: 238/400
Job 310: 239/400
Job 310: 240/400
Job 310: 241/400
Job 310: 242/400
Job 310: 243/400
Job 310: 244/400
Job 310: 245/400
Job 310: 246/400
Job 310: 247/400
Job 310: 248/400
Job 310: 249/400
Job 310: 250/400
Job 310: 251/400
Job 310: 252/400
Job 310: 253/400
Job 310: 254/400
Job 310: 255/400
Job 310: 256/400
Job 310: 257/400
Job 310: 258/400
Job 310: 259/400
Job 310: 260/400
Job 310: 261/400
Job 310: 262/400
Job 310: 263/400
Job 310: 264/400
Job 310: 265/400
Job 310: 266/400
Job 310: 267/400
Job 310: 268/400
Job 310: 269/400
Job 310: 270/400
Job 310: 271/400
Job 310: 272/400
Job 310: 273/400
Job 310: 274/400
Job 310: 275/400
Job 310: 276/400
Job 310: 277/400
Job 310: 278/400
Job 310: 279/400
Job 310: 280/400
Job 310: 281/400
Job 310: 282/400
Job 310: 283/400
Job 310: 284/400
Job 310: 285/400
Job 310: 286/400
Job 310: 287/400
Job 310: 288/400
Job 310: 289/400
Job 310: 290/400
Job 310: 291/400
Job 310: 292/400
Job 310: 293/400
Job 310: 294/400
Job 310: 295/400
Job 310: 296/400
Job 310: 297/400
Job 310: 298/400
Job 310: 299/400
Job 310: 300/400
Job 310: 301/400
Job 310: 302/400
Job 310: 303/400
Job 310: 304/400
Job 310: 305/400
Job 310: 306/400
Job 310: 307/400
Job 310: 308/400
Job 310: 309/400
Job 310: 310/400
Job 310: 311/400
Job 310: 312/400
Job 310: 313/400
Job 310: 314/400
Job 310: 315/400
Job 310: 316/400
Job 310: 317/400
Job 310: 318/400
Job 310: 319/400
Job 310: 320/400
Job 310: 321/400
Job 310: 322/400
Job 310: 323/400
Job 310: 324/400
Job 310: 325/400
Job 310: 326/400
Job 310: 327/400
Job 310: 328/400
Job 310: 329/400
Job 310: 330/400
Job 310: 331/400
Job 310: 332/400
Job 310: 333/400
Job 310: 334/400
Job 310: 335/400
Job 310: 336/400
Job 310: 337/400
Job 310: 338/400
Job 310: 339/400
Job 310: 340/400
Job 310: 341/400
Job 310: 342/400
Job 310: 343/400
Job 310: 344/400
Job 310: 345/400
Job 310: 346/400
Job 310: 347/400
Job 310: 348/400
Job 310: 349/400
Job 310: 350/400
Job 310: 351/400
Job 310: 352/400
Job 310: 353/400
Job 310: 354/400
Job 310: 355/400
Job 310: 356/400
Job 310: 357/400
Job 310: 358/400
Job 310: 359/400
Job 310: 360/400
Job 310: 361/400
Job 310: 362/400
Job 310: 363/400
Job 310: 364/400
Job 310: 365/400
Job 310: 366/400
Job 310: 367/400
Job 310: 368/400
Job 310: 369/400
Job 310: 370/400
Job 310: 371/400
Job 310: 372/400
Job 310: 373/400
Job 310: 374/400
Job 310: 375/400
Job 310: 376/400
Job 310: 377/400
Job 310: 378/400
Job 310: 379/400
Job 310: 380/400
Job 310: 381/400
Job 310: 382/400
Job 310: 383/400
Job 310: 384/400
Job 310: 385/400
Job 310: 386/400
Job 310: 387/400
Job 310: 388/400
Job 310: 389/400
Job 310: 390/400
Job 310: 391/400
Job 310: 392/400
Job 310: 393/400
Job 310: 394/400
Job 310: 395/400
Job 310: 396/400
Job 310: 397/400
Job 310: 398/400
Job 310: 399/400
Job 310: 400/400
