Registered S3 methods overwritten by 'susieSlide':
  method              from  
  coef.susie          susieR
  predict.susie       susieR
  print.summary.susie susieR
  summary.susie       susieR
Job 664: 1/400
Job 664: 2/400
Job 664: 3/400
Job 664: 4/400
Job 664: 5/400
Job 664: 6/400
Job 664: 7/400
Job 664: 8/400
Job 664: 9/400 ERROR: No .raw files found in temp_dir.
Job 664: 10/400 ERROR: No .raw files found in temp_dir.
Job 664: 11/400 ERROR: No .raw files found in temp_dir.
Job 664: 12/400 ERROR: No .raw files found in temp_dir.
Job 664: 13/400 ERROR: No .raw files found in temp_dir.
Job 664: 14/400 ERROR: No .raw files found in temp_dir.
Job 664: 15/400 ERROR: No .raw files found in temp_dir.
Job 664: 16/400 ERROR: No .raw files found in temp_dir.
Job 664: 17/400 ERROR: No .raw files found in temp_dir.
Job 664: 18/400 ERROR: No .raw files found in temp_dir.
Job 664: 19/400 ERROR: No .raw files found in temp_dir.
Job 664: 20/400 ERROR: No .raw files found in temp_dir.
Job 664: 21/400 ERROR: No .raw files found in temp_dir.
Job 664: 22/400 ERROR: No .raw files found in temp_dir.
Job 664: 23/400 ERROR: No .raw files found in temp_dir.
Job 664: 24/400 ERROR: No .raw files found in temp_dir.
Job 664: 25/400 ERROR: No .raw files found in temp_dir.
Job 664: 26/400 ERROR: No .raw files found in temp_dir.
Job 664: 27/400 ERROR: No .raw files found in temp_dir.
Job 664: 28/400 ERROR: No .raw files found in temp_dir.
Job 664: 29/400 ERROR: No .raw files found in temp_dir.
Job 664: 30/400 ERROR: No .raw files found in temp_dir.
Job 664: 31/400 ERROR: No .raw files found in temp_dir.
Job 664: 32/400 ERROR: No .raw files found in temp_dir.
Job 664: 33/400 ERROR: No .raw files found in temp_dir.
Job 664: 34/400 ERROR: No .raw files found in temp_dir.
Job 664: 35/400 ERROR: No .raw files found in temp_dir.
Job 664: 36/400 ERROR: No .raw files found in temp_dir.
Job 664: 37/400 ERROR: No .raw files found in temp_dir.
Job 664: 38/400 ERROR: No .raw files found in temp_dir.
Job 664: 39/400 ERROR: No .raw files found in temp_dir.
Job 664: 40/400 ERROR: No .raw files found in temp_dir.
Job 664: 41/400 ERROR: No .raw files found in temp_dir.
Job 664: 42/400 ERROR: No .raw files found in temp_dir.
Job 664: 43/400 ERROR: No .raw files found in temp_dir.
Job 664: 44/400 ERROR: No .raw files found in temp_dir.
Job 664: 45/400 ERROR: No .raw files found in temp_dir.
Job 664: 46/400 ERROR: No .raw files found in temp_dir.
Job 664: 47/400 ERROR: No .raw files found in temp_dir.
Job 664: 48/400 ERROR: No .raw files found in temp_dir.
Job 664: 49/400 ERROR: No .raw files found in temp_dir.
Job 664: 50/400 ERROR: No .raw files found in temp_dir.
Job 664: 51/400 ERROR: No .raw files found in temp_dir.
Job 664: 52/400 ERROR: No .raw files found in temp_dir.
Job 664: 53/400 ERROR: No .raw files found in temp_dir.
Job 664: 54/400 ERROR: No .raw files found in temp_dir.
Job 664: 55/400 ERROR: No .raw files found in temp_dir.
Job 664: 56/400 ERROR: No .raw files found in temp_dir.
Job 664: 57/400 ERROR: No .raw files found in temp_dir.
Job 664: 58/400 ERROR: No .raw files found in temp_dir.
Job 664: 59/400 ERROR: No .raw files found in temp_dir.
Job 664: 60/400 ERROR: No .raw files found in temp_dir.
Job 664: 61/400 ERROR: No .raw files found in temp_dir.
Job 664: 62/400 ERROR: No .raw files found in temp_dir.
Job 664: 63/400 ERROR: No .raw files found in temp_dir.
Job 664: 64/400 ERROR: No .raw files found in temp_dir.
Job 664: 65/400 ERROR: No .raw files found in temp_dir.
Job 664: 66/400 ERROR: No .raw files found in temp_dir.
Job 664: 67/400 ERROR: No .raw files found in temp_dir.
Job 664: 68/400 ERROR: No .raw files found in temp_dir.
Job 664: 69/400 ERROR: No .raw files found in temp_dir.
Job 664: 70/400 ERROR: No .raw files found in temp_dir.
Job 664: 71/400 ERROR: No .raw files found in temp_dir.
Job 664: 72/400 ERROR: No .raw files found in temp_dir.
Job 664: 73/400 ERROR: No .raw files found in temp_dir.
Job 664: 74/400 ERROR: No .raw files found in temp_dir.
Job 664: 75/400 ERROR: No .raw files found in temp_dir.
Job 664: 76/400 ERROR: No .raw files found in temp_dir.
Job 664: 77/400 ERROR: No .raw files found in temp_dir.
Job 664: 78/400 ERROR: No .raw files found in temp_dir.
Job 664: 79/400 ERROR: No .raw files found in temp_dir.
Job 664: 80/400 ERROR: No .raw files found in temp_dir.
Job 664: 81/400 ERROR: No .raw files found in temp_dir.
Job 664: 82/400 ERROR: No .raw files found in temp_dir.
Job 664: 83/400 ERROR: No .raw files found in temp_dir.
Job 664: 84/400 ERROR: No .raw files found in temp_dir.
Job 664: 85/400 ERROR: No .raw files found in temp_dir.
Job 664: 86/400 ERROR: No .raw files found in temp_dir.
Job 664: 87/400 ERROR: No .raw files found in temp_dir.
Job 664: 88/400 ERROR: No .raw files found in temp_dir.
Job 664: 89/400 ERROR: No .raw files found in temp_dir.
Job 664: 90/400 ERROR: No .raw files found in temp_dir.
Job 664: 91/400 ERROR: No .raw files found in temp_dir.
Job 664: 92/400 ERROR: No .raw files found in temp_dir.
Job 664: 93/400 ERROR: No .raw files found in temp_dir.
Job 664: 94/400 ERROR: No .raw files found in temp_dir.
Job 664: 95/400 ERROR: No .raw files found in temp_dir.
Job 664: 96/400 ERROR: Not enough donors for the requested n.
Job 664: 97/400
Job 664: 98/400
Job 664: 99/400
Job 664: 100/400
Job 664: 101/400
Job 664: 102/400
Job 664: 103/400
Job 664: 104/400
Job 664: 105/400
Job 664: 106/400
Job 664: 107/400 ERROR: No .raw files found in temp_dir.
Job 664: 108/400 ERROR: No .raw files found in temp_dir.
Job 664: 109/400 ERROR: No .raw files found in temp_dir.
Job 664: 110/400 ERROR: No .raw files found in temp_dir.
Job 664: 111/400 ERROR: No .raw files found in temp_dir.
Job 664: 112/400 ERROR: No .raw files found in temp_dir.
Job 664: 113/400 ERROR: No .raw files found in temp_dir.
Job 664: 114/400 ERROR: No .raw files found in temp_dir.
Job 664: 115/400 ERROR: No .raw files found in temp_dir.
Job 664: 116/400 ERROR: No .raw files found in temp_dir.
Job 664: 117/400 ERROR: No .raw files found in temp_dir.
Job 664: 118/400 ERROR: No .raw files found in temp_dir.
Job 664: 119/400 ERROR: No .raw files found in temp_dir.
Job 664: 120/400 ERROR: No .raw files found in temp_dir.
Job 664: 121/400 ERROR: No .raw files found in temp_dir.
Job 664: 122/400 ERROR: No .raw files found in temp_dir.
Job 664: 123/400 ERROR: No .raw files found in temp_dir.
Job 664: 124/400 ERROR: No .raw files found in temp_dir.
Job 664: 125/400 ERROR: No .raw files found in temp_dir.
Job 664: 126/400 ERROR: No .raw files found in temp_dir.
Job 664: 127/400 ERROR: No .raw files found in temp_dir.
Job 664: 128/400 ERROR: No .raw files found in temp_dir.
Job 664: 129/400 ERROR: No .raw files found in temp_dir.
Job 664: 130/400 ERROR: No .raw files found in temp_dir.
Job 664: 131/400 ERROR: No .raw files found in temp_dir.
Job 664: 132/400 ERROR: No .raw files found in temp_dir.
Job 664: 133/400 ERROR: No .raw files found in temp_dir.
Job 664: 134/400 ERROR: No .raw files found in temp_dir.
Job 664: 135/400 ERROR: No .raw files found in temp_dir.
Job 664: 136/400 ERROR: No .raw files found in temp_dir.
Job 664: 137/400 ERROR: No .raw files found in temp_dir.
Job 664: 138/400 ERROR: No .raw files found in temp_dir.
Job 664: 139/400 ERROR: No .raw files found in temp_dir.
Job 664: 140/400 ERROR: No .raw files found in temp_dir.
Job 664: 141/400 ERROR: object 'target_gene' not found
Job 664: 142/400
Job 664: 143/400
Job 664: 144/400
Job 664: 145/400
Job 664: 146/400
Job 664: 147/400
Job 664: 148/400
Job 664: 149/400
Job 664: 150/400
Job 664: 151/400 ERROR: No .raw files found in temp_dir.
Job 664: 152/400 ERROR: No .raw files found in temp_dir.
Job 664: 153/400 ERROR: No .raw files found in temp_dir.
Job 664: 154/400 ERROR: No .raw files found in temp_dir.
Job 664: 155/400 ERROR: No .raw files found in temp_dir.
Job 664: 156/400 ERROR: No .raw files found in temp_dir.
Job 664: 157/400 ERROR: No .raw files found in temp_dir.
Job 664: 158/400 ERROR: No .raw files found in temp_dir.
Job 664: 159/400 ERROR: No .raw files found in temp_dir.
Job 664: 160/400 ERROR: No .raw files found in temp_dir.
Job 664: 161/400 ERROR: No .raw files found in temp_dir.
Job 664: 162/400 ERROR: No .raw files found in temp_dir.
Job 664: 163/400 ERROR: No .raw files found in temp_dir.
Job 664: 164/400 ERROR: No .raw files found in temp_dir.
Job 664: 165/400 ERROR: No .raw files found in temp_dir.
Job 664: 166/400 ERROR: No .raw files found in temp_dir.
Job 664: 167/400 ERROR: No .raw files found in temp_dir.
Job 664: 168/400 ERROR: No .raw files found in temp_dir.
Job 664: 169/400 ERROR: No .raw files found in temp_dir.
Job 664: 170/400 ERROR: No .raw files found in temp_dir.
Job 664: 171/400 ERROR: No .raw files found in temp_dir.
Job 664: 172/400 ERROR: No .raw files found in temp_dir.
Job 664: 173/400 ERROR: No .raw files found in temp_dir.
Job 664: 174/400 ERROR: No .raw files found in temp_dir.
Job 664: 175/400 ERROR: No .raw files found in temp_dir.
Job 664: 176/400 ERROR: No .raw files found in temp_dir.
Job 664: 177/400 ERROR: No .raw files found in temp_dir.
Job 664: 178/400 ERROR: No .raw files found in temp_dir.
Job 664: 179/400 ERROR: No .raw files found in temp_dir.
Job 664: 180/400 ERROR: No .raw files found in temp_dir.
Job 664: 181/400 ERROR: No .raw files found in temp_dir.
Job 664: 182/400 ERROR: No .raw files found in temp_dir.
Job 664: 183/400 ERROR: No .raw files found in temp_dir.
Job 664: 184/400 ERROR: No .raw files found in temp_dir.
Job 664: 185/400 ERROR: No .raw files found in temp_dir.
Job 664: 186/400 ERROR: No .raw files found in temp_dir.
Job 664: 187/400 ERROR: No .raw files found in temp_dir.
Job 664: 188/400 ERROR: No .raw files found in temp_dir.
Job 664: 189/400 ERROR: No .raw files found in temp_dir.
Job 664: 190/400 ERROR: No .raw files found in temp_dir.
Job 664: 191/400 ERROR: No .raw files found in temp_dir.
Job 664: 192/400 ERROR: No .raw files found in temp_dir.
Job 664: 193/400 ERROR: No .raw files found in temp_dir.
Job 664: 194/400 ERROR: No .raw files found in temp_dir.
Job 664: 195/400 ERROR: No .raw files found in temp_dir.
Job 664: 196/400 ERROR: No .raw files found in temp_dir.
Job 664: 197/400 ERROR: No .raw files found in temp_dir.
Job 664: 198/400 ERROR: No .raw files found in temp_dir.
Job 664: 199/400 ERROR: No .raw files found in temp_dir.
Job 664: 200/400 ERROR: No .raw files found in temp_dir.
Job 664: 201/400 ERROR: No .raw files found in temp_dir.
Job 664: 202/400 ERROR: No .raw files found in temp_dir.
Job 664: 203/400 ERROR: No .raw files found in temp_dir.
Job 664: 204/400 ERROR: No .raw files found in temp_dir.
Job 664: 205/400 ERROR: No .raw files found in temp_dir.
Job 664: 206/400 ERROR: No .raw files found in temp_dir.
Job 664: 207/400 ERROR: No .raw files found in temp_dir.
Job 664: 208/400 ERROR: No .raw files found in temp_dir.
Job 664: 209/400 ERROR: No .raw files found in temp_dir.
Job 664: 210/400 ERROR: No .raw files found in temp_dir.
Job 664: 211/400 ERROR: No .raw files found in temp_dir.
Job 664: 212/400 ERROR: No .raw files found in temp_dir.
Job 664: 213/400 ERROR: No .raw files found in temp_dir.
Job 664: 214/400 ERROR: No .raw files found in temp_dir.
Job 664: 215/400 ERROR: No .raw files found in temp_dir.
Job 664: 216/400 ERROR: No .raw files found in temp_dir.
Job 664: 217/400 ERROR: No .raw files found in temp_dir.
Job 664: 218/400 ERROR: No .raw files found in temp_dir.
Job 664: 219/400 ERROR: No .raw files found in temp_dir.
Job 664: 220/400 ERROR: No .raw files found in temp_dir.
Job 664: 221/400 ERROR: No .raw files found in temp_dir.
Job 664: 222/400 ERROR: No .raw files found in temp_dir.
Job 664: 223/400 ERROR: No .raw files found in temp_dir.
Job 664: 224/400 ERROR: No .raw files found in temp_dir.
Job 664: 225/400 ERROR: No .raw files found in temp_dir.
Job 664: 226/400 ERROR: No .raw files found in temp_dir.
Job 664: 227/400 ERROR: No .raw files found in temp_dir.
Job 664: 228/400 ERROR: No .raw files found in temp_dir.
Job 664: 229/400 ERROR: No .raw files found in temp_dir.
Job 664: 230/400 ERROR: No .raw files found in temp_dir.
Job 664: 231/400 ERROR: No .raw files found in temp_dir.
Job 664: 232/400 ERROR: No .raw files found in temp_dir.
Job 664: 233/400 ERROR: No .raw files found in temp_dir.
Job 664: 234/400 ERROR: No .raw files found in temp_dir.
Job 664: 235/400 ERROR: No .raw files found in temp_dir.
Job 664: 236/400 ERROR: No .raw files found in temp_dir.
Job 664: 237/400 ERROR: No .raw files found in temp_dir.
Job 664: 238/400 ERROR: No .raw files found in temp_dir.
Job 664: 239/400 ERROR: No .raw files found in temp_dir.
Job 664: 240/400 ERROR: No .raw files found in temp_dir.
Job 664: 241/400 ERROR: No .raw files found in temp_dir.
Job 664: 242/400 ERROR: No .raw files found in temp_dir.
Job 664: 243/400 ERROR: No .raw files found in temp_dir.
Job 664: 244/400 ERROR: No .raw files found in temp_dir.
Job 664: 245/400 ERROR: No .raw files found in temp_dir.
Job 664: 246/400 ERROR: No .raw files found in temp_dir.
Job 664: 247/400 ERROR: No .raw files found in temp_dir.
Job 664: 248/400 ERROR: No .raw files found in temp_dir.
Job 664: 249/400 ERROR: No .raw files found in temp_dir.
Job 664: 250/400 ERROR: No .raw files found in temp_dir.
Job 664: 251/400 ERROR: No .raw files found in temp_dir.
Job 664: 252/400 ERROR: No .raw files found in temp_dir.
Job 664: 253/400 ERROR: No .raw files found in temp_dir.
Job 664: 254/400 ERROR: No .raw files found in temp_dir.
Job 664: 255/400 ERROR: No .raw files found in temp_dir.
Job 664: 256/400 ERROR: No .raw files found in temp_dir.
Job 664: 257/400 ERROR: No .raw files found in temp_dir.
Job 664: 258/400 ERROR: No .raw files found in temp_dir.
Job 664: 259/400 ERROR: No .raw files found in temp_dir.
Job 664: 260/400 ERROR: No .raw files found in temp_dir.
Job 664: 261/400 ERROR: No .raw files found in temp_dir.
Job 664: 262/400 ERROR: No .raw files found in temp_dir.
Job 664: 263/400 ERROR: No .raw files found in temp_dir.
Job 664: 264/400 ERROR: No .raw files found in temp_dir.
Job 664: 265/400 ERROR: No .raw files found in temp_dir.
Job 664: 266/400 ERROR: No .raw files found in temp_dir.
Job 664: 267/400 ERROR: No .raw files found in temp_dir.
Job 664: 268/400 ERROR: No .raw files found in temp_dir.
Job 664: 269/400 ERROR: No .raw files found in temp_dir.
Job 664: 270/400 ERROR: No .raw files found in temp_dir.
Job 664: 271/400 ERROR: No .raw files found in temp_dir.
Job 664: 272/400 ERROR: No .raw files found in temp_dir.
Job 664: 273/400 ERROR: No .raw files found in temp_dir.
Job 664: 274/400 ERROR: No .raw files found in temp_dir.
Job 664: 275/400 ERROR: No .raw files found in temp_dir.
Job 664: 276/400 ERROR: No .raw files found in temp_dir.
Job 664: 277/400 ERROR: No .raw files found in temp_dir.
Job 664: 278/400 ERROR: No .raw files found in temp_dir.
Job 664: 279/400 ERROR: No .raw files found in temp_dir.
Job 664: 280/400 ERROR: No .raw files found in temp_dir.
Job 664: 281/400 ERROR: No .raw files found in temp_dir.
Job 664: 282/400 ERROR: No .raw files found in temp_dir.
Job 664: 283/400 ERROR: No .raw files found in temp_dir.
Job 664: 284/400 ERROR: No .raw files found in temp_dir.
Job 664: 285/400 ERROR: No .raw files found in temp_dir.
Job 664: 286/400 ERROR: No .raw files found in temp_dir.
Job 664: 287/400 ERROR: No .raw files found in temp_dir.
Job 664: 288/400 ERROR: No .raw files found in temp_dir.
Job 664: 289/400 ERROR: No .raw files found in temp_dir.
Job 664: 290/400 ERROR: No .raw files found in temp_dir.
Job 664: 291/400 ERROR: No .raw files found in temp_dir.
Job 664: 292/400 ERROR: No .raw files found in temp_dir.
Job 664: 293/400 ERROR: No .raw files found in temp_dir.
Job 664: 294/400 ERROR: No .raw files found in temp_dir.
Job 664: 295/400 ERROR: No .raw files found in temp_dir.
Job 664: 296/400 ERROR: No .raw files found in temp_dir.
Job 664: 297/400 ERROR: No .raw files found in temp_dir.
Job 664: 298/400 ERROR: No .raw files found in temp_dir.
Job 664: 299/400 ERROR: No .raw files found in temp_dir.
Job 664: 300/400 ERROR: No .raw files found in temp_dir.
Job 664: 301/400 ERROR: No .raw files found in temp_dir.
Job 664: 302/400 ERROR: No .raw files found in temp_dir.
Job 664: 303/400 ERROR: No .raw files found in temp_dir.
Job 664: 304/400 ERROR: No .raw files found in temp_dir.
Job 664: 305/400 ERROR: No .raw files found in temp_dir.
Job 664: 306/400 ERROR: No .raw files found in temp_dir.
Job 664: 307/400 ERROR: No .raw files found in temp_dir.
Job 664: 308/400 ERROR: No .raw files found in temp_dir.
Job 664: 309/400 ERROR: No .raw files found in temp_dir.
Job 664: 310/400 ERROR: No .raw files found in temp_dir.
Job 664: 311/400 ERROR: No .raw files found in temp_dir.
Job 664: 312/400 ERROR: No .raw files found in temp_dir.
Job 664: 313/400 ERROR: No .raw files found in temp_dir.
Job 664: 314/400 ERROR: No .raw files found in temp_dir.
Job 664: 315/400 ERROR: No .raw files found in temp_dir.
Job 664: 316/400 ERROR: No .raw files found in temp_dir.
Job 664: 317/400 ERROR: No .raw files found in temp_dir.
Job 664: 318/400 ERROR: No .raw files found in temp_dir.
Job 664: 319/400 ERROR: No .raw files found in temp_dir.
Job 664: 320/400 ERROR: No .raw files found in temp_dir.
Job 664: 321/400 ERROR: No .raw files found in temp_dir.
Job 664: 322/400 ERROR: No .raw files found in temp_dir.
Job 664: 323/400 ERROR: No .raw files found in temp_dir.
Job 664: 324/400 ERROR: No .raw files found in temp_dir.
Job 664: 325/400 ERROR: No .raw files found in temp_dir.
Job 664: 326/400 ERROR: No .raw files found in temp_dir.
Job 664: 327/400 ERROR: No .raw files found in temp_dir.
Job 664: 328/400 ERROR: No .raw files found in temp_dir.
Job 664: 329/400 ERROR: No .raw files found in temp_dir.
Job 664: 330/400 ERROR: No .raw files found in temp_dir.
Job 664: 331/400 ERROR: No .raw files found in temp_dir.
Job 664: 332/400 ERROR: No .raw files found in temp_dir.
Job 664: 333/400 ERROR: No .raw files found in temp_dir.
Job 664: 334/400 ERROR: No .raw files found in temp_dir.
Job 664: 335/400 ERROR: No .raw files found in temp_dir.
Job 664: 336/400 ERROR: No .raw files found in temp_dir.
Job 664: 337/400 ERROR: No .raw files found in temp_dir.
Job 664: 338/400 ERROR: No .raw files found in temp_dir.
Job 664: 339/400 ERROR: No .raw files found in temp_dir.
Job 664: 340/400 ERROR: No .raw files found in temp_dir.
Job 664: 341/400 ERROR: No .raw files found in temp_dir.
Job 664: 342/400 ERROR: No .raw files found in temp_dir.
Job 664: 343/400 ERROR: No .raw files found in temp_dir.
Job 664: 344/400 ERROR: No .raw files found in temp_dir.
Job 664: 345/400 ERROR: No .raw files found in temp_dir.
Job 664: 346/400 ERROR: No .raw files found in temp_dir.
Job 664: 347/400 ERROR: No .raw files found in temp_dir.
Job 664: 348/400 ERROR: No .raw files found in temp_dir.
Job 664: 349/400 ERROR: No .raw files found in temp_dir.
Job 664: 350/400 ERROR: No .raw files found in temp_dir.
Job 664: 351/400 ERROR: No .raw files found in temp_dir.
Job 664: 352/400 ERROR: No .raw files found in temp_dir.
Job 664: 353/400 ERROR: No .raw files found in temp_dir.
Job 664: 354/400 ERROR: No .raw files found in temp_dir.
Job 664: 355/400 ERROR: No .raw files found in temp_dir.
Job 664: 356/400 ERROR: No .raw files found in temp_dir.
Job 664: 357/400 ERROR: No .raw files found in temp_dir.
Job 664: 358/400 ERROR: No .raw files found in temp_dir.
Job 664: 359/400 ERROR: No .raw files found in temp_dir.
Job 664: 360/400 ERROR: No .raw files found in temp_dir.
Job 664: 361/400 ERROR: No .raw files found in temp_dir.
Job 664: 362/400 ERROR: No .raw files found in temp_dir.
Job 664: 363/400 ERROR: No .raw files found in temp_dir.
Job 664: 364/400 ERROR: No .raw files found in temp_dir.
Job 664: 365/400 ERROR: No .raw files found in temp_dir.
Job 664: 366/400 ERROR: No .raw files found in temp_dir.
Job 664: 367/400 ERROR: No .raw files found in temp_dir.
Job 664: 368/400 ERROR: No .raw files found in temp_dir.
Job 664: 369/400 ERROR: No .raw files found in temp_dir.
Job 664: 370/400 ERROR: No .raw files found in temp_dir.
Job 664: 371/400 ERROR: No .raw files found in temp_dir.
Job 664: 372/400 ERROR: No .raw files found in temp_dir.
Job 664: 373/400 ERROR: No .raw files found in temp_dir.
Job 664: 374/400 ERROR: No .raw files found in temp_dir.
Job 664: 375/400 ERROR: No .raw files found in temp_dir.
Job 664: 376/400 ERROR: No .raw files found in temp_dir.
Job 664: 377/400 ERROR: No .raw files found in temp_dir.
Job 664: 378/400 ERROR: No .raw files found in temp_dir.
Job 664: 379/400 ERROR: No .raw files found in temp_dir.
Job 664: 380/400 ERROR: No .raw files found in temp_dir.
Job 664: 381/400 ERROR: No .raw files found in temp_dir.
Job 664: 382/400 ERROR: No .raw files found in temp_dir.
Job 664: 383/400 ERROR: No .raw files found in temp_dir.
Job 664: 384/400 ERROR: No .raw files found in temp_dir.
Job 664: 385/400 ERROR: No .raw files found in temp_dir.
Job 664: 386/400 ERROR: No .raw files found in temp_dir.
Job 664: 387/400 ERROR: No .raw files found in temp_dir.
Job 664: 388/400 ERROR: No .raw files found in temp_dir.
Job 664: 389/400 ERROR: No .raw files found in temp_dir.
Job 664: 390/400 ERROR: No .raw files found in temp_dir.
Job 664: 391/400 ERROR: No .raw files found in temp_dir.
Job 664: 392/400 ERROR: No .raw files found in temp_dir.
Job 664: 393/400 ERROR: No .raw files found in temp_dir.
Job 664: 394/400 ERROR: No .raw files found in temp_dir.
Job 664: 395/400 ERROR: No .raw files found in temp_dir.
Job 664: 396/400 ERROR: No .raw files found in temp_dir.
Job 664: 397/400 ERROR: No .raw files found in temp_dir.
Job 664: 398/400 ERROR: No .raw files found in temp_dir.
Job 664: 399/400 ERROR: No .raw files found in temp_dir.
Job 664: 400/400 ERROR: No .raw files found in temp_dir.
Warning messages:
1: In data.table::fread(raw_file, data.table = FALSE) :
  Discarded single-line footer: <<0	GTEX-183FY	0	0	0	-9	2	2	2	2	1	0	2	2	2	2	1	2	1	2	2	2	2	2	2	2	2	2	2	2	2	2	2	2	0	2	0	2	1	2	1	2	1	0	2	2	2	1	2	1	2	2	2	2	1	2	2	1	2	2	2	0	2	2	2	2	2	1	2	2	2	2	1	2	2	2	2	2	2	1	2	2	2	0	2	2	2	2	2	2	2	2	2	2	2	2	0	1	2	2	2	1	2	2	2	2	2	2	2	2	0	2	2	2	2	2	2	2	2	1	2	2	2	1	2	2	2	2	2	2	2	1	2	2	2	0	2	2	2	2	1	2	1	2	0	2	0	2	1	2	2	2	2	2	2	2	2	2	2	2	2	2	2	1	1	2	2	1	2	2	1	1	2	2	2	2	2	2	1	2	2	2	2	2	2	2	2	2	2	2	2	1	2	2	2	2	2	1	2	2	2	2	2	2	2	2	2	2	2	2	2	2	2	2	2	2	2	2	2	2	2	2	2	2	2	2	2	2	2	1	2	2	2	2	2	2	2	2	2	1	2	2	2	2	2	>>
2: In data.table::fread(raw_file, data.table = FALSE) :
  Discarded single-line footer: <<0	GTEX-ZYVF	0	0	0	-9	2	2	1	2	2	2	2	2	2	2	2	2	2	2	2	2	2	2	2	2	2	2	1	1	1	2	2	2	2	2	1	2	2	2	2	2	2	2	2	2	2	2	2	2	2	2	2	2	2	2	2	2	1	2	2	2	2	2	2	2	2	2	2	2	2	2	2	2	2	2	2	2	2	2	2	2	2	1	2	2	2	2	2	2	2	2	2	2	2	2	2	2	2	2	1	2	2	2	2	2	2	2	2	1	2	1	2	2	2	2	2	2	2	2	2	2	2	2	2	2	2	2	2	2	2	2	2	2	2	2	2	2	2	2	2	1	2	2	2	2	2	2	2	2	2	2	2	2	1	2	2	1	2	2	2	2	2	2	2	2	2	2	2	2	1	2	2	2	2	2	2	2	2	2	2	2	2	2	2	2	2	2	1	2	2	2	2	2	1	0	2	2	2	2	2	2	2	2	2	2	2	2	2	2	2	2	2	2	2	2	2	2	2	2	2	2	2	2	2	2	2	2	2	2	2	2	2	2	2	2	2	2	2	2	2	2	2	2	2	2>>
