Registered S3 methods overwritten by 'susieSlide':
  method              from  
  coef.susie          susieR
  predict.susie       susieR
  print.summary.susie susieR
  summary.susie       susieR
Job 480: 1/400
Job 480: 2/400
Job 480: 3/400
Job 480: 4/400
Job 480: 5/400
Job 480: 6/400
Job 480: 7/400
Job 480: 8/400
Job 480: 9/400
Job 480: 10/400
Job 480: 11/400
Job 480: 12/400
Job 480: 13/400
Job 480: 14/400
Job 480: 15/400
Job 480: 16/400
Job 480: 17/400
Job 480: 18/400
Job 480: 19/400
Job 480: 20/400
Job 480: 21/400
Job 480: 22/400
Job 480: 23/400
Job 480: 24/400
Job 480: 25/400
Job 480: 26/400
Job 480: 27/400
Job 480: 28/400
Job 480: 29/400
Job 480: 30/400
Job 480: 31/400
Job 480: 32/400
Job 480: 33/400
Job 480: 34/400
Job 480: 35/400
Job 480: 36/400
Job 480: 37/400
Job 480: 38/400
Job 480: 39/400
Job 480: 40/400
Job 480: 41/400
Job 480: 42/400
Job 480: 43/400
Job 480: 44/400
Job 480: 45/400
Job 480: 46/400
Job 480: 47/400
Job 480: 48/400
Job 480: 49/400
Job 480: 50/400
Job 480: 51/400
Job 480: 52/400
Job 480: 53/400
Job 480: 54/400
Job 480: 55/400
Job 480: 56/400
Job 480: 57/400
Job 480: 58/400
Job 480: 59/400
Job 480: 60/400
Job 480: 61/400
Job 480: 62/400
Job 480: 63/400
Job 480: 64/400
Job 480: 65/400
Job 480: 66/400
Job 480: 67/400
Job 480: 68/400
Job 480: 69/400
Job 480: 70/400
Job 480: 71/400
Job 480: 72/400
Job 480: 73/400
Job 480: 74/400
Job 480: 75/400
Job 480: 76/400
Job 480: 77/400
Job 480: 78/400
Job 480: 79/400
Job 480: 80/400
Job 480: 81/400
Job 480: 82/400
Job 480: 83/400
Job 480: 84/400
Job 480: 85/400
Job 480: 86/400
Job 480: 87/400
Job 480: 88/400
Job 480: 89/400
Job 480: 90/400
Job 480: 91/400
Job 480: 92/400
Job 480: 93/400
Job 480: 94/400
Job 480: 95/400
Job 480: 96/400
Job 480: 97/400
Job 480: 98/400
Job 480: 99/400
Job 480: 100/400
Job 480: 101/400
Job 480: 102/400
Job 480: 103/400
Job 480: 104/400
Job 480: 105/400
Job 480: 106/400
Job 480: 107/400
Job 480: 108/400
Job 480: 109/400
Job 480: 110/400
Job 480: 111/400
Job 480: 112/400
Job 480: 113/400
Job 480: 114/400
Job 480: 115/400
Job 480: 116/400
Job 480: 117/400
Job 480: 118/400
Job 480: 119/400
Job 480: 120/400
Job 480: 121/400
Job 480: 122/400
Job 480: 123/400
Job 480: 124/400
Job 480: 125/400
Job 480: 126/400
Job 480: 127/400
Job 480: 128/400
Job 480: 129/400
Job 480: 130/400
Job 480: 131/400
Job 480: 132/400
Job 480: 133/400
Job 480: 134/400
Job 480: 135/400
Job 480: 136/400
Job 480: 137/400
Job 480: 138/400
Job 480: 139/400
Job 480: 140/400
Job 480: 141/400
Job 480: 142/400
Job 480: 143/400
Job 480: 144/400
Job 480: 145/400
Job 480: 146/400
Job 480: 147/400
Job 480: 148/400
Job 480: 149/400
Job 480: 150/400
Job 480: 151/400
Job 480: 152/400
Job 480: 153/400
Job 480: 154/400
Job 480: 155/400
Job 480: 156/400
Job 480: 157/400
Job 480: 158/400
Job 480: 159/400
Job 480: 160/400
Job 480: 161/400
Job 480: 162/400
Job 480: 163/400
Job 480: 164/400
Job 480: 165/400
Job 480: 166/400
Job 480: 167/400
Job 480: 168/400
Job 480: 169/400
Job 480: 170/400
Job 480: 171/400
Job 480: 172/400
Job 480: 173/400
Job 480: 174/400
Job 480: 175/400
Job 480: 176/400
Job 480: 177/400
Job 480: 178/400
Job 480: 179/400
Job 480: 180/400
Job 480: 181/400
Job 480: 182/400
Job 480: 183/400
Job 480: 184/400
Job 480: 185/400
Job 480: 186/400
Job 480: 187/400
Job 480: 188/400
Job 480: 189/400
Job 480: 190/400
Job 480: 191/400
Job 480: 192/400
Job 480: 193/400
Job 480: 194/400
Job 480: 195/400
Job 480: 196/400
Job 480: 197/400
Job 480: 198/400
Job 480: 199/400
Job 480: 200/400
Job 480: 201/400
Job 480: 202/400
Job 480: 203/400
Job 480: 204/400
Job 480: 205/400
Job 480: 206/400
Job 480: 207/400
Job 480: 208/400
Job 480: 209/400
Job 480: 210/400
Job 480: 211/400
Job 480: 212/400
Job 480: 213/400
Job 480: 214/400
Job 480: 215/400
Job 480: 216/400
Job 480: 217/400
Job 480: 218/400
Job 480: 219/400
Job 480: 220/400
Job 480: 221/400
Job 480: 222/400
Job 480: 223/400
Job 480: 224/400
Job 480: 225/400
Job 480: 226/400
Job 480: 227/400
Job 480: 228/400
Job 480: 229/400
Job 480: 230/400
Job 480: 231/400
Job 480: 232/400
Job 480: 233/400
Job 480: 234/400
Job 480: 235/400
Job 480: 236/400
Job 480: 237/400
Job 480: 238/400
Job 480: 239/400
Job 480: 240/400
Job 480: 241/400
Job 480: 242/400
Job 480: 243/400
Job 480: 244/400
Job 480: 245/400
Job 480: 246/400
Job 480: 247/400
Job 480: 248/400
Job 480: 249/400
Job 480: 250/400
Job 480: 251/400
Job 480: 252/400
Job 480: 253/400
Job 480: 254/400
Job 480: 255/400
Job 480: 256/400
Job 480: 257/400
Job 480: 258/400
Job 480: 259/400
Job 480: 260/400
Job 480: 261/400
Job 480: 262/400
Job 480: 263/400
Job 480: 264/400
Job 480: 265/400
Job 480: 266/400
Job 480: 267/400
Job 480: 268/400
Job 480: 269/400
Job 480: 270/400
Job 480: 271/400
Job 480: 272/400
Job 480: 273/400
Job 480: 274/400
Job 480: 275/400
Job 480: 276/400
Job 480: 277/400
Job 480: 278/400
Job 480: 279/400
Job 480: 280/400
Job 480: 281/400
Job 480: 282/400
Job 480: 283/400
Job 480: 284/400
Job 480: 285/400
Job 480: 286/400
Job 480: 287/400
Job 480: 288/400
Job 480: 289/400
Job 480: 290/400
Job 480: 291/400
Job 480: 292/400
Job 480: 293/400
Job 480: 294/400
Job 480: 295/400
Job 480: 296/400
Job 480: 297/400
Job 480: 298/400
Job 480: 299/400
Job 480: 300/400
Job 480: 301/400
Job 480: 302/400
Job 480: 303/400
Job 480: 304/400
Job 480: 305/400
Job 480: 306/400
Job 480: 307/400
Job 480: 308/400
Job 480: 309/400
Job 480: 310/400
Job 480: 311/400
Job 480: 312/400
Job 480: 313/400
Job 480: 314/400
Job 480: 315/400
Job 480: 316/400
Job 480: 317/400
Job 480: 318/400
Job 480: 319/400
Job 480: 320/400
Job 480: 321/400
Job 480: 322/400
Job 480: 323/400
Job 480: 324/400
Job 480: 325/400
Job 480: 326/400
Job 480: 327/400
Job 480: 328/400
Job 480: 329/400
Job 480: 330/400
Job 480: 331/400
Job 480: 332/400
Job 480: 333/400
Job 480: 334/400
Job 480: 335/400
Job 480: 336/400
Job 480: 337/400
Job 480: 338/400
Job 480: 339/400
Job 480: 340/400
Job 480: 341/400
Job 480: 342/400
Job 480: 343/400
Job 480: 344/400
Job 480: 345/400
Job 480: 346/400
Job 480: 347/400
Job 480: 348/400
Job 480: 349/400
Job 480: 350/400
Job 480: 351/400
Job 480: 352/400
Job 480: 353/400
Job 480: 354/400
Job 480: 355/400
Job 480: 356/400
Job 480: 357/400
Job 480: 358/400
Job 480: 359/400
Job 480: 360/400
Job 480: 361/400
Job 480: 362/400
Job 480: 363/400
Job 480: 364/400
Job 480: 365/400
Job 480: 366/400
Job 480: 367/400
Job 480: 368/400
Job 480: 369/400
Job 480: 370/400
Job 480: 371/400
Job 480: 372/400
Job 480: 373/400
Job 480: 374/400
Job 480: 375/400
Job 480: 376/400
Job 480: 377/400
Job 480: 378/400
Job 480: 379/400
Job 480: 380/400
Job 480: 381/400
Job 480: 382/400
Job 480: 383/400
Job 480: 384/400
Job 480: 385/400
Job 480: 386/400
Job 480: 387/400
Job 480: 388/400
Job 480: 389/400
Job 480: 390/400
Job 480: 391/400
Job 480: 392/400
Job 480: 393/400
Job 480: 394/400
Job 480: 395/400
Job 480: 396/400
Job 480: 397/400
Job 480: 398/400
Job 480: 399/400
Job 480: 400/400
