Registered S3 methods overwritten by 'susieSlide':
  method              from  
  coef.susie          susieR
  predict.susie       susieR
  print.summary.susie susieR
  summary.susie       susieR
Job 176: 1/400
Job 176: 2/400
Job 176: 3/400
Job 176: 4/400
Job 176: 5/400
Job 176: 6/400
Job 176: 7/400
Job 176: 8/400
Job 176: 9/400
Job 176: 10/400
Job 176: 11/400
Job 176: 12/400
Job 176: 13/400
Job 176: 14/400
Job 176: 15/400
Job 176: 16/400
Job 176: 17/400
Job 176: 18/400
Job 176: 19/400
Job 176: 20/400
Job 176: 21/400
Job 176: 22/400
Job 176: 23/400
Job 176: 24/400
Job 176: 25/400
Job 176: 26/400
Job 176: 27/400
Job 176: 28/400
Job 176: 29/400
Job 176: 30/400
Job 176: 31/400
Job 176: 32/400
Job 176: 33/400
Job 176: 34/400
Job 176: 35/400
Job 176: 36/400
Job 176: 37/400
Job 176: 38/400
Job 176: 39/400
Job 176: 40/400
Job 176: 41/400
Job 176: 42/400
Job 176: 43/400
Job 176: 44/400
Job 176: 45/400
Job 176: 46/400
Job 176: 47/400
Job 176: 48/400
Job 176: 49/400
Job 176: 50/400
Job 176: 51/400
Job 176: 52/400
Job 176: 53/400
Job 176: 54/400
Job 176: 55/400
Job 176: 56/400
Job 176: 57/400
Job 176: 58/400
Job 176: 59/400
Job 176: 60/400
Job 176: 61/400
Job 176: 62/400
Job 176: 63/400
Job 176: 64/400
Job 176: 65/400
Job 176: 66/400
Job 176: 67/400
Job 176: 68/400
Job 176: 69/400
Job 176: 70/400
Job 176: 71/400
Job 176: 72/400
Job 176: 73/400
Job 176: 74/400
Job 176: 75/400
Job 176: 76/400
Job 176: 77/400
Job 176: 78/400
Job 176: 79/400
Job 176: 80/400
Job 176: 81/400
Job 176: 82/400
Job 176: 83/400
Job 176: 84/400
Job 176: 85/400
Job 176: 86/400
Job 176: 87/400
Job 176: 88/400
Job 176: 89/400
Job 176: 90/400
Job 176: 91/400
Job 176: 92/400
Job 176: 93/400
Job 176: 94/400
Job 176: 95/400
Job 176: 96/400
Job 176: 97/400
Job 176: 98/400
Job 176: 99/400
Job 176: 100/400
Job 176: 101/400
Job 176: 102/400
Job 176: 103/400
Job 176: 104/400
Job 176: 105/400
Job 176: 106/400
Job 176: 107/400
Job 176: 108/400
Job 176: 109/400
Job 176: 110/400
Job 176: 111/400
Job 176: 112/400
Job 176: 113/400
Job 176: 114/400
Job 176: 115/400
Job 176: 116/400
Job 176: 117/400
Job 176: 118/400
Job 176: 119/400
Job 176: 120/400
Job 176: 121/400
Job 176: 122/400
Job 176: 123/400
Job 176: 124/400
Job 176: 125/400
Job 176: 126/400
Job 176: 127/400
Job 176: 128/400
Job 176: 129/400
Job 176: 130/400
Job 176: 131/400
Job 176: 132/400
Job 176: 133/400
Job 176: 134/400
Job 176: 135/400
Job 176: 136/400
Job 176: 137/400
Job 176: 138/400
Job 176: 139/400
Job 176: 140/400
Job 176: 141/400
Job 176: 142/400
Job 176: 143/400
Job 176: 144/400
Job 176: 145/400
Job 176: 146/400
Job 176: 147/400
Job 176: 148/400
Job 176: 149/400
Job 176: 150/400
Job 176: 151/400
Job 176: 152/400
Job 176: 153/400
Job 176: 154/400
Job 176: 155/400
Job 176: 156/400
Job 176: 157/400
Job 176: 158/400
Job 176: 159/400
Job 176: 160/400
Job 176: 161/400
Job 176: 162/400
Job 176: 163/400
Job 176: 164/400
Job 176: 165/400
Job 176: 166/400
Job 176: 167/400
Job 176: 168/400
Job 176: 169/400
Job 176: 170/400
Job 176: 171/400
Job 176: 172/400
Job 176: 173/400
Job 176: 174/400
Job 176: 175/400
Job 176: 176/400
Job 176: 177/400
Job 176: 178/400
Job 176: 179/400
Job 176: 180/400
Job 176: 181/400
Job 176: 182/400
Job 176: 183/400
Job 176: 184/400
Job 176: 185/400
Job 176: 186/400
Job 176: 187/400
Job 176: 188/400
Job 176: 189/400
Job 176: 190/400
Job 176: 191/400
Job 176: 192/400
Job 176: 193/400
Job 176: 194/400
Job 176: 195/400
Job 176: 196/400
Job 176: 197/400
Job 176: 198/400
Job 176: 199/400
Job 176: 200/400
Job 176: 201/400
Job 176: 202/400
Job 176: 203/400
Job 176: 204/400
Job 176: 205/400
Job 176: 206/400
Job 176: 207/400
Job 176: 208/400
Job 176: 209/400
Job 176: 210/400
Job 176: 211/400
Job 176: 212/400
Job 176: 213/400
Job 176: 214/400
Job 176: 215/400
Job 176: 216/400
Job 176: 217/400
Job 176: 218/400
Job 176: 219/400
Job 176: 220/400
Job 176: 221/400
Job 176: 222/400
Job 176: 223/400
Job 176: 224/400
Job 176: 225/400
Job 176: 226/400
Job 176: 227/400
Job 176: 228/400
Job 176: 229/400
Job 176: 230/400
Job 176: 231/400
Job 176: 232/400
Job 176: 233/400
Job 176: 234/400
Job 176: 235/400
Job 176: 236/400
Job 176: 237/400
Job 176: 238/400
Job 176: 239/400
Job 176: 240/400
Job 176: 241/400
Job 176: 242/400
Job 176: 243/400
Job 176: 244/400
Job 176: 245/400
Job 176: 246/400
Job 176: 247/400
Job 176: 248/400
Job 176: 249/400
Job 176: 250/400
Job 176: 251/400
Job 176: 252/400
Job 176: 253/400
Job 176: 254/400
Job 176: 255/400
Job 176: 256/400
Job 176: 257/400
Job 176: 258/400
Job 176: 259/400
Job 176: 260/400
Job 176: 261/400
Job 176: 262/400
Job 176: 263/400
Job 176: 264/400
Job 176: 265/400
Job 176: 266/400
Job 176: 267/400
Job 176: 268/400
Job 176: 269/400
Job 176: 270/400
Job 176: 271/400
Job 176: 272/400
Job 176: 273/400
Job 176: 274/400
Job 176: 275/400
Job 176: 276/400
Job 176: 277/400
Job 176: 278/400
Job 176: 279/400
Job 176: 280/400
Job 176: 281/400
Job 176: 282/400
Job 176: 283/400
Job 176: 284/400
Job 176: 285/400
Job 176: 286/400
Job 176: 287/400
Job 176: 288/400
Job 176: 289/400
Job 176: 290/400
Job 176: 291/400
Job 176: 292/400
Job 176: 293/400
Job 176: 294/400
Job 176: 295/400
Job 176: 296/400
Job 176: 297/400
Job 176: 298/400
Job 176: 299/400
Job 176: 300/400
Job 176: 301/400
Job 176: 302/400
Job 176: 303/400
Job 176: 304/400
Job 176: 305/400
Job 176: 306/400
Job 176: 307/400
Job 176: 308/400
Job 176: 309/400
Job 176: 310/400
Job 176: 311/400
Job 176: 312/400
Job 176: 313/400
Job 176: 314/400
Job 176: 315/400
Job 176: 316/400
Job 176: 317/400
Job 176: 318/400
Job 176: 319/400
Job 176: 320/400
Job 176: 321/400
Job 176: 322/400
Job 176: 323/400
Job 176: 324/400
Job 176: 325/400
Job 176: 326/400
Job 176: 327/400
Job 176: 328/400
Job 176: 329/400
Job 176: 330/400
Job 176: 331/400
Job 176: 332/400
Job 176: 333/400
Job 176: 334/400
Job 176: 335/400
Job 176: 336/400
Job 176: 337/400
Job 176: 338/400
Job 176: 339/400
Job 176: 340/400
Job 176: 341/400
Job 176: 342/400
Job 176: 343/400
Job 176: 344/400
Job 176: 345/400
Job 176: 346/400
Job 176: 347/400
Job 176: 348/400
Job 176: 349/400
Job 176: 350/400
Job 176: 351/400
Job 176: 352/400
Job 176: 353/400
Job 176: 354/400
Job 176: 355/400
Job 176: 356/400
Job 176: 357/400
Job 176: 358/400
Job 176: 359/400
Job 176: 360/400
Job 176: 361/400
Job 176: 362/400
Job 176: 363/400
Job 176: 364/400
Job 176: 365/400
Job 176: 366/400
Job 176: 367/400
Job 176: 368/400
Job 176: 369/400
Job 176: 370/400
Job 176: 371/400
Job 176: 372/400
Job 176: 373/400
Job 176: 374/400
Job 176: 375/400
Job 176: 376/400
Job 176: 377/400
Job 176: 378/400
Job 176: 379/400
Job 176: 380/400
Job 176: 381/400
Job 176: 382/400
Job 176: 383/400
Job 176: 384/400
Job 176: 385/400
Job 176: 386/400
Job 176: 387/400
Job 176: 388/400
Job 176: 389/400
Job 176: 390/400
Job 176: 391/400
Job 176: 392/400
Job 176: 393/400
Job 176: 394/400
Job 176: 395/400
Job 176: 396/400
Job 176: 397/400
Job 176: 398/400
Job 176: 399/400
Job 176: 400/400
