Registered S3 methods overwritten by 'susieSlide':
  method              from  
  coef.susie          susieR
  predict.susie       susieR
  print.summary.susie susieR
  summary.susie       susieR
Job 468: 1/400
Job 468: 2/400
Job 468: 3/400
Job 468: 4/400
Job 468: 5/400
Job 468: 6/400
Job 468: 7/400
Job 468: 8/400
Job 468: 9/400
Job 468: 10/400
Job 468: 11/400
Job 468: 12/400
Job 468: 13/400
Job 468: 14/400
Job 468: 15/400
Job 468: 16/400
Job 468: 17/400
Job 468: 18/400
Job 468: 19/400
Job 468: 20/400
Job 468: 21/400
Job 468: 22/400
Job 468: 23/400
Job 468: 24/400
Job 468: 25/400
Job 468: 26/400
Job 468: 27/400
Job 468: 28/400
Job 468: 29/400
Job 468: 30/400
Job 468: 31/400
Job 468: 32/400
Job 468: 33/400
Job 468: 34/400
Job 468: 35/400
Job 468: 36/400
Job 468: 37/400
Job 468: 38/400
Job 468: 39/400
Job 468: 40/400
Job 468: 41/400
Job 468: 42/400
Job 468: 43/400
Job 468: 44/400
Job 468: 45/400
Job 468: 46/400
Job 468: 47/400
Job 468: 48/400
Job 468: 49/400
Job 468: 50/400
Job 468: 51/400
Job 468: 52/400
Job 468: 53/400
Job 468: 54/400
Job 468: 55/400
Job 468: 56/400
Job 468: 57/400
Job 468: 58/400
Job 468: 59/400
Job 468: 60/400
Job 468: 61/400
Job 468: 62/400
Job 468: 63/400
Job 468: 64/400
Job 468: 65/400
Job 468: 66/400
Job 468: 67/400
Job 468: 68/400
Job 468: 69/400
Job 468: 70/400
Job 468: 71/400
Job 468: 72/400
Job 468: 73/400
Job 468: 74/400
Job 468: 75/400
Job 468: 76/400
Job 468: 77/400
Job 468: 78/400
Job 468: 79/400
Job 468: 80/400
Job 468: 81/400
Job 468: 82/400
Job 468: 83/400
Job 468: 84/400
Job 468: 85/400
Job 468: 86/400
Job 468: 87/400
Job 468: 88/400
Job 468: 89/400
Job 468: 90/400
Job 468: 91/400
Job 468: 92/400
Job 468: 93/400
Job 468: 94/400
Job 468: 95/400
Job 468: 96/400
Job 468: 97/400
Job 468: 98/400
Job 468: 99/400
Job 468: 100/400
Job 468: 101/400
Job 468: 102/400
Job 468: 103/400
Job 468: 104/400
Job 468: 105/400
Job 468: 106/400
Job 468: 107/400
Job 468: 108/400
Job 468: 109/400
Job 468: 110/400
Job 468: 111/400
Job 468: 112/400
Job 468: 113/400
Job 468: 114/400
Job 468: 115/400
Job 468: 116/400
Job 468: 117/400
Job 468: 118/400
Job 468: 119/400
Job 468: 120/400
Job 468: 121/400
Job 468: 122/400
Job 468: 123/400
Job 468: 124/400
Job 468: 125/400
Job 468: 126/400
Job 468: 127/400
Job 468: 128/400
Job 468: 129/400
Job 468: 130/400
Job 468: 131/400
Job 468: 132/400
Job 468: 133/400
Job 468: 134/400
Job 468: 135/400
Job 468: 136/400
Job 468: 137/400
Job 468: 138/400
Job 468: 139/400
Job 468: 140/400
Job 468: 141/400
Job 468: 142/400
Job 468: 143/400
Job 468: 144/400
Job 468: 145/400
Job 468: 146/400
Job 468: 147/400
Job 468: 148/400
Job 468: 149/400
Job 468: 150/400
Job 468: 151/400
Job 468: 152/400
Job 468: 153/400
Job 468: 154/400
Job 468: 155/400
Job 468: 156/400
Job 468: 157/400
Job 468: 158/400
Job 468: 159/400
Job 468: 160/400
Job 468: 161/400
Job 468: 162/400
Job 468: 163/400
Job 468: 164/400
Job 468: 165/400
Job 468: 166/400
Job 468: 167/400
Job 468: 168/400
Job 468: 169/400
Job 468: 170/400
Job 468: 171/400
Job 468: 172/400
Job 468: 173/400
Job 468: 174/400
Job 468: 175/400
Job 468: 176/400
Job 468: 177/400
Job 468: 178/400
Job 468: 179/400
Job 468: 180/400
Job 468: 181/400
Job 468: 182/400
Job 468: 183/400
Job 468: 184/400
Job 468: 185/400
Job 468: 186/400
Job 468: 187/400
Job 468: 188/400
Job 468: 189/400
Job 468: 190/400
Job 468: 191/400
Job 468: 192/400
Job 468: 193/400
Job 468: 194/400
Job 468: 195/400
Job 468: 196/400
Job 468: 197/400
Job 468: 198/400
Job 468: 199/400
Job 468: 200/400
Job 468: 201/400
Job 468: 202/400
Job 468: 203/400
Job 468: 204/400
Job 468: 205/400
Job 468: 206/400
Job 468: 207/400
Job 468: 208/400
Job 468: 209/400
Job 468: 210/400
Job 468: 211/400
Job 468: 212/400
Job 468: 213/400
Job 468: 214/400
Job 468: 215/400
Job 468: 216/400
Job 468: 217/400
Job 468: 218/400
Job 468: 219/400
Job 468: 220/400
Job 468: 221/400
Job 468: 222/400
Job 468: 223/400
Job 468: 224/400
Job 468: 225/400
Job 468: 226/400
Job 468: 227/400
Job 468: 228/400
Job 468: 229/400
Job 468: 230/400
Job 468: 231/400
Job 468: 232/400
Job 468: 233/400
Job 468: 234/400
Job 468: 235/400
Job 468: 236/400
Job 468: 237/400
Job 468: 238/400
Job 468: 239/400
Job 468: 240/400
Job 468: 241/400
Job 468: 242/400
Job 468: 243/400
Job 468: 244/400
Job 468: 245/400
Job 468: 246/400
Job 468: 247/400
Job 468: 248/400
Job 468: 249/400
Job 468: 250/400
Job 468: 251/400
Job 468: 252/400
Job 468: 253/400
Job 468: 254/400
Job 468: 255/400
Job 468: 256/400
Job 468: 257/400
Job 468: 258/400
Job 468: 259/400
Job 468: 260/400
Job 468: 261/400
Job 468: 262/400
Job 468: 263/400
Job 468: 264/400
Job 468: 265/400
Job 468: 266/400
Job 468: 267/400
Job 468: 268/400
Job 468: 269/400
Job 468: 270/400
Job 468: 271/400
Job 468: 272/400
Job 468: 273/400
Job 468: 274/400
Job 468: 275/400
Job 468: 276/400
Job 468: 277/400
Job 468: 278/400
Job 468: 279/400
Job 468: 280/400
Job 468: 281/400
Job 468: 282/400
Job 468: 283/400
Job 468: 284/400
Job 468: 285/400
Job 468: 286/400
Job 468: 287/400
Job 468: 288/400
Job 468: 289/400
Job 468: 290/400
Job 468: 291/400
Job 468: 292/400
Job 468: 293/400
Job 468: 294/400
Job 468: 295/400
Job 468: 296/400
Job 468: 297/400
Job 468: 298/400
Job 468: 299/400
Job 468: 300/400
Job 468: 301/400
Job 468: 302/400
Job 468: 303/400
Job 468: 304/400
Job 468: 305/400
Job 468: 306/400
Job 468: 307/400
Job 468: 308/400
Job 468: 309/400
Job 468: 310/400
Job 468: 311/400
Job 468: 312/400
Job 468: 313/400
Job 468: 314/400
Job 468: 315/400
Job 468: 316/400
Job 468: 317/400
Job 468: 318/400
Job 468: 319/400
Job 468: 320/400
Job 468: 321/400
Job 468: 322/400
Job 468: 323/400
Job 468: 324/400
Job 468: 325/400
Job 468: 326/400
Job 468: 327/400
Job 468: 328/400
Job 468: 329/400
Job 468: 330/400
Job 468: 331/400
Job 468: 332/400
Job 468: 333/400
Job 468: 334/400
Job 468: 335/400
Job 468: 336/400
Job 468: 337/400
Job 468: 338/400
Job 468: 339/400
Job 468: 340/400
Job 468: 341/400
Job 468: 342/400
Job 468: 343/400
Job 468: 344/400
Job 468: 345/400
Job 468: 346/400
Job 468: 347/400
Job 468: 348/400
Job 468: 349/400
Job 468: 350/400
Job 468: 351/400
Job 468: 352/400
Job 468: 353/400
Job 468: 354/400
Job 468: 355/400
Job 468: 356/400
Job 468: 357/400
Job 468: 358/400
Job 468: 359/400
Job 468: 360/400
Job 468: 361/400
Job 468: 362/400
Job 468: 363/400
Job 468: 364/400
Job 468: 365/400
Job 468: 366/400
Job 468: 367/400
Job 468: 368/400
Job 468: 369/400
Job 468: 370/400
Job 468: 371/400
Job 468: 372/400
Job 468: 373/400
Job 468: 374/400
Job 468: 375/400
Job 468: 376/400
Job 468: 377/400
Job 468: 378/400
Job 468: 379/400
Job 468: 380/400
Job 468: 381/400
Job 468: 382/400
Job 468: 383/400
Job 468: 384/400
Job 468: 385/400
Job 468: 386/400
Job 468: 387/400
Job 468: 388/400
Job 468: 389/400
Job 468: 390/400
Job 468: 391/400
Job 468: 392/400
Job 468: 393/400
Job 468: 394/400
Job 468: 395/400
Job 468: 396/400
Job 468: 397/400
Job 468: 398/400
Job 468: 399/400
Job 468: 400/400
