Registered S3 methods overwritten by 'susieSlide':
  method              from  
  coef.susie          susieR
  predict.susie       susieR
  print.summary.susie susieR
  summary.susie       susieR
Job 179: 1/400
Job 179: 2/400
Job 179: 3/400
Job 179: 4/400
Job 179: 5/400
Job 179: 6/400
Job 179: 7/400
Job 179: 8/400
Job 179: 9/400
Job 179: 10/400
Job 179: 11/400
Job 179: 12/400
Job 179: 13/400
Job 179: 14/400
Job 179: 15/400
Job 179: 16/400
Job 179: 17/400
Job 179: 18/400
Job 179: 19/400
Job 179: 20/400
Job 179: 21/400
Job 179: 22/400
Job 179: 23/400
Job 179: 24/400
Job 179: 25/400
Job 179: 26/400
Job 179: 27/400
Job 179: 28/400
Job 179: 29/400
Job 179: 30/400
Job 179: 31/400
Job 179: 32/400
Job 179: 33/400
Job 179: 34/400
Job 179: 35/400
Job 179: 36/400
Job 179: 37/400
Job 179: 38/400
Job 179: 39/400
Job 179: 40/400
Job 179: 41/400
Job 179: 42/400
Job 179: 43/400
Job 179: 44/400
Job 179: 45/400
Job 179: 46/400
Job 179: 47/400
Job 179: 48/400
Job 179: 49/400
Job 179: 50/400
Job 179: 51/400
Job 179: 52/400
Job 179: 53/400
Job 179: 54/400
Job 179: 55/400
Job 179: 56/400
Job 179: 57/400
Job 179: 58/400
Job 179: 59/400
Job 179: 60/400
Job 179: 61/400
Job 179: 62/400
Job 179: 63/400
Job 179: 64/400
Job 179: 65/400
Job 179: 66/400
Job 179: 67/400
Job 179: 68/400
Job 179: 69/400
Job 179: 70/400
Job 179: 71/400
Job 179: 72/400
Job 179: 73/400
Job 179: 74/400
Job 179: 75/400
Job 179: 76/400
Job 179: 77/400
Job 179: 78/400
Job 179: 79/400
Job 179: 80/400
Job 179: 81/400
Job 179: 82/400
Job 179: 83/400
Job 179: 84/400
Job 179: 85/400
Job 179: 86/400
Job 179: 87/400
Job 179: 88/400
Job 179: 89/400
Job 179: 90/400
Job 179: 91/400
Job 179: 92/400
Job 179: 93/400
Job 179: 94/400
Job 179: 95/400
Job 179: 96/400
Job 179: 97/400
Job 179: 98/400
Job 179: 99/400
Job 179: 100/400
Job 179: 101/400
Job 179: 102/400
Job 179: 103/400
Job 179: 104/400
Job 179: 105/400
Job 179: 106/400
Job 179: 107/400
Job 179: 108/400
Job 179: 109/400
Job 179: 110/400
Job 179: 111/400
Job 179: 112/400
Job 179: 113/400
Job 179: 114/400
Job 179: 115/400
Job 179: 116/400
Job 179: 117/400
Job 179: 118/400
Job 179: 119/400
Job 179: 120/400
Job 179: 121/400
Job 179: 122/400
Job 179: 123/400
Job 179: 124/400
Job 179: 125/400
Job 179: 126/400
Job 179: 127/400
Job 179: 128/400
Job 179: 129/400
Job 179: 130/400
Job 179: 131/400
Job 179: 132/400
Job 179: 133/400
Job 179: 134/400
Job 179: 135/400
Job 179: 136/400
Job 179: 137/400
Job 179: 138/400
Job 179: 139/400
Job 179: 140/400
Job 179: 141/400
Job 179: 142/400
Job 179: 143/400
Job 179: 144/400
Job 179: 145/400
Job 179: 146/400
Job 179: 147/400
Job 179: 148/400
Job 179: 149/400
Job 179: 150/400
Job 179: 151/400
Job 179: 152/400
Job 179: 153/400
Job 179: 154/400
Job 179: 155/400
Job 179: 156/400
Job 179: 157/400
Job 179: 158/400
Job 179: 159/400
Job 179: 160/400
Job 179: 161/400
Job 179: 162/400
Job 179: 163/400
Job 179: 164/400
Job 179: 165/400
Job 179: 166/400
Job 179: 167/400
Job 179: 168/400
Job 179: 169/400
Job 179: 170/400
Job 179: 171/400
Job 179: 172/400
Job 179: 173/400
Job 179: 174/400
Job 179: 175/400
Job 179: 176/400
Job 179: 177/400
Job 179: 178/400
Job 179: 179/400
Job 179: 180/400
Job 179: 181/400
Job 179: 182/400
Job 179: 183/400
Job 179: 184/400
Job 179: 185/400
Job 179: 186/400
Job 179: 187/400
Job 179: 188/400
Job 179: 189/400
Job 179: 190/400
Job 179: 191/400
Job 179: 192/400
Job 179: 193/400
Job 179: 194/400
Job 179: 195/400
Job 179: 196/400
Job 179: 197/400
Job 179: 198/400
Job 179: 199/400
Job 179: 200/400
Job 179: 201/400
Job 179: 202/400
Job 179: 203/400
Job 179: 204/400
Job 179: 205/400
Job 179: 206/400
Job 179: 207/400
Job 179: 208/400
Job 179: 209/400
Job 179: 210/400
Job 179: 211/400
Job 179: 212/400
Job 179: 213/400
Job 179: 214/400
Job 179: 215/400
Job 179: 216/400
Job 179: 217/400
Job 179: 218/400
Job 179: 219/400
Job 179: 220/400
Job 179: 221/400
Job 179: 222/400
Job 179: 223/400
Job 179: 224/400
Job 179: 225/400
Job 179: 226/400
Job 179: 227/400
Job 179: 228/400
Job 179: 229/400
Job 179: 230/400
Job 179: 231/400
Job 179: 232/400
Job 179: 233/400
Job 179: 234/400
Job 179: 235/400
Job 179: 236/400
Job 179: 237/400
Job 179: 238/400
Job 179: 239/400
Job 179: 240/400
Job 179: 241/400
Job 179: 242/400
Job 179: 243/400
Job 179: 244/400
Job 179: 245/400
Job 179: 246/400
Job 179: 247/400
Job 179: 248/400
Job 179: 249/400
Job 179: 250/400
Job 179: 251/400
Job 179: 252/400
Job 179: 253/400
Job 179: 254/400
Job 179: 255/400
Job 179: 256/400
Job 179: 257/400
Job 179: 258/400
Job 179: 259/400
Job 179: 260/400
Job 179: 261/400
Job 179: 262/400
Job 179: 263/400
Job 179: 264/400
Job 179: 265/400
Job 179: 266/400
Job 179: 267/400
Job 179: 268/400
Job 179: 269/400
Job 179: 270/400
Job 179: 271/400
Job 179: 272/400
Job 179: 273/400
Job 179: 274/400
Job 179: 275/400
Job 179: 276/400
Job 179: 277/400
Job 179: 278/400
Job 179: 279/400
Job 179: 280/400
Job 179: 281/400
Job 179: 282/400
Job 179: 283/400
Job 179: 284/400
Job 179: 285/400
Job 179: 286/400
Job 179: 287/400
Job 179: 288/400
Job 179: 289/400
Job 179: 290/400
Job 179: 291/400
Job 179: 292/400
Job 179: 293/400
Job 179: 294/400
Job 179: 295/400
Job 179: 296/400
Job 179: 297/400
Job 179: 298/400
Job 179: 299/400
Job 179: 300/400
Job 179: 301/400
Job 179: 302/400
Job 179: 303/400
Job 179: 304/400
Job 179: 305/400
Job 179: 306/400
Job 179: 307/400
Job 179: 308/400
Job 179: 309/400
Job 179: 310/400
Job 179: 311/400
Job 179: 312/400
Job 179: 313/400
Job 179: 314/400
Job 179: 315/400
Job 179: 316/400
Job 179: 317/400
Job 179: 318/400
Job 179: 319/400
Job 179: 320/400
Job 179: 321/400
Job 179: 322/400
Job 179: 323/400
Job 179: 324/400
Job 179: 325/400
Job 179: 326/400
Job 179: 327/400
Job 179: 328/400
Job 179: 329/400
Job 179: 330/400
Job 179: 331/400
Job 179: 332/400
Job 179: 333/400
Job 179: 334/400
Job 179: 335/400
Job 179: 336/400
Job 179: 337/400
Job 179: 338/400
Job 179: 339/400
Job 179: 340/400
Job 179: 341/400
Job 179: 342/400
Job 179: 343/400
Job 179: 344/400
Job 179: 345/400
Job 179: 346/400
Job 179: 347/400
Job 179: 348/400
Job 179: 349/400
Job 179: 350/400
Job 179: 351/400
Job 179: 352/400
Job 179: 353/400
Job 179: 354/400
Job 179: 355/400
Job 179: 356/400
Job 179: 357/400
Job 179: 358/400
Job 179: 359/400
Job 179: 360/400
Job 179: 361/400
Job 179: 362/400
Job 179: 363/400
Job 179: 364/400
Job 179: 365/400
Job 179: 366/400
Job 179: 367/400
Job 179: 368/400
Job 179: 369/400
Job 179: 370/400
Job 179: 371/400
Job 179: 372/400
Job 179: 373/400
Job 179: 374/400
Job 179: 375/400
Job 179: 376/400
Job 179: 377/400
Job 179: 378/400
Job 179: 379/400
Job 179: 380/400
Job 179: 381/400
Job 179: 382/400
Job 179: 383/400
Job 179: 384/400
Job 179: 385/400
Job 179: 386/400
Job 179: 387/400
Job 179: 388/400
Job 179: 389/400
Job 179: 390/400
Job 179: 391/400
Job 179: 392/400
Job 179: 393/400
Job 179: 394/400
Job 179: 395/400
Job 179: 396/400
Job 179: 397/400
Job 179: 398/400
Job 179: 399/400
Job 179: 400/400
