Registered S3 methods overwritten by 'susieSlide':
  method              from  
  coef.susie          susieR
  predict.susie       susieR
  print.summary.susie susieR
  summary.susie       susieR
Job 490: 1/400
Job 490: 2/400
Job 490: 3/400
Job 490: 4/400
Job 490: 5/400
Job 490: 6/400
Job 490: 7/400
Job 490: 8/400
Job 490: 9/400
Job 490: 10/400
Job 490: 11/400
Job 490: 12/400
Job 490: 13/400
Job 490: 14/400
Job 490: 15/400
Job 490: 16/400
Job 490: 17/400
Job 490: 18/400
Job 490: 19/400
Job 490: 20/400
Job 490: 21/400
Job 490: 22/400
Job 490: 23/400
Job 490: 24/400
Job 490: 25/400
Job 490: 26/400
Job 490: 27/400
Job 490: 28/400
Job 490: 29/400
Job 490: 30/400
Job 490: 31/400
Job 490: 32/400
Job 490: 33/400
Job 490: 34/400
Job 490: 35/400
Job 490: 36/400
Job 490: 37/400
Job 490: 38/400
Job 490: 39/400
Job 490: 40/400
Job 490: 41/400
Job 490: 42/400
Job 490: 43/400
Job 490: 44/400
Job 490: 45/400
Job 490: 46/400
Job 490: 47/400
Job 490: 48/400
Job 490: 49/400
Job 490: 50/400
Job 490: 51/400
Job 490: 52/400
Job 490: 53/400
Job 490: 54/400
Job 490: 55/400
Job 490: 56/400
Job 490: 57/400
Job 490: 58/400
Job 490: 59/400
Job 490: 60/400
Job 490: 61/400
Job 490: 62/400
Job 490: 63/400
Job 490: 64/400
Job 490: 65/400
Job 490: 66/400
Job 490: 67/400
Job 490: 68/400
Job 490: 69/400
Job 490: 70/400
Job 490: 71/400
Job 490: 72/400
Job 490: 73/400
Job 490: 74/400
Job 490: 75/400
Job 490: 76/400
Job 490: 77/400
Job 490: 78/400
Job 490: 79/400
Job 490: 80/400
Job 490: 81/400
Job 490: 82/400
Job 490: 83/400
Job 490: 84/400
Job 490: 85/400
Job 490: 86/400
Job 490: 87/400
Job 490: 88/400
Job 490: 89/400
Job 490: 90/400
Job 490: 91/400
Job 490: 92/400
Job 490: 93/400
Job 490: 94/400
Job 490: 95/400
Job 490: 96/400
Job 490: 97/400
Job 490: 98/400
Job 490: 99/400
Job 490: 100/400
Job 490: 101/400
Job 490: 102/400
Job 490: 103/400
Job 490: 104/400
Job 490: 105/400
Job 490: 106/400
Job 490: 107/400
Job 490: 108/400
Job 490: 109/400
Job 490: 110/400
Job 490: 111/400
Job 490: 112/400
Job 490: 113/400
Job 490: 114/400
Job 490: 115/400
Job 490: 116/400
Job 490: 117/400
Job 490: 118/400
Job 490: 119/400
Job 490: 120/400
Job 490: 121/400
Job 490: 122/400
Job 490: 123/400
Job 490: 124/400
Job 490: 125/400
Job 490: 126/400
Job 490: 127/400
Job 490: 128/400
Job 490: 129/400
Job 490: 130/400
Job 490: 131/400
Job 490: 132/400
Job 490: 133/400
Job 490: 134/400
Job 490: 135/400
Job 490: 136/400
Job 490: 137/400
Job 490: 138/400
Job 490: 139/400
Job 490: 140/400
Job 490: 141/400
Job 490: 142/400
Job 490: 143/400
Job 490: 144/400
Job 490: 145/400
Job 490: 146/400
Job 490: 147/400
Job 490: 148/400
Job 490: 149/400
Job 490: 150/400
Job 490: 151/400
Job 490: 152/400
Job 490: 153/400
Job 490: 154/400
Job 490: 155/400
Job 490: 156/400
Job 490: 157/400
Job 490: 158/400
Job 490: 159/400
Job 490: 160/400
Job 490: 161/400
Job 490: 162/400
Job 490: 163/400
Job 490: 164/400
Job 490: 165/400
Job 490: 166/400
Job 490: 167/400
Job 490: 168/400
Job 490: 169/400
Job 490: 170/400
Job 490: 171/400
Job 490: 172/400
Job 490: 173/400
Job 490: 174/400
Job 490: 175/400
Job 490: 176/400
Job 490: 177/400
Job 490: 178/400
Job 490: 179/400
Job 490: 180/400
Job 490: 181/400
Job 490: 182/400
Job 490: 183/400
Job 490: 184/400
Job 490: 185/400
Job 490: 186/400
Job 490: 187/400
Job 490: 188/400
Job 490: 189/400
Job 490: 190/400
Job 490: 191/400
Job 490: 192/400
Job 490: 193/400
Job 490: 194/400
Job 490: 195/400
Job 490: 196/400
Job 490: 197/400
Job 490: 198/400
Job 490: 199/400
Job 490: 200/400
Job 490: 201/400
Job 490: 202/400
Job 490: 203/400
Job 490: 204/400
Job 490: 205/400
Job 490: 206/400
Job 490: 207/400
Job 490: 208/400
Job 490: 209/400
Job 490: 210/400
Job 490: 211/400
Job 490: 212/400
Job 490: 213/400
Job 490: 214/400
Job 490: 215/400
Job 490: 216/400
Job 490: 217/400
Job 490: 218/400
Job 490: 219/400
Job 490: 220/400
Job 490: 221/400
Job 490: 222/400
Job 490: 223/400
Job 490: 224/400
Job 490: 225/400
Job 490: 226/400
Job 490: 227/400
Job 490: 228/400
Job 490: 229/400
Job 490: 230/400
Job 490: 231/400
Job 490: 232/400
Job 490: 233/400
Job 490: 234/400
Job 490: 235/400
Job 490: 236/400
Job 490: 237/400
Job 490: 238/400
Job 490: 239/400
Job 490: 240/400
Job 490: 241/400
Job 490: 242/400
Job 490: 243/400
Job 490: 244/400
Job 490: 245/400
Job 490: 246/400
Job 490: 247/400
Job 490: 248/400
Job 490: 249/400
Job 490: 250/400
Job 490: 251/400
Job 490: 252/400
Job 490: 253/400
Job 490: 254/400
Job 490: 255/400
Job 490: 256/400
Job 490: 257/400
Job 490: 258/400
Job 490: 259/400
Job 490: 260/400
Job 490: 261/400
Job 490: 262/400
Job 490: 263/400
Job 490: 264/400
Job 490: 265/400
Job 490: 266/400
Job 490: 267/400
Job 490: 268/400
Job 490: 269/400
Job 490: 270/400
Job 490: 271/400
Job 490: 272/400
Job 490: 273/400
Job 490: 274/400
Job 490: 275/400
Job 490: 276/400
Job 490: 277/400
Job 490: 278/400
Job 490: 279/400
Job 490: 280/400
Job 490: 281/400
Job 490: 282/400
Job 490: 283/400
Job 490: 284/400
Job 490: 285/400
Job 490: 286/400
Job 490: 287/400
Job 490: 288/400
Job 490: 289/400
Job 490: 290/400
Job 490: 291/400
Job 490: 292/400
Job 490: 293/400
Job 490: 294/400
Job 490: 295/400
Job 490: 296/400
Job 490: 297/400
Job 490: 298/400
Job 490: 299/400
Job 490: 300/400
Job 490: 301/400
Job 490: 302/400
Job 490: 303/400
Job 490: 304/400
Job 490: 305/400
Job 490: 306/400
Job 490: 307/400
Job 490: 308/400
Job 490: 309/400
Job 490: 310/400
Job 490: 311/400
Job 490: 312/400
Job 490: 313/400
Job 490: 314/400
Job 490: 315/400
Job 490: 316/400
Job 490: 317/400
Job 490: 318/400
Job 490: 319/400
Job 490: 320/400
Job 490: 321/400
Job 490: 322/400
Job 490: 323/400
Job 490: 324/400
Job 490: 325/400
Job 490: 326/400
Job 490: 327/400
Job 490: 328/400
Job 490: 329/400
Job 490: 330/400
Job 490: 331/400
Job 490: 332/400
Job 490: 333/400
Job 490: 334/400
Job 490: 335/400
Job 490: 336/400
Job 490: 337/400
Job 490: 338/400
Job 490: 339/400
Job 490: 340/400
Job 490: 341/400
Job 490: 342/400
Job 490: 343/400
Job 490: 344/400
Job 490: 345/400
Job 490: 346/400
Job 490: 347/400
Job 490: 348/400
Job 490: 349/400
Job 490: 350/400
Job 490: 351/400
Job 490: 352/400
Job 490: 353/400
Job 490: 354/400
Job 490: 355/400
Job 490: 356/400
Job 490: 357/400
Job 490: 358/400
Job 490: 359/400
Job 490: 360/400
Job 490: 361/400
Job 490: 362/400
Job 490: 363/400
Job 490: 364/400
Job 490: 365/400
Job 490: 366/400
Job 490: 367/400
Job 490: 368/400
Job 490: 369/400
Job 490: 370/400
Job 490: 371/400
Job 490: 372/400
Job 490: 373/400
Job 490: 374/400
Job 490: 375/400
Job 490: 376/400
Job 490: 377/400
Job 490: 378/400
Job 490: 379/400
Job 490: 380/400
Job 490: 381/400
Job 490: 382/400
Job 490: 383/400
Job 490: 384/400
Job 490: 385/400
Job 490: 386/400
Job 490: 387/400
Job 490: 388/400
Job 490: 389/400
Job 490: 390/400
Job 490: 391/400
Job 490: 392/400
Job 490: 393/400
Job 490: 394/400
Job 490: 395/400
Job 490: 396/400
Job 490: 397/400
Job 490: 398/400
Job 490: 399/400
Job 490: 400/400
