Registered S3 methods overwritten by 'susieSlide':
  method              from  
  coef.susie          susieR
  predict.susie       susieR
  print.summary.susie susieR
  summary.susie       susieR
Job 586: 1/400
Job 586: 2/400
Job 586: 3/400
Job 586: 4/400
Job 586: 5/400
Job 586: 6/400
Job 586: 7/400
Job 586: 8/400
Job 586: 9/400
Job 586: 10/400
Job 586: 11/400
Job 586: 12/400
Job 586: 13/400
Job 586: 14/400
Job 586: 15/400
Job 586: 16/400
Job 586: 17/400
Job 586: 18/400
Job 586: 19/400
Job 586: 20/400
Job 586: 21/400
Job 586: 22/400
Job 586: 23/400
Job 586: 24/400
Job 586: 25/400
Job 586: 26/400
Job 586: 27/400
Job 586: 28/400
Job 586: 29/400
Job 586: 30/400
Job 586: 31/400
Job 586: 32/400
Job 586: 33/400
Job 586: 34/400
Job 586: 35/400
Job 586: 36/400
Job 586: 37/400
Job 586: 38/400
Job 586: 39/400
Job 586: 40/400
Job 586: 41/400
Job 586: 42/400
Job 586: 43/400
Job 586: 44/400
Job 586: 45/400
Job 586: 46/400
Job 586: 47/400
Job 586: 48/400
Job 586: 49/400
Job 586: 50/400
Job 586: 51/400
Job 586: 52/400
Job 586: 53/400
Job 586: 54/400
Job 586: 55/400
Job 586: 56/400
Job 586: 57/400
Job 586: 58/400
Job 586: 59/400
Job 586: 60/400
Job 586: 61/400
Job 586: 62/400
Job 586: 63/400
Job 586: 64/400
Job 586: 65/400
Job 586: 66/400
Job 586: 67/400
Job 586: 68/400
Job 586: 69/400
Job 586: 70/400
Job 586: 71/400
Job 586: 72/400
Job 586: 73/400
Job 586: 74/400
Job 586: 75/400
Job 586: 76/400
Job 586: 77/400
Job 586: 78/400
Job 586: 79/400
Job 586: 80/400
Job 586: 81/400
Job 586: 82/400
Job 586: 83/400
Job 586: 84/400
Job 586: 85/400
Job 586: 86/400
Job 586: 87/400
Job 586: 88/400
Job 586: 89/400
Job 586: 90/400
Job 586: 91/400
Job 586: 92/400
Job 586: 93/400
Job 586: 94/400
Job 586: 95/400
Job 586: 96/400
Job 586: 97/400
Job 586: 98/400
Job 586: 99/400
Job 586: 100/400
Job 586: 101/400
Job 586: 102/400
Job 586: 103/400
Job 586: 104/400
Job 586: 105/400
Job 586: 106/400
Job 586: 107/400
Job 586: 108/400
Job 586: 109/400
Job 586: 110/400
Job 586: 111/400
Job 586: 112/400
Job 586: 113/400
Job 586: 114/400
Job 586: 115/400
Job 586: 116/400
Job 586: 117/400
Job 586: 118/400
Job 586: 119/400
Job 586: 120/400
Job 586: 121/400
Job 586: 122/400
Job 586: 123/400
Job 586: 124/400
Job 586: 125/400
Job 586: 126/400
Job 586: 127/400
Job 586: 128/400
Job 586: 129/400
Job 586: 130/400
Job 586: 131/400
Job 586: 132/400
Job 586: 133/400
Job 586: 134/400
Job 586: 135/400
Job 586: 136/400
Job 586: 137/400
Job 586: 138/400
Job 586: 139/400
Job 586: 140/400
Job 586: 141/400
Job 586: 142/400
Job 586: 143/400
Job 586: 144/400
Job 586: 145/400
Job 586: 146/400
Job 586: 147/400
Job 586: 148/400
Job 586: 149/400
Job 586: 150/400
Job 586: 151/400
Job 586: 152/400
Job 586: 153/400
Job 586: 154/400
Job 586: 155/400
Job 586: 156/400
Job 586: 157/400
Job 586: 158/400
Job 586: 159/400
Job 586: 160/400
Job 586: 161/400
Job 586: 162/400
Job 586: 163/400
Job 586: 164/400
Job 586: 165/400
Job 586: 166/400
Job 586: 167/400
Job 586: 168/400
Job 586: 169/400
Job 586: 170/400
Job 586: 171/400
Job 586: 172/400
Job 586: 173/400
Job 586: 174/400
Job 586: 175/400
Job 586: 176/400
Job 586: 177/400
Job 586: 178/400
Job 586: 179/400
Job 586: 180/400
Job 586: 181/400
Job 586: 182/400
Job 586: 183/400
Job 586: 184/400
Job 586: 185/400
Job 586: 186/400
Job 586: 187/400
Job 586: 188/400
Job 586: 189/400
Job 586: 190/400
Job 586: 191/400
Job 586: 192/400
Job 586: 193/400
Job 586: 194/400
Job 586: 195/400
Job 586: 196/400
Job 586: 197/400
Job 586: 198/400
Job 586: 199/400
Job 586: 200/400
Job 586: 201/400
Job 586: 202/400
Job 586: 203/400
Job 586: 204/400
Job 586: 205/400
Job 586: 206/400
Job 586: 207/400
Job 586: 208/400
Job 586: 209/400
Job 586: 210/400
Job 586: 211/400
Job 586: 212/400
Job 586: 213/400
Job 586: 214/400
Job 586: 215/400
Job 586: 216/400
Job 586: 217/400
Job 586: 218/400
Job 586: 219/400
Job 586: 220/400
Job 586: 221/400
Job 586: 222/400
Job 586: 223/400
Job 586: 224/400
Job 586: 225/400
Job 586: 226/400
Job 586: 227/400
Job 586: 228/400
Job 586: 229/400
Job 586: 230/400
Job 586: 231/400
Job 586: 232/400
Job 586: 233/400
Job 586: 234/400
Job 586: 235/400
Job 586: 236/400
Job 586: 237/400
Job 586: 238/400
Job 586: 239/400
Job 586: 240/400
Job 586: 241/400
Job 586: 242/400
Job 586: 243/400
Job 586: 244/400
Job 586: 245/400
Job 586: 246/400
Job 586: 247/400
Job 586: 248/400
Job 586: 249/400
Job 586: 250/400
Job 586: 251/400
Job 586: 252/400
Job 586: 253/400
Job 586: 254/400
Job 586: 255/400
Job 586: 256/400
Job 586: 257/400
Job 586: 258/400
Job 586: 259/400
Job 586: 260/400
Job 586: 261/400
Job 586: 262/400
Job 586: 263/400
Job 586: 264/400
Job 586: 265/400
Job 586: 266/400
Job 586: 267/400
Job 586: 268/400
Job 586: 269/400
Job 586: 270/400
Job 586: 271/400
Job 586: 272/400
Job 586: 273/400
Job 586: 274/400
Job 586: 275/400
Job 586: 276/400
Job 586: 277/400
Job 586: 278/400
Job 586: 279/400
Job 586: 280/400
Job 586: 281/400
Job 586: 282/400
Job 586: 283/400
Job 586: 284/400
Job 586: 285/400
Job 586: 286/400
Job 586: 287/400
Job 586: 288/400
Job 586: 289/400
Job 586: 290/400
Job 586: 291/400
Job 586: 292/400
Job 586: 293/400
Job 586: 294/400
Job 586: 295/400
Job 586: 296/400
Job 586: 297/400
Job 586: 298/400
Job 586: 299/400
Job 586: 300/400
Job 586: 301/400
Job 586: 302/400
Job 586: 303/400
Job 586: 304/400
Job 586: 305/400
Job 586: 306/400
Job 586: 307/400
Job 586: 308/400
Job 586: 309/400
Job 586: 310/400
Job 586: 311/400
Job 586: 312/400
Job 586: 313/400
Job 586: 314/400
Job 586: 315/400
Job 586: 316/400
Job 586: 317/400
Job 586: 318/400
Job 586: 319/400
Job 586: 320/400
Job 586: 321/400
Job 586: 322/400
Job 586: 323/400
Job 586: 324/400
Job 586: 325/400
Job 586: 326/400
Job 586: 327/400
Job 586: 328/400
Job 586: 329/400
Job 586: 330/400
Job 586: 331/400
Job 586: 332/400
Job 586: 333/400
Job 586: 334/400
Job 586: 335/400
Job 586: 336/400
Job 586: 337/400
Job 586: 338/400
Job 586: 339/400
Job 586: 340/400
Job 586: 341/400
Job 586: 342/400
Job 586: 343/400
Job 586: 344/400
Job 586: 345/400
Job 586: 346/400
Job 586: 347/400
Job 586: 348/400
Job 586: 349/400
Job 586: 350/400
Job 586: 351/400
Job 586: 352/400
Job 586: 353/400
Job 586: 354/400
Job 586: 355/400
Job 586: 356/400
Job 586: 357/400
Job 586: 358/400
Job 586: 359/400
Job 586: 360/400
Job 586: 361/400
Job 586: 362/400
Job 586: 363/400
Job 586: 364/400
Job 586: 365/400
Job 586: 366/400
Job 586: 367/400
Job 586: 368/400
Job 586: 369/400
Job 586: 370/400
Job 586: 371/400
Job 586: 372/400
Job 586: 373/400
Job 586: 374/400
Job 586: 375/400
Job 586: 376/400
Job 586: 377/400
Job 586: 378/400
Job 586: 379/400
Job 586: 380/400
Job 586: 381/400
Job 586: 382/400
Job 586: 383/400
Job 586: 384/400
Job 586: 385/400
Job 586: 386/400
Job 586: 387/400
Job 586: 388/400
Job 586: 389/400
Job 586: 390/400
Job 586: 391/400
Job 586: 392/400
Job 586: 393/400
Job 586: 394/400
Job 586: 395/400
Job 586: 396/400
Job 586: 397/400
Job 586: 398/400
Job 586: 399/400
Job 586: 400/400
