Registered S3 methods overwritten by 'susieSlide':
  method              from  
  coef.susie          susieR
  predict.susie       susieR
  print.summary.susie susieR
  summary.susie       susieR
Job 438: 1/400
Job 438: 2/400
Job 438: 3/400
Job 438: 4/400
Job 438: 5/400
Job 438: 6/400
Job 438: 7/400
Job 438: 8/400
Job 438: 9/400
Job 438: 10/400
Job 438: 11/400
Job 438: 12/400
Job 438: 13/400
Job 438: 14/400
Job 438: 15/400
Job 438: 16/400
Job 438: 17/400
Job 438: 18/400
Job 438: 19/400
Job 438: 20/400
Job 438: 21/400
Job 438: 22/400
Job 438: 23/400
Job 438: 24/400
Job 438: 25/400
Job 438: 26/400
Job 438: 27/400
Job 438: 28/400
Job 438: 29/400
Job 438: 30/400
Job 438: 31/400
Job 438: 32/400
Job 438: 33/400
Job 438: 34/400
Job 438: 35/400
Job 438: 36/400
Job 438: 37/400
Job 438: 38/400
Job 438: 39/400
Job 438: 40/400
Job 438: 41/400
Job 438: 42/400
Job 438: 43/400
Job 438: 44/400
Job 438: 45/400
Job 438: 46/400
Job 438: 47/400
Job 438: 48/400
Job 438: 49/400
Job 438: 50/400
Job 438: 51/400
Job 438: 52/400
Job 438: 53/400
Job 438: 54/400
Job 438: 55/400
Job 438: 56/400
Job 438: 57/400
Job 438: 58/400
Job 438: 59/400
Job 438: 60/400
Job 438: 61/400
Job 438: 62/400
Job 438: 63/400
Job 438: 64/400
Job 438: 65/400
Job 438: 66/400
Job 438: 67/400
Job 438: 68/400
Job 438: 69/400
Job 438: 70/400
Job 438: 71/400
Job 438: 72/400
Job 438: 73/400
Job 438: 74/400
Job 438: 75/400
Job 438: 76/400
Job 438: 77/400
Job 438: 78/400
Job 438: 79/400
Job 438: 80/400
Job 438: 81/400
Job 438: 82/400
Job 438: 83/400
Job 438: 84/400
Job 438: 85/400
Job 438: 86/400
Job 438: 87/400
Job 438: 88/400
Job 438: 89/400
Job 438: 90/400
Job 438: 91/400
Job 438: 92/400
Job 438: 93/400
Job 438: 94/400
Job 438: 95/400
Job 438: 96/400
Job 438: 97/400
Job 438: 98/400
Job 438: 99/400
Job 438: 100/400
Job 438: 101/400
Job 438: 102/400
Job 438: 103/400
Job 438: 104/400
Job 438: 105/400
Job 438: 106/400
Job 438: 107/400
Job 438: 108/400
Job 438: 109/400
Job 438: 110/400
Job 438: 111/400
Job 438: 112/400
Job 438: 113/400
Job 438: 114/400
Job 438: 115/400
Job 438: 116/400
Job 438: 117/400
Job 438: 118/400
Job 438: 119/400
Job 438: 120/400
Job 438: 121/400
Job 438: 122/400
Job 438: 123/400
Job 438: 124/400
Job 438: 125/400
Job 438: 126/400
Job 438: 127/400
Job 438: 128/400
Job 438: 129/400
Job 438: 130/400
Job 438: 131/400
Job 438: 132/400
Job 438: 133/400
Job 438: 134/400
Job 438: 135/400
Job 438: 136/400
Job 438: 137/400
Job 438: 138/400
Job 438: 139/400
Job 438: 140/400
Job 438: 141/400
Job 438: 142/400
Job 438: 143/400
Job 438: 144/400
Job 438: 145/400
Job 438: 146/400
Job 438: 147/400
Job 438: 148/400
Job 438: 149/400
Job 438: 150/400
Job 438: 151/400
Job 438: 152/400
Job 438: 153/400
Job 438: 154/400
Job 438: 155/400
Job 438: 156/400
Job 438: 157/400
Job 438: 158/400
Job 438: 159/400
Job 438: 160/400
Job 438: 161/400
Job 438: 162/400
Job 438: 163/400
Job 438: 164/400
Job 438: 165/400
Job 438: 166/400
Job 438: 167/400
Job 438: 168/400
Job 438: 169/400
Job 438: 170/400
Job 438: 171/400
Job 438: 172/400
Job 438: 173/400
Job 438: 174/400
Job 438: 175/400
Job 438: 176/400
Job 438: 177/400
Job 438: 178/400
Job 438: 179/400
Job 438: 180/400
Job 438: 181/400
Job 438: 182/400
Job 438: 183/400
Job 438: 184/400
Job 438: 185/400
Job 438: 186/400
Job 438: 187/400
Job 438: 188/400
Job 438: 189/400
Job 438: 190/400
Job 438: 191/400
Job 438: 192/400
Job 438: 193/400
Job 438: 194/400
Job 438: 195/400
Job 438: 196/400
Job 438: 197/400
Job 438: 198/400
Job 438: 199/400
Job 438: 200/400
Job 438: 201/400
Job 438: 202/400
Job 438: 203/400
Job 438: 204/400
Job 438: 205/400
Job 438: 206/400
Job 438: 207/400
Job 438: 208/400
Job 438: 209/400
Job 438: 210/400
Job 438: 211/400
Job 438: 212/400
Job 438: 213/400
Job 438: 214/400
Job 438: 215/400
Job 438: 216/400
Job 438: 217/400
Job 438: 218/400
Job 438: 219/400
Job 438: 220/400
Job 438: 221/400
Job 438: 222/400
Job 438: 223/400
Job 438: 224/400
Job 438: 225/400
Job 438: 226/400
Job 438: 227/400
Job 438: 228/400
Job 438: 229/400
Job 438: 230/400
Job 438: 231/400
Job 438: 232/400
Job 438: 233/400
Job 438: 234/400
Job 438: 235/400
Job 438: 236/400
Job 438: 237/400
Job 438: 238/400
Job 438: 239/400
Job 438: 240/400
Job 438: 241/400
Job 438: 242/400
Job 438: 243/400
Job 438: 244/400
Job 438: 245/400
Job 438: 246/400
Job 438: 247/400
Job 438: 248/400
Job 438: 249/400
Job 438: 250/400
Job 438: 251/400
Job 438: 252/400
Job 438: 253/400
Job 438: 254/400
Job 438: 255/400
Job 438: 256/400
Job 438: 257/400
Job 438: 258/400
Job 438: 259/400
Job 438: 260/400
Job 438: 261/400
Job 438: 262/400
Job 438: 263/400
Job 438: 264/400
Job 438: 265/400
Job 438: 266/400
Job 438: 267/400
Job 438: 268/400
Job 438: 269/400
Job 438: 270/400
Job 438: 271/400
Job 438: 272/400
Job 438: 273/400
Job 438: 274/400
Job 438: 275/400
Job 438: 276/400
Job 438: 277/400
Job 438: 278/400
Job 438: 279/400
Job 438: 280/400
Job 438: 281/400
Job 438: 282/400
Job 438: 283/400
Job 438: 284/400
Job 438: 285/400
Job 438: 286/400
Job 438: 287/400
Job 438: 288/400
Job 438: 289/400
Job 438: 290/400
Job 438: 291/400
Job 438: 292/400
Job 438: 293/400
Job 438: 294/400
Job 438: 295/400
Job 438: 296/400
Job 438: 297/400
Job 438: 298/400
Job 438: 299/400
Job 438: 300/400
Job 438: 301/400
Job 438: 302/400
Job 438: 303/400
Job 438: 304/400
Job 438: 305/400
Job 438: 306/400
Job 438: 307/400
Job 438: 308/400
Job 438: 309/400
Job 438: 310/400
Job 438: 311/400
Job 438: 312/400
Job 438: 313/400
Job 438: 314/400
Job 438: 315/400
Job 438: 316/400
Job 438: 317/400
Job 438: 318/400
Job 438: 319/400
Job 438: 320/400
Job 438: 321/400
Job 438: 322/400
Job 438: 323/400
Job 438: 324/400
Job 438: 325/400
Job 438: 326/400
Job 438: 327/400
Job 438: 328/400
Job 438: 329/400
Job 438: 330/400
Job 438: 331/400
Job 438: 332/400
Job 438: 333/400
Job 438: 334/400
Job 438: 335/400
Job 438: 336/400
Job 438: 337/400
Job 438: 338/400
Job 438: 339/400
Job 438: 340/400
Job 438: 341/400
Job 438: 342/400
Job 438: 343/400
Job 438: 344/400
Job 438: 345/400
Job 438: 346/400
Job 438: 347/400
Job 438: 348/400
Job 438: 349/400
Job 438: 350/400
Job 438: 351/400
Job 438: 352/400
Job 438: 353/400
Job 438: 354/400
Job 438: 355/400
Job 438: 356/400
Job 438: 357/400
Job 438: 358/400
Job 438: 359/400
Job 438: 360/400
Job 438: 361/400
Job 438: 362/400
Job 438: 363/400
Job 438: 364/400
Job 438: 365/400
Job 438: 366/400
Job 438: 367/400
Job 438: 368/400
Job 438: 369/400
Job 438: 370/400
Job 438: 371/400
Job 438: 372/400
Job 438: 373/400
Job 438: 374/400
Job 438: 375/400
Job 438: 376/400
Job 438: 377/400
Job 438: 378/400
Job 438: 379/400
Job 438: 380/400
Job 438: 381/400
Job 438: 382/400
Job 438: 383/400
Job 438: 384/400
Job 438: 385/400
Job 438: 386/400
Job 438: 387/400
Job 438: 388/400
Job 438: 389/400
Job 438: 390/400
Job 438: 391/400
Job 438: 392/400
Job 438: 393/400
Job 438: 394/400
Job 438: 395/400
Job 438: 396/400
Job 438: 397/400
Job 438: 398/400
Job 438: 399/400
Job 438: 400/400
