Registered S3 methods overwritten by 'susieSlide':
  method              from  
  coef.susie          susieR
  predict.susie       susieR
  print.summary.susie susieR
  summary.susie       susieR
Job 595: 1/400
Job 595: 2/400
Job 595: 3/400
Job 595: 4/400
Job 595: 5/400
Job 595: 6/400
Job 595: 7/400
Job 595: 8/400
Job 595: 9/400
Job 595: 10/400
Job 595: 11/400
Job 595: 12/400
Job 595: 13/400
Job 595: 14/400
Job 595: 15/400
Job 595: 16/400
Job 595: 17/400
Job 595: 18/400
Job 595: 19/400
Job 595: 20/400
Job 595: 21/400
Job 595: 22/400
Job 595: 23/400
Job 595: 24/400
Job 595: 25/400
Job 595: 26/400
Job 595: 27/400
Job 595: 28/400
Job 595: 29/400
Job 595: 30/400
Job 595: 31/400
Job 595: 32/400
Job 595: 33/400
Job 595: 34/400
Job 595: 35/400
Job 595: 36/400
Job 595: 37/400
Job 595: 38/400
Job 595: 39/400
Job 595: 40/400
Job 595: 41/400
Job 595: 42/400
Job 595: 43/400
Job 595: 44/400
Job 595: 45/400
Job 595: 46/400
Job 595: 47/400
Job 595: 48/400
Job 595: 49/400
Job 595: 50/400
Job 595: 51/400
Job 595: 52/400
Job 595: 53/400
Job 595: 54/400
Job 595: 55/400
Job 595: 56/400
Job 595: 57/400
Job 595: 58/400
Job 595: 59/400
Job 595: 60/400
Job 595: 61/400
Job 595: 62/400
Job 595: 63/400
Job 595: 64/400
Job 595: 65/400
Job 595: 66/400
Job 595: 67/400
Job 595: 68/400
Job 595: 69/400
Job 595: 70/400
Job 595: 71/400
Job 595: 72/400
Job 595: 73/400
Job 595: 74/400
Job 595: 75/400
Job 595: 76/400
Job 595: 77/400
Job 595: 78/400
Job 595: 79/400
Job 595: 80/400
Job 595: 81/400
Job 595: 82/400
Job 595: 83/400
Job 595: 84/400
Job 595: 85/400
Job 595: 86/400
Job 595: 87/400
Job 595: 88/400
Job 595: 89/400
Job 595: 90/400
Job 595: 91/400
Job 595: 92/400
Job 595: 93/400
Job 595: 94/400
Job 595: 95/400
Job 595: 96/400
Job 595: 97/400
Job 595: 98/400
Job 595: 99/400
Job 595: 100/400
Job 595: 101/400
Job 595: 102/400
Job 595: 103/400
Job 595: 104/400
Job 595: 105/400
Job 595: 106/400
Job 595: 107/400
Job 595: 108/400
Job 595: 109/400
Job 595: 110/400
Job 595: 111/400
Job 595: 112/400
Job 595: 113/400
Job 595: 114/400
Job 595: 115/400
Job 595: 116/400
Job 595: 117/400
Job 595: 118/400
Job 595: 119/400
Job 595: 120/400
Job 595: 121/400
Job 595: 122/400
Job 595: 123/400
Job 595: 124/400
Job 595: 125/400
Job 595: 126/400
Job 595: 127/400
Job 595: 128/400
Job 595: 129/400
Job 595: 130/400
Job 595: 131/400
Job 595: 132/400
Job 595: 133/400
Job 595: 134/400
Job 595: 135/400
Job 595: 136/400
Job 595: 137/400
Job 595: 138/400
Job 595: 139/400
Job 595: 140/400
Job 595: 141/400
Job 595: 142/400
Job 595: 143/400
Job 595: 144/400
Job 595: 145/400
Job 595: 146/400
Job 595: 147/400
Job 595: 148/400
Job 595: 149/400
Job 595: 150/400
Job 595: 151/400
Job 595: 152/400
Job 595: 153/400
Job 595: 154/400
Job 595: 155/400
Job 595: 156/400
Job 595: 157/400
Job 595: 158/400
Job 595: 159/400
Job 595: 160/400
Job 595: 161/400
Job 595: 162/400
Job 595: 163/400
Job 595: 164/400
Job 595: 165/400
Job 595: 166/400
Job 595: 167/400
Job 595: 168/400
Job 595: 169/400
Job 595: 170/400
Job 595: 171/400
Job 595: 172/400
Job 595: 173/400
Job 595: 174/400
Job 595: 175/400
Job 595: 176/400
Job 595: 177/400
Job 595: 178/400
Job 595: 179/400
Job 595: 180/400
Job 595: 181/400
Job 595: 182/400
Job 595: 183/400
Job 595: 184/400
Job 595: 185/400
Job 595: 186/400
Job 595: 187/400
Job 595: 188/400
Job 595: 189/400
Job 595: 190/400
Job 595: 191/400
Job 595: 192/400
Job 595: 193/400
Job 595: 194/400
Job 595: 195/400
Job 595: 196/400
Job 595: 197/400
Job 595: 198/400
Job 595: 199/400
Job 595: 200/400
Job 595: 201/400
Job 595: 202/400
Job 595: 203/400
Job 595: 204/400
Job 595: 205/400
Job 595: 206/400
Job 595: 207/400
Job 595: 208/400
Job 595: 209/400
Job 595: 210/400
Job 595: 211/400
Job 595: 212/400
Job 595: 213/400
Job 595: 214/400
Job 595: 215/400
Job 595: 216/400
Job 595: 217/400
Job 595: 218/400
Job 595: 219/400
Job 595: 220/400
Job 595: 221/400
Job 595: 222/400
Job 595: 223/400
Job 595: 224/400
Job 595: 225/400
Job 595: 226/400
Job 595: 227/400
Job 595: 228/400
Job 595: 229/400
Job 595: 230/400
Job 595: 231/400
Job 595: 232/400
Job 595: 233/400
Job 595: 234/400
Job 595: 235/400
Job 595: 236/400
Job 595: 237/400
Job 595: 238/400
Job 595: 239/400
Job 595: 240/400
Job 595: 241/400
Job 595: 242/400
Job 595: 243/400
Job 595: 244/400
Job 595: 245/400
Job 595: 246/400
Job 595: 247/400
Job 595: 248/400
Job 595: 249/400
Job 595: 250/400
Job 595: 251/400
Job 595: 252/400
Job 595: 253/400
Job 595: 254/400
Job 595: 255/400
Job 595: 256/400
Job 595: 257/400
Job 595: 258/400
Job 595: 259/400
Job 595: 260/400
Job 595: 261/400
Job 595: 262/400
Job 595: 263/400
Job 595: 264/400
Job 595: 265/400
Job 595: 266/400
Job 595: 267/400
Job 595: 268/400
Job 595: 269/400
Job 595: 270/400
Job 595: 271/400
Job 595: 272/400
Job 595: 273/400
Job 595: 274/400
Job 595: 275/400
Job 595: 276/400
Job 595: 277/400
Job 595: 278/400
Job 595: 279/400
Job 595: 280/400
Job 595: 281/400
Job 595: 282/400
Job 595: 283/400
Job 595: 284/400
Job 595: 285/400
Job 595: 286/400
Job 595: 287/400
Job 595: 288/400
Job 595: 289/400
Job 595: 290/400
Job 595: 291/400
Job 595: 292/400
Job 595: 293/400
Job 595: 294/400
Job 595: 295/400
Job 595: 296/400
Job 595: 297/400
Job 595: 298/400
Job 595: 299/400
Job 595: 300/400
Job 595: 301/400
Job 595: 302/400
Job 595: 303/400
Job 595: 304/400
Job 595: 305/400
Job 595: 306/400
Job 595: 307/400
Job 595: 308/400
Job 595: 309/400
Job 595: 310/400
Job 595: 311/400
Job 595: 312/400
Job 595: 313/400
Job 595: 314/400
Job 595: 315/400
Job 595: 316/400
Job 595: 317/400
Job 595: 318/400
Job 595: 319/400
Job 595: 320/400
Job 595: 321/400
Job 595: 322/400
Job 595: 323/400
Job 595: 324/400
Job 595: 325/400
Job 595: 326/400
Job 595: 327/400
Job 595: 328/400
Job 595: 329/400
Job 595: 330/400
Job 595: 331/400
Job 595: 332/400
Job 595: 333/400
Job 595: 334/400
Job 595: 335/400
Job 595: 336/400
Job 595: 337/400
Job 595: 338/400
Job 595: 339/400
Job 595: 340/400
Job 595: 341/400
Job 595: 342/400
Job 595: 343/400
Job 595: 344/400
Job 595: 345/400
Job 595: 346/400
Job 595: 347/400
Job 595: 348/400
Job 595: 349/400
Job 595: 350/400
Job 595: 351/400
Job 595: 352/400
Job 595: 353/400
Job 595: 354/400
Job 595: 355/400
Job 595: 356/400
Job 595: 357/400
Job 595: 358/400
Job 595: 359/400
Job 595: 360/400
Job 595: 361/400
Job 595: 362/400
Job 595: 363/400
Job 595: 364/400
Job 595: 365/400
Job 595: 366/400
Job 595: 367/400
Job 595: 368/400
Job 595: 369/400
Job 595: 370/400
Job 595: 371/400
Job 595: 372/400
Job 595: 373/400
Job 595: 374/400
Job 595: 375/400
Job 595: 376/400
Job 595: 377/400
Job 595: 378/400
Job 595: 379/400
Job 595: 380/400
Job 595: 381/400
Job 595: 382/400
Job 595: 383/400
Job 595: 384/400
Job 595: 385/400
Job 595: 386/400
Job 595: 387/400
Job 595: 388/400
Job 595: 389/400
Job 595: 390/400
Job 595: 391/400
Job 595: 392/400
Job 595: 393/400
Job 595: 394/400
Job 595: 395/400
Job 595: 396/400
Job 595: 397/400
Job 595: 398/400
Job 595: 399/400
Job 595: 400/400
