Registered S3 methods overwritten by 'susieSlide':
  method              from  
  coef.susie          susieR
  predict.susie       susieR
  print.summary.susie susieR
  summary.susie       susieR
Job 547: 1/400
Job 547: 2/400
Job 547: 3/400
Job 547: 4/400
Job 547: 5/400
Job 547: 6/400
Job 547: 7/400
Job 547: 8/400
Job 547: 9/400
Job 547: 10/400
Job 547: 11/400
Job 547: 12/400
Job 547: 13/400
Job 547: 14/400
Job 547: 15/400
Job 547: 16/400
Job 547: 17/400
Job 547: 18/400
Job 547: 19/400
Job 547: 20/400
Job 547: 21/400
Job 547: 22/400
Job 547: 23/400
Job 547: 24/400
Job 547: 25/400
Job 547: 26/400
Job 547: 27/400
Job 547: 28/400
Job 547: 29/400
Job 547: 30/400
Job 547: 31/400
Job 547: 32/400
Job 547: 33/400
Job 547: 34/400
Job 547: 35/400
Job 547: 36/400
Job 547: 37/400
Job 547: 38/400
Job 547: 39/400
Job 547: 40/400
Job 547: 41/400
Job 547: 42/400
Job 547: 43/400
Job 547: 44/400
Job 547: 45/400
Job 547: 46/400
Job 547: 47/400
Job 547: 48/400
Job 547: 49/400
Job 547: 50/400
Job 547: 51/400
Job 547: 52/400
Job 547: 53/400
Job 547: 54/400
Job 547: 55/400
Job 547: 56/400
Job 547: 57/400
Job 547: 58/400
Job 547: 59/400
Job 547: 60/400
Job 547: 61/400
Job 547: 62/400
Job 547: 63/400
Job 547: 64/400
Job 547: 65/400
Job 547: 66/400
Job 547: 67/400
Job 547: 68/400
Job 547: 69/400
Job 547: 70/400
Job 547: 71/400
Job 547: 72/400
Job 547: 73/400
Job 547: 74/400
Job 547: 75/400
Job 547: 76/400
Job 547: 77/400
Job 547: 78/400
Job 547: 79/400
Job 547: 80/400
Job 547: 81/400
Job 547: 82/400
Job 547: 83/400
Job 547: 84/400
Job 547: 85/400
Job 547: 86/400
Job 547: 87/400
Job 547: 88/400
Job 547: 89/400
Job 547: 90/400
Job 547: 91/400
Job 547: 92/400
Job 547: 93/400
Job 547: 94/400
Job 547: 95/400
Job 547: 96/400
Job 547: 97/400
Job 547: 98/400
Job 547: 99/400
Job 547: 100/400
Job 547: 101/400
Job 547: 102/400
Job 547: 103/400
Job 547: 104/400
Job 547: 105/400
Job 547: 106/400
Job 547: 107/400
Job 547: 108/400
Job 547: 109/400
Job 547: 110/400
Job 547: 111/400
Job 547: 112/400
Job 547: 113/400
Job 547: 114/400
Job 547: 115/400
Job 547: 116/400
Job 547: 117/400
Job 547: 118/400
Job 547: 119/400
Job 547: 120/400
Job 547: 121/400
Job 547: 122/400
Job 547: 123/400
Job 547: 124/400
Job 547: 125/400
Job 547: 126/400
Job 547: 127/400
Job 547: 128/400
Job 547: 129/400
Job 547: 130/400
Job 547: 131/400
Job 547: 132/400
Job 547: 133/400
Job 547: 134/400
Job 547: 135/400
Job 547: 136/400
Job 547: 137/400
Job 547: 138/400
Job 547: 139/400
Job 547: 140/400
Job 547: 141/400
Job 547: 142/400
Job 547: 143/400
Job 547: 144/400
Job 547: 145/400
Job 547: 146/400
Job 547: 147/400
Job 547: 148/400
Job 547: 149/400
Job 547: 150/400
Job 547: 151/400
Job 547: 152/400
Job 547: 153/400
Job 547: 154/400
Job 547: 155/400
Job 547: 156/400
Job 547: 157/400
Job 547: 158/400
Job 547: 159/400
Job 547: 160/400
Job 547: 161/400
Job 547: 162/400
Job 547: 163/400
Job 547: 164/400
Job 547: 165/400
Job 547: 166/400
Job 547: 167/400
Job 547: 168/400
Job 547: 169/400
Job 547: 170/400
Job 547: 171/400
Job 547: 172/400
Job 547: 173/400
Job 547: 174/400
Job 547: 175/400
Job 547: 176/400
Job 547: 177/400
Job 547: 178/400
Job 547: 179/400
Job 547: 180/400
Job 547: 181/400
Job 547: 182/400
Job 547: 183/400
Job 547: 184/400
Job 547: 185/400
Job 547: 186/400
Job 547: 187/400
Job 547: 188/400
Job 547: 189/400
Job 547: 190/400
Job 547: 191/400
Job 547: 192/400
Job 547: 193/400
Job 547: 194/400
Job 547: 195/400
Job 547: 196/400
Job 547: 197/400
Job 547: 198/400
Job 547: 199/400
Job 547: 200/400
Job 547: 201/400
Job 547: 202/400
Job 547: 203/400
Job 547: 204/400
Job 547: 205/400
Job 547: 206/400
Job 547: 207/400
Job 547: 208/400
Job 547: 209/400
Job 547: 210/400
Job 547: 211/400
Job 547: 212/400
Job 547: 213/400
Job 547: 214/400
Job 547: 215/400
Job 547: 216/400
Job 547: 217/400
Job 547: 218/400
Job 547: 219/400
Job 547: 220/400
Job 547: 221/400
Job 547: 222/400
Job 547: 223/400
Job 547: 224/400
Job 547: 225/400
Job 547: 226/400
Job 547: 227/400
Job 547: 228/400
Job 547: 229/400
Job 547: 230/400
Job 547: 231/400
Job 547: 232/400
Job 547: 233/400
Job 547: 234/400
Job 547: 235/400
Job 547: 236/400
Job 547: 237/400
Job 547: 238/400
Job 547: 239/400
Job 547: 240/400
Job 547: 241/400
Job 547: 242/400
Job 547: 243/400
Job 547: 244/400
Job 547: 245/400
Job 547: 246/400
Job 547: 247/400
Job 547: 248/400
Job 547: 249/400
Job 547: 250/400
Job 547: 251/400
Job 547: 252/400
Job 547: 253/400
Job 547: 254/400
Job 547: 255/400
Job 547: 256/400
Job 547: 257/400
Job 547: 258/400
Job 547: 259/400
Job 547: 260/400
Job 547: 261/400
Job 547: 262/400
Job 547: 263/400
Job 547: 264/400
Job 547: 265/400
Job 547: 266/400
Job 547: 267/400
Job 547: 268/400
Job 547: 269/400
Job 547: 270/400
Job 547: 271/400
Job 547: 272/400
Job 547: 273/400
Job 547: 274/400
Job 547: 275/400
Job 547: 276/400
Job 547: 277/400
Job 547: 278/400
Job 547: 279/400
Job 547: 280/400
Job 547: 281/400
Job 547: 282/400
Job 547: 283/400
Job 547: 284/400
Job 547: 285/400
Job 547: 286/400
Job 547: 287/400
Job 547: 288/400
Job 547: 289/400
Job 547: 290/400
Job 547: 291/400
Job 547: 292/400
Job 547: 293/400
Job 547: 294/400
Job 547: 295/400
Job 547: 296/400
Job 547: 297/400
Job 547: 298/400
Job 547: 299/400
Job 547: 300/400
Job 547: 301/400
Job 547: 302/400
Job 547: 303/400
Job 547: 304/400
Job 547: 305/400
Job 547: 306/400
Job 547: 307/400
Job 547: 308/400
Job 547: 309/400
Job 547: 310/400
Job 547: 311/400
Job 547: 312/400
Job 547: 313/400
Job 547: 314/400
Job 547: 315/400
Job 547: 316/400
Job 547: 317/400
Job 547: 318/400
Job 547: 319/400
Job 547: 320/400
Job 547: 321/400
Job 547: 322/400
Job 547: 323/400
Job 547: 324/400
Job 547: 325/400
Job 547: 326/400
Job 547: 327/400
Job 547: 328/400
Job 547: 329/400
Job 547: 330/400
Job 547: 331/400
Job 547: 332/400
Job 547: 333/400
Job 547: 334/400
Job 547: 335/400
Job 547: 336/400
Job 547: 337/400
Job 547: 338/400
Job 547: 339/400
Job 547: 340/400
Job 547: 341/400
Job 547: 342/400
Job 547: 343/400
Job 547: 344/400
Job 547: 345/400
Job 547: 346/400
Job 547: 347/400
Job 547: 348/400
Job 547: 349/400
Job 547: 350/400
Job 547: 351/400
Job 547: 352/400
Job 547: 353/400
Job 547: 354/400
Job 547: 355/400
Job 547: 356/400
Job 547: 357/400
Job 547: 358/400
Job 547: 359/400
Job 547: 360/400
Job 547: 361/400
Job 547: 362/400
Job 547: 363/400
Job 547: 364/400
Job 547: 365/400
Job 547: 366/400
Job 547: 367/400
Job 547: 368/400
Job 547: 369/400
Job 547: 370/400
Job 547: 371/400
Job 547: 372/400
Job 547: 373/400
Job 547: 374/400
Job 547: 375/400
Job 547: 376/400
Job 547: 377/400
Job 547: 378/400
Job 547: 379/400
Job 547: 380/400
Job 547: 381/400
Job 547: 382/400
Job 547: 383/400
Job 547: 384/400
Job 547: 385/400
Job 547: 386/400
Job 547: 387/400
Job 547: 388/400
Job 547: 389/400
Job 547: 390/400
Job 547: 391/400
Job 547: 392/400
Job 547: 393/400
Job 547: 394/400
Job 547: 395/400
Job 547: 396/400
Job 547: 397/400
Job 547: 398/400
Job 547: 399/400
Job 547: 400/400
