Registered S3 methods overwritten by 'susieSlide':
  method              from  
  coef.susie          susieR
  predict.susie       susieR
  print.summary.susie susieR
  summary.susie       susieR
Job 308: 1/400
Job 308: 2/400
Job 308: 3/400
Job 308: 4/400
Job 308: 5/400
Job 308: 6/400
Job 308: 7/400
Job 308: 8/400
Job 308: 9/400
Job 308: 10/400
Job 308: 11/400
Job 308: 12/400
Job 308: 13/400
Job 308: 14/400
Job 308: 15/400
Job 308: 16/400
Job 308: 17/400
Job 308: 18/400
Job 308: 19/400
Job 308: 20/400
Job 308: 21/400
Job 308: 22/400
Job 308: 23/400
Job 308: 24/400
Job 308: 25/400
Job 308: 26/400
Job 308: 27/400
Job 308: 28/400
Job 308: 29/400
Job 308: 30/400
Job 308: 31/400
Job 308: 32/400
Job 308: 33/400
Job 308: 34/400
Job 308: 35/400
Job 308: 36/400
Job 308: 37/400
Job 308: 38/400
Job 308: 39/400
Job 308: 40/400
Job 308: 41/400
Job 308: 42/400
Job 308: 43/400
Job 308: 44/400
Job 308: 45/400
Job 308: 46/400
Job 308: 47/400
Job 308: 48/400
Job 308: 49/400
Job 308: 50/400
Job 308: 51/400
Job 308: 52/400
Job 308: 53/400
Job 308: 54/400
Job 308: 55/400
Job 308: 56/400
Job 308: 57/400
Job 308: 58/400
Job 308: 59/400
Job 308: 60/400
Job 308: 61/400
Job 308: 62/400
Job 308: 63/400
Job 308: 64/400
Job 308: 65/400
Job 308: 66/400
Job 308: 67/400
Job 308: 68/400
Job 308: 69/400
Job 308: 70/400
Job 308: 71/400
Job 308: 72/400
Job 308: 73/400
Job 308: 74/400
Job 308: 75/400
Job 308: 76/400
Job 308: 77/400
Job 308: 78/400
Job 308: 79/400
Job 308: 80/400
Job 308: 81/400
Job 308: 82/400
Job 308: 83/400
Job 308: 84/400
Job 308: 85/400
Job 308: 86/400
Job 308: 87/400
Job 308: 88/400
Job 308: 89/400
Job 308: 90/400
Job 308: 91/400
Job 308: 92/400
Job 308: 93/400
Job 308: 94/400
Job 308: 95/400
Job 308: 96/400
Job 308: 97/400
Job 308: 98/400
Job 308: 99/400
Job 308: 100/400
Job 308: 101/400
Job 308: 102/400
Job 308: 103/400
Job 308: 104/400
Job 308: 105/400
Job 308: 106/400
Job 308: 107/400
Job 308: 108/400
Job 308: 109/400
Job 308: 110/400
Job 308: 111/400
Job 308: 112/400
Job 308: 113/400
Job 308: 114/400
Job 308: 115/400
Job 308: 116/400
Job 308: 117/400
Job 308: 118/400
Job 308: 119/400
Job 308: 120/400
Job 308: 121/400
Job 308: 122/400
Job 308: 123/400
Job 308: 124/400
Job 308: 125/400
Job 308: 126/400
Job 308: 127/400
Job 308: 128/400
Job 308: 129/400
Job 308: 130/400
Job 308: 131/400
Job 308: 132/400
Job 308: 133/400
Job 308: 134/400
Job 308: 135/400
Job 308: 136/400
Job 308: 137/400
Job 308: 138/400
Job 308: 139/400
Job 308: 140/400
Job 308: 141/400
Job 308: 142/400
Job 308: 143/400
Job 308: 144/400
Job 308: 145/400
Job 308: 146/400
Job 308: 147/400
Job 308: 148/400
Job 308: 149/400
Job 308: 150/400
Job 308: 151/400
Job 308: 152/400
Job 308: 153/400
Job 308: 154/400
Job 308: 155/400
Job 308: 156/400
Job 308: 157/400
Job 308: 158/400
Job 308: 159/400
Job 308: 160/400
Job 308: 161/400
Job 308: 162/400
Job 308: 163/400
Job 308: 164/400
Job 308: 165/400
Job 308: 166/400
Job 308: 167/400
Job 308: 168/400
Job 308: 169/400
Job 308: 170/400
Job 308: 171/400
Job 308: 172/400
Job 308: 173/400
Job 308: 174/400
Job 308: 175/400
Job 308: 176/400
Job 308: 177/400
Job 308: 178/400
Job 308: 179/400
Job 308: 180/400
Job 308: 181/400
Job 308: 182/400
Job 308: 183/400
Job 308: 184/400
Job 308: 185/400
Job 308: 186/400
Job 308: 187/400
Job 308: 188/400
Job 308: 189/400
Job 308: 190/400
Job 308: 191/400
Job 308: 192/400
Job 308: 193/400
Job 308: 194/400
Job 308: 195/400
Job 308: 196/400
Job 308: 197/400
Job 308: 198/400
Job 308: 199/400
Job 308: 200/400
Job 308: 201/400
Job 308: 202/400
Job 308: 203/400
Job 308: 204/400
Job 308: 205/400
Job 308: 206/400
Job 308: 207/400
Job 308: 208/400
Job 308: 209/400
Job 308: 210/400
Job 308: 211/400
Job 308: 212/400
Job 308: 213/400
Job 308: 214/400
Job 308: 215/400
Job 308: 216/400
Job 308: 217/400
Job 308: 218/400
Job 308: 219/400
Job 308: 220/400
Job 308: 221/400
Job 308: 222/400
Job 308: 223/400
Job 308: 224/400
Job 308: 225/400
Job 308: 226/400
Job 308: 227/400
Job 308: 228/400
Job 308: 229/400
Job 308: 230/400
Job 308: 231/400
Job 308: 232/400
Job 308: 233/400
Job 308: 234/400 ERROR: object 'target_gene' not found
Job 308: 235/400
Job 308: 236/400
Job 308: 237/400
Job 308: 238/400
Job 308: 239/400
Job 308: 240/400
Job 308: 241/400
Job 308: 242/400
Job 308: 243/400
Job 308: 244/400
Job 308: 245/400
Job 308: 246/400
Job 308: 247/400
Job 308: 248/400
Job 308: 249/400
Job 308: 250/400
Job 308: 251/400
Job 308: 252/400
Job 308: 253/400
Job 308: 254/400
Job 308: 255/400
Job 308: 256/400
Job 308: 257/400
Job 308: 258/400
Job 308: 259/400
Job 308: 260/400
Job 308: 261/400
Job 308: 262/400
Job 308: 263/400
Job 308: 264/400
Job 308: 265/400
Job 308: 266/400
Job 308: 267/400
Job 308: 268/400
Job 308: 269/400
Job 308: 270/400
Job 308: 271/400
Job 308: 272/400
Job 308: 273/400
Job 308: 274/400
Job 308: 275/400
Job 308: 276/400
Job 308: 277/400
Job 308: 278/400
Job 308: 279/400
Job 308: 280/400
Job 308: 281/400
Job 308: 282/400
Job 308: 283/400
Job 308: 284/400
Job 308: 285/400
Job 308: 286/400
Job 308: 287/400
Job 308: 288/400
Job 308: 289/400
Job 308: 290/400
Job 308: 291/400
Job 308: 292/400
Job 308: 293/400
Job 308: 294/400
Job 308: 295/400
Job 308: 296/400
Job 308: 297/400
Job 308: 298/400
Job 308: 299/400
Job 308: 300/400
Job 308: 301/400
Job 308: 302/400
Job 308: 303/400
Job 308: 304/400
Job 308: 305/400
Job 308: 306/400
Job 308: 307/400
Job 308: 308/400
Job 308: 309/400
Job 308: 310/400
Job 308: 311/400
Job 308: 312/400
Job 308: 313/400
Job 308: 314/400
Job 308: 315/400
Job 308: 316/400
Job 308: 317/400
Job 308: 318/400
Job 308: 319/400
Job 308: 320/400
Job 308: 321/400
Job 308: 322/400
Job 308: 323/400
Job 308: 324/400
Job 308: 325/400
Job 308: 326/400
Job 308: 327/400
Job 308: 328/400
Job 308: 329/400
Job 308: 330/400
Job 308: 331/400
Job 308: 332/400
Job 308: 333/400
Job 308: 334/400
Job 308: 335/400
Job 308: 336/400
Job 308: 337/400
Job 308: 338/400
Job 308: 339/400
Job 308: 340/400
Job 308: 341/400
Job 308: 342/400
Job 308: 343/400
Job 308: 344/400
Job 308: 345/400
Job 308: 346/400
Job 308: 347/400
Job 308: 348/400
Job 308: 349/400
Job 308: 350/400
Job 308: 351/400
Job 308: 352/400
Job 308: 353/400
Job 308: 354/400
Job 308: 355/400
Job 308: 356/400
Job 308: 357/400
Job 308: 358/400
Job 308: 359/400
Job 308: 360/400
Job 308: 361/400
Job 308: 362/400
Job 308: 363/400
Job 308: 364/400
Job 308: 365/400
Job 308: 366/400
Job 308: 367/400
Job 308: 368/400
Job 308: 369/400
Job 308: 370/400
Job 308: 371/400
Job 308: 372/400
Job 308: 373/400
Job 308: 374/400
Job 308: 375/400
Job 308: 376/400
Job 308: 377/400
Job 308: 378/400
Job 308: 379/400
Job 308: 380/400
Job 308: 381/400
Job 308: 382/400
Job 308: 383/400
Job 308: 384/400
Job 308: 385/400
Job 308: 386/400
Job 308: 387/400
Job 308: 388/400
Job 308: 389/400
Job 308: 390/400
Job 308: 391/400
Job 308: 392/400
Job 308: 393/400
Job 308: 394/400
Job 308: 395/400
Job 308: 396/400
Job 308: 397/400
Job 308: 398/400
Job 308: 399/400
Job 308: 400/400
