Registered S3 methods overwritten by 'susieSlide':
  method              from  
  coef.susie          susieR
  predict.susie       susieR
  print.summary.susie susieR
  summary.susie       susieR
Job 239: 1/400
Job 239: 2/400
Job 239: 3/400
Job 239: 4/400
Job 239: 5/400
Job 239: 6/400
Job 239: 7/400
Job 239: 8/400
Job 239: 9/400
Job 239: 10/400
Job 239: 11/400
Job 239: 12/400
Job 239: 13/400
Job 239: 14/400
Job 239: 15/400
Job 239: 16/400
Job 239: 17/400
Job 239: 18/400
Job 239: 19/400
Job 239: 20/400
Job 239: 21/400
Job 239: 22/400
Job 239: 23/400
Job 239: 24/400
Job 239: 25/400
Job 239: 26/400
Job 239: 27/400
Job 239: 28/400
Job 239: 29/400
Job 239: 30/400
Job 239: 31/400
Job 239: 32/400
Job 239: 33/400
Job 239: 34/400
Job 239: 35/400
Job 239: 36/400
Job 239: 37/400
Job 239: 38/400
Job 239: 39/400
Job 239: 40/400
Job 239: 41/400
Job 239: 42/400
Job 239: 43/400
Job 239: 44/400
Job 239: 45/400
Job 239: 46/400
Job 239: 47/400
Job 239: 48/400
Job 239: 49/400
Job 239: 50/400
Job 239: 51/400
Job 239: 52/400
Job 239: 53/400
Job 239: 54/400
Job 239: 55/400
Job 239: 56/400
Job 239: 57/400
Job 239: 58/400
Job 239: 59/400
Job 239: 60/400
Job 239: 61/400
Job 239: 62/400
Job 239: 63/400
Job 239: 64/400
Job 239: 65/400
Job 239: 66/400
Job 239: 67/400
Job 239: 68/400
Job 239: 69/400
Job 239: 70/400
Job 239: 71/400
Job 239: 72/400
Job 239: 73/400
Job 239: 74/400
Job 239: 75/400
Job 239: 76/400
Job 239: 77/400
Job 239: 78/400
Job 239: 79/400
Job 239: 80/400
Job 239: 81/400
Job 239: 82/400
Job 239: 83/400
Job 239: 84/400
Job 239: 85/400
Job 239: 86/400
Job 239: 87/400
Job 239: 88/400
Job 239: 89/400
Job 239: 90/400
Job 239: 91/400
Job 239: 92/400
Job 239: 93/400
Job 239: 94/400
Job 239: 95/400
Job 239: 96/400
Job 239: 97/400
Job 239: 98/400
Job 239: 99/400
Job 239: 100/400
Job 239: 101/400
Job 239: 102/400
Job 239: 103/400
Job 239: 104/400
Job 239: 105/400
Job 239: 106/400
Job 239: 107/400
Job 239: 108/400
Job 239: 109/400
Job 239: 110/400
Job 239: 111/400
Job 239: 112/400
Job 239: 113/400
Job 239: 114/400
Job 239: 115/400
Job 239: 116/400
Job 239: 117/400
Job 239: 118/400
Job 239: 119/400
Job 239: 120/400
Job 239: 121/400
Job 239: 122/400
Job 239: 123/400
Job 239: 124/400
Job 239: 125/400
Job 239: 126/400
Job 239: 127/400
Job 239: 128/400
Job 239: 129/400
Job 239: 130/400
Job 239: 131/400
Job 239: 132/400
Job 239: 133/400
Job 239: 134/400
Job 239: 135/400
Job 239: 136/400
Job 239: 137/400
Job 239: 138/400
Job 239: 139/400
Job 239: 140/400
Job 239: 141/400
Job 239: 142/400
Job 239: 143/400
Job 239: 144/400
Job 239: 145/400
Job 239: 146/400
Job 239: 147/400
Job 239: 148/400
Job 239: 149/400
Job 239: 150/400
Job 239: 151/400
Job 239: 152/400
Job 239: 153/400
Job 239: 154/400
Job 239: 155/400
Job 239: 156/400
Job 239: 157/400
Job 239: 158/400
Job 239: 159/400
Job 239: 160/400
Job 239: 161/400
Job 239: 162/400
Job 239: 163/400
Job 239: 164/400
Job 239: 165/400
Job 239: 166/400
Job 239: 167/400
Job 239: 168/400
Job 239: 169/400
Job 239: 170/400
Job 239: 171/400
Job 239: 172/400
Job 239: 173/400
Job 239: 174/400
Job 239: 175/400
Job 239: 176/400
Job 239: 177/400
Job 239: 178/400
Job 239: 179/400
Job 239: 180/400
Job 239: 181/400
Job 239: 182/400
Job 239: 183/400
Job 239: 184/400
Job 239: 185/400
Job 239: 186/400
Job 239: 187/400
Job 239: 188/400
Job 239: 189/400
Job 239: 190/400
Job 239: 191/400
Job 239: 192/400
Job 239: 193/400
Job 239: 194/400
Job 239: 195/400
Job 239: 196/400
Job 239: 197/400
Job 239: 198/400
Job 239: 199/400
Job 239: 200/400
Job 239: 201/400
Job 239: 202/400
Job 239: 203/400
Job 239: 204/400
Job 239: 205/400
Job 239: 206/400
Job 239: 207/400
Job 239: 208/400
Job 239: 209/400
Job 239: 210/400
Job 239: 211/400
Job 239: 212/400
Job 239: 213/400
Job 239: 214/400
Job 239: 215/400
Job 239: 216/400
Job 239: 217/400
Job 239: 218/400
Job 239: 219/400
Job 239: 220/400
Job 239: 221/400
Job 239: 222/400
Job 239: 223/400
Job 239: 224/400
Job 239: 225/400
Job 239: 226/400
Job 239: 227/400
Job 239: 228/400
Job 239: 229/400
Job 239: 230/400
Job 239: 231/400
Job 239: 232/400
Job 239: 233/400
Job 239: 234/400
Job 239: 235/400
Job 239: 236/400
Job 239: 237/400
Job 239: 238/400
Job 239: 239/400
Job 239: 240/400
Job 239: 241/400
Job 239: 242/400
Job 239: 243/400
Job 239: 244/400
Job 239: 245/400
Job 239: 246/400
Job 239: 247/400
Job 239: 248/400
Job 239: 249/400
Job 239: 250/400
Job 239: 251/400
Job 239: 252/400
Job 239: 253/400
Job 239: 254/400
Job 239: 255/400
Job 239: 256/400
Job 239: 257/400
Job 239: 258/400
Job 239: 259/400
Job 239: 260/400
Job 239: 261/400
Job 239: 262/400
Job 239: 263/400
Job 239: 264/400
Job 239: 265/400
Job 239: 266/400
Job 239: 267/400
Job 239: 268/400
Job 239: 269/400
Job 239: 270/400
Job 239: 271/400
Job 239: 272/400
Job 239: 273/400
Job 239: 274/400
Job 239: 275/400
Job 239: 276/400
Job 239: 277/400
Job 239: 278/400
Job 239: 279/400
Job 239: 280/400
Job 239: 281/400
Job 239: 282/400
Job 239: 283/400
Job 239: 284/400
Job 239: 285/400
Job 239: 286/400
Job 239: 287/400
Job 239: 288/400
Job 239: 289/400
Job 239: 290/400
Job 239: 291/400
Job 239: 292/400
Job 239: 293/400
Job 239: 294/400
Job 239: 295/400
Job 239: 296/400
Job 239: 297/400
Job 239: 298/400
Job 239: 299/400
Job 239: 300/400
Job 239: 301/400
Job 239: 302/400
Job 239: 303/400
Job 239: 304/400
Job 239: 305/400
Job 239: 306/400
Job 239: 307/400
Job 239: 308/400
Job 239: 309/400
Job 239: 310/400
Job 239: 311/400
Job 239: 312/400
Job 239: 313/400
Job 239: 314/400
Job 239: 315/400
Job 239: 316/400
Job 239: 317/400
Job 239: 318/400
Job 239: 319/400
Job 239: 320/400
Job 239: 321/400
Job 239: 322/400
Job 239: 323/400
Job 239: 324/400
Job 239: 325/400
Job 239: 326/400
Job 239: 327/400
Job 239: 328/400
Job 239: 329/400
Job 239: 330/400
Job 239: 331/400
Job 239: 332/400
Job 239: 333/400
Job 239: 334/400
Job 239: 335/400
Job 239: 336/400
Job 239: 337/400
Job 239: 338/400
Job 239: 339/400
Job 239: 340/400
Job 239: 341/400
Job 239: 342/400
Job 239: 343/400
Job 239: 344/400
Job 239: 345/400
Job 239: 346/400
Job 239: 347/400
Job 239: 348/400
Job 239: 349/400
Job 239: 350/400
Job 239: 351/400
Job 239: 352/400
Job 239: 353/400
Job 239: 354/400
Job 239: 355/400
Job 239: 356/400
Job 239: 357/400
Job 239: 358/400
Job 239: 359/400
Job 239: 360/400
Job 239: 361/400
Job 239: 362/400
Job 239: 363/400
Job 239: 364/400
Job 239: 365/400
Job 239: 366/400
Job 239: 367/400
Job 239: 368/400
Job 239: 369/400
Job 239: 370/400
Job 239: 371/400
Job 239: 372/400
Job 239: 373/400
Job 239: 374/400
Job 239: 375/400
Job 239: 376/400
Job 239: 377/400
Job 239: 378/400
Job 239: 379/400
Job 239: 380/400
Job 239: 381/400
Job 239: 382/400
Job 239: 383/400
Job 239: 384/400
Job 239: 385/400
Job 239: 386/400
Job 239: 387/400
Job 239: 388/400
Job 239: 389/400
Job 239: 390/400
Job 239: 391/400
Job 239: 392/400
Job 239: 393/400
Job 239: 394/400
Job 239: 395/400
Job 239: 396/400
Job 239: 397/400
Job 239: 398/400
Job 239: 399/400
Job 239: 400/400
