Registered S3 methods overwritten by 'susieSlide':
  method              from  
  coef.susie          susieR
  predict.susie       susieR
  print.summary.susie susieR
  summary.susie       susieR
Job 342: 1/400
Job 342: 2/400
Job 342: 3/400
Job 342: 4/400
Job 342: 5/400
Job 342: 6/400
Job 342: 7/400
Job 342: 8/400
Job 342: 9/400
Job 342: 10/400
Job 342: 11/400
Job 342: 12/400
Job 342: 13/400
Job 342: 14/400
Job 342: 15/400
Job 342: 16/400
Job 342: 17/400
Job 342: 18/400
Job 342: 19/400
Job 342: 20/400
Job 342: 21/400
Job 342: 22/400
Job 342: 23/400
Job 342: 24/400
Job 342: 25/400
Job 342: 26/400
Job 342: 27/400
Job 342: 28/400
Job 342: 29/400
Job 342: 30/400
Job 342: 31/400
Job 342: 32/400
Job 342: 33/400
Job 342: 34/400
Job 342: 35/400
Job 342: 36/400
Job 342: 37/400
Job 342: 38/400
Job 342: 39/400
Job 342: 40/400
Job 342: 41/400
Job 342: 42/400
Job 342: 43/400
Job 342: 44/400
Job 342: 45/400
Job 342: 46/400
Job 342: 47/400
Job 342: 48/400
Job 342: 49/400
Job 342: 50/400
Job 342: 51/400
Job 342: 52/400
Job 342: 53/400
Job 342: 54/400
Job 342: 55/400
Job 342: 56/400
Job 342: 57/400
Job 342: 58/400
Job 342: 59/400
Job 342: 60/400
Job 342: 61/400
Job 342: 62/400
Job 342: 63/400
Job 342: 64/400
Job 342: 65/400
Job 342: 66/400
Job 342: 67/400
Job 342: 68/400
Job 342: 69/400
Job 342: 70/400
Job 342: 71/400
Job 342: 72/400
Job 342: 73/400
Job 342: 74/400
Job 342: 75/400
Job 342: 76/400
Job 342: 77/400
Job 342: 78/400
Job 342: 79/400
Job 342: 80/400
Job 342: 81/400
Job 342: 82/400
Job 342: 83/400
Job 342: 84/400
Job 342: 85/400
Job 342: 86/400
Job 342: 87/400
Job 342: 88/400
Job 342: 89/400
Job 342: 90/400
Job 342: 91/400
Job 342: 92/400
Job 342: 93/400
Job 342: 94/400
Job 342: 95/400
Job 342: 96/400
Job 342: 97/400
Job 342: 98/400
Job 342: 99/400
Job 342: 100/400
Job 342: 101/400
Job 342: 102/400
Job 342: 103/400
Job 342: 104/400
Job 342: 105/400
Job 342: 106/400
Job 342: 107/400
Job 342: 108/400
Job 342: 109/400
Job 342: 110/400
Job 342: 111/400
Job 342: 112/400
Job 342: 113/400
Job 342: 114/400
Job 342: 115/400
Job 342: 116/400
Job 342: 117/400
Job 342: 118/400
Job 342: 119/400
Job 342: 120/400
Job 342: 121/400
Job 342: 122/400
Job 342: 123/400
Job 342: 124/400
Job 342: 125/400
Job 342: 126/400
Job 342: 127/400
Job 342: 128/400
Job 342: 129/400
Job 342: 130/400
Job 342: 131/400
Job 342: 132/400
Job 342: 133/400
Job 342: 134/400
Job 342: 135/400
Job 342: 136/400
Job 342: 137/400
Job 342: 138/400
Job 342: 139/400
Job 342: 140/400
Job 342: 141/400
Job 342: 142/400
Job 342: 143/400
Job 342: 144/400
Job 342: 145/400
Job 342: 146/400
Job 342: 147/400
Job 342: 148/400
Job 342: 149/400
Job 342: 150/400
Job 342: 151/400
Job 342: 152/400
Job 342: 153/400
Job 342: 154/400
Job 342: 155/400
Job 342: 156/400
Job 342: 157/400
Job 342: 158/400
Job 342: 159/400
Job 342: 160/400
Job 342: 161/400
Job 342: 162/400
Job 342: 163/400
Job 342: 164/400
Job 342: 165/400
Job 342: 166/400
Job 342: 167/400
Job 342: 168/400
Job 342: 169/400
Job 342: 170/400
Job 342: 171/400
Job 342: 172/400
Job 342: 173/400
Job 342: 174/400
Job 342: 175/400
Job 342: 176/400
Job 342: 177/400
Job 342: 178/400
Job 342: 179/400
Job 342: 180/400
Job 342: 181/400
Job 342: 182/400
Job 342: 183/400
Job 342: 184/400
Job 342: 185/400
Job 342: 186/400
Job 342: 187/400
Job 342: 188/400
Job 342: 189/400
Job 342: 190/400
Job 342: 191/400
Job 342: 192/400
Job 342: 193/400
Job 342: 194/400
Job 342: 195/400
Job 342: 196/400
Job 342: 197/400
Job 342: 198/400
Job 342: 199/400
Job 342: 200/400
Job 342: 201/400
Job 342: 202/400
Job 342: 203/400
Job 342: 204/400
Job 342: 205/400
Job 342: 206/400
Job 342: 207/400
Job 342: 208/400
Job 342: 209/400
Job 342: 210/400
Job 342: 211/400
Job 342: 212/400
Job 342: 213/400
Job 342: 214/400
Job 342: 215/400
Job 342: 216/400
Job 342: 217/400
Job 342: 218/400
Job 342: 219/400
Job 342: 220/400
Job 342: 221/400
Job 342: 222/400
Job 342: 223/400
Job 342: 224/400
Job 342: 225/400
Job 342: 226/400
Job 342: 227/400
Job 342: 228/400
Job 342: 229/400
Job 342: 230/400
Job 342: 231/400
Job 342: 232/400
Job 342: 233/400
Job 342: 234/400
Job 342: 235/400
Job 342: 236/400
Job 342: 237/400
Job 342: 238/400
Job 342: 239/400
Job 342: 240/400
Job 342: 241/400
Job 342: 242/400
Job 342: 243/400
Job 342: 244/400
Job 342: 245/400
Job 342: 246/400
Job 342: 247/400
Job 342: 248/400
Job 342: 249/400
Job 342: 250/400
Job 342: 251/400
Job 342: 252/400
Job 342: 253/400
Job 342: 254/400
Job 342: 255/400
Job 342: 256/400
Job 342: 257/400
Job 342: 258/400
Job 342: 259/400
Job 342: 260/400
Job 342: 261/400
Job 342: 262/400
Job 342: 263/400
Job 342: 264/400
Job 342: 265/400
Job 342: 266/400
Job 342: 267/400
Job 342: 268/400
Job 342: 269/400
Job 342: 270/400
Job 342: 271/400
Job 342: 272/400
Job 342: 273/400
Job 342: 274/400
Job 342: 275/400
Job 342: 276/400
Job 342: 277/400
Job 342: 278/400
Job 342: 279/400
Job 342: 280/400
Job 342: 281/400
Job 342: 282/400
Job 342: 283/400
Job 342: 284/400
Job 342: 285/400
Job 342: 286/400
Job 342: 287/400
Job 342: 288/400
Job 342: 289/400
Job 342: 290/400
Job 342: 291/400
Job 342: 292/400
Job 342: 293/400
Job 342: 294/400
Job 342: 295/400
Job 342: 296/400
Job 342: 297/400
Job 342: 298/400
Job 342: 299/400
Job 342: 300/400
Job 342: 301/400
Job 342: 302/400
Job 342: 303/400
Job 342: 304/400
Job 342: 305/400
Job 342: 306/400
Job 342: 307/400
Job 342: 308/400
Job 342: 309/400
Job 342: 310/400
Job 342: 311/400
Job 342: 312/400
Job 342: 313/400
Job 342: 314/400
Job 342: 315/400
Job 342: 316/400
Job 342: 317/400
Job 342: 318/400
Job 342: 319/400
Job 342: 320/400
Job 342: 321/400
Job 342: 322/400
Job 342: 323/400
Job 342: 324/400
Job 342: 325/400
Job 342: 326/400
Job 342: 327/400
Job 342: 328/400
Job 342: 329/400
Job 342: 330/400
Job 342: 331/400
Job 342: 332/400
Job 342: 333/400
Job 342: 334/400
Job 342: 335/400
Job 342: 336/400
Job 342: 337/400
Job 342: 338/400
Job 342: 339/400
Job 342: 340/400
Job 342: 341/400
Job 342: 342/400
Job 342: 343/400
Job 342: 344/400
Job 342: 345/400
Job 342: 346/400
Job 342: 347/400
Job 342: 348/400
Job 342: 349/400
Job 342: 350/400
Job 342: 351/400
Job 342: 352/400
Job 342: 353/400
Job 342: 354/400
Job 342: 355/400
Job 342: 356/400
Job 342: 357/400
Job 342: 358/400
Job 342: 359/400
Job 342: 360/400
Job 342: 361/400
Job 342: 362/400
Job 342: 363/400
Job 342: 364/400
Job 342: 365/400
Job 342: 366/400
Job 342: 367/400
Job 342: 368/400
Job 342: 369/400
Job 342: 370/400
Job 342: 371/400
Job 342: 372/400
Job 342: 373/400
Job 342: 374/400
Job 342: 375/400
Job 342: 376/400
Job 342: 377/400
Job 342: 378/400
Job 342: 379/400
Job 342: 380/400
Job 342: 381/400
Job 342: 382/400
Job 342: 383/400
Job 342: 384/400
Job 342: 385/400
Job 342: 386/400
Job 342: 387/400
Job 342: 388/400
Job 342: 389/400
Job 342: 390/400
Job 342: 391/400
Job 342: 392/400
Job 342: 393/400
Job 342: 394/400
Job 342: 395/400
Job 342: 396/400
Job 342: 397/400
Job 342: 398/400
Job 342: 399/400
Job 342: 400/400
