Registered S3 methods overwritten by 'susieSlide':
  method              from  
  coef.susie          susieR
  predict.susie       susieR
  print.summary.susie susieR
  summary.susie       susieR
Job 213: 1/400
Job 213: 2/400
Job 213: 3/400
Job 213: 4/400
Job 213: 5/400
Job 213: 6/400
Job 213: 7/400
Job 213: 8/400
Job 213: 9/400
Job 213: 10/400
Job 213: 11/400
Job 213: 12/400
Job 213: 13/400
Job 213: 14/400
Job 213: 15/400
Job 213: 16/400
Job 213: 17/400
Job 213: 18/400
Job 213: 19/400
Job 213: 20/400
Job 213: 21/400
Job 213: 22/400
Job 213: 23/400
Job 213: 24/400
Job 213: 25/400
Job 213: 26/400
Job 213: 27/400
Job 213: 28/400
Job 213: 29/400
Job 213: 30/400
Job 213: 31/400
Job 213: 32/400
Job 213: 33/400
Job 213: 34/400
Job 213: 35/400
Job 213: 36/400
Job 213: 37/400
Job 213: 38/400
Job 213: 39/400
Job 213: 40/400
Job 213: 41/400
Job 213: 42/400
Job 213: 43/400
Job 213: 44/400
Job 213: 45/400
Job 213: 46/400
Job 213: 47/400
Job 213: 48/400
Job 213: 49/400
Job 213: 50/400
Job 213: 51/400
Job 213: 52/400
Job 213: 53/400
Job 213: 54/400
Job 213: 55/400
Job 213: 56/400
Job 213: 57/400
Job 213: 58/400
Job 213: 59/400
Job 213: 60/400
Job 213: 61/400
Job 213: 62/400
Job 213: 63/400
Job 213: 64/400
Job 213: 65/400
Job 213: 66/400
Job 213: 67/400
Job 213: 68/400
Job 213: 69/400
Job 213: 70/400
Job 213: 71/400
Job 213: 72/400
Job 213: 73/400
Job 213: 74/400
Job 213: 75/400
Job 213: 76/400
Job 213: 77/400
Job 213: 78/400
Job 213: 79/400
Job 213: 80/400
Job 213: 81/400
Job 213: 82/400
Job 213: 83/400
Job 213: 84/400
Job 213: 85/400
Job 213: 86/400
Job 213: 87/400
Job 213: 88/400
Job 213: 89/400
Job 213: 90/400
Job 213: 91/400
Job 213: 92/400
Job 213: 93/400
Job 213: 94/400
Job 213: 95/400
Job 213: 96/400
Job 213: 97/400
Job 213: 98/400
Job 213: 99/400
Job 213: 100/400
Job 213: 101/400
Job 213: 102/400
Job 213: 103/400
Job 213: 104/400
Job 213: 105/400
Job 213: 106/400
Job 213: 107/400
Job 213: 108/400
Job 213: 109/400
Job 213: 110/400
Job 213: 111/400
Job 213: 112/400
Job 213: 113/400
Job 213: 114/400
Job 213: 115/400
Job 213: 116/400
Job 213: 117/400
Job 213: 118/400
Job 213: 119/400
Job 213: 120/400
Job 213: 121/400
Job 213: 122/400
Job 213: 123/400
Job 213: 124/400
Job 213: 125/400
Job 213: 126/400
Job 213: 127/400
Job 213: 128/400
Job 213: 129/400
Job 213: 130/400
Job 213: 131/400
Job 213: 132/400
Job 213: 133/400
Job 213: 134/400
Job 213: 135/400
Job 213: 136/400
Job 213: 137/400
Job 213: 138/400
Job 213: 139/400
Job 213: 140/400
Job 213: 141/400
Job 213: 142/400
Job 213: 143/400
Job 213: 144/400
Job 213: 145/400
Job 213: 146/400
Job 213: 147/400
Job 213: 148/400
Job 213: 149/400
Job 213: 150/400
Job 213: 151/400
Job 213: 152/400
Job 213: 153/400
Job 213: 154/400
Job 213: 155/400
Job 213: 156/400
Job 213: 157/400
Job 213: 158/400
Job 213: 159/400
Job 213: 160/400
Job 213: 161/400
Job 213: 162/400
Job 213: 163/400
Job 213: 164/400
Job 213: 165/400
Job 213: 166/400
Job 213: 167/400
Job 213: 168/400
Job 213: 169/400
Job 213: 170/400
Job 213: 171/400
Job 213: 172/400
Job 213: 173/400
Job 213: 174/400
Job 213: 175/400
Job 213: 176/400
Job 213: 177/400
Job 213: 178/400
Job 213: 179/400
Job 213: 180/400
Job 213: 181/400
Job 213: 182/400
Job 213: 183/400
Job 213: 184/400
Job 213: 185/400
Job 213: 186/400
Job 213: 187/400
Job 213: 188/400
Job 213: 189/400
Job 213: 190/400
Job 213: 191/400
Job 213: 192/400
Job 213: 193/400
Job 213: 194/400
Job 213: 195/400
Job 213: 196/400
Job 213: 197/400
Job 213: 198/400
Job 213: 199/400
Job 213: 200/400
Job 213: 201/400
Job 213: 202/400
Job 213: 203/400
Job 213: 204/400
Job 213: 205/400
Job 213: 206/400
Job 213: 207/400
Job 213: 208/400
Job 213: 209/400
Job 213: 210/400
Job 213: 211/400
Job 213: 212/400
Job 213: 213/400
Job 213: 214/400
Job 213: 215/400
Job 213: 216/400
Job 213: 217/400
Job 213: 218/400
Job 213: 219/400
Job 213: 220/400
Job 213: 221/400
Job 213: 222/400
Job 213: 223/400
Job 213: 224/400
Job 213: 225/400
Job 213: 226/400
Job 213: 227/400
Job 213: 228/400
Job 213: 229/400
Job 213: 230/400
Job 213: 231/400
Job 213: 232/400
Job 213: 233/400
Job 213: 234/400
Job 213: 235/400
Job 213: 236/400
Job 213: 237/400
Job 213: 238/400
Job 213: 239/400
Job 213: 240/400
Job 213: 241/400
Job 213: 242/400
Job 213: 243/400
Job 213: 244/400
Job 213: 245/400
Job 213: 246/400
Job 213: 247/400
Job 213: 248/400
Job 213: 249/400
Job 213: 250/400
Job 213: 251/400
Job 213: 252/400
Job 213: 253/400
Job 213: 254/400
Job 213: 255/400
Job 213: 256/400
Job 213: 257/400
Job 213: 258/400
Job 213: 259/400
Job 213: 260/400
Job 213: 261/400
Job 213: 262/400
Job 213: 263/400
Job 213: 264/400
Job 213: 265/400
Job 213: 266/400
Job 213: 267/400
Job 213: 268/400
Job 213: 269/400
Job 213: 270/400
Job 213: 271/400
Job 213: 272/400
Job 213: 273/400
Job 213: 274/400
Job 213: 275/400
Job 213: 276/400
Job 213: 277/400
Job 213: 278/400
Job 213: 279/400
Job 213: 280/400
Job 213: 281/400
Job 213: 282/400
Job 213: 283/400
Job 213: 284/400
Job 213: 285/400
Job 213: 286/400
Job 213: 287/400
Job 213: 288/400
Job 213: 289/400
Job 213: 290/400
Job 213: 291/400
Job 213: 292/400
Job 213: 293/400
Job 213: 294/400
Job 213: 295/400
Job 213: 296/400
Job 213: 297/400
Job 213: 298/400
Job 213: 299/400
Job 213: 300/400
Job 213: 301/400
Job 213: 302/400
Job 213: 303/400
Job 213: 304/400
Job 213: 305/400
Job 213: 306/400
Job 213: 307/400
Job 213: 308/400
Job 213: 309/400
Job 213: 310/400
Job 213: 311/400
Job 213: 312/400
Job 213: 313/400
Job 213: 314/400
Job 213: 315/400
Job 213: 316/400
Job 213: 317/400
Job 213: 318/400
Job 213: 319/400
Job 213: 320/400
Job 213: 321/400
Job 213: 322/400
Job 213: 323/400
Job 213: 324/400
Job 213: 325/400
Job 213: 326/400
Job 213: 327/400
Job 213: 328/400
Job 213: 329/400
Job 213: 330/400
Job 213: 331/400
Job 213: 332/400
Job 213: 333/400
Job 213: 334/400
Job 213: 335/400
Job 213: 336/400
Job 213: 337/400
Job 213: 338/400
Job 213: 339/400
Job 213: 340/400
Job 213: 341/400
Job 213: 342/400
Job 213: 343/400
Job 213: 344/400
Job 213: 345/400
Job 213: 346/400
Job 213: 347/400
Job 213: 348/400
Job 213: 349/400
Job 213: 350/400
Job 213: 351/400
Job 213: 352/400
Job 213: 353/400
Job 213: 354/400
Job 213: 355/400
Job 213: 356/400
Job 213: 357/400
Job 213: 358/400
Job 213: 359/400
Job 213: 360/400
Job 213: 361/400
Job 213: 362/400
Job 213: 363/400
Job 213: 364/400
Job 213: 365/400
Job 213: 366/400
Job 213: 367/400
Job 213: 368/400
Job 213: 369/400
Job 213: 370/400
Job 213: 371/400
Job 213: 372/400
Job 213: 373/400
Job 213: 374/400
Job 213: 375/400
Job 213: 376/400
Job 213: 377/400
Job 213: 378/400
Job 213: 379/400
Job 213: 380/400
Job 213: 381/400
Job 213: 382/400
Job 213: 383/400
Job 213: 384/400
Job 213: 385/400
Job 213: 386/400
Job 213: 387/400
Job 213: 388/400
Job 213: 389/400
Job 213: 390/400
Job 213: 391/400
Job 213: 392/400
Job 213: 393/400
Job 213: 394/400
Job 213: 395/400
Job 213: 396/400
Job 213: 397/400
Job 213: 398/400
Job 213: 399/400
Job 213: 400/400
