Registered S3 methods overwritten by 'susieSlide':
  method              from  
  coef.susie          susieR
  predict.susie       susieR
  print.summary.susie susieR
  summary.susie       susieR
Job 260: 1/400
Job 260: 2/400
Job 260: 3/400
Job 260: 4/400
Job 260: 5/400
Job 260: 6/400
Job 260: 7/400
Job 260: 8/400
Job 260: 9/400
Job 260: 10/400
Job 260: 11/400
Job 260: 12/400
Job 260: 13/400
Job 260: 14/400
Job 260: 15/400
Job 260: 16/400
Job 260: 17/400
Job 260: 18/400
Job 260: 19/400
Job 260: 20/400
Job 260: 21/400
Job 260: 22/400
Job 260: 23/400
Job 260: 24/400
Job 260: 25/400
Job 260: 26/400
Job 260: 27/400
Job 260: 28/400
Job 260: 29/400
Job 260: 30/400
Job 260: 31/400
Job 260: 32/400
Job 260: 33/400
Job 260: 34/400
Job 260: 35/400
Job 260: 36/400
Job 260: 37/400
Job 260: 38/400
Job 260: 39/400
Job 260: 40/400
Job 260: 41/400
Job 260: 42/400
Job 260: 43/400
Job 260: 44/400
Job 260: 45/400
Job 260: 46/400
Job 260: 47/400
Job 260: 48/400
Job 260: 49/400
Job 260: 50/400
Job 260: 51/400
Job 260: 52/400
Job 260: 53/400
Job 260: 54/400
Job 260: 55/400
Job 260: 56/400
Job 260: 57/400
Job 260: 58/400
Job 260: 59/400
Job 260: 60/400
Job 260: 61/400
Job 260: 62/400
Job 260: 63/400
Job 260: 64/400
Job 260: 65/400
Job 260: 66/400
Job 260: 67/400
Job 260: 68/400
Job 260: 69/400
Job 260: 70/400
Job 260: 71/400
Job 260: 72/400
Job 260: 73/400
Job 260: 74/400
Job 260: 75/400
Job 260: 76/400
Job 260: 77/400
Job 260: 78/400
Job 260: 79/400
Job 260: 80/400
Job 260: 81/400
Job 260: 82/400
Job 260: 83/400
Job 260: 84/400
Job 260: 85/400
Job 260: 86/400
Job 260: 87/400
Job 260: 88/400
Job 260: 89/400
Job 260: 90/400
Job 260: 91/400
Job 260: 92/400
Job 260: 93/400
Job 260: 94/400
Job 260: 95/400
Job 260: 96/400
Job 260: 97/400
Job 260: 98/400
Job 260: 99/400
Job 260: 100/400
Job 260: 101/400
Job 260: 102/400
Job 260: 103/400
Job 260: 104/400
Job 260: 105/400
Job 260: 106/400
Job 260: 107/400
Job 260: 108/400
Job 260: 109/400
Job 260: 110/400
Job 260: 111/400
Job 260: 112/400
Job 260: 113/400
Job 260: 114/400
Job 260: 115/400
Job 260: 116/400
Job 260: 117/400
Job 260: 118/400
Job 260: 119/400
Job 260: 120/400
Job 260: 121/400
Job 260: 122/400
Job 260: 123/400
Job 260: 124/400
Job 260: 125/400
Job 260: 126/400
Job 260: 127/400
Job 260: 128/400
Job 260: 129/400
Job 260: 130/400
Job 260: 131/400
Job 260: 132/400
Job 260: 133/400
Job 260: 134/400
Job 260: 135/400
Job 260: 136/400
Job 260: 137/400
Job 260: 138/400
Job 260: 139/400
Job 260: 140/400
Job 260: 141/400
Job 260: 142/400
Job 260: 143/400
Job 260: 144/400
Job 260: 145/400
Job 260: 146/400
Job 260: 147/400
Job 260: 148/400
Job 260: 149/400
Job 260: 150/400
Job 260: 151/400
Job 260: 152/400
Job 260: 153/400
Job 260: 154/400
Job 260: 155/400
Job 260: 156/400
Job 260: 157/400
Job 260: 158/400
Job 260: 159/400
Job 260: 160/400
Job 260: 161/400
Job 260: 162/400
Job 260: 163/400
Job 260: 164/400
Job 260: 165/400
Job 260: 166/400
Job 260: 167/400
Job 260: 168/400
Job 260: 169/400
Job 260: 170/400
Job 260: 171/400
Job 260: 172/400
Job 260: 173/400
Job 260: 174/400
Job 260: 175/400
Job 260: 176/400
Job 260: 177/400
Job 260: 178/400
Job 260: 179/400
Job 260: 180/400
Job 260: 181/400
Job 260: 182/400
Job 260: 183/400
Job 260: 184/400
Job 260: 185/400
Job 260: 186/400
Job 260: 187/400
Job 260: 188/400
Job 260: 189/400
Job 260: 190/400
Job 260: 191/400
Job 260: 192/400
Job 260: 193/400
Job 260: 194/400
Job 260: 195/400
Job 260: 196/400
Job 260: 197/400
Job 260: 198/400
Job 260: 199/400
Job 260: 200/400
Job 260: 201/400
Job 260: 202/400
Job 260: 203/400
Job 260: 204/400
Job 260: 205/400
Job 260: 206/400
Job 260: 207/400
Job 260: 208/400
Job 260: 209/400
Job 260: 210/400
Job 260: 211/400
Job 260: 212/400
Job 260: 213/400
Job 260: 214/400
Job 260: 215/400
Job 260: 216/400
Job 260: 217/400
Job 260: 218/400
Job 260: 219/400
Job 260: 220/400
Job 260: 221/400
Job 260: 222/400
Job 260: 223/400
Job 260: 224/400
Job 260: 225/400
Job 260: 226/400
Job 260: 227/400
Job 260: 228/400
Job 260: 229/400
Job 260: 230/400
Job 260: 231/400
Job 260: 232/400
Job 260: 233/400
Job 260: 234/400
Job 260: 235/400
Job 260: 236/400
Job 260: 237/400
Job 260: 238/400
Job 260: 239/400
Job 260: 240/400
Job 260: 241/400
Job 260: 242/400
Job 260: 243/400
Job 260: 244/400
Job 260: 245/400
Job 260: 246/400
Job 260: 247/400
Job 260: 248/400
Job 260: 249/400
Job 260: 250/400
Job 260: 251/400
Job 260: 252/400
Job 260: 253/400
Job 260: 254/400
Job 260: 255/400
Job 260: 256/400
Job 260: 257/400
Job 260: 258/400
Job 260: 259/400
Job 260: 260/400
Job 260: 261/400
Job 260: 262/400
Job 260: 263/400
Job 260: 264/400
Job 260: 265/400
Job 260: 266/400
Job 260: 267/400
Job 260: 268/400
Job 260: 269/400
Job 260: 270/400
Job 260: 271/400
Job 260: 272/400
Job 260: 273/400
Job 260: 274/400
Job 260: 275/400
Job 260: 276/400
Job 260: 277/400
Job 260: 278/400
Job 260: 279/400
Job 260: 280/400
Job 260: 281/400
Job 260: 282/400
Job 260: 283/400
Job 260: 284/400
Job 260: 285/400
Job 260: 286/400
Job 260: 287/400
Job 260: 288/400
Job 260: 289/400
Job 260: 290/400
Job 260: 291/400
Job 260: 292/400
Job 260: 293/400
Job 260: 294/400
Job 260: 295/400
Job 260: 296/400
Job 260: 297/400
Job 260: 298/400
Job 260: 299/400
Job 260: 300/400
Job 260: 301/400
Job 260: 302/400
Job 260: 303/400
Job 260: 304/400
Job 260: 305/400
Job 260: 306/400
Job 260: 307/400
Job 260: 308/400
Job 260: 309/400
Job 260: 310/400
Job 260: 311/400
Job 260: 312/400
Job 260: 313/400
Job 260: 314/400
Job 260: 315/400
Job 260: 316/400
Job 260: 317/400
Job 260: 318/400
Job 260: 319/400
Job 260: 320/400
Job 260: 321/400
Job 260: 322/400
Job 260: 323/400
Job 260: 324/400
Job 260: 325/400
Job 260: 326/400
Job 260: 327/400
Job 260: 328/400
Job 260: 329/400
Job 260: 330/400
Job 260: 331/400
Job 260: 332/400
Job 260: 333/400
Job 260: 334/400
Job 260: 335/400
Job 260: 336/400
Job 260: 337/400
Job 260: 338/400
Job 260: 339/400
Job 260: 340/400
Job 260: 341/400
Job 260: 342/400
Job 260: 343/400
Job 260: 344/400
Job 260: 345/400
Job 260: 346/400
Job 260: 347/400
Job 260: 348/400
Job 260: 349/400
Job 260: 350/400
Job 260: 351/400
Job 260: 352/400
Job 260: 353/400
Job 260: 354/400
Job 260: 355/400
Job 260: 356/400
Job 260: 357/400
Job 260: 358/400
Job 260: 359/400
Job 260: 360/400
Job 260: 361/400
Job 260: 362/400
Job 260: 363/400
Job 260: 364/400
Job 260: 365/400
Job 260: 366/400
Job 260: 367/400
Job 260: 368/400
Job 260: 369/400
Job 260: 370/400
Job 260: 371/400
Job 260: 372/400
Job 260: 373/400
Job 260: 374/400
Job 260: 375/400
Job 260: 376/400
Job 260: 377/400
Job 260: 378/400
Job 260: 379/400
Job 260: 380/400
Job 260: 381/400
Job 260: 382/400
Job 260: 383/400
Job 260: 384/400
Job 260: 385/400
Job 260: 386/400
Job 260: 387/400
Job 260: 388/400
Job 260: 389/400
Job 260: 390/400
Job 260: 391/400
Job 260: 392/400
Job 260: 393/400
Job 260: 394/400
Job 260: 395/400
Job 260: 396/400
Job 260: 397/400
Job 260: 398/400
Job 260: 399/400
Job 260: 400/400
