Registered S3 methods overwritten by 'susieSlide':
  method              from  
  coef.susie          susieR
  predict.susie       susieR
  print.summary.susie susieR
  summary.susie       susieR
Job 394: 1/400
Job 394: 2/400
Job 394: 3/400
Job 394: 4/400
Job 394: 5/400
Job 394: 6/400
Job 394: 7/400
Job 394: 8/400
Job 394: 9/400
Job 394: 10/400
Job 394: 11/400
Job 394: 12/400
Job 394: 13/400
Job 394: 14/400
Job 394: 15/400
Job 394: 16/400
Job 394: 17/400
Job 394: 18/400
Job 394: 19/400
Job 394: 20/400
Job 394: 21/400
Job 394: 22/400
Job 394: 23/400
Job 394: 24/400
Job 394: 25/400
Job 394: 26/400
Job 394: 27/400
Job 394: 28/400
Job 394: 29/400
Job 394: 30/400
Job 394: 31/400
Job 394: 32/400
Job 394: 33/400
Job 394: 34/400
Job 394: 35/400
Job 394: 36/400
Job 394: 37/400
Job 394: 38/400
Job 394: 39/400
Job 394: 40/400
Job 394: 41/400
Job 394: 42/400
Job 394: 43/400
Job 394: 44/400
Job 394: 45/400
Job 394: 46/400
Job 394: 47/400
Job 394: 48/400
Job 394: 49/400
Job 394: 50/400
Job 394: 51/400
Job 394: 52/400
Job 394: 53/400
Job 394: 54/400
Job 394: 55/400
Job 394: 56/400
Job 394: 57/400
Job 394: 58/400
Job 394: 59/400
Job 394: 60/400
Job 394: 61/400
Job 394: 62/400
Job 394: 63/400
Job 394: 64/400
Job 394: 65/400
Job 394: 66/400
Job 394: 67/400
Job 394: 68/400
Job 394: 69/400
Job 394: 70/400
Job 394: 71/400
Job 394: 72/400
Job 394: 73/400
Job 394: 74/400
Job 394: 75/400
Job 394: 76/400
Job 394: 77/400
Job 394: 78/400
Job 394: 79/400
Job 394: 80/400
Job 394: 81/400
Job 394: 82/400
Job 394: 83/400
Job 394: 84/400
Job 394: 85/400
Job 394: 86/400
Job 394: 87/400
Job 394: 88/400
Job 394: 89/400
Job 394: 90/400
Job 394: 91/400
Job 394: 92/400
Job 394: 93/400
Job 394: 94/400
Job 394: 95/400
Job 394: 96/400
Job 394: 97/400
Job 394: 98/400
Job 394: 99/400
Job 394: 100/400
Job 394: 101/400
Job 394: 102/400
Job 394: 103/400
Job 394: 104/400
Job 394: 105/400
Job 394: 106/400
Job 394: 107/400
Job 394: 108/400
Job 394: 109/400
Job 394: 110/400
Job 394: 111/400
Job 394: 112/400
Job 394: 113/400
Job 394: 114/400
Job 394: 115/400
Job 394: 116/400
Job 394: 117/400
Job 394: 118/400
Job 394: 119/400
Job 394: 120/400
Job 394: 121/400
Job 394: 122/400
Job 394: 123/400
Job 394: 124/400
Job 394: 125/400
Job 394: 126/400
Job 394: 127/400
Job 394: 128/400
Job 394: 129/400
Job 394: 130/400
Job 394: 131/400
Job 394: 132/400
Job 394: 133/400
Job 394: 134/400
Job 394: 135/400
Job 394: 136/400
Job 394: 137/400
Job 394: 138/400
Job 394: 139/400
Job 394: 140/400
Job 394: 141/400
Job 394: 142/400
Job 394: 143/400
Job 394: 144/400
Job 394: 145/400
Job 394: 146/400
Job 394: 147/400
Job 394: 148/400
Job 394: 149/400
Job 394: 150/400
Job 394: 151/400
Job 394: 152/400
Job 394: 153/400
Job 394: 154/400
Job 394: 155/400
Job 394: 156/400
Job 394: 157/400
Job 394: 158/400
Job 394: 159/400
Job 394: 160/400
Job 394: 161/400
Job 394: 162/400
Job 394: 163/400
Job 394: 164/400
Job 394: 165/400
Job 394: 166/400
Job 394: 167/400
Job 394: 168/400
Job 394: 169/400
Job 394: 170/400
Job 394: 171/400
Job 394: 172/400
Job 394: 173/400
Job 394: 174/400
Job 394: 175/400
Job 394: 176/400
Job 394: 177/400
Job 394: 178/400
Job 394: 179/400
Job 394: 180/400
Job 394: 181/400
Job 394: 182/400
Job 394: 183/400
Job 394: 184/400
Job 394: 185/400
Job 394: 186/400
Job 394: 187/400
Job 394: 188/400
Job 394: 189/400
Job 394: 190/400
Job 394: 191/400
Job 394: 192/400
Job 394: 193/400
Job 394: 194/400
Job 394: 195/400
Job 394: 196/400
Job 394: 197/400
Job 394: 198/400
Job 394: 199/400
Job 394: 200/400
Job 394: 201/400
Job 394: 202/400
Job 394: 203/400
Job 394: 204/400
Job 394: 205/400
Job 394: 206/400
Job 394: 207/400
Job 394: 208/400
Job 394: 209/400
Job 394: 210/400
Job 394: 211/400
Job 394: 212/400
Job 394: 213/400
Job 394: 214/400
Job 394: 215/400
Job 394: 216/400
Job 394: 217/400
Job 394: 218/400
Job 394: 219/400
Job 394: 220/400
Job 394: 221/400
Job 394: 222/400
Job 394: 223/400
Job 394: 224/400
Job 394: 225/400
Job 394: 226/400
Job 394: 227/400
Job 394: 228/400
Job 394: 229/400
Job 394: 230/400
Job 394: 231/400
Job 394: 232/400
Job 394: 233/400
Job 394: 234/400
Job 394: 235/400
Job 394: 236/400
Job 394: 237/400
Job 394: 238/400
Job 394: 239/400
Job 394: 240/400
Job 394: 241/400
Job 394: 242/400
Job 394: 243/400
Job 394: 244/400
Job 394: 245/400
Job 394: 246/400
Job 394: 247/400
Job 394: 248/400
Job 394: 249/400
Job 394: 250/400
Job 394: 251/400
Job 394: 252/400
Job 394: 253/400
Job 394: 254/400
Job 394: 255/400
Job 394: 256/400
Job 394: 257/400
Job 394: 258/400
Job 394: 259/400
Job 394: 260/400
Job 394: 261/400
Job 394: 262/400
Job 394: 263/400
Job 394: 264/400
Job 394: 265/400
Job 394: 266/400
Job 394: 267/400
Job 394: 268/400
Job 394: 269/400
Job 394: 270/400
Job 394: 271/400
Job 394: 272/400
Job 394: 273/400
Job 394: 274/400
Job 394: 275/400
Job 394: 276/400
Job 394: 277/400
Job 394: 278/400
Job 394: 279/400
Job 394: 280/400
Job 394: 281/400
Job 394: 282/400
Job 394: 283/400
Job 394: 284/400
Job 394: 285/400
Job 394: 286/400
Job 394: 287/400
Job 394: 288/400
Job 394: 289/400
Job 394: 290/400
Job 394: 291/400
Job 394: 292/400
Job 394: 293/400
Job 394: 294/400
Job 394: 295/400
Job 394: 296/400
Job 394: 297/400
Job 394: 298/400
Job 394: 299/400
Job 394: 300/400
Job 394: 301/400
Job 394: 302/400
Job 394: 303/400
Job 394: 304/400
Job 394: 305/400
Job 394: 306/400
Job 394: 307/400
Job 394: 308/400
Job 394: 309/400
Job 394: 310/400
Job 394: 311/400
Job 394: 312/400
Job 394: 313/400
Job 394: 314/400
Job 394: 315/400
Job 394: 316/400
Job 394: 317/400
Job 394: 318/400
Job 394: 319/400
Job 394: 320/400
Job 394: 321/400
Job 394: 322/400
Job 394: 323/400
Job 394: 324/400
Job 394: 325/400
Job 394: 326/400
Job 394: 327/400
Job 394: 328/400
Job 394: 329/400
Job 394: 330/400
Job 394: 331/400
Job 394: 332/400
Job 394: 333/400
Job 394: 334/400
Job 394: 335/400
Job 394: 336/400
Job 394: 337/400
Job 394: 338/400
Job 394: 339/400
Job 394: 340/400
Job 394: 341/400
Job 394: 342/400
Job 394: 343/400
Job 394: 344/400
Job 394: 345/400
Job 394: 346/400
Job 394: 347/400
Job 394: 348/400
Job 394: 349/400
Job 394: 350/400
Job 394: 351/400
Job 394: 352/400
Job 394: 353/400
Job 394: 354/400
Job 394: 355/400
Job 394: 356/400
Job 394: 357/400
Job 394: 358/400
Job 394: 359/400
Job 394: 360/400
Job 394: 361/400
Job 394: 362/400
Job 394: 363/400
Job 394: 364/400
Job 394: 365/400
Job 394: 366/400
Job 394: 367/400
Job 394: 368/400
Job 394: 369/400
Job 394: 370/400
Job 394: 371/400
Job 394: 372/400
Job 394: 373/400
Job 394: 374/400
Job 394: 375/400
Job 394: 376/400
Job 394: 377/400
Job 394: 378/400
Job 394: 379/400
Job 394: 380/400
Job 394: 381/400
Job 394: 382/400
Job 394: 383/400
Job 394: 384/400
Job 394: 385/400
Job 394: 386/400
Job 394: 387/400
Job 394: 388/400
Job 394: 389/400
Job 394: 390/400
Job 394: 391/400
Job 394: 392/400
Job 394: 393/400
Job 394: 394/400
Job 394: 395/400
Job 394: 396/400
Job 394: 397/400
Job 394: 398/400
Job 394: 399/400
Job 394: 400/400
