Registered S3 methods overwritten by 'susieSlide':
  method              from  
  coef.susie          susieR
  predict.susie       susieR
  print.summary.susie susieR
  summary.susie       susieR
Job 158: 1/400
Job 158: 2/400
Job 158: 3/400
Job 158: 4/400
Job 158: 5/400
Job 158: 6/400
Job 158: 7/400
Job 158: 8/400
Job 158: 9/400
Job 158: 10/400
Job 158: 11/400
Job 158: 12/400
Job 158: 13/400
Job 158: 14/400
Job 158: 15/400
Job 158: 16/400
Job 158: 17/400
Job 158: 18/400
Job 158: 19/400
Job 158: 20/400
Job 158: 21/400
Job 158: 22/400
Job 158: 23/400
Job 158: 24/400
Job 158: 25/400
Job 158: 26/400
Job 158: 27/400
Job 158: 28/400
Job 158: 29/400
Job 158: 30/400
Job 158: 31/400
Job 158: 32/400
Job 158: 33/400
Job 158: 34/400
Job 158: 35/400
Job 158: 36/400
Job 158: 37/400
Job 158: 38/400
Job 158: 39/400
Job 158: 40/400
Job 158: 41/400
Job 158: 42/400
Job 158: 43/400
Job 158: 44/400
Job 158: 45/400
Job 158: 46/400
Job 158: 47/400
Job 158: 48/400
Job 158: 49/400
Job 158: 50/400
Job 158: 51/400
Job 158: 52/400
Job 158: 53/400
Job 158: 54/400
Job 158: 55/400
Job 158: 56/400
Job 158: 57/400
Job 158: 58/400
Job 158: 59/400
Job 158: 60/400
Job 158: 61/400
Job 158: 62/400
Job 158: 63/400
Job 158: 64/400
Job 158: 65/400
Job 158: 66/400
Job 158: 67/400
Job 158: 68/400
Job 158: 69/400
Job 158: 70/400
Job 158: 71/400
Job 158: 72/400
Job 158: 73/400
Job 158: 74/400
Job 158: 75/400
Job 158: 76/400
Job 158: 77/400
Job 158: 78/400
Job 158: 79/400
Job 158: 80/400
Job 158: 81/400
Job 158: 82/400
Job 158: 83/400
Job 158: 84/400
Job 158: 85/400
Job 158: 86/400
Job 158: 87/400
Job 158: 88/400
Job 158: 89/400
Job 158: 90/400
Job 158: 91/400
Job 158: 92/400
Job 158: 93/400
Job 158: 94/400
Job 158: 95/400
Job 158: 96/400
Job 158: 97/400
Job 158: 98/400
Job 158: 99/400
Job 158: 100/400
Job 158: 101/400
Job 158: 102/400
Job 158: 103/400
Job 158: 104/400
Job 158: 105/400
Job 158: 106/400
Job 158: 107/400
Job 158: 108/400
Job 158: 109/400
Job 158: 110/400
Job 158: 111/400
Job 158: 112/400
Job 158: 113/400
Job 158: 114/400
Job 158: 115/400
Job 158: 116/400
Job 158: 117/400
Job 158: 118/400
Job 158: 119/400
Job 158: 120/400
Job 158: 121/400
Job 158: 122/400
Job 158: 123/400
Job 158: 124/400
Job 158: 125/400
Job 158: 126/400
Job 158: 127/400
Job 158: 128/400
Job 158: 129/400
Job 158: 130/400
Job 158: 131/400
Job 158: 132/400
Job 158: 133/400
Job 158: 134/400
Job 158: 135/400
Job 158: 136/400
Job 158: 137/400
Job 158: 138/400
Job 158: 139/400
Job 158: 140/400
Job 158: 141/400
Job 158: 142/400
Job 158: 143/400
Job 158: 144/400
Job 158: 145/400
Job 158: 146/400
Job 158: 147/400
Job 158: 148/400
Job 158: 149/400
Job 158: 150/400
Job 158: 151/400
Job 158: 152/400
Job 158: 153/400
Job 158: 154/400
Job 158: 155/400
Job 158: 156/400
Job 158: 157/400
Job 158: 158/400
Job 158: 159/400
Job 158: 160/400
Job 158: 161/400
Job 158: 162/400
Job 158: 163/400
Job 158: 164/400
Job 158: 165/400
Job 158: 166/400
Job 158: 167/400
Job 158: 168/400
Job 158: 169/400
Job 158: 170/400
Job 158: 171/400
Job 158: 172/400
Job 158: 173/400
Job 158: 174/400
Job 158: 175/400
Job 158: 176/400
Job 158: 177/400
Job 158: 178/400
Job 158: 179/400
Job 158: 180/400
Job 158: 181/400
Job 158: 182/400
Job 158: 183/400
Job 158: 184/400
Job 158: 185/400
Job 158: 186/400
Job 158: 187/400
Job 158: 188/400
Job 158: 189/400
Job 158: 190/400
Job 158: 191/400
Job 158: 192/400
Job 158: 193/400
Job 158: 194/400
Job 158: 195/400
Job 158: 196/400
Job 158: 197/400
Job 158: 198/400
Job 158: 199/400
Job 158: 200/400
Job 158: 201/400
Job 158: 202/400
Job 158: 203/400
Job 158: 204/400
Job 158: 205/400
Job 158: 206/400
Job 158: 207/400
Job 158: 208/400
Job 158: 209/400
Job 158: 210/400
Job 158: 211/400
Job 158: 212/400
Job 158: 213/400
Job 158: 214/400
Job 158: 215/400
Job 158: 216/400
Job 158: 217/400
Job 158: 218/400
Job 158: 219/400
Job 158: 220/400
Job 158: 221/400
Job 158: 222/400
Job 158: 223/400
Job 158: 224/400
Job 158: 225/400
Job 158: 226/400
Job 158: 227/400
Job 158: 228/400
Job 158: 229/400
Job 158: 230/400
Job 158: 231/400
Job 158: 232/400
Job 158: 233/400
Job 158: 234/400
Job 158: 235/400
Job 158: 236/400
Job 158: 237/400
Job 158: 238/400
Job 158: 239/400
Job 158: 240/400
Job 158: 241/400
Job 158: 242/400
Job 158: 243/400
Job 158: 244/400
Job 158: 245/400
Job 158: 246/400
Job 158: 247/400
Job 158: 248/400
Job 158: 249/400
Job 158: 250/400
Job 158: 251/400
Job 158: 252/400
Job 158: 253/400
Job 158: 254/400
Job 158: 255/400
Job 158: 256/400
Job 158: 257/400
Job 158: 258/400
Job 158: 259/400
Job 158: 260/400
Job 158: 261/400
Job 158: 262/400
Job 158: 263/400
Job 158: 264/400
Job 158: 265/400
Job 158: 266/400
Job 158: 267/400
Job 158: 268/400
Job 158: 269/400
Job 158: 270/400
Job 158: 271/400
Job 158: 272/400
Job 158: 273/400
Job 158: 274/400
Job 158: 275/400
Job 158: 276/400
Job 158: 277/400
Job 158: 278/400
Job 158: 279/400
Job 158: 280/400
Job 158: 281/400
Job 158: 282/400
Job 158: 283/400
Job 158: 284/400
Job 158: 285/400
Job 158: 286/400
Job 158: 287/400
Job 158: 288/400
Job 158: 289/400
Job 158: 290/400
Job 158: 291/400
Job 158: 292/400
Job 158: 293/400
Job 158: 294/400
Job 158: 295/400
Job 158: 296/400
Job 158: 297/400
Job 158: 298/400
Job 158: 299/400
Job 158: 300/400
Job 158: 301/400
Job 158: 302/400
Job 158: 303/400
Job 158: 304/400
Job 158: 305/400
Job 158: 306/400
Job 158: 307/400
Job 158: 308/400
Job 158: 309/400
Job 158: 310/400
Job 158: 311/400
Job 158: 312/400
Job 158: 313/400
Job 158: 314/400
Job 158: 315/400
Job 158: 316/400
Job 158: 317/400
Job 158: 318/400
Job 158: 319/400
Job 158: 320/400
Job 158: 321/400
Job 158: 322/400
Job 158: 323/400
Job 158: 324/400
Job 158: 325/400
Job 158: 326/400
Job 158: 327/400
Job 158: 328/400
Job 158: 329/400
Job 158: 330/400
Job 158: 331/400
Job 158: 332/400
Job 158: 333/400
Job 158: 334/400
Job 158: 335/400
Job 158: 336/400
Job 158: 337/400
Job 158: 338/400
Job 158: 339/400
Job 158: 340/400
Job 158: 341/400
Job 158: 342/400
Job 158: 343/400
Job 158: 344/400
Job 158: 345/400
Job 158: 346/400
Job 158: 347/400
Job 158: 348/400
Job 158: 349/400
Job 158: 350/400
Job 158: 351/400
Job 158: 352/400
Job 158: 353/400
Job 158: 354/400
Job 158: 355/400
Job 158: 356/400
Job 158: 357/400
Job 158: 358/400
Job 158: 359/400
Job 158: 360/400
Job 158: 361/400
Job 158: 362/400
Job 158: 363/400
Job 158: 364/400
Job 158: 365/400
Job 158: 366/400
Job 158: 367/400
Job 158: 368/400
Job 158: 369/400
Job 158: 370/400
Job 158: 371/400
Job 158: 372/400
Job 158: 373/400
Job 158: 374/400
Job 158: 375/400
Job 158: 376/400
Job 158: 377/400
Job 158: 378/400
Job 158: 379/400
Job 158: 380/400
Job 158: 381/400
Job 158: 382/400
Job 158: 383/400
Job 158: 384/400
Job 158: 385/400
Job 158: 386/400
Job 158: 387/400
Job 158: 388/400
Job 158: 389/400
Job 158: 390/400
Job 158: 391/400
Job 158: 392/400
Job 158: 393/400
Job 158: 394/400
Job 158: 395/400
Job 158: 396/400
Job 158: 397/400
Job 158: 398/400
Job 158: 399/400
Job 158: 400/400
