Registered S3 methods overwritten by 'susieSlide':
  method              from  
  coef.susie          susieR
  predict.susie       susieR
  print.summary.susie susieR
  summary.susie       susieR
Job 667: 1/400
Job 667: 2/400
Job 667: 3/400
Job 667: 4/400
Job 667: 5/400
Job 667: 6/400
Job 667: 7/400
Job 667: 8/400
Job 667: 9/400
Job 667: 10/400
Job 667: 11/400
Job 667: 12/400
Job 667: 13/400
Job 667: 14/400
Job 667: 15/400
Job 667: 16/400
Job 667: 17/400
Job 667: 18/400
Job 667: 19/400
Job 667: 20/400
Job 667: 21/400
Job 667: 22/400 ERROR: No .raw files found in temp_dir.
Job 667: 23/400 ERROR: No .raw files found in temp_dir.
Job 667: 24/400 ERROR: No .raw files found in temp_dir.
Job 667: 25/400 ERROR: No .raw files found in temp_dir.
Job 667: 26/400 ERROR: No .raw files found in temp_dir.
Job 667: 27/400 ERROR: No .raw files found in temp_dir.
Job 667: 28/400 ERROR: No .raw files found in temp_dir.
Job 667: 29/400 ERROR: No .raw files found in temp_dir.
Job 667: 30/400 ERROR: No .raw files found in temp_dir.
Job 667: 31/400 ERROR: No .raw files found in temp_dir.
Job 667: 32/400 ERROR: No .raw files found in temp_dir.
Job 667: 33/400 ERROR: No .raw files found in temp_dir.
Job 667: 34/400 ERROR: No .raw files found in temp_dir.
Job 667: 35/400 ERROR: No .raw files found in temp_dir.
Job 667: 36/400 ERROR: No .raw files found in temp_dir.
Job 667: 37/400 ERROR: No .raw files found in temp_dir.
Job 667: 38/400 ERROR: No .raw files found in temp_dir.
Job 667: 39/400 ERROR: No .raw files found in temp_dir.
Job 667: 40/400 ERROR: No .raw files found in temp_dir.
Job 667: 41/400 ERROR: No .raw files found in temp_dir.
Job 667: 42/400 ERROR: No .raw files found in temp_dir.
Job 667: 43/400 ERROR: No .raw files found in temp_dir.
Job 667: 44/400 ERROR: No .raw files found in temp_dir.
Job 667: 45/400 ERROR: No .raw files found in temp_dir.
Job 667: 46/400 ERROR: No .raw files found in temp_dir.
Job 667: 47/400 ERROR: No .raw files found in temp_dir.
Job 667: 48/400 ERROR: No .raw files found in temp_dir.
Job 667: 49/400 ERROR: No .raw files found in temp_dir.
Job 667: 50/400 ERROR: No .raw files found in temp_dir.
Job 667: 51/400 ERROR: No .raw files found in temp_dir.
Job 667: 52/400 ERROR: No .raw files found in temp_dir.
Job 667: 53/400 ERROR: No .raw files found in temp_dir.
Job 667: 54/400 ERROR: No .raw files found in temp_dir.
Job 667: 55/400 ERROR: No .raw files found in temp_dir.
Job 667: 56/400 ERROR: No .raw files found in temp_dir.
Job 667: 57/400 ERROR: No .raw files found in temp_dir.
Job 667: 58/400 ERROR: No .raw files found in temp_dir.
Job 667: 59/400 ERROR: No .raw files found in temp_dir.
Job 667: 60/400 ERROR: No .raw files found in temp_dir.
Job 667: 61/400 ERROR: No .raw files found in temp_dir.
Job 667: 62/400 ERROR: No .raw files found in temp_dir.
Job 667: 63/400 ERROR: No .raw files found in temp_dir.
Job 667: 64/400 ERROR: No .raw files found in temp_dir.
Job 667: 65/400 ERROR: No .raw files found in temp_dir.
Job 667: 66/400 ERROR: No .raw files found in temp_dir.
Job 667: 67/400 ERROR: No .raw files found in temp_dir.
Job 667: 68/400 ERROR: No .raw files found in temp_dir.
Job 667: 69/400 ERROR: No .raw files found in temp_dir.
Job 667: 70/400 ERROR: No .raw files found in temp_dir.
Job 667: 71/400 ERROR: No .raw files found in temp_dir.
Job 667: 72/400 ERROR: No .raw files found in temp_dir.
Job 667: 73/400 ERROR: No .raw files found in temp_dir.
Job 667: 74/400 ERROR: No .raw files found in temp_dir.
Job 667: 75/400 ERROR: No .raw files found in temp_dir.
Job 667: 76/400 ERROR: No .raw files found in temp_dir.
Job 667: 77/400 ERROR: No .raw files found in temp_dir.
Job 667: 78/400 ERROR: No .raw files found in temp_dir.
Job 667: 79/400 ERROR: No .raw files found in temp_dir.
Job 667: 80/400 ERROR: No .raw files found in temp_dir.
Job 667: 81/400 ERROR: No .raw files found in temp_dir.
Job 667: 82/400 ERROR: No .raw files found in temp_dir.
Job 667: 83/400 ERROR: No .raw files found in temp_dir.
Job 667: 84/400 ERROR: No .raw files found in temp_dir.
Job 667: 85/400 ERROR: No .raw files found in temp_dir.
Job 667: 86/400 ERROR: Not enough donors for the requested n.
Job 667: 87/400
Job 667: 88/400
Job 667: 89/400
Job 667: 90/400
Job 667: 91/400
Job 667: 92/400
Job 667: 93/400
Job 667: 94/400
Job 667: 95/400
Job 667: 96/400
Job 667: 97/400
Job 667: 98/400
Job 667: 99/400
Job 667: 100/400
Job 667: 101/400
Job 667: 102/400
Job 667: 103/400
Job 667: 104/400
Job 667: 105/400
Job 667: 106/400
Job 667: 107/400
Job 667: 108/400
Job 667: 109/400
Job 667: 110/400
Job 667: 111/400
Job 667: 112/400
Job 667: 113/400
Job 667: 114/400
Job 667: 115/400 ERROR: No .raw files found in temp_dir.
Job 667: 116/400 ERROR: No .raw files found in temp_dir.
Job 667: 117/400 ERROR: No .raw files found in temp_dir.
Job 667: 118/400 ERROR: No .raw files found in temp_dir.
Job 667: 119/400 ERROR: No .raw files found in temp_dir.
Job 667: 120/400 ERROR: No .raw files found in temp_dir.
Job 667: 121/400 ERROR: No .raw files found in temp_dir.
Job 667: 122/400 ERROR: No .raw files found in temp_dir.
Job 667: 123/400 ERROR: No .raw files found in temp_dir.
Job 667: 124/400 ERROR: No .raw files found in temp_dir.
Job 667: 125/400 ERROR: No .raw files found in temp_dir.
Job 667: 126/400 ERROR: No .raw files found in temp_dir.
Job 667: 127/400 ERROR: No .raw files found in temp_dir.
Job 667: 128/400 ERROR: No .raw files found in temp_dir.
Job 667: 129/400 ERROR: No .raw files found in temp_dir.
Job 667: 130/400 ERROR: No .raw files found in temp_dir.
Job 667: 131/400 ERROR: No .raw files found in temp_dir.
Job 667: 132/400 ERROR: No .raw files found in temp_dir.
Job 667: 133/400 ERROR: No .raw files found in temp_dir.
Job 667: 134/400 ERROR: No .raw files found in temp_dir.
Job 667: 135/400 ERROR: No .raw files found in temp_dir.
Job 667: 136/400 ERROR: No .raw files found in temp_dir.
Job 667: 137/400 ERROR: No .raw files found in temp_dir.
Job 667: 138/400 ERROR: No .raw files found in temp_dir.
Job 667: 139/400 ERROR: No .raw files found in temp_dir.
Job 667: 140/400 ERROR: No .raw files found in temp_dir.
Job 667: 141/400 ERROR: No .raw files found in temp_dir.
Job 667: 142/400 ERROR: No .raw files found in temp_dir.
Job 667: 143/400 ERROR: No .raw files found in temp_dir.
Job 667: 144/400 ERROR: No .raw files found in temp_dir.
Job 667: 145/400 ERROR: No .raw files found in temp_dir.
Job 667: 146/400 ERROR: No .raw files found in temp_dir.
Job 667: 147/400 ERROR: No .raw files found in temp_dir.
Job 667: 148/400 ERROR: No .raw files found in temp_dir.
Job 667: 149/400 ERROR: No .raw files found in temp_dir.
Job 667: 150/400 ERROR: No .raw files found in temp_dir.
Job 667: 151/400 ERROR: No .raw files found in temp_dir.
Job 667: 152/400 ERROR: No .raw files found in temp_dir.
Job 667: 153/400 ERROR: No .raw files found in temp_dir.
Job 667: 154/400 ERROR: No .raw files found in temp_dir.
Job 667: 155/400 ERROR: No .raw files found in temp_dir.
Job 667: 156/400 ERROR: No .raw files found in temp_dir.
Job 667: 157/400 ERROR: No .raw files found in temp_dir.
Job 667: 158/400 ERROR: No .raw files found in temp_dir.
Job 667: 159/400 ERROR: No .raw files found in temp_dir.
Job 667: 160/400 ERROR: No .raw files found in temp_dir.
Job 667: 161/400 ERROR: No .raw files found in temp_dir.
Job 667: 162/400 ERROR: No .raw files found in temp_dir.
Job 667: 163/400 ERROR: No .raw files found in temp_dir.
Job 667: 164/400 ERROR: No .raw files found in temp_dir.
Job 667: 165/400 ERROR: No .raw files found in temp_dir.
Job 667: 166/400 ERROR: No .raw files found in temp_dir.
Job 667: 167/400 ERROR: Not enough donors for the requested n.
Job 667: 168/400
Job 667: 169/400
Job 667: 170/400
Job 667: 171/400
Job 667: 172/400
Job 667: 173/400
Job 667: 174/400
Job 667: 175/400
Job 667: 176/400
Job 667: 177/400
Job 667: 178/400
Job 667: 179/400
Job 667: 180/400
Job 667: 181/400
Job 667: 182/400
Job 667: 183/400
Job 667: 184/400
Job 667: 185/400
Job 667: 186/400
Job 667: 187/400
Job 667: 188/400
Job 667: 189/400
Job 667: 190/400
Job 667: 191/400
Job 667: 192/400
Job 667: 193/400
Job 667: 194/400
Job 667: 195/400
Job 667: 196/400
Job 667: 197/400 ERROR: No .raw files found in temp_dir.
Job 667: 198/400 ERROR: No .raw files found in temp_dir.
Job 667: 199/400 ERROR: No .raw files found in temp_dir.
Job 667: 200/400 ERROR: No .raw files found in temp_dir.
Job 667: 201/400 ERROR: No .raw files found in temp_dir.
Job 667: 202/400 ERROR: No .raw files found in temp_dir.
Job 667: 203/400 ERROR: No .raw files found in temp_dir.
Job 667: 204/400 ERROR: No .raw files found in temp_dir.
Job 667: 205/400 ERROR: No .raw files found in temp_dir.
Job 667: 206/400 ERROR: No .raw files found in temp_dir.
Job 667: 207/400 ERROR: No .raw files found in temp_dir.
Job 667: 208/400 ERROR: No .raw files found in temp_dir.
Job 667: 209/400 ERROR: No .raw files found in temp_dir.
Job 667: 210/400 ERROR: No .raw files found in temp_dir.
Job 667: 211/400 ERROR: No .raw files found in temp_dir.
Job 667: 212/400 ERROR: No .raw files found in temp_dir.
Job 667: 213/400 ERROR: No .raw files found in temp_dir.
Job 667: 214/400 ERROR: No .raw files found in temp_dir.
Job 667: 215/400 ERROR: No .raw files found in temp_dir.
Job 667: 216/400 ERROR: No .raw files found in temp_dir.
Job 667: 217/400 ERROR: No .raw files found in temp_dir.
Job 667: 218/400 ERROR: No .raw files found in temp_dir.
Job 667: 219/400 ERROR: No .raw files found in temp_dir.
Job 667: 220/400 ERROR: No .raw files found in temp_dir.
Job 667: 221/400 ERROR: No .raw files found in temp_dir.
Job 667: 222/400 ERROR: No .raw files found in temp_dir.
Job 667: 223/400 ERROR: No .raw files found in temp_dir.
Job 667: 224/400 ERROR: No .raw files found in temp_dir.
Job 667: 225/400 ERROR: No .raw files found in temp_dir.
Job 667: 226/400 ERROR: No .raw files found in temp_dir.
Job 667: 227/400 ERROR: No .raw files found in temp_dir.
Job 667: 228/400 ERROR: No .raw files found in temp_dir.
Job 667: 229/400 ERROR: No .raw files found in temp_dir.
Job 667: 230/400 ERROR: No .raw files found in temp_dir.
Job 667: 231/400 ERROR: No .raw files found in temp_dir.
Job 667: 232/400 ERROR: No .raw files found in temp_dir.
Job 667: 233/400 ERROR: No .raw files found in temp_dir.
Job 667: 234/400 ERROR: No .raw files found in temp_dir.
Job 667: 235/400 ERROR: No .raw files found in temp_dir.
Job 667: 236/400 ERROR: No .raw files found in temp_dir.
Job 667: 237/400 ERROR: No .raw files found in temp_dir.
Job 667: 238/400 ERROR: No .raw files found in temp_dir.
Job 667: 239/400 ERROR: No .raw files found in temp_dir.
Job 667: 240/400 ERROR: No .raw files found in temp_dir.
Job 667: 241/400 ERROR: No .raw files found in temp_dir.
Job 667: 242/400 ERROR: No .raw files found in temp_dir.
Job 667: 243/400 ERROR: No .raw files found in temp_dir.
Job 667: 244/400 ERROR: No .raw files found in temp_dir.
Job 667: 245/400 ERROR: No .raw files found in temp_dir.
Job 667: 246/400 ERROR: No .raw files found in temp_dir.
Job 667: 247/400 ERROR: No .raw files found in temp_dir.
Job 667: 248/400 ERROR: No .raw files found in temp_dir.
Job 667: 249/400 ERROR: No .raw files found in temp_dir.
Job 667: 250/400 ERROR: No .raw files found in temp_dir.
Job 667: 251/400 ERROR: No .raw files found in temp_dir.
Job 667: 252/400 ERROR: No .raw files found in temp_dir.
Job 667: 253/400 ERROR: No .raw files found in temp_dir.
Job 667: 254/400 ERROR: No .raw files found in temp_dir.
Job 667: 255/400 ERROR: No .raw files found in temp_dir.
Job 667: 256/400 ERROR: No .raw files found in temp_dir.
Job 667: 257/400 ERROR: No .raw files found in temp_dir.
Job 667: 258/400 ERROR: No .raw files found in temp_dir.
Job 667: 259/400 ERROR: No .raw files found in temp_dir.
Job 667: 260/400 ERROR: No .raw files found in temp_dir.
Job 667: 261/400 ERROR: No .raw files found in temp_dir.
Job 667: 262/400 ERROR: No .raw files found in temp_dir.
Job 667: 263/400 ERROR: No .raw files found in temp_dir.
Job 667: 264/400 ERROR: No .raw files found in temp_dir.
Job 667: 265/400 ERROR: No .raw files found in temp_dir.
Job 667: 266/400 ERROR: No .raw files found in temp_dir.
Job 667: 267/400 ERROR: No .raw files found in temp_dir.
Job 667: 268/400 ERROR: No .raw files found in temp_dir.
Job 667: 269/400 ERROR: No .raw files found in temp_dir.
Job 667: 270/400 ERROR: No .raw files found in temp_dir.
Job 667: 271/400 ERROR: No .raw files found in temp_dir.
Job 667: 272/400 ERROR: No .raw files found in temp_dir.
Job 667: 273/400 ERROR: No .raw files found in temp_dir.
Job 667: 274/400 ERROR: No .raw files found in temp_dir.
Job 667: 275/400 ERROR: No .raw files found in temp_dir.
Job 667: 276/400 ERROR: No .raw files found in temp_dir.
Job 667: 277/400 ERROR: No .raw files found in temp_dir.
Job 667: 278/400 ERROR: No .raw files found in temp_dir.
Job 667: 279/400 ERROR: No .raw files found in temp_dir.
Job 667: 280/400 ERROR: No .raw files found in temp_dir.
Job 667: 281/400 ERROR: No .raw files found in temp_dir.
Job 667: 282/400 ERROR: No .raw files found in temp_dir.
Job 667: 283/400 ERROR: No .raw files found in temp_dir.
Job 667: 284/400 ERROR: No .raw files found in temp_dir.
Job 667: 285/400 ERROR: No .raw files found in temp_dir.
Job 667: 286/400 ERROR: No .raw files found in temp_dir.
Job 667: 287/400 ERROR: No .raw files found in temp_dir.
Job 667: 288/400 ERROR: No .raw files found in temp_dir.
Job 667: 289/400 ERROR: No .raw files found in temp_dir.
Job 667: 290/400 ERROR: No .raw files found in temp_dir.
Job 667: 291/400 ERROR: No .raw files found in temp_dir.
Job 667: 292/400 ERROR: No .raw files found in temp_dir.
Job 667: 293/400 ERROR: No .raw files found in temp_dir.
Job 667: 294/400 ERROR: No .raw files found in temp_dir.
Job 667: 295/400 ERROR: No .raw files found in temp_dir.
Job 667: 296/400 ERROR: No .raw files found in temp_dir.
Job 667: 297/400 ERROR: No .raw files found in temp_dir.
Job 667: 298/400 ERROR: No .raw files found in temp_dir.
Job 667: 299/400 ERROR: No .raw files found in temp_dir.
Job 667: 300/400 ERROR: No .raw files found in temp_dir.
Job 667: 301/400 ERROR: No .raw files found in temp_dir.
Job 667: 302/400 ERROR: No .raw files found in temp_dir.
Job 667: 303/400 ERROR: No .raw files found in temp_dir.
Job 667: 304/400 ERROR: No .raw files found in temp_dir.
Job 667: 305/400 ERROR: No .raw files found in temp_dir.
Job 667: 306/400 ERROR: No .raw files found in temp_dir.
Job 667: 307/400 ERROR: No .raw files found in temp_dir.
Job 667: 308/400 ERROR: No .raw files found in temp_dir.
Job 667: 309/400 ERROR: No .raw files found in temp_dir.
Job 667: 310/400 ERROR: No .raw files found in temp_dir.
Job 667: 311/400 ERROR: No .raw files found in temp_dir.
Job 667: 312/400 ERROR: No .raw files found in temp_dir.
Job 667: 313/400 ERROR: No .raw files found in temp_dir.
Job 667: 314/400 ERROR: No .raw files found in temp_dir.
Job 667: 315/400 ERROR: No .raw files found in temp_dir.
Job 667: 316/400 ERROR: No .raw files found in temp_dir.
Job 667: 317/400 ERROR: No .raw files found in temp_dir.
Job 667: 318/400 ERROR: No .raw files found in temp_dir.
Job 667: 319/400 ERROR: No .raw files found in temp_dir.
Job 667: 320/400 ERROR: No .raw files found in temp_dir.
Job 667: 321/400 ERROR: No .raw files found in temp_dir.
Job 667: 322/400 ERROR: No .raw files found in temp_dir.
Job 667: 323/400 ERROR: No .raw files found in temp_dir.
Job 667: 324/400 ERROR: No .raw files found in temp_dir.
Job 667: 325/400 ERROR: No .raw files found in temp_dir.
Job 667: 326/400 ERROR: No .raw files found in temp_dir.
Job 667: 327/400 ERROR: No .raw files found in temp_dir.
Job 667: 328/400 ERROR: No .raw files found in temp_dir.
Job 667: 329/400 ERROR: No .raw files found in temp_dir.
Job 667: 330/400 ERROR: No .raw files found in temp_dir.
Job 667: 331/400 ERROR: No .raw files found in temp_dir.
Job 667: 332/400 ERROR: No .raw files found in temp_dir.
Job 667: 333/400 ERROR: No .raw files found in temp_dir.
Job 667: 334/400 ERROR: No .raw files found in temp_dir.
Job 667: 335/400 ERROR: No .raw files found in temp_dir.
Job 667: 336/400 ERROR: No .raw files found in temp_dir.
Job 667: 337/400 ERROR: No .raw files found in temp_dir.
Job 667: 338/400 ERROR: No .raw files found in temp_dir.
Job 667: 339/400 ERROR: No .raw files found in temp_dir.
Job 667: 340/400 ERROR: No .raw files found in temp_dir.
Job 667: 341/400 ERROR: No .raw files found in temp_dir.
Job 667: 342/400 ERROR: No .raw files found in temp_dir.
Job 667: 343/400 ERROR: No .raw files found in temp_dir.
Job 667: 344/400 ERROR: No .raw files found in temp_dir.
Job 667: 345/400 ERROR: No .raw files found in temp_dir.
Job 667: 346/400 ERROR: No .raw files found in temp_dir.
Job 667: 347/400 ERROR: No .raw files found in temp_dir.
Job 667: 348/400 ERROR: No .raw files found in temp_dir.
Job 667: 349/400 ERROR: No .raw files found in temp_dir.
Job 667: 350/400 ERROR: No .raw files found in temp_dir.
Job 667: 351/400 ERROR: No .raw files found in temp_dir.
Job 667: 352/400 ERROR: No .raw files found in temp_dir.
Job 667: 353/400 ERROR: No .raw files found in temp_dir.
Job 667: 354/400 ERROR: No .raw files found in temp_dir.
Job 667: 355/400 ERROR: No .raw files found in temp_dir.
Job 667: 356/400 ERROR: No .raw files found in temp_dir.
Job 667: 357/400 ERROR: No .raw files found in temp_dir.
Job 667: 358/400 ERROR: No .raw files found in temp_dir.
Job 667: 359/400 ERROR: No .raw files found in temp_dir.
Job 667: 360/400 ERROR: No .raw files found in temp_dir.
Job 667: 361/400 ERROR: No .raw files found in temp_dir.
Job 667: 362/400 ERROR: No .raw files found in temp_dir.
Job 667: 363/400 ERROR: No .raw files found in temp_dir.
Job 667: 364/400 ERROR: No .raw files found in temp_dir.
Job 667: 365/400 ERROR: No .raw files found in temp_dir.
Job 667: 366/400 ERROR: No .raw files found in temp_dir.
Job 667: 367/400 ERROR: No .raw files found in temp_dir.
Job 667: 368/400 ERROR: No .raw files found in temp_dir.
Job 667: 369/400 ERROR: No .raw files found in temp_dir.
Job 667: 370/400 ERROR: No .raw files found in temp_dir.
Job 667: 371/400 ERROR: No .raw files found in temp_dir.
Job 667: 372/400 ERROR: No .raw files found in temp_dir.
Job 667: 373/400 ERROR: No .raw files found in temp_dir.
Job 667: 374/400 ERROR: No .raw files found in temp_dir.
Job 667: 375/400 ERROR: No .raw files found in temp_dir.
Job 667: 376/400 ERROR: No .raw files found in temp_dir.
Job 667: 377/400 ERROR: No .raw files found in temp_dir.
Job 667: 378/400 ERROR: No .raw files found in temp_dir.
Job 667: 379/400 ERROR: No .raw files found in temp_dir.
Job 667: 380/400 ERROR: No .raw files found in temp_dir.
Job 667: 381/400 ERROR: No .raw files found in temp_dir.
Job 667: 382/400 ERROR: No .raw files found in temp_dir.
Job 667: 383/400 ERROR: No .raw files found in temp_dir.
Job 667: 384/400 ERROR: No .raw files found in temp_dir.
Job 667: 385/400 ERROR: No .raw files found in temp_dir.
Job 667: 386/400 ERROR: No .raw files found in temp_dir.
Job 667: 387/400 ERROR: No .raw files found in temp_dir.
Job 667: 388/400 ERROR: No .raw files found in temp_dir.
Job 667: 389/400 ERROR: No .raw files found in temp_dir.
Job 667: 390/400 ERROR: No .raw files found in temp_dir.
Job 667: 391/400 ERROR: No .raw files found in temp_dir.
Job 667: 392/400 ERROR: No .raw files found in temp_dir.
Job 667: 393/400 ERROR: No .raw files found in temp_dir.
Job 667: 394/400 ERROR: No .raw files found in temp_dir.
Job 667: 395/400 ERROR: No .raw files found in temp_dir.
Job 667: 396/400 ERROR: No .raw files found in temp_dir.
Job 667: 397/400 ERROR: No .raw files found in temp_dir.
Job 667: 398/400 ERROR: No .raw files found in temp_dir.
Job 667: 399/400 ERROR: No .raw files found in temp_dir.
Job 667: 400/400 ERROR: No .raw files found in temp_dir.
Warning messages:
1: In data.table::fread(raw_file, data.table = FALSE) :
  Discarded single-line footer: <<0	GTEX-183FY	0	0	0	-9	2	2	2	2	1	0	2	2	2	2	1	2	1	2	2	2	2	2	2	2	2	2	2	2	2	2	2	2	0	2	0	2	1	2	1	2	1	0	2	2	2	1	2	1	2	2	2	2	1	2	2	1	2	2	2	0	2	2	2	2	2	1	2	2	2	2	1	2	2	2	2	2	2	1	2	2	2	0	2	2	2	2	2	2	2	2	2	2	2	2	0	1	2	2	2	1	2	2	2	2	2	2	2	2	0	2	2	2	2	2	2	2	2	1	2	2	2	1	2	2	2	2	2	2	2	1	2	2	2	0	2	2	2	2	1	2	1	2	0	2	0	2	1	2	2	2	2	2	2	2	2	2	2	2	2	2	2	1	1	2	2	1	2	2	1	1	2	2	2	2	2	2	1	2	2	2	2	2	2	2	2	2	2	2	2	1	2	2	2	2	2	1	2	2	2	2	2	2	2	2	2	2	2	2	2	2	2	2	2	2	2	2	2	2	2	2	2	2	2	2	2	2	2	1	2	2	2	2	2	2	2	2	2	1	2	2	2	2	2	>>
2: In data.table::fread(raw_file, data.table = FALSE) :
  Discarded single-line footer: <<0	GTEX-15DCZ	0	0	0	-9	2	2	2	2	2	2	2	2	2	2	2	2	2	2	2	2	2	2	2	2	2	2	2	2	2	2	2	2	2	2	2	2	2	2	2	2	2	2	2	2	0	2	2	2	2	2	2	2	2	2	2	2	2	2	2	2	2	2	2	2	2	2	2	2	2	2	2	2	2	2	2	2	2	2	2	2	2	2	2	2	2	2	2	2	2	2	2	2	2	2	2	2	2	2	2	2	2	2	2	2	2	2	2	2	2	2	2	2	2	2	2	2	2	2	2	2	2	2	2	2	2	2	2	2	2	2	2	2	2	2	2	2	2	2	2	2	2	2	2	2	1	2	2	2	2	2	2	2	2	2	2	2	2	2	2	2	2	2	2	2	2	2	2	2	2	2	2	2	2	2	2	2	2	2	2	2	2	2	2	2	2	2	2	2	2	2	2	2	2	0	2	2	2	2	2	2	2	2	0	2	2	2	2	2	2	2	2	2	2	2	2	2	2	2	0	2	2	2	2	2	2	2	2	2	2	2	2	2	2	2	2	2	2	2	2	2	2	2	2	>>
