Registered S3 methods overwritten by 'susieSlide':
  method              from  
  coef.susie          susieR
  predict.susie       susieR
  print.summary.susie susieR
  summary.susie       susieR
Job 87: 1/400
Job 87: 2/400
Job 87: 3/400
Job 87: 4/400
Job 87: 5/400
Job 87: 6/400
Job 87: 7/400
Job 87: 8/400
Job 87: 9/400
Job 87: 10/400
Job 87: 11/400
Job 87: 12/400
Job 87: 13/400
Job 87: 14/400
Job 87: 15/400
Job 87: 16/400
Job 87: 17/400
Job 87: 18/400
Job 87: 19/400
Job 87: 20/400
Job 87: 21/400
Job 87: 22/400
Job 87: 23/400
Job 87: 24/400
Job 87: 25/400
Job 87: 26/400
Job 87: 27/400
Job 87: 28/400
Job 87: 29/400
Job 87: 30/400
Job 87: 31/400
Job 87: 32/400
Job 87: 33/400
Job 87: 34/400
Job 87: 35/400
Job 87: 36/400
Job 87: 37/400
Job 87: 38/400
Job 87: 39/400
Job 87: 40/400
Job 87: 41/400
Job 87: 42/400
Job 87: 43/400
Job 87: 44/400
Job 87: 45/400
Job 87: 46/400
Job 87: 47/400
Job 87: 48/400
Job 87: 49/400
Job 87: 50/400
Job 87: 51/400
Job 87: 52/400
Job 87: 53/400
Job 87: 54/400
Job 87: 55/400
Job 87: 56/400
Job 87: 57/400
Job 87: 58/400
Job 87: 59/400
Job 87: 60/400
Job 87: 61/400
Job 87: 62/400
Job 87: 63/400
Job 87: 64/400
Job 87: 65/400
Job 87: 66/400
Job 87: 67/400
Job 87: 68/400
Job 87: 69/400
Job 87: 70/400
Job 87: 71/400
Job 87: 72/400
Job 87: 73/400
Job 87: 74/400
Job 87: 75/400
Job 87: 76/400
Job 87: 77/400
Job 87: 78/400
Job 87: 79/400
Job 87: 80/400
Job 87: 81/400
Job 87: 82/400
Job 87: 83/400
Job 87: 84/400
Job 87: 85/400
Job 87: 86/400
Job 87: 87/400
Job 87: 88/400
Job 87: 89/400
Job 87: 90/400
Job 87: 91/400
Job 87: 92/400
Job 87: 93/400
Job 87: 94/400
Job 87: 95/400
Job 87: 96/400
Job 87: 97/400
Job 87: 98/400
Job 87: 99/400
Job 87: 100/400
Job 87: 101/400
Job 87: 102/400
Job 87: 103/400
Job 87: 104/400
Job 87: 105/400
Job 87: 106/400
Job 87: 107/400
Job 87: 108/400
Job 87: 109/400
Job 87: 110/400
Job 87: 111/400
Job 87: 112/400
Job 87: 113/400
Job 87: 114/400
Job 87: 115/400
Job 87: 116/400
Job 87: 117/400
Job 87: 118/400
Job 87: 119/400
Job 87: 120/400
Job 87: 121/400
Job 87: 122/400
Job 87: 123/400
Job 87: 124/400
Job 87: 125/400
Job 87: 126/400
Job 87: 127/400
Job 87: 128/400
Job 87: 129/400
Job 87: 130/400
Job 87: 131/400
Job 87: 132/400
Job 87: 133/400
Job 87: 134/400
Job 87: 135/400
Job 87: 136/400
Job 87: 137/400
Job 87: 138/400
Job 87: 139/400
Job 87: 140/400
Job 87: 141/400
Job 87: 142/400
Job 87: 143/400
Job 87: 144/400
Job 87: 145/400
Job 87: 146/400
Job 87: 147/400
Job 87: 148/400
Job 87: 149/400
Job 87: 150/400
Job 87: 151/400
Job 87: 152/400
Job 87: 153/400
Job 87: 154/400
Job 87: 155/400
Job 87: 156/400
Job 87: 157/400
Job 87: 158/400
Job 87: 159/400
Job 87: 160/400
Job 87: 161/400
Job 87: 162/400
Job 87: 163/400
Job 87: 164/400
Job 87: 165/400
Job 87: 166/400
Job 87: 167/400
Job 87: 168/400
Job 87: 169/400
Job 87: 170/400
Job 87: 171/400
Job 87: 172/400
Job 87: 173/400
Job 87: 174/400
Job 87: 175/400
Job 87: 176/400
Job 87: 177/400
Job 87: 178/400
Job 87: 179/400
Job 87: 180/400
Job 87: 181/400
Job 87: 182/400
Job 87: 183/400
Job 87: 184/400
Job 87: 185/400
Job 87: 186/400
Job 87: 187/400
Job 87: 188/400
Job 87: 189/400
Job 87: 190/400
Job 87: 191/400
Job 87: 192/400
Job 87: 193/400
Job 87: 194/400
Job 87: 195/400
Job 87: 196/400
Job 87: 197/400
Job 87: 198/400
Job 87: 199/400
Job 87: 200/400
Job 87: 201/400
Job 87: 202/400
Job 87: 203/400
Job 87: 204/400
Job 87: 205/400
Job 87: 206/400
Job 87: 207/400
Job 87: 208/400
Job 87: 209/400
Job 87: 210/400
Job 87: 211/400
Job 87: 212/400
Job 87: 213/400
Job 87: 214/400
Job 87: 215/400
Job 87: 216/400
Job 87: 217/400
Job 87: 218/400
Job 87: 219/400
Job 87: 220/400
Job 87: 221/400
Job 87: 222/400
Job 87: 223/400
Job 87: 224/400
Job 87: 225/400
Job 87: 226/400
Job 87: 227/400
Job 87: 228/400
Job 87: 229/400
Job 87: 230/400
Job 87: 231/400
Job 87: 232/400
Job 87: 233/400
Job 87: 234/400
Job 87: 235/400
Job 87: 236/400
Job 87: 237/400
Job 87: 238/400
Job 87: 239/400
Job 87: 240/400
Job 87: 241/400
Job 87: 242/400
Job 87: 243/400
Job 87: 244/400
Job 87: 245/400
Job 87: 246/400
Job 87: 247/400
Job 87: 248/400
Job 87: 249/400
Job 87: 250/400
Job 87: 251/400
Job 87: 252/400
Job 87: 253/400
Job 87: 254/400
Job 87: 255/400
Job 87: 256/400
Job 87: 257/400
Job 87: 258/400
Job 87: 259/400
Job 87: 260/400
Job 87: 261/400
Job 87: 262/400
Job 87: 263/400
Job 87: 264/400
Job 87: 265/400
Job 87: 266/400
Job 87: 267/400
Job 87: 268/400
Job 87: 269/400
Job 87: 270/400
Job 87: 271/400
Job 87: 272/400
Job 87: 273/400
Job 87: 274/400
Job 87: 275/400
Job 87: 276/400
Job 87: 277/400
Job 87: 278/400
Job 87: 279/400
Job 87: 280/400
Job 87: 281/400
Job 87: 282/400
Job 87: 283/400
Job 87: 284/400
Job 87: 285/400
Job 87: 286/400
Job 87: 287/400
Job 87: 288/400
Job 87: 289/400
Job 87: 290/400
Job 87: 291/400
Job 87: 292/400
Job 87: 293/400
Job 87: 294/400
Job 87: 295/400
Job 87: 296/400
Job 87: 297/400
Job 87: 298/400
Job 87: 299/400
Job 87: 300/400
Job 87: 301/400
Job 87: 302/400
Job 87: 303/400
Job 87: 304/400
Job 87: 305/400
Job 87: 306/400
Job 87: 307/400
Job 87: 308/400
Job 87: 309/400
Job 87: 310/400
Job 87: 311/400
Job 87: 312/400
Job 87: 313/400
Job 87: 314/400
Job 87: 315/400
Job 87: 316/400
Job 87: 317/400
Job 87: 318/400
Job 87: 319/400
Job 87: 320/400
Job 87: 321/400
Job 87: 322/400
Job 87: 323/400
Job 87: 324/400
Job 87: 325/400
Job 87: 326/400
Job 87: 327/400
Job 87: 328/400
Job 87: 329/400
Job 87: 330/400
Job 87: 331/400
Job 87: 332/400
Job 87: 333/400
Job 87: 334/400
Job 87: 335/400
Job 87: 336/400
Job 87: 337/400
Job 87: 338/400
Job 87: 339/400
Job 87: 340/400
Job 87: 341/400
Job 87: 342/400
Job 87: 343/400
Job 87: 344/400
Job 87: 345/400
Job 87: 346/400
Job 87: 347/400
Job 87: 348/400
Job 87: 349/400
Job 87: 350/400
Job 87: 351/400
Job 87: 352/400
Job 87: 353/400
Job 87: 354/400
Job 87: 355/400
Job 87: 356/400
Job 87: 357/400
Job 87: 358/400
Job 87: 359/400
Job 87: 360/400
Job 87: 361/400
Job 87: 362/400
Job 87: 363/400
Job 87: 364/400
Job 87: 365/400
Job 87: 366/400
Job 87: 367/400
Job 87: 368/400
Job 87: 369/400
Job 87: 370/400
Job 87: 371/400
Job 87: 372/400
Job 87: 373/400
Job 87: 374/400
Job 87: 375/400
Job 87: 376/400
Job 87: 377/400
Job 87: 378/400
Job 87: 379/400
Job 87: 380/400
Job 87: 381/400
Job 87: 382/400
Job 87: 383/400
Job 87: 384/400
Job 87: 385/400
Job 87: 386/400
Job 87: 387/400
Job 87: 388/400
Job 87: 389/400
Job 87: 390/400
Job 87: 391/400
Job 87: 392/400
Job 87: 393/400
Job 87: 394/400
Job 87: 395/400
Job 87: 396/400
Job 87: 397/400
Job 87: 398/400
Job 87: 399/400
Job 87: 400/400
