Registered S3 methods overwritten by 'susieSlide':
  method              from  
  coef.susie          susieR
  predict.susie       susieR
  print.summary.susie susieR
  summary.susie       susieR
Job 278: 1/400
Job 278: 2/400
Job 278: 3/400
Job 278: 4/400
Job 278: 5/400
Job 278: 6/400
Job 278: 7/400
Job 278: 8/400
Job 278: 9/400
Job 278: 10/400
Job 278: 11/400
Job 278: 12/400
Job 278: 13/400
Job 278: 14/400
Job 278: 15/400
Job 278: 16/400
Job 278: 17/400
Job 278: 18/400
Job 278: 19/400
Job 278: 20/400
Job 278: 21/400
Job 278: 22/400
Job 278: 23/400
Job 278: 24/400
Job 278: 25/400
Job 278: 26/400
Job 278: 27/400
Job 278: 28/400
Job 278: 29/400
Job 278: 30/400
Job 278: 31/400
Job 278: 32/400
Job 278: 33/400
Job 278: 34/400
Job 278: 35/400
Job 278: 36/400
Job 278: 37/400
Job 278: 38/400
Job 278: 39/400
Job 278: 40/400
Job 278: 41/400
Job 278: 42/400
Job 278: 43/400
Job 278: 44/400
Job 278: 45/400
Job 278: 46/400
Job 278: 47/400
Job 278: 48/400
Job 278: 49/400
Job 278: 50/400
Job 278: 51/400
Job 278: 52/400
Job 278: 53/400
Job 278: 54/400
Job 278: 55/400
Job 278: 56/400
Job 278: 57/400
Job 278: 58/400
Job 278: 59/400
Job 278: 60/400
Job 278: 61/400
Job 278: 62/400
Job 278: 63/400
Job 278: 64/400
Job 278: 65/400
Job 278: 66/400
Job 278: 67/400
Job 278: 68/400
Job 278: 69/400
Job 278: 70/400
Job 278: 71/400
Job 278: 72/400
Job 278: 73/400
Job 278: 74/400
Job 278: 75/400
Job 278: 76/400
Job 278: 77/400
Job 278: 78/400
Job 278: 79/400
Job 278: 80/400
Job 278: 81/400
Job 278: 82/400
Job 278: 83/400
Job 278: 84/400
Job 278: 85/400
Job 278: 86/400
Job 278: 87/400
Job 278: 88/400
Job 278: 89/400
Job 278: 90/400
Job 278: 91/400
Job 278: 92/400
Job 278: 93/400
Job 278: 94/400
Job 278: 95/400
Job 278: 96/400
Job 278: 97/400
Job 278: 98/400
Job 278: 99/400
Job 278: 100/400
Job 278: 101/400
Job 278: 102/400
Job 278: 103/400
Job 278: 104/400
Job 278: 105/400
Job 278: 106/400
Job 278: 107/400
Job 278: 108/400
Job 278: 109/400
Job 278: 110/400
Job 278: 111/400
Job 278: 112/400
Job 278: 113/400
Job 278: 114/400
Job 278: 115/400
Job 278: 116/400
Job 278: 117/400
Job 278: 118/400
Job 278: 119/400
Job 278: 120/400
Job 278: 121/400
Job 278: 122/400
Job 278: 123/400
Job 278: 124/400
Job 278: 125/400
Job 278: 126/400
Job 278: 127/400
Job 278: 128/400
Job 278: 129/400
Job 278: 130/400
Job 278: 131/400
Job 278: 132/400
Job 278: 133/400
Job 278: 134/400
Job 278: 135/400
Job 278: 136/400
Job 278: 137/400
Job 278: 138/400
Job 278: 139/400
Job 278: 140/400
Job 278: 141/400
Job 278: 142/400
Job 278: 143/400
Job 278: 144/400
Job 278: 145/400
Job 278: 146/400
Job 278: 147/400
Job 278: 148/400
Job 278: 149/400
Job 278: 150/400
Job 278: 151/400
Job 278: 152/400
Job 278: 153/400
Job 278: 154/400
Job 278: 155/400
Job 278: 156/400
Job 278: 157/400
Job 278: 158/400
Job 278: 159/400
Job 278: 160/400
Job 278: 161/400
Job 278: 162/400
Job 278: 163/400
Job 278: 164/400
Job 278: 165/400
Job 278: 166/400
Job 278: 167/400
Job 278: 168/400
Job 278: 169/400
Job 278: 170/400
Job 278: 171/400
Job 278: 172/400
Job 278: 173/400
Job 278: 174/400
Job 278: 175/400
Job 278: 176/400
Job 278: 177/400
Job 278: 178/400
Job 278: 179/400
Job 278: 180/400
Job 278: 181/400
Job 278: 182/400
Job 278: 183/400
Job 278: 184/400
Job 278: 185/400
Job 278: 186/400
Job 278: 187/400
Job 278: 188/400
Job 278: 189/400
Job 278: 190/400
Job 278: 191/400
Job 278: 192/400
Job 278: 193/400
Job 278: 194/400
Job 278: 195/400
Job 278: 196/400
Job 278: 197/400
Job 278: 198/400
Job 278: 199/400
Job 278: 200/400
Job 278: 201/400
Job 278: 202/400
Job 278: 203/400
Job 278: 204/400
Job 278: 205/400
Job 278: 206/400
Job 278: 207/400
Job 278: 208/400
Job 278: 209/400
Job 278: 210/400
Job 278: 211/400
Job 278: 212/400
Job 278: 213/400
Job 278: 214/400
Job 278: 215/400
Job 278: 216/400
Job 278: 217/400
Job 278: 218/400
Job 278: 219/400
Job 278: 220/400
Job 278: 221/400
Job 278: 222/400
Job 278: 223/400
Job 278: 224/400
Job 278: 225/400
Job 278: 226/400
Job 278: 227/400
Job 278: 228/400
Job 278: 229/400
Job 278: 230/400
Job 278: 231/400
Job 278: 232/400
Job 278: 233/400
Job 278: 234/400
Job 278: 235/400
Job 278: 236/400
Job 278: 237/400
Job 278: 238/400
Job 278: 239/400
Job 278: 240/400
Job 278: 241/400
Job 278: 242/400
Job 278: 243/400
Job 278: 244/400
Job 278: 245/400
Job 278: 246/400
Job 278: 247/400
Job 278: 248/400
Job 278: 249/400
Job 278: 250/400
Job 278: 251/400
Job 278: 252/400
Job 278: 253/400
Job 278: 254/400
Job 278: 255/400
Job 278: 256/400
Job 278: 257/400
Job 278: 258/400
Job 278: 259/400
Job 278: 260/400
Job 278: 261/400
Job 278: 262/400
Job 278: 263/400
Job 278: 264/400
Job 278: 265/400
Job 278: 266/400
Job 278: 267/400
Job 278: 268/400
Job 278: 269/400
Job 278: 270/400
Job 278: 271/400
Job 278: 272/400
Job 278: 273/400
Job 278: 274/400
Job 278: 275/400
Job 278: 276/400
Job 278: 277/400
Job 278: 278/400
Job 278: 279/400
Job 278: 280/400
Job 278: 281/400
Job 278: 282/400
Job 278: 283/400
Job 278: 284/400
Job 278: 285/400
Job 278: 286/400
Job 278: 287/400
Job 278: 288/400
Job 278: 289/400
Job 278: 290/400
Job 278: 291/400
Job 278: 292/400
Job 278: 293/400
Job 278: 294/400
Job 278: 295/400
Job 278: 296/400
Job 278: 297/400
Job 278: 298/400
Job 278: 299/400
Job 278: 300/400
Job 278: 301/400
Job 278: 302/400
Job 278: 303/400
Job 278: 304/400
Job 278: 305/400
Job 278: 306/400
Job 278: 307/400
Job 278: 308/400
Job 278: 309/400
Job 278: 310/400
Job 278: 311/400
Job 278: 312/400
Job 278: 313/400
Job 278: 314/400
Job 278: 315/400
Job 278: 316/400
Job 278: 317/400
Job 278: 318/400
Job 278: 319/400
Job 278: 320/400
Job 278: 321/400
Job 278: 322/400
Job 278: 323/400
Job 278: 324/400
Job 278: 325/400
Job 278: 326/400
Job 278: 327/400
Job 278: 328/400
Job 278: 329/400
Job 278: 330/400
Job 278: 331/400
Job 278: 332/400
Job 278: 333/400
Job 278: 334/400
Job 278: 335/400
Job 278: 336/400
Job 278: 337/400
Job 278: 338/400
Job 278: 339/400
Job 278: 340/400
Job 278: 341/400
Job 278: 342/400
Job 278: 343/400
Job 278: 344/400
Job 278: 345/400
Job 278: 346/400
Job 278: 347/400
Job 278: 348/400
Job 278: 349/400
Job 278: 350/400
Job 278: 351/400
Job 278: 352/400
Job 278: 353/400
Job 278: 354/400
Job 278: 355/400
Job 278: 356/400
Job 278: 357/400
Job 278: 358/400
Job 278: 359/400
Job 278: 360/400
Job 278: 361/400
Job 278: 362/400
Job 278: 363/400
Job 278: 364/400
Job 278: 365/400
Job 278: 366/400
Job 278: 367/400
Job 278: 368/400
Job 278: 369/400
Job 278: 370/400
Job 278: 371/400
Job 278: 372/400
Job 278: 373/400
Job 278: 374/400
Job 278: 375/400
Job 278: 376/400
Job 278: 377/400
Job 278: 378/400
Job 278: 379/400
Job 278: 380/400
Job 278: 381/400
Job 278: 382/400
Job 278: 383/400
Job 278: 384/400
Job 278: 385/400
Job 278: 386/400
Job 278: 387/400
Job 278: 388/400
Job 278: 389/400
Job 278: 390/400
Job 278: 391/400
Job 278: 392/400
Job 278: 393/400
Job 278: 394/400
Job 278: 395/400
Job 278: 396/400
Job 278: 397/400
Job 278: 398/400
Job 278: 399/400
Job 278: 400/400
