Registered S3 methods overwritten by 'susieSlide':
  method              from  
  coef.susie          susieR
  predict.susie       susieR
  print.summary.susie susieR
  summary.susie       susieR
Job 589: 1/400
Job 589: 2/400
Job 589: 3/400
Job 589: 4/400
Job 589: 5/400
Job 589: 6/400
Job 589: 7/400
Job 589: 8/400
Job 589: 9/400
Job 589: 10/400
Job 589: 11/400
Job 589: 12/400
Job 589: 13/400
Job 589: 14/400
Job 589: 15/400
Job 589: 16/400
Job 589: 17/400
Job 589: 18/400
Job 589: 19/400
Job 589: 20/400
Job 589: 21/400
Job 589: 22/400
Job 589: 23/400
Job 589: 24/400
Job 589: 25/400
Job 589: 26/400
Job 589: 27/400
Job 589: 28/400
Job 589: 29/400
Job 589: 30/400
Job 589: 31/400
Job 589: 32/400
Job 589: 33/400
Job 589: 34/400
Job 589: 35/400
Job 589: 36/400
Job 589: 37/400
Job 589: 38/400
Job 589: 39/400
Job 589: 40/400
Job 589: 41/400
Job 589: 42/400
Job 589: 43/400
Job 589: 44/400
Job 589: 45/400
Job 589: 46/400
Job 589: 47/400
Job 589: 48/400
Job 589: 49/400
Job 589: 50/400
Job 589: 51/400
Job 589: 52/400
Job 589: 53/400
Job 589: 54/400
Job 589: 55/400
Job 589: 56/400
Job 589: 57/400
Job 589: 58/400
Job 589: 59/400
Job 589: 60/400
Job 589: 61/400
Job 589: 62/400
Job 589: 63/400
Job 589: 64/400
Job 589: 65/400
Job 589: 66/400
Job 589: 67/400
Job 589: 68/400
Job 589: 69/400
Job 589: 70/400
Job 589: 71/400
Job 589: 72/400
Job 589: 73/400
Job 589: 74/400
Job 589: 75/400
Job 589: 76/400
Job 589: 77/400
Job 589: 78/400
Job 589: 79/400
Job 589: 80/400
Job 589: 81/400
Job 589: 82/400
Job 589: 83/400
Job 589: 84/400
Job 589: 85/400
Job 589: 86/400
Job 589: 87/400
Job 589: 88/400
Job 589: 89/400
Job 589: 90/400
Job 589: 91/400
Job 589: 92/400
Job 589: 93/400
Job 589: 94/400
Job 589: 95/400
Job 589: 96/400
Job 589: 97/400
Job 589: 98/400
Job 589: 99/400
Job 589: 100/400
Job 589: 101/400
Job 589: 102/400
Job 589: 103/400
Job 589: 104/400
Job 589: 105/400
Job 589: 106/400
Job 589: 107/400
Job 589: 108/400
Job 589: 109/400
Job 589: 110/400
Job 589: 111/400
Job 589: 112/400
Job 589: 113/400
Job 589: 114/400
Job 589: 115/400
Job 589: 116/400
Job 589: 117/400
Job 589: 118/400
Job 589: 119/400
Job 589: 120/400
Job 589: 121/400
Job 589: 122/400
Job 589: 123/400
Job 589: 124/400
Job 589: 125/400
Job 589: 126/400
Job 589: 127/400
Job 589: 128/400
Job 589: 129/400
Job 589: 130/400
Job 589: 131/400
Job 589: 132/400
Job 589: 133/400
Job 589: 134/400
Job 589: 135/400
Job 589: 136/400
Job 589: 137/400
Job 589: 138/400
Job 589: 139/400
Job 589: 140/400
Job 589: 141/400
Job 589: 142/400
Job 589: 143/400
Job 589: 144/400
Job 589: 145/400
Job 589: 146/400
Job 589: 147/400
Job 589: 148/400
Job 589: 149/400
Job 589: 150/400
Job 589: 151/400
Job 589: 152/400
Job 589: 153/400
Job 589: 154/400
Job 589: 155/400
Job 589: 156/400
Job 589: 157/400
Job 589: 158/400
Job 589: 159/400
Job 589: 160/400
Job 589: 161/400
Job 589: 162/400
Job 589: 163/400
Job 589: 164/400
Job 589: 165/400
Job 589: 166/400
Job 589: 167/400
Job 589: 168/400
Job 589: 169/400
Job 589: 170/400
Job 589: 171/400
Job 589: 172/400
Job 589: 173/400
Job 589: 174/400
Job 589: 175/400
Job 589: 176/400
Job 589: 177/400
Job 589: 178/400
Job 589: 179/400
Job 589: 180/400
Job 589: 181/400
Job 589: 182/400
Job 589: 183/400
Job 589: 184/400
Job 589: 185/400
Job 589: 186/400
Job 589: 187/400
Job 589: 188/400
Job 589: 189/400
Job 589: 190/400
Job 589: 191/400
Job 589: 192/400
Job 589: 193/400
Job 589: 194/400
Job 589: 195/400
Job 589: 196/400
Job 589: 197/400
Job 589: 198/400
Job 589: 199/400
Job 589: 200/400
Job 589: 201/400
Job 589: 202/400
Job 589: 203/400
Job 589: 204/400
Job 589: 205/400
Job 589: 206/400
Job 589: 207/400
Job 589: 208/400
Job 589: 209/400
Job 589: 210/400
Job 589: 211/400
Job 589: 212/400
Job 589: 213/400
Job 589: 214/400
Job 589: 215/400
Job 589: 216/400
Job 589: 217/400
Job 589: 218/400
Job 589: 219/400
Job 589: 220/400
Job 589: 221/400
Job 589: 222/400
Job 589: 223/400
Job 589: 224/400
Job 589: 225/400
Job 589: 226/400
Job 589: 227/400
Job 589: 228/400
Job 589: 229/400
Job 589: 230/400
Job 589: 231/400
Job 589: 232/400
Job 589: 233/400
Job 589: 234/400
Job 589: 235/400
Job 589: 236/400
Job 589: 237/400
Job 589: 238/400
Job 589: 239/400
Job 589: 240/400
Job 589: 241/400
Job 589: 242/400
Job 589: 243/400
Job 589: 244/400
Job 589: 245/400
Job 589: 246/400
Job 589: 247/400
Job 589: 248/400
Job 589: 249/400
Job 589: 250/400
Job 589: 251/400
Job 589: 252/400
Job 589: 253/400
Job 589: 254/400
Job 589: 255/400
Job 589: 256/400
Job 589: 257/400
Job 589: 258/400
Job 589: 259/400
Job 589: 260/400
Job 589: 261/400
Job 589: 262/400
Job 589: 263/400
Job 589: 264/400
Job 589: 265/400
Job 589: 266/400
Job 589: 267/400
Job 589: 268/400
Job 589: 269/400
Job 589: 270/400
Job 589: 271/400
Job 589: 272/400
Job 589: 273/400
Job 589: 274/400
Job 589: 275/400
Job 589: 276/400
Job 589: 277/400
Job 589: 278/400
Job 589: 279/400
Job 589: 280/400
Job 589: 281/400
Job 589: 282/400
Job 589: 283/400
Job 589: 284/400
Job 589: 285/400
Job 589: 286/400
Job 589: 287/400
Job 589: 288/400
Job 589: 289/400
Job 589: 290/400
Job 589: 291/400
Job 589: 292/400
Job 589: 293/400
Job 589: 294/400
Job 589: 295/400
Job 589: 296/400
Job 589: 297/400
Job 589: 298/400
Job 589: 299/400
Job 589: 300/400
Job 589: 301/400
Job 589: 302/400
Job 589: 303/400
Job 589: 304/400
Job 589: 305/400
Job 589: 306/400
Job 589: 307/400
Job 589: 308/400
Job 589: 309/400
Job 589: 310/400
Job 589: 311/400
Job 589: 312/400
Job 589: 313/400
Job 589: 314/400
Job 589: 315/400
Job 589: 316/400
Job 589: 317/400
Job 589: 318/400
Job 589: 319/400
Job 589: 320/400
Job 589: 321/400
Job 589: 322/400
Job 589: 323/400
Job 589: 324/400
Job 589: 325/400
Job 589: 326/400
Job 589: 327/400
Job 589: 328/400
Job 589: 329/400
Job 589: 330/400
Job 589: 331/400
Job 589: 332/400
Job 589: 333/400
Job 589: 334/400
Job 589: 335/400
Job 589: 336/400
Job 589: 337/400
Job 589: 338/400
Job 589: 339/400
Job 589: 340/400
Job 589: 341/400
Job 589: 342/400
Job 589: 343/400
Job 589: 344/400
Job 589: 345/400
Job 589: 346/400
Job 589: 347/400
Job 589: 348/400
Job 589: 349/400
Job 589: 350/400
Job 589: 351/400
Job 589: 352/400
Job 589: 353/400
Job 589: 354/400
Job 589: 355/400
Job 589: 356/400
Job 589: 357/400
Job 589: 358/400
Job 589: 359/400
Job 589: 360/400
Job 589: 361/400
Job 589: 362/400
Job 589: 363/400
Job 589: 364/400
Job 589: 365/400
Job 589: 366/400
Job 589: 367/400
Job 589: 368/400
Job 589: 369/400
Job 589: 370/400
Job 589: 371/400
Job 589: 372/400
Job 589: 373/400
Job 589: 374/400
Job 589: 375/400
Job 589: 376/400
Job 589: 377/400
Job 589: 378/400
Job 589: 379/400
Job 589: 380/400
Job 589: 381/400
Job 589: 382/400
Job 589: 383/400
Job 589: 384/400
Job 589: 385/400
Job 589: 386/400
Job 589: 387/400
Job 589: 388/400
Job 589: 389/400
Job 589: 390/400
Job 589: 391/400
Job 589: 392/400
Job 589: 393/400
Job 589: 394/400
Job 589: 395/400
Job 589: 396/400
Job 589: 397/400
Job 589: 398/400
Job 589: 399/400
Job 589: 400/400
