Registered S3 methods overwritten by 'susieSlide':
  method              from  
  coef.susie          susieR
  predict.susie       susieR
  print.summary.susie susieR
  summary.susie       susieR
Job 564: 1/400
Job 564: 2/400
Job 564: 3/400
Job 564: 4/400
Job 564: 5/400
Job 564: 6/400
Job 564: 7/400
Job 564: 8/400
Job 564: 9/400
Job 564: 10/400
Job 564: 11/400
Job 564: 12/400
Job 564: 13/400
Job 564: 14/400
Job 564: 15/400
Job 564: 16/400
Job 564: 17/400
Job 564: 18/400
Job 564: 19/400
Job 564: 20/400
Job 564: 21/400
Job 564: 22/400
Job 564: 23/400
Job 564: 24/400
Job 564: 25/400
Job 564: 26/400
Job 564: 27/400
Job 564: 28/400
Job 564: 29/400
Job 564: 30/400
Job 564: 31/400
Job 564: 32/400
Job 564: 33/400
Job 564: 34/400
Job 564: 35/400
Job 564: 36/400
Job 564: 37/400
Job 564: 38/400
Job 564: 39/400
Job 564: 40/400
Job 564: 41/400
Job 564: 42/400
Job 564: 43/400
Job 564: 44/400
Job 564: 45/400
Job 564: 46/400
Job 564: 47/400
Job 564: 48/400
Job 564: 49/400
Job 564: 50/400
Job 564: 51/400
Job 564: 52/400
Job 564: 53/400
Job 564: 54/400
Job 564: 55/400
Job 564: 56/400
Job 564: 57/400
Job 564: 58/400
Job 564: 59/400
Job 564: 60/400
Job 564: 61/400
Job 564: 62/400
Job 564: 63/400
Job 564: 64/400
Job 564: 65/400
Job 564: 66/400
Job 564: 67/400
Job 564: 68/400
Job 564: 69/400
Job 564: 70/400
Job 564: 71/400
Job 564: 72/400
Job 564: 73/400
Job 564: 74/400
Job 564: 75/400
Job 564: 76/400
Job 564: 77/400
Job 564: 78/400
Job 564: 79/400
Job 564: 80/400
Job 564: 81/400
Job 564: 82/400
Job 564: 83/400
Job 564: 84/400
Job 564: 85/400
Job 564: 86/400
Job 564: 87/400
Job 564: 88/400
Job 564: 89/400
Job 564: 90/400
Job 564: 91/400
Job 564: 92/400
Job 564: 93/400
Job 564: 94/400
Job 564: 95/400
Job 564: 96/400
Job 564: 97/400
Job 564: 98/400
Job 564: 99/400
Job 564: 100/400
Job 564: 101/400
Job 564: 102/400
Job 564: 103/400
Job 564: 104/400
Job 564: 105/400
Job 564: 106/400
Job 564: 107/400
Job 564: 108/400
Job 564: 109/400
Job 564: 110/400
Job 564: 111/400
Job 564: 112/400
Job 564: 113/400
Job 564: 114/400
Job 564: 115/400
Job 564: 116/400
Job 564: 117/400
Job 564: 118/400
Job 564: 119/400
Job 564: 120/400
Job 564: 121/400
Job 564: 122/400
Job 564: 123/400
Job 564: 124/400
Job 564: 125/400
Job 564: 126/400
Job 564: 127/400
Job 564: 128/400
Job 564: 129/400
Job 564: 130/400
Job 564: 131/400
Job 564: 132/400
Job 564: 133/400
Job 564: 134/400
Job 564: 135/400
Job 564: 136/400
Job 564: 137/400
Job 564: 138/400
Job 564: 139/400
Job 564: 140/400
Job 564: 141/400
Job 564: 142/400
Job 564: 143/400
Job 564: 144/400
Job 564: 145/400
Job 564: 146/400
Job 564: 147/400
Job 564: 148/400
Job 564: 149/400
Job 564: 150/400
Job 564: 151/400
Job 564: 152/400
Job 564: 153/400
Job 564: 154/400
Job 564: 155/400
Job 564: 156/400
Job 564: 157/400
Job 564: 158/400
Job 564: 159/400
Job 564: 160/400
Job 564: 161/400
Job 564: 162/400
Job 564: 163/400
Job 564: 164/400
Job 564: 165/400
Job 564: 166/400
Job 564: 167/400
Job 564: 168/400
Job 564: 169/400
Job 564: 170/400
Job 564: 171/400
Job 564: 172/400
Job 564: 173/400
Job 564: 174/400
Job 564: 175/400
Job 564: 176/400
Job 564: 177/400
Job 564: 178/400
Job 564: 179/400
Job 564: 180/400
Job 564: 181/400
Job 564: 182/400
Job 564: 183/400
Job 564: 184/400
Job 564: 185/400
Job 564: 186/400
Job 564: 187/400
Job 564: 188/400
Job 564: 189/400
Job 564: 190/400
Job 564: 191/400
Job 564: 192/400
Job 564: 193/400
Job 564: 194/400
Job 564: 195/400
Job 564: 196/400
Job 564: 197/400
Job 564: 198/400
Job 564: 199/400
Job 564: 200/400
Job 564: 201/400
Job 564: 202/400
Job 564: 203/400
Job 564: 204/400
Job 564: 205/400
Job 564: 206/400
Job 564: 207/400
Job 564: 208/400
Job 564: 209/400
Job 564: 210/400
Job 564: 211/400
Job 564: 212/400
Job 564: 213/400
Job 564: 214/400
Job 564: 215/400
Job 564: 216/400
Job 564: 217/400
Job 564: 218/400
Job 564: 219/400
Job 564: 220/400
Job 564: 221/400
Job 564: 222/400
Job 564: 223/400
Job 564: 224/400
Job 564: 225/400
Job 564: 226/400
Job 564: 227/400
Job 564: 228/400
Job 564: 229/400
Job 564: 230/400
Job 564: 231/400
Job 564: 232/400
Job 564: 233/400
Job 564: 234/400
Job 564: 235/400
Job 564: 236/400
Job 564: 237/400
Job 564: 238/400
Job 564: 239/400
Job 564: 240/400
Job 564: 241/400
Job 564: 242/400
Job 564: 243/400
Job 564: 244/400
Job 564: 245/400
Job 564: 246/400
Job 564: 247/400
Job 564: 248/400
Job 564: 249/400
Job 564: 250/400
Job 564: 251/400
Job 564: 252/400
Job 564: 253/400
Job 564: 254/400
Job 564: 255/400
Job 564: 256/400
Job 564: 257/400
Job 564: 258/400
Job 564: 259/400
Job 564: 260/400
Job 564: 261/400
Job 564: 262/400
Job 564: 263/400
Job 564: 264/400
Job 564: 265/400
Job 564: 266/400
Job 564: 267/400
Job 564: 268/400
Job 564: 269/400
Job 564: 270/400
Job 564: 271/400
Job 564: 272/400
Job 564: 273/400
Job 564: 274/400
Job 564: 275/400
Job 564: 276/400
Job 564: 277/400
Job 564: 278/400
Job 564: 279/400
Job 564: 280/400
Job 564: 281/400
Job 564: 282/400
Job 564: 283/400
Job 564: 284/400
Job 564: 285/400
Job 564: 286/400
Job 564: 287/400
Job 564: 288/400
Job 564: 289/400
Job 564: 290/400
Job 564: 291/400
Job 564: 292/400
Job 564: 293/400
Job 564: 294/400
Job 564: 295/400
Job 564: 296/400
Job 564: 297/400
Job 564: 298/400
Job 564: 299/400
Job 564: 300/400
Job 564: 301/400
Job 564: 302/400
Job 564: 303/400
Job 564: 304/400
Job 564: 305/400
Job 564: 306/400
Job 564: 307/400
Job 564: 308/400
Job 564: 309/400
Job 564: 310/400
Job 564: 311/400
Job 564: 312/400
Job 564: 313/400
Job 564: 314/400
Job 564: 315/400
Job 564: 316/400
Job 564: 317/400
Job 564: 318/400
Job 564: 319/400
Job 564: 320/400
Job 564: 321/400
Job 564: 322/400
Job 564: 323/400
Job 564: 324/400
Job 564: 325/400
Job 564: 326/400
Job 564: 327/400
Job 564: 328/400
Job 564: 329/400
Job 564: 330/400
Job 564: 331/400
Job 564: 332/400
Job 564: 333/400
Job 564: 334/400
Job 564: 335/400
Job 564: 336/400
Job 564: 337/400
Job 564: 338/400
Job 564: 339/400
Job 564: 340/400
Job 564: 341/400
Job 564: 342/400
Job 564: 343/400
Job 564: 344/400
Job 564: 345/400
Job 564: 346/400
Job 564: 347/400
Job 564: 348/400
Job 564: 349/400
Job 564: 350/400
Job 564: 351/400
Job 564: 352/400
Job 564: 353/400
Job 564: 354/400
Job 564: 355/400
Job 564: 356/400
Job 564: 357/400
Job 564: 358/400
Job 564: 359/400
Job 564: 360/400
Job 564: 361/400
Job 564: 362/400
Job 564: 363/400
Job 564: 364/400
Job 564: 365/400
Job 564: 366/400
Job 564: 367/400
Job 564: 368/400
Job 564: 369/400
Job 564: 370/400
Job 564: 371/400
Job 564: 372/400
Job 564: 373/400
Job 564: 374/400
Job 564: 375/400
Job 564: 376/400
Job 564: 377/400
Job 564: 378/400
Job 564: 379/400
Job 564: 380/400
Job 564: 381/400
Job 564: 382/400
Job 564: 383/400
Job 564: 384/400
Job 564: 385/400
Job 564: 386/400
Job 564: 387/400
Job 564: 388/400
Job 564: 389/400
Job 564: 390/400
Job 564: 391/400
Job 564: 392/400
Job 564: 393/400
Job 564: 394/400
Job 564: 395/400
Job 564: 396/400
Job 564: 397/400
Job 564: 398/400
Job 564: 399/400
Job 564: 400/400
