Registered S3 methods overwritten by 'susieSlide':
  method              from  
  coef.susie          susieR
  predict.susie       susieR
  print.summary.susie susieR
  summary.susie       susieR
Job 141: 1/400
Job 141: 2/400
Job 141: 3/400
Job 141: 4/400
Job 141: 5/400
Job 141: 6/400
Job 141: 7/400
Job 141: 8/400
Job 141: 9/400
Job 141: 10/400
Job 141: 11/400
Job 141: 12/400
Job 141: 13/400
Job 141: 14/400
Job 141: 15/400
Job 141: 16/400
Job 141: 17/400
Job 141: 18/400
Job 141: 19/400
Job 141: 20/400
Job 141: 21/400
Job 141: 22/400
Job 141: 23/400
Job 141: 24/400
Job 141: 25/400
Job 141: 26/400
Job 141: 27/400
Job 141: 28/400
Job 141: 29/400
Job 141: 30/400
Job 141: 31/400
Job 141: 32/400
Job 141: 33/400
Job 141: 34/400
Job 141: 35/400
Job 141: 36/400
Job 141: 37/400
Job 141: 38/400
Job 141: 39/400
Job 141: 40/400
Job 141: 41/400
Job 141: 42/400
Job 141: 43/400
Job 141: 44/400
Job 141: 45/400
Job 141: 46/400
Job 141: 47/400
Job 141: 48/400
Job 141: 49/400
Job 141: 50/400
Job 141: 51/400
Job 141: 52/400
Job 141: 53/400
Job 141: 54/400
Job 141: 55/400
Job 141: 56/400
Job 141: 57/400
Job 141: 58/400
Job 141: 59/400
Job 141: 60/400
Job 141: 61/400
Job 141: 62/400
Job 141: 63/400
Job 141: 64/400
Job 141: 65/400
Job 141: 66/400
Job 141: 67/400
Job 141: 68/400
Job 141: 69/400
Job 141: 70/400
Job 141: 71/400
Job 141: 72/400
Job 141: 73/400
Job 141: 74/400
Job 141: 75/400
Job 141: 76/400
Job 141: 77/400
Job 141: 78/400
Job 141: 79/400
Job 141: 80/400
Job 141: 81/400
Job 141: 82/400
Job 141: 83/400
Job 141: 84/400
Job 141: 85/400
Job 141: 86/400
Job 141: 87/400
Job 141: 88/400
Job 141: 89/400
Job 141: 90/400
Job 141: 91/400
Job 141: 92/400
Job 141: 93/400
Job 141: 94/400
Job 141: 95/400
Job 141: 96/400
Job 141: 97/400
Job 141: 98/400
Job 141: 99/400
Job 141: 100/400
Job 141: 101/400
Job 141: 102/400
Job 141: 103/400
Job 141: 104/400
Job 141: 105/400
Job 141: 106/400
Job 141: 107/400
Job 141: 108/400
Job 141: 109/400
Job 141: 110/400
Job 141: 111/400
Job 141: 112/400
Job 141: 113/400
Job 141: 114/400
Job 141: 115/400
Job 141: 116/400
Job 141: 117/400
Job 141: 118/400
Job 141: 119/400
Job 141: 120/400
Job 141: 121/400
Job 141: 122/400
Job 141: 123/400
Job 141: 124/400
Job 141: 125/400
Job 141: 126/400
Job 141: 127/400
Job 141: 128/400
Job 141: 129/400
Job 141: 130/400
Job 141: 131/400
Job 141: 132/400
Job 141: 133/400
Job 141: 134/400
Job 141: 135/400
Job 141: 136/400
Job 141: 137/400
Job 141: 138/400
Job 141: 139/400
Job 141: 140/400
Job 141: 141/400
Job 141: 142/400
Job 141: 143/400
Job 141: 144/400
Job 141: 145/400
Job 141: 146/400
Job 141: 147/400
Job 141: 148/400
Job 141: 149/400
Job 141: 150/400
Job 141: 151/400
Job 141: 152/400
Job 141: 153/400
Job 141: 154/400
Job 141: 155/400
Job 141: 156/400
Job 141: 157/400
Job 141: 158/400
Job 141: 159/400
Job 141: 160/400
Job 141: 161/400
Job 141: 162/400
Job 141: 163/400
Job 141: 164/400
Job 141: 165/400
Job 141: 166/400
Job 141: 167/400
Job 141: 168/400
Job 141: 169/400
Job 141: 170/400
Job 141: 171/400
Job 141: 172/400
Job 141: 173/400
Job 141: 174/400
Job 141: 175/400
Job 141: 176/400
Job 141: 177/400
Job 141: 178/400
Job 141: 179/400
Job 141: 180/400
Job 141: 181/400
Job 141: 182/400
Job 141: 183/400
Job 141: 184/400
Job 141: 185/400
Job 141: 186/400
Job 141: 187/400
Job 141: 188/400
Job 141: 189/400
Job 141: 190/400
Job 141: 191/400
Job 141: 192/400
Job 141: 193/400
Job 141: 194/400
Job 141: 195/400
Job 141: 196/400
Job 141: 197/400
Job 141: 198/400
Job 141: 199/400
Job 141: 200/400
Job 141: 201/400
Job 141: 202/400
Job 141: 203/400
Job 141: 204/400
Job 141: 205/400
Job 141: 206/400
Job 141: 207/400
Job 141: 208/400
Job 141: 209/400
Job 141: 210/400
Job 141: 211/400
Job 141: 212/400
Job 141: 213/400
Job 141: 214/400
Job 141: 215/400
Job 141: 216/400
Job 141: 217/400
Job 141: 218/400
Job 141: 219/400
Job 141: 220/400
Job 141: 221/400
Job 141: 222/400
Job 141: 223/400
Job 141: 224/400
Job 141: 225/400
Job 141: 226/400
Job 141: 227/400
Job 141: 228/400
Job 141: 229/400
Job 141: 230/400
Job 141: 231/400
Job 141: 232/400
Job 141: 233/400
Job 141: 234/400
Job 141: 235/400
Job 141: 236/400
Job 141: 237/400
Job 141: 238/400
Job 141: 239/400
Job 141: 240/400
Job 141: 241/400
Job 141: 242/400
Job 141: 243/400
Job 141: 244/400
Job 141: 245/400
Job 141: 246/400
Job 141: 247/400
Job 141: 248/400
Job 141: 249/400
Job 141: 250/400
Job 141: 251/400
Job 141: 252/400
Job 141: 253/400
Job 141: 254/400
Job 141: 255/400
Job 141: 256/400
Job 141: 257/400
Job 141: 258/400
Job 141: 259/400
Job 141: 260/400
Job 141: 261/400
Job 141: 262/400
Job 141: 263/400
Job 141: 264/400
Job 141: 265/400
Job 141: 266/400
Job 141: 267/400
Job 141: 268/400
Job 141: 269/400
Job 141: 270/400
Job 141: 271/400
Job 141: 272/400
Job 141: 273/400
Job 141: 274/400
Job 141: 275/400
Job 141: 276/400
Job 141: 277/400
Job 141: 278/400
Job 141: 279/400
Job 141: 280/400
Job 141: 281/400
Job 141: 282/400
Job 141: 283/400
Job 141: 284/400
Job 141: 285/400
Job 141: 286/400
Job 141: 287/400
Job 141: 288/400
Job 141: 289/400
Job 141: 290/400
Job 141: 291/400
Job 141: 292/400
Job 141: 293/400
Job 141: 294/400
Job 141: 295/400
Job 141: 296/400
Job 141: 297/400
Job 141: 298/400
Job 141: 299/400
Job 141: 300/400
Job 141: 301/400
Job 141: 302/400
Job 141: 303/400
Job 141: 304/400
Job 141: 305/400
Job 141: 306/400
Job 141: 307/400
Job 141: 308/400
Job 141: 309/400
Job 141: 310/400
Job 141: 311/400
Job 141: 312/400
Job 141: 313/400
Job 141: 314/400
Job 141: 315/400
Job 141: 316/400
Job 141: 317/400
Job 141: 318/400
Job 141: 319/400
Job 141: 320/400
Job 141: 321/400
Job 141: 322/400
Job 141: 323/400
Job 141: 324/400
Job 141: 325/400
Job 141: 326/400
Job 141: 327/400
Job 141: 328/400
Job 141: 329/400
Job 141: 330/400
Job 141: 331/400
Job 141: 332/400
Job 141: 333/400
Job 141: 334/400
Job 141: 335/400
Job 141: 336/400
Job 141: 337/400
Job 141: 338/400
Job 141: 339/400
Job 141: 340/400
Job 141: 341/400
Job 141: 342/400
Job 141: 343/400
Job 141: 344/400
Job 141: 345/400
Job 141: 346/400
Job 141: 347/400
Job 141: 348/400
Job 141: 349/400
Job 141: 350/400
Job 141: 351/400
Job 141: 352/400
Job 141: 353/400
Job 141: 354/400
Job 141: 355/400
Job 141: 356/400
Job 141: 357/400
Job 141: 358/400
Job 141: 359/400
Job 141: 360/400
Job 141: 361/400
Job 141: 362/400
Job 141: 363/400
Job 141: 364/400
Job 141: 365/400
Job 141: 366/400
Job 141: 367/400
Job 141: 368/400
Job 141: 369/400
Job 141: 370/400
Job 141: 371/400
Job 141: 372/400
Job 141: 373/400
Job 141: 374/400
Job 141: 375/400
Job 141: 376/400
Job 141: 377/400
Job 141: 378/400
Job 141: 379/400
Job 141: 380/400
Job 141: 381/400
Job 141: 382/400
Job 141: 383/400
Job 141: 384/400
Job 141: 385/400
Job 141: 386/400
Job 141: 387/400
Job 141: 388/400
Job 141: 389/400
Job 141: 390/400
Job 141: 391/400
Job 141: 392/400
Job 141: 393/400
Job 141: 394/400
Job 141: 395/400
Job 141: 396/400
Job 141: 397/400
Job 141: 398/400
Job 141: 399/400
Job 141: 400/400
