Registered S3 methods overwritten by 'susieSlide':
  method              from  
  coef.susie          susieR
  predict.susie       susieR
  print.summary.susie susieR
  summary.susie       susieR
Job 478: 1/400
Job 478: 2/400
Job 478: 3/400
Job 478: 4/400
Job 478: 5/400
Job 478: 6/400
Job 478: 7/400
Job 478: 8/400
Job 478: 9/400
Job 478: 10/400
Job 478: 11/400
Job 478: 12/400
Job 478: 13/400
Job 478: 14/400
Job 478: 15/400
Job 478: 16/400
Job 478: 17/400
Job 478: 18/400
Job 478: 19/400
Job 478: 20/400
Job 478: 21/400
Job 478: 22/400
Job 478: 23/400
Job 478: 24/400
Job 478: 25/400
Job 478: 26/400
Job 478: 27/400
Job 478: 28/400
Job 478: 29/400
Job 478: 30/400
Job 478: 31/400
Job 478: 32/400
Job 478: 33/400
Job 478: 34/400
Job 478: 35/400
Job 478: 36/400
Job 478: 37/400
Job 478: 38/400
Job 478: 39/400
Job 478: 40/400
Job 478: 41/400
Job 478: 42/400
Job 478: 43/400
Job 478: 44/400
Job 478: 45/400
Job 478: 46/400
Job 478: 47/400
Job 478: 48/400
Job 478: 49/400
Job 478: 50/400
Job 478: 51/400
Job 478: 52/400
Job 478: 53/400
Job 478: 54/400
Job 478: 55/400
Job 478: 56/400
Job 478: 57/400
Job 478: 58/400
Job 478: 59/400
Job 478: 60/400
Job 478: 61/400
Job 478: 62/400
Job 478: 63/400
Job 478: 64/400
Job 478: 65/400
Job 478: 66/400
Job 478: 67/400
Job 478: 68/400
Job 478: 69/400
Job 478: 70/400
Job 478: 71/400
Job 478: 72/400
Job 478: 73/400
Job 478: 74/400
Job 478: 75/400
Job 478: 76/400
Job 478: 77/400
Job 478: 78/400
Job 478: 79/400
Job 478: 80/400
Job 478: 81/400
Job 478: 82/400
Job 478: 83/400
Job 478: 84/400
Job 478: 85/400
Job 478: 86/400
Job 478: 87/400
Job 478: 88/400
Job 478: 89/400
Job 478: 90/400
Job 478: 91/400
Job 478: 92/400
Job 478: 93/400
Job 478: 94/400
Job 478: 95/400
Job 478: 96/400
Job 478: 97/400
Job 478: 98/400
Job 478: 99/400
Job 478: 100/400
Job 478: 101/400
Job 478: 102/400
Job 478: 103/400
Job 478: 104/400
Job 478: 105/400
Job 478: 106/400
Job 478: 107/400
Job 478: 108/400
Job 478: 109/400
Job 478: 110/400
Job 478: 111/400
Job 478: 112/400
Job 478: 113/400
Job 478: 114/400
Job 478: 115/400
Job 478: 116/400
Job 478: 117/400
Job 478: 118/400
Job 478: 119/400
Job 478: 120/400
Job 478: 121/400
Job 478: 122/400
Job 478: 123/400
Job 478: 124/400
Job 478: 125/400
Job 478: 126/400
Job 478: 127/400
Job 478: 128/400
Job 478: 129/400
Job 478: 130/400
Job 478: 131/400
Job 478: 132/400
Job 478: 133/400
Job 478: 134/400
Job 478: 135/400
Job 478: 136/400
Job 478: 137/400
Job 478: 138/400
Job 478: 139/400
Job 478: 140/400
Job 478: 141/400
Job 478: 142/400
Job 478: 143/400
Job 478: 144/400
Job 478: 145/400
Job 478: 146/400
Job 478: 147/400
Job 478: 148/400
Job 478: 149/400
Job 478: 150/400
Job 478: 151/400
Job 478: 152/400
Job 478: 153/400
Job 478: 154/400
Job 478: 155/400
Job 478: 156/400
Job 478: 157/400
Job 478: 158/400
Job 478: 159/400
Job 478: 160/400
Job 478: 161/400
Job 478: 162/400
Job 478: 163/400
Job 478: 164/400
Job 478: 165/400
Job 478: 166/400
Job 478: 167/400
Job 478: 168/400
Job 478: 169/400
Job 478: 170/400
Job 478: 171/400
Job 478: 172/400
Job 478: 173/400
Job 478: 174/400
Job 478: 175/400
Job 478: 176/400
Job 478: 177/400
Job 478: 178/400
Job 478: 179/400
Job 478: 180/400
Job 478: 181/400
Job 478: 182/400
Job 478: 183/400
Job 478: 184/400
Job 478: 185/400
Job 478: 186/400
Job 478: 187/400
Job 478: 188/400
Job 478: 189/400
Job 478: 190/400
Job 478: 191/400
Job 478: 192/400
Job 478: 193/400
Job 478: 194/400
Job 478: 195/400
Job 478: 196/400
Job 478: 197/400
Job 478: 198/400
Job 478: 199/400
Job 478: 200/400
Job 478: 201/400
Job 478: 202/400
Job 478: 203/400
Job 478: 204/400
Job 478: 205/400
Job 478: 206/400
Job 478: 207/400
Job 478: 208/400
Job 478: 209/400
Job 478: 210/400
Job 478: 211/400
Job 478: 212/400
Job 478: 213/400
Job 478: 214/400
Job 478: 215/400
Job 478: 216/400
Job 478: 217/400
Job 478: 218/400
Job 478: 219/400
Job 478: 220/400
Job 478: 221/400
Job 478: 222/400
Job 478: 223/400
Job 478: 224/400
Job 478: 225/400
Job 478: 226/400
Job 478: 227/400
Job 478: 228/400
Job 478: 229/400
Job 478: 230/400
Job 478: 231/400
Job 478: 232/400
Job 478: 233/400
Job 478: 234/400
Job 478: 235/400
Job 478: 236/400
Job 478: 237/400
Job 478: 238/400
Job 478: 239/400
Job 478: 240/400
Job 478: 241/400
Job 478: 242/400
Job 478: 243/400
Job 478: 244/400
Job 478: 245/400
Job 478: 246/400
Job 478: 247/400
Job 478: 248/400
Job 478: 249/400
Job 478: 250/400
Job 478: 251/400
Job 478: 252/400
Job 478: 253/400
Job 478: 254/400
Job 478: 255/400
Job 478: 256/400
Job 478: 257/400
Job 478: 258/400
Job 478: 259/400
Job 478: 260/400
Job 478: 261/400
Job 478: 262/400
Job 478: 263/400
Job 478: 264/400
Job 478: 265/400
Job 478: 266/400
Job 478: 267/400
Job 478: 268/400
Job 478: 269/400
Job 478: 270/400
Job 478: 271/400
Job 478: 272/400
Job 478: 273/400
Job 478: 274/400
Job 478: 275/400
Job 478: 276/400
Job 478: 277/400
Job 478: 278/400
Job 478: 279/400
Job 478: 280/400
Job 478: 281/400
Job 478: 282/400
Job 478: 283/400
Job 478: 284/400
Job 478: 285/400
Job 478: 286/400
Job 478: 287/400
Job 478: 288/400
Job 478: 289/400
Job 478: 290/400
Job 478: 291/400
Job 478: 292/400
Job 478: 293/400
Job 478: 294/400
Job 478: 295/400
Job 478: 296/400
Job 478: 297/400
Job 478: 298/400
Job 478: 299/400
Job 478: 300/400
Job 478: 301/400
Job 478: 302/400
Job 478: 303/400
Job 478: 304/400
Job 478: 305/400
Job 478: 306/400
Job 478: 307/400
Job 478: 308/400
Job 478: 309/400
Job 478: 310/400
Job 478: 311/400
Job 478: 312/400
Job 478: 313/400
Job 478: 314/400
Job 478: 315/400
Job 478: 316/400
Job 478: 317/400
Job 478: 318/400
Job 478: 319/400
Job 478: 320/400
Job 478: 321/400
Job 478: 322/400
Job 478: 323/400
Job 478: 324/400
Job 478: 325/400
Job 478: 326/400
Job 478: 327/400
Job 478: 328/400
Job 478: 329/400
Job 478: 330/400
Job 478: 331/400
Job 478: 332/400
Job 478: 333/400
Job 478: 334/400
Job 478: 335/400
Job 478: 336/400
Job 478: 337/400
Job 478: 338/400
Job 478: 339/400
Job 478: 340/400
Job 478: 341/400
Job 478: 342/400
Job 478: 343/400
Job 478: 344/400
Job 478: 345/400
Job 478: 346/400
Job 478: 347/400
Job 478: 348/400
Job 478: 349/400
Job 478: 350/400
Job 478: 351/400
Job 478: 352/400
Job 478: 353/400
Job 478: 354/400
Job 478: 355/400
Job 478: 356/400
Job 478: 357/400
Job 478: 358/400
Job 478: 359/400
Job 478: 360/400
Job 478: 361/400
Job 478: 362/400
Job 478: 363/400
Job 478: 364/400
Job 478: 365/400
Job 478: 366/400
Job 478: 367/400
Job 478: 368/400
Job 478: 369/400
Job 478: 370/400
Job 478: 371/400
Job 478: 372/400
Job 478: 373/400
Job 478: 374/400
Job 478: 375/400
Job 478: 376/400
Job 478: 377/400
Job 478: 378/400
Job 478: 379/400
Job 478: 380/400
Job 478: 381/400
Job 478: 382/400
Job 478: 383/400
Job 478: 384/400
Job 478: 385/400
Job 478: 386/400
Job 478: 387/400
Job 478: 388/400
Job 478: 389/400
Job 478: 390/400
Job 478: 391/400
Job 478: 392/400
Job 478: 393/400
Job 478: 394/400
Job 478: 395/400
Job 478: 396/400
Job 478: 397/400
Job 478: 398/400
Job 478: 399/400
Job 478: 400/400
