Registered S3 methods overwritten by 'susieSlide':
  method              from  
  coef.susie          susieR
  predict.susie       susieR
  print.summary.susie susieR
  summary.susie       susieR
Job 230: 1/400
Job 230: 2/400
Job 230: 3/400
Job 230: 4/400
Job 230: 5/400
Job 230: 6/400
Job 230: 7/400
Job 230: 8/400
Job 230: 9/400
Job 230: 10/400
Job 230: 11/400
Job 230: 12/400
Job 230: 13/400
Job 230: 14/400
Job 230: 15/400
Job 230: 16/400
Job 230: 17/400
Job 230: 18/400
Job 230: 19/400
Job 230: 20/400
Job 230: 21/400
Job 230: 22/400
Job 230: 23/400
Job 230: 24/400
Job 230: 25/400
Job 230: 26/400
Job 230: 27/400
Job 230: 28/400
Job 230: 29/400
Job 230: 30/400
Job 230: 31/400
Job 230: 32/400
Job 230: 33/400
Job 230: 34/400
Job 230: 35/400
Job 230: 36/400
Job 230: 37/400
Job 230: 38/400
Job 230: 39/400
Job 230: 40/400
Job 230: 41/400
Job 230: 42/400
Job 230: 43/400
Job 230: 44/400
Job 230: 45/400
Job 230: 46/400
Job 230: 47/400
Job 230: 48/400
Job 230: 49/400
Job 230: 50/400
Job 230: 51/400
Job 230: 52/400
Job 230: 53/400
Job 230: 54/400
Job 230: 55/400
Job 230: 56/400
Job 230: 57/400
Job 230: 58/400
Job 230: 59/400
Job 230: 60/400
Job 230: 61/400
Job 230: 62/400
Job 230: 63/400
Job 230: 64/400
Job 230: 65/400
Job 230: 66/400
Job 230: 67/400
Job 230: 68/400
Job 230: 69/400
Job 230: 70/400
Job 230: 71/400
Job 230: 72/400
Job 230: 73/400
Job 230: 74/400
Job 230: 75/400
Job 230: 76/400
Job 230: 77/400
Job 230: 78/400
Job 230: 79/400
Job 230: 80/400
Job 230: 81/400
Job 230: 82/400
Job 230: 83/400
Job 230: 84/400
Job 230: 85/400
Job 230: 86/400
Job 230: 87/400
Job 230: 88/400
Job 230: 89/400
Job 230: 90/400
Job 230: 91/400
Job 230: 92/400
Job 230: 93/400
Job 230: 94/400
Job 230: 95/400
Job 230: 96/400
Job 230: 97/400
Job 230: 98/400
Job 230: 99/400
Job 230: 100/400
Job 230: 101/400
Job 230: 102/400
Job 230: 103/400
Job 230: 104/400
Job 230: 105/400
Job 230: 106/400
Job 230: 107/400
Job 230: 108/400
Job 230: 109/400
Job 230: 110/400
Job 230: 111/400
Job 230: 112/400
Job 230: 113/400
Job 230: 114/400
Job 230: 115/400
Job 230: 116/400
Job 230: 117/400
Job 230: 118/400
Job 230: 119/400
Job 230: 120/400
Job 230: 121/400
Job 230: 122/400
Job 230: 123/400
Job 230: 124/400
Job 230: 125/400
Job 230: 126/400
Job 230: 127/400
Job 230: 128/400
Job 230: 129/400
Job 230: 130/400
Job 230: 131/400
Job 230: 132/400
Job 230: 133/400
Job 230: 134/400
Job 230: 135/400
Job 230: 136/400
Job 230: 137/400
Job 230: 138/400
Job 230: 139/400
Job 230: 140/400
Job 230: 141/400
Job 230: 142/400
Job 230: 143/400
Job 230: 144/400
Job 230: 145/400
Job 230: 146/400
Job 230: 147/400
Job 230: 148/400
Job 230: 149/400
Job 230: 150/400
Job 230: 151/400
Job 230: 152/400
Job 230: 153/400
Job 230: 154/400
Job 230: 155/400
Job 230: 156/400
Job 230: 157/400
Job 230: 158/400
Job 230: 159/400
Job 230: 160/400
Job 230: 161/400
Job 230: 162/400
Job 230: 163/400
Job 230: 164/400
Job 230: 165/400
Job 230: 166/400
Job 230: 167/400
Job 230: 168/400
Job 230: 169/400
Job 230: 170/400
Job 230: 171/400
Job 230: 172/400
Job 230: 173/400
Job 230: 174/400
Job 230: 175/400
Job 230: 176/400
Job 230: 177/400
Job 230: 178/400
Job 230: 179/400
Job 230: 180/400
Job 230: 181/400
Job 230: 182/400
Job 230: 183/400
Job 230: 184/400
Job 230: 185/400
Job 230: 186/400
Job 230: 187/400
Job 230: 188/400
Job 230: 189/400
Job 230: 190/400
Job 230: 191/400
Job 230: 192/400
Job 230: 193/400
Job 230: 194/400
Job 230: 195/400
Job 230: 196/400
Job 230: 197/400
Job 230: 198/400
Job 230: 199/400
Job 230: 200/400
Job 230: 201/400
Job 230: 202/400
Job 230: 203/400
Job 230: 204/400
Job 230: 205/400
Job 230: 206/400
Job 230: 207/400
Job 230: 208/400
Job 230: 209/400
Job 230: 210/400
Job 230: 211/400
Job 230: 212/400
Job 230: 213/400
Job 230: 214/400
Job 230: 215/400
Job 230: 216/400
Job 230: 217/400
Job 230: 218/400
Job 230: 219/400
Job 230: 220/400
Job 230: 221/400
Job 230: 222/400
Job 230: 223/400
Job 230: 224/400
Job 230: 225/400
Job 230: 226/400
Job 230: 227/400
Job 230: 228/400
Job 230: 229/400
Job 230: 230/400
Job 230: 231/400
Job 230: 232/400
Job 230: 233/400
Job 230: 234/400
Job 230: 235/400
Job 230: 236/400
Job 230: 237/400
Job 230: 238/400
Job 230: 239/400
Job 230: 240/400
Job 230: 241/400
Job 230: 242/400
Job 230: 243/400
Job 230: 244/400
Job 230: 245/400
Job 230: 246/400
Job 230: 247/400
Job 230: 248/400
Job 230: 249/400
Job 230: 250/400
Job 230: 251/400
Job 230: 252/400
Job 230: 253/400
Job 230: 254/400
Job 230: 255/400
Job 230: 256/400
Job 230: 257/400
Job 230: 258/400
Job 230: 259/400
Job 230: 260/400
Job 230: 261/400
Job 230: 262/400
Job 230: 263/400
Job 230: 264/400
Job 230: 265/400
Job 230: 266/400
Job 230: 267/400
Job 230: 268/400
Job 230: 269/400
Job 230: 270/400
Job 230: 271/400
Job 230: 272/400
Job 230: 273/400
Job 230: 274/400
Job 230: 275/400
Job 230: 276/400
Job 230: 277/400
Job 230: 278/400
Job 230: 279/400
Job 230: 280/400
Job 230: 281/400
Job 230: 282/400
Job 230: 283/400
Job 230: 284/400
Job 230: 285/400
Job 230: 286/400
Job 230: 287/400
Job 230: 288/400
Job 230: 289/400
Job 230: 290/400
Job 230: 291/400
Job 230: 292/400
Job 230: 293/400
Job 230: 294/400
Job 230: 295/400
Job 230: 296/400
Job 230: 297/400
Job 230: 298/400
Job 230: 299/400
Job 230: 300/400
Job 230: 301/400
Job 230: 302/400
Job 230: 303/400
Job 230: 304/400
Job 230: 305/400
Job 230: 306/400
Job 230: 307/400
Job 230: 308/400
Job 230: 309/400
Job 230: 310/400
Job 230: 311/400
Job 230: 312/400
Job 230: 313/400
Job 230: 314/400
Job 230: 315/400
Job 230: 316/400
Job 230: 317/400
Job 230: 318/400
Job 230: 319/400
Job 230: 320/400
Job 230: 321/400
Job 230: 322/400
Job 230: 323/400
Job 230: 324/400
Job 230: 325/400
Job 230: 326/400
Job 230: 327/400
Job 230: 328/400
Job 230: 329/400
Job 230: 330/400
Job 230: 331/400
Job 230: 332/400
Job 230: 333/400
Job 230: 334/400
Job 230: 335/400
Job 230: 336/400
Job 230: 337/400
Job 230: 338/400
Job 230: 339/400
Job 230: 340/400
Job 230: 341/400
Job 230: 342/400
Job 230: 343/400
Job 230: 344/400
Job 230: 345/400
Job 230: 346/400
Job 230: 347/400
Job 230: 348/400
Job 230: 349/400
Job 230: 350/400
Job 230: 351/400
Job 230: 352/400
Job 230: 353/400
Job 230: 354/400
Job 230: 355/400
Job 230: 356/400
Job 230: 357/400
Job 230: 358/400
Job 230: 359/400
Job 230: 360/400
Job 230: 361/400
Job 230: 362/400
Job 230: 363/400
Job 230: 364/400
Job 230: 365/400
Job 230: 366/400
Job 230: 367/400
Job 230: 368/400
Job 230: 369/400
Job 230: 370/400
Job 230: 371/400
Job 230: 372/400
Job 230: 373/400
Job 230: 374/400
Job 230: 375/400
Job 230: 376/400
Job 230: 377/400
Job 230: 378/400
Job 230: 379/400
Job 230: 380/400
Job 230: 381/400
Job 230: 382/400
Job 230: 383/400
Job 230: 384/400
Job 230: 385/400
Job 230: 386/400
Job 230: 387/400
Job 230: 388/400
Job 230: 389/400
Job 230: 390/400
Job 230: 391/400
Job 230: 392/400
Job 230: 393/400
Job 230: 394/400
Job 230: 395/400
Job 230: 396/400
Job 230: 397/400
Job 230: 398/400
Job 230: 399/400
Job 230: 400/400
