Registered S3 methods overwritten by 'susieSlide':
  method              from  
  coef.susie          susieR
  predict.susie       susieR
  print.summary.susie susieR
  summary.susie       susieR
Job 317: 1/400
Job 317: 2/400
Job 317: 3/400
Job 317: 4/400
Job 317: 5/400
Job 317: 6/400
Job 317: 7/400
Job 317: 8/400
Job 317: 9/400
Job 317: 10/400
Job 317: 11/400
Job 317: 12/400
Job 317: 13/400
Job 317: 14/400
Job 317: 15/400
Job 317: 16/400
Job 317: 17/400
Job 317: 18/400
Job 317: 19/400
Job 317: 20/400
Job 317: 21/400
Job 317: 22/400
Job 317: 23/400
Job 317: 24/400
Job 317: 25/400
Job 317: 26/400
Job 317: 27/400
Job 317: 28/400
Job 317: 29/400
Job 317: 30/400
Job 317: 31/400
Job 317: 32/400
Job 317: 33/400
Job 317: 34/400
Job 317: 35/400
Job 317: 36/400
Job 317: 37/400
Job 317: 38/400
Job 317: 39/400
Job 317: 40/400
Job 317: 41/400
Job 317: 42/400
Job 317: 43/400
Job 317: 44/400
Job 317: 45/400
Job 317: 46/400
Job 317: 47/400
Job 317: 48/400
Job 317: 49/400
Job 317: 50/400
Job 317: 51/400
Job 317: 52/400
Job 317: 53/400
Job 317: 54/400
Job 317: 55/400
Job 317: 56/400
Job 317: 57/400
Job 317: 58/400
Job 317: 59/400
Job 317: 60/400
Job 317: 61/400
Job 317: 62/400
Job 317: 63/400
Job 317: 64/400
Job 317: 65/400
Job 317: 66/400
Job 317: 67/400
Job 317: 68/400
Job 317: 69/400
Job 317: 70/400
Job 317: 71/400
Job 317: 72/400
Job 317: 73/400
Job 317: 74/400
Job 317: 75/400
Job 317: 76/400
Job 317: 77/400
Job 317: 78/400
Job 317: 79/400
Job 317: 80/400
Job 317: 81/400
Job 317: 82/400
Job 317: 83/400
Job 317: 84/400
Job 317: 85/400
Job 317: 86/400
Job 317: 87/400
Job 317: 88/400
Job 317: 89/400
Job 317: 90/400
Job 317: 91/400
Job 317: 92/400
Job 317: 93/400
Job 317: 94/400
Job 317: 95/400
Job 317: 96/400
Job 317: 97/400
Job 317: 98/400
Job 317: 99/400
Job 317: 100/400
Job 317: 101/400
Job 317: 102/400
Job 317: 103/400
Job 317: 104/400
Job 317: 105/400
Job 317: 106/400
Job 317: 107/400
Job 317: 108/400
Job 317: 109/400
Job 317: 110/400
Job 317: 111/400
Job 317: 112/400
Job 317: 113/400
Job 317: 114/400
Job 317: 115/400
Job 317: 116/400
Job 317: 117/400
Job 317: 118/400
Job 317: 119/400
Job 317: 120/400
Job 317: 121/400
Job 317: 122/400
Job 317: 123/400
Job 317: 124/400
Job 317: 125/400
Job 317: 126/400
Job 317: 127/400
Job 317: 128/400
Job 317: 129/400
Job 317: 130/400
Job 317: 131/400
Job 317: 132/400
Job 317: 133/400
Job 317: 134/400
Job 317: 135/400
Job 317: 136/400
Job 317: 137/400
Job 317: 138/400
Job 317: 139/400
Job 317: 140/400
Job 317: 141/400
Job 317: 142/400
Job 317: 143/400
Job 317: 144/400
Job 317: 145/400
Job 317: 146/400
Job 317: 147/400
Job 317: 148/400
Job 317: 149/400
Job 317: 150/400
Job 317: 151/400
Job 317: 152/400
Job 317: 153/400
Job 317: 154/400
Job 317: 155/400
Job 317: 156/400
Job 317: 157/400
Job 317: 158/400
Job 317: 159/400
Job 317: 160/400
Job 317: 161/400
Job 317: 162/400
Job 317: 163/400
Job 317: 164/400
Job 317: 165/400
Job 317: 166/400
Job 317: 167/400
Job 317: 168/400
Job 317: 169/400
Job 317: 170/400
Job 317: 171/400
Job 317: 172/400
Job 317: 173/400
Job 317: 174/400
Job 317: 175/400
Job 317: 176/400
Job 317: 177/400
Job 317: 178/400
Job 317: 179/400
Job 317: 180/400
Job 317: 181/400
Job 317: 182/400
Job 317: 183/400
Job 317: 184/400
Job 317: 185/400
Job 317: 186/400
Job 317: 187/400
Job 317: 188/400
Job 317: 189/400
Job 317: 190/400
Job 317: 191/400
Job 317: 192/400
Job 317: 193/400
Job 317: 194/400
Job 317: 195/400
Job 317: 196/400
Job 317: 197/400
Job 317: 198/400
Job 317: 199/400
Job 317: 200/400
Job 317: 201/400
Job 317: 202/400
Job 317: 203/400
Job 317: 204/400
Job 317: 205/400
Job 317: 206/400
Job 317: 207/400
Job 317: 208/400
Job 317: 209/400
Job 317: 210/400
Job 317: 211/400
Job 317: 212/400
Job 317: 213/400
Job 317: 214/400
Job 317: 215/400
Job 317: 216/400
Job 317: 217/400
Job 317: 218/400
Job 317: 219/400
Job 317: 220/400
Job 317: 221/400
Job 317: 222/400
Job 317: 223/400
Job 317: 224/400
Job 317: 225/400
Job 317: 226/400
Job 317: 227/400
Job 317: 228/400
Job 317: 229/400
Job 317: 230/400
Job 317: 231/400
Job 317: 232/400
Job 317: 233/400
Job 317: 234/400
Job 317: 235/400
Job 317: 236/400
Job 317: 237/400
Job 317: 238/400
Job 317: 239/400
Job 317: 240/400
Job 317: 241/400
Job 317: 242/400
Job 317: 243/400
Job 317: 244/400
Job 317: 245/400
Job 317: 246/400
Job 317: 247/400
Job 317: 248/400
Job 317: 249/400
Job 317: 250/400
Job 317: 251/400
Job 317: 252/400
Job 317: 253/400
Job 317: 254/400
Job 317: 255/400
Job 317: 256/400
Job 317: 257/400
Job 317: 258/400
Job 317: 259/400
Job 317: 260/400
Job 317: 261/400
Job 317: 262/400
Job 317: 263/400
Job 317: 264/400
Job 317: 265/400
Job 317: 266/400
Job 317: 267/400
Job 317: 268/400
Job 317: 269/400
Job 317: 270/400
Job 317: 271/400
Job 317: 272/400
Job 317: 273/400
Job 317: 274/400
Job 317: 275/400
Job 317: 276/400
Job 317: 277/400
Job 317: 278/400
Job 317: 279/400
Job 317: 280/400
Job 317: 281/400
Job 317: 282/400
Job 317: 283/400
Job 317: 284/400
Job 317: 285/400
Job 317: 286/400
Job 317: 287/400
Job 317: 288/400
Job 317: 289/400
Job 317: 290/400
Job 317: 291/400
Job 317: 292/400
Job 317: 293/400
Job 317: 294/400
Job 317: 295/400
Job 317: 296/400
Job 317: 297/400
Job 317: 298/400
Job 317: 299/400
Job 317: 300/400
Job 317: 301/400
Job 317: 302/400
Job 317: 303/400
Job 317: 304/400
Job 317: 305/400
Job 317: 306/400
Job 317: 307/400
Job 317: 308/400
Job 317: 309/400
Job 317: 310/400
Job 317: 311/400
Job 317: 312/400
Job 317: 313/400
Job 317: 314/400
Job 317: 315/400
Job 317: 316/400
Job 317: 317/400
Job 317: 318/400
Job 317: 319/400
Job 317: 320/400
Job 317: 321/400
Job 317: 322/400
Job 317: 323/400
Job 317: 324/400
Job 317: 325/400
Job 317: 326/400
Job 317: 327/400
Job 317: 328/400
Job 317: 329/400
Job 317: 330/400
Job 317: 331/400
Job 317: 332/400
Job 317: 333/400
Job 317: 334/400
Job 317: 335/400
Job 317: 336/400
Job 317: 337/400
Job 317: 338/400
Job 317: 339/400
Job 317: 340/400
Job 317: 341/400
Job 317: 342/400
Job 317: 343/400
Job 317: 344/400
Job 317: 345/400
Job 317: 346/400
Job 317: 347/400
Job 317: 348/400
Job 317: 349/400
Job 317: 350/400
Job 317: 351/400
Job 317: 352/400
Job 317: 353/400
Job 317: 354/400
Job 317: 355/400
Job 317: 356/400
Job 317: 357/400
Job 317: 358/400
Job 317: 359/400
Job 317: 360/400
Job 317: 361/400
Job 317: 362/400
Job 317: 363/400
Job 317: 364/400
Job 317: 365/400
Job 317: 366/400
Job 317: 367/400
Job 317: 368/400
Job 317: 369/400
Job 317: 370/400
Job 317: 371/400
Job 317: 372/400
Job 317: 373/400
Job 317: 374/400
Job 317: 375/400
Job 317: 376/400
Job 317: 377/400
Job 317: 378/400
Job 317: 379/400
Job 317: 380/400
Job 317: 381/400
Job 317: 382/400
Job 317: 383/400
Job 317: 384/400
Job 317: 385/400
Job 317: 386/400
Job 317: 387/400
Job 317: 388/400
Job 317: 389/400
Job 317: 390/400
Job 317: 391/400
Job 317: 392/400
Job 317: 393/400
Job 317: 394/400
Job 317: 395/400
Job 317: 396/400
Job 317: 397/400
Job 317: 398/400
Job 317: 399/400
Job 317: 400/400
