Registered S3 methods overwritten by 'susieSlide':
  method              from  
  coef.susie          susieR
  predict.susie       susieR
  print.summary.susie susieR
  summary.susie       susieR
Registered S3 methods overwritten by 'susieRSlidePrior':
  method                                         from      
  [.scaled_XtX                                   susieSlide
  coef.mr.ash                                    susieSlide
  coef.susie                                     susieSlide
  coef.susie_slide                               susieSlide
  predict.mr.ash                                 susieSlide
  predict.susie                                  susieSlide
  predict.susie_slide                            susieSlide
  print.slot_prior                               susieSlide
  print.summary.susie                            susieSlide
  print.summary.susie_post_outcome_configuration susieSlide
  summary.susie                                  susieSlide
  summary.susie_post_outcome_configuration       susieSlide
  summary.susie_slide                            susieSlide
No cached .raw files: using real GTEx cis-genotypes from /project2/mstephens/gtex. Each seed selects one of 17617 autosomal protein-coding genes. PLINK workspace: 8000 MiB.
Extracting GTEx gene ATXN3 (chr14:91606621-92606621)
Job 198: 1/400
Extracting GTEx gene DDX50 (chr10:68401286-69401286)
Job 198: 2/400
Extracting GTEx gene SH3PXD2A (chr10:103355543-104355543)
Job 198: 3/400
Extracting GTEx gene APLF (chr2:67967572-68967572)
Job 198: 4/400
Extracting GTEx gene PACSIN2 (chr22:42515149-43515149)
Job 198: 5/400
Extracting GTEx gene NEU4 (chr2:241309065-242309065)
Job 198: 6/400
Extracting GTEx gene OXR1 (chr8:105770144-106770144)
Job 198: 7/400
Extracting GTEx gene CGRRF1 (chr14:54009812-55009812)
Job 198: 8/400
Extracting GTEx gene NTPCR (chr1:232450605-233450605)
Job 198: 9/400
Extracting GTEx gene UAP1L1 (chr9:136577517-137577517)
Job 198: 10/400
Extracting GTEx gene SH2B1 (chr16:28346600-29346600)
Job 198: 11/400
Extracting GTEx gene MTA1 (chr14:104919820-105919820)
Job 198: 12/400
Extracting GTEx gene SLC2A10 (chr20:46209649-47209649)
Job 198: 13/400
Extracting GTEx gene MDC1 (chr6:30217447-31217447)
Job 198: 14/400
Extracting GTEx gene VWF (chr12:5624770-6624770)
Job 198: 15/400
Extracting GTEx gene XBP1 (chr22:28300597-29300597)
Job 198: 16/400
Extracting GTEx gene ITGAV (chr2:186090056-187090056)
Job 198: 17/400
Extracting GTEx gene RILPL2 (chr12:122936684-123936684)
Job 198: 18/400
Extracting GTEx gene SLC48A1 (chr12:47253916-48253916)
Job 198: 19/400
Extracting GTEx gene LOXL1 (chr15:73425989-74425989)
Job 198: 20/400
Extracting GTEx gene ADAMTS14 (chr10:70172506-71172506)
Job 198: 21/400
Extracting GTEx gene CLEC4D (chr12:8009475-9009475)
Job 198: 22/400
Extracting GTEx gene SNAP47 (chr1:227228200-228228200)
Job 198: 23/400
Extracting GTEx gene FGF12 (chr3:192267764-193267764)
Job 198: 24/400
Extracting GTEx gene OR2T35 (chr1:248145278-249145278)
Job 198: 25/400
Extracting GTEx gene ANKZF1 (chr2:218729783-219729783)
Job 198: 26/400
Extracting GTEx gene NUPR2 (chr7:55616417-56616417)
Job 198: 27/400
Extracting GTEx gene HSH2D (chr19:15634028-16634028)
Job 198: 28/400
Extracting GTEx gene PDIK1L (chr1:25611165-26611165)
Job 198: 29/400
Extracting GTEx gene PIP5K1A (chr1:150697949-151697949)
Job 198: 30/400
Extracting GTEx gene OR4F6 (chr15:101303509-102303509)
Job 198: 31/400
Extracting GTEx gene EPHA2 (chr1:15656069-16656069)
Job 198: 32/400
Extracting GTEx gene RTL1 (chr14:100403722-101403722)
Job 198: 33/400
Extracting GTEx gene ONECUT2 (chr18:56935374-57935374)
Job 198: 34/400
Extracting GTEx gene BAHD1 (chr15:39939721-40939721)
Job 198: 35/400
Extracting GTEx gene R3HCC1 (chr8:22770120-23770120)
Job 198: 36/400
Extracting GTEx gene PLEKHM2 (chr1:15184320-16184320)
Job 198: 37/400
Extracting GTEx gene BCL2L14 (chr12:11549844-12549844)
Job 198: 38/400
Extracting GTEx gene TMED2 (chr12:123084533-124084533)
Job 198: 39/400
Extracting GTEx gene TFPI (chr2:187065760-188065760)
Job 198: 40/400
Extracting GTEx gene SRSF3 (chr6:36094353-37094353)
Job 198: 41/400
Extracting GTEx gene TACR3 (chr4:103219985-104219985)
Job 198: 42/400
Extracting GTEx gene CASP14 (chr19:14549480-15549480)
Job 198: 43/400
Extracting GTEx gene DNTT (chr10:95804409-96804409)
Job 198: 44/400
Extracting GTEx gene OR10K1 (chr1:157961574-158961574)
Job 198: 45/400
Extracting GTEx gene MYF5 (chr12:80216912-81216912)
Job 198: 46/400
Extracting GTEx gene CD63 (chr12:55229707-56229707)
Job 198: 47/400
Extracting GTEx gene ARHGDIB (chr12:14461728-15461728)
Job 198: 48/400
Extracting GTEx gene C1orf50 (chr1:42267249-43267249)
Job 198: 49/400
Extracting GTEx gene LPO (chr17:57718548-58718548)
Job 198: 50/400
Extracting GTEx gene PHOSPHO1 (chr17:48730787-49730787)
Job 198: 51/400
Extracting GTEx gene VRK1 (chr14:96297304-97297304)
Job 198: 52/400
Extracting GTEx gene CDHR4 (chr3:49299873-50299873)
Job 198: 53/400
Extracting GTEx gene RAI14 (chr5:34156328-35156328)
Job 198: 54/400
Extracting GTEx gene XRCC3 (chr14:103215504-104215504)
Job 198: 55/400
Extracting GTEx gene ULBP1 (chr6:149463943-150463943)
Job 198: 56/400
Extracting GTEx gene GNPTG (chr16:851931-1851931)
Job 198: 57/400
Extracting GTEx gene ATP4B (chr13:113158198-114158198)
Job 198: 58/400
Extracting GTEx gene C8A (chr1:56354797-57354797)
Job 198: 59/400
Extracting GTEx gene SUMF1 (chr3:3967273-4967273)
Job 198: 60/400
Extracting GTEx gene WDR17 (chr4:175565841-176565841)
Job 198: 61/400
Extracting GTEx gene MFSD4A (chr1:205068885-206068885)
Job 198: 62/400
Extracting GTEx gene GRM5 (chr11:88565945-89565945)
Job 198: 63/400
Extracting GTEx gene TP53TG5 (chr20:44907889-45907889)
Job 198: 64/400
Extracting GTEx gene TSPAN32 (chr11:1801997-2801997)
Job 198: 65/400
Extracting GTEx gene MAPK8 (chr10:47806639-48806639)
Job 198: 66/400
Extracting GTEx gene AREL1 (chr14:74213117-75213117)
Job 198: 67/400
Extracting GTEx gene MTCH1 (chr6:36486298-37486298)
Job 198: 68/400
Extracting GTEx gene KANSL2 (chr12:48182238-49182238)
Job 198: 69/400
Extracting GTEx gene JMJD8 (chr16:184363-1184363)
Job 198: 70/400
Extracting GTEx gene ARHGEF10L (chr1:17039698-18039698)
Job 198: 71/400
Extracting GTEx gene CMTM3 (chr16:66103874-67103874)
Job 198: 72/400
Extracting GTEx gene OR1G1 (chr17:2627581-3627581)
Job 198: 73/400
Extracting GTEx gene EPHX3 (chr19:14733435-15733435)
Job 198: 74/400
Extracting GTEx gene TFPT (chr19:53615657-54615657)
Job 198: 75/400
Extracting GTEx gene CNPY1 (chr7:155055450-156055450)
Job 198: 76/400
Extracting GTEx gene UNC80 (chr2:209271832-210271832)
Job 198: 77/400
Extracting GTEx gene SLC24A4 (chr14:91822581-92822581)
Job 198: 78/400
Extracting GTEx gene CBR3 (chr21:35635079-36635079)
Job 198: 79/400
Extracting GTEx gene NBPF19 (chr1:148975338-149975338)
Job 198: 80/400
Extracting GTEx gene DNAJC7 (chr17:41521376-42521376)
Job 198: 81/400
Extracting GTEx gene ZNF284 (chr19:43572159-44572159)
Job 198: 82/400
Extracting GTEx gene OR4C12 (chr11:49482535-50482535)
Job 198: 83/400
Extracting GTEx gene DUSP26 (chr8:33100023-34100023)
Job 198: 84/400
Extracting GTEx gene OR10K1 (chr1:157961574-158961574)
Job 198: 85/400
Extracting GTEx gene TRIM8 (chr10:102144479-103144479)
Job 198: 86/400
Extracting GTEx gene HHIPL2 (chr1:222048104-223048104)
Job 198: 87/400
Extracting GTEx gene NCR3LG1 (chr11:16851800-17851800)
Job 198: 88/400
Extracting GTEx gene NTAN1 (chr16:14556079-15556079)
Job 198: 89/400
Extracting GTEx gene SCNM1 (chr1:150656664-151656664)
Job 198: 90/400
Extracting GTEx gene SPRR1B (chr1:152531203-153531203)
Job 198: 91/400
Extracting GTEx gene MRPS11 (chr15:87967453-88967453)
Job 198: 92/400
Extracting GTEx gene DYDC1 (chr10:79856755-80856755)
Job 198: 93/400
Extracting GTEx gene GPRIN2 (chr10:46055530-47055530)
Job 198: 94/400
Extracting GTEx gene UGT2B15 (chr4:68170652-69170652)
Job 198: 95/400
Extracting GTEx gene CEP164 (chr11:116814557-117814557)
Job 198: 96/400
Extracting GTEx gene OR2M2 (chr1:247674821-248674821)
Job 198: 97/400
Extracting GTEx gene MRPL49 (chr11:64622183-65622183)
Job 198: 98/400
Extracting GTEx gene CYSTM1 (chr5:139675156-140675156)
Job 198: 99/400
Extracting GTEx gene TSHZ2 (chr20:52472358-53472358)
Job 198: 100/400
Extracting GTEx gene TESK2 (chr1:44991163-45991163)
Job 198: 101/400
Extracting GTEx gene PEX13 (chr2:60517225-61517225)
Job 198: 102/400
Extracting GTEx gene RSPH10B2 (chr7:6254109-7254109)
Job 198: 103/400
Extracting GTEx gene TMEM9B (chr11:8465011-9465011)
Job 198: 104/400
Extracting GTEx gene TCF20 (chr22:41843616-42843616)
Job 198: 105/400
Extracting GTEx gene FCRL3 (chr1:157200769-158200769)
Job 198: 106/400
Extracting GTEx gene SOWAHB (chr4:76398144-77398144)
Job 198: 107/400
Extracting GTEx gene PPIL4 (chr6:149046043-150046043)
Job 198: 108/400
Extracting GTEx gene BLOC1S3 (chr19:44678784-45678784)
Job 198: 109/400
Extracting GTEx gene OTUD1 (chr10:22939075-23939075)
Job 198: 110/400
Extracting GTEx gene PRLR (chr5:34730487-35730487)
Job 198: 111/400
Extracting GTEx gene PNLIP (chr10:116045931-117045931)
Job 198: 112/400
Extracting GTEx gene FBXO34 (chr14:54771344-55771344)
Job 198: 113/400
Extracting GTEx gene SLC16A9 (chr10:59236002-60236002)
Job 198: 114/400
Extracting GTEx gene TMEM260 (chr14:55988354-56988354)
Job 198: 115/400
Extracting GTEx gene MMP1 (chr11:102298160-103298160)
Job 198: 116/400
Extracting GTEx gene PLK5 (chr19:1008023-2008023)
Job 198: 117/400
Extracting GTEx gene E2F3 (chr6:19901879-20901879)
Job 198: 118/400
Extracting GTEx gene GATA3 (chr10:7545378-8545378)
Job 198: 119/400
Extracting GTEx gene FCRLB (chr1:161221563-162221563)
Job 198: 120/400
Extracting GTEx gene OR5H1 (chr3:97630721-98630721)
Job 198: 121/400
Extracting GTEx gene PTPRS (chr19:4840803-5840803)
Job 198: 122/400
Extracting GTEx gene TRAK2 (chr2:200951500-201951500)
Job 198: 123/400
Extracting GTEx gene ARHGAP17 (chr16:24515666-25515666)
Job 198: 124/400
Extracting GTEx gene GCNT4 (chr5:74552558-75552558)
Job 198: 125/400
Extracting GTEx gene CCS (chr11:66093185-67093185)
Job 198: 126/400
Extracting GTEx gene BOP1 (chr8:143791438-144791438)
Job 198: 127/400
Extracting GTEx gene PYGO1 (chr15:55088947-56088947)
Job 198: 128/400
Extracting GTEx gene ZNF516 (chr18:75995242-76995242)
Job 198: 129/400
Extracting GTEx gene TIMM22 (chr17:497129-1497129)
Job 198: 130/400
Extracting GTEx gene LDHA (chr11:17894560-18894560)
Job 198: 131/400
Extracting GTEx gene POLL (chr10:101088270-102088270)
Job 198: 132/400
Extracting GTEx gene SNX17 (chr2:26870496-27870496)
Job 198: 133/400
Extracting GTEx gene AGAP2 (chr12:57242157-58242157)
Job 198: 134/400
Extracting GTEx gene PTPN11 (chr12:111918351-112918351)
Job 198: 135/400
Extracting GTEx gene TBX3 (chr12:114184175-115184175)
Job 198: 136/400
Extracting GTEx gene LRRK1 (chr15:100419327-101419327)
Job 198: 137/400
Extracting GTEx gene NFKBIE (chr6:43765788-44765788)
Job 198: 138/400
Extracting GTEx gene ESPNL (chr2:237600340-238600340)
Job 198: 139/400
Extracting GTEx gene DNAJB12 (chr10:71855149-72855149)
Job 198: 140/400
Extracting GTEx gene RIN3 (chr14:92013781-93013781)
Job 198: 141/400
Extracting GTEx gene CDH12 (chr5:22353344-23353344)
Job 198: 142/400
Extracting GTEx gene DAD1 (chr14:22089224-23089224)
Job 198: 143/400
Extracting GTEx gene SLC27A2 (chr15:49682196-50682196)
Job 198: 144/400
Extracting GTEx gene EIF6 (chr20:34784985-35784985)
Job 198: 145/400
Extracting GTEx gene ZNF705E (chr11:71321548-72321548)
Job 198: 146/400
Extracting GTEx gene CALML4 (chr15:67706079-68706079)
Job 198: 147/400
Extracting GTEx gene OBSL1 (chr2:219071859-220071859)
Job 198: 148/400
Extracting GTEx gene SERAC1 (chr6:157668280-158668280)
Job 198: 149/400
Extracting GTEx gene NDC1 (chr1:53338463-54338463)
Job 198: 150/400
Extracting GTEx gene TAS2R14 (chr12:10671573-11671573)
Job 198: 151/400
Extracting GTEx gene SERPINB5 (chr18:62976958-63976958)
Job 198: 152/400
Extracting GTEx gene MLLT11 (chr1:150560397-151560397)
Job 198: 153/400
Extracting GTEx gene CEBPE (chr14:22619255-23619255)
Job 198: 154/400
Extracting GTEx gene EPHA1 (chr7:142908856-143908856)
Job 198: 155/400
Extracting GTEx gene GNAI2 (chr3:49726292-50726292)
Job 198: 156/400
Extracting GTEx gene PARP10 (chr8:143512772-144512772)
Job 198: 157/400
Extracting GTEx gene PIAS3 (chr1:145359836-146359836)
Job 198: 158/400
Extracting GTEx gene EAF2 (chr3:121335183-122335183)
Job 198: 159/400
Extracting GTEx gene LAIR1 (chr19:53870558-54870558)
Job 198: 160/400
Extracting GTEx gene KDM4A (chr1:43150149-44150149)
Job 198: 161/400
Extracting GTEx gene HES4 (chr1:500172-1500172)
Job 198: 162/400
Extracting GTEx gene WDFY4 (chr10:48184876-49184876)
Job 198: 163/400
Extracting GTEx gene CDC37 (chr19:9920121-10920121)
Job 198: 164/400
Extracting GTEx gene IL11 (chr19:54870463-55870463)
Job 198: 165/400
Extracting GTEx gene HINT1 (chr5:130724468-131724468)
Job 198: 166/400
Extracting GTEx gene MICB (chr6:30994881-31994881)
Job 198: 167/400
Extracting GTEx gene RPL41 (chr12:55616590-56616590)
Job 198: 168/400
Extracting GTEx gene MRPS18A (chr6:43187791-44187791)
Job 198: 169/400
Extracting GTEx gene RALGAPB (chr20:37972816-38972816)
Job 198: 170/400
Extracting GTEx gene GAREM2 (chr2:25673088-26673088)
Job 198: 171/400
Extracting GTEx gene KIF2C (chr1:44239818-45239818)
Job 198: 172/400
Extracting GTEx gene VAV3 (chr1:107465180-108465180)
Job 198: 173/400
Extracting GTEx gene INTS9 (chr8:28390242-29390242)
Job 198: 174/400
Extracting GTEx gene PRMT9 (chr4:147184163-148184163)
Job 198: 175/400
Extracting GTEx gene IPO7 (chr11:8884652-9884652)
Job 198: 176/400
Extracting GTEx gene PSMD13 (chr11:0-736966)
Job 198: 177/400
Extracting GTEx gene NPFF (chr12:53007638-54007638)
Job 198: 178/400
Extracting GTEx gene SELL (chr1:169211702-170211702)
Job 198: 179/400
Extracting GTEx gene JMY (chr5:78736131-79736131)
Job 198: 180/400
Extracting GTEx gene CTU1 (chr19:50608409-51608409)
Job 198: 181/400
Extracting GTEx gene IL19 (chr1:206270764-207270764)
Job 198: 182/400
Extracting GTEx gene OR2S2 (chr9:35458154-36458154)
Job 198: 183/400
Extracting GTEx gene CRYBA4 (chr22:26121963-27121963)
Job 198: 184/400
Extracting GTEx gene STAG1 (chr3:136252403-137252403)
Job 198: 185/400
Extracting GTEx gene MRPL40 (chr22:18932545-19932545)
Job 198: 186/400
Extracting GTEx gene SLC28A3 (chr9:83840758-84840758)
Job 198: 187/400
Extracting GTEx gene DGKE (chr17:56334107-57334107)
Job 198: 188/400
Extracting GTEx gene PLCH1 (chr3:155245071-156245071)
Job 198: 189/400
Extracting GTEx gene SYT8 (chr11:1328307-2328307)
Job 198: 190/400
Extracting GTEx gene B4GALNT2 (chr17:48632460-49632460)
Job 198: 191/400
Extracting GTEx gene NR2E3 (chr15:71292638-72292638)
Job 198: 192/400
Extracting GTEx gene OR8H1 (chr11:55792254-56792254)
Job 198: 193/400
Extracting GTEx gene OR51F2 (chr11:4321321-5321321)
Job 198: 194/400
Extracting GTEx gene GNA15 (chr19:2636033-3636033)
Job 198: 195/400
Extracting GTEx gene NR3C1 (chr5:142935512-143935512)
Job 198: 196/400
Extracting GTEx gene ZNF229 (chr19:43948578-44948578)
Job 198: 197/400
Extracting GTEx gene SF3B2 (chr11:65550729-66550729)
Job 198: 198/400
Extracting GTEx gene MYLK4 (chr6:2250922-3250922)
Job 198: 199/400
Extracting GTEx gene CST4 (chr20:23189038-24189038)
Job 198: 200/400
Extracting GTEx gene SLC46A3 (chr13:28218970-29218970)
Job 198: 201/400
Extracting GTEx gene C6orf163 (chr6:86844813-87844813)
Job 198: 202/400
Extracting GTEx gene SUV39H2 (chr10:14378820-15378820)
Job 198: 203/400
Extracting GTEx gene PPP3R1 (chr2:67756237-68756237)
Job 198: 204/400
Extracting GTEx gene TTLL7 (chr1:83499150-84499150)
Job 198: 205/400
Extracting GTEx gene ST6GAL1 (chr3:186430325-187430325)
Job 198: 206/400
Extracting GTEx gene KCNV1 (chr8:109475771-110475771)
Job 198: 207/400
Extracting GTEx gene MYH11 (chr16:15357028-16357028)
Job 198: 208/400
Extracting GTEx gene METTL15 (chr11:27608248-28608248)
Job 198: 209/400
Extracting GTEx gene TAF3 (chr10:7318505-8318505)
Job 198: 210/400
Extracting GTEx gene KRBA2 (chr17:7876704-8876704)
Job 198: 211/400
Extracting GTEx gene AGAP4 (chr10:45353875-46353875)
Job 198: 212/400
Extracting GTEx gene VILL (chr3:37488059-38488059)
Job 198: 213/400
Extracting GTEx gene ANKRD39 (chr2:96358016-97358016)
Job 198: 214/400
Extracting GTEx gene B3GNT3 (chr19:17294828-18294828)
Job 198: 215/400
Extracting GTEx gene CHCHD2 (chr7:55606476-56606476)
Job 198: 216/400
Extracting GTEx gene SLC45A4 (chr8:140808305-141808305)
Job 198: 217/400
Extracting GTEx gene C6orf141 (chr6:49050646-50050646)
Job 198: 218/400
Extracting GTEx gene OR8G5 (chr11:123756376-124756376)
Job 198: 219/400
Extracting GTEx gene HVCN1 (chr12:110204950-111204950)
Job 198: 220/400
Extracting GTEx gene ASCL4 (chr12:107274385-108274385)
Job 198: 221/400
Extracting GTEx gene FCMR (chr1:206423247-207423247)
Job 198: 222/400
Extracting GTEx gene SLA (chr8:132602912-133602912)
Job 198: 223/400
Extracting GTEx gene DUXA (chr19:56667485-57667485)
Job 198: 224/400
Extracting GTEx gene CDS1 (chr4:84083127-85083127)
Job 198: 225/400
Extracting GTEx gene CCIN (chr9:35669388-36669388)
Job 198: 226/400
Extracting GTEx gene CELSR1 (chr22:46037620-47037620)
Job 198: 227/400
Extracting GTEx gene PSMD7 (chr16:73796814-74796814)
Job 198: 228/400
Extracting GTEx gene OST4 (chr2:26571654-27571654)
Job 198: 229/400
Extracting GTEx gene SMARCC2 (chr12:55689567-56689567)
Job 198: 230/400
Extracting GTEx gene C1orf52 (chr1:84759672-85759672)
Job 198: 231/400
Extracting GTEx gene PPA2 (chr4:104974067-105974067)
Job 198: 232/400
Extracting GTEx gene CDT1 (chr16:88303789-89303789)
Job 198: 233/400
Extracting GTEx gene SCGB2A2 (chr11:61770158-62770158)
Job 198: 234/400
Extracting GTEx gene ESYT1 (chr12:55618250-56618250)
Job 198: 235/400
Extracting GTEx gene NRSN2 (chr20:0-846782)
Job 198: 236/400
Extracting GTEx gene TCL1A (chr14:95214196-96214196)
Job 198: 237/400
Extracting GTEx gene PHRF1 (chr11:76470-1076470)
Job 198: 238/400
Extracting GTEx gene NKAIN1 (chr1:30739887-31739887)
Job 198: 239/400
Extracting GTEx gene DYNC1LI1 (chr3:32070858-33070858)
Job 198: 240/400
Extracting GTEx gene OR9G1 (chr11:56199095-57199095)
Job 198: 241/400
Extracting GTEx gene TFAP4 (chr16:3773023-4773023)
Job 198: 242/400
Extracting GTEx gene IFIT1B (chr10:88878056-89878056)
Job 198: 243/400
Extracting GTEx gene AGR2 (chr7:16333433-17333433)
Job 198: 244/400
Extracting GTEx gene MRLN (chr10:59256041-60256041)
Job 198: 245/400
Extracting GTEx gene SPDYE17 (chr7:76532361-77532361)
Job 198: 246/400
Extracting GTEx gene PFKFB2 (chr1:206534366-207534366)
Job 198: 247/400
Extracting GTEx gene FABP4 (chr8:80983236-81983236)
Job 198: 248/400
Extracting GTEx gene SPCS1 (chr3:52204955-53204955)
Job 198: 249/400
Extracting GTEx gene PTH2 (chr19:48923441-49923441)
Job 198: 250/400
Extracting GTEx gene PSMF1 (chr20:613240-1613240)
Job 198: 251/400
Extracting GTEx gene FAM50B (chr6:3349373-4349373)
Job 198: 252/400
Extracting GTEx gene IL31 (chr12:121674221-122674221)
Job 198: 253/400
Extracting GTEx gene SENP1 (chr12:47606079-48606079)
Job 198: 254/400
Extracting GTEx gene YBX1 (chr1:42182418-43182418)
Job 198: 255/400
Extracting GTEx gene TNS4 (chr17:40001623-41001623)
Job 198: 256/400
Extracting GTEx gene TMF1 (chr3:68552339-69552339)
Job 198: 257/400
Extracting GTEx gene AADAT (chr4:169591699-170591699)
Job 198: 258/400
Extracting GTEx gene CYP3A7-CYP3A51P (chr7:99235102-100235102)
Job 198: 259/400
Extracting GTEx gene HMGA2 (chr12:65324460-66324460)
Job 198: 260/400
Extracting GTEx gene NRCAM (chr7:107956717-108956717)
Job 198: 261/400
Extracting GTEx gene LPIN2 (chr18:2513144-3513144)
Job 198: 262/400
Extracting GTEx gene PLA2G2E (chr1:19423617-20423617)
Job 198: 263/400
Extracting GTEx gene KLRF1 (chr12:9327481-10327481)
Job 198: 264/400
Extracting GTEx gene MFN1 (chr3:178847709-179847709)
Job 198: 265/400
Extracting GTEx gene LPAR5 (chr12:6135960-7135960)
Job 198: 266/400
Extracting GTEx gene ZMYM4 (chr1:34768709-35768709)
Job 198: 267/400
Extracting GTEx gene ITIH3 (chr3:52294768-53294768)
Job 198: 268/400
Extracting GTEx gene ATXN7L3B (chr12:74037835-75037835)
Job 198: 269/400
Extracting GTEx gene NEK1 (chr4:169112627-170112627)
Job 198: 270/400
Extracting GTEx gene TUB (chr11:7519244-8519244)
Job 198: 271/400
Extracting GTEx gene MMP11 (chr22:23268643-24268643)
Job 198: 272/400
Extracting GTEx gene ATG16L1 (chr2:232710051-233710051)
Job 198: 273/400
Extracting GTEx gene RMDN1 (chr8:86014357-87014357)
Job 198: 274/400
Extracting GTEx gene ENTPD1 (chr10:95211779-96211779)
Job 198: 275/400
Extracting GTEx gene MMS22L (chr6:96783210-97783210)
Job 198: 276/400
Extracting GTEx gene PNOC (chr8:27816986-28816986)
Job 198: 277/400
Extracting GTEx gene KRT72 (chr12:52101538-53101538)
Job 198: 278/400
Extracting GTEx gene ZNF596 (chr8:0-732137)
Job 198: 279/400
Extracting GTEx gene MS4A6A (chr11:59684666-60684666)
Job 198: 280/400
Extracting GTEx gene C3orf80 (chr3:159725422-160725422)
Job 198: 281/400
Extracting GTEx gene DNAAF2 (chr14:49135244-50135244)
Job 198: 282/400
Extracting GTEx gene RELN (chr7:103489658-104489658)
Job 198: 283/400
Extracting GTEx gene EHBP1 (chr2:62173851-63173851)
Job 198: 284/400
Extracting GTEx gene CD34 (chr1:207411402-208411402)
Job 198: 285/400
Extracting GTEx gene ZIK1 (chr19:57078456-58078456)
Job 198: 286/400
Extracting GTEx gene RNF157 (chr17:75740493-76740493)
Job 198: 287/400
Extracting GTEx gene TTC6 (chr14:37095847-38095847)
Job 198: 288/400
Extracting GTEx gene CNPY1 (chr7:155055450-156055450)
Job 198: 289/400
Extracting GTEx gene SCD5 (chr4:82298796-83298796)
Job 198: 290/400
Extracting GTEx gene OASL (chr12:120539242-121539242)
Job 198: 291/400
Extracting GTEx gene DCLK3 (chr3:36264349-37264349)
Job 198: 292/400
Extracting GTEx gene ZNF347 (chr19:52659060-53659060)
Job 198: 293/400
Extracting GTEx gene HEMGN (chr9:97444856-98444856)
Job 198: 294/400
Extracting GTEx gene SERPINB3 (chr18:63161893-64161893)
Job 198: 295/400
Extracting GTEx gene TCHH (chr1:151615454-152615454)
Job 198: 296/400
Extracting GTEx gene COX20 (chr1:244335616-245335616)
Job 198: 297/400
Extracting GTEx gene TREX1 (chr3:47965811-48965811)
Job 198: 298/400
Extracting GTEx gene NOL4 (chr18:33724952-34724952)
Job 198: 299/400
Extracting GTEx gene YWHAE (chr17:900222-1900222)
Job 198: 300/400
Extracting GTEx gene C18orf32 (chr18:48987252-49987252)
Job 198: 301/400
Extracting GTEx gene DOCK1 (chr10:126405409-127405409)
Job 198: 302/400
Extracting GTEx gene USP17L17 (chr4:8743879-9743879)
Job 198: 303/400
Extracting GTEx gene ISY1 (chr3:128661063-129661063)
Job 198: 304/400
Extracting GTEx gene UQCC2 (chr6:33211727-34211727)
Job 198: 305/400
Extracting GTEx gene SNX11 (chr17:47603357-48603357)
Job 198: 306/400
Extracting GTEx gene CAMKK1 (chr17:3393053-4393053)
Job 198: 307/400
Extracting GTEx gene TSG101 (chr11:18026951-19026951)
Job 198: 308/400
Extracting GTEx gene ATXN1 (chr6:16261491-17261491)
Job 198: 309/400
Extracting GTEx gene KLF18 (chr1:43641631-44641631)
Job 198: 310/400
Extracting GTEx gene CHMP1B (chr18:11351413-12351413)
Job 198: 311/400
Extracting GTEx gene NPC1 (chr18:23086506-24086506)
Job 198: 312/400
Extracting GTEx gene SCGB3A1 (chr5:180091499-181091499)
Job 198: 313/400
Extracting GTEx gene GPR107 (chr9:129553426-130553426)
Job 198: 314/400
Extracting GTEx gene LY6K (chr8:142200111-143200111)
Job 198: 315/400
Extracting GTEx gene HOXA10 (chr7:26680261-27680261)
Job 198: 316/400
Extracting GTEx gene ME1 (chr6:82931051-83931051)
Job 198: 317/400
Extracting GTEx gene CCDC103 (chr17:44399142-45399142)
Job 198: 318/400
Extracting GTEx gene LEPROT (chr1:64920587-65920587)
Job 198: 319/400
Extracting GTEx gene SARNP (chr12:55317724-56317724)
Job 198: 320/400
Extracting GTEx gene CSF3R (chr1:35983278-36983278)
Job 198: 321/400
Extracting GTEx gene PAFAH2 (chr1:25498117-26498117)
Job 198: 322/400
Extracting GTEx gene TEX101 (chr19:42901496-43901496)
Job 198: 323/400
Extracting GTEx gene CHRNA10 (chr11:3171384-4171384)
Job 198: 324/400
Extracting GTEx gene PLIN1 (chr15:89179427-90179427)
Job 198: 325/400
Extracting GTEx gene SIGLEC9 (chr19:50624906-51624906)
Job 198: 326/400
Extracting GTEx gene LILRA5 (chr19:53813166-54813166)
Job 198: 327/400
Extracting GTEx gene COA6 (chr1:233873456-234873456)
Job 198: 328/400
Extracting GTEx gene SLC35F2 (chr11:107428293-108428293)
Job 198: 329/400
Extracting GTEx gene PRADC1 (chr2:72733239-73733239)
Job 198: 330/400
Extracting GTEx gene MMP1 (chr11:102298160-103298160)
Job 198: 331/400
Extracting GTEx gene SP140 (chr2:229703110-230703110)
Job 198: 332/400
Extracting GTEx gene ROCK1 (chr18:20611813-21611813)
Job 198: 333/400
Extracting GTEx gene AREG (chr4:73945136-74945136)
Job 198: 334/400
Extracting GTEx gene GPR153 (chr1:5761098-6761098)
Job 198: 335/400
Extracting GTEx gene RFX4 (chr12:106083004-107083004)
Job 198: 336/400
Extracting GTEx gene EMP2 (chr16:10080598-11080598)
Job 198: 337/400
Extracting GTEx gene ZDHHC2 (chr8:16656482-17656482)
Job 198: 338/400
Extracting GTEx gene GGT7 (chr20:34372856-35372856)
Job 198: 339/400
Extracting GTEx gene TSSK6 (chr19:19015548-20015548)
Job 198: 340/400
Extracting GTEx gene MFSD13A (chr10:101961395-102961395)
Job 198: 341/400
Extracting GTEx gene UPK2 (chr11:118425164-119425164)
Job 198: 342/400
Extracting GTEx gene RPE (chr2:209502565-210502565)
Job 198: 343/400
Extracting GTEx gene ABCA5 (chr17:68827244-69827244)
Job 198: 344/400
Extracting GTEx gene MAPK12 (chr22:49761716-50761716)
Job 198: 345/400
Extracting GTEx gene KRT18 (chr12:52448871-53448871)
Job 198: 346/400
Extracting GTEx gene ZFYVE28 (chr4:1918651-2918651)
Job 198: 347/400
Extracting GTEx gene KLHL35 (chr11:74933203-75933203)
Job 198: 348/400
Extracting GTEx gene C21orf58 (chr21:45823875-46823875)
Job 198: 349/400
Extracting GTEx gene ERICH2 (chr2:170283786-171283786)
Job 198: 350/400
Extracting GTEx gene STXBP5 (chr6:146704425-147704425)
Job 198: 351/400
Extracting GTEx gene ADAMTS7 (chr15:78311464-79311464)
Job 198: 352/400
Extracting GTEx gene TAS2R42 (chr12:10686937-11686937)
Job 198: 353/400
Extracting GTEx gene MAP3K4 (chr6:160491727-161491727)
Job 198: 354/400
Extracting GTEx gene TRABD (chr22:49685913-50685913)
Job 198: 355/400
Extracting GTEx gene NCR1 (chr19:54406148-55406148)
Job 198: 356/400
Extracting GTEx gene CCNG1 (chr5:162937569-163937569)
Job 198: 357/400
Extracting GTEx gene ID4 (chr6:19337370-20337370)
Job 198: 358/400
Extracting GTEx gene FSCN3 (chr7:127091409-128091409)
Job 198: 359/400
Extracting GTEx gene CCDC102A (chr16:57036571-58036571)
Job 198: 360/400
Extracting GTEx gene HPGDS (chr4:93842865-94842865)
Job 198: 361/400
Extracting GTEx gene CYP4A11 (chr1:46441484-47441484)
Job 198: 362/400
Extracting GTEx gene ALLC (chr2:3158200-4158200)
Job 198: 363/400
Extracting GTEx gene IFT52 (chr20:43090937-44090937)
Job 198: 364/400
Extracting GTEx gene PARP16 (chr15:64800618-65800618)
Job 198: 365/400
Extracting GTEx gene ZFAND2B (chr2:218695237-219695237)
Job 198: 366/400
Extracting GTEx gene EPHB3 (chr3:184061785-185061785)
Job 198: 367/400
Extracting GTEx gene PMS2 (chr7:5509106-6509106)
Job 198: 368/400
Extracting GTEx gene ARF6 (chr14:49393082-50393082)
Job 198: 369/400
Extracting GTEx gene PYGB (chr20:24748085-25748085)
Job 198: 370/400
Extracting GTEx gene NOXRED1 (chr14:76923517-77923517)
Job 198: 371/400
Extracting GTEx gene RASSF6 (chr4:73120631-74120631)
Job 198: 372/400
Extracting GTEx gene HELZ2 (chr20:63074239-64074239)
Job 198: 373/400
Extracting GTEx gene TMEM151A (chr11:65791894-66791894)
Job 198: 374/400
Extracting GTEx gene SBK1 (chr16:27759246-28759246)
Job 198: 375/400
Extracting GTEx gene SIDT2 (chr11:116678736-117678736)
Job 198: 376/400
Extracting GTEx gene RXRG (chr1:164945355-165945355)
Job 198: 377/400
Extracting GTEx gene DPF3 (chr14:72394116-73394116)
Job 198: 378/400
Extracting GTEx gene SPINK13 (chr5:147768180-148768180)
Job 198: 379/400
Extracting GTEx gene USP47 (chr11:11341423-12341423)
Job 198: 380/400
Extracting GTEx gene AUP1 (chr2:74029760-75029760)
Job 198: 381/400
Extracting GTEx gene ADH1B (chr4:98852760-99852760)
Job 198: 382/400
Extracting GTEx gene NKX6-3 (chr8:41150817-42150817)
Job 198: 383/400
Extracting GTEx gene HKDC1 (chr10:68720332-69720332)
Job 198: 384/400
Extracting GTEx gene HSD17B1 (chr17:42052923-43052923)
Job 198: 385/400
Extracting GTEx gene ATF6B (chr6:31628253-32628253)
Job 198: 386/400
Extracting GTEx gene GCC2 (chr2:107949206-108949206)
Job 198: 387/400
Extracting GTEx gene BAZ2A (chr12:56136816-57136816)
Job 198: 388/400
Extracting GTEx gene KBTBD11 (chr8:1473677-2473677)
Job 198: 389/400
Extracting GTEx gene TBC1D3C (chr17:37568592-38568592)
Job 198: 390/400
Extracting GTEx gene DPY19L4 (chr8:94219703-95219703)
Job 198: 391/400
Extracting GTEx gene PRR20C (chr13:56640918-57640918)
Job 198: 392/400
Extracting GTEx gene FGFBP2 (chr4:15469309-16469309)
Job 198: 393/400
Extracting GTEx gene GDPD3 (chr16:29613537-30613537)
Job 198: 394/400
Extracting GTEx gene TP53TG3D (chr16:31752719-32752719)
Job 198: 395/400
Extracting GTEx gene KIF2A (chr5:61806162-62806162)
Job 198: 396/400
Extracting GTEx gene OR2T10 (chr1:248097700-249097700)
Job 198: 397/400
Extracting GTEx gene WASHC5 (chr8:124591819-125591819)
Job 198: 398/400
Extracting GTEx gene FFAR2 (chr19:34943907-35943907)
Job 198: 399/400
Extracting GTEx gene IMMP2L (chr7:111062517-112062517)
Job 198: 400/400
