Registered S3 methods overwritten by 'susieSlide':
  method              from  
  coef.susie          susieR
  predict.susie       susieR
  print.summary.susie susieR
  summary.susie       susieR
Job 79: 1/400
Job 79: 2/400
Job 79: 3/400
Job 79: 4/400
Job 79: 5/400
Job 79: 6/400
Job 79: 7/400
Job 79: 8/400
Job 79: 9/400
Job 79: 10/400
Job 79: 11/400
Job 79: 12/400
Job 79: 13/400
Job 79: 14/400
Job 79: 15/400
Job 79: 16/400
Job 79: 17/400
Job 79: 18/400
Job 79: 19/400
Job 79: 20/400
Job 79: 21/400
Job 79: 22/400
Job 79: 23/400
Job 79: 24/400
Job 79: 25/400
Job 79: 26/400
Job 79: 27/400
Job 79: 28/400
Job 79: 29/400
Job 79: 30/400
Job 79: 31/400
Job 79: 32/400
Job 79: 33/400
Job 79: 34/400
Job 79: 35/400
Job 79: 36/400
Job 79: 37/400
Job 79: 38/400
Job 79: 39/400
Job 79: 40/400
Job 79: 41/400
Job 79: 42/400
Job 79: 43/400
Job 79: 44/400
Job 79: 45/400
Job 79: 46/400
Job 79: 47/400
Job 79: 48/400
Job 79: 49/400
Job 79: 50/400
Job 79: 51/400
Job 79: 52/400
Job 79: 53/400
HINT: nrow(X) = 500 >= 2 * ncol(X) = 86. Consider precomputing sufficient statistics with compute_suff_stat() and fitting with susie_ss() instead -- this avoids holding X in memory at every iteration and lets you reuse XtX across multiple y.
Job 79: 54/400
Job 79: 55/400
Job 79: 56/400
Job 79: 57/400
Job 79: 58/400
Job 79: 59/400
Job 79: 60/400
Job 79: 61/400
Job 79: 62/400
Job 79: 63/400
Job 79: 64/400
Job 79: 65/400
Job 79: 66/400
Job 79: 67/400
Job 79: 68/400
Job 79: 69/400
Job 79: 70/400
Job 79: 71/400
Job 79: 72/400
Job 79: 73/400
Job 79: 74/400
Job 79: 75/400
Job 79: 76/400
Job 79: 77/400
Job 79: 78/400
Job 79: 79/400
Job 79: 80/400
Job 79: 81/400
Job 79: 82/400
Job 79: 83/400
Job 79: 84/400
Job 79: 85/400
Job 79: 86/400
Job 79: 87/400
Job 79: 88/400
Job 79: 89/400
Job 79: 90/400
Job 79: 91/400
Job 79: 92/400
Job 79: 93/400
Job 79: 94/400
Job 79: 95/400
Job 79: 96/400
Job 79: 97/400
Job 79: 98/400
Job 79: 99/400
Job 79: 100/400
Job 79: 101/400
Job 79: 102/400
Job 79: 103/400
Job 79: 104/400
Job 79: 105/400
Job 79: 106/400
Job 79: 107/400
Job 79: 108/400
Job 79: 109/400
Job 79: 110/400
Job 79: 111/400
Job 79: 112/400
Job 79: 113/400
Job 79: 114/400
Job 79: 115/400
Job 79: 116/400
Job 79: 117/400
Job 79: 118/400
Job 79: 119/400
Job 79: 120/400
Job 79: 121/400
Job 79: 122/400
Job 79: 123/400
Job 79: 124/400
Job 79: 125/400
Job 79: 126/400
Job 79: 127/400
Job 79: 128/400
Job 79: 129/400
Job 79: 130/400
Job 79: 131/400
Job 79: 132/400
Job 79: 133/400
Job 79: 134/400
Job 79: 135/400
Job 79: 136/400
Job 79: 137/400
Job 79: 138/400
Job 79: 139/400
Job 79: 140/400
Job 79: 141/400
Job 79: 142/400
Job 79: 143/400
Job 79: 144/400
Job 79: 145/400
Job 79: 146/400
Job 79: 147/400
Job 79: 148/400
Job 79: 149/400
Job 79: 150/400
Job 79: 151/400
Job 79: 152/400
Job 79: 153/400
Job 79: 154/400
Job 79: 155/400
Job 79: 156/400
Job 79: 157/400
Job 79: 158/400
Job 79: 159/400
Job 79: 160/400
Job 79: 161/400
Job 79: 162/400
Job 79: 163/400
Job 79: 164/400
Job 79: 165/400
Job 79: 166/400
Job 79: 167/400
Job 79: 168/400
Job 79: 169/400
Job 79: 170/400
Job 79: 171/400
Job 79: 172/400
Job 79: 173/400
Job 79: 174/400
Job 79: 175/400
Job 79: 176/400
Job 79: 177/400
Job 79: 178/400
Job 79: 179/400
Job 79: 180/400
Job 79: 181/400
Job 79: 182/400
Job 79: 183/400
Job 79: 184/400
Job 79: 185/400
Job 79: 186/400
Job 79: 187/400
Job 79: 188/400
Job 79: 189/400
Job 79: 190/400
Job 79: 191/400
Job 79: 192/400
Job 79: 193/400
Job 79: 194/400
Job 79: 195/400
Job 79: 196/400
Job 79: 197/400
Job 79: 198/400
Job 79: 199/400
Job 79: 200/400
Job 79: 201/400
Job 79: 202/400
Job 79: 203/400
Job 79: 204/400
Job 79: 205/400
Job 79: 206/400
Job 79: 207/400
Job 79: 208/400
Job 79: 209/400
Job 79: 210/400
Job 79: 211/400
Job 79: 212/400
Job 79: 213/400
Job 79: 214/400
Job 79: 215/400
Job 79: 216/400
Job 79: 217/400
Job 79: 218/400
Job 79: 219/400
Job 79: 220/400
Job 79: 221/400
Job 79: 222/400
Job 79: 223/400
Job 79: 224/400
Job 79: 225/400
Job 79: 226/400
Job 79: 227/400
Job 79: 228/400
Job 79: 229/400
Job 79: 230/400
Job 79: 231/400
Job 79: 232/400
Job 79: 233/400
Job 79: 234/400
Job 79: 235/400
Job 79: 236/400
Job 79: 237/400
Job 79: 238/400
Job 79: 239/400
Job 79: 240/400
Job 79: 241/400
Job 79: 242/400
Job 79: 243/400
Job 79: 244/400
Job 79: 245/400
Job 79: 246/400
Job 79: 247/400
Job 79: 248/400
Job 79: 249/400
Job 79: 250/400
Job 79: 251/400
Job 79: 252/400
Job 79: 253/400
Job 79: 254/400
Job 79: 255/400
Job 79: 256/400
Job 79: 257/400
Job 79: 258/400
Job 79: 259/400
Job 79: 260/400
Job 79: 261/400
Job 79: 262/400
Job 79: 263/400
Job 79: 264/400
Job 79: 265/400
Job 79: 266/400
Job 79: 267/400
Job 79: 268/400
Job 79: 269/400
Job 79: 270/400
Job 79: 271/400
Job 79: 272/400
Job 79: 273/400
Job 79: 274/400
Job 79: 275/400
Job 79: 276/400
Job 79: 277/400
Job 79: 278/400
Job 79: 279/400
Job 79: 280/400
Job 79: 281/400
Job 79: 282/400
Job 79: 283/400
Job 79: 284/400
Job 79: 285/400
Job 79: 286/400
Job 79: 287/400
Job 79: 288/400
Job 79: 289/400
Job 79: 290/400
Job 79: 291/400
Job 79: 292/400
Job 79: 293/400
Job 79: 294/400
Job 79: 295/400
Job 79: 296/400
Job 79: 297/400
Job 79: 298/400
Job 79: 299/400
Job 79: 300/400
Job 79: 301/400
Job 79: 302/400
Job 79: 303/400
Job 79: 304/400
Job 79: 305/400
Job 79: 306/400
Job 79: 307/400
Job 79: 308/400
Job 79: 309/400
Job 79: 310/400
Job 79: 311/400
Job 79: 312/400
Job 79: 313/400
Job 79: 314/400
Job 79: 315/400
Job 79: 316/400
Job 79: 317/400
Job 79: 318/400
Job 79: 319/400
Job 79: 320/400
Job 79: 321/400
Job 79: 322/400
Job 79: 323/400
Job 79: 324/400
Job 79: 325/400
Job 79: 326/400
Job 79: 327/400
Job 79: 328/400
Job 79: 329/400
Job 79: 330/400
Job 79: 331/400
Job 79: 332/400
Job 79: 333/400
Job 79: 334/400
Job 79: 335/400
Job 79: 336/400
Job 79: 337/400
Job 79: 338/400
Job 79: 339/400
Job 79: 340/400
Job 79: 341/400
Job 79: 342/400
Job 79: 343/400
Job 79: 344/400
Job 79: 345/400
Job 79: 346/400
Job 79: 347/400
Job 79: 348/400
Job 79: 349/400
Job 79: 350/400
Job 79: 351/400
Job 79: 352/400
Job 79: 353/400
Job 79: 354/400
Job 79: 355/400
Job 79: 356/400
Job 79: 357/400
Job 79: 358/400
Job 79: 359/400
Job 79: 360/400
Job 79: 361/400
Job 79: 362/400
Job 79: 363/400
Job 79: 364/400
Job 79: 365/400
Job 79: 366/400
Job 79: 367/400
Job 79: 368/400
Job 79: 369/400
Job 79: 370/400
Job 79: 371/400
Job 79: 372/400
Job 79: 373/400
Job 79: 374/400
Job 79: 375/400
Job 79: 376/400
Job 79: 377/400
Job 79: 378/400
Job 79: 379/400
Job 79: 380/400
Job 79: 381/400
Job 79: 382/400
Job 79: 383/400
Job 79: 384/400
Job 79: 385/400
Job 79: 386/400
Job 79: 387/400
Job 79: 388/400
Job 79: 389/400
Job 79: 390/400
Job 79: 391/400
Job 79: 392/400
Job 79: 393/400
Job 79: 394/400
Job 79: 395/400
Job 79: 396/400
Job 79: 397/400
Job 79: 398/400
Job 79: 399/400
Job 79: 400/400
