Registered S3 methods overwritten by 'susieSlide':
  method              from  
  coef.susie          susieR
  predict.susie       susieR
  print.summary.susie susieR
  summary.susie       susieR
Job 650: 1/400
Job 650: 2/400
Job 650: 3/400
Job 650: 4/400
Job 650: 5/400
Job 650: 6/400
Job 650: 7/400
Job 650: 8/400
Job 650: 9/400
Job 650: 10/400
Job 650: 11/400
Job 650: 12/400
Job 650: 13/400
Job 650: 14/400
Job 650: 15/400
Job 650: 16/400
Job 650: 17/400
Job 650: 18/400
Job 650: 19/400 ERROR: No .raw files found in temp_dir.
Job 650: 20/400 ERROR: No .raw files found in temp_dir.
Job 650: 21/400 ERROR: No .raw files found in temp_dir.
Job 650: 22/400 ERROR: No .raw files found in temp_dir.
Job 650: 23/400 ERROR: No .raw files found in temp_dir.
Job 650: 24/400 ERROR: No .raw files found in temp_dir.
Job 650: 25/400 ERROR: No .raw files found in temp_dir.
Job 650: 26/400 ERROR: No .raw files found in temp_dir.
Job 650: 27/400 ERROR: No .raw files found in temp_dir.
Job 650: 28/400 ERROR: No .raw files found in temp_dir.
Job 650: 29/400 ERROR: No .raw files found in temp_dir.
Job 650: 30/400 ERROR: No .raw files found in temp_dir.
Job 650: 31/400 ERROR: No .raw files found in temp_dir.
Job 650: 32/400 ERROR: No .raw files found in temp_dir.
Job 650: 33/400 ERROR: No .raw files found in temp_dir.
Job 650: 34/400 ERROR: No .raw files found in temp_dir.
Job 650: 35/400 ERROR: No .raw files found in temp_dir.
Job 650: 36/400 ERROR: No .raw files found in temp_dir.
Job 650: 37/400 ERROR: No .raw files found in temp_dir.
Job 650: 38/400 ERROR: No .raw files found in temp_dir.
Job 650: 39/400 ERROR: No .raw files found in temp_dir.
Job 650: 40/400 ERROR: No .raw files found in temp_dir.
Job 650: 41/400 ERROR: No .raw files found in temp_dir.
Job 650: 42/400 ERROR: No .raw files found in temp_dir.
Job 650: 43/400 ERROR: No .raw files found in temp_dir.
Job 650: 44/400 ERROR: No .raw files found in temp_dir.
Job 650: 45/400 ERROR: No .raw files found in temp_dir.
Job 650: 46/400 ERROR: No .raw files found in temp_dir.
Job 650: 47/400 ERROR: No .raw files found in temp_dir.
Job 650: 48/400 ERROR: No .raw files found in temp_dir.
Job 650: 49/400 ERROR: No .raw files found in temp_dir.
Job 650: 50/400 ERROR: No .raw files found in temp_dir.
Job 650: 51/400 ERROR: No .raw files found in temp_dir.
Job 650: 52/400 ERROR: No .raw files found in temp_dir.
Job 650: 53/400 ERROR: No .raw files found in temp_dir.
Job 650: 54/400 ERROR: No .raw files found in temp_dir.
Job 650: 55/400 ERROR: No .raw files found in temp_dir.
Job 650: 56/400 ERROR: No .raw files found in temp_dir.
Job 650: 57/400 ERROR: No .raw files found in temp_dir.
Job 650: 58/400 ERROR: No .raw files found in temp_dir.
Job 650: 59/400 ERROR: No .raw files found in temp_dir.
Job 650: 60/400 ERROR: No .raw files found in temp_dir.
Job 650: 61/400 ERROR: No .raw files found in temp_dir.
Job 650: 62/400 ERROR: No .raw files found in temp_dir.
Job 650: 63/400 ERROR: No .raw files found in temp_dir.
Job 650: 64/400 ERROR: No .raw files found in temp_dir.
Job 650: 65/400 ERROR: No .raw files found in temp_dir.
Job 650: 66/400 ERROR: No .raw files found in temp_dir.
Job 650: 67/400 ERROR: No .raw files found in temp_dir.
Job 650: 68/400 ERROR: No .raw files found in temp_dir.
Job 650: 69/400 ERROR: No .raw files found in temp_dir.
Job 650: 70/400 ERROR: No .raw files found in temp_dir.
Job 650: 71/400 ERROR: No .raw files found in temp_dir.
Job 650: 72/400 ERROR: No .raw files found in temp_dir.
Job 650: 73/400 ERROR: No .raw files found in temp_dir.
Job 650: 74/400 ERROR: No .raw files found in temp_dir.
Job 650: 75/400 ERROR: No .raw files found in temp_dir.
Job 650: 76/400 ERROR: No .raw files found in temp_dir.
Job 650: 77/400 ERROR: No .raw files found in temp_dir.
Job 650: 78/400 ERROR: object 'target_gene' not found
Job 650: 79/400 ERROR: Not enough donors for the requested n.
Job 650: 80/400
Job 650: 81/400
Job 650: 82/400
Job 650: 83/400
Job 650: 84/400
Job 650: 85/400
Job 650: 86/400
Job 650: 87/400
Job 650: 88/400
Job 650: 89/400
Job 650: 90/400
Job 650: 91/400
Job 650: 92/400
Job 650: 93/400
Job 650: 94/400
Job 650: 95/400
Job 650: 96/400
Job 650: 97/400
Job 650: 98/400
Job 650: 99/400
Job 650: 100/400
Job 650: 101/400
Job 650: 102/400
Job 650: 103/400
Job 650: 104/400 ERROR: No .raw files found in temp_dir.
Job 650: 105/400 ERROR: No .raw files found in temp_dir.
Job 650: 106/400 ERROR: No .raw files found in temp_dir.
Job 650: 107/400 ERROR: No .raw files found in temp_dir.
Job 650: 108/400 ERROR: No .raw files found in temp_dir.
Job 650: 109/400 ERROR: No .raw files found in temp_dir.
Job 650: 110/400 ERROR: No .raw files found in temp_dir.
Job 650: 111/400 ERROR: No .raw files found in temp_dir.
Job 650: 112/400 ERROR: No .raw files found in temp_dir.
Job 650: 113/400 ERROR: No .raw files found in temp_dir.
Job 650: 114/400 ERROR: No .raw files found in temp_dir.
Job 650: 115/400 ERROR: No .raw files found in temp_dir.
Job 650: 116/400 ERROR: No .raw files found in temp_dir.
Job 650: 117/400 ERROR: No .raw files found in temp_dir.
Job 650: 118/400 ERROR: No .raw files found in temp_dir.
Job 650: 119/400 ERROR: No .raw files found in temp_dir.
Job 650: 120/400 ERROR: No .raw files found in temp_dir.
Job 650: 121/400 ERROR: No .raw files found in temp_dir.
Job 650: 122/400 ERROR: No .raw files found in temp_dir.
Job 650: 123/400 ERROR: No .raw files found in temp_dir.
Job 650: 124/400 ERROR: No .raw files found in temp_dir.
Job 650: 125/400 ERROR: No .raw files found in temp_dir.
Job 650: 126/400 ERROR: No .raw files found in temp_dir.
Job 650: 127/400 ERROR: No .raw files found in temp_dir.
Job 650: 128/400 ERROR: No .raw files found in temp_dir.
Job 650: 129/400 ERROR: No .raw files found in temp_dir.
Job 650: 130/400 ERROR: No .raw files found in temp_dir.
Job 650: 131/400 ERROR: No .raw files found in temp_dir.
Job 650: 132/400 ERROR: No .raw files found in temp_dir.
Job 650: 133/400 ERROR: No .raw files found in temp_dir.
Job 650: 134/400 ERROR: No .raw files found in temp_dir.
Job 650: 135/400 ERROR: No .raw files found in temp_dir.
Job 650: 136/400 ERROR: No .raw files found in temp_dir.
Job 650: 137/400 ERROR: No .raw files found in temp_dir.
Job 650: 138/400 ERROR: No .raw files found in temp_dir.
Job 650: 139/400 ERROR: No .raw files found in temp_dir.
Job 650: 140/400
Job 650: 141/400
Job 650: 142/400
Job 650: 143/400
Job 650: 144/400
Job 650: 145/400
Job 650: 146/400
Job 650: 147/400
Job 650: 148/400
Job 650: 149/400
Job 650: 150/400
Job 650: 151/400
Job 650: 152/400
Job 650: 153/400
Job 650: 154/400
Job 650: 155/400
Job 650: 156/400
Job 650: 157/400
Job 650: 158/400
Job 650: 159/400
Job 650: 160/400
Job 650: 161/400
Job 650: 162/400
Job 650: 163/400 ERROR: No .raw files found in temp_dir.
Job 650: 164/400 ERROR: No .raw files found in temp_dir.
Job 650: 165/400 ERROR: No .raw files found in temp_dir.
Job 650: 166/400 ERROR: No .raw files found in temp_dir.
Job 650: 167/400 ERROR: No .raw files found in temp_dir.
Job 650: 168/400 ERROR: No .raw files found in temp_dir.
Job 650: 169/400 ERROR: No .raw files found in temp_dir.
Job 650: 170/400 ERROR: No .raw files found in temp_dir.
Job 650: 171/400 ERROR: No .raw files found in temp_dir.
Job 650: 172/400 ERROR: No .raw files found in temp_dir.
Job 650: 173/400 ERROR: No .raw files found in temp_dir.
Job 650: 174/400 ERROR: No .raw files found in temp_dir.
Job 650: 175/400 ERROR: No .raw files found in temp_dir.
Job 650: 176/400 ERROR: No .raw files found in temp_dir.
Job 650: 177/400 ERROR: No .raw files found in temp_dir.
Job 650: 178/400 ERROR: No .raw files found in temp_dir.
Job 650: 179/400 ERROR: No .raw files found in temp_dir.
Job 650: 180/400 ERROR: No .raw files found in temp_dir.
Job 650: 181/400 ERROR: No .raw files found in temp_dir.
Job 650: 182/400 ERROR: No .raw files found in temp_dir.
Job 650: 183/400 ERROR: No .raw files found in temp_dir.
Job 650: 184/400 ERROR: No .raw files found in temp_dir.
Job 650: 185/400 ERROR: No .raw files found in temp_dir.
Job 650: 186/400 ERROR: No .raw files found in temp_dir.
Job 650: 187/400 ERROR: No .raw files found in temp_dir.
Job 650: 188/400 ERROR: No .raw files found in temp_dir.
Job 650: 189/400 ERROR: No .raw files found in temp_dir.
Job 650: 190/400 ERROR: No .raw files found in temp_dir.
Job 650: 191/400 ERROR: No .raw files found in temp_dir.
Job 650: 192/400 ERROR: No .raw files found in temp_dir.
Job 650: 193/400 ERROR: No .raw files found in temp_dir.
Job 650: 194/400 ERROR: No .raw files found in temp_dir.
Job 650: 195/400 ERROR: No .raw files found in temp_dir.
Job 650: 196/400 ERROR: No .raw files found in temp_dir.
Job 650: 197/400 ERROR: No .raw files found in temp_dir.
Job 650: 198/400 ERROR: No .raw files found in temp_dir.
Job 650: 199/400 ERROR: No .raw files found in temp_dir.
Job 650: 200/400 ERROR: No .raw files found in temp_dir.
Job 650: 201/400 ERROR: No .raw files found in temp_dir.
Job 650: 202/400 ERROR: No .raw files found in temp_dir.
Job 650: 203/400 ERROR: No .raw files found in temp_dir.
Job 650: 204/400 ERROR: No .raw files found in temp_dir.
Job 650: 205/400 ERROR: No .raw files found in temp_dir.
Job 650: 206/400 ERROR: No .raw files found in temp_dir.
Job 650: 207/400 ERROR: No .raw files found in temp_dir.
Job 650: 208/400 ERROR: No .raw files found in temp_dir.
Job 650: 209/400 ERROR: No .raw files found in temp_dir.
Job 650: 210/400 ERROR: No .raw files found in temp_dir.
Job 650: 211/400 ERROR: No .raw files found in temp_dir.
Job 650: 212/400 ERROR: No .raw files found in temp_dir.
Job 650: 213/400 ERROR: No .raw files found in temp_dir.
Job 650: 214/400 ERROR: No .raw files found in temp_dir.
Job 650: 215/400 ERROR: No .raw files found in temp_dir.
Job 650: 216/400 ERROR: No .raw files found in temp_dir.
Job 650: 217/400 ERROR: No .raw files found in temp_dir.
Job 650: 218/400 ERROR: No .raw files found in temp_dir.
Job 650: 219/400 ERROR: No .raw files found in temp_dir.
Job 650: 220/400 ERROR: No .raw files found in temp_dir.
Job 650: 221/400 ERROR: No .raw files found in temp_dir.
Job 650: 222/400 ERROR: No .raw files found in temp_dir.
Job 650: 223/400 ERROR: No .raw files found in temp_dir.
Job 650: 224/400 ERROR: No .raw files found in temp_dir.
Job 650: 225/400 ERROR: No .raw files found in temp_dir.
Job 650: 226/400 ERROR: No .raw files found in temp_dir.
Job 650: 227/400 ERROR: No .raw files found in temp_dir.
Job 650: 228/400 ERROR: No .raw files found in temp_dir.
Job 650: 229/400 ERROR: No .raw files found in temp_dir.
Job 650: 230/400 ERROR: No .raw files found in temp_dir.
Job 650: 231/400 ERROR: No .raw files found in temp_dir.
Job 650: 232/400 ERROR: No .raw files found in temp_dir.
Job 650: 233/400 ERROR: No .raw files found in temp_dir.
Job 650: 234/400 ERROR: No .raw files found in temp_dir.
Job 650: 235/400 ERROR: No .raw files found in temp_dir.
Job 650: 236/400 ERROR: No .raw files found in temp_dir.
Job 650: 237/400 ERROR: No .raw files found in temp_dir.
Job 650: 238/400 ERROR: No .raw files found in temp_dir.
Job 650: 239/400 ERROR: No .raw files found in temp_dir.
Job 650: 240/400 ERROR: No .raw files found in temp_dir.
Job 650: 241/400 ERROR: No .raw files found in temp_dir.
Job 650: 242/400 ERROR: No .raw files found in temp_dir.
Job 650: 243/400 ERROR: No .raw files found in temp_dir.
Job 650: 244/400 ERROR: No .raw files found in temp_dir.
Job 650: 245/400 ERROR: No .raw files found in temp_dir.
Job 650: 246/400 ERROR: No .raw files found in temp_dir.
Job 650: 247/400 ERROR: No .raw files found in temp_dir.
Job 650: 248/400 ERROR: No .raw files found in temp_dir.
Job 650: 249/400 ERROR: No .raw files found in temp_dir.
Job 650: 250/400 ERROR: No .raw files found in temp_dir.
Job 650: 251/400 ERROR: No .raw files found in temp_dir.
Job 650: 252/400 ERROR: No .raw files found in temp_dir.
Job 650: 253/400 ERROR: No .raw files found in temp_dir.
Job 650: 254/400 ERROR: No .raw files found in temp_dir.
Job 650: 255/400 ERROR: No .raw files found in temp_dir.
Job 650: 256/400 ERROR: No .raw files found in temp_dir.
Job 650: 257/400 ERROR: No .raw files found in temp_dir.
Job 650: 258/400 ERROR: No .raw files found in temp_dir.
Job 650: 259/400 ERROR: No .raw files found in temp_dir.
Job 650: 260/400 ERROR: No .raw files found in temp_dir.
Job 650: 261/400 ERROR: No .raw files found in temp_dir.
Job 650: 262/400 ERROR: No .raw files found in temp_dir.
Job 650: 263/400 ERROR: No .raw files found in temp_dir.
Job 650: 264/400 ERROR: No .raw files found in temp_dir.
Job 650: 265/400 ERROR: No .raw files found in temp_dir.
Job 650: 266/400 ERROR: No .raw files found in temp_dir.
Job 650: 267/400 ERROR: No .raw files found in temp_dir.
Job 650: 268/400 ERROR: No .raw files found in temp_dir.
Job 650: 269/400 ERROR: No .raw files found in temp_dir.
Job 650: 270/400 ERROR: No .raw files found in temp_dir.
Job 650: 271/400 ERROR: No .raw files found in temp_dir.
Job 650: 272/400 ERROR: No .raw files found in temp_dir.
Job 650: 273/400 ERROR: No .raw files found in temp_dir.
Job 650: 274/400 ERROR: No .raw files found in temp_dir.
Job 650: 275/400 ERROR: No .raw files found in temp_dir.
Job 650: 276/400 ERROR: No .raw files found in temp_dir.
Job 650: 277/400 ERROR: No .raw files found in temp_dir.
Job 650: 278/400 ERROR: No .raw files found in temp_dir.
Job 650: 279/400 ERROR: No .raw files found in temp_dir.
Job 650: 280/400 ERROR: No .raw files found in temp_dir.
Job 650: 281/400 ERROR: No .raw files found in temp_dir.
Job 650: 282/400 ERROR: No .raw files found in temp_dir.
Job 650: 283/400 ERROR: No .raw files found in temp_dir.
Job 650: 284/400 ERROR: No .raw files found in temp_dir.
Job 650: 285/400 ERROR: No .raw files found in temp_dir.
Job 650: 286/400 ERROR: No .raw files found in temp_dir.
Job 650: 287/400 ERROR: No .raw files found in temp_dir.
Job 650: 288/400 ERROR: No .raw files found in temp_dir.
Job 650: 289/400 ERROR: No .raw files found in temp_dir.
Job 650: 290/400 ERROR: No .raw files found in temp_dir.
Job 650: 291/400 ERROR: No .raw files found in temp_dir.
Job 650: 292/400 ERROR: No .raw files found in temp_dir.
Job 650: 293/400 ERROR: No .raw files found in temp_dir.
Job 650: 294/400 ERROR: No .raw files found in temp_dir.
Job 650: 295/400 ERROR: No .raw files found in temp_dir.
Job 650: 296/400 ERROR: No .raw files found in temp_dir.
Job 650: 297/400 ERROR: No .raw files found in temp_dir.
Job 650: 298/400 ERROR: No .raw files found in temp_dir.
Job 650: 299/400 ERROR: No .raw files found in temp_dir.
Job 650: 300/400 ERROR: No .raw files found in temp_dir.
Job 650: 301/400 ERROR: No .raw files found in temp_dir.
Job 650: 302/400 ERROR: No .raw files found in temp_dir.
Job 650: 303/400 ERROR: No .raw files found in temp_dir.
Job 650: 304/400 ERROR: No .raw files found in temp_dir.
Job 650: 305/400 ERROR: No .raw files found in temp_dir.
Job 650: 306/400 ERROR: No .raw files found in temp_dir.
Job 650: 307/400 ERROR: No .raw files found in temp_dir.
Job 650: 308/400 ERROR: No .raw files found in temp_dir.
Job 650: 309/400 ERROR: No .raw files found in temp_dir.
Job 650: 310/400 ERROR: No .raw files found in temp_dir.
Job 650: 311/400 ERROR: No .raw files found in temp_dir.
Job 650: 312/400 ERROR: No .raw files found in temp_dir.
Job 650: 313/400 ERROR: No .raw files found in temp_dir.
Job 650: 314/400 ERROR: No .raw files found in temp_dir.
Job 650: 315/400 ERROR: No .raw files found in temp_dir.
Job 650: 316/400 ERROR: No .raw files found in temp_dir.
Job 650: 317/400 ERROR: No .raw files found in temp_dir.
Job 650: 318/400 ERROR: No .raw files found in temp_dir.
Job 650: 319/400 ERROR: No .raw files found in temp_dir.
Job 650: 320/400 ERROR: No .raw files found in temp_dir.
Job 650: 321/400 ERROR: No .raw files found in temp_dir.
Job 650: 322/400 ERROR: No .raw files found in temp_dir.
Job 650: 323/400 ERROR: No .raw files found in temp_dir.
Job 650: 324/400 ERROR: No .raw files found in temp_dir.
Job 650: 325/400 ERROR: No .raw files found in temp_dir.
Job 650: 326/400 ERROR: No .raw files found in temp_dir.
Job 650: 327/400 ERROR: No .raw files found in temp_dir.
Job 650: 328/400 ERROR: No .raw files found in temp_dir.
Job 650: 329/400 ERROR: No .raw files found in temp_dir.
Job 650: 330/400 ERROR: No .raw files found in temp_dir.
Job 650: 331/400 ERROR: No .raw files found in temp_dir.
Job 650: 332/400 ERROR: No .raw files found in temp_dir.
Job 650: 333/400 ERROR: No .raw files found in temp_dir.
Job 650: 334/400 ERROR: No .raw files found in temp_dir.
Job 650: 335/400 ERROR: No .raw files found in temp_dir.
Job 650: 336/400 ERROR: No .raw files found in temp_dir.
Job 650: 337/400 ERROR: No .raw files found in temp_dir.
Job 650: 338/400 ERROR: No .raw files found in temp_dir.
Job 650: 339/400 ERROR: No .raw files found in temp_dir.
Job 650: 340/400 ERROR: No .raw files found in temp_dir.
Job 650: 341/400 ERROR: No .raw files found in temp_dir.
Job 650: 342/400 ERROR: No .raw files found in temp_dir.
Job 650: 343/400 ERROR: No .raw files found in temp_dir.
Job 650: 344/400 ERROR: No .raw files found in temp_dir.
Job 650: 345/400 ERROR: No .raw files found in temp_dir.
Job 650: 346/400 ERROR: No .raw files found in temp_dir.
Job 650: 347/400 ERROR: No .raw files found in temp_dir.
Job 650: 348/400 ERROR: No .raw files found in temp_dir.
Job 650: 349/400 ERROR: No .raw files found in temp_dir.
Job 650: 350/400 ERROR: No .raw files found in temp_dir.
Job 650: 351/400 ERROR: No .raw files found in temp_dir.
Job 650: 352/400 ERROR: No .raw files found in temp_dir.
Job 650: 353/400 ERROR: No .raw files found in temp_dir.
Job 650: 354/400 ERROR: No .raw files found in temp_dir.
Job 650: 355/400 ERROR: No .raw files found in temp_dir.
Job 650: 356/400 ERROR: No .raw files found in temp_dir.
Job 650: 357/400 ERROR: No .raw files found in temp_dir.
Job 650: 358/400 ERROR: No .raw files found in temp_dir.
Job 650: 359/400 ERROR: No .raw files found in temp_dir.
Job 650: 360/400 ERROR: No .raw files found in temp_dir.
Job 650: 361/400 ERROR: No .raw files found in temp_dir.
Job 650: 362/400 ERROR: No .raw files found in temp_dir.
Job 650: 363/400 ERROR: No .raw files found in temp_dir.
Job 650: 364/400 ERROR: No .raw files found in temp_dir.
Job 650: 365/400 ERROR: No .raw files found in temp_dir.
Job 650: 366/400 ERROR: No .raw files found in temp_dir.
Job 650: 367/400 ERROR: No .raw files found in temp_dir.
Job 650: 368/400 ERROR: No .raw files found in temp_dir.
Job 650: 369/400 ERROR: No .raw files found in temp_dir.
Job 650: 370/400 ERROR: No .raw files found in temp_dir.
Job 650: 371/400 ERROR: No .raw files found in temp_dir.
Job 650: 372/400 ERROR: No .raw files found in temp_dir.
Job 650: 373/400 ERROR: No .raw files found in temp_dir.
Job 650: 374/400 ERROR: No .raw files found in temp_dir.
Job 650: 375/400 ERROR: No .raw files found in temp_dir.
Job 650: 376/400 ERROR: No .raw files found in temp_dir.
Job 650: 377/400 ERROR: No .raw files found in temp_dir.
Job 650: 378/400 ERROR: No .raw files found in temp_dir.
Job 650: 379/400 ERROR: No .raw files found in temp_dir.
Job 650: 380/400 ERROR: No .raw files found in temp_dir.
Job 650: 381/400 ERROR: No .raw files found in temp_dir.
Job 650: 382/400 ERROR: No .raw files found in temp_dir.
Job 650: 383/400 ERROR: No .raw files found in temp_dir.
Job 650: 384/400 ERROR: No .raw files found in temp_dir.
Job 650: 385/400 ERROR: No .raw files found in temp_dir.
Job 650: 386/400 ERROR: No .raw files found in temp_dir.
Job 650: 387/400 ERROR: No .raw files found in temp_dir.
Job 650: 388/400 ERROR: No .raw files found in temp_dir.
Job 650: 389/400 ERROR: No .raw files found in temp_dir.
Job 650: 390/400 ERROR: No .raw files found in temp_dir.
Job 650: 391/400 ERROR: No .raw files found in temp_dir.
Job 650: 392/400 ERROR: No .raw files found in temp_dir.
Job 650: 393/400 ERROR: No .raw files found in temp_dir.
Job 650: 394/400 ERROR: No .raw files found in temp_dir.
Job 650: 395/400 ERROR: No .raw files found in temp_dir.
Job 650: 396/400 ERROR: No .raw files found in temp_dir.
Job 650: 397/400 ERROR: No .raw files found in temp_dir.
Job 650: 398/400 ERROR: No .raw files found in temp_dir.
Job 650: 399/400 ERROR: No .raw files found in temp_dir.
Job 650: 400/400 ERROR: No .raw files found in temp_dir.
Warning messages:
1: In data.table::fread(raw_file, data.table = FALSE) :
  Discarded single-line footer: <<0	GTEX-17JCI	0	0	0	-9	2	2	2	2	2	0	2	2	2	2	2	2	0	2	2	2	2	2	2	2	2	2	2	2	2	2	2	2	0	2	0	2	2	2	0	2	2	0	2	2	2	2	2	2	2	2	2	2	2	2	2	2	2	2	2	0	2	2	2	2	2	2	2	2	2	2	2	2	2	2	2	2	2	0	2	2	2	0	2	2	2	2	2	2	2	2	2	2	2	2	0	2	2	2	2	2	2	2	2	2	2	2	2	2	0	2	2	2	2	2	2	2	2	0	2	2	2	2	2	2	2	2	2	2	2	2	2	2	2	0	2	2	2	2	2	2	2	2	0	2	0	2	0	2	2	2	2	2	2	2	2	2	2	2	2	2	2	2	2	2	2	2	2	2	2	2	2	2	2	2	2	2	2	2	2	2	2	2	2	2	2	2	2	2	2	2	2	2	2	2	2	2	2	2	2	2	2	2	2	2	2	2	2	2	2	2	2	2	2	2	2	2	2	2	2	2	2	2	2	2	2	2	2	2	2	2	2	2	2	2	2	2	2	2	2	2	2	2	2	>>
2: In data.table::fread(raw_file, data.table = FALSE) :
  Discarded single-line footer: <<0	GTEX-Y5V6	0	0	0	-9	2	2	1	2	2	2	2	2	2	2	2	2	2	2	2	2	2	2	2	2	2	2	2	1	1	2	2	2	2	2	1	2	2	2	2	2	2	2	2	2	2	2	2	2	2	2	2	2	2	2	2	2	1	2	2	2	2	2	2	2	2	2	2	2	2	2	2	2	2	2	2	2	2	2	2	2	2	1	2	2	2	2	2	2	2	2	2	2	2	2	2	2	1	2	1	2	2	2	2	2	2	2	2	1	2	1	2	2	2	2	2	2	2	2	2	2	2	2	2	2	2	2	2	2	2	2	2	2	2	2	2	2	2	2	2	1	2	2	2	2	2	2	2	2	2	2	2	2	1	2	2	1	2	2	2	2	2	2	2	2	2	2	2	2	1	2	2	2	2	2	2	2	2	2	2	2	2	2	2	2	2	1	2	2	2	2	2	2	1	0	2	2	2	2	2	2	2	2	2	2	2	2	2	2	2	2	2	1	2	2	2	2	2	2	0	2	2	2	2	2	2	2	1	2	2	2	2	2	2	2	2	2	2	2	2	2	2	2	2	2>>
