Registered S3 methods overwritten by 'susieSlide':
  method              from  
  coef.susie          susieR
  predict.susie       susieR
  print.summary.susie susieR
  summary.susie       susieR
Job 123: 1/400
Job 123: 2/400
Job 123: 3/400
Job 123: 4/400
Job 123: 5/400
Job 123: 6/400
Job 123: 7/400
Job 123: 8/400
Job 123: 9/400
Job 123: 10/400
Job 123: 11/400
Job 123: 12/400
Job 123: 13/400
Job 123: 14/400
Job 123: 15/400
Job 123: 16/400
Job 123: 17/400
Job 123: 18/400
Job 123: 19/400
Job 123: 20/400
Job 123: 21/400
Job 123: 22/400
Job 123: 23/400
Job 123: 24/400
Job 123: 25/400
Job 123: 26/400
Job 123: 27/400
Job 123: 28/400
Job 123: 29/400
Job 123: 30/400
Job 123: 31/400
Job 123: 32/400
Job 123: 33/400
Job 123: 34/400
Job 123: 35/400
Job 123: 36/400
Job 123: 37/400
Job 123: 38/400
Job 123: 39/400
Job 123: 40/400
Job 123: 41/400
Job 123: 42/400
Job 123: 43/400
Job 123: 44/400
Job 123: 45/400
Job 123: 46/400
Job 123: 47/400
Job 123: 48/400
Job 123: 49/400
Job 123: 50/400
Job 123: 51/400
Job 123: 52/400
Job 123: 53/400
Job 123: 54/400
Job 123: 55/400
Job 123: 56/400
Job 123: 57/400
Job 123: 58/400
Job 123: 59/400
Job 123: 60/400
Job 123: 61/400
Job 123: 62/400
Job 123: 63/400
Job 123: 64/400
Job 123: 65/400
Job 123: 66/400
Job 123: 67/400
Job 123: 68/400
Job 123: 69/400
Job 123: 70/400
Job 123: 71/400
Job 123: 72/400
Job 123: 73/400
Job 123: 74/400
Job 123: 75/400
Job 123: 76/400
Job 123: 77/400
Job 123: 78/400
Job 123: 79/400
Job 123: 80/400
Job 123: 81/400
Job 123: 82/400
Job 123: 83/400
Job 123: 84/400
Job 123: 85/400
Job 123: 86/400
Job 123: 87/400
Job 123: 88/400
Job 123: 89/400
Job 123: 90/400
Job 123: 91/400
Job 123: 92/400
Job 123: 93/400
Job 123: 94/400
Job 123: 95/400
Job 123: 96/400
Job 123: 97/400
Job 123: 98/400
Job 123: 99/400
Job 123: 100/400
Job 123: 101/400
Job 123: 102/400
Job 123: 103/400
Job 123: 104/400
Job 123: 105/400
Job 123: 106/400
Job 123: 107/400
Job 123: 108/400
Job 123: 109/400
Job 123: 110/400
Job 123: 111/400
Job 123: 112/400
Job 123: 113/400
Job 123: 114/400
Job 123: 115/400
Job 123: 116/400
Job 123: 117/400
Job 123: 118/400
Job 123: 119/400
Job 123: 120/400
Job 123: 121/400
Job 123: 122/400
Job 123: 123/400
Job 123: 124/400
Job 123: 125/400
Job 123: 126/400
Job 123: 127/400
Job 123: 128/400
Job 123: 129/400
Job 123: 130/400
Job 123: 131/400
Job 123: 132/400
Job 123: 133/400
Job 123: 134/400
Job 123: 135/400
Job 123: 136/400
Job 123: 137/400
Job 123: 138/400
Job 123: 139/400
Job 123: 140/400
Job 123: 141/400
Job 123: 142/400
Job 123: 143/400
Job 123: 144/400
Job 123: 145/400
Job 123: 146/400
Job 123: 147/400
Job 123: 148/400
Job 123: 149/400
Job 123: 150/400
Job 123: 151/400
Job 123: 152/400
Job 123: 153/400
Job 123: 154/400
Job 123: 155/400
Job 123: 156/400
Job 123: 157/400
Job 123: 158/400
Job 123: 159/400
Job 123: 160/400
Job 123: 161/400
Job 123: 162/400
Job 123: 163/400
Job 123: 164/400
Job 123: 165/400
Job 123: 166/400
Job 123: 167/400
Job 123: 168/400
Job 123: 169/400
Job 123: 170/400
Job 123: 171/400
Job 123: 172/400
Job 123: 173/400
Job 123: 174/400
Job 123: 175/400
Job 123: 176/400
Job 123: 177/400
Job 123: 178/400
Job 123: 179/400
Job 123: 180/400
Job 123: 181/400
Job 123: 182/400
Job 123: 183/400
Job 123: 184/400
Job 123: 185/400
Job 123: 186/400
Job 123: 187/400
Job 123: 188/400
Job 123: 189/400
Job 123: 190/400
Job 123: 191/400
Job 123: 192/400
Job 123: 193/400
Job 123: 194/400
Job 123: 195/400
Job 123: 196/400
Job 123: 197/400
Job 123: 198/400
Job 123: 199/400
Job 123: 200/400
Job 123: 201/400
Job 123: 202/400
Job 123: 203/400
Job 123: 204/400
Job 123: 205/400
Job 123: 206/400
Job 123: 207/400
Job 123: 208/400
Job 123: 209/400
Job 123: 210/400
Job 123: 211/400
Job 123: 212/400
Job 123: 213/400
Job 123: 214/400
Job 123: 215/400
Job 123: 216/400
Job 123: 217/400
Job 123: 218/400
Job 123: 219/400
Job 123: 220/400
Job 123: 221/400
Job 123: 222/400
Job 123: 223/400
Job 123: 224/400
Job 123: 225/400
Job 123: 226/400
Job 123: 227/400
Job 123: 228/400
Job 123: 229/400
Job 123: 230/400
Job 123: 231/400
Job 123: 232/400
Job 123: 233/400
Job 123: 234/400
Job 123: 235/400
Job 123: 236/400
Job 123: 237/400
Job 123: 238/400
Job 123: 239/400
Job 123: 240/400
Job 123: 241/400
Job 123: 242/400
Job 123: 243/400
Job 123: 244/400
Job 123: 245/400
Job 123: 246/400
Job 123: 247/400
Job 123: 248/400
Job 123: 249/400
Job 123: 250/400
Job 123: 251/400
Job 123: 252/400
Job 123: 253/400
Job 123: 254/400
Job 123: 255/400
Job 123: 256/400
Job 123: 257/400
Job 123: 258/400
Job 123: 259/400
Job 123: 260/400
Job 123: 261/400
Job 123: 262/400
Job 123: 263/400
Job 123: 264/400
Job 123: 265/400
Job 123: 266/400
Job 123: 267/400
Job 123: 268/400
Job 123: 269/400
Job 123: 270/400
Job 123: 271/400
Job 123: 272/400
Job 123: 273/400
Job 123: 274/400
Job 123: 275/400
Job 123: 276/400
Job 123: 277/400
Job 123: 278/400
Job 123: 279/400
Job 123: 280/400
Job 123: 281/400
Job 123: 282/400
Job 123: 283/400
Job 123: 284/400
Job 123: 285/400
Job 123: 286/400
Job 123: 287/400
Job 123: 288/400
Job 123: 289/400
Job 123: 290/400
Job 123: 291/400
Job 123: 292/400
Job 123: 293/400
Job 123: 294/400
Job 123: 295/400
Job 123: 296/400
Job 123: 297/400
Job 123: 298/400
Job 123: 299/400
Job 123: 300/400
Job 123: 301/400
Job 123: 302/400
Job 123: 303/400
Job 123: 304/400
Job 123: 305/400
Job 123: 306/400
Job 123: 307/400
Job 123: 308/400
Job 123: 309/400
Job 123: 310/400
Job 123: 311/400
Job 123: 312/400
Job 123: 313/400
Job 123: 314/400
Job 123: 315/400
Job 123: 316/400
Job 123: 317/400
Job 123: 318/400
Job 123: 319/400
Job 123: 320/400
Job 123: 321/400
Job 123: 322/400
Job 123: 323/400
Job 123: 324/400
Job 123: 325/400
Job 123: 326/400
Job 123: 327/400
Job 123: 328/400
Job 123: 329/400
Job 123: 330/400
Job 123: 331/400
Job 123: 332/400
Job 123: 333/400
Job 123: 334/400
Job 123: 335/400
Job 123: 336/400
Job 123: 337/400
Job 123: 338/400
Job 123: 339/400
Job 123: 340/400
Job 123: 341/400
Job 123: 342/400
Job 123: 343/400
Job 123: 344/400
Job 123: 345/400
Job 123: 346/400
Job 123: 347/400
Job 123: 348/400
Job 123: 349/400
Job 123: 350/400
Job 123: 351/400
Job 123: 352/400
Job 123: 353/400
Job 123: 354/400
Job 123: 355/400
Job 123: 356/400
Job 123: 357/400
Job 123: 358/400
Job 123: 359/400
Job 123: 360/400
Job 123: 361/400
Job 123: 362/400
Job 123: 363/400
Job 123: 364/400
Job 123: 365/400
Job 123: 366/400
Job 123: 367/400
Job 123: 368/400
Job 123: 369/400
Job 123: 370/400
Job 123: 371/400
Job 123: 372/400
Job 123: 373/400
Job 123: 374/400
Job 123: 375/400
Job 123: 376/400
Job 123: 377/400
Job 123: 378/400
Job 123: 379/400
Job 123: 380/400
Job 123: 381/400
Job 123: 382/400
Job 123: 383/400
Job 123: 384/400
Job 123: 385/400
Job 123: 386/400
Job 123: 387/400
Job 123: 388/400
Job 123: 389/400
Job 123: 390/400
Job 123: 391/400
Job 123: 392/400
Job 123: 393/400
Job 123: 394/400
Job 123: 395/400
Job 123: 396/400
Job 123: 397/400
Job 123: 398/400
Job 123: 399/400
Job 123: 400/400
