Registered S3 methods overwritten by 'susieSlide':
  method              from  
  coef.susie          susieR
  predict.susie       susieR
  print.summary.susie susieR
  summary.susie       susieR
Job 336: 1/400
Job 336: 2/400
Job 336: 3/400
Job 336: 4/400
Job 336: 5/400
Job 336: 6/400
Job 336: 7/400
Job 336: 8/400
Job 336: 9/400
Job 336: 10/400
Job 336: 11/400
Job 336: 12/400
Job 336: 13/400
Job 336: 14/400
Job 336: 15/400
Job 336: 16/400
Job 336: 17/400
Job 336: 18/400
Job 336: 19/400
Job 336: 20/400
Job 336: 21/400
Job 336: 22/400
Job 336: 23/400
Job 336: 24/400
Job 336: 25/400
Job 336: 26/400
Job 336: 27/400
Job 336: 28/400
Job 336: 29/400
Job 336: 30/400
Job 336: 31/400
Job 336: 32/400
Job 336: 33/400
Job 336: 34/400
Job 336: 35/400
Job 336: 36/400
Job 336: 37/400
Job 336: 38/400
Job 336: 39/400
Job 336: 40/400
Job 336: 41/400
Job 336: 42/400
Job 336: 43/400
Job 336: 44/400
Job 336: 45/400
Job 336: 46/400
Job 336: 47/400
Job 336: 48/400
Job 336: 49/400
Job 336: 50/400
Job 336: 51/400
Job 336: 52/400
Job 336: 53/400
Job 336: 54/400
Job 336: 55/400
Job 336: 56/400
Job 336: 57/400
Job 336: 58/400
Job 336: 59/400
Job 336: 60/400
Job 336: 61/400
Job 336: 62/400
Job 336: 63/400
Job 336: 64/400
Job 336: 65/400
Job 336: 66/400
Job 336: 67/400
Job 336: 68/400
Job 336: 69/400
Job 336: 70/400
Job 336: 71/400
Job 336: 72/400
Job 336: 73/400
Job 336: 74/400
Job 336: 75/400
Job 336: 76/400
Job 336: 77/400
Job 336: 78/400
Job 336: 79/400
Job 336: 80/400
Job 336: 81/400
Job 336: 82/400
Job 336: 83/400
Job 336: 84/400
Job 336: 85/400
Job 336: 86/400
Job 336: 87/400
Job 336: 88/400
Job 336: 89/400
Job 336: 90/400
Job 336: 91/400
Job 336: 92/400
Job 336: 93/400
Job 336: 94/400
Job 336: 95/400
Job 336: 96/400
Job 336: 97/400
Job 336: 98/400
Job 336: 99/400
Job 336: 100/400
Job 336: 101/400
Job 336: 102/400
Job 336: 103/400
Job 336: 104/400
Job 336: 105/400
Job 336: 106/400
Job 336: 107/400
Job 336: 108/400
Job 336: 109/400
Job 336: 110/400
Job 336: 111/400
Job 336: 112/400
Job 336: 113/400
Job 336: 114/400
Job 336: 115/400
Job 336: 116/400
Job 336: 117/400
Job 336: 118/400
Job 336: 119/400
Job 336: 120/400
Job 336: 121/400
Job 336: 122/400
Job 336: 123/400
Job 336: 124/400
Job 336: 125/400
Job 336: 126/400
Job 336: 127/400
Job 336: 128/400
Job 336: 129/400
Job 336: 130/400
Job 336: 131/400
Job 336: 132/400
Job 336: 133/400
Job 336: 134/400
Job 336: 135/400
Job 336: 136/400
Job 336: 137/400
Job 336: 138/400
Job 336: 139/400
Job 336: 140/400
Job 336: 141/400
Job 336: 142/400
Job 336: 143/400
Job 336: 144/400
Job 336: 145/400
Job 336: 146/400
Job 336: 147/400
Job 336: 148/400
Job 336: 149/400
Job 336: 150/400
Job 336: 151/400
Job 336: 152/400
Job 336: 153/400
Job 336: 154/400
Job 336: 155/400
Job 336: 156/400
Job 336: 157/400
Job 336: 158/400
Job 336: 159/400
Job 336: 160/400
Job 336: 161/400
Job 336: 162/400
Job 336: 163/400
Job 336: 164/400
Job 336: 165/400
Job 336: 166/400
Job 336: 167/400
Job 336: 168/400
Job 336: 169/400
Job 336: 170/400
Job 336: 171/400
Job 336: 172/400
Job 336: 173/400
Job 336: 174/400
Job 336: 175/400
Job 336: 176/400
Job 336: 177/400
Job 336: 178/400
Job 336: 179/400
Job 336: 180/400
Job 336: 181/400
Job 336: 182/400
Job 336: 183/400
Job 336: 184/400
Job 336: 185/400
Job 336: 186/400
Job 336: 187/400
Job 336: 188/400
Job 336: 189/400
Job 336: 190/400
Job 336: 191/400
Job 336: 192/400
Job 336: 193/400
Job 336: 194/400
Job 336: 195/400
Job 336: 196/400
Job 336: 197/400
Job 336: 198/400
Job 336: 199/400
Job 336: 200/400
Job 336: 201/400
Job 336: 202/400
Job 336: 203/400
Job 336: 204/400
Job 336: 205/400
Job 336: 206/400
Job 336: 207/400
Job 336: 208/400
Job 336: 209/400
Job 336: 210/400
Job 336: 211/400
Job 336: 212/400
Job 336: 213/400
Job 336: 214/400
Job 336: 215/400
Job 336: 216/400
Job 336: 217/400
Job 336: 218/400
Job 336: 219/400
Job 336: 220/400
Job 336: 221/400
Job 336: 222/400
Job 336: 223/400
Job 336: 224/400
Job 336: 225/400
Job 336: 226/400
Job 336: 227/400
Job 336: 228/400
Job 336: 229/400
Job 336: 230/400
Job 336: 231/400
Job 336: 232/400
Job 336: 233/400
Job 336: 234/400
Job 336: 235/400
Job 336: 236/400
Job 336: 237/400
Job 336: 238/400
Job 336: 239/400
Job 336: 240/400
Job 336: 241/400
Job 336: 242/400
Job 336: 243/400
Job 336: 244/400
Job 336: 245/400
Job 336: 246/400
Job 336: 247/400
Job 336: 248/400
Job 336: 249/400
Job 336: 250/400
Job 336: 251/400
Job 336: 252/400
Job 336: 253/400
Job 336: 254/400
Job 336: 255/400
Job 336: 256/400
Job 336: 257/400
Job 336: 258/400
Job 336: 259/400
Job 336: 260/400
Job 336: 261/400
Job 336: 262/400
Job 336: 263/400
Job 336: 264/400
Job 336: 265/400
Job 336: 266/400
Job 336: 267/400
Job 336: 268/400
Job 336: 269/400
Job 336: 270/400
Job 336: 271/400
Job 336: 272/400
Job 336: 273/400
Job 336: 274/400
Job 336: 275/400
Job 336: 276/400
Job 336: 277/400
Job 336: 278/400
Job 336: 279/400
Job 336: 280/400
Job 336: 281/400
Job 336: 282/400
Job 336: 283/400
Job 336: 284/400
Job 336: 285/400
Job 336: 286/400
Job 336: 287/400
Job 336: 288/400
Job 336: 289/400
Job 336: 290/400
Job 336: 291/400
Job 336: 292/400
Job 336: 293/400
Job 336: 294/400
Job 336: 295/400
Job 336: 296/400
Job 336: 297/400
Job 336: 298/400
Job 336: 299/400
Job 336: 300/400
Job 336: 301/400
Job 336: 302/400
Job 336: 303/400
Job 336: 304/400
Job 336: 305/400
Job 336: 306/400
Job 336: 307/400
Job 336: 308/400
Job 336: 309/400
Job 336: 310/400
Job 336: 311/400
Job 336: 312/400
Job 336: 313/400
Job 336: 314/400
Job 336: 315/400
Job 336: 316/400
Job 336: 317/400
Job 336: 318/400
Job 336: 319/400
Job 336: 320/400
Job 336: 321/400
Job 336: 322/400
Job 336: 323/400
Job 336: 324/400
Job 336: 325/400
Job 336: 326/400
Job 336: 327/400
Job 336: 328/400
Job 336: 329/400
Job 336: 330/400
Job 336: 331/400
Job 336: 332/400
Job 336: 333/400
Job 336: 334/400
Job 336: 335/400
Job 336: 336/400
Job 336: 337/400
Job 336: 338/400
Job 336: 339/400
Job 336: 340/400
Job 336: 341/400
Job 336: 342/400
Job 336: 343/400
Job 336: 344/400
Job 336: 345/400
Job 336: 346/400
Job 336: 347/400
Job 336: 348/400
Job 336: 349/400
Job 336: 350/400
Job 336: 351/400
Job 336: 352/400
Job 336: 353/400
Job 336: 354/400
Job 336: 355/400
Job 336: 356/400
Job 336: 357/400
Job 336: 358/400
Job 336: 359/400
Job 336: 360/400
Job 336: 361/400
Job 336: 362/400
Job 336: 363/400
Job 336: 364/400
Job 336: 365/400
Job 336: 366/400
Job 336: 367/400
Job 336: 368/400
Job 336: 369/400
Job 336: 370/400
Job 336: 371/400
Job 336: 372/400
Job 336: 373/400
Job 336: 374/400
Job 336: 375/400
Job 336: 376/400
Job 336: 377/400
Job 336: 378/400
Job 336: 379/400
Job 336: 380/400
Job 336: 381/400
Job 336: 382/400
Job 336: 383/400
Job 336: 384/400
Job 336: 385/400
Job 336: 386/400
Job 336: 387/400
Job 336: 388/400
Job 336: 389/400
Job 336: 390/400
Job 336: 391/400
Job 336: 392/400
Job 336: 393/400
Job 336: 394/400
Job 336: 395/400
Job 336: 396/400
Job 336: 397/400
Job 336: 398/400
Job 336: 399/400
Job 336: 400/400
