Registered S3 methods overwritten by 'susieSlide':
  method              from  
  coef.susie          susieR
  predict.susie       susieR
  print.summary.susie susieR
  summary.susie       susieR
Job 605: 1/400
Job 605: 2/400
Job 605: 3/400
Job 605: 4/400
Job 605: 5/400
Job 605: 6/400
Job 605: 7/400
Job 605: 8/400
Job 605: 9/400
Job 605: 10/400
Job 605: 11/400
Job 605: 12/400
Job 605: 13/400
Job 605: 14/400
Job 605: 15/400
Job 605: 16/400
Job 605: 17/400
Job 605: 18/400
Job 605: 19/400
Job 605: 20/400 ERROR: No .raw files found in temp_dir.
Job 605: 21/400 ERROR: No .raw files found in temp_dir.
Job 605: 22/400 ERROR: No .raw files found in temp_dir.
Job 605: 23/400 ERROR: No .raw files found in temp_dir.
Job 605: 24/400 ERROR: No .raw files found in temp_dir.
Job 605: 25/400 ERROR: No .raw files found in temp_dir.
Job 605: 26/400 ERROR: No .raw files found in temp_dir.
Job 605: 27/400 ERROR: No .raw files found in temp_dir.
Job 605: 28/400 ERROR: No .raw files found in temp_dir.
Job 605: 29/400 ERROR: No .raw files found in temp_dir.
Job 605: 30/400 ERROR: No .raw files found in temp_dir.
Job 605: 31/400 ERROR: No .raw files found in temp_dir.
Job 605: 32/400 ERROR: No .raw files found in temp_dir.
Job 605: 33/400 ERROR: No .raw files found in temp_dir.
Job 605: 34/400 ERROR: No .raw files found in temp_dir.
Job 605: 35/400 ERROR: No .raw files found in temp_dir.
Job 605: 36/400 ERROR: No .raw files found in temp_dir.
Job 605: 37/400 ERROR: No .raw files found in temp_dir.
Job 605: 38/400 ERROR: No .raw files found in temp_dir.
Job 605: 39/400 ERROR: No .raw files found in temp_dir.
Job 605: 40/400 ERROR: No .raw files found in temp_dir.
Job 605: 41/400 ERROR: No .raw files found in temp_dir.
Job 605: 42/400 ERROR: No .raw files found in temp_dir.
Job 605: 43/400 ERROR: No .raw files found in temp_dir.
Job 605: 44/400 ERROR: No .raw files found in temp_dir.
Job 605: 45/400 ERROR: No .raw files found in temp_dir.
Job 605: 46/400 ERROR: No .raw files found in temp_dir.
Job 605: 47/400 ERROR: No .raw files found in temp_dir.
Job 605: 48/400 ERROR: No .raw files found in temp_dir.
Job 605: 49/400 ERROR: No .raw files found in temp_dir.
Job 605: 50/400 ERROR: No .raw files found in temp_dir.
Job 605: 51/400 ERROR: No .raw files found in temp_dir.
Job 605: 52/400 ERROR: No .raw files found in temp_dir.
Job 605: 53/400 ERROR: No .raw files found in temp_dir.
Job 605: 54/400 ERROR: No .raw files found in temp_dir.
Job 605: 55/400 ERROR: No .raw files found in temp_dir.
Job 605: 56/400 ERROR: No .raw files found in temp_dir.
Job 605: 57/400 ERROR: No .raw files found in temp_dir.
Job 605: 58/400 ERROR: No .raw files found in temp_dir.
Job 605: 59/400 ERROR: No .raw files found in temp_dir.
Job 605: 60/400 ERROR: No .raw files found in temp_dir.
Job 605: 61/400 ERROR: No .raw files found in temp_dir.
Job 605: 62/400 ERROR: No .raw files found in temp_dir.
Job 605: 63/400 ERROR: No .raw files found in temp_dir.
Job 605: 64/400 ERROR: No .raw files found in temp_dir.
Job 605: 65/400 ERROR: No .raw files found in temp_dir.
Job 605: 66/400 ERROR: No .raw files found in temp_dir.
Job 605: 67/400 ERROR: No .raw files found in temp_dir.
Job 605: 68/400 ERROR: No .raw files found in temp_dir.
Job 605: 69/400 ERROR: No .raw files found in temp_dir.
Job 605: 70/400 ERROR: No .raw files found in temp_dir.
Job 605: 71/400 ERROR: No .raw files found in temp_dir.
Job 605: 72/400 ERROR: No .raw files found in temp_dir.
Job 605: 73/400 ERROR: No .raw files found in temp_dir.
Job 605: 74/400 ERROR: No .raw files found in temp_dir.
Job 605: 75/400 ERROR: No .raw files found in temp_dir.
Job 605: 76/400 ERROR: No .raw files found in temp_dir.
Job 605: 77/400 ERROR: No .raw files found in temp_dir.
Job 605: 78/400 ERROR: No .raw files found in temp_dir.
Job 605: 79/400 ERROR: No .raw files found in temp_dir.
Job 605: 80/400 ERROR: No .raw files found in temp_dir.
Job 605: 81/400 ERROR: No .raw files found in temp_dir.
Job 605: 82/400 ERROR: No .raw files found in temp_dir.
Job 605: 83/400 ERROR: No .raw files found in temp_dir.
Job 605: 84/400 ERROR: No .raw files found in temp_dir.
Job 605: 85/400 ERROR: No .raw files found in temp_dir.
Job 605: 86/400 ERROR: No .raw files found in temp_dir.
Job 605: 87/400 ERROR: No .raw files found in temp_dir.
Job 605: 88/400 ERROR: No .raw files found in temp_dir.
Job 605: 89/400 ERROR: No .raw files found in temp_dir.
Job 605: 90/400 ERROR: No .raw files found in temp_dir.
Job 605: 91/400 ERROR: No .raw files found in temp_dir.
Job 605: 92/400 ERROR: No .raw files found in temp_dir.
Job 605: 93/400 ERROR: No .raw files found in temp_dir.
Job 605: 94/400 ERROR: No .raw files found in temp_dir.
Job 605: 95/400 ERROR: No .raw files found in temp_dir.
Job 605: 96/400 ERROR: No .raw files found in temp_dir.
Job 605: 97/400 ERROR: No .raw files found in temp_dir.
Job 605: 98/400 ERROR: No .raw files found in temp_dir.
Job 605: 99/400 ERROR: No .raw files found in temp_dir.
Job 605: 100/400 ERROR: No .raw files found in temp_dir.
Job 605: 101/400 ERROR: No .raw files found in temp_dir.
Job 605: 102/400 ERROR: No .raw files found in temp_dir.
Job 605: 103/400 ERROR: No .raw files found in temp_dir.
Job 605: 104/400 ERROR: No .raw files found in temp_dir.
Job 605: 105/400 ERROR: No .raw files found in temp_dir.
Job 605: 106/400 ERROR: No .raw files found in temp_dir.
Job 605: 107/400 ERROR: No .raw files found in temp_dir.
Job 605: 108/400 ERROR: No .raw files found in temp_dir.
Job 605: 109/400 ERROR: No .raw files found in temp_dir.
Job 605: 110/400 ERROR: No .raw files found in temp_dir.
Job 605: 111/400 ERROR: No .raw files found in temp_dir.
Job 605: 112/400 ERROR: No .raw files found in temp_dir.
Job 605: 113/400 ERROR: No .raw files found in temp_dir.
Job 605: 114/400 ERROR: No .raw files found in temp_dir.
Job 605: 115/400 ERROR: No .raw files found in temp_dir.
Job 605: 116/400 ERROR: No .raw files found in temp_dir.
Job 605: 117/400 ERROR: No .raw files found in temp_dir.
Job 605: 118/400 ERROR: No .raw files found in temp_dir.
Job 605: 119/400 ERROR: Not enough donors for the requested n.
Job 605: 120/400
Job 605: 121/400
Job 605: 122/400
Job 605: 123/400
Job 605: 124/400
Job 605: 125/400
Job 605: 126/400
Job 605: 127/400
Job 605: 128/400
Job 605: 129/400
Job 605: 130/400
Job 605: 131/400
Job 605: 132/400
Job 605: 133/400
Job 605: 134/400
Job 605: 135/400
Job 605: 136/400
Job 605: 137/400
Job 605: 138/400
Job 605: 139/400
Job 605: 140/400
Job 605: 141/400
Job 605: 142/400
Job 605: 143/400
Job 605: 144/400 ERROR: No .raw files found in temp_dir.
Job 605: 145/400 ERROR: No .raw files found in temp_dir.
Job 605: 146/400 ERROR: No .raw files found in temp_dir.
Job 605: 147/400 ERROR: No .raw files found in temp_dir.
Job 605: 148/400 ERROR: No .raw files found in temp_dir.
Job 605: 149/400 ERROR: No .raw files found in temp_dir.
Job 605: 150/400 ERROR: No .raw files found in temp_dir.
Job 605: 151/400 ERROR: No .raw files found in temp_dir.
Job 605: 152/400 ERROR: No .raw files found in temp_dir.
Job 605: 153/400 ERROR: No .raw files found in temp_dir.
Job 605: 154/400 ERROR: No .raw files found in temp_dir.
Job 605: 155/400 ERROR: No .raw files found in temp_dir.
Job 605: 156/400 ERROR: No .raw files found in temp_dir.
Job 605: 157/400 ERROR: No .raw files found in temp_dir.
Job 605: 158/400 ERROR: No .raw files found in temp_dir.
Job 605: 159/400 ERROR: No .raw files found in temp_dir.
Job 605: 160/400 ERROR: No .raw files found in temp_dir.
Job 605: 161/400 ERROR: No .raw files found in temp_dir.
Job 605: 162/400 ERROR: No .raw files found in temp_dir.
Job 605: 163/400 ERROR: No .raw files found in temp_dir.
Job 605: 164/400 ERROR: No .raw files found in temp_dir.
Job 605: 165/400 ERROR: No .raw files found in temp_dir.
Job 605: 166/400 ERROR: No .raw files found in temp_dir.
Job 605: 167/400 ERROR: No .raw files found in temp_dir.
Job 605: 168/400 ERROR: No .raw files found in temp_dir.
Job 605: 169/400 ERROR: No .raw files found in temp_dir.
Job 605: 170/400 ERROR: No .raw files found in temp_dir.
Job 605: 171/400 ERROR: No .raw files found in temp_dir.
Job 605: 172/400 ERROR: No .raw files found in temp_dir.
Job 605: 173/400 ERROR: No .raw files found in temp_dir.
Job 605: 174/400 ERROR: No .raw files found in temp_dir.
Job 605: 175/400 ERROR: No .raw files found in temp_dir.
Job 605: 176/400 ERROR: No .raw files found in temp_dir.
Job 605: 177/400 ERROR: No .raw files found in temp_dir.
Job 605: 178/400 ERROR: No .raw files found in temp_dir.
Job 605: 179/400 ERROR: No .raw files found in temp_dir.
Job 605: 180/400 ERROR: No .raw files found in temp_dir.
Job 605: 181/400 ERROR: No .raw files found in temp_dir.
Job 605: 182/400 ERROR: No .raw files found in temp_dir.
Job 605: 183/400 ERROR: No .raw files found in temp_dir.
Job 605: 184/400 ERROR: No .raw files found in temp_dir.
Job 605: 185/400 ERROR: No .raw files found in temp_dir.
Job 605: 186/400 ERROR: No .raw files found in temp_dir.
Job 605: 187/400 ERROR: No .raw files found in temp_dir.
Job 605: 188/400 ERROR: No .raw files found in temp_dir.
Job 605: 189/400 ERROR: No .raw files found in temp_dir.
Job 605: 190/400 ERROR: No .raw files found in temp_dir.
Job 605: 191/400 ERROR: No .raw files found in temp_dir.
Job 605: 192/400 ERROR: No .raw files found in temp_dir.
Job 605: 193/400 ERROR: No .raw files found in temp_dir.
Job 605: 194/400 ERROR: No .raw files found in temp_dir.
Job 605: 195/400 ERROR: No .raw files found in temp_dir.
Job 605: 196/400 ERROR: No .raw files found in temp_dir.
Job 605: 197/400 ERROR: No .raw files found in temp_dir.
Job 605: 198/400 ERROR: No .raw files found in temp_dir.
Job 605: 199/400 ERROR: No .raw files found in temp_dir.
Job 605: 200/400 ERROR: No .raw files found in temp_dir.
Job 605: 201/400 ERROR: No .raw files found in temp_dir.
Job 605: 202/400 ERROR: No .raw files found in temp_dir.
Job 605: 203/400 ERROR: No .raw files found in temp_dir.
Job 605: 204/400
Job 605: 205/400
Job 605: 206/400
Job 605: 207/400
Job 605: 208/400
Job 605: 209/400
Job 605: 210/400
Job 605: 211/400
Job 605: 212/400
Job 605: 213/400
Job 605: 214/400
Job 605: 215/400
Job 605: 216/400
Job 605: 217/400
Job 605: 218/400
Job 605: 219/400
Job 605: 220/400
Job 605: 221/400
Job 605: 222/400
Job 605: 223/400
Job 605: 224/400
Job 605: 225/400
Job 605: 226/400
Job 605: 227/400
Job 605: 228/400
Job 605: 229/400 ERROR: No .raw files found in temp_dir.
Job 605: 230/400 ERROR: No .raw files found in temp_dir.
Job 605: 231/400 ERROR: No .raw files found in temp_dir.
Job 605: 232/400 ERROR: No .raw files found in temp_dir.
Job 605: 233/400 ERROR: No .raw files found in temp_dir.
Job 605: 234/400 ERROR: No .raw files found in temp_dir.
Job 605: 235/400 ERROR: No .raw files found in temp_dir.
Job 605: 236/400 ERROR: No .raw files found in temp_dir.
Job 605: 237/400 ERROR: No .raw files found in temp_dir.
Job 605: 238/400 ERROR: No .raw files found in temp_dir.
Job 605: 239/400 ERROR: No .raw files found in temp_dir.
Job 605: 240/400 ERROR: No .raw files found in temp_dir.
Job 605: 241/400 ERROR: No .raw files found in temp_dir.
Job 605: 242/400 ERROR: No .raw files found in temp_dir.
Job 605: 243/400 ERROR: No .raw files found in temp_dir.
Job 605: 244/400 ERROR: No .raw files found in temp_dir.
Job 605: 245/400 ERROR: No .raw files found in temp_dir.
Job 605: 246/400 ERROR: No .raw files found in temp_dir.
Job 605: 247/400 ERROR: No .raw files found in temp_dir.
Job 605: 248/400 ERROR: No .raw files found in temp_dir.
Job 605: 249/400 ERROR: No .raw files found in temp_dir.
Job 605: 250/400 ERROR: No .raw files found in temp_dir.
Job 605: 251/400 ERROR: No .raw files found in temp_dir.
Job 605: 252/400 ERROR: No .raw files found in temp_dir.
Job 605: 253/400 ERROR: No .raw files found in temp_dir.
Job 605: 254/400 ERROR: No .raw files found in temp_dir.
Job 605: 255/400 ERROR: No .raw files found in temp_dir.
Job 605: 256/400 ERROR: No .raw files found in temp_dir.
Job 605: 257/400 ERROR: No .raw files found in temp_dir.
Job 605: 258/400 ERROR: No .raw files found in temp_dir.
Job 605: 259/400 ERROR: No .raw files found in temp_dir.
Job 605: 260/400 ERROR: No .raw files found in temp_dir.
Job 605: 261/400 ERROR: No .raw files found in temp_dir.
Job 605: 262/400 ERROR: No .raw files found in temp_dir.
Job 605: 263/400 ERROR: No .raw files found in temp_dir.
Job 605: 264/400 ERROR: No .raw files found in temp_dir.
Job 605: 265/400 ERROR: No .raw files found in temp_dir.
Job 605: 266/400 ERROR: No .raw files found in temp_dir.
Job 605: 267/400 ERROR: No .raw files found in temp_dir.
Job 605: 268/400 ERROR: No .raw files found in temp_dir.
Job 605: 269/400 ERROR: No .raw files found in temp_dir.
Job 605: 270/400 ERROR: No .raw files found in temp_dir.
Job 605: 271/400 ERROR: No .raw files found in temp_dir.
Job 605: 272/400 ERROR: No .raw files found in temp_dir.
Job 605: 273/400 ERROR: No .raw files found in temp_dir.
Job 605: 274/400 ERROR: No .raw files found in temp_dir.
Job 605: 275/400 ERROR: No .raw files found in temp_dir.
Job 605: 276/400 ERROR: No .raw files found in temp_dir.
Job 605: 277/400 ERROR: No .raw files found in temp_dir.
Job 605: 278/400 ERROR: No .raw files found in temp_dir.
Job 605: 279/400 ERROR: No .raw files found in temp_dir.
Job 605: 280/400 ERROR: No .raw files found in temp_dir.
Job 605: 281/400 ERROR: No .raw files found in temp_dir.
Job 605: 282/400 ERROR: No .raw files found in temp_dir.
Job 605: 283/400 ERROR: No .raw files found in temp_dir.
Job 605: 284/400 ERROR: No .raw files found in temp_dir.
Job 605: 285/400 ERROR: No .raw files found in temp_dir.
Job 605: 286/400 ERROR: No .raw files found in temp_dir.
Job 605: 287/400 ERROR: No .raw files found in temp_dir.
Job 605: 288/400 ERROR: No .raw files found in temp_dir.
Job 605: 289/400 ERROR: No .raw files found in temp_dir.
Job 605: 290/400 ERROR: No .raw files found in temp_dir.
Job 605: 291/400 ERROR: No .raw files found in temp_dir.
Job 605: 292/400 ERROR: No .raw files found in temp_dir.
Job 605: 293/400 ERROR: No .raw files found in temp_dir.
Job 605: 294/400 ERROR: No .raw files found in temp_dir.
Job 605: 295/400 ERROR: No .raw files found in temp_dir.
Job 605: 296/400 ERROR: No .raw files found in temp_dir.
Job 605: 297/400 ERROR: No .raw files found in temp_dir.
Job 605: 298/400 ERROR: No .raw files found in temp_dir.
Job 605: 299/400 ERROR: No .raw files found in temp_dir.
Job 605: 300/400 ERROR: No .raw files found in temp_dir.
Job 605: 301/400 ERROR: No .raw files found in temp_dir.
Job 605: 302/400 ERROR: No .raw files found in temp_dir.
Job 605: 303/400 ERROR: No .raw files found in temp_dir.
Job 605: 304/400 ERROR: No .raw files found in temp_dir.
Job 605: 305/400 ERROR: No .raw files found in temp_dir.
Job 605: 306/400 ERROR: No .raw files found in temp_dir.
Job 605: 307/400 ERROR: No .raw files found in temp_dir.
Job 605: 308/400 ERROR: No .raw files found in temp_dir.
Job 605: 309/400 ERROR: No .raw files found in temp_dir.
Job 605: 310/400 ERROR: No .raw files found in temp_dir.
Job 605: 311/400 ERROR: No .raw files found in temp_dir.
Job 605: 312/400 ERROR: No .raw files found in temp_dir.
Job 605: 313/400 ERROR: No .raw files found in temp_dir.
Job 605: 314/400 ERROR: No .raw files found in temp_dir.
Job 605: 315/400 ERROR: No .raw files found in temp_dir.
Job 605: 316/400 ERROR: No .raw files found in temp_dir.
Job 605: 317/400 ERROR: No .raw files found in temp_dir.
Job 605: 318/400 ERROR: No .raw files found in temp_dir.
Job 605: 319/400 ERROR: No .raw files found in temp_dir.
Job 605: 320/400 ERROR: No .raw files found in temp_dir.
Job 605: 321/400 ERROR: No .raw files found in temp_dir.
Job 605: 322/400 ERROR: No .raw files found in temp_dir.
Job 605: 323/400 ERROR: No .raw files found in temp_dir.
Job 605: 324/400 ERROR: No .raw files found in temp_dir.
Job 605: 325/400 ERROR: No .raw files found in temp_dir.
Job 605: 326/400 ERROR: No .raw files found in temp_dir.
Job 605: 327/400 ERROR: No .raw files found in temp_dir.
Job 605: 328/400 ERROR: No .raw files found in temp_dir.
Job 605: 329/400 ERROR: No .raw files found in temp_dir.
Job 605: 330/400 ERROR: No .raw files found in temp_dir.
Job 605: 331/400 ERROR: No .raw files found in temp_dir.
Job 605: 332/400 ERROR: No .raw files found in temp_dir.
Job 605: 333/400 ERROR: No .raw files found in temp_dir.
Job 605: 334/400 ERROR: No .raw files found in temp_dir.
Job 605: 335/400 ERROR: No .raw files found in temp_dir.
Job 605: 336/400 ERROR: No .raw files found in temp_dir.
Job 605: 337/400 ERROR: No .raw files found in temp_dir.
Job 605: 338/400 ERROR: No .raw files found in temp_dir.
Job 605: 339/400 ERROR: No .raw files found in temp_dir.
Job 605: 340/400 ERROR: No .raw files found in temp_dir.
Job 605: 341/400 ERROR: No .raw files found in temp_dir.
Job 605: 342/400 ERROR: No .raw files found in temp_dir.
Job 605: 343/400 ERROR: No .raw files found in temp_dir.
Job 605: 344/400 ERROR: No .raw files found in temp_dir.
Job 605: 345/400 ERROR: No .raw files found in temp_dir.
Job 605: 346/400 ERROR: No .raw files found in temp_dir.
Job 605: 347/400 ERROR: No .raw files found in temp_dir.
Job 605: 348/400 ERROR: No .raw files found in temp_dir.
Job 605: 349/400 ERROR: No .raw files found in temp_dir.
Job 605: 350/400 ERROR: No .raw files found in temp_dir.
Job 605: 351/400 ERROR: No .raw files found in temp_dir.
Job 605: 352/400 ERROR: No .raw files found in temp_dir.
Job 605: 353/400 ERROR: No .raw files found in temp_dir.
Job 605: 354/400 ERROR: No .raw files found in temp_dir.
Job 605: 355/400 ERROR: No .raw files found in temp_dir.
Job 605: 356/400 ERROR: No .raw files found in temp_dir.
Job 605: 357/400 ERROR: No .raw files found in temp_dir.
Job 605: 358/400 ERROR: No .raw files found in temp_dir.
Job 605: 359/400 ERROR: No .raw files found in temp_dir.
Job 605: 360/400 ERROR: No .raw files found in temp_dir.
Job 605: 361/400 ERROR: No .raw files found in temp_dir.
Job 605: 362/400 ERROR: No .raw files found in temp_dir.
Job 605: 363/400 ERROR: No .raw files found in temp_dir.
Job 605: 364/400 ERROR: No .raw files found in temp_dir.
Job 605: 365/400 ERROR: No .raw files found in temp_dir.
Job 605: 366/400 ERROR: No .raw files found in temp_dir.
Job 605: 367/400 ERROR: No .raw files found in temp_dir.
Job 605: 368/400 ERROR: No .raw files found in temp_dir.
Job 605: 369/400 ERROR: No .raw files found in temp_dir.
Job 605: 370/400 ERROR: No .raw files found in temp_dir.
Job 605: 371/400 ERROR: No .raw files found in temp_dir.
Job 605: 372/400 ERROR: No .raw files found in temp_dir.
Job 605: 373/400 ERROR: No .raw files found in temp_dir.
Job 605: 374/400 ERROR: No .raw files found in temp_dir.
Job 605: 375/400 ERROR: No .raw files found in temp_dir.
Job 605: 376/400 ERROR: No .raw files found in temp_dir.
Job 605: 377/400 ERROR: No .raw files found in temp_dir.
Job 605: 378/400 ERROR: No .raw files found in temp_dir.
Job 605: 379/400 ERROR: No .raw files found in temp_dir.
Job 605: 380/400 ERROR: No .raw files found in temp_dir.
Job 605: 381/400 ERROR: No .raw files found in temp_dir.
Job 605: 382/400 ERROR: No .raw files found in temp_dir.
Job 605: 383/400 ERROR: No .raw files found in temp_dir.
Job 605: 384/400 ERROR: No .raw files found in temp_dir.
Job 605: 385/400 ERROR: No .raw files found in temp_dir.
Job 605: 386/400 ERROR: No .raw files found in temp_dir.
Job 605: 387/400 ERROR: No .raw files found in temp_dir.
Job 605: 388/400 ERROR: No .raw files found in temp_dir.
Job 605: 389/400 ERROR: No .raw files found in temp_dir.
Job 605: 390/400 ERROR: No .raw files found in temp_dir.
Job 605: 391/400 ERROR: No .raw files found in temp_dir.
Job 605: 392/400 ERROR: No .raw files found in temp_dir.
Job 605: 393/400 ERROR: No .raw files found in temp_dir.
Job 605: 394/400 ERROR: No .raw files found in temp_dir.
Job 605: 395/400 ERROR: No .raw files found in temp_dir.
Job 605: 396/400 ERROR: No .raw files found in temp_dir.
Job 605: 397/400 ERROR: No .raw files found in temp_dir.
Job 605: 398/400 ERROR: No .raw files found in temp_dir.
Job 605: 399/400 ERROR: No .raw files found in temp_dir.
Job 605: 400/400 ERROR: No .raw files found in temp_dir.
Warning messages:
1: In data.table::fread(raw_file, data.table = FALSE) :
  Discarded single-line footer: <<0	GTEX-14C5O	0	0	0	-9	2	2	2	2	2	0	2	2	2	2	2	2	0	2	2	2	2	2	2	2	2	2	2	2	2	2	2	2	0	2	0	2	2	2	0	2	2	0	2	2	2	2	2	2	2	2	2	2	2	2	2	2	2	2	2	0	2	2	2	2	2	2	2	2	2	2	2	2	2	2	2	2	2	0	2	2	2	0	2	2	2	2	2	2	2	2	2	2	2	2	0	2	2	2	2	2	2	2	2	2	2	2	2	2	0	2	2	2	2	2	2	2	2	0	2	2	2	2	2	2	2	2	2	2	2	2	2	2	2	0	2	2	2	2	2	2	2	2	0	2	0	2	0	2	2	2	2	2	2	2	2	2	2	2	2	2	2	2	2	2	2	2	2	2	2	2	2	2	2	2	2	2	2	2	2	2	2	2	2	2	2	2	2	2	2	2	2	2	2	2	2	2	2	2	2	2	2	2	2	2	2	2	2	2	2	2	2	2	2	2	2	2	2	2	2	2	2	2	2	2	2	2	2	2	2	2	2	2	2	2	2	2	2	2	2	2	2	2	2	>>
2: In data.table::fread(raw_file, data.table = FALSE) :
  Discarded single-line footer: <<0	GTEX-OIZG	0	0	0	-9	2	2	1	2	2	2	2	2	2	2	2	2	2	2	2	2	2	2	2	2	2	2	2	1	1	2	2	2	2	2	1	2	2	2	2	1	2	2	2	2	2	2	2	2	2	2	2	2	2	2	2	2	1	2	2	2	2	2	2	2	2	2	2	2	2	2	2	2	2	2	2	2	2	2	2	2	1	1	2	2	2	2	2	2	2	2	2	2	2	2	2	2	2	2	1	2	2	2	2	2	2	2	2	1	2	1	2	2	2	2	2	2	2	2	2	2	2	2	2	2	1	2	2	2	2	1	2	2	2	2	2	2	2	2	2	1	2	2	2	2	2	2	2	2	2	2	2	2	1	2	2	1	2	2	2	2	2	2	2	2	2	2	2	2	1	2	2	2	1	2	2	2	2	2	2	2	2	2	2	2	2	2	2	2	2	2	2	2	1	0	2	2	2	2	2	2	2	2	2	2	2	2	2	2	2	2	2	2	2	2	2	2	2	2	1	2	2	2	2	2	2	2	1	2	2	2	2	2	2	2	2	2	2	2	2	2	2	2	2	2>>
