Registered S3 methods overwritten by 'susieSlide':
  method              from  
  coef.susie          susieR
  predict.susie       susieR
  print.summary.susie susieR
  summary.susie       susieR
Job 638: 1/400
Job 638: 2/400
Job 638: 3/400
Job 638: 4/400
Job 638: 5/400
Job 638: 6/400
Job 638: 7/400
Job 638: 8/400 ERROR: No .raw files found in temp_dir.
Job 638: 9/400 ERROR: No .raw files found in temp_dir.
Job 638: 10/400 ERROR: No .raw files found in temp_dir.
Job 638: 11/400 ERROR: No .raw files found in temp_dir.
Job 638: 12/400 ERROR: No .raw files found in temp_dir.
Job 638: 13/400 ERROR: No .raw files found in temp_dir.
Job 638: 14/400 ERROR: No .raw files found in temp_dir.
Job 638: 15/400 ERROR: No .raw files found in temp_dir.
Job 638: 16/400 ERROR: No .raw files found in temp_dir.
Job 638: 17/400 ERROR: No .raw files found in temp_dir.
Job 638: 18/400 ERROR: No .raw files found in temp_dir.
Job 638: 19/400 ERROR: No .raw files found in temp_dir.
Job 638: 20/400 ERROR: No .raw files found in temp_dir.
Job 638: 21/400 ERROR: No .raw files found in temp_dir.
Job 638: 22/400 ERROR: No .raw files found in temp_dir.
Job 638: 23/400 ERROR: No .raw files found in temp_dir.
Job 638: 24/400 ERROR: No .raw files found in temp_dir.
Job 638: 25/400 ERROR: No .raw files found in temp_dir.
Job 638: 26/400 ERROR: No .raw files found in temp_dir.
Job 638: 27/400 ERROR: No .raw files found in temp_dir.
Job 638: 28/400 ERROR: No .raw files found in temp_dir.
Job 638: 29/400 ERROR: No .raw files found in temp_dir.
Job 638: 30/400 ERROR: No .raw files found in temp_dir.
Job 638: 31/400 ERROR: No .raw files found in temp_dir.
Job 638: 32/400 ERROR: No .raw files found in temp_dir.
Job 638: 33/400 ERROR: No .raw files found in temp_dir.
Job 638: 34/400 ERROR: No .raw files found in temp_dir.
Job 638: 35/400 ERROR: No .raw files found in temp_dir.
Job 638: 36/400 ERROR: No .raw files found in temp_dir.
Job 638: 37/400 ERROR: No .raw files found in temp_dir.
Job 638: 38/400 ERROR: No .raw files found in temp_dir.
Job 638: 39/400 ERROR: No .raw files found in temp_dir.
Job 638: 40/400 ERROR: No .raw files found in temp_dir.
Job 638: 41/400 ERROR: No .raw files found in temp_dir.
Job 638: 42/400 ERROR: No .raw files found in temp_dir.
Job 638: 43/400 ERROR: No .raw files found in temp_dir.
Job 638: 44/400 ERROR: No .raw files found in temp_dir.
Job 638: 45/400 ERROR: No .raw files found in temp_dir.
Job 638: 46/400 ERROR: No .raw files found in temp_dir.
Job 638: 47/400 ERROR: No .raw files found in temp_dir.
Job 638: 48/400 ERROR: No .raw files found in temp_dir.
Job 638: 49/400 ERROR: No .raw files found in temp_dir.
Job 638: 50/400 ERROR: No .raw files found in temp_dir.
Job 638: 51/400 ERROR: No .raw files found in temp_dir.
Job 638: 52/400 ERROR: No .raw files found in temp_dir.
Job 638: 53/400 ERROR: No .raw files found in temp_dir.
Job 638: 54/400 ERROR: No .raw files found in temp_dir.
Job 638: 55/400 ERROR: No .raw files found in temp_dir.
Job 638: 56/400 ERROR: No .raw files found in temp_dir.
Job 638: 57/400 ERROR: No .raw files found in temp_dir.
Job 638: 58/400 ERROR: No .raw files found in temp_dir.
Job 638: 59/400 ERROR: No .raw files found in temp_dir.
Job 638: 60/400 ERROR: No .raw files found in temp_dir.
Job 638: 61/400 ERROR: No .raw files found in temp_dir.
Job 638: 62/400 ERROR: No .raw files found in temp_dir.
Job 638: 63/400 ERROR: No .raw files found in temp_dir.
Job 638: 64/400 ERROR: No .raw files found in temp_dir.
Job 638: 65/400 ERROR: No .raw files found in temp_dir.
Job 638: 66/400 ERROR: No .raw files found in temp_dir.
Job 638: 67/400 ERROR: No .raw files found in temp_dir.
Job 638: 68/400 ERROR: No .raw files found in temp_dir.
Job 638: 69/400 ERROR: No .raw files found in temp_dir.
Job 638: 70/400 ERROR: No .raw files found in temp_dir.
Job 638: 71/400 ERROR: No .raw files found in temp_dir.
Job 638: 72/400 ERROR: No .raw files found in temp_dir.
Job 638: 73/400 ERROR: No .raw files found in temp_dir.
Job 638: 74/400 ERROR: No .raw files found in temp_dir.
Job 638: 75/400 ERROR: No .raw files found in temp_dir.
Job 638: 76/400 ERROR: No .raw files found in temp_dir.
Job 638: 77/400 ERROR: No .raw files found in temp_dir.
Job 638: 78/400 ERROR: No .raw files found in temp_dir.
Job 638: 79/400 ERROR: No .raw files found in temp_dir.
Job 638: 80/400 ERROR: No .raw files found in temp_dir.
Job 638: 81/400 ERROR: No .raw files found in temp_dir.
Job 638: 82/400 ERROR: No .raw files found in temp_dir.
Job 638: 83/400 ERROR: No .raw files found in temp_dir.
Job 638: 84/400 ERROR: No .raw files found in temp_dir.
Job 638: 85/400 ERROR: No .raw files found in temp_dir.
Job 638: 86/400 ERROR: No .raw files found in temp_dir.
Job 638: 87/400 ERROR: No .raw files found in temp_dir.
Job 638: 88/400 ERROR: No .raw files found in temp_dir.
Job 638: 89/400 ERROR: No .raw files found in temp_dir.
Job 638: 90/400 ERROR: No .raw files found in temp_dir.
Job 638: 91/400 ERROR: No .raw files found in temp_dir.
Job 638: 92/400 ERROR: No .raw files found in temp_dir.
Job 638: 93/400 ERROR: No .raw files found in temp_dir.
Job 638: 94/400 ERROR: No .raw files found in temp_dir.
Job 638: 95/400 ERROR: No .raw files found in temp_dir.
Job 638: 96/400 ERROR: No .raw files found in temp_dir.
Job 638: 97/400 ERROR: No .raw files found in temp_dir.
Job 638: 98/400 ERROR: No .raw files found in temp_dir.
Job 638: 99/400 ERROR: No .raw files found in temp_dir.
Job 638: 100/400 ERROR: No .raw files found in temp_dir.
Job 638: 101/400 ERROR: No .raw files found in temp_dir.
Job 638: 102/400 ERROR: No .raw files found in temp_dir.
Job 638: 103/400 ERROR: No .raw files found in temp_dir.
Job 638: 104/400 ERROR: No .raw files found in temp_dir.
Job 638: 105/400 ERROR: No .raw files found in temp_dir.
Job 638: 106/400 ERROR: No .raw files found in temp_dir.
Job 638: 107/400 ERROR: No .raw files found in temp_dir.
Job 638: 108/400 ERROR: No .raw files found in temp_dir.
Job 638: 109/400 ERROR: No .raw files found in temp_dir.
Job 638: 110/400 ERROR: No .raw files found in temp_dir.
Job 638: 111/400 ERROR: No .raw files found in temp_dir.
Job 638: 112/400 ERROR: No .raw files found in temp_dir.
Job 638: 113/400 ERROR: No .raw files found in temp_dir.
Job 638: 114/400 ERROR: No .raw files found in temp_dir.
Job 638: 115/400 ERROR: No .raw files found in temp_dir.
Job 638: 116/400 ERROR: No .raw files found in temp_dir.
Job 638: 117/400 ERROR: No .raw files found in temp_dir.
Job 638: 118/400 ERROR: No .raw files found in temp_dir.
Job 638: 119/400 ERROR: No .raw files found in temp_dir.
Job 638: 120/400 ERROR: No .raw files found in temp_dir.
Job 638: 121/400 ERROR: No .raw files found in temp_dir.
Job 638: 122/400 ERROR: No .raw files found in temp_dir.
Job 638: 123/400 ERROR: No .raw files found in temp_dir.
Job 638: 124/400 ERROR: No .raw files found in temp_dir.
Job 638: 125/400 ERROR: No .raw files found in temp_dir.
Job 638: 126/400 ERROR: No .raw files found in temp_dir.
Job 638: 127/400 ERROR: No .raw files found in temp_dir.
Job 638: 128/400 ERROR: No .raw files found in temp_dir.
Job 638: 129/400 ERROR: No .raw files found in temp_dir.
Job 638: 130/400 ERROR: No .raw files found in temp_dir.
Job 638: 131/400 ERROR: Not enough donors for the requested n.
Job 638: 132/400
Job 638: 133/400
Job 638: 134/400
Job 638: 135/400
Job 638: 136/400
Job 638: 137/400
Job 638: 138/400
Job 638: 139/400
Job 638: 140/400
Job 638: 141/400
Job 638: 142/400 ERROR: No .raw files found in temp_dir.
Job 638: 143/400 ERROR: No .raw files found in temp_dir.
Job 638: 144/400 ERROR: No .raw files found in temp_dir.
Job 638: 145/400 ERROR: No .raw files found in temp_dir.
Job 638: 146/400 ERROR: No .raw files found in temp_dir.
Job 638: 147/400 ERROR: No .raw files found in temp_dir.
Job 638: 148/400 ERROR: No .raw files found in temp_dir.
Job 638: 149/400 ERROR: No .raw files found in temp_dir.
Job 638: 150/400 ERROR: No .raw files found in temp_dir.
Job 638: 151/400 ERROR: No .raw files found in temp_dir.
Job 638: 152/400 ERROR: No .raw files found in temp_dir.
Job 638: 153/400 ERROR: No .raw files found in temp_dir.
Job 638: 154/400 ERROR: No .raw files found in temp_dir.
Job 638: 155/400 ERROR: No .raw files found in temp_dir.
Job 638: 156/400 ERROR: No .raw files found in temp_dir.
Job 638: 157/400 ERROR: No .raw files found in temp_dir.
Job 638: 158/400 ERROR: No .raw files found in temp_dir.
Job 638: 159/400 ERROR: No .raw files found in temp_dir.
Job 638: 160/400 ERROR: No .raw files found in temp_dir.
Job 638: 161/400 ERROR: No .raw files found in temp_dir.
Job 638: 162/400 ERROR: No .raw files found in temp_dir.
Job 638: 163/400 ERROR: No .raw files found in temp_dir.
Job 638: 164/400 ERROR: No .raw files found in temp_dir.
Job 638: 165/400 ERROR: No .raw files found in temp_dir.
Job 638: 166/400 ERROR: No .raw files found in temp_dir.
Job 638: 167/400 ERROR: No .raw files found in temp_dir.
Job 638: 168/400 ERROR: No .raw files found in temp_dir.
Job 638: 169/400 ERROR: No .raw files found in temp_dir.
Job 638: 170/400 ERROR: No .raw files found in temp_dir.
Job 638: 171/400 ERROR: No .raw files found in temp_dir.
Job 638: 172/400 ERROR: No .raw files found in temp_dir.
Job 638: 173/400 ERROR: No .raw files found in temp_dir.
Job 638: 174/400 ERROR: No .raw files found in temp_dir.
Job 638: 175/400 ERROR: No .raw files found in temp_dir.
Job 638: 176/400 ERROR: No .raw files found in temp_dir.
Job 638: 177/400 ERROR: No .raw files found in temp_dir.
Job 638: 178/400 ERROR: No .raw files found in temp_dir.
Job 638: 179/400 ERROR: No .raw files found in temp_dir.
Job 638: 180/400 ERROR: No .raw files found in temp_dir.
Job 638: 181/400 ERROR: No .raw files found in temp_dir.
Job 638: 182/400 ERROR: No .raw files found in temp_dir.
Job 638: 183/400 ERROR: No .raw files found in temp_dir.
Job 638: 184/400 ERROR: No .raw files found in temp_dir.
Job 638: 185/400 ERROR: No .raw files found in temp_dir.
Job 638: 186/400 ERROR: No .raw files found in temp_dir.
Job 638: 187/400 ERROR: No .raw files found in temp_dir.
Job 638: 188/400 ERROR: No .raw files found in temp_dir.
Job 638: 189/400 ERROR: No .raw files found in temp_dir.
Job 638: 190/400 ERROR: No .raw files found in temp_dir.
Job 638: 191/400 ERROR: No .raw files found in temp_dir.
Job 638: 192/400 ERROR: No .raw files found in temp_dir.
Job 638: 193/400 ERROR: No .raw files found in temp_dir.
Job 638: 194/400 ERROR: No .raw files found in temp_dir.
Job 638: 195/400 ERROR: No .raw files found in temp_dir.
Job 638: 196/400 ERROR: No .raw files found in temp_dir.
Job 638: 197/400 ERROR: No .raw files found in temp_dir.
Job 638: 198/400 ERROR: No .raw files found in temp_dir.
Job 638: 199/400 ERROR: No .raw files found in temp_dir.
Job 638: 200/400 ERROR: No .raw files found in temp_dir.
Job 638: 201/400 ERROR: No .raw files found in temp_dir.
Job 638: 202/400 ERROR: No .raw files found in temp_dir.
Job 638: 203/400 ERROR: No .raw files found in temp_dir.
Job 638: 204/400 ERROR: No .raw files found in temp_dir.
Job 638: 205/400 ERROR: No .raw files found in temp_dir.
Job 638: 206/400 ERROR: No .raw files found in temp_dir.
Job 638: 207/400 ERROR: No .raw files found in temp_dir.
Job 638: 208/400 ERROR: No .raw files found in temp_dir.
Job 638: 209/400 ERROR: No .raw files found in temp_dir.
Job 638: 210/400 ERROR: No .raw files found in temp_dir.
Job 638: 211/400 ERROR: No .raw files found in temp_dir.
Job 638: 212/400 ERROR: No .raw files found in temp_dir.
Job 638: 213/400 ERROR: No .raw files found in temp_dir.
Job 638: 214/400 ERROR: No .raw files found in temp_dir.
Job 638: 215/400 ERROR: No .raw files found in temp_dir.
Job 638: 216/400 ERROR: No .raw files found in temp_dir.
Job 638: 217/400
Job 638: 218/400
Job 638: 219/400
Job 638: 220/400
Job 638: 221/400
Job 638: 222/400
Job 638: 223/400
Job 638: 224/400
Job 638: 225/400
Job 638: 226/400
Job 638: 227/400 ERROR: No .raw files found in temp_dir.
Job 638: 228/400 ERROR: No .raw files found in temp_dir.
Job 638: 229/400 ERROR: No .raw files found in temp_dir.
Job 638: 230/400 ERROR: No .raw files found in temp_dir.
Job 638: 231/400 ERROR: No .raw files found in temp_dir.
Job 638: 232/400 ERROR: No .raw files found in temp_dir.
Job 638: 233/400 ERROR: No .raw files found in temp_dir.
Job 638: 234/400 ERROR: No .raw files found in temp_dir.
Job 638: 235/400 ERROR: No .raw files found in temp_dir.
Job 638: 236/400 ERROR: No .raw files found in temp_dir.
Job 638: 237/400 ERROR: No .raw files found in temp_dir.
Job 638: 238/400 ERROR: No .raw files found in temp_dir.
Job 638: 239/400 ERROR: No .raw files found in temp_dir.
Job 638: 240/400 ERROR: No .raw files found in temp_dir.
Job 638: 241/400 ERROR: No .raw files found in temp_dir.
Job 638: 242/400 ERROR: No .raw files found in temp_dir.
Job 638: 243/400 ERROR: No .raw files found in temp_dir.
Job 638: 244/400 ERROR: No .raw files found in temp_dir.
Job 638: 245/400 ERROR: No .raw files found in temp_dir.
Job 638: 246/400 ERROR: No .raw files found in temp_dir.
Job 638: 247/400 ERROR: No .raw files found in temp_dir.
Job 638: 248/400 ERROR: No .raw files found in temp_dir.
Job 638: 249/400 ERROR: No .raw files found in temp_dir.
Job 638: 250/400 ERROR: No .raw files found in temp_dir.
Job 638: 251/400 ERROR: No .raw files found in temp_dir.
Job 638: 252/400 ERROR: No .raw files found in temp_dir.
Job 638: 253/400 ERROR: No .raw files found in temp_dir.
Job 638: 254/400 ERROR: No .raw files found in temp_dir.
Job 638: 255/400 ERROR: No .raw files found in temp_dir.
Job 638: 256/400 ERROR: No .raw files found in temp_dir.
Job 638: 257/400 ERROR: No .raw files found in temp_dir.
Job 638: 258/400 ERROR: No .raw files found in temp_dir.
Job 638: 259/400 ERROR: No .raw files found in temp_dir.
Job 638: 260/400 ERROR: No .raw files found in temp_dir.
Job 638: 261/400 ERROR: No .raw files found in temp_dir.
Job 638: 262/400 ERROR: No .raw files found in temp_dir.
Job 638: 263/400 ERROR: No .raw files found in temp_dir.
Job 638: 264/400 ERROR: No .raw files found in temp_dir.
Job 638: 265/400 ERROR: No .raw files found in temp_dir.
Job 638: 266/400 ERROR: No .raw files found in temp_dir.
Job 638: 267/400 ERROR: No .raw files found in temp_dir.
Job 638: 268/400 ERROR: No .raw files found in temp_dir.
Job 638: 269/400 ERROR: No .raw files found in temp_dir.
Job 638: 270/400 ERROR: No .raw files found in temp_dir.
Job 638: 271/400 ERROR: No .raw files found in temp_dir.
Job 638: 272/400 ERROR: No .raw files found in temp_dir.
Job 638: 273/400 ERROR: No .raw files found in temp_dir.
Job 638: 274/400 ERROR: No .raw files found in temp_dir.
Job 638: 275/400 ERROR: No .raw files found in temp_dir.
Job 638: 276/400 ERROR: No .raw files found in temp_dir.
Job 638: 277/400 ERROR: No .raw files found in temp_dir.
Job 638: 278/400 ERROR: No .raw files found in temp_dir.
Job 638: 279/400 ERROR: No .raw files found in temp_dir.
Job 638: 280/400 ERROR: No .raw files found in temp_dir.
Job 638: 281/400 ERROR: No .raw files found in temp_dir.
Job 638: 282/400 ERROR: No .raw files found in temp_dir.
Job 638: 283/400 ERROR: No .raw files found in temp_dir.
Job 638: 284/400 ERROR: No .raw files found in temp_dir.
Job 638: 285/400 ERROR: No .raw files found in temp_dir.
Job 638: 286/400 ERROR: No .raw files found in temp_dir.
Job 638: 287/400 ERROR: No .raw files found in temp_dir.
Job 638: 288/400 ERROR: No .raw files found in temp_dir.
Job 638: 289/400 ERROR: No .raw files found in temp_dir.
Job 638: 290/400 ERROR: No .raw files found in temp_dir.
Job 638: 291/400 ERROR: No .raw files found in temp_dir.
Job 638: 292/400 ERROR: No .raw files found in temp_dir.
Job 638: 293/400 ERROR: No .raw files found in temp_dir.
Job 638: 294/400 ERROR: No .raw files found in temp_dir.
Job 638: 295/400 ERROR: No .raw files found in temp_dir.
Job 638: 296/400 ERROR: No .raw files found in temp_dir.
Job 638: 297/400 ERROR: No .raw files found in temp_dir.
Job 638: 298/400 ERROR: No .raw files found in temp_dir.
Job 638: 299/400 ERROR: No .raw files found in temp_dir.
Job 638: 300/400 ERROR: No .raw files found in temp_dir.
Job 638: 301/400 ERROR: No .raw files found in temp_dir.
Job 638: 302/400 ERROR: No .raw files found in temp_dir.
Job 638: 303/400 ERROR: No .raw files found in temp_dir.
Job 638: 304/400 ERROR: No .raw files found in temp_dir.
Job 638: 305/400 ERROR: No .raw files found in temp_dir.
Job 638: 306/400 ERROR: No .raw files found in temp_dir.
Job 638: 307/400 ERROR: No .raw files found in temp_dir.
Job 638: 308/400 ERROR: No .raw files found in temp_dir.
Job 638: 309/400 ERROR: No .raw files found in temp_dir.
Job 638: 310/400 ERROR: No .raw files found in temp_dir.
Job 638: 311/400 ERROR: No .raw files found in temp_dir.
Job 638: 312/400 ERROR: No .raw files found in temp_dir.
Job 638: 313/400 ERROR: No .raw files found in temp_dir.
Job 638: 314/400 ERROR: No .raw files found in temp_dir.
Job 638: 315/400 ERROR: No .raw files found in temp_dir.
Job 638: 316/400 ERROR: No .raw files found in temp_dir.
Job 638: 317/400 ERROR: No .raw files found in temp_dir.
Job 638: 318/400 ERROR: No .raw files found in temp_dir.
Job 638: 319/400 ERROR: No .raw files found in temp_dir.
Job 638: 320/400 ERROR: No .raw files found in temp_dir.
Job 638: 321/400 ERROR: No .raw files found in temp_dir.
Job 638: 322/400 ERROR: No .raw files found in temp_dir.
Job 638: 323/400 ERROR: No .raw files found in temp_dir.
Job 638: 324/400 ERROR: No .raw files found in temp_dir.
Job 638: 325/400 ERROR: No .raw files found in temp_dir.
Job 638: 326/400 ERROR: No .raw files found in temp_dir.
Job 638: 327/400 ERROR: No .raw files found in temp_dir.
Job 638: 328/400 ERROR: No .raw files found in temp_dir.
Job 638: 329/400 ERROR: No .raw files found in temp_dir.
Job 638: 330/400 ERROR: No .raw files found in temp_dir.
Job 638: 331/400 ERROR: No .raw files found in temp_dir.
Job 638: 332/400 ERROR: No .raw files found in temp_dir.
Job 638: 333/400 ERROR: No .raw files found in temp_dir.
Job 638: 334/400 ERROR: No .raw files found in temp_dir.
Job 638: 335/400 ERROR: No .raw files found in temp_dir.
Job 638: 336/400 ERROR: No .raw files found in temp_dir.
Job 638: 337/400 ERROR: No .raw files found in temp_dir.
Job 638: 338/400 ERROR: No .raw files found in temp_dir.
Job 638: 339/400 ERROR: No .raw files found in temp_dir.
Job 638: 340/400 ERROR: No .raw files found in temp_dir.
Job 638: 341/400 ERROR: No .raw files found in temp_dir.
Job 638: 342/400 ERROR: No .raw files found in temp_dir.
Job 638: 343/400 ERROR: No .raw files found in temp_dir.
Job 638: 344/400 ERROR: No .raw files found in temp_dir.
Job 638: 345/400 ERROR: No .raw files found in temp_dir.
Job 638: 346/400 ERROR: No .raw files found in temp_dir.
Job 638: 347/400 ERROR: No .raw files found in temp_dir.
Job 638: 348/400 ERROR: No .raw files found in temp_dir.
Job 638: 349/400 ERROR: No .raw files found in temp_dir.
Job 638: 350/400 ERROR: No .raw files found in temp_dir.
Job 638: 351/400 ERROR: No .raw files found in temp_dir.
Job 638: 352/400 ERROR: No .raw files found in temp_dir.
Job 638: 353/400 ERROR: No .raw files found in temp_dir.
Job 638: 354/400 ERROR: No .raw files found in temp_dir.
Job 638: 355/400 ERROR: No .raw files found in temp_dir.
Job 638: 356/400 ERROR: No .raw files found in temp_dir.
Job 638: 357/400 ERROR: No .raw files found in temp_dir.
Job 638: 358/400 ERROR: No .raw files found in temp_dir.
Job 638: 359/400 ERROR: No .raw files found in temp_dir.
Job 638: 360/400 ERROR: No .raw files found in temp_dir.
Job 638: 361/400 ERROR: No .raw files found in temp_dir.
Job 638: 362/400 ERROR: No .raw files found in temp_dir.
Job 638: 363/400 ERROR: No .raw files found in temp_dir.
Job 638: 364/400 ERROR: No .raw files found in temp_dir.
Job 638: 365/400 ERROR: No .raw files found in temp_dir.
Job 638: 366/400 ERROR: No .raw files found in temp_dir.
Job 638: 367/400 ERROR: No .raw files found in temp_dir.
Job 638: 368/400 ERROR: No .raw files found in temp_dir.
Job 638: 369/400 ERROR: No .raw files found in temp_dir.
Job 638: 370/400 ERROR: No .raw files found in temp_dir.
Job 638: 371/400 ERROR: No .raw files found in temp_dir.
Job 638: 372/400 ERROR: No .raw files found in temp_dir.
Job 638: 373/400 ERROR: No .raw files found in temp_dir.
Job 638: 374/400 ERROR: No .raw files found in temp_dir.
Job 638: 375/400 ERROR: No .raw files found in temp_dir.
Job 638: 376/400 ERROR: No .raw files found in temp_dir.
Job 638: 377/400 ERROR: No .raw files found in temp_dir.
Job 638: 378/400 ERROR: No .raw files found in temp_dir.
Job 638: 379/400 ERROR: No .raw files found in temp_dir.
Job 638: 380/400 ERROR: No .raw files found in temp_dir.
Job 638: 381/400 ERROR: No .raw files found in temp_dir.
Job 638: 382/400 ERROR: No .raw files found in temp_dir.
Job 638: 383/400 ERROR: No .raw files found in temp_dir.
Job 638: 384/400 ERROR: No .raw files found in temp_dir.
Job 638: 385/400 ERROR: No .raw files found in temp_dir.
Job 638: 386/400 ERROR: No .raw files found in temp_dir.
Job 638: 387/400 ERROR: No .raw files found in temp_dir.
Job 638: 388/400 ERROR: No .raw files found in temp_dir.
Job 638: 389/400 ERROR: No .raw files found in temp_dir.
Job 638: 390/400 ERROR: No .raw files found in temp_dir.
Job 638: 391/400 ERROR: No .raw files found in temp_dir.
Job 638: 392/400 ERROR: No .raw files found in temp_dir.
Job 638: 393/400 ERROR: No .raw files found in temp_dir.
Job 638: 394/400 ERROR: No .raw files found in temp_dir.
Job 638: 395/400 ERROR: No .raw files found in temp_dir.
Job 638: 396/400 ERROR: No .raw files found in temp_dir.
Job 638: 397/400 ERROR: No .raw files found in temp_dir.
Job 638: 398/400 ERROR: No .raw files found in temp_dir.
Job 638: 399/400 ERROR: No .raw files found in temp_dir.
Job 638: 400/400 ERROR: No .raw files found in temp_dir.
Warning messages:
1: In data.table::fread(raw_file, data.table = FALSE) :
  Discarded single-line footer: <<0	GTEX-13FLW	0	0	0	-9	2	2	2	2	2	0	2	2	2	2	2	2	1	1	2	2	2	2	2	2	2	2	2	2	2	2	2	2	0	2	0	2	2	2	0	2	2	0	2	2	2	2	2	2	2	2	2	2	1	2	2	2	2	2	2	0	2	2	2	2	2	2	2	2	2	2	2	2	2	2	2	1	2	1	2	2	2	0	2	2	2	2	2	2	2	2	2	2	2	2	0	2	2	2	2	2	2	2	2	2	2	2	2	2	0	2	2	2	1	2	2	2	2	1	2	2	2	2	2	2	2	2	2	2	2	2	2	1	2	0	2	2	2	2	1	2	1	2	0	2	0	2	1	2	2	2	2	2	2	2	2	2	2	2	2	2	2	2	2	2	2	2	2	2	2	2	2	2	2	2	1	2	2	2	2	1	2	2	2	2	2	2	2	2	2	2	2	2	2	2	2	2	1	2	2	2	2	2	2	2	2	2	2	2	2	2	2	2	2	2	2	2	2	2	2	2	2	2	2	2	2	2	2	2	2	2	2	2	2	1	2	2	2	2	2	2	2	2	2	>>
2: In data.table::fread(raw_file, data.table = FALSE) :
  Discarded single-line footer: <<0	GTEX-RUSQ	0	0	0	-9	2	2	1	2	2	2	2	2	2	2	2	2	2	2	2	2	2	1	2	2	2	2	2	1	1	2	2	2	2	2	1	2	2	2	2	1	2	2	2	2	2	2	2	2	2	2	2	2	2	2	2	2	1	2	2	2	2	2	2	2	2	2	2	2	2	2	2	2	2	2	2	2	2	2	2	2	1	1	2	2	2	2	2	2	2	2	2	2	2	2	2	2	2	2	1	2	2	2	2	2	2	2	2	1	2	1	2	2	2	2	2	2	2	2	2	2	2	2	2	2	2	2	2	2	2	1	2	2	2	2	2	2	2	2	2	1	2	2	2	2	2	2	2	2	2	2	2	2	1	2	2	1	2	2	2	2	2	2	2	2	2	2	2	2	1	2	2	2	1	2	2	2	2	2	2	2	2	2	2	2	2	2	2	2	2	2	2	2	1	0	2	2	2	2	2	2	2	2	2	2	2	2	2	2	2	2	2	2	2	2	2	2	2	2	1	2	2	2	2	2	2	2	1	2	2	2	2	2	2	2	2	2	2	2	2	2	2	2	2	2>>
