Registered S3 methods overwritten by 'susieSlide':
  method              from  
  coef.susie          susieR
  predict.susie       susieR
  print.summary.susie susieR
  summary.susie       susieR
Job 274: 1/400
Job 274: 2/400
Job 274: 3/400
Job 274: 4/400
Job 274: 5/400
Job 274: 6/400
Job 274: 7/400
Job 274: 8/400
Job 274: 9/400
Job 274: 10/400
Job 274: 11/400
Job 274: 12/400
Job 274: 13/400
Job 274: 14/400
Job 274: 15/400
Job 274: 16/400
Job 274: 17/400
Job 274: 18/400
Job 274: 19/400
Job 274: 20/400
Job 274: 21/400
Job 274: 22/400
Job 274: 23/400
Job 274: 24/400
Job 274: 25/400
Job 274: 26/400
Job 274: 27/400
Job 274: 28/400
Job 274: 29/400
Job 274: 30/400
Job 274: 31/400
Job 274: 32/400
Job 274: 33/400
Job 274: 34/400
Job 274: 35/400
Job 274: 36/400
Job 274: 37/400
Job 274: 38/400
Job 274: 39/400
Job 274: 40/400
Job 274: 41/400
Job 274: 42/400
Job 274: 43/400
Job 274: 44/400
Job 274: 45/400
Job 274: 46/400
Job 274: 47/400
Job 274: 48/400
Job 274: 49/400
Job 274: 50/400
Job 274: 51/400
Job 274: 52/400
Job 274: 53/400
Job 274: 54/400
Job 274: 55/400
Job 274: 56/400
Job 274: 57/400
Job 274: 58/400
Job 274: 59/400
Job 274: 60/400
Job 274: 61/400
Job 274: 62/400
Job 274: 63/400
Job 274: 64/400
Job 274: 65/400
Job 274: 66/400
Job 274: 67/400
Job 274: 68/400
Job 274: 69/400
Job 274: 70/400
Job 274: 71/400
Job 274: 72/400
Job 274: 73/400
Job 274: 74/400
Job 274: 75/400
Job 274: 76/400
Job 274: 77/400
Job 274: 78/400
Job 274: 79/400
Job 274: 80/400
Job 274: 81/400
Job 274: 82/400
Job 274: 83/400
Job 274: 84/400
Job 274: 85/400
Job 274: 86/400
Job 274: 87/400
Job 274: 88/400
Job 274: 89/400
Job 274: 90/400
Job 274: 91/400
Job 274: 92/400
Job 274: 93/400
Job 274: 94/400
Job 274: 95/400
Job 274: 96/400
Job 274: 97/400
Job 274: 98/400
Job 274: 99/400
Job 274: 100/400
Job 274: 101/400
Job 274: 102/400
Job 274: 103/400
Job 274: 104/400
Job 274: 105/400
Job 274: 106/400
Job 274: 107/400
Job 274: 108/400
Job 274: 109/400
Job 274: 110/400
Job 274: 111/400
Job 274: 112/400
Job 274: 113/400
Job 274: 114/400
Job 274: 115/400
Job 274: 116/400
Job 274: 117/400
Job 274: 118/400
Job 274: 119/400
Job 274: 120/400
Job 274: 121/400
Job 274: 122/400
Job 274: 123/400
Job 274: 124/400
Job 274: 125/400
Job 274: 126/400
Job 274: 127/400
Job 274: 128/400
Job 274: 129/400
Job 274: 130/400
Job 274: 131/400
Job 274: 132/400
Job 274: 133/400
Job 274: 134/400
Job 274: 135/400
Job 274: 136/400
Job 274: 137/400
Job 274: 138/400
Job 274: 139/400
Job 274: 140/400
Job 274: 141/400
Job 274: 142/400
Job 274: 143/400
Job 274: 144/400
Job 274: 145/400
Job 274: 146/400
Job 274: 147/400
Job 274: 148/400
Job 274: 149/400
Job 274: 150/400
Job 274: 151/400
Job 274: 152/400
Job 274: 153/400
Job 274: 154/400
Job 274: 155/400
Job 274: 156/400
Job 274: 157/400
Job 274: 158/400
Job 274: 159/400
Job 274: 160/400
Job 274: 161/400
Job 274: 162/400
Job 274: 163/400
Job 274: 164/400
Job 274: 165/400
Job 274: 166/400
Job 274: 167/400
Job 274: 168/400
Job 274: 169/400
Job 274: 170/400
Job 274: 171/400
Job 274: 172/400
Job 274: 173/400
Job 274: 174/400
Job 274: 175/400
Job 274: 176/400
Job 274: 177/400
Job 274: 178/400
Job 274: 179/400
Job 274: 180/400
Job 274: 181/400
Job 274: 182/400
Job 274: 183/400
Job 274: 184/400
Job 274: 185/400
Job 274: 186/400
Job 274: 187/400
Job 274: 188/400
Job 274: 189/400
Job 274: 190/400
Job 274: 191/400
Job 274: 192/400
Job 274: 193/400
Job 274: 194/400
Job 274: 195/400
Job 274: 196/400
Job 274: 197/400
Job 274: 198/400
Job 274: 199/400
Job 274: 200/400
Job 274: 201/400
Job 274: 202/400
Job 274: 203/400
Job 274: 204/400
Job 274: 205/400
Job 274: 206/400
Job 274: 207/400
Job 274: 208/400
Job 274: 209/400
Job 274: 210/400
Job 274: 211/400
Job 274: 212/400
Job 274: 213/400
Job 274: 214/400
Job 274: 215/400
Job 274: 216/400
Job 274: 217/400
Job 274: 218/400
Job 274: 219/400
Job 274: 220/400
Job 274: 221/400
Job 274: 222/400
Job 274: 223/400
Job 274: 224/400
Job 274: 225/400
Job 274: 226/400
Job 274: 227/400
Job 274: 228/400
Job 274: 229/400
Job 274: 230/400
Job 274: 231/400
Job 274: 232/400
Job 274: 233/400
Job 274: 234/400
Job 274: 235/400
Job 274: 236/400
Job 274: 237/400
Job 274: 238/400
Job 274: 239/400
Job 274: 240/400
Job 274: 241/400
Job 274: 242/400
Job 274: 243/400
Job 274: 244/400
Job 274: 245/400
Job 274: 246/400
Job 274: 247/400
Job 274: 248/400
Job 274: 249/400
Job 274: 250/400
Job 274: 251/400
Job 274: 252/400
Job 274: 253/400
Job 274: 254/400
Job 274: 255/400
Job 274: 256/400
Job 274: 257/400
Job 274: 258/400
Job 274: 259/400
Job 274: 260/400
Job 274: 261/400
Job 274: 262/400
Job 274: 263/400
Job 274: 264/400
Job 274: 265/400
Job 274: 266/400
Job 274: 267/400
Job 274: 268/400
Job 274: 269/400
Job 274: 270/400
Job 274: 271/400
Job 274: 272/400
Job 274: 273/400
Job 274: 274/400
Job 274: 275/400
Job 274: 276/400
Job 274: 277/400
Job 274: 278/400
Job 274: 279/400
Job 274: 280/400
Job 274: 281/400
Job 274: 282/400
Job 274: 283/400
Job 274: 284/400
Job 274: 285/400
Job 274: 286/400
Job 274: 287/400
Job 274: 288/400
Job 274: 289/400
Job 274: 290/400
Job 274: 291/400
Job 274: 292/400
Job 274: 293/400
Job 274: 294/400
Job 274: 295/400
Job 274: 296/400
Job 274: 297/400
Job 274: 298/400
Job 274: 299/400
Job 274: 300/400
Job 274: 301/400
Job 274: 302/400
Job 274: 303/400
Job 274: 304/400
Job 274: 305/400
Job 274: 306/400
Job 274: 307/400
Job 274: 308/400
Job 274: 309/400
Job 274: 310/400
Job 274: 311/400
Job 274: 312/400
Job 274: 313/400
Job 274: 314/400
Job 274: 315/400
Job 274: 316/400
Job 274: 317/400
Job 274: 318/400
Job 274: 319/400
Job 274: 320/400
Job 274: 321/400
Job 274: 322/400
Job 274: 323/400
Job 274: 324/400
Job 274: 325/400
Job 274: 326/400
Job 274: 327/400
Job 274: 328/400
Job 274: 329/400
Job 274: 330/400
Job 274: 331/400
Job 274: 332/400
Job 274: 333/400
Job 274: 334/400
Job 274: 335/400
Job 274: 336/400
Job 274: 337/400
Job 274: 338/400
Job 274: 339/400
Job 274: 340/400
Job 274: 341/400
Job 274: 342/400
Job 274: 343/400
Job 274: 344/400
Job 274: 345/400
Job 274: 346/400
Job 274: 347/400
Job 274: 348/400
Job 274: 349/400
Job 274: 350/400
Job 274: 351/400
Job 274: 352/400
Job 274: 353/400
Job 274: 354/400
Job 274: 355/400
Job 274: 356/400
Job 274: 357/400
Job 274: 358/400
Job 274: 359/400
Job 274: 360/400
Job 274: 361/400
Job 274: 362/400
Job 274: 363/400
Job 274: 364/400
Job 274: 365/400
Job 274: 366/400
Job 274: 367/400
Job 274: 368/400
Job 274: 369/400
Job 274: 370/400
Job 274: 371/400
Job 274: 372/400
Job 274: 373/400
Job 274: 374/400
Job 274: 375/400
Job 274: 376/400
Job 274: 377/400
Job 274: 378/400
Job 274: 379/400
Job 274: 380/400
Job 274: 381/400
Job 274: 382/400
Job 274: 383/400
Job 274: 384/400
Job 274: 385/400
Job 274: 386/400
Job 274: 387/400
Job 274: 388/400
Job 274: 389/400
Job 274: 390/400
Job 274: 391/400
Job 274: 392/400
Job 274: 393/400
Job 274: 394/400
Job 274: 395/400
Job 274: 396/400
Job 274: 397/400
Job 274: 398/400
Job 274: 399/400
Job 274: 400/400
