Registered S3 methods overwritten by 'susieSlide':
  method              from  
  coef.susie          susieR
  predict.susie       susieR
  print.summary.susie susieR
  summary.susie       susieR
Job 263: 1/400
Job 263: 2/400
Job 263: 3/400
Job 263: 4/400
Job 263: 5/400
Job 263: 6/400
Job 263: 7/400
Job 263: 8/400
Job 263: 9/400
Job 263: 10/400
Job 263: 11/400
Job 263: 12/400
Job 263: 13/400
Job 263: 14/400
Job 263: 15/400
Job 263: 16/400
Job 263: 17/400
Job 263: 18/400
Job 263: 19/400
Job 263: 20/400
Job 263: 21/400
Job 263: 22/400
Job 263: 23/400
Job 263: 24/400
Job 263: 25/400
Job 263: 26/400
Job 263: 27/400
Job 263: 28/400
Job 263: 29/400
Job 263: 30/400
Job 263: 31/400
Job 263: 32/400
Job 263: 33/400
Job 263: 34/400
Job 263: 35/400
Job 263: 36/400
Job 263: 37/400
Job 263: 38/400
Job 263: 39/400
Job 263: 40/400
Job 263: 41/400
Job 263: 42/400
Job 263: 43/400
Job 263: 44/400
Job 263: 45/400
Job 263: 46/400
Job 263: 47/400
Job 263: 48/400
Job 263: 49/400
Job 263: 50/400
Job 263: 51/400
Job 263: 52/400
Job 263: 53/400
Job 263: 54/400
Job 263: 55/400
Job 263: 56/400
Job 263: 57/400
Job 263: 58/400
Job 263: 59/400
Job 263: 60/400
Job 263: 61/400
Job 263: 62/400
Job 263: 63/400
Job 263: 64/400
Job 263: 65/400
Job 263: 66/400
Job 263: 67/400
Job 263: 68/400
Job 263: 69/400
Job 263: 70/400
Job 263: 71/400
Job 263: 72/400
Job 263: 73/400
Job 263: 74/400
Job 263: 75/400
Job 263: 76/400
Job 263: 77/400
Job 263: 78/400
Job 263: 79/400
Job 263: 80/400
Job 263: 81/400
Job 263: 82/400
Job 263: 83/400
Job 263: 84/400
Job 263: 85/400
Job 263: 86/400
Job 263: 87/400
Job 263: 88/400
Job 263: 89/400
Job 263: 90/400
Job 263: 91/400
Job 263: 92/400
Job 263: 93/400
Job 263: 94/400
Job 263: 95/400
Job 263: 96/400
Job 263: 97/400
Job 263: 98/400
Job 263: 99/400
Job 263: 100/400
Job 263: 101/400
Job 263: 102/400
Job 263: 103/400
Job 263: 104/400
Job 263: 105/400
Job 263: 106/400
Job 263: 107/400
Job 263: 108/400
Job 263: 109/400
Job 263: 110/400
Job 263: 111/400
Job 263: 112/400
Job 263: 113/400
Job 263: 114/400
Job 263: 115/400
Job 263: 116/400
Job 263: 117/400
Job 263: 118/400
Job 263: 119/400
Job 263: 120/400
Job 263: 121/400
Job 263: 122/400
Job 263: 123/400
Job 263: 124/400
Job 263: 125/400
Job 263: 126/400
Job 263: 127/400
Job 263: 128/400
Job 263: 129/400
Job 263: 130/400
Job 263: 131/400
Job 263: 132/400
Job 263: 133/400
Job 263: 134/400
Job 263: 135/400
Job 263: 136/400
Job 263: 137/400
Job 263: 138/400
Job 263: 139/400
Job 263: 140/400
Job 263: 141/400
Job 263: 142/400
Job 263: 143/400
Job 263: 144/400
Job 263: 145/400
Job 263: 146/400
Job 263: 147/400
Job 263: 148/400
Job 263: 149/400
Job 263: 150/400
Job 263: 151/400
Job 263: 152/400
Job 263: 153/400
Job 263: 154/400
Job 263: 155/400
Job 263: 156/400
Job 263: 157/400
Job 263: 158/400
Job 263: 159/400
Job 263: 160/400
Job 263: 161/400
Job 263: 162/400
Job 263: 163/400
Job 263: 164/400
Job 263: 165/400
Job 263: 166/400
Job 263: 167/400
Job 263: 168/400
Job 263: 169/400
Job 263: 170/400
Job 263: 171/400
Job 263: 172/400
Job 263: 173/400
Job 263: 174/400
Job 263: 175/400
Job 263: 176/400
Job 263: 177/400
Job 263: 178/400
Job 263: 179/400
Job 263: 180/400
Job 263: 181/400
Job 263: 182/400
Job 263: 183/400
Job 263: 184/400
Job 263: 185/400
Job 263: 186/400
Job 263: 187/400
Job 263: 188/400
Job 263: 189/400
Job 263: 190/400
Job 263: 191/400
Job 263: 192/400
Job 263: 193/400
Job 263: 194/400
Job 263: 195/400
Job 263: 196/400
Job 263: 197/400
Job 263: 198/400
Job 263: 199/400
Job 263: 200/400
Job 263: 201/400
Job 263: 202/400
Job 263: 203/400
Job 263: 204/400
Job 263: 205/400
Job 263: 206/400
Job 263: 207/400
Job 263: 208/400
Job 263: 209/400
Job 263: 210/400
Job 263: 211/400
Job 263: 212/400
Job 263: 213/400
Job 263: 214/400
Job 263: 215/400
Job 263: 216/400
Job 263: 217/400
Job 263: 218/400
Job 263: 219/400
Job 263: 220/400
Job 263: 221/400
Job 263: 222/400
Job 263: 223/400
Job 263: 224/400
Job 263: 225/400
Job 263: 226/400
Job 263: 227/400
Job 263: 228/400
Job 263: 229/400
Job 263: 230/400
Job 263: 231/400
Job 263: 232/400
Job 263: 233/400
Job 263: 234/400
Job 263: 235/400
Job 263: 236/400
Job 263: 237/400
Job 263: 238/400
Job 263: 239/400
Job 263: 240/400
Job 263: 241/400
Job 263: 242/400
Job 263: 243/400
Job 263: 244/400
Job 263: 245/400
Job 263: 246/400
Job 263: 247/400
Job 263: 248/400
Job 263: 249/400
Job 263: 250/400
Job 263: 251/400
Job 263: 252/400
Job 263: 253/400
Job 263: 254/400
Job 263: 255/400
Job 263: 256/400
Job 263: 257/400
Job 263: 258/400
Job 263: 259/400
Job 263: 260/400
Job 263: 261/400
Job 263: 262/400
Job 263: 263/400
Job 263: 264/400
Job 263: 265/400
Job 263: 266/400
Job 263: 267/400
Job 263: 268/400
Job 263: 269/400
Job 263: 270/400
Job 263: 271/400
Job 263: 272/400
Job 263: 273/400
Job 263: 274/400
Job 263: 275/400
Job 263: 276/400
Job 263: 277/400
Job 263: 278/400
Job 263: 279/400
Job 263: 280/400
Job 263: 281/400
Job 263: 282/400
Job 263: 283/400
Job 263: 284/400
Job 263: 285/400
Job 263: 286/400
Job 263: 287/400
Job 263: 288/400
Job 263: 289/400
Job 263: 290/400
Job 263: 291/400
Job 263: 292/400
Job 263: 293/400
Job 263: 294/400
Job 263: 295/400
Job 263: 296/400
Job 263: 297/400
Job 263: 298/400
Job 263: 299/400
Job 263: 300/400
Job 263: 301/400
Job 263: 302/400
Job 263: 303/400
Job 263: 304/400
Job 263: 305/400
Job 263: 306/400
Job 263: 307/400
Job 263: 308/400
Job 263: 309/400
Job 263: 310/400
Job 263: 311/400
Job 263: 312/400
Job 263: 313/400
Job 263: 314/400
Job 263: 315/400
Job 263: 316/400
Job 263: 317/400
Job 263: 318/400
Job 263: 319/400
Job 263: 320/400
Job 263: 321/400
Job 263: 322/400
Job 263: 323/400
Job 263: 324/400
Job 263: 325/400
Job 263: 326/400
Job 263: 327/400
Job 263: 328/400
Job 263: 329/400
Job 263: 330/400
Job 263: 331/400
Job 263: 332/400
Job 263: 333/400
Job 263: 334/400
Job 263: 335/400
Job 263: 336/400
Job 263: 337/400
Job 263: 338/400
Job 263: 339/400
Job 263: 340/400
Job 263: 341/400
Job 263: 342/400
Job 263: 343/400
Job 263: 344/400
Job 263: 345/400
Job 263: 346/400
Job 263: 347/400
Job 263: 348/400
Job 263: 349/400
Job 263: 350/400
Job 263: 351/400
Job 263: 352/400
Job 263: 353/400
Job 263: 354/400
Job 263: 355/400
Job 263: 356/400
Job 263: 357/400
Job 263: 358/400
Job 263: 359/400
Job 263: 360/400
Job 263: 361/400
Job 263: 362/400
Job 263: 363/400
Job 263: 364/400
Job 263: 365/400
Job 263: 366/400
Job 263: 367/400
Job 263: 368/400
Job 263: 369/400
Job 263: 370/400
Job 263: 371/400
Job 263: 372/400
Job 263: 373/400
Job 263: 374/400
Job 263: 375/400
Job 263: 376/400
Job 263: 377/400
Job 263: 378/400
Job 263: 379/400
Job 263: 380/400
Job 263: 381/400
Job 263: 382/400
Job 263: 383/400
Job 263: 384/400
Job 263: 385/400
Job 263: 386/400
Job 263: 387/400
Job 263: 388/400
Job 263: 389/400
Job 263: 390/400
Job 263: 391/400
Job 263: 392/400
Job 263: 393/400
Job 263: 394/400
Job 263: 395/400
Job 263: 396/400
Job 263: 397/400
Job 263: 398/400
Job 263: 399/400
Job 263: 400/400
