Registered S3 methods overwritten by 'susieSlide':
  method              from  
  coef.susie          susieR
  predict.susie       susieR
  print.summary.susie susieR
  summary.susie       susieR
Job 440: 1/400
Job 440: 2/400
Job 440: 3/400
Job 440: 4/400
Job 440: 5/400
Job 440: 6/400
Job 440: 7/400
Job 440: 8/400
Job 440: 9/400
Job 440: 10/400
Job 440: 11/400
Job 440: 12/400
Job 440: 13/400
Job 440: 14/400
Job 440: 15/400
Job 440: 16/400
Job 440: 17/400
Job 440: 18/400
Job 440: 19/400
Job 440: 20/400
Job 440: 21/400
Job 440: 22/400
Job 440: 23/400
Job 440: 24/400
Job 440: 25/400
Job 440: 26/400
Job 440: 27/400
Job 440: 28/400
Job 440: 29/400
Job 440: 30/400
Job 440: 31/400
Job 440: 32/400
Job 440: 33/400
Job 440: 34/400
Job 440: 35/400
Job 440: 36/400
Job 440: 37/400
Job 440: 38/400
Job 440: 39/400
Job 440: 40/400
Job 440: 41/400
Job 440: 42/400
Job 440: 43/400
Job 440: 44/400
Job 440: 45/400
Job 440: 46/400
Job 440: 47/400
Job 440: 48/400
Job 440: 49/400
Job 440: 50/400
Job 440: 51/400
Job 440: 52/400
Job 440: 53/400
Job 440: 54/400
Job 440: 55/400
Job 440: 56/400
Job 440: 57/400
Job 440: 58/400
Job 440: 59/400
Job 440: 60/400
Job 440: 61/400
Job 440: 62/400
Job 440: 63/400
Job 440: 64/400
Job 440: 65/400
Job 440: 66/400
Job 440: 67/400
Job 440: 68/400
Job 440: 69/400
Job 440: 70/400
Job 440: 71/400
Job 440: 72/400
Job 440: 73/400
Job 440: 74/400
Job 440: 75/400
Job 440: 76/400
Job 440: 77/400
Job 440: 78/400
Job 440: 79/400
Job 440: 80/400
Job 440: 81/400
Job 440: 82/400
Job 440: 83/400
Job 440: 84/400
Job 440: 85/400
Job 440: 86/400
Job 440: 87/400
Job 440: 88/400
Job 440: 89/400
Job 440: 90/400
Job 440: 91/400
Job 440: 92/400
Job 440: 93/400
Job 440: 94/400
Job 440: 95/400
Job 440: 96/400
Job 440: 97/400
Job 440: 98/400
Job 440: 99/400
Job 440: 100/400
Job 440: 101/400
Job 440: 102/400
Job 440: 103/400
Job 440: 104/400
Job 440: 105/400
Job 440: 106/400
Job 440: 107/400
Job 440: 108/400
Job 440: 109/400
Job 440: 110/400
Job 440: 111/400
Job 440: 112/400
Job 440: 113/400
Job 440: 114/400
Job 440: 115/400
Job 440: 116/400
Job 440: 117/400
Job 440: 118/400
Job 440: 119/400
Job 440: 120/400
Job 440: 121/400
Job 440: 122/400
Job 440: 123/400
Job 440: 124/400
Job 440: 125/400
Job 440: 126/400
Job 440: 127/400
Job 440: 128/400
Job 440: 129/400
Job 440: 130/400
Job 440: 131/400
Job 440: 132/400
Job 440: 133/400
Job 440: 134/400
Job 440: 135/400
Job 440: 136/400
Job 440: 137/400
Job 440: 138/400
Job 440: 139/400
Job 440: 140/400
Job 440: 141/400
Job 440: 142/400
Job 440: 143/400
Job 440: 144/400
Job 440: 145/400
Job 440: 146/400
Job 440: 147/400
Job 440: 148/400
Job 440: 149/400
Job 440: 150/400
Job 440: 151/400
Job 440: 152/400
Job 440: 153/400
Job 440: 154/400
Job 440: 155/400
Job 440: 156/400
Job 440: 157/400
Job 440: 158/400
Job 440: 159/400
Job 440: 160/400
Job 440: 161/400
Job 440: 162/400
Job 440: 163/400
Job 440: 164/400
Job 440: 165/400
Job 440: 166/400
Job 440: 167/400
Job 440: 168/400
Job 440: 169/400
Job 440: 170/400
Job 440: 171/400
Job 440: 172/400
Job 440: 173/400
Job 440: 174/400
Job 440: 175/400
Job 440: 176/400
Job 440: 177/400
Job 440: 178/400
Job 440: 179/400
Job 440: 180/400
Job 440: 181/400
Job 440: 182/400
Job 440: 183/400
Job 440: 184/400
Job 440: 185/400
Job 440: 186/400
Job 440: 187/400
Job 440: 188/400
Job 440: 189/400
Job 440: 190/400
Job 440: 191/400
Job 440: 192/400
Job 440: 193/400
Job 440: 194/400
Job 440: 195/400
Job 440: 196/400
Job 440: 197/400
Job 440: 198/400
Job 440: 199/400
Job 440: 200/400
Job 440: 201/400
Job 440: 202/400
Job 440: 203/400
Job 440: 204/400
Job 440: 205/400
Job 440: 206/400
Job 440: 207/400
Job 440: 208/400
Job 440: 209/400
Job 440: 210/400
Job 440: 211/400
Job 440: 212/400
Job 440: 213/400
Job 440: 214/400
Job 440: 215/400
Job 440: 216/400
Job 440: 217/400
Job 440: 218/400
Job 440: 219/400
Job 440: 220/400
Job 440: 221/400
Job 440: 222/400
Job 440: 223/400
Job 440: 224/400
Job 440: 225/400
Job 440: 226/400
Job 440: 227/400
Job 440: 228/400
Job 440: 229/400
Job 440: 230/400
Job 440: 231/400
Job 440: 232/400
Job 440: 233/400
Job 440: 234/400
Job 440: 235/400
Job 440: 236/400
Job 440: 237/400
Job 440: 238/400
Job 440: 239/400
Job 440: 240/400
Job 440: 241/400
Job 440: 242/400
Job 440: 243/400
Job 440: 244/400
Job 440: 245/400
Job 440: 246/400
Job 440: 247/400
Job 440: 248/400
Job 440: 249/400
Job 440: 250/400
Job 440: 251/400
Job 440: 252/400
Job 440: 253/400
Job 440: 254/400
Job 440: 255/400
Job 440: 256/400
Job 440: 257/400
Job 440: 258/400
Job 440: 259/400
Job 440: 260/400
Job 440: 261/400
Job 440: 262/400
Job 440: 263/400
Job 440: 264/400
Job 440: 265/400
Job 440: 266/400
Job 440: 267/400
Job 440: 268/400
Job 440: 269/400
Job 440: 270/400
Job 440: 271/400
Job 440: 272/400
Job 440: 273/400
Job 440: 274/400
Job 440: 275/400
Job 440: 276/400
Job 440: 277/400
Job 440: 278/400
Job 440: 279/400
Job 440: 280/400
Job 440: 281/400
Job 440: 282/400
Job 440: 283/400
Job 440: 284/400
Job 440: 285/400
Job 440: 286/400
Job 440: 287/400
Job 440: 288/400
Job 440: 289/400
Job 440: 290/400
Job 440: 291/400
Job 440: 292/400
Job 440: 293/400
Job 440: 294/400
Job 440: 295/400
Job 440: 296/400
Job 440: 297/400
Job 440: 298/400
Job 440: 299/400
Job 440: 300/400
Job 440: 301/400
Job 440: 302/400
Job 440: 303/400
Job 440: 304/400
Job 440: 305/400
Job 440: 306/400
Job 440: 307/400
Job 440: 308/400
Job 440: 309/400
Job 440: 310/400
Job 440: 311/400
Job 440: 312/400
Job 440: 313/400
Job 440: 314/400
Job 440: 315/400
Job 440: 316/400
Job 440: 317/400
Job 440: 318/400
Job 440: 319/400
Job 440: 320/400
Job 440: 321/400
Job 440: 322/400
Job 440: 323/400
Job 440: 324/400
Job 440: 325/400
Job 440: 326/400
Job 440: 327/400
Job 440: 328/400
Job 440: 329/400
Job 440: 330/400
Job 440: 331/400
Job 440: 332/400
Job 440: 333/400
Job 440: 334/400
Job 440: 335/400
Job 440: 336/400
Job 440: 337/400
Job 440: 338/400
Job 440: 339/400
Job 440: 340/400
Job 440: 341/400
Job 440: 342/400
Job 440: 343/400
Job 440: 344/400
Job 440: 345/400
Job 440: 346/400
Job 440: 347/400
Job 440: 348/400
Job 440: 349/400
Job 440: 350/400
Job 440: 351/400
Job 440: 352/400
Job 440: 353/400
Job 440: 354/400
Job 440: 355/400
Job 440: 356/400
Job 440: 357/400
Job 440: 358/400
Job 440: 359/400
Job 440: 360/400
Job 440: 361/400
Job 440: 362/400
Job 440: 363/400
Job 440: 364/400
Job 440: 365/400
Job 440: 366/400
Job 440: 367/400
Job 440: 368/400
Job 440: 369/400
Job 440: 370/400
Job 440: 371/400
Job 440: 372/400
Job 440: 373/400
Job 440: 374/400
Job 440: 375/400
Job 440: 376/400
Job 440: 377/400
Job 440: 378/400
Job 440: 379/400
Job 440: 380/400
Job 440: 381/400
Job 440: 382/400
Job 440: 383/400
Job 440: 384/400
Job 440: 385/400
Job 440: 386/400
Job 440: 387/400
Job 440: 388/400
Job 440: 389/400
Job 440: 390/400
Job 440: 391/400
Job 440: 392/400
Job 440: 393/400
Job 440: 394/400
Job 440: 395/400
Job 440: 396/400
Job 440: 397/400
Job 440: 398/400
Job 440: 399/400
Job 440: 400/400
