Registered S3 methods overwritten by 'susieSlide':
  method              from  
  coef.susie          susieR
  predict.susie       susieR
  print.summary.susie susieR
  summary.susie       susieR
Job 226: 1/400
Job 226: 2/400
Job 226: 3/400
Job 226: 4/400
Job 226: 5/400
Job 226: 6/400
Job 226: 7/400
Job 226: 8/400
Job 226: 9/400
Job 226: 10/400
Job 226: 11/400
Job 226: 12/400
Job 226: 13/400
Job 226: 14/400
Job 226: 15/400
Job 226: 16/400
Job 226: 17/400
Job 226: 18/400
Job 226: 19/400
Job 226: 20/400
Job 226: 21/400
Job 226: 22/400
Job 226: 23/400
Job 226: 24/400
Job 226: 25/400
Job 226: 26/400
Job 226: 27/400
Job 226: 28/400
Job 226: 29/400
Job 226: 30/400
Job 226: 31/400
Job 226: 32/400
Job 226: 33/400
Job 226: 34/400
Job 226: 35/400
Job 226: 36/400
Job 226: 37/400
Job 226: 38/400
Job 226: 39/400
Job 226: 40/400
Job 226: 41/400
Job 226: 42/400
Job 226: 43/400
Job 226: 44/400
Job 226: 45/400
Job 226: 46/400
Job 226: 47/400
Job 226: 48/400
Job 226: 49/400
Job 226: 50/400
Job 226: 51/400
Job 226: 52/400
Job 226: 53/400
Job 226: 54/400
Job 226: 55/400
Job 226: 56/400
Job 226: 57/400
Job 226: 58/400
Job 226: 59/400
Job 226: 60/400
Job 226: 61/400
Job 226: 62/400
Job 226: 63/400
Job 226: 64/400
Job 226: 65/400
Job 226: 66/400
Job 226: 67/400
Job 226: 68/400
Job 226: 69/400
Job 226: 70/400
Job 226: 71/400
Job 226: 72/400
Job 226: 73/400
Job 226: 74/400
Job 226: 75/400
Job 226: 76/400
Job 226: 77/400
Job 226: 78/400
Job 226: 79/400
Job 226: 80/400
Job 226: 81/400
Job 226: 82/400
Job 226: 83/400
Job 226: 84/400
Job 226: 85/400
Job 226: 86/400
Job 226: 87/400
Job 226: 88/400
Job 226: 89/400
Job 226: 90/400
Job 226: 91/400
Job 226: 92/400
Job 226: 93/400
Job 226: 94/400
Job 226: 95/400
Job 226: 96/400
Job 226: 97/400
Job 226: 98/400
Job 226: 99/400
Job 226: 100/400
Job 226: 101/400
Job 226: 102/400
Job 226: 103/400
Job 226: 104/400
Job 226: 105/400
Job 226: 106/400
Job 226: 107/400
Job 226: 108/400
Job 226: 109/400
Job 226: 110/400
Job 226: 111/400
Job 226: 112/400
Job 226: 113/400
Job 226: 114/400
Job 226: 115/400
Job 226: 116/400
Job 226: 117/400
Job 226: 118/400
Job 226: 119/400
Job 226: 120/400
Job 226: 121/400
Job 226: 122/400
Job 226: 123/400
Job 226: 124/400
Job 226: 125/400
Job 226: 126/400
Job 226: 127/400
Job 226: 128/400
Job 226: 129/400
Job 226: 130/400
Job 226: 131/400
Job 226: 132/400
Job 226: 133/400
Job 226: 134/400
Job 226: 135/400
Job 226: 136/400
Job 226: 137/400
Job 226: 138/400
Job 226: 139/400
Job 226: 140/400
Job 226: 141/400
Job 226: 142/400
Job 226: 143/400
Job 226: 144/400
Job 226: 145/400
Job 226: 146/400
Job 226: 147/400
Job 226: 148/400
Job 226: 149/400
Job 226: 150/400
Job 226: 151/400
Job 226: 152/400
Job 226: 153/400
Job 226: 154/400
Job 226: 155/400
Job 226: 156/400
Job 226: 157/400
Job 226: 158/400
Job 226: 159/400
Job 226: 160/400
Job 226: 161/400
Job 226: 162/400
Job 226: 163/400
Job 226: 164/400
Job 226: 165/400
Job 226: 166/400
Job 226: 167/400
Job 226: 168/400
Job 226: 169/400
Job 226: 170/400
Job 226: 171/400
Job 226: 172/400
Job 226: 173/400
Job 226: 174/400
Job 226: 175/400
Job 226: 176/400
Job 226: 177/400
Job 226: 178/400
Job 226: 179/400
Job 226: 180/400
Job 226: 181/400
Job 226: 182/400
Job 226: 183/400
Job 226: 184/400
Job 226: 185/400
Job 226: 186/400
Job 226: 187/400
Job 226: 188/400
Job 226: 189/400
Job 226: 190/400
Job 226: 191/400
Job 226: 192/400
Job 226: 193/400
Job 226: 194/400
Job 226: 195/400
Job 226: 196/400
Job 226: 197/400
Job 226: 198/400
Job 226: 199/400
Job 226: 200/400
Job 226: 201/400
Job 226: 202/400
Job 226: 203/400
Job 226: 204/400
Job 226: 205/400
Job 226: 206/400
Job 226: 207/400
Job 226: 208/400
Job 226: 209/400
Job 226: 210/400
Job 226: 211/400
Job 226: 212/400
Job 226: 213/400
Job 226: 214/400
Job 226: 215/400
Job 226: 216/400
Job 226: 217/400
Job 226: 218/400
Job 226: 219/400
Job 226: 220/400
Job 226: 221/400
Job 226: 222/400
Job 226: 223/400
Job 226: 224/400
Job 226: 225/400
Job 226: 226/400
Job 226: 227/400
Job 226: 228/400
Job 226: 229/400
Job 226: 230/400
Job 226: 231/400
Job 226: 232/400
Job 226: 233/400
Job 226: 234/400
Job 226: 235/400
Job 226: 236/400
Job 226: 237/400
Job 226: 238/400
Job 226: 239/400
Job 226: 240/400
Job 226: 241/400
Job 226: 242/400
Job 226: 243/400
Job 226: 244/400
Job 226: 245/400
Job 226: 246/400
Job 226: 247/400
Job 226: 248/400
Job 226: 249/400
Job 226: 250/400
Job 226: 251/400
Job 226: 252/400
Job 226: 253/400
Job 226: 254/400
Job 226: 255/400
Job 226: 256/400
Job 226: 257/400
Job 226: 258/400
Job 226: 259/400
Job 226: 260/400
Job 226: 261/400
Job 226: 262/400
Job 226: 263/400
Job 226: 264/400
Job 226: 265/400
Job 226: 266/400
Job 226: 267/400
Job 226: 268/400
Job 226: 269/400
Job 226: 270/400
Job 226: 271/400
Job 226: 272/400
Job 226: 273/400
Job 226: 274/400
Job 226: 275/400
Job 226: 276/400
Job 226: 277/400
Job 226: 278/400
Job 226: 279/400
Job 226: 280/400
Job 226: 281/400
Job 226: 282/400
Job 226: 283/400
Job 226: 284/400
Job 226: 285/400
Job 226: 286/400
Job 226: 287/400
Job 226: 288/400
Job 226: 289/400
Job 226: 290/400
Job 226: 291/400
Job 226: 292/400
Job 226: 293/400
Job 226: 294/400
Job 226: 295/400
Job 226: 296/400
Job 226: 297/400
Job 226: 298/400
Job 226: 299/400
Job 226: 300/400
Job 226: 301/400
Job 226: 302/400
Job 226: 303/400
Job 226: 304/400
Job 226: 305/400
Job 226: 306/400
Job 226: 307/400
Job 226: 308/400
Job 226: 309/400
Job 226: 310/400
Job 226: 311/400
Job 226: 312/400
Job 226: 313/400
Job 226: 314/400
Job 226: 315/400
Job 226: 316/400
Job 226: 317/400
Job 226: 318/400
Job 226: 319/400
Job 226: 320/400
Job 226: 321/400
Job 226: 322/400
Job 226: 323/400
Job 226: 324/400
Job 226: 325/400
Job 226: 326/400
Job 226: 327/400
Job 226: 328/400
Job 226: 329/400
Job 226: 330/400
Job 226: 331/400
Job 226: 332/400
Job 226: 333/400
Job 226: 334/400
Job 226: 335/400
Job 226: 336/400
Job 226: 337/400
Job 226: 338/400
Job 226: 339/400
Job 226: 340/400
Job 226: 341/400
Job 226: 342/400
Job 226: 343/400
Job 226: 344/400
Job 226: 345/400
Job 226: 346/400
Job 226: 347/400
Job 226: 348/400
Job 226: 349/400
Job 226: 350/400
Job 226: 351/400
Job 226: 352/400
Job 226: 353/400
Job 226: 354/400
Job 226: 355/400
Job 226: 356/400
Job 226: 357/400
Job 226: 358/400
Job 226: 359/400
Job 226: 360/400
Job 226: 361/400
Job 226: 362/400
Job 226: 363/400
Job 226: 364/400
Job 226: 365/400
Job 226: 366/400
Job 226: 367/400
Job 226: 368/400
Job 226: 369/400
Job 226: 370/400
Job 226: 371/400
Job 226: 372/400
Job 226: 373/400
Job 226: 374/400
Job 226: 375/400
Job 226: 376/400
Job 226: 377/400
Job 226: 378/400
Job 226: 379/400
Job 226: 380/400
Job 226: 381/400
Job 226: 382/400
Job 226: 383/400
Job 226: 384/400
Job 226: 385/400
Job 226: 386/400
Job 226: 387/400
Job 226: 388/400
Job 226: 389/400
Job 226: 390/400
Job 226: 391/400
Job 226: 392/400
Job 226: 393/400
Job 226: 394/400
Job 226: 395/400
Job 226: 396/400
Job 226: 397/400
Job 226: 398/400
Job 226: 399/400
Job 226: 400/400
