Registered S3 methods overwritten by 'susieSlide':
  method              from  
  coef.susie          susieR
  predict.susie       susieR
  print.summary.susie susieR
  summary.susie       susieR
Job 98: 1/400
Job 98: 2/400
Job 98: 3/400
Job 98: 4/400
Job 98: 5/400
Job 98: 6/400
Job 98: 7/400
Job 98: 8/400
Job 98: 9/400
Job 98: 10/400
Job 98: 11/400
Job 98: 12/400
Job 98: 13/400
Job 98: 14/400
Job 98: 15/400
Job 98: 16/400
Job 98: 17/400
Job 98: 18/400
Job 98: 19/400
Job 98: 20/400
Job 98: 21/400
Job 98: 22/400
Job 98: 23/400
Job 98: 24/400
Job 98: 25/400
Job 98: 26/400
Job 98: 27/400
Job 98: 28/400
Job 98: 29/400
Job 98: 30/400
Job 98: 31/400
Job 98: 32/400
Job 98: 33/400
Job 98: 34/400
Job 98: 35/400
Job 98: 36/400
Job 98: 37/400
Job 98: 38/400
Job 98: 39/400
Job 98: 40/400
Job 98: 41/400
Job 98: 42/400
Job 98: 43/400
Job 98: 44/400
Job 98: 45/400
Job 98: 46/400
Job 98: 47/400
Job 98: 48/400
Job 98: 49/400
Job 98: 50/400
Job 98: 51/400
Job 98: 52/400
Job 98: 53/400
Job 98: 54/400
Job 98: 55/400
Job 98: 56/400
Job 98: 57/400
Job 98: 58/400
Job 98: 59/400
Job 98: 60/400
Job 98: 61/400
Job 98: 62/400
Job 98: 63/400
Job 98: 64/400
Job 98: 65/400
Job 98: 66/400
Job 98: 67/400
Job 98: 68/400
Job 98: 69/400
Job 98: 70/400
Job 98: 71/400
Job 98: 72/400
Job 98: 73/400
Job 98: 74/400
Job 98: 75/400
Job 98: 76/400
Job 98: 77/400
Job 98: 78/400
Job 98: 79/400
Job 98: 80/400
Job 98: 81/400
Job 98: 82/400
Job 98: 83/400
Job 98: 84/400
Job 98: 85/400
Job 98: 86/400
Job 98: 87/400
Job 98: 88/400
Job 98: 89/400
Job 98: 90/400
Job 98: 91/400
Job 98: 92/400
Job 98: 93/400
Job 98: 94/400
Job 98: 95/400
Job 98: 96/400
Job 98: 97/400
Job 98: 98/400
Job 98: 99/400
Job 98: 100/400
Job 98: 101/400
Job 98: 102/400
Job 98: 103/400
Job 98: 104/400
Job 98: 105/400
Job 98: 106/400
Job 98: 107/400
Job 98: 108/400
Job 98: 109/400
Job 98: 110/400
Job 98: 111/400
Job 98: 112/400
Job 98: 113/400
Job 98: 114/400
Job 98: 115/400
Job 98: 116/400
Job 98: 117/400
Job 98: 118/400
Job 98: 119/400
Job 98: 120/400
Job 98: 121/400
Job 98: 122/400
Job 98: 123/400
Job 98: 124/400
Job 98: 125/400
Job 98: 126/400
Job 98: 127/400
Job 98: 128/400
Job 98: 129/400
Job 98: 130/400
Job 98: 131/400
Job 98: 132/400
Job 98: 133/400
Job 98: 134/400
Job 98: 135/400
Job 98: 136/400
Job 98: 137/400
Job 98: 138/400
Job 98: 139/400
Job 98: 140/400
Job 98: 141/400
Job 98: 142/400
Job 98: 143/400
Job 98: 144/400
Job 98: 145/400
Job 98: 146/400
Job 98: 147/400
Job 98: 148/400
Job 98: 149/400
Job 98: 150/400
Job 98: 151/400
Job 98: 152/400
Job 98: 153/400
Job 98: 154/400
Job 98: 155/400
Job 98: 156/400
Job 98: 157/400
Job 98: 158/400
Job 98: 159/400
Job 98: 160/400
Job 98: 161/400
Job 98: 162/400
Job 98: 163/400
Job 98: 164/400
Job 98: 165/400
Job 98: 166/400
Job 98: 167/400
Job 98: 168/400
Job 98: 169/400
Job 98: 170/400
Job 98: 171/400
Job 98: 172/400
Job 98: 173/400
Job 98: 174/400
Job 98: 175/400
Job 98: 176/400
Job 98: 177/400
Job 98: 178/400
Job 98: 179/400
Job 98: 180/400
Job 98: 181/400
Job 98: 182/400
Job 98: 183/400
Job 98: 184/400
Job 98: 185/400
Job 98: 186/400
Job 98: 187/400
Job 98: 188/400
Job 98: 189/400
Job 98: 190/400
Job 98: 191/400
Job 98: 192/400
Job 98: 193/400
Job 98: 194/400
Job 98: 195/400
Job 98: 196/400
Job 98: 197/400
Job 98: 198/400
Job 98: 199/400
Job 98: 200/400
Job 98: 201/400
Job 98: 202/400
Job 98: 203/400
Job 98: 204/400
Job 98: 205/400
Job 98: 206/400
Job 98: 207/400
Job 98: 208/400
Job 98: 209/400
Job 98: 210/400
Job 98: 211/400
Job 98: 212/400
Job 98: 213/400
Job 98: 214/400
Job 98: 215/400
Job 98: 216/400
Job 98: 217/400
Job 98: 218/400
Job 98: 219/400
Job 98: 220/400
Job 98: 221/400
Job 98: 222/400
Job 98: 223/400
Job 98: 224/400
Job 98: 225/400
Job 98: 226/400
Job 98: 227/400
Job 98: 228/400
Job 98: 229/400
Job 98: 230/400
Job 98: 231/400
Job 98: 232/400
Job 98: 233/400
Job 98: 234/400
Job 98: 235/400
Job 98: 236/400
Job 98: 237/400
Job 98: 238/400
Job 98: 239/400
Job 98: 240/400
Job 98: 241/400
Job 98: 242/400
Job 98: 243/400
Job 98: 244/400
Job 98: 245/400
Job 98: 246/400
Job 98: 247/400
Job 98: 248/400
Job 98: 249/400
Job 98: 250/400
Job 98: 251/400
Job 98: 252/400
Job 98: 253/400
Job 98: 254/400
Job 98: 255/400
Job 98: 256/400
Job 98: 257/400
Job 98: 258/400
Job 98: 259/400
Job 98: 260/400
Job 98: 261/400
Job 98: 262/400
Job 98: 263/400
Job 98: 264/400
Job 98: 265/400
Job 98: 266/400
Job 98: 267/400
Job 98: 268/400
Job 98: 269/400
Job 98: 270/400
Job 98: 271/400
Job 98: 272/400
Job 98: 273/400
Job 98: 274/400
Job 98: 275/400
Job 98: 276/400
Job 98: 277/400
Job 98: 278/400
Job 98: 279/400
Job 98: 280/400
Job 98: 281/400
Job 98: 282/400
Job 98: 283/400
Job 98: 284/400
Job 98: 285/400
Job 98: 286/400
Job 98: 287/400
Job 98: 288/400
Job 98: 289/400
Job 98: 290/400
Job 98: 291/400
Job 98: 292/400
Job 98: 293/400
Job 98: 294/400
Job 98: 295/400
Job 98: 296/400
Job 98: 297/400
Job 98: 298/400
Job 98: 299/400
Job 98: 300/400
Job 98: 301/400
Job 98: 302/400
Job 98: 303/400
Job 98: 304/400
Job 98: 305/400
Job 98: 306/400
Job 98: 307/400
Job 98: 308/400
Job 98: 309/400
Job 98: 310/400
Job 98: 311/400
Job 98: 312/400
Job 98: 313/400
Job 98: 314/400
Job 98: 315/400
Job 98: 316/400
Job 98: 317/400
Job 98: 318/400
Job 98: 319/400
Job 98: 320/400
Job 98: 321/400
Job 98: 322/400
Job 98: 323/400
Job 98: 324/400
Job 98: 325/400
Job 98: 326/400
Job 98: 327/400
Job 98: 328/400
Job 98: 329/400
Job 98: 330/400
Job 98: 331/400
Job 98: 332/400
Job 98: 333/400
Job 98: 334/400
Job 98: 335/400
Job 98: 336/400
Job 98: 337/400
Job 98: 338/400
Job 98: 339/400
Job 98: 340/400
Job 98: 341/400
Job 98: 342/400
Job 98: 343/400
Job 98: 344/400
Job 98: 345/400
Job 98: 346/400
Job 98: 347/400
Job 98: 348/400
Job 98: 349/400
Job 98: 350/400
Job 98: 351/400
Job 98: 352/400
Job 98: 353/400
Job 98: 354/400
Job 98: 355/400
Job 98: 356/400
Job 98: 357/400
Job 98: 358/400
Job 98: 359/400
Job 98: 360/400
Job 98: 361/400
Job 98: 362/400
Job 98: 363/400
Job 98: 364/400
Job 98: 365/400
Job 98: 366/400
Job 98: 367/400
Job 98: 368/400
Job 98: 369/400
Job 98: 370/400
Job 98: 371/400
Job 98: 372/400
Job 98: 373/400
Job 98: 374/400
Job 98: 375/400
Job 98: 376/400
Job 98: 377/400
Job 98: 378/400
Job 98: 379/400
Job 98: 380/400
Job 98: 381/400
Job 98: 382/400
Job 98: 383/400
Job 98: 384/400
Job 98: 385/400
Job 98: 386/400
Job 98: 387/400
Job 98: 388/400
Job 98: 389/400
Job 98: 390/400
Job 98: 391/400
Job 98: 392/400
Job 98: 393/400
Job 98: 394/400
Job 98: 395/400
Job 98: 396/400
Job 98: 397/400
Job 98: 398/400
Job 98: 399/400
Job 98: 400/400
