Registered S3 methods overwritten by 'susieSlide':
  method              from  
  coef.susie          susieR
  predict.susie       susieR
  print.summary.susie susieR
  summary.susie       susieR
Job 688: 1/400
Job 688: 2/400
Job 688: 3/400
Job 688: 4/400
Job 688: 5/400
Job 688: 6/400
Job 688: 7/400
Job 688: 8/400
Job 688: 9/400
Job 688: 10/400
Job 688: 11/400
Job 688: 12/400
Job 688: 13/400
Job 688: 14/400
Job 688: 15/400
Job 688: 16/400
Job 688: 17/400
Job 688: 18/400
Job 688: 19/400
Job 688: 20/400
Job 688: 21/400 ERROR: No .raw files found in temp_dir.
Job 688: 22/400 ERROR: No .raw files found in temp_dir.
Job 688: 23/400 ERROR: No .raw files found in temp_dir.
Job 688: 24/400 ERROR: No .raw files found in temp_dir.
Job 688: 25/400 ERROR: No .raw files found in temp_dir.
Job 688: 26/400 ERROR: No .raw files found in temp_dir.
Job 688: 27/400 ERROR: No .raw files found in temp_dir.
Job 688: 28/400 ERROR: No .raw files found in temp_dir.
Job 688: 29/400 ERROR: No .raw files found in temp_dir.
Job 688: 30/400 ERROR: No .raw files found in temp_dir.
Job 688: 31/400 ERROR: No .raw files found in temp_dir.
Job 688: 32/400 ERROR: No .raw files found in temp_dir.
Job 688: 33/400 ERROR: No .raw files found in temp_dir.
Job 688: 34/400 ERROR: No .raw files found in temp_dir.
Job 688: 35/400 ERROR: No .raw files found in temp_dir.
Job 688: 36/400 ERROR: No .raw files found in temp_dir.
Job 688: 37/400 ERROR: No .raw files found in temp_dir.
Job 688: 38/400 ERROR: No .raw files found in temp_dir.
Job 688: 39/400 ERROR: No .raw files found in temp_dir.
Job 688: 40/400 ERROR: No .raw files found in temp_dir.
Job 688: 41/400 ERROR: No .raw files found in temp_dir.
Job 688: 42/400 ERROR: No .raw files found in temp_dir.
Job 688: 43/400 ERROR: No .raw files found in temp_dir.
Job 688: 44/400 ERROR: No .raw files found in temp_dir.
Job 688: 45/400 ERROR: No .raw files found in temp_dir.
Job 688: 46/400 ERROR: No .raw files found in temp_dir.
Job 688: 47/400 ERROR: No .raw files found in temp_dir.
Job 688: 48/400 ERROR: No .raw files found in temp_dir.
Job 688: 49/400 ERROR: No .raw files found in temp_dir.
Job 688: 50/400 ERROR: No .raw files found in temp_dir.
Job 688: 51/400 ERROR: No .raw files found in temp_dir.
Job 688: 52/400 ERROR: No .raw files found in temp_dir.
Job 688: 53/400 ERROR: No .raw files found in temp_dir.
Job 688: 54/400 ERROR: No .raw files found in temp_dir.
Job 688: 55/400 ERROR: No .raw files found in temp_dir.
Job 688: 56/400 ERROR: No .raw files found in temp_dir.
Job 688: 57/400 ERROR: No .raw files found in temp_dir.
Job 688: 58/400 ERROR: No .raw files found in temp_dir.
Job 688: 59/400 ERROR: No .raw files found in temp_dir.
Job 688: 60/400 ERROR: No .raw files found in temp_dir.
Job 688: 61/400 ERROR: No .raw files found in temp_dir.
Job 688: 62/400 ERROR: No .raw files found in temp_dir.
Job 688: 63/400 ERROR: No .raw files found in temp_dir.
Job 688: 64/400 ERROR: No .raw files found in temp_dir.
Job 688: 65/400 ERROR: No .raw files found in temp_dir.
Job 688: 66/400 ERROR: No .raw files found in temp_dir.
Job 688: 67/400 ERROR: No .raw files found in temp_dir.
Job 688: 68/400 ERROR: No .raw files found in temp_dir.
Job 688: 69/400 ERROR: No .raw files found in temp_dir.
Job 688: 70/400 ERROR: No .raw files found in temp_dir.
Job 688: 71/400 ERROR: No .raw files found in temp_dir.
Job 688: 72/400 ERROR: No .raw files found in temp_dir.
Job 688: 73/400 ERROR: No .raw files found in temp_dir.
Job 688: 74/400 ERROR: No .raw files found in temp_dir.
Job 688: 75/400 ERROR: No .raw files found in temp_dir.
Job 688: 76/400 ERROR: No .raw files found in temp_dir.
Job 688: 77/400 ERROR: No .raw files found in temp_dir.
Job 688: 78/400 ERROR: No .raw files found in temp_dir.
Job 688: 79/400 ERROR: No .raw files found in temp_dir.
Job 688: 80/400 ERROR: No .raw files found in temp_dir.
Job 688: 81/400 ERROR: No .raw files found in temp_dir.
Job 688: 82/400 ERROR: No .raw files found in temp_dir.
Job 688: 83/400 ERROR: No .raw files found in temp_dir.
Job 688: 84/400 ERROR: No .raw files found in temp_dir.
Job 688: 85/400 ERROR: No .raw files found in temp_dir.
Job 688: 86/400 ERROR: No .raw files found in temp_dir.
Job 688: 87/400 ERROR: No .raw files found in temp_dir.
Job 688: 88/400 ERROR: No .raw files found in temp_dir.
Job 688: 89/400 ERROR: No .raw files found in temp_dir.
Job 688: 90/400 ERROR: No .raw files found in temp_dir.
Job 688: 91/400 ERROR: Not enough donors for the requested n.
Job 688: 92/400
Job 688: 93/400
Job 688: 94/400
Job 688: 95/400
Job 688: 96/400
Job 688: 97/400
Job 688: 98/400
Job 688: 99/400
Job 688: 100/400
Job 688: 101/400
Job 688: 102/400
Job 688: 103/400
Job 688: 104/400
Job 688: 105/400
Job 688: 106/400
Job 688: 107/400
Job 688: 108/400
Job 688: 109/400
Job 688: 110/400
Job 688: 111/400
Job 688: 112/400
Job 688: 113/400
Job 688: 114/400
Job 688: 115/400
Job 688: 116/400
Job 688: 117/400
Job 688: 118/400 ERROR: No .raw files found in temp_dir.
Job 688: 119/400 ERROR: No .raw files found in temp_dir.
Job 688: 120/400 ERROR: No .raw files found in temp_dir.
Job 688: 121/400 ERROR: No .raw files found in temp_dir.
Job 688: 122/400 ERROR: No .raw files found in temp_dir.
Job 688: 123/400 ERROR: No .raw files found in temp_dir.
Job 688: 124/400 ERROR: No .raw files found in temp_dir.
Job 688: 125/400 ERROR: No .raw files found in temp_dir.
Job 688: 126/400 ERROR: No .raw files found in temp_dir.
Job 688: 127/400 ERROR: No .raw files found in temp_dir.
Job 688: 128/400 ERROR: No .raw files found in temp_dir.
Job 688: 129/400 ERROR: No .raw files found in temp_dir.
Job 688: 130/400 ERROR: No .raw files found in temp_dir.
Job 688: 131/400 ERROR: No .raw files found in temp_dir.
Job 688: 132/400 ERROR: No .raw files found in temp_dir.
Job 688: 133/400 ERROR: No .raw files found in temp_dir.
Job 688: 134/400 ERROR: No .raw files found in temp_dir.
Job 688: 135/400 ERROR: No .raw files found in temp_dir.
Job 688: 136/400 ERROR: No .raw files found in temp_dir.
Job 688: 137/400 ERROR: No .raw files found in temp_dir.
Job 688: 138/400 ERROR: No .raw files found in temp_dir.
Job 688: 139/400 ERROR: No .raw files found in temp_dir.
Job 688: 140/400 ERROR: No .raw files found in temp_dir.
Job 688: 141/400 ERROR: No .raw files found in temp_dir.
Job 688: 142/400 ERROR: No .raw files found in temp_dir.
Job 688: 143/400 ERROR: No .raw files found in temp_dir.
Job 688: 144/400 ERROR: No .raw files found in temp_dir.
Job 688: 145/400 ERROR: No .raw files found in temp_dir.
Job 688: 146/400 ERROR: No .raw files found in temp_dir.
Job 688: 147/400 ERROR: No .raw files found in temp_dir.
Job 688: 148/400 ERROR: No .raw files found in temp_dir.
Job 688: 149/400 ERROR: No .raw files found in temp_dir.
Job 688: 150/400 ERROR: No .raw files found in temp_dir.
Job 688: 151/400 ERROR: No .raw files found in temp_dir.
Job 688: 152/400 ERROR: No .raw files found in temp_dir.
Job 688: 153/400 ERROR: No .raw files found in temp_dir.
Job 688: 154/400 ERROR: No .raw files found in temp_dir.
Job 688: 155/400 ERROR: No .raw files found in temp_dir.
Job 688: 156/400 ERROR: No .raw files found in temp_dir.
Job 688: 157/400 ERROR: No .raw files found in temp_dir.
Job 688: 158/400 ERROR: No .raw files found in temp_dir.
Job 688: 159/400 ERROR: No .raw files found in temp_dir.
Job 688: 160/400 ERROR: No .raw files found in temp_dir.
Job 688: 161/400 ERROR: No .raw files found in temp_dir.
Job 688: 162/400 ERROR: Not enough donors for the requested n.
Job 688: 163/400
Job 688: 164/400
Job 688: 165/400
Job 688: 166/400
Job 688: 167/400
Job 688: 168/400
Job 688: 169/400
Job 688: 170/400
Job 688: 171/400
Job 688: 172/400
Job 688: 173/400
Job 688: 174/400
Job 688: 175/400
Job 688: 176/400
Job 688: 177/400
Job 688: 178/400
Job 688: 179/400
Job 688: 180/400
Job 688: 181/400
Job 688: 182/400
Job 688: 183/400
Job 688: 184/400
Job 688: 185/400
Job 688: 186/400
Job 688: 187/400
Job 688: 188/400
Job 688: 189/400
Job 688: 190/400 ERROR: No .raw files found in temp_dir.
Job 688: 191/400 ERROR: No .raw files found in temp_dir.
Job 688: 192/400 ERROR: No .raw files found in temp_dir.
Job 688: 193/400 ERROR: No .raw files found in temp_dir.
Job 688: 194/400 ERROR: No .raw files found in temp_dir.
Job 688: 195/400 ERROR: No .raw files found in temp_dir.
Job 688: 196/400 ERROR: No .raw files found in temp_dir.
Job 688: 197/400 ERROR: No .raw files found in temp_dir.
Job 688: 198/400 ERROR: No .raw files found in temp_dir.
Job 688: 199/400 ERROR: No .raw files found in temp_dir.
Job 688: 200/400 ERROR: No .raw files found in temp_dir.
Job 688: 201/400 ERROR: No .raw files found in temp_dir.
Job 688: 202/400 ERROR: No .raw files found in temp_dir.
Job 688: 203/400 ERROR: No .raw files found in temp_dir.
Job 688: 204/400 ERROR: No .raw files found in temp_dir.
Job 688: 205/400 ERROR: No .raw files found in temp_dir.
Job 688: 206/400 ERROR: No .raw files found in temp_dir.
Job 688: 207/400 ERROR: No .raw files found in temp_dir.
Job 688: 208/400 ERROR: No .raw files found in temp_dir.
Job 688: 209/400 ERROR: No .raw files found in temp_dir.
Job 688: 210/400 ERROR: No .raw files found in temp_dir.
Job 688: 211/400 ERROR: No .raw files found in temp_dir.
Job 688: 212/400 ERROR: No .raw files found in temp_dir.
Job 688: 213/400 ERROR: No .raw files found in temp_dir.
Job 688: 214/400 ERROR: No .raw files found in temp_dir.
Job 688: 215/400 ERROR: No .raw files found in temp_dir.
Job 688: 216/400 ERROR: No .raw files found in temp_dir.
Job 688: 217/400 ERROR: No .raw files found in temp_dir.
Job 688: 218/400 ERROR: No .raw files found in temp_dir.
Job 688: 219/400 ERROR: No .raw files found in temp_dir.
Job 688: 220/400 ERROR: No .raw files found in temp_dir.
Job 688: 221/400 ERROR: No .raw files found in temp_dir.
Job 688: 222/400 ERROR: No .raw files found in temp_dir.
Job 688: 223/400 ERROR: No .raw files found in temp_dir.
Job 688: 224/400 ERROR: No .raw files found in temp_dir.
Job 688: 225/400 ERROR: No .raw files found in temp_dir.
Job 688: 226/400 ERROR: No .raw files found in temp_dir.
Job 688: 227/400 ERROR: No .raw files found in temp_dir.
Job 688: 228/400 ERROR: No .raw files found in temp_dir.
Job 688: 229/400 ERROR: No .raw files found in temp_dir.
Job 688: 230/400 ERROR: No .raw files found in temp_dir.
Job 688: 231/400 ERROR: No .raw files found in temp_dir.
Job 688: 232/400 ERROR: No .raw files found in temp_dir.
Job 688: 233/400 ERROR: No .raw files found in temp_dir.
Job 688: 234/400 ERROR: No .raw files found in temp_dir.
Job 688: 235/400 ERROR: No .raw files found in temp_dir.
Job 688: 236/400 ERROR: No .raw files found in temp_dir.
Job 688: 237/400 ERROR: No .raw files found in temp_dir.
Job 688: 238/400 ERROR: No .raw files found in temp_dir.
Job 688: 239/400 ERROR: No .raw files found in temp_dir.
Job 688: 240/400 ERROR: No .raw files found in temp_dir.
Job 688: 241/400 ERROR: No .raw files found in temp_dir.
Job 688: 242/400 ERROR: No .raw files found in temp_dir.
Job 688: 243/400 ERROR: No .raw files found in temp_dir.
Job 688: 244/400 ERROR: No .raw files found in temp_dir.
Job 688: 245/400 ERROR: No .raw files found in temp_dir.
Job 688: 246/400 ERROR: No .raw files found in temp_dir.
Job 688: 247/400 ERROR: No .raw files found in temp_dir.
Job 688: 248/400 ERROR: No .raw files found in temp_dir.
Job 688: 249/400 ERROR: No .raw files found in temp_dir.
Job 688: 250/400 ERROR: No .raw files found in temp_dir.
Job 688: 251/400 ERROR: No .raw files found in temp_dir.
Job 688: 252/400 ERROR: No .raw files found in temp_dir.
Job 688: 253/400 ERROR: No .raw files found in temp_dir.
Job 688: 254/400 ERROR: No .raw files found in temp_dir.
Job 688: 255/400 ERROR: No .raw files found in temp_dir.
Job 688: 256/400 ERROR: No .raw files found in temp_dir.
Job 688: 257/400 ERROR: No .raw files found in temp_dir.
Job 688: 258/400 ERROR: No .raw files found in temp_dir.
Job 688: 259/400 ERROR: No .raw files found in temp_dir.
Job 688: 260/400 ERROR: No .raw files found in temp_dir.
Job 688: 261/400 ERROR: No .raw files found in temp_dir.
Job 688: 262/400 ERROR: No .raw files found in temp_dir.
Job 688: 263/400 ERROR: No .raw files found in temp_dir.
Job 688: 264/400 ERROR: No .raw files found in temp_dir.
Job 688: 265/400 ERROR: No .raw files found in temp_dir.
Job 688: 266/400 ERROR: No .raw files found in temp_dir.
Job 688: 267/400 ERROR: No .raw files found in temp_dir.
Job 688: 268/400 ERROR: No .raw files found in temp_dir.
Job 688: 269/400 ERROR: No .raw files found in temp_dir.
Job 688: 270/400 ERROR: No .raw files found in temp_dir.
Job 688: 271/400 ERROR: No .raw files found in temp_dir.
Job 688: 272/400 ERROR: No .raw files found in temp_dir.
Job 688: 273/400 ERROR: No .raw files found in temp_dir.
Job 688: 274/400 ERROR: No .raw files found in temp_dir.
Job 688: 275/400 ERROR: No .raw files found in temp_dir.
Job 688: 276/400 ERROR: No .raw files found in temp_dir.
Job 688: 277/400 ERROR: No .raw files found in temp_dir.
Job 688: 278/400 ERROR: No .raw files found in temp_dir.
Job 688: 279/400 ERROR: No .raw files found in temp_dir.
Job 688: 280/400 ERROR: No .raw files found in temp_dir.
Job 688: 281/400 ERROR: No .raw files found in temp_dir.
Job 688: 282/400 ERROR: No .raw files found in temp_dir.
Job 688: 283/400 ERROR: No .raw files found in temp_dir.
Job 688: 284/400 ERROR: No .raw files found in temp_dir.
Job 688: 285/400 ERROR: No .raw files found in temp_dir.
Job 688: 286/400 ERROR: No .raw files found in temp_dir.
Job 688: 287/400 ERROR: No .raw files found in temp_dir.
Job 688: 288/400 ERROR: No .raw files found in temp_dir.
Job 688: 289/400 ERROR: No .raw files found in temp_dir.
Job 688: 290/400 ERROR: No .raw files found in temp_dir.
Job 688: 291/400 ERROR: No .raw files found in temp_dir.
Job 688: 292/400 ERROR: No .raw files found in temp_dir.
Job 688: 293/400 ERROR: No .raw files found in temp_dir.
Job 688: 294/400 ERROR: No .raw files found in temp_dir.
Job 688: 295/400 ERROR: No .raw files found in temp_dir.
Job 688: 296/400 ERROR: No .raw files found in temp_dir.
Job 688: 297/400 ERROR: No .raw files found in temp_dir.
Job 688: 298/400 ERROR: No .raw files found in temp_dir.
Job 688: 299/400 ERROR: No .raw files found in temp_dir.
Job 688: 300/400 ERROR: No .raw files found in temp_dir.
Job 688: 301/400 ERROR: No .raw files found in temp_dir.
Job 688: 302/400 ERROR: No .raw files found in temp_dir.
Job 688: 303/400 ERROR: No .raw files found in temp_dir.
Job 688: 304/400 ERROR: No .raw files found in temp_dir.
Job 688: 305/400 ERROR: No .raw files found in temp_dir.
Job 688: 306/400 ERROR: No .raw files found in temp_dir.
Job 688: 307/400 ERROR: No .raw files found in temp_dir.
Job 688: 308/400 ERROR: No .raw files found in temp_dir.
Job 688: 309/400 ERROR: No .raw files found in temp_dir.
Job 688: 310/400 ERROR: No .raw files found in temp_dir.
Job 688: 311/400 ERROR: No .raw files found in temp_dir.
Job 688: 312/400 ERROR: No .raw files found in temp_dir.
Job 688: 313/400 ERROR: No .raw files found in temp_dir.
Job 688: 314/400 ERROR: No .raw files found in temp_dir.
Job 688: 315/400 ERROR: No .raw files found in temp_dir.
Job 688: 316/400 ERROR: No .raw files found in temp_dir.
Job 688: 317/400 ERROR: No .raw files found in temp_dir.
Job 688: 318/400 ERROR: No .raw files found in temp_dir.
Job 688: 319/400 ERROR: No .raw files found in temp_dir.
Job 688: 320/400 ERROR: No .raw files found in temp_dir.
Job 688: 321/400 ERROR: No .raw files found in temp_dir.
Job 688: 322/400 ERROR: No .raw files found in temp_dir.
Job 688: 323/400 ERROR: No .raw files found in temp_dir.
Job 688: 324/400 ERROR: No .raw files found in temp_dir.
Job 688: 325/400 ERROR: No .raw files found in temp_dir.
Job 688: 326/400 ERROR: No .raw files found in temp_dir.
Job 688: 327/400 ERROR: No .raw files found in temp_dir.
Job 688: 328/400 ERROR: No .raw files found in temp_dir.
Job 688: 329/400 ERROR: No .raw files found in temp_dir.
Job 688: 330/400 ERROR: No .raw files found in temp_dir.
Job 688: 331/400 ERROR: No .raw files found in temp_dir.
Job 688: 332/400 ERROR: No .raw files found in temp_dir.
Job 688: 333/400 ERROR: No .raw files found in temp_dir.
Job 688: 334/400 ERROR: No .raw files found in temp_dir.
Job 688: 335/400 ERROR: No .raw files found in temp_dir.
Job 688: 336/400 ERROR: No .raw files found in temp_dir.
Job 688: 337/400 ERROR: No .raw files found in temp_dir.
Job 688: 338/400 ERROR: No .raw files found in temp_dir.
Job 688: 339/400 ERROR: No .raw files found in temp_dir.
Job 688: 340/400 ERROR: No .raw files found in temp_dir.
Job 688: 341/400 ERROR: No .raw files found in temp_dir.
Job 688: 342/400 ERROR: No .raw files found in temp_dir.
Job 688: 343/400 ERROR: No .raw files found in temp_dir.
Job 688: 344/400 ERROR: No .raw files found in temp_dir.
Job 688: 345/400 ERROR: No .raw files found in temp_dir.
Job 688: 346/400 ERROR: No .raw files found in temp_dir.
Job 688: 347/400 ERROR: No .raw files found in temp_dir.
Job 688: 348/400 ERROR: No .raw files found in temp_dir.
Job 688: 349/400 ERROR: No .raw files found in temp_dir.
Job 688: 350/400 ERROR: No .raw files found in temp_dir.
Job 688: 351/400 ERROR: No .raw files found in temp_dir.
Job 688: 352/400 ERROR: No .raw files found in temp_dir.
Job 688: 353/400 ERROR: No .raw files found in temp_dir.
Job 688: 354/400 ERROR: No .raw files found in temp_dir.
Job 688: 355/400 ERROR: No .raw files found in temp_dir.
Job 688: 356/400 ERROR: No .raw files found in temp_dir.
Job 688: 357/400 ERROR: No .raw files found in temp_dir.
Job 688: 358/400 ERROR: No .raw files found in temp_dir.
Job 688: 359/400 ERROR: No .raw files found in temp_dir.
Job 688: 360/400 ERROR: No .raw files found in temp_dir.
Job 688: 361/400 ERROR: No .raw files found in temp_dir.
Job 688: 362/400 ERROR: No .raw files found in temp_dir.
Job 688: 363/400 ERROR: No .raw files found in temp_dir.
Job 688: 364/400 ERROR: No .raw files found in temp_dir.
Job 688: 365/400 ERROR: No .raw files found in temp_dir.
Job 688: 366/400 ERROR: No .raw files found in temp_dir.
Job 688: 367/400 ERROR: No .raw files found in temp_dir.
Job 688: 368/400 ERROR: No .raw files found in temp_dir.
Job 688: 369/400 ERROR: No .raw files found in temp_dir.
Job 688: 370/400 ERROR: No .raw files found in temp_dir.
Job 688: 371/400 ERROR: No .raw files found in temp_dir.
Job 688: 372/400 ERROR: No .raw files found in temp_dir.
Job 688: 373/400 ERROR: No .raw files found in temp_dir.
Job 688: 374/400 ERROR: No .raw files found in temp_dir.
Job 688: 375/400 ERROR: No .raw files found in temp_dir.
Job 688: 376/400 ERROR: No .raw files found in temp_dir.
Job 688: 377/400 ERROR: No .raw files found in temp_dir.
Job 688: 378/400 ERROR: No .raw files found in temp_dir.
Job 688: 379/400 ERROR: No .raw files found in temp_dir.
Job 688: 380/400 ERROR: No .raw files found in temp_dir.
Job 688: 381/400 ERROR: No .raw files found in temp_dir.
Job 688: 382/400 ERROR: No .raw files found in temp_dir.
Job 688: 383/400 ERROR: No .raw files found in temp_dir.
Job 688: 384/400 ERROR: No .raw files found in temp_dir.
Job 688: 385/400 ERROR: No .raw files found in temp_dir.
Job 688: 386/400 ERROR: No .raw files found in temp_dir.
Job 688: 387/400 ERROR: No .raw files found in temp_dir.
Job 688: 388/400 ERROR: No .raw files found in temp_dir.
Job 688: 389/400 ERROR: No .raw files found in temp_dir.
Job 688: 390/400 ERROR: No .raw files found in temp_dir.
Job 688: 391/400 ERROR: No .raw files found in temp_dir.
Job 688: 392/400 ERROR: No .raw files found in temp_dir.
Job 688: 393/400 ERROR: No .raw files found in temp_dir.
Job 688: 394/400 ERROR: No .raw files found in temp_dir.
Job 688: 395/400 ERROR: No .raw files found in temp_dir.
Job 688: 396/400 ERROR: No .raw files found in temp_dir.
Job 688: 397/400 ERROR: No .raw files found in temp_dir.
Job 688: 398/400 ERROR: No .raw files found in temp_dir.
Job 688: 399/400 ERROR: No .raw files found in temp_dir.
Job 688: 400/400 ERROR: No .raw files found in temp_dir.
Warning messages:
1: In data.table::fread(raw_file, data.table = FALSE) :
  Discarded single-line footer: <<0	GTEX-183FY	0	0	0	-9	2	2	2	2	1	0	2	2	2	2	1	2	1	2	2	2	2	2	2	2	2	2	2	2	2	2	2	2	0	2	0	2	1	2	1	2	1	0	2	2	2	1	2	1	2	2	2	2	1	2	2	1	2	2	2	0	2	2	2	2	2	1	2	2	2	2	1	2	2	2	2	2	2	1	2	2	2	0	2	2	2	2	2	2	2	2	2	2	2	2	0	1	2	2	2	1	2	2	2	2	2	2	2	2	0	2	2	2	2	2	2	2	2	1	2	2	2	1	2	2	2	2	2	2	2	1	2	2	2	0	2	2	2	2	1	2	1	2	0	2	0	2	1	2	2	2	2	2	2	2	2	2	2	2	2	2	2	1	1	2	2	1	2	2	1	1	2	2	2	2	2	2	1	2	2	2	2	2	2	2	2	2	2	2	2	1	2	2	2	2	2	1	2	2	2	2	2	2	2	2	2	2	2	2	2	2	2	2	2	2	2	2	2	2	2	2	2	2	2	2	2	2	2	1	2	2	2	2	2	2	2	2	2	1	2	2	2	2	2	>>
2: In data.table::fread(raw_file, data.table = FALSE) :
  Discarded single-line footer: <<0	GTEX-14PJO	0	0	0	-9	2	2	0	2	2	2	2	2	2	2	2	2	2	2	2	2	2	2	2	2	2	2	2	0	0	2	2	2	2	2	0	2	2	2	2	0	2	2	2	2	2	2	2	2	2	2	2	2	2	2	2	2	0	2	2	2	2	2	2	2	2	2	2	2	2	2	2	2	2	2	2	2	2	2	2	2	2	0	2	2	2	2	2	2	2	2	2	2	2	2	2	2	2	2	0	2	2	2	2	2	2	2	2	0	2	0	2	2	2	2	2	2	2	2	2	2	2	2	2	2	2	2	2	2	2	1	2	2	2	2	2	2	2	2	2	0	2	2	2	2	2	2	2	2	2	2	2	2	0	2	2	0	2	2	2	2	2	2	2	2	2	2	2	2	0	2	2	2	1	2	2	2	2	2	2	2	2	2	2	2	2	2	2	2	2	2	2	2	0	0	2	2	2	2	2	2	2	2	2	2	2	2	2	2	2	2	2	2	2	2	2	1	2	2	0	2	2	2	2	2	2	2	0	2	2	2	2	2	2	2	2	2	2	1	2	2	1	2	2	>>
