Registered S3 methods overwritten by 'susieSlide':
  method              from  
  coef.susie          susieR
  predict.susie       susieR
  print.summary.susie susieR
  summary.susie       susieR
Job 663: 1/400
Job 663: 2/400
Job 663: 3/400
Job 663: 4/400
Job 663: 5/400
Job 663: 6/400
Job 663: 7/400
Job 663: 8/400 ERROR: No .raw files found in temp_dir.
Job 663: 9/400 ERROR: No .raw files found in temp_dir.
Job 663: 10/400 ERROR: No .raw files found in temp_dir.
Job 663: 11/400 ERROR: No .raw files found in temp_dir.
Job 663: 12/400 ERROR: No .raw files found in temp_dir.
Job 663: 13/400 ERROR: No .raw files found in temp_dir.
Job 663: 14/400 ERROR: No .raw files found in temp_dir.
Job 663: 15/400 ERROR: No .raw files found in temp_dir.
Job 663: 16/400 ERROR: No .raw files found in temp_dir.
Job 663: 17/400 ERROR: No .raw files found in temp_dir.
Job 663: 18/400 ERROR: No .raw files found in temp_dir.
Job 663: 19/400 ERROR: No .raw files found in temp_dir.
Job 663: 20/400 ERROR: No .raw files found in temp_dir.
Job 663: 21/400 ERROR: No .raw files found in temp_dir.
Job 663: 22/400 ERROR: No .raw files found in temp_dir.
Job 663: 23/400 ERROR: No .raw files found in temp_dir.
Job 663: 24/400 ERROR: No .raw files found in temp_dir.
Job 663: 25/400 ERROR: No .raw files found in temp_dir.
Job 663: 26/400 ERROR: No .raw files found in temp_dir.
Job 663: 27/400 ERROR: No .raw files found in temp_dir.
Job 663: 28/400 ERROR: No .raw files found in temp_dir.
Job 663: 29/400 ERROR: No .raw files found in temp_dir.
Job 663: 30/400 ERROR: No .raw files found in temp_dir.
Job 663: 31/400 ERROR: No .raw files found in temp_dir.
Job 663: 32/400 ERROR: No .raw files found in temp_dir.
Job 663: 33/400 ERROR: No .raw files found in temp_dir.
Job 663: 34/400 ERROR: No .raw files found in temp_dir.
Job 663: 35/400 ERROR: No .raw files found in temp_dir.
Job 663: 36/400 ERROR: No .raw files found in temp_dir.
Job 663: 37/400 ERROR: No .raw files found in temp_dir.
Job 663: 38/400 ERROR: No .raw files found in temp_dir.
Job 663: 39/400 ERROR: No .raw files found in temp_dir.
Job 663: 40/400 ERROR: No .raw files found in temp_dir.
Job 663: 41/400 ERROR: No .raw files found in temp_dir.
Job 663: 42/400 ERROR: No .raw files found in temp_dir.
Job 663: 43/400 ERROR: No .raw files found in temp_dir.
Job 663: 44/400 ERROR: No .raw files found in temp_dir.
Job 663: 45/400 ERROR: No .raw files found in temp_dir.
Job 663: 46/400 ERROR: No .raw files found in temp_dir.
Job 663: 47/400 ERROR: No .raw files found in temp_dir.
Job 663: 48/400 ERROR: No .raw files found in temp_dir.
Job 663: 49/400 ERROR: No .raw files found in temp_dir.
Job 663: 50/400 ERROR: No .raw files found in temp_dir.
Job 663: 51/400 ERROR: No .raw files found in temp_dir.
Job 663: 52/400 ERROR: No .raw files found in temp_dir.
Job 663: 53/400 ERROR: No .raw files found in temp_dir.
Job 663: 54/400 ERROR: No .raw files found in temp_dir.
Job 663: 55/400 ERROR: No .raw files found in temp_dir.
Job 663: 56/400 ERROR: No .raw files found in temp_dir.
Job 663: 57/400 ERROR: No .raw files found in temp_dir.
Job 663: 58/400 ERROR: No .raw files found in temp_dir.
Job 663: 59/400 ERROR: No .raw files found in temp_dir.
Job 663: 60/400 ERROR: No .raw files found in temp_dir.
Job 663: 61/400 ERROR: No .raw files found in temp_dir.
Job 663: 62/400 ERROR: No .raw files found in temp_dir.
Job 663: 63/400 ERROR: No .raw files found in temp_dir.
Job 663: 64/400 ERROR: No .raw files found in temp_dir.
Job 663: 65/400 ERROR: No .raw files found in temp_dir.
Job 663: 66/400 ERROR: No .raw files found in temp_dir.
Job 663: 67/400 ERROR: No .raw files found in temp_dir.
Job 663: 68/400 ERROR: No .raw files found in temp_dir.
Job 663: 69/400 ERROR: No .raw files found in temp_dir.
Job 663: 70/400 ERROR: No .raw files found in temp_dir.
Job 663: 71/400 ERROR: No .raw files found in temp_dir.
Job 663: 72/400 ERROR: No .raw files found in temp_dir.
Job 663: 73/400 ERROR: No .raw files found in temp_dir.
Job 663: 74/400 ERROR: No .raw files found in temp_dir.
Job 663: 75/400 ERROR: No .raw files found in temp_dir.
Job 663: 76/400 ERROR: No .raw files found in temp_dir.
Job 663: 77/400 ERROR: No .raw files found in temp_dir.
Job 663: 78/400 ERROR: No .raw files found in temp_dir.
Job 663: 79/400 ERROR: No .raw files found in temp_dir.
Job 663: 80/400 ERROR: No .raw files found in temp_dir.
Job 663: 81/400 ERROR: No .raw files found in temp_dir.
Job 663: 82/400 ERROR: No .raw files found in temp_dir.
Job 663: 83/400 ERROR: No .raw files found in temp_dir.
Job 663: 84/400 ERROR: No .raw files found in temp_dir.
Job 663: 85/400 ERROR: No .raw files found in temp_dir.
Job 663: 86/400 ERROR: Not enough donors for the requested n.
Job 663: 87/400
Job 663: 88/400
Job 663: 89/400
Job 663: 90/400
Job 663: 91/400
Job 663: 92/400
Job 663: 93/400
Job 663: 94/400
Job 663: 95/400
Job 663: 96/400
Job 663: 97/400
Job 663: 98/400 ERROR: No .raw files found in temp_dir.
Job 663: 99/400 ERROR: No .raw files found in temp_dir.
Job 663: 100/400 ERROR: No .raw files found in temp_dir.
Job 663: 101/400 ERROR: No .raw files found in temp_dir.
Job 663: 102/400 ERROR: No .raw files found in temp_dir.
Job 663: 103/400 ERROR: No .raw files found in temp_dir.
Job 663: 104/400 ERROR: No .raw files found in temp_dir.
Job 663: 105/400 ERROR: No .raw files found in temp_dir.
Job 663: 106/400 ERROR: No .raw files found in temp_dir.
Job 663: 107/400 ERROR: No .raw files found in temp_dir.
Job 663: 108/400 ERROR: No .raw files found in temp_dir.
Job 663: 109/400 ERROR: No .raw files found in temp_dir.
Job 663: 110/400 ERROR: No .raw files found in temp_dir.
Job 663: 111/400 ERROR: No .raw files found in temp_dir.
Job 663: 112/400 ERROR: No .raw files found in temp_dir.
Job 663: 113/400 ERROR: No .raw files found in temp_dir.
Job 663: 114/400 ERROR: No .raw files found in temp_dir.
Job 663: 115/400 ERROR: No .raw files found in temp_dir.
Job 663: 116/400 ERROR: No .raw files found in temp_dir.
Job 663: 117/400 ERROR: No .raw files found in temp_dir.
Job 663: 118/400 ERROR: No .raw files found in temp_dir.
Job 663: 119/400 ERROR: No .raw files found in temp_dir.
Job 663: 120/400 ERROR: No .raw files found in temp_dir.
Job 663: 121/400 ERROR: No .raw files found in temp_dir.
Job 663: 122/400 ERROR: No .raw files found in temp_dir.
Job 663: 123/400 ERROR: No .raw files found in temp_dir.
Job 663: 124/400 ERROR: Not enough donors for the requested n.
Job 663: 125/400
Job 663: 126/400
Job 663: 127/400
Job 663: 128/400
Job 663: 129/400
Job 663: 130/400
Job 663: 131/400
Job 663: 132/400
Job 663: 133/400
Job 663: 134/400
Job 663: 135/400
Job 663: 136/400 ERROR: No .raw files found in temp_dir.
Job 663: 137/400 ERROR: No .raw files found in temp_dir.
Job 663: 138/400 ERROR: No .raw files found in temp_dir.
Job 663: 139/400 ERROR: No .raw files found in temp_dir.
Job 663: 140/400 ERROR: No .raw files found in temp_dir.
Job 663: 141/400 ERROR: No .raw files found in temp_dir.
Job 663: 142/400 ERROR: No .raw files found in temp_dir.
Job 663: 143/400 ERROR: No .raw files found in temp_dir.
Job 663: 144/400 ERROR: No .raw files found in temp_dir.
Job 663: 145/400 ERROR: No .raw files found in temp_dir.
Job 663: 146/400 ERROR: No .raw files found in temp_dir.
Job 663: 147/400 ERROR: No .raw files found in temp_dir.
Job 663: 148/400 ERROR: No .raw files found in temp_dir.
Job 663: 149/400 ERROR: No .raw files found in temp_dir.
Job 663: 150/400 ERROR: No .raw files found in temp_dir.
Job 663: 151/400 ERROR: No .raw files found in temp_dir.
Job 663: 152/400 ERROR: No .raw files found in temp_dir.
Job 663: 153/400 ERROR: No .raw files found in temp_dir.
Job 663: 154/400 ERROR: No .raw files found in temp_dir.
Job 663: 155/400 ERROR: No .raw files found in temp_dir.
Job 663: 156/400 ERROR: No .raw files found in temp_dir.
Job 663: 157/400 ERROR: No .raw files found in temp_dir.
Job 663: 158/400 ERROR: No .raw files found in temp_dir.
Job 663: 159/400 ERROR: No .raw files found in temp_dir.
Job 663: 160/400 ERROR: No .raw files found in temp_dir.
Job 663: 161/400 ERROR: No .raw files found in temp_dir.
Job 663: 162/400 ERROR: No .raw files found in temp_dir.
Job 663: 163/400 ERROR: No .raw files found in temp_dir.
Job 663: 164/400 ERROR: No .raw files found in temp_dir.
Job 663: 165/400 ERROR: No .raw files found in temp_dir.
Job 663: 166/400 ERROR: No .raw files found in temp_dir.
Job 663: 167/400 ERROR: No .raw files found in temp_dir.
Job 663: 168/400 ERROR: No .raw files found in temp_dir.
Job 663: 169/400 ERROR: No .raw files found in temp_dir.
Job 663: 170/400 ERROR: No .raw files found in temp_dir.
Job 663: 171/400 ERROR: No .raw files found in temp_dir.
Job 663: 172/400 ERROR: No .raw files found in temp_dir.
Job 663: 173/400 ERROR: No .raw files found in temp_dir.
Job 663: 174/400 ERROR: No .raw files found in temp_dir.
Job 663: 175/400 ERROR: No .raw files found in temp_dir.
Job 663: 176/400 ERROR: No .raw files found in temp_dir.
Job 663: 177/400 ERROR: No .raw files found in temp_dir.
Job 663: 178/400 ERROR: No .raw files found in temp_dir.
Job 663: 179/400 ERROR: No .raw files found in temp_dir.
Job 663: 180/400 ERROR: No .raw files found in temp_dir.
Job 663: 181/400 ERROR: No .raw files found in temp_dir.
Job 663: 182/400 ERROR: No .raw files found in temp_dir.
Job 663: 183/400 ERROR: No .raw files found in temp_dir.
Job 663: 184/400 ERROR: No .raw files found in temp_dir.
Job 663: 185/400 ERROR: No .raw files found in temp_dir.
Job 663: 186/400 ERROR: No .raw files found in temp_dir.
Job 663: 187/400 ERROR: No .raw files found in temp_dir.
Job 663: 188/400 ERROR: No .raw files found in temp_dir.
Job 663: 189/400 ERROR: No .raw files found in temp_dir.
Job 663: 190/400 ERROR: No .raw files found in temp_dir.
Job 663: 191/400 ERROR: No .raw files found in temp_dir.
Job 663: 192/400 ERROR: No .raw files found in temp_dir.
Job 663: 193/400 ERROR: No .raw files found in temp_dir.
Job 663: 194/400 ERROR: No .raw files found in temp_dir.
Job 663: 195/400 ERROR: No .raw files found in temp_dir.
Job 663: 196/400 ERROR: No .raw files found in temp_dir.
Job 663: 197/400 ERROR: No .raw files found in temp_dir.
Job 663: 198/400 ERROR: No .raw files found in temp_dir.
Job 663: 199/400 ERROR: No .raw files found in temp_dir.
Job 663: 200/400 ERROR: No .raw files found in temp_dir.
Job 663: 201/400 ERROR: No .raw files found in temp_dir.
Job 663: 202/400 ERROR: No .raw files found in temp_dir.
Job 663: 203/400 ERROR: No .raw files found in temp_dir.
Job 663: 204/400 ERROR: No .raw files found in temp_dir.
Job 663: 205/400 ERROR: No .raw files found in temp_dir.
Job 663: 206/400 ERROR: No .raw files found in temp_dir.
Job 663: 207/400 ERROR: No .raw files found in temp_dir.
Job 663: 208/400 ERROR: No .raw files found in temp_dir.
Job 663: 209/400 ERROR: No .raw files found in temp_dir.
Job 663: 210/400 ERROR: No .raw files found in temp_dir.
Job 663: 211/400 ERROR: No .raw files found in temp_dir.
Job 663: 212/400 ERROR: No .raw files found in temp_dir.
Job 663: 213/400 ERROR: No .raw files found in temp_dir.
Job 663: 214/400 ERROR: No .raw files found in temp_dir.
Job 663: 215/400 ERROR: No .raw files found in temp_dir.
Job 663: 216/400 ERROR: No .raw files found in temp_dir.
Job 663: 217/400 ERROR: No .raw files found in temp_dir.
Job 663: 218/400 ERROR: No .raw files found in temp_dir.
Job 663: 219/400 ERROR: No .raw files found in temp_dir.
Job 663: 220/400 ERROR: No .raw files found in temp_dir.
Job 663: 221/400 ERROR: No .raw files found in temp_dir.
Job 663: 222/400 ERROR: No .raw files found in temp_dir.
Job 663: 223/400 ERROR: No .raw files found in temp_dir.
Job 663: 224/400 ERROR: No .raw files found in temp_dir.
Job 663: 225/400 ERROR: No .raw files found in temp_dir.
Job 663: 226/400 ERROR: No .raw files found in temp_dir.
Job 663: 227/400 ERROR: No .raw files found in temp_dir.
Job 663: 228/400 ERROR: No .raw files found in temp_dir.
Job 663: 229/400 ERROR: No .raw files found in temp_dir.
Job 663: 230/400 ERROR: No .raw files found in temp_dir.
Job 663: 231/400 ERROR: No .raw files found in temp_dir.
Job 663: 232/400 ERROR: No .raw files found in temp_dir.
Job 663: 233/400 ERROR: No .raw files found in temp_dir.
Job 663: 234/400 ERROR: No .raw files found in temp_dir.
Job 663: 235/400 ERROR: No .raw files found in temp_dir.
Job 663: 236/400 ERROR: No .raw files found in temp_dir.
Job 663: 237/400 ERROR: No .raw files found in temp_dir.
Job 663: 238/400 ERROR: No .raw files found in temp_dir.
Job 663: 239/400 ERROR: No .raw files found in temp_dir.
Job 663: 240/400 ERROR: No .raw files found in temp_dir.
Job 663: 241/400 ERROR: No .raw files found in temp_dir.
Job 663: 242/400 ERROR: No .raw files found in temp_dir.
Job 663: 243/400 ERROR: No .raw files found in temp_dir.
Job 663: 244/400 ERROR: No .raw files found in temp_dir.
Job 663: 245/400 ERROR: No .raw files found in temp_dir.
Job 663: 246/400 ERROR: No .raw files found in temp_dir.
Job 663: 247/400 ERROR: No .raw files found in temp_dir.
Job 663: 248/400 ERROR: No .raw files found in temp_dir.
Job 663: 249/400 ERROR: No .raw files found in temp_dir.
Job 663: 250/400 ERROR: No .raw files found in temp_dir.
Job 663: 251/400 ERROR: No .raw files found in temp_dir.
Job 663: 252/400 ERROR: No .raw files found in temp_dir.
Job 663: 253/400 ERROR: No .raw files found in temp_dir.
Job 663: 254/400 ERROR: No .raw files found in temp_dir.
Job 663: 255/400 ERROR: No .raw files found in temp_dir.
Job 663: 256/400 ERROR: No .raw files found in temp_dir.
Job 663: 257/400 ERROR: No .raw files found in temp_dir.
Job 663: 258/400 ERROR: No .raw files found in temp_dir.
Job 663: 259/400 ERROR: No .raw files found in temp_dir.
Job 663: 260/400 ERROR: No .raw files found in temp_dir.
Job 663: 261/400 ERROR: No .raw files found in temp_dir.
Job 663: 262/400 ERROR: No .raw files found in temp_dir.
Job 663: 263/400 ERROR: No .raw files found in temp_dir.
Job 663: 264/400 ERROR: No .raw files found in temp_dir.
Job 663: 265/400 ERROR: No .raw files found in temp_dir.
Job 663: 266/400 ERROR: No .raw files found in temp_dir.
Job 663: 267/400 ERROR: No .raw files found in temp_dir.
Job 663: 268/400 ERROR: No .raw files found in temp_dir.
Job 663: 269/400 ERROR: No .raw files found in temp_dir.
Job 663: 270/400 ERROR: No .raw files found in temp_dir.
Job 663: 271/400 ERROR: No .raw files found in temp_dir.
Job 663: 272/400 ERROR: No .raw files found in temp_dir.
Job 663: 273/400 ERROR: No .raw files found in temp_dir.
Job 663: 274/400 ERROR: No .raw files found in temp_dir.
Job 663: 275/400 ERROR: No .raw files found in temp_dir.
Job 663: 276/400 ERROR: No .raw files found in temp_dir.
Job 663: 277/400 ERROR: No .raw files found in temp_dir.
Job 663: 278/400 ERROR: No .raw files found in temp_dir.
Job 663: 279/400 ERROR: No .raw files found in temp_dir.
Job 663: 280/400 ERROR: No .raw files found in temp_dir.
Job 663: 281/400 ERROR: No .raw files found in temp_dir.
Job 663: 282/400 ERROR: No .raw files found in temp_dir.
Job 663: 283/400 ERROR: No .raw files found in temp_dir.
Job 663: 284/400 ERROR: No .raw files found in temp_dir.
Job 663: 285/400 ERROR: No .raw files found in temp_dir.
Job 663: 286/400 ERROR: No .raw files found in temp_dir.
Job 663: 287/400 ERROR: No .raw files found in temp_dir.
Job 663: 288/400 ERROR: No .raw files found in temp_dir.
Job 663: 289/400 ERROR: No .raw files found in temp_dir.
Job 663: 290/400 ERROR: No .raw files found in temp_dir.
Job 663: 291/400 ERROR: No .raw files found in temp_dir.
Job 663: 292/400 ERROR: No .raw files found in temp_dir.
Job 663: 293/400 ERROR: No .raw files found in temp_dir.
Job 663: 294/400 ERROR: No .raw files found in temp_dir.
Job 663: 295/400 ERROR: No .raw files found in temp_dir.
Job 663: 296/400 ERROR: No .raw files found in temp_dir.
Job 663: 297/400 ERROR: No .raw files found in temp_dir.
Job 663: 298/400 ERROR: No .raw files found in temp_dir.
Job 663: 299/400 ERROR: No .raw files found in temp_dir.
Job 663: 300/400 ERROR: No .raw files found in temp_dir.
Job 663: 301/400 ERROR: No .raw files found in temp_dir.
Job 663: 302/400 ERROR: No .raw files found in temp_dir.
Job 663: 303/400 ERROR: No .raw files found in temp_dir.
Job 663: 304/400 ERROR: No .raw files found in temp_dir.
Job 663: 305/400 ERROR: No .raw files found in temp_dir.
Job 663: 306/400 ERROR: No .raw files found in temp_dir.
Job 663: 307/400 ERROR: No .raw files found in temp_dir.
Job 663: 308/400 ERROR: No .raw files found in temp_dir.
Job 663: 309/400 ERROR: No .raw files found in temp_dir.
Job 663: 310/400 ERROR: No .raw files found in temp_dir.
Job 663: 311/400 ERROR: No .raw files found in temp_dir.
Job 663: 312/400 ERROR: No .raw files found in temp_dir.
Job 663: 313/400 ERROR: No .raw files found in temp_dir.
Job 663: 314/400 ERROR: No .raw files found in temp_dir.
Job 663: 315/400 ERROR: No .raw files found in temp_dir.
Job 663: 316/400 ERROR: No .raw files found in temp_dir.
Job 663: 317/400 ERROR: No .raw files found in temp_dir.
Job 663: 318/400 ERROR: No .raw files found in temp_dir.
Job 663: 319/400 ERROR: No .raw files found in temp_dir.
Job 663: 320/400 ERROR: No .raw files found in temp_dir.
Job 663: 321/400 ERROR: No .raw files found in temp_dir.
Job 663: 322/400 ERROR: No .raw files found in temp_dir.
Job 663: 323/400 ERROR: No .raw files found in temp_dir.
Job 663: 324/400 ERROR: No .raw files found in temp_dir.
Job 663: 325/400 ERROR: No .raw files found in temp_dir.
Job 663: 326/400 ERROR: No .raw files found in temp_dir.
Job 663: 327/400 ERROR: No .raw files found in temp_dir.
Job 663: 328/400 ERROR: No .raw files found in temp_dir.
Job 663: 329/400 ERROR: No .raw files found in temp_dir.
Job 663: 330/400 ERROR: No .raw files found in temp_dir.
Job 663: 331/400 ERROR: No .raw files found in temp_dir.
Job 663: 332/400 ERROR: No .raw files found in temp_dir.
Job 663: 333/400 ERROR: No .raw files found in temp_dir.
Job 663: 334/400 ERROR: No .raw files found in temp_dir.
Job 663: 335/400 ERROR: No .raw files found in temp_dir.
Job 663: 336/400 ERROR: No .raw files found in temp_dir.
Job 663: 337/400 ERROR: No .raw files found in temp_dir.
Job 663: 338/400 ERROR: No .raw files found in temp_dir.
Job 663: 339/400 ERROR: No .raw files found in temp_dir.
Job 663: 340/400 ERROR: No .raw files found in temp_dir.
Job 663: 341/400 ERROR: No .raw files found in temp_dir.
Job 663: 342/400 ERROR: No .raw files found in temp_dir.
Job 663: 343/400 ERROR: No .raw files found in temp_dir.
Job 663: 344/400 ERROR: No .raw files found in temp_dir.
Job 663: 345/400 ERROR: No .raw files found in temp_dir.
Job 663: 346/400 ERROR: No .raw files found in temp_dir.
Job 663: 347/400 ERROR: No .raw files found in temp_dir.
Job 663: 348/400 ERROR: No .raw files found in temp_dir.
Job 663: 349/400 ERROR: No .raw files found in temp_dir.
Job 663: 350/400 ERROR: No .raw files found in temp_dir.
Job 663: 351/400 ERROR: No .raw files found in temp_dir.
Job 663: 352/400 ERROR: No .raw files found in temp_dir.
Job 663: 353/400 ERROR: No .raw files found in temp_dir.
Job 663: 354/400 ERROR: No .raw files found in temp_dir.
Job 663: 355/400 ERROR: No .raw files found in temp_dir.
Job 663: 356/400 ERROR: No .raw files found in temp_dir.
Job 663: 357/400 ERROR: No .raw files found in temp_dir.
Job 663: 358/400 ERROR: No .raw files found in temp_dir.
Job 663: 359/400 ERROR: No .raw files found in temp_dir.
Job 663: 360/400 ERROR: No .raw files found in temp_dir.
Job 663: 361/400 ERROR: No .raw files found in temp_dir.
Job 663: 362/400 ERROR: No .raw files found in temp_dir.
Job 663: 363/400 ERROR: No .raw files found in temp_dir.
Job 663: 364/400 ERROR: No .raw files found in temp_dir.
Job 663: 365/400 ERROR: No .raw files found in temp_dir.
Job 663: 366/400 ERROR: No .raw files found in temp_dir.
Job 663: 367/400 ERROR: No .raw files found in temp_dir.
Job 663: 368/400 ERROR: No .raw files found in temp_dir.
Job 663: 369/400 ERROR: No .raw files found in temp_dir.
Job 663: 370/400 ERROR: No .raw files found in temp_dir.
Job 663: 371/400 ERROR: No .raw files found in temp_dir.
Job 663: 372/400 ERROR: No .raw files found in temp_dir.
Job 663: 373/400 ERROR: No .raw files found in temp_dir.
Job 663: 374/400 ERROR: No .raw files found in temp_dir.
Job 663: 375/400 ERROR: No .raw files found in temp_dir.
Job 663: 376/400 ERROR: No .raw files found in temp_dir.
Job 663: 377/400 ERROR: No .raw files found in temp_dir.
Job 663: 378/400 ERROR: No .raw files found in temp_dir.
Job 663: 379/400 ERROR: No .raw files found in temp_dir.
Job 663: 380/400 ERROR: No .raw files found in temp_dir.
Job 663: 381/400 ERROR: No .raw files found in temp_dir.
Job 663: 382/400 ERROR: No .raw files found in temp_dir.
Job 663: 383/400 ERROR: No .raw files found in temp_dir.
Job 663: 384/400 ERROR: No .raw files found in temp_dir.
Job 663: 385/400 ERROR: No .raw files found in temp_dir.
Job 663: 386/400 ERROR: No .raw files found in temp_dir.
Job 663: 387/400 ERROR: No .raw files found in temp_dir.
Job 663: 388/400 ERROR: No .raw files found in temp_dir.
Job 663: 389/400 ERROR: No .raw files found in temp_dir.
Job 663: 390/400 ERROR: No .raw files found in temp_dir.
Job 663: 391/400 ERROR: No .raw files found in temp_dir.
Job 663: 392/400 ERROR: No .raw files found in temp_dir.
Job 663: 393/400 ERROR: No .raw files found in temp_dir.
Job 663: 394/400 ERROR: No .raw files found in temp_dir.
Job 663: 395/400 ERROR: No .raw files found in temp_dir.
Job 663: 396/400 ERROR: No .raw files found in temp_dir.
Job 663: 397/400 ERROR: No .raw files found in temp_dir.
Job 663: 398/400 ERROR: No .raw files found in temp_dir.
Job 663: 399/400 ERROR: No .raw files found in temp_dir.
Job 663: 400/400 ERROR: No .raw files found in temp_dir.
Warning messages:
1: In data.table::fread(raw_file, data.table = FALSE) :
  Discarded single-line footer: <<0	GTEX-13FTY	0	0	0	-9	2	2	2	2	2	0	2	2	2	2	2	2	1	1	2	2	2	2	2	2	2	2	2	2	2	2	2	2	0	2	0	2	2	2	0	2	2	0	2	2	2	2	2	2	2	2	2	2	1	2	2	2	2	2	2	0	2	2	2	2	2	2	2	2	2	2	2	2	2	2	1	2	2	1	2	2	2	0	2	2	2	2	2	2	2	2	2	2	2	2	0	2	2	2	2	2	2	2	2	2	2	2	2	2	0	2	2	2	1	2	2	2	2	1	2	2	2	2	2	2	2	2	2	2	2	2	2	1	2	0	2	2	2	2	1	2	1	2	0	1	0	2	1	2	2	2	2	2	2	2	2	2	2	2	2	2	2	2	2	2	2	2	2	2	2	2	2	2	2	2	2	2	2	2	2	2	2	2	2	2	2	2	2	2	2	2	2	2	2	2	2	2	2	2	2	2	2	2	2	2	2	2	2	2	2	2	2	2	2	2	2	2	2	2	2	2	2	2	2	2	2	2	2	2	2	2	2	2	2	2	2	2	2	2	2	2	2	2	2	>>
2: In data.table::fread(raw_file, data.table = FALSE) :
  Discarded single-line footer: <<0	GTEX-16A39	0	0	0	-9	2	2	2	2	2	2	2	2	2	2	2	2	2	2	2	2	2	2	2	2	2	2	2	2	2	2	2	2	2	2	2	2	2	2	2	2	2	2	2	2	2	2	2	1	2	2	2	2	2	2	2	2	2	2	2	2	2	2	2	2	2	2	2	2	2	2	2	2	2	2	2	2	2	2	2	2	0	2	2	2	2	2	2	2	2	2	2	2	2	2	2	2	2	2	2	2	2	2	2	2	2	2	2	2	2	2	2	2	2	2	NA	2	2	2	2	2	2	2	2	2	2	2	2	2	2	2	2	2	2	2	2	2	2	2	2	2	2	2	2	2	2	2	2	2	2	2	2	2	2	2	2	2	2	2	2	2	2	2	2	2	2	2	2	2	2	2	2	2	2	2	2	2	2	2	2	2	2	2	2	2	2	2	2	2	2	2	2	2	2	0	2	2	2	2	2	2	2	2	2	2	2	2	2	2	2	2	2	2	2	2	2	2	2	2	2	2	2	2	2	2	2	2	2	2	2	2	2	2	2	2	2	2	2	2	2	2	2	2	2>>
