Registered S3 methods overwritten by 'susieSlide':
  method              from  
  coef.susie          susieR
  predict.susie       susieR
  print.summary.susie susieR
  summary.susie       susieR
Job 100: 158/400
Job 100: 159/400
Job 100: 160/400
Job 100: 161/400
Job 100: 162/400
Job 100: 163/400
Job 100: 164/400
Job 100: 165/400
Job 100: 166/400
Job 100: 167/400
Job 100: 168/400
Job 100: 169/400
Job 100: 170/400
Job 100: 171/400
Job 100: 172/400
Job 100: 173/400
Job 100: 174/400
Job 100: 175/400
Job 100: 176/400
Job 100: 177/400
Job 100: 178/400
Job 100: 179/400
Job 100: 180/400
Job 100: 181/400
Job 100: 182/400
Job 100: 183/400
Job 100: 184/400
Job 100: 185/400
Job 100: 186/400
Job 100: 187/400
Job 100: 188/400
Job 100: 189/400
Job 100: 190/400
Job 100: 191/400
Job 100: 192/400
Job 100: 193/400
Job 100: 194/400
Job 100: 195/400
Job 100: 196/400
Job 100: 197/400
Job 100: 198/400
Job 100: 199/400
Job 100: 200/400
Job 100: 201/400
Job 100: 202/400
Job 100: 203/400
Job 100: 204/400
Job 100: 205/400
Job 100: 206/400
Job 100: 207/400
Job 100: 208/400
Job 100: 209/400
Job 100: 210/400
Job 100: 211/400
Job 100: 212/400
Job 100: 213/400
Job 100: 214/400
Job 100: 215/400
Job 100: 216/400
Job 100: 217/400
Job 100: 218/400
Job 100: 219/400
Job 100: 220/400
Job 100: 221/400
Job 100: 222/400
Job 100: 223/400
Job 100: 224/400
Job 100: 225/400
Job 100: 226/400
Job 100: 227/400
Job 100: 228/400
Job 100: 229/400
Job 100: 230/400
Job 100: 231/400
Job 100: 232/400
Job 100: 233/400
Job 100: 234/400
Job 100: 235/400
Job 100: 236/400
Job 100: 237/400
Job 100: 238/400
Job 100: 239/400
Job 100: 240/400
Job 100: 241/400
Job 100: 242/400
Job 100: 243/400
Job 100: 244/400
Job 100: 245/400
Job 100: 246/400
Job 100: 247/400
Job 100: 248/400
Job 100: 249/400
Job 100: 250/400
Job 100: 251/400
Job 100: 252/400
Job 100: 253/400
Job 100: 254/400
Job 100: 255/400
Job 100: 256/400
Job 100: 257/400
Job 100: 258/400
Job 100: 259/400
Job 100: 260/400
Job 100: 261/400
Job 100: 262/400
Job 100: 263/400
Job 100: 264/400
Job 100: 265/400
Job 100: 266/400
Job 100: 267/400
Job 100: 268/400
Job 100: 269/400
Job 100: 270/400
Job 100: 271/400
Job 100: 272/400
Job 100: 273/400
Job 100: 274/400
Job 100: 275/400
Job 100: 276/400
Job 100: 277/400
Job 100: 278/400
Job 100: 279/400
Job 100: 280/400
Job 100: 281/400
Job 100: 282/400
Job 100: 283/400
Job 100: 284/400
Job 100: 285/400
Job 100: 286/400
Job 100: 287/400
Job 100: 288/400
Job 100: 289/400
Job 100: 290/400
Job 100: 291/400
Job 100: 292/400
Job 100: 293/400
Job 100: 294/400
Job 100: 295/400
Job 100: 296/400
Job 100: 297/400
Job 100: 298/400
Job 100: 299/400
Job 100: 300/400
Job 100: 301/400
Job 100: 302/400
Job 100: 303/400
Job 100: 304/400
Job 100: 305/400
Job 100: 306/400
Job 100: 307/400
Job 100: 308/400
Job 100: 309/400
Job 100: 310/400
Job 100: 311/400
Job 100: 312/400
Job 100: 313/400
Job 100: 314/400
Job 100: 315/400
Job 100: 316/400
Job 100: 317/400
Job 100: 318/400
Job 100: 319/400
Job 100: 320/400
Job 100: 321/400
Job 100: 322/400
Job 100: 323/400
Job 100: 324/400
Job 100: 325/400
Job 100: 326/400
Job 100: 327/400
Job 100: 328/400
Job 100: 329/400
Job 100: 330/400
Job 100: 331/400
Job 100: 332/400
Job 100: 333/400
Job 100: 334/400
Job 100: 335/400
Job 100: 336/400
Job 100: 337/400
Job 100: 338/400
Job 100: 339/400
Job 100: 340/400
Job 100: 341/400
Job 100: 342/400
Job 100: 343/400
Job 100: 344/400
Job 100: 345/400
Job 100: 346/400
Job 100: 347/400
Job 100: 348/400
Job 100: 349/400
Job 100: 350/400
Job 100: 351/400
Job 100: 352/400
Job 100: 353/400
Job 100: 354/400
Job 100: 355/400
Job 100: 356/400
Job 100: 357/400
Job 100: 358/400
Job 100: 359/400
Job 100: 360/400
Job 100: 361/400
Job 100: 362/400
Job 100: 363/400
Job 100: 364/400
Job 100: 365/400
Job 100: 366/400
Job 100: 367/400
Job 100: 368/400
Job 100: 369/400
Job 100: 370/400
Job 100: 371/400
Job 100: 372/400
Job 100: 373/400
Job 100: 374/400
Job 100: 375/400
Job 100: 376/400
Job 100: 377/400
Job 100: 378/400
Job 100: 379/400
Job 100: 380/400
Job 100: 381/400
Job 100: 382/400
Job 100: 383/400
Job 100: 384/400
Job 100: 385/400
Job 100: 386/400
Job 100: 387/400
Job 100: 388/400
Job 100: 389/400
Job 100: 390/400
Job 100: 391/400
Job 100: 392/400
Job 100: 393/400
Job 100: 394/400
Job 100: 395/400
Job 100: 396/400
Job 100: 397/400
Job 100: 398/400
Job 100: 399/400
Job 100: 400/400
