Registered S3 methods overwritten by 'susieSlide':
  method              from  
  coef.susie          susieR
  predict.susie       susieR
  print.summary.susie susieR
  summary.susie       susieR
Job 199: 1/400
Job 199: 2/400
Job 199: 3/400
Job 199: 4/400
Job 199: 5/400
Job 199: 6/400
Job 199: 7/400
Job 199: 8/400
Job 199: 9/400
Job 199: 10/400
Job 199: 11/400
Job 199: 12/400
Job 199: 13/400
Job 199: 14/400
Job 199: 15/400
Job 199: 16/400
Job 199: 17/400
Job 199: 18/400
Job 199: 19/400
Job 199: 20/400
Job 199: 21/400
Job 199: 22/400
Job 199: 23/400
Job 199: 24/400
Job 199: 25/400
Job 199: 26/400
Job 199: 27/400
Job 199: 28/400
Job 199: 29/400
Job 199: 30/400
Job 199: 31/400
Job 199: 32/400
Job 199: 33/400
Job 199: 34/400
Job 199: 35/400
Job 199: 36/400
Job 199: 37/400
Job 199: 38/400
Job 199: 39/400
Job 199: 40/400
Job 199: 41/400
Job 199: 42/400
Job 199: 43/400
Job 199: 44/400
Job 199: 45/400
Job 199: 46/400
Job 199: 47/400
Job 199: 48/400
Job 199: 49/400
Job 199: 50/400
Job 199: 51/400
Job 199: 52/400
Job 199: 53/400
Job 199: 54/400
Job 199: 55/400
Job 199: 56/400
Job 199: 57/400
Job 199: 58/400
Job 199: 59/400
Job 199: 60/400
Job 199: 61/400
Job 199: 62/400
Job 199: 63/400
Job 199: 64/400
Job 199: 65/400
Job 199: 66/400
Job 199: 67/400
Job 199: 68/400
Job 199: 69/400
Job 199: 70/400
Job 199: 71/400
Job 199: 72/400
Job 199: 73/400
Job 199: 74/400
Job 199: 75/400
Job 199: 76/400
Job 199: 77/400
Job 199: 78/400
Job 199: 79/400
Job 199: 80/400
Job 199: 81/400
Job 199: 82/400
Job 199: 83/400
Job 199: 84/400
Job 199: 85/400
Job 199: 86/400
Job 199: 87/400
Job 199: 88/400
Job 199: 89/400
Job 199: 90/400
Job 199: 91/400
Job 199: 92/400
Job 199: 93/400
Job 199: 94/400
Job 199: 95/400
Job 199: 96/400
Job 199: 97/400
Job 199: 98/400
Job 199: 99/400
Job 199: 100/400
Job 199: 101/400
Job 199: 102/400
Job 199: 103/400
Job 199: 104/400
Job 199: 105/400
Job 199: 106/400
Job 199: 107/400
Job 199: 108/400
Job 199: 109/400
Job 199: 110/400
Job 199: 111/400
Job 199: 112/400
Job 199: 113/400
Job 199: 114/400
Job 199: 115/400
Job 199: 116/400
Job 199: 117/400
Job 199: 118/400
Job 199: 119/400
Job 199: 120/400
Job 199: 121/400
Job 199: 122/400
Job 199: 123/400
Job 199: 124/400
Job 199: 125/400
Job 199: 126/400
Job 199: 127/400
Job 199: 128/400
Job 199: 129/400
Job 199: 130/400
Job 199: 131/400
Job 199: 132/400
Job 199: 133/400
Job 199: 134/400
Job 199: 135/400
Job 199: 136/400
Job 199: 137/400
Job 199: 138/400
Job 199: 139/400
Job 199: 140/400
Job 199: 141/400
Job 199: 142/400
Job 199: 143/400
Job 199: 144/400
Job 199: 145/400
Job 199: 146/400
Job 199: 147/400
Job 199: 148/400
Job 199: 149/400
Job 199: 150/400
Job 199: 151/400
Job 199: 152/400
Job 199: 153/400
Job 199: 154/400
Job 199: 155/400
Job 199: 156/400
Job 199: 157/400
Job 199: 158/400
Job 199: 159/400
Job 199: 160/400
Job 199: 161/400
Job 199: 162/400
Job 199: 163/400
Job 199: 164/400
Job 199: 165/400
Job 199: 166/400
Job 199: 167/400
Job 199: 168/400
Job 199: 169/400
Job 199: 170/400
Job 199: 171/400
Job 199: 172/400
Job 199: 173/400
Job 199: 174/400
Job 199: 175/400
Job 199: 176/400
Job 199: 177/400
Job 199: 178/400
Job 199: 179/400
Job 199: 180/400
Job 199: 181/400
Job 199: 182/400
Job 199: 183/400
Job 199: 184/400
Job 199: 185/400
Job 199: 186/400
Job 199: 187/400
Job 199: 188/400
Job 199: 189/400
Job 199: 190/400
Job 199: 191/400
Job 199: 192/400
Job 199: 193/400
Job 199: 194/400
Job 199: 195/400
Job 199: 196/400
Job 199: 197/400
Job 199: 198/400
Job 199: 199/400
Job 199: 200/400
Job 199: 201/400
Job 199: 202/400
Job 199: 203/400
Job 199: 204/400
Job 199: 205/400
Job 199: 206/400
Job 199: 207/400
Job 199: 208/400
Job 199: 209/400
Job 199: 210/400
Job 199: 211/400
Job 199: 212/400
Job 199: 213/400
Job 199: 214/400
Job 199: 215/400
Job 199: 216/400
Job 199: 217/400
Job 199: 218/400
Job 199: 219/400
Job 199: 220/400
Job 199: 221/400
Job 199: 222/400
Job 199: 223/400
Job 199: 224/400
Job 199: 225/400
Job 199: 226/400
Job 199: 227/400
Job 199: 228/400
Job 199: 229/400
Job 199: 230/400
Job 199: 231/400
Job 199: 232/400
Job 199: 233/400
Job 199: 234/400
Job 199: 235/400
Job 199: 236/400
Job 199: 237/400
Job 199: 238/400
Job 199: 239/400
Job 199: 240/400
Job 199: 241/400
Job 199: 242/400
Job 199: 243/400
Job 199: 244/400
Job 199: 245/400
Job 199: 246/400
Job 199: 247/400
Job 199: 248/400
Job 199: 249/400
Job 199: 250/400
Job 199: 251/400
Job 199: 252/400
Job 199: 253/400
Job 199: 254/400
Job 199: 255/400
Job 199: 256/400
Job 199: 257/400
Job 199: 258/400
Job 199: 259/400
Job 199: 260/400
Job 199: 261/400
Job 199: 262/400
Job 199: 263/400
Job 199: 264/400
Job 199: 265/400
Job 199: 266/400
Job 199: 267/400
Job 199: 268/400
Job 199: 269/400
Job 199: 270/400
Job 199: 271/400
Job 199: 272/400
Job 199: 273/400
Job 199: 274/400
Job 199: 275/400
Job 199: 276/400
Job 199: 277/400
Job 199: 278/400
Job 199: 279/400
Job 199: 280/400
Job 199: 281/400
Job 199: 282/400
Job 199: 283/400
Job 199: 284/400
Job 199: 285/400
Job 199: 286/400
Job 199: 287/400
Job 199: 288/400
Job 199: 289/400
Job 199: 290/400
Job 199: 291/400
Job 199: 292/400
Job 199: 293/400
Job 199: 294/400
Job 199: 295/400
Job 199: 296/400
Job 199: 297/400
Job 199: 298/400
Job 199: 299/400
Job 199: 300/400
Job 199: 301/400
Job 199: 302/400
Job 199: 303/400
Job 199: 304/400
Job 199: 305/400
Job 199: 306/400
Job 199: 307/400
Job 199: 308/400
Job 199: 309/400
Job 199: 310/400
Job 199: 311/400
Job 199: 312/400
Job 199: 313/400
Job 199: 314/400
Job 199: 315/400
Job 199: 316/400
Job 199: 317/400
Job 199: 318/400
Job 199: 319/400
Job 199: 320/400
Job 199: 321/400
Job 199: 322/400
Job 199: 323/400
Job 199: 324/400
Job 199: 325/400
Job 199: 326/400
Job 199: 327/400
Job 199: 328/400
Job 199: 329/400
Job 199: 330/400
Job 199: 331/400
Job 199: 332/400
Job 199: 333/400
Job 199: 334/400
Job 199: 335/400
Job 199: 336/400
Job 199: 337/400
Job 199: 338/400
Job 199: 339/400
Job 199: 340/400
Job 199: 341/400
Job 199: 342/400
Job 199: 343/400
Job 199: 344/400
Job 199: 345/400
Job 199: 346/400
Job 199: 347/400
Job 199: 348/400
Job 199: 349/400
Job 199: 350/400
Job 199: 351/400
Job 199: 352/400
Job 199: 353/400
Job 199: 354/400
Job 199: 355/400
Job 199: 356/400
Job 199: 357/400
Job 199: 358/400
Job 199: 359/400
Job 199: 360/400
Job 199: 361/400
Job 199: 362/400
Job 199: 363/400
Job 199: 364/400
Job 199: 365/400
Job 199: 366/400
Job 199: 367/400
Job 199: 368/400
Job 199: 369/400
Job 199: 370/400
Job 199: 371/400
Job 199: 372/400
Job 199: 373/400
Job 199: 374/400
Job 199: 375/400
Job 199: 376/400
Job 199: 377/400
Job 199: 378/400
Job 199: 379/400
Job 199: 380/400
Job 199: 381/400
Job 199: 382/400
Job 199: 383/400
Job 199: 384/400
Job 199: 385/400
Job 199: 386/400
Job 199: 387/400
Job 199: 388/400
Job 199: 389/400
Job 199: 390/400
Job 199: 391/400
Job 199: 392/400
Job 199: 393/400
Job 199: 394/400
Job 199: 395/400
Job 199: 396/400
Job 199: 397/400
Job 199: 398/400
Job 199: 399/400
Job 199: 400/400
