Registered S3 methods overwritten by 'susieSlide':
  method              from  
  coef.susie          susieR
  predict.susie       susieR
  print.summary.susie susieR
  summary.susie       susieR
Job 536: 1/400
Job 536: 2/400
Job 536: 3/400
Job 536: 4/400
Job 536: 5/400
Job 536: 6/400
Job 536: 7/400
Job 536: 8/400
Job 536: 9/400
Job 536: 10/400
Job 536: 11/400
Job 536: 12/400
Job 536: 13/400
Job 536: 14/400
Job 536: 15/400
Job 536: 16/400
Job 536: 17/400
Job 536: 18/400
Job 536: 19/400
Job 536: 20/400
Job 536: 21/400
Job 536: 22/400
Job 536: 23/400
Job 536: 24/400
Job 536: 25/400
Job 536: 26/400
Job 536: 27/400
Job 536: 28/400
Job 536: 29/400
Job 536: 30/400
Job 536: 31/400
Job 536: 32/400
Job 536: 33/400
Job 536: 34/400
Job 536: 35/400
Job 536: 36/400
Job 536: 37/400
Job 536: 38/400
Job 536: 39/400
Job 536: 40/400
Job 536: 41/400
Job 536: 42/400
Job 536: 43/400
Job 536: 44/400
Job 536: 45/400
Job 536: 46/400
Job 536: 47/400
Job 536: 48/400
Job 536: 49/400
Job 536: 50/400
Job 536: 51/400
Job 536: 52/400
Job 536: 53/400
Job 536: 54/400
Job 536: 55/400
Job 536: 56/400
Job 536: 57/400
Job 536: 58/400
Job 536: 59/400
Job 536: 60/400
Job 536: 61/400
Job 536: 62/400
Job 536: 63/400
Job 536: 64/400
Job 536: 65/400
Job 536: 66/400
Job 536: 67/400
Job 536: 68/400
Job 536: 69/400
Job 536: 70/400
Job 536: 71/400
Job 536: 72/400
Job 536: 73/400
Job 536: 74/400
Job 536: 75/400
Job 536: 76/400
Job 536: 77/400
Job 536: 78/400
Job 536: 79/400
Job 536: 80/400
Job 536: 81/400
Job 536: 82/400
Job 536: 83/400
Job 536: 84/400
Job 536: 85/400
Job 536: 86/400
Job 536: 87/400
Job 536: 88/400
Job 536: 89/400
Job 536: 90/400
Job 536: 91/400
Job 536: 92/400
Job 536: 93/400
Job 536: 94/400
Job 536: 95/400
Job 536: 96/400
Job 536: 97/400
Job 536: 98/400
Job 536: 99/400
Job 536: 100/400
Job 536: 101/400
Job 536: 102/400
Job 536: 103/400
Job 536: 104/400
Job 536: 105/400
Job 536: 106/400
Job 536: 107/400
Job 536: 108/400
Job 536: 109/400
Job 536: 110/400
Job 536: 111/400
Job 536: 112/400
Job 536: 113/400
Job 536: 114/400
Job 536: 115/400
Job 536: 116/400
Job 536: 117/400
Job 536: 118/400
Job 536: 119/400
Job 536: 120/400
Job 536: 121/400
Job 536: 122/400
Job 536: 123/400
Job 536: 124/400
Job 536: 125/400
Job 536: 126/400
Job 536: 127/400
Job 536: 128/400
Job 536: 129/400
Job 536: 130/400
Job 536: 131/400
Job 536: 132/400
Job 536: 133/400
Job 536: 134/400
Job 536: 135/400
Job 536: 136/400
Job 536: 137/400
Job 536: 138/400
Job 536: 139/400
Job 536: 140/400
Job 536: 141/400
Job 536: 142/400
Job 536: 143/400
Job 536: 144/400
Job 536: 145/400
Job 536: 146/400
Job 536: 147/400
Job 536: 148/400
Job 536: 149/400
Job 536: 150/400
Job 536: 151/400
Job 536: 152/400
Job 536: 153/400
Job 536: 154/400
Job 536: 155/400
Job 536: 156/400
Job 536: 157/400
Job 536: 158/400
Job 536: 159/400
Job 536: 160/400
Job 536: 161/400
Job 536: 162/400
Job 536: 163/400
Job 536: 164/400
Job 536: 165/400
Job 536: 166/400
Job 536: 167/400
Job 536: 168/400
Job 536: 169/400
Job 536: 170/400
Job 536: 171/400
Job 536: 172/400
Job 536: 173/400
Job 536: 174/400
Job 536: 175/400
Job 536: 176/400
Job 536: 177/400
Job 536: 178/400
Job 536: 179/400
Job 536: 180/400
Job 536: 181/400
Job 536: 182/400
Job 536: 183/400
Job 536: 184/400
Job 536: 185/400
Job 536: 186/400
Job 536: 187/400
Job 536: 188/400
Job 536: 189/400
Job 536: 190/400
Job 536: 191/400
Job 536: 192/400
Job 536: 193/400
Job 536: 194/400
Job 536: 195/400
Job 536: 196/400
Job 536: 197/400
Job 536: 198/400
Job 536: 199/400
Job 536: 200/400
Job 536: 201/400
Job 536: 202/400
Job 536: 203/400
Job 536: 204/400
Job 536: 205/400
Job 536: 206/400
Job 536: 207/400
Job 536: 208/400
Job 536: 209/400
Job 536: 210/400
Job 536: 211/400
Job 536: 212/400
Job 536: 213/400
Job 536: 214/400
Job 536: 215/400
Job 536: 216/400
Job 536: 217/400
Job 536: 218/400
Job 536: 219/400
Job 536: 220/400
Job 536: 221/400
Job 536: 222/400
Job 536: 223/400
Job 536: 224/400
Job 536: 225/400
Job 536: 226/400
Job 536: 227/400
Job 536: 228/400
Job 536: 229/400
Job 536: 230/400
Job 536: 231/400
Job 536: 232/400
Job 536: 233/400
Job 536: 234/400
Job 536: 235/400
Job 536: 236/400
Job 536: 237/400
Job 536: 238/400
Job 536: 239/400
Job 536: 240/400
Job 536: 241/400
Job 536: 242/400
Job 536: 243/400
Job 536: 244/400
Job 536: 245/400
Job 536: 246/400
Job 536: 247/400
Job 536: 248/400
Job 536: 249/400
Job 536: 250/400
Job 536: 251/400
Job 536: 252/400
Job 536: 253/400
Job 536: 254/400
Job 536: 255/400
Job 536: 256/400
Job 536: 257/400
Job 536: 258/400
Job 536: 259/400
Job 536: 260/400
Job 536: 261/400
Job 536: 262/400
Job 536: 263/400
Job 536: 264/400
Job 536: 265/400
Job 536: 266/400
Job 536: 267/400
Job 536: 268/400
Job 536: 269/400
Job 536: 270/400
Job 536: 271/400
Job 536: 272/400
Job 536: 273/400
Job 536: 274/400
Job 536: 275/400
Job 536: 276/400
Job 536: 277/400
Job 536: 278/400
Job 536: 279/400
Job 536: 280/400
Job 536: 281/400
Job 536: 282/400
Job 536: 283/400
Job 536: 284/400
Job 536: 285/400
Job 536: 286/400
Job 536: 287/400
Job 536: 288/400
Job 536: 289/400
Job 536: 290/400
Job 536: 291/400
Job 536: 292/400
Job 536: 293/400
Job 536: 294/400
Job 536: 295/400
Job 536: 296/400
Job 536: 297/400
Job 536: 298/400
Job 536: 299/400
Job 536: 300/400
Job 536: 301/400
Job 536: 302/400
Job 536: 303/400
Job 536: 304/400
Job 536: 305/400
Job 536: 306/400
Job 536: 307/400
Job 536: 308/400
Job 536: 309/400
Job 536: 310/400
Job 536: 311/400
Job 536: 312/400
Job 536: 313/400
Job 536: 314/400
Job 536: 315/400
Job 536: 316/400
Job 536: 317/400
Job 536: 318/400
Job 536: 319/400
Job 536: 320/400
Job 536: 321/400
Job 536: 322/400
Job 536: 323/400
Job 536: 324/400
Job 536: 325/400
Job 536: 326/400
Job 536: 327/400
Job 536: 328/400
Job 536: 329/400
Job 536: 330/400
Job 536: 331/400
Job 536: 332/400
Job 536: 333/400
Job 536: 334/400
Job 536: 335/400
Job 536: 336/400
Job 536: 337/400
Job 536: 338/400
Job 536: 339/400
Job 536: 340/400
Job 536: 341/400
Job 536: 342/400
Job 536: 343/400
Job 536: 344/400
Job 536: 345/400
Job 536: 346/400
Job 536: 347/400
Job 536: 348/400
Job 536: 349/400
Job 536: 350/400
Job 536: 351/400
Job 536: 352/400
Job 536: 353/400
Job 536: 354/400
Job 536: 355/400
Job 536: 356/400
Job 536: 357/400
Job 536: 358/400
Job 536: 359/400
Job 536: 360/400
Job 536: 361/400
Job 536: 362/400
Job 536: 363/400
Job 536: 364/400
Job 536: 365/400
Job 536: 366/400
Job 536: 367/400
Job 536: 368/400
Job 536: 369/400
Job 536: 370/400
Job 536: 371/400
Job 536: 372/400
Job 536: 373/400
Job 536: 374/400
Job 536: 375/400
Job 536: 376/400
Job 536: 377/400
Job 536: 378/400
Job 536: 379/400
Job 536: 380/400
Job 536: 381/400
Job 536: 382/400
Job 536: 383/400
Job 536: 384/400
Job 536: 385/400
Job 536: 386/400
Job 536: 387/400
Job 536: 388/400
Job 536: 389/400
Job 536: 390/400
Job 536: 391/400
Job 536: 392/400
Job 536: 393/400
Job 536: 394/400
Job 536: 395/400
Job 536: 396/400
Job 536: 397/400
Job 536: 398/400
Job 536: 399/400
Job 536: 400/400
