Registered S3 methods overwritten by 'susieSlide':
  method              from  
  coef.susie          susieR
  predict.susie       susieR
  print.summary.susie susieR
  summary.susie       susieR
Job 611: 1/400
Job 611: 2/400
Job 611: 3/400
Job 611: 4/400
Job 611: 5/400
Job 611: 6/400
Job 611: 7/400
Job 611: 8/400
Job 611: 9/400
Job 611: 10/400
Job 611: 11/400
Job 611: 12/400
Job 611: 13/400
Job 611: 14/400
Job 611: 15/400
Job 611: 16/400
Job 611: 17/400
Job 611: 18/400
Job 611: 19/400
Job 611: 20/400
Job 611: 21/400
Job 611: 22/400
Job 611: 23/400 ERROR: No .raw files found in temp_dir.
Job 611: 24/400 ERROR: No .raw files found in temp_dir.
Job 611: 25/400 ERROR: No .raw files found in temp_dir.
Job 611: 26/400 ERROR: No .raw files found in temp_dir.
Job 611: 27/400 ERROR: No .raw files found in temp_dir.
Job 611: 28/400 ERROR: No .raw files found in temp_dir.
Job 611: 29/400 ERROR: No .raw files found in temp_dir.
Job 611: 30/400 ERROR: No .raw files found in temp_dir.
Job 611: 31/400 ERROR: No .raw files found in temp_dir.
Job 611: 32/400 ERROR: No .raw files found in temp_dir.
Job 611: 33/400 ERROR: No .raw files found in temp_dir.
Job 611: 34/400 ERROR: No .raw files found in temp_dir.
Job 611: 35/400 ERROR: No .raw files found in temp_dir.
Job 611: 36/400 ERROR: No .raw files found in temp_dir.
Job 611: 37/400 ERROR: No .raw files found in temp_dir.
Job 611: 38/400 ERROR: No .raw files found in temp_dir.
Job 611: 39/400 ERROR: No .raw files found in temp_dir.
Job 611: 40/400 ERROR: No .raw files found in temp_dir.
Job 611: 41/400 ERROR: No .raw files found in temp_dir.
Job 611: 42/400 ERROR: No .raw files found in temp_dir.
Job 611: 43/400 ERROR: No .raw files found in temp_dir.
Job 611: 44/400 ERROR: No .raw files found in temp_dir.
Job 611: 45/400 ERROR: No .raw files found in temp_dir.
Job 611: 46/400 ERROR: No .raw files found in temp_dir.
Job 611: 47/400 ERROR: No .raw files found in temp_dir.
Job 611: 48/400 ERROR: No .raw files found in temp_dir.
Job 611: 49/400 ERROR: No .raw files found in temp_dir.
Job 611: 50/400 ERROR: No .raw files found in temp_dir.
Job 611: 51/400 ERROR: No .raw files found in temp_dir.
Job 611: 52/400 ERROR: No .raw files found in temp_dir.
Job 611: 53/400 ERROR: No .raw files found in temp_dir.
Job 611: 54/400 ERROR: No .raw files found in temp_dir.
Job 611: 55/400 ERROR: No .raw files found in temp_dir.
Job 611: 56/400 ERROR: No .raw files found in temp_dir.
Job 611: 57/400 ERROR: No .raw files found in temp_dir.
Job 611: 58/400 ERROR: No .raw files found in temp_dir.
Job 611: 59/400 ERROR: No .raw files found in temp_dir.
Job 611: 60/400 ERROR: No .raw files found in temp_dir.
Job 611: 61/400 ERROR: No .raw files found in temp_dir.
Job 611: 62/400 ERROR: No .raw files found in temp_dir.
Job 611: 63/400 ERROR: No .raw files found in temp_dir.
Job 611: 64/400 ERROR: No .raw files found in temp_dir.
Job 611: 65/400 ERROR: No .raw files found in temp_dir.
Job 611: 66/400 ERROR: No .raw files found in temp_dir.
Job 611: 67/400 ERROR: No .raw files found in temp_dir.
Job 611: 68/400 ERROR: No .raw files found in temp_dir.
Job 611: 69/400 ERROR: No .raw files found in temp_dir.
Job 611: 70/400 ERROR: No .raw files found in temp_dir.
Job 611: 71/400 ERROR: No .raw files found in temp_dir.
Job 611: 72/400 ERROR: No .raw files found in temp_dir.
Job 611: 73/400 ERROR: No .raw files found in temp_dir.
Job 611: 74/400 ERROR: No .raw files found in temp_dir.
Job 611: 75/400 ERROR: No .raw files found in temp_dir.
Job 611: 76/400 ERROR: No .raw files found in temp_dir.
Job 611: 77/400 ERROR: No .raw files found in temp_dir.
Job 611: 78/400 ERROR: Not enough donors for the requested n.
Job 611: 79/400
Job 611: 80/400
Job 611: 81/400
Job 611: 82/400
Job 611: 83/400
Job 611: 84/400
Job 611: 85/400
Job 611: 86/400
Job 611: 87/400
Job 611: 88/400
Job 611: 89/400
Job 611: 90/400
Job 611: 91/400
Job 611: 92/400
Job 611: 93/400
Job 611: 94/400
Job 611: 95/400
Job 611: 96/400
Job 611: 97/400
Job 611: 98/400
Job 611: 99/400
Job 611: 100/400
Job 611: 101/400
Job 611: 102/400
Job 611: 103/400
Job 611: 104/400
Job 611: 105/400
Job 611: 106/400
Job 611: 107/400
Job 611: 108/400 ERROR: No .raw files found in temp_dir.
Job 611: 109/400 ERROR: No .raw files found in temp_dir.
Job 611: 110/400 ERROR: No .raw files found in temp_dir.
Job 611: 111/400 ERROR: No .raw files found in temp_dir.
Job 611: 112/400 ERROR: No .raw files found in temp_dir.
Job 611: 113/400 ERROR: No .raw files found in temp_dir.
Job 611: 114/400 ERROR: No .raw files found in temp_dir.
Job 611: 115/400 ERROR: No .raw files found in temp_dir.
Job 611: 116/400 ERROR: No .raw files found in temp_dir.
Job 611: 117/400 ERROR: No .raw files found in temp_dir.
Job 611: 118/400 ERROR: No .raw files found in temp_dir.
Job 611: 119/400 ERROR: No .raw files found in temp_dir.
Job 611: 120/400 ERROR: No .raw files found in temp_dir.
Job 611: 121/400 ERROR: No .raw files found in temp_dir.
Job 611: 122/400 ERROR: No .raw files found in temp_dir.
Job 611: 123/400 ERROR: No .raw files found in temp_dir.
Job 611: 124/400 ERROR: No .raw files found in temp_dir.
Job 611: 125/400 ERROR: No .raw files found in temp_dir.
Job 611: 126/400 ERROR: No .raw files found in temp_dir.
Job 611: 127/400 ERROR: No .raw files found in temp_dir.
Job 611: 128/400 ERROR: No .raw files found in temp_dir.
Job 611: 129/400 ERROR: No .raw files found in temp_dir.
Job 611: 130/400 ERROR: No .raw files found in temp_dir.
Job 611: 131/400 ERROR: No .raw files found in temp_dir.
Job 611: 132/400 ERROR: No .raw files found in temp_dir.
Job 611: 133/400 ERROR: No .raw files found in temp_dir.
Job 611: 134/400 ERROR: No .raw files found in temp_dir.
Job 611: 135/400 ERROR: No .raw files found in temp_dir.
Job 611: 136/400 ERROR: No .raw files found in temp_dir.
Job 611: 137/400 ERROR: No .raw files found in temp_dir.
Job 611: 138/400 ERROR: No .raw files found in temp_dir.
Job 611: 139/400 ERROR: No .raw files found in temp_dir.
Job 611: 140/400 ERROR: No .raw files found in temp_dir.
Job 611: 141/400 ERROR: No .raw files found in temp_dir.
Job 611: 142/400 ERROR: No .raw files found in temp_dir.
Job 611: 143/400 ERROR: No .raw files found in temp_dir.
Job 611: 144/400 ERROR: No .raw files found in temp_dir.
Job 611: 145/400 ERROR: No .raw files found in temp_dir.
Job 611: 146/400 ERROR: No .raw files found in temp_dir.
Job 611: 147/400 ERROR: No .raw files found in temp_dir.
Job 611: 148/400 ERROR: No .raw files found in temp_dir.
Job 611: 149/400 ERROR: No .raw files found in temp_dir.
Job 611: 150/400 ERROR: No .raw files found in temp_dir.
Job 611: 151/400 ERROR: No .raw files found in temp_dir.
Job 611: 152/400 ERROR: No .raw files found in temp_dir.
Job 611: 153/400 ERROR: No .raw files found in temp_dir.
Job 611: 154/400 ERROR: No .raw files found in temp_dir.
Job 611: 155/400 ERROR: No .raw files found in temp_dir.
Job 611: 156/400 ERROR: No .raw files found in temp_dir.
Job 611: 157/400 ERROR: No .raw files found in temp_dir.
Job 611: 158/400 ERROR: No .raw files found in temp_dir.
Job 611: 159/400 ERROR: No .raw files found in temp_dir.
Job 611: 160/400 ERROR: No .raw files found in temp_dir.
Job 611: 161/400 ERROR: No .raw files found in temp_dir.
Job 611: 162/400 ERROR: No .raw files found in temp_dir.
Job 611: 163/400 ERROR: No .raw files found in temp_dir.
Job 611: 164/400 ERROR: No .raw files found in temp_dir.
Job 611: 165/400
Job 611: 166/400
Job 611: 167/400
Job 611: 168/400
Job 611: 169/400
Job 611: 170/400
Job 611: 171/400
Job 611: 172/400
Job 611: 173/400
Job 611: 174/400
Job 611: 175/400
Job 611: 176/400
Job 611: 177/400
Job 611: 178/400
Job 611: 179/400
Job 611: 180/400
Job 611: 181/400
Job 611: 182/400
Job 611: 183/400
Job 611: 184/400
Job 611: 185/400
Job 611: 186/400
Job 611: 187/400
Job 611: 188/400
Job 611: 189/400
Job 611: 190/400
Job 611: 191/400
Job 611: 192/400
Job 611: 193/400
Job 611: 194/400
Job 611: 195/400
Job 611: 196/400 ERROR: No .raw files found in temp_dir.
Job 611: 197/400 ERROR: No .raw files found in temp_dir.
Job 611: 198/400 ERROR: No .raw files found in temp_dir.
Job 611: 199/400 ERROR: No .raw files found in temp_dir.
Job 611: 200/400 ERROR: No .raw files found in temp_dir.
Job 611: 201/400 ERROR: No .raw files found in temp_dir.
Job 611: 202/400 ERROR: No .raw files found in temp_dir.
Job 611: 203/400 ERROR: No .raw files found in temp_dir.
Job 611: 204/400 ERROR: No .raw files found in temp_dir.
Job 611: 205/400 ERROR: No .raw files found in temp_dir.
Job 611: 206/400 ERROR: No .raw files found in temp_dir.
Job 611: 207/400 ERROR: No .raw files found in temp_dir.
Job 611: 208/400 ERROR: No .raw files found in temp_dir.
Job 611: 209/400 ERROR: No .raw files found in temp_dir.
Job 611: 210/400 ERROR: No .raw files found in temp_dir.
Job 611: 211/400 ERROR: No .raw files found in temp_dir.
Job 611: 212/400 ERROR: No .raw files found in temp_dir.
Job 611: 213/400 ERROR: No .raw files found in temp_dir.
Job 611: 214/400 ERROR: No .raw files found in temp_dir.
Job 611: 215/400 ERROR: No .raw files found in temp_dir.
Job 611: 216/400 ERROR: No .raw files found in temp_dir.
Job 611: 217/400 ERROR: No .raw files found in temp_dir.
Job 611: 218/400 ERROR: No .raw files found in temp_dir.
Job 611: 219/400 ERROR: No .raw files found in temp_dir.
Job 611: 220/400 ERROR: No .raw files found in temp_dir.
Job 611: 221/400 ERROR: No .raw files found in temp_dir.
Job 611: 222/400 ERROR: No .raw files found in temp_dir.
Job 611: 223/400 ERROR: No .raw files found in temp_dir.
Job 611: 224/400 ERROR: No .raw files found in temp_dir.
Job 611: 225/400 ERROR: No .raw files found in temp_dir.
Job 611: 226/400 ERROR: No .raw files found in temp_dir.
Job 611: 227/400 ERROR: No .raw files found in temp_dir.
Job 611: 228/400 ERROR: No .raw files found in temp_dir.
Job 611: 229/400 ERROR: No .raw files found in temp_dir.
Job 611: 230/400 ERROR: No .raw files found in temp_dir.
Job 611: 231/400 ERROR: No .raw files found in temp_dir.
Job 611: 232/400 ERROR: No .raw files found in temp_dir.
Job 611: 233/400 ERROR: No .raw files found in temp_dir.
Job 611: 234/400 ERROR: No .raw files found in temp_dir.
Job 611: 235/400 ERROR: No .raw files found in temp_dir.
Job 611: 236/400 ERROR: No .raw files found in temp_dir.
Job 611: 237/400 ERROR: No .raw files found in temp_dir.
Job 611: 238/400 ERROR: No .raw files found in temp_dir.
Job 611: 239/400 ERROR: No .raw files found in temp_dir.
Job 611: 240/400 ERROR: No .raw files found in temp_dir.
Job 611: 241/400 ERROR: No .raw files found in temp_dir.
Job 611: 242/400 ERROR: No .raw files found in temp_dir.
Job 611: 243/400 ERROR: No .raw files found in temp_dir.
Job 611: 244/400 ERROR: No .raw files found in temp_dir.
Job 611: 245/400 ERROR: No .raw files found in temp_dir.
Job 611: 246/400 ERROR: No .raw files found in temp_dir.
Job 611: 247/400 ERROR: No .raw files found in temp_dir.
Job 611: 248/400 ERROR: No .raw files found in temp_dir.
Job 611: 249/400 ERROR: No .raw files found in temp_dir.
Job 611: 250/400 ERROR: No .raw files found in temp_dir.
Job 611: 251/400 ERROR: No .raw files found in temp_dir.
Job 611: 252/400 ERROR: No .raw files found in temp_dir.
Job 611: 253/400 ERROR: No .raw files found in temp_dir.
Job 611: 254/400 ERROR: No .raw files found in temp_dir.
Job 611: 255/400 ERROR: No .raw files found in temp_dir.
Job 611: 256/400 ERROR: No .raw files found in temp_dir.
Job 611: 257/400 ERROR: No .raw files found in temp_dir.
Job 611: 258/400 ERROR: No .raw files found in temp_dir.
Job 611: 259/400 ERROR: No .raw files found in temp_dir.
Job 611: 260/400 ERROR: No .raw files found in temp_dir.
Job 611: 261/400 ERROR: No .raw files found in temp_dir.
Job 611: 262/400 ERROR: No .raw files found in temp_dir.
Job 611: 263/400 ERROR: No .raw files found in temp_dir.
Job 611: 264/400 ERROR: No .raw files found in temp_dir.
Job 611: 265/400 ERROR: No .raw files found in temp_dir.
Job 611: 266/400 ERROR: No .raw files found in temp_dir.
Job 611: 267/400 ERROR: No .raw files found in temp_dir.
Job 611: 268/400 ERROR: No .raw files found in temp_dir.
Job 611: 269/400 ERROR: No .raw files found in temp_dir.
Job 611: 270/400 ERROR: No .raw files found in temp_dir.
Job 611: 271/400 ERROR: No .raw files found in temp_dir.
Job 611: 272/400 ERROR: No .raw files found in temp_dir.
Job 611: 273/400 ERROR: No .raw files found in temp_dir.
Job 611: 274/400 ERROR: No .raw files found in temp_dir.
Job 611: 275/400 ERROR: No .raw files found in temp_dir.
Job 611: 276/400 ERROR: No .raw files found in temp_dir.
Job 611: 277/400 ERROR: No .raw files found in temp_dir.
Job 611: 278/400 ERROR: No .raw files found in temp_dir.
Job 611: 279/400 ERROR: No .raw files found in temp_dir.
Job 611: 280/400 ERROR: No .raw files found in temp_dir.
Job 611: 281/400 ERROR: No .raw files found in temp_dir.
Job 611: 282/400 ERROR: No .raw files found in temp_dir.
Job 611: 283/400 ERROR: No .raw files found in temp_dir.
Job 611: 284/400 ERROR: No .raw files found in temp_dir.
Job 611: 285/400 ERROR: No .raw files found in temp_dir.
Job 611: 286/400 ERROR: No .raw files found in temp_dir.
Job 611: 287/400 ERROR: No .raw files found in temp_dir.
Job 611: 288/400 ERROR: No .raw files found in temp_dir.
Job 611: 289/400 ERROR: No .raw files found in temp_dir.
Job 611: 290/400 ERROR: No .raw files found in temp_dir.
Job 611: 291/400 ERROR: No .raw files found in temp_dir.
Job 611: 292/400 ERROR: No .raw files found in temp_dir.
Job 611: 293/400 ERROR: No .raw files found in temp_dir.
Job 611: 294/400 ERROR: No .raw files found in temp_dir.
Job 611: 295/400 ERROR: No .raw files found in temp_dir.
Job 611: 296/400 ERROR: No .raw files found in temp_dir.
Job 611: 297/400 ERROR: No .raw files found in temp_dir.
Job 611: 298/400 ERROR: No .raw files found in temp_dir.
Job 611: 299/400 ERROR: No .raw files found in temp_dir.
Job 611: 300/400 ERROR: No .raw files found in temp_dir.
Job 611: 301/400 ERROR: No .raw files found in temp_dir.
Job 611: 302/400 ERROR: No .raw files found in temp_dir.
Job 611: 303/400 ERROR: No .raw files found in temp_dir.
Job 611: 304/400 ERROR: No .raw files found in temp_dir.
Job 611: 305/400 ERROR: No .raw files found in temp_dir.
Job 611: 306/400 ERROR: No .raw files found in temp_dir.
Job 611: 307/400 ERROR: No .raw files found in temp_dir.
Job 611: 308/400 ERROR: No .raw files found in temp_dir.
Job 611: 309/400 ERROR: No .raw files found in temp_dir.
Job 611: 310/400 ERROR: No .raw files found in temp_dir.
Job 611: 311/400 ERROR: No .raw files found in temp_dir.
Job 611: 312/400 ERROR: No .raw files found in temp_dir.
Job 611: 313/400 ERROR: No .raw files found in temp_dir.
Job 611: 314/400 ERROR: No .raw files found in temp_dir.
Job 611: 315/400 ERROR: No .raw files found in temp_dir.
Job 611: 316/400 ERROR: No .raw files found in temp_dir.
Job 611: 317/400 ERROR: No .raw files found in temp_dir.
Job 611: 318/400 ERROR: No .raw files found in temp_dir.
Job 611: 319/400 ERROR: No .raw files found in temp_dir.
Job 611: 320/400 ERROR: No .raw files found in temp_dir.
Job 611: 321/400 ERROR: No .raw files found in temp_dir.
Job 611: 322/400 ERROR: No .raw files found in temp_dir.
Job 611: 323/400 ERROR: No .raw files found in temp_dir.
Job 611: 324/400 ERROR: No .raw files found in temp_dir.
Job 611: 325/400 ERROR: No .raw files found in temp_dir.
Job 611: 326/400 ERROR: No .raw files found in temp_dir.
Job 611: 327/400 ERROR: No .raw files found in temp_dir.
Job 611: 328/400 ERROR: No .raw files found in temp_dir.
Job 611: 329/400 ERROR: No .raw files found in temp_dir.
Job 611: 330/400 ERROR: No .raw files found in temp_dir.
Job 611: 331/400 ERROR: No .raw files found in temp_dir.
Job 611: 332/400 ERROR: No .raw files found in temp_dir.
Job 611: 333/400 ERROR: No .raw files found in temp_dir.
Job 611: 334/400 ERROR: No .raw files found in temp_dir.
Job 611: 335/400 ERROR: No .raw files found in temp_dir.
Job 611: 336/400 ERROR: No .raw files found in temp_dir.
Job 611: 337/400 ERROR: No .raw files found in temp_dir.
Job 611: 338/400 ERROR: No .raw files found in temp_dir.
Job 611: 339/400 ERROR: No .raw files found in temp_dir.
Job 611: 340/400 ERROR: No .raw files found in temp_dir.
Job 611: 341/400 ERROR: No .raw files found in temp_dir.
Job 611: 342/400 ERROR: No .raw files found in temp_dir.
Job 611: 343/400 ERROR: No .raw files found in temp_dir.
Job 611: 344/400 ERROR: No .raw files found in temp_dir.
Job 611: 345/400 ERROR: No .raw files found in temp_dir.
Job 611: 346/400 ERROR: No .raw files found in temp_dir.
Job 611: 347/400 ERROR: No .raw files found in temp_dir.
Job 611: 348/400 ERROR: No .raw files found in temp_dir.
Job 611: 349/400 ERROR: No .raw files found in temp_dir.
Job 611: 350/400 ERROR: No .raw files found in temp_dir.
Job 611: 351/400 ERROR: No .raw files found in temp_dir.
Job 611: 352/400 ERROR: No .raw files found in temp_dir.
Job 611: 353/400 ERROR: No .raw files found in temp_dir.
Job 611: 354/400 ERROR: No .raw files found in temp_dir.
Job 611: 355/400 ERROR: No .raw files found in temp_dir.
Job 611: 356/400 ERROR: No .raw files found in temp_dir.
Job 611: 357/400 ERROR: No .raw files found in temp_dir.
Job 611: 358/400 ERROR: No .raw files found in temp_dir.
Job 611: 359/400 ERROR: No .raw files found in temp_dir.
Job 611: 360/400 ERROR: No .raw files found in temp_dir.
Job 611: 361/400 ERROR: No .raw files found in temp_dir.
Job 611: 362/400 ERROR: No .raw files found in temp_dir.
Job 611: 363/400 ERROR: No .raw files found in temp_dir.
Job 611: 364/400 ERROR: No .raw files found in temp_dir.
Job 611: 365/400 ERROR: No .raw files found in temp_dir.
Job 611: 366/400 ERROR: No .raw files found in temp_dir.
Job 611: 367/400 ERROR: No .raw files found in temp_dir.
Job 611: 368/400 ERROR: No .raw files found in temp_dir.
Job 611: 369/400 ERROR: No .raw files found in temp_dir.
Job 611: 370/400 ERROR: No .raw files found in temp_dir.
Job 611: 371/400 ERROR: No .raw files found in temp_dir.
Job 611: 372/400 ERROR: No .raw files found in temp_dir.
Job 611: 373/400 ERROR: No .raw files found in temp_dir.
Job 611: 374/400 ERROR: No .raw files found in temp_dir.
Job 611: 375/400 ERROR: No .raw files found in temp_dir.
Job 611: 376/400 ERROR: No .raw files found in temp_dir.
Job 611: 377/400 ERROR: No .raw files found in temp_dir.
Job 611: 378/400 ERROR: No .raw files found in temp_dir.
Job 611: 379/400 ERROR: No .raw files found in temp_dir.
Job 611: 380/400 ERROR: No .raw files found in temp_dir.
Job 611: 381/400 ERROR: No .raw files found in temp_dir.
Job 611: 382/400 ERROR: No .raw files found in temp_dir.
Job 611: 383/400 ERROR: No .raw files found in temp_dir.
Job 611: 384/400 ERROR: No .raw files found in temp_dir.
Job 611: 385/400 ERROR: No .raw files found in temp_dir.
Job 611: 386/400 ERROR: No .raw files found in temp_dir.
Job 611: 387/400 ERROR: No .raw files found in temp_dir.
Job 611: 388/400 ERROR: No .raw files found in temp_dir.
Job 611: 389/400 ERROR: No .raw files found in temp_dir.
Job 611: 390/400 ERROR: No .raw files found in temp_dir.
Job 611: 391/400 ERROR: No .raw files found in temp_dir.
Job 611: 392/400 ERROR: No .raw files found in temp_dir.
Job 611: 393/400 ERROR: No .raw files found in temp_dir.
Job 611: 394/400 ERROR: No .raw files found in temp_dir.
Job 611: 395/400 ERROR: No .raw files found in temp_dir.
Job 611: 396/400 ERROR: No .raw files found in temp_dir.
Job 611: 397/400 ERROR: No .raw files found in temp_dir.
Job 611: 398/400 ERROR: No .raw files found in temp_dir.
Job 611: 399/400 ERROR: No .raw files found in temp_dir.
Job 611: 400/400 ERROR: No .raw files found in temp_dir.
Warning message:
In data.table::fread(raw_file, data.table = FALSE) :
  Discarded single-line footer: <<0	GTEX-17HHE	0	0	0	-9	2	2	2	2	2	0	2	2	2	2	2	2	0	2	2	2	2	2	2	2	2	2	2	2	2	2	2	2	0	2	0	2	2	2	0	2	2	0	2	2	2	2	2	2	2	2	2	2	2	2	2	2	2	2	2	0	2	2	2	2	2	2	2	2	2	2	2	2	2	2	1	2	2	0	2	2	2	0	2	2	2	2	2	2	2	2	2	2	2	2	0	2	2	2	2	2	2	2	2	2	2	2	2	2	0	2	2	2	2	2	2	2	2	0	2	2	2	2	2	2	2	2	2	2	2	2	2	2	2	0	2	2	2	2	2	2	2	2	0	2	0	2	0	2	2	2	2	2	2	2	2	2	2	2	2	2	2	2	2	2	2	2	2	2	2	2	2	2	2	2	2	2	2	2	2	2	2	2	2	2	2	2	NA	2	2	2	2	2	2	2	2	2	2	2	2	2	2	2	2	2	2	2	2	2	2	2	2	2	2	2	2	2	2	2	2	2	2	2	2	2	2	2	2	2	2	2	2	2	2	2	2	2	2	2	2	2	2	2	2>>
