Registered S3 methods overwritten by 'susieSlide':
  method              from  
  coef.susie          susieR
  predict.susie       susieR
  print.summary.susie susieR
  summary.susie       susieR
Job 411: 1/400
Job 411: 2/400
Job 411: 3/400
Job 411: 4/400
Job 411: 5/400
Job 411: 6/400
Job 411: 7/400
Job 411: 8/400
Job 411: 9/400
Job 411: 10/400
Job 411: 11/400
Job 411: 12/400
Job 411: 13/400
Job 411: 14/400
Job 411: 15/400
Job 411: 16/400
Job 411: 17/400
Job 411: 18/400
Job 411: 19/400
Job 411: 20/400
Job 411: 21/400
Job 411: 22/400
Job 411: 23/400
Job 411: 24/400
Job 411: 25/400
Job 411: 26/400
Job 411: 27/400
Job 411: 28/400
Job 411: 29/400
Job 411: 30/400
Job 411: 31/400
Job 411: 32/400
Job 411: 33/400
Job 411: 34/400
Job 411: 35/400
Job 411: 36/400
Job 411: 37/400
Job 411: 38/400
Job 411: 39/400
Job 411: 40/400
Job 411: 41/400
Job 411: 42/400
Job 411: 43/400
Job 411: 44/400
Job 411: 45/400
Job 411: 46/400
Job 411: 47/400
Job 411: 48/400
Job 411: 49/400
Job 411: 50/400
Job 411: 51/400
Job 411: 52/400
Job 411: 53/400
Job 411: 54/400
Job 411: 55/400
Job 411: 56/400
Job 411: 57/400
Job 411: 58/400
Job 411: 59/400
Job 411: 60/400
Job 411: 61/400
Job 411: 62/400
Job 411: 63/400
Job 411: 64/400
Job 411: 65/400
Job 411: 66/400
Job 411: 67/400
Job 411: 68/400
Job 411: 69/400
Job 411: 70/400
Job 411: 71/400
Job 411: 72/400
Job 411: 73/400
Job 411: 74/400
Job 411: 75/400
Job 411: 76/400
Job 411: 77/400
Job 411: 78/400
Job 411: 79/400
Job 411: 80/400
Job 411: 81/400
Job 411: 82/400
Job 411: 83/400
Job 411: 84/400
Job 411: 85/400
Job 411: 86/400
Job 411: 87/400
Job 411: 88/400
Job 411: 89/400
Job 411: 90/400
Job 411: 91/400
Job 411: 92/400
Job 411: 93/400
Job 411: 94/400
Job 411: 95/400
Job 411: 96/400
Job 411: 97/400
Job 411: 98/400
Job 411: 99/400
Job 411: 100/400
Job 411: 101/400
Job 411: 102/400
Job 411: 103/400
Job 411: 104/400
Job 411: 105/400
Job 411: 106/400
Job 411: 107/400
Job 411: 108/400
Job 411: 109/400
Job 411: 110/400
Job 411: 111/400
Job 411: 112/400
Job 411: 113/400
Job 411: 114/400
Job 411: 115/400
Job 411: 116/400
Job 411: 117/400
Job 411: 118/400
Job 411: 119/400
Job 411: 120/400
Job 411: 121/400
Job 411: 122/400
Job 411: 123/400
Job 411: 124/400
Job 411: 125/400
Job 411: 126/400
Job 411: 127/400
Job 411: 128/400
Job 411: 129/400
Job 411: 130/400
Job 411: 131/400
Job 411: 132/400
Job 411: 133/400
Job 411: 134/400
Job 411: 135/400
Job 411: 136/400
Job 411: 137/400
Job 411: 138/400
Job 411: 139/400
Job 411: 140/400
Job 411: 141/400
Job 411: 142/400
Job 411: 143/400
Job 411: 144/400
Job 411: 145/400
Job 411: 146/400
Job 411: 147/400
Job 411: 148/400
Job 411: 149/400
Job 411: 150/400
Job 411: 151/400
Job 411: 152/400
Job 411: 153/400
Job 411: 154/400
Job 411: 155/400
Job 411: 156/400
Job 411: 157/400
Job 411: 158/400
Job 411: 159/400
Job 411: 160/400
Job 411: 161/400
Job 411: 162/400
Job 411: 163/400
Job 411: 164/400
Job 411: 165/400
Job 411: 166/400
Job 411: 167/400
Job 411: 168/400
Job 411: 169/400
Job 411: 170/400
Job 411: 171/400
Job 411: 172/400
Job 411: 173/400
Job 411: 174/400
Job 411: 175/400
Job 411: 176/400
Job 411: 177/400
Job 411: 178/400
Job 411: 179/400
Job 411: 180/400
Job 411: 181/400
Job 411: 182/400
Job 411: 183/400
Job 411: 184/400
Job 411: 185/400
Job 411: 186/400
Job 411: 187/400
Job 411: 188/400
Job 411: 189/400
Job 411: 190/400
Job 411: 191/400
Job 411: 192/400
Job 411: 193/400
Job 411: 194/400
Job 411: 195/400
Job 411: 196/400
Job 411: 197/400
Job 411: 198/400
Job 411: 199/400
Job 411: 200/400
Job 411: 201/400
Job 411: 202/400
Job 411: 203/400
Job 411: 204/400
Job 411: 205/400
Job 411: 206/400
Job 411: 207/400
Job 411: 208/400
Job 411: 209/400
Job 411: 210/400
Job 411: 211/400
Job 411: 212/400
Job 411: 213/400
Job 411: 214/400
Job 411: 215/400
Job 411: 216/400
Job 411: 217/400
Job 411: 218/400
Job 411: 219/400
Job 411: 220/400
Job 411: 221/400
Job 411: 222/400
Job 411: 223/400
Job 411: 224/400
Job 411: 225/400
Job 411: 226/400
Job 411: 227/400
Job 411: 228/400
Job 411: 229/400
Job 411: 230/400
Job 411: 231/400
Job 411: 232/400
Job 411: 233/400
Job 411: 234/400
Job 411: 235/400
Job 411: 236/400
Job 411: 237/400
Job 411: 238/400
Job 411: 239/400
Job 411: 240/400
Job 411: 241/400
Job 411: 242/400
Job 411: 243/400
Job 411: 244/400
Job 411: 245/400
Job 411: 246/400
Job 411: 247/400
Job 411: 248/400
Job 411: 249/400
Job 411: 250/400
Job 411: 251/400
Job 411: 252/400
Job 411: 253/400
Job 411: 254/400
Job 411: 255/400
Job 411: 256/400
Job 411: 257/400
Job 411: 258/400
Job 411: 259/400
Job 411: 260/400
Job 411: 261/400
Job 411: 262/400
Job 411: 263/400
Job 411: 264/400
Job 411: 265/400
Job 411: 266/400
Job 411: 267/400
Job 411: 268/400
Job 411: 269/400
Job 411: 270/400
Job 411: 271/400
Job 411: 272/400
Job 411: 273/400
Job 411: 274/400
Job 411: 275/400
Job 411: 276/400
Job 411: 277/400
Job 411: 278/400
Job 411: 279/400
Job 411: 280/400
Job 411: 281/400
Job 411: 282/400
Job 411: 283/400
Job 411: 284/400
Job 411: 285/400
Job 411: 286/400
Job 411: 287/400
Job 411: 288/400
Job 411: 289/400
Job 411: 290/400
Job 411: 291/400
Job 411: 292/400
Job 411: 293/400
Job 411: 294/400
Job 411: 295/400
Job 411: 296/400
Job 411: 297/400
Job 411: 298/400
Job 411: 299/400
Job 411: 300/400
Job 411: 301/400
Job 411: 302/400
Job 411: 303/400
Job 411: 304/400
Job 411: 305/400
Job 411: 306/400
Job 411: 307/400
Job 411: 308/400
Job 411: 309/400
Job 411: 310/400
Job 411: 311/400
Job 411: 312/400
Job 411: 313/400
Job 411: 314/400
Job 411: 315/400
Job 411: 316/400
Job 411: 317/400
Job 411: 318/400
Job 411: 319/400
Job 411: 320/400
Job 411: 321/400
Job 411: 322/400
Job 411: 323/400
Job 411: 324/400
Job 411: 325/400
Job 411: 326/400
Job 411: 327/400
Job 411: 328/400
Job 411: 329/400
Job 411: 330/400
Job 411: 331/400
Job 411: 332/400
Job 411: 333/400
Job 411: 334/400
Job 411: 335/400
Job 411: 336/400
Job 411: 337/400
Job 411: 338/400
Job 411: 339/400
Job 411: 340/400
Job 411: 341/400
Job 411: 342/400
Job 411: 343/400
Job 411: 344/400
Job 411: 345/400
Job 411: 346/400
Job 411: 347/400
Job 411: 348/400
Job 411: 349/400
Job 411: 350/400
Job 411: 351/400
Job 411: 352/400
Job 411: 353/400
Job 411: 354/400
Job 411: 355/400
Job 411: 356/400
Job 411: 357/400
Job 411: 358/400
Job 411: 359/400
Job 411: 360/400
Job 411: 361/400
Job 411: 362/400
Job 411: 363/400
Job 411: 364/400
Job 411: 365/400
Job 411: 366/400
Job 411: 367/400
Job 411: 368/400
Job 411: 369/400
Job 411: 370/400
Job 411: 371/400
Job 411: 372/400
Job 411: 373/400
Job 411: 374/400
Job 411: 375/400
Job 411: 376/400
Job 411: 377/400
Job 411: 378/400
Job 411: 379/400
Job 411: 380/400
Job 411: 381/400
Job 411: 382/400
Job 411: 383/400
Job 411: 384/400
Job 411: 385/400
Job 411: 386/400
Job 411: 387/400
Job 411: 388/400
Job 411: 389/400
Job 411: 390/400
Job 411: 391/400
Job 411: 392/400
Job 411: 393/400
Job 411: 394/400
Job 411: 395/400
Job 411: 396/400
Job 411: 397/400
Job 411: 398/400
Job 411: 399/400
Job 411: 400/400
