Registered S3 methods overwritten by 'susieSlide':
  method              from  
  coef.susie          susieR
  predict.susie       susieR
  print.summary.susie susieR
  summary.susie       susieR
Job 371: 1/400
Job 371: 2/400
Job 371: 3/400
Job 371: 4/400
Job 371: 5/400
Job 371: 6/400
Job 371: 7/400
Job 371: 8/400
Job 371: 9/400
Job 371: 10/400
Job 371: 11/400
Job 371: 12/400
Job 371: 13/400
Job 371: 14/400
Job 371: 15/400
Job 371: 16/400
Job 371: 17/400
Job 371: 18/400
Job 371: 19/400
Job 371: 20/400
Job 371: 21/400
Job 371: 22/400
Job 371: 23/400
Job 371: 24/400
Job 371: 25/400
Job 371: 26/400
Job 371: 27/400
Job 371: 28/400
Job 371: 29/400
Job 371: 30/400
Job 371: 31/400
Job 371: 32/400
Job 371: 33/400
Job 371: 34/400
Job 371: 35/400
Job 371: 36/400
Job 371: 37/400
Job 371: 38/400
Job 371: 39/400
Job 371: 40/400
Job 371: 41/400
Job 371: 42/400
Job 371: 43/400
Job 371: 44/400
Job 371: 45/400
Job 371: 46/400
Job 371: 47/400
Job 371: 48/400
Job 371: 49/400
Job 371: 50/400
Job 371: 51/400
Job 371: 52/400
Job 371: 53/400
Job 371: 54/400
Job 371: 55/400
Job 371: 56/400
Job 371: 57/400
Job 371: 58/400
Job 371: 59/400
Job 371: 60/400
Job 371: 61/400
Job 371: 62/400
Job 371: 63/400
Job 371: 64/400
Job 371: 65/400
Job 371: 66/400
Job 371: 67/400
Job 371: 68/400
Job 371: 69/400
Job 371: 70/400
Job 371: 71/400
Job 371: 72/400
Job 371: 73/400
Job 371: 74/400
Job 371: 75/400
Job 371: 76/400
Job 371: 77/400
Job 371: 78/400
Job 371: 79/400
Job 371: 80/400
Job 371: 81/400
Job 371: 82/400
Job 371: 83/400
Job 371: 84/400
Job 371: 85/400
Job 371: 86/400
Job 371: 87/400
Job 371: 88/400
Job 371: 89/400
Job 371: 90/400
Job 371: 91/400
Job 371: 92/400
Job 371: 93/400
Job 371: 94/400
Job 371: 95/400
Job 371: 96/400
Job 371: 97/400
Job 371: 98/400
Job 371: 99/400
Job 371: 100/400
Job 371: 101/400
Job 371: 102/400
Job 371: 103/400
Job 371: 104/400
Job 371: 105/400
Job 371: 106/400
Job 371: 107/400
Job 371: 108/400
Job 371: 109/400
Job 371: 110/400
Job 371: 111/400
Job 371: 112/400
Job 371: 113/400
Job 371: 114/400
Job 371: 115/400
Job 371: 116/400
Job 371: 117/400
Job 371: 118/400
Job 371: 119/400
Job 371: 120/400
Job 371: 121/400
Job 371: 122/400
Job 371: 123/400
Job 371: 124/400
Job 371: 125/400
Job 371: 126/400
Job 371: 127/400
Job 371: 128/400
Job 371: 129/400
Job 371: 130/400
Job 371: 131/400
Job 371: 132/400
Job 371: 133/400
Job 371: 134/400
Job 371: 135/400
Job 371: 136/400
Job 371: 137/400
Job 371: 138/400
Job 371: 139/400
Job 371: 140/400
Job 371: 141/400
Job 371: 142/400
Job 371: 143/400
Job 371: 144/400
Job 371: 145/400
Job 371: 146/400
Job 371: 147/400
Job 371: 148/400
Job 371: 149/400
Job 371: 150/400
Job 371: 151/400
Job 371: 152/400
Job 371: 153/400
Job 371: 154/400
Job 371: 155/400
Job 371: 156/400
Job 371: 157/400
Job 371: 158/400
Job 371: 159/400
Job 371: 160/400
Job 371: 161/400
Job 371: 162/400
Job 371: 163/400
Job 371: 164/400
Job 371: 165/400
Job 371: 166/400
Job 371: 167/400
Job 371: 168/400
Job 371: 169/400
Job 371: 170/400
Job 371: 171/400
Job 371: 172/400
Job 371: 173/400
Job 371: 174/400
Job 371: 175/400
Job 371: 176/400
Job 371: 177/400
Job 371: 178/400
Job 371: 179/400
Job 371: 180/400
Job 371: 181/400
Job 371: 182/400
Job 371: 183/400
Job 371: 184/400
Job 371: 185/400
Job 371: 186/400
Job 371: 187/400
Job 371: 188/400
Job 371: 189/400
Job 371: 190/400
Job 371: 191/400
Job 371: 192/400
Job 371: 193/400
Job 371: 194/400
Job 371: 195/400
Job 371: 196/400
Job 371: 197/400
Job 371: 198/400
Job 371: 199/400
Job 371: 200/400
Job 371: 201/400
Job 371: 202/400
Job 371: 203/400
Job 371: 204/400
Job 371: 205/400
Job 371: 206/400
Job 371: 207/400
Job 371: 208/400
Job 371: 209/400
Job 371: 210/400
Job 371: 211/400
Job 371: 212/400
Job 371: 213/400
Job 371: 214/400
Job 371: 215/400
Job 371: 216/400
Job 371: 217/400
Job 371: 218/400
Job 371: 219/400
Job 371: 220/400
Job 371: 221/400
Job 371: 222/400
Job 371: 223/400
Job 371: 224/400
Job 371: 225/400
Job 371: 226/400
Job 371: 227/400
Job 371: 228/400
Job 371: 229/400
Job 371: 230/400
Job 371: 231/400
Job 371: 232/400
Job 371: 233/400
Job 371: 234/400
Job 371: 235/400
Job 371: 236/400
Job 371: 237/400
Job 371: 238/400
Job 371: 239/400
Job 371: 240/400
Job 371: 241/400
Job 371: 242/400
Job 371: 243/400
Job 371: 244/400
Job 371: 245/400
Job 371: 246/400
Job 371: 247/400
Job 371: 248/400
Job 371: 249/400
Job 371: 250/400
Job 371: 251/400
Job 371: 252/400
Job 371: 253/400
Job 371: 254/400
Job 371: 255/400
Job 371: 256/400
Job 371: 257/400
Job 371: 258/400
Job 371: 259/400
Job 371: 260/400
Job 371: 261/400
Job 371: 262/400
Job 371: 263/400
Job 371: 264/400
Job 371: 265/400
Job 371: 266/400
Job 371: 267/400
Job 371: 268/400
Job 371: 269/400
Job 371: 270/400
Job 371: 271/400
Job 371: 272/400
Job 371: 273/400
Job 371: 274/400
Job 371: 275/400
Job 371: 276/400
Job 371: 277/400
Job 371: 278/400
Job 371: 279/400
Job 371: 280/400
Job 371: 281/400
Job 371: 282/400
Job 371: 283/400
Job 371: 284/400
Job 371: 285/400
Job 371: 286/400
Job 371: 287/400
Job 371: 288/400
Job 371: 289/400
Job 371: 290/400
Job 371: 291/400
Job 371: 292/400
Job 371: 293/400
Job 371: 294/400
Job 371: 295/400
Job 371: 296/400
Job 371: 297/400
Job 371: 298/400
Job 371: 299/400
Job 371: 300/400
Job 371: 301/400
Job 371: 302/400
Job 371: 303/400
Job 371: 304/400
Job 371: 305/400
Job 371: 306/400
Job 371: 307/400
Job 371: 308/400
Job 371: 309/400
Job 371: 310/400
Job 371: 311/400
Job 371: 312/400
Job 371: 313/400
Job 371: 314/400
Job 371: 315/400
Job 371: 316/400
Job 371: 317/400
Job 371: 318/400
Job 371: 319/400
Job 371: 320/400
Job 371: 321/400
Job 371: 322/400
Job 371: 323/400
Job 371: 324/400
Job 371: 325/400
Job 371: 326/400
Job 371: 327/400
Job 371: 328/400
Job 371: 329/400
Job 371: 330/400
Job 371: 331/400
Job 371: 332/400
Job 371: 333/400
Job 371: 334/400
Job 371: 335/400
Job 371: 336/400
Job 371: 337/400
Job 371: 338/400
Job 371: 339/400
Job 371: 340/400
Job 371: 341/400
Job 371: 342/400
Job 371: 343/400
Job 371: 344/400
Job 371: 345/400
Job 371: 346/400
Job 371: 347/400
Job 371: 348/400
Job 371: 349/400
Job 371: 350/400
Job 371: 351/400
Job 371: 352/400
Job 371: 353/400
Job 371: 354/400
Job 371: 355/400
Job 371: 356/400
Job 371: 357/400
Job 371: 358/400
Job 371: 359/400
Job 371: 360/400
Job 371: 361/400
Job 371: 362/400
Job 371: 363/400
Job 371: 364/400
Job 371: 365/400
Job 371: 366/400
Job 371: 367/400
Job 371: 368/400
Job 371: 369/400
Job 371: 370/400
Job 371: 371/400
Job 371: 372/400
Job 371: 373/400
Job 371: 374/400
Job 371: 375/400
Job 371: 376/400
Job 371: 377/400
Job 371: 378/400
Job 371: 379/400
Job 371: 380/400
Job 371: 381/400
Job 371: 382/400
Job 371: 383/400
Job 371: 384/400
Job 371: 385/400
Job 371: 386/400
Job 371: 387/400
Job 371: 388/400
Job 371: 389/400
Job 371: 390/400
Job 371: 391/400
Job 371: 392/400
Job 371: 393/400
Job 371: 394/400
Job 371: 395/400
Job 371: 396/400
Job 371: 397/400
Job 371: 398/400
Job 371: 399/400
Job 371: 400/400
