Registered S3 methods overwritten by 'susieSlide':
  method              from  
  coef.susie          susieR
  predict.susie       susieR
  print.summary.susie susieR
  summary.susie       susieR
Job 561: 1/400
Job 561: 2/400
Job 561: 3/400
Job 561: 4/400
Job 561: 5/400
Job 561: 6/400
Job 561: 7/400
Job 561: 8/400
Job 561: 9/400
Job 561: 10/400
Job 561: 11/400
Job 561: 12/400
Job 561: 13/400
Job 561: 14/400
Job 561: 15/400
Job 561: 16/400
Job 561: 17/400
Job 561: 18/400
Job 561: 19/400
Job 561: 20/400
Job 561: 21/400
Job 561: 22/400
Job 561: 23/400
Job 561: 24/400
Job 561: 25/400
Job 561: 26/400
Job 561: 27/400
Job 561: 28/400
Job 561: 29/400
Job 561: 30/400
Job 561: 31/400
Job 561: 32/400
Job 561: 33/400
Job 561: 34/400
Job 561: 35/400
Job 561: 36/400
Job 561: 37/400
Job 561: 38/400
Job 561: 39/400
Job 561: 40/400
Job 561: 41/400
Job 561: 42/400
Job 561: 43/400
Job 561: 44/400
Job 561: 45/400
Job 561: 46/400
Job 561: 47/400
Job 561: 48/400
Job 561: 49/400
Job 561: 50/400
Job 561: 51/400
Job 561: 52/400
Job 561: 53/400
Job 561: 54/400
Job 561: 55/400
Job 561: 56/400
Job 561: 57/400
Job 561: 58/400
Job 561: 59/400
Job 561: 60/400
Job 561: 61/400
Job 561: 62/400
Job 561: 63/400
Job 561: 64/400
Job 561: 65/400
Job 561: 66/400
Job 561: 67/400
Job 561: 68/400
Job 561: 69/400
Job 561: 70/400
Job 561: 71/400
Job 561: 72/400
Job 561: 73/400
Job 561: 74/400
Job 561: 75/400
Job 561: 76/400
Job 561: 77/400
Job 561: 78/400
Job 561: 79/400
Job 561: 80/400
Job 561: 81/400
Job 561: 82/400
Job 561: 83/400
Job 561: 84/400
Job 561: 85/400
Job 561: 86/400
Job 561: 87/400
Job 561: 88/400
Job 561: 89/400
Job 561: 90/400
Job 561: 91/400
Job 561: 92/400
Job 561: 93/400
Job 561: 94/400
Job 561: 95/400
Job 561: 96/400
Job 561: 97/400
Job 561: 98/400
Job 561: 99/400
Job 561: 100/400
Job 561: 101/400
Job 561: 102/400
Job 561: 103/400
Job 561: 104/400
Job 561: 105/400
Job 561: 106/400
Job 561: 107/400
Job 561: 108/400
Job 561: 109/400
Job 561: 110/400
Job 561: 111/400
Job 561: 112/400
Job 561: 113/400
Job 561: 114/400
Job 561: 115/400
Job 561: 116/400
Job 561: 117/400
Job 561: 118/400
Job 561: 119/400
Job 561: 120/400
Job 561: 121/400
Job 561: 122/400
Job 561: 123/400
Job 561: 124/400
Job 561: 125/400
Job 561: 126/400
Job 561: 127/400
Job 561: 128/400
Job 561: 129/400
Job 561: 130/400
Job 561: 131/400
Job 561: 132/400
Job 561: 133/400
Job 561: 134/400
Job 561: 135/400
Job 561: 136/400
Job 561: 137/400
Job 561: 138/400
Job 561: 139/400
Job 561: 140/400
Job 561: 141/400
Job 561: 142/400
Job 561: 143/400
Job 561: 144/400
Job 561: 145/400
Job 561: 146/400
Job 561: 147/400
Job 561: 148/400
Job 561: 149/400
Job 561: 150/400
Job 561: 151/400
Job 561: 152/400
Job 561: 153/400
Job 561: 154/400
Job 561: 155/400
Job 561: 156/400
Job 561: 157/400
Job 561: 158/400
Job 561: 159/400
Job 561: 160/400
Job 561: 161/400
Job 561: 162/400
Job 561: 163/400
Job 561: 164/400
Job 561: 165/400
Job 561: 166/400
Job 561: 167/400
Job 561: 168/400
Job 561: 169/400
Job 561: 170/400
Job 561: 171/400
Job 561: 172/400
Job 561: 173/400
Job 561: 174/400
Job 561: 175/400
Job 561: 176/400
Job 561: 177/400
Job 561: 178/400
Job 561: 179/400
Job 561: 180/400
Job 561: 181/400
Job 561: 182/400
Job 561: 183/400
Job 561: 184/400
Job 561: 185/400
Job 561: 186/400
Job 561: 187/400
Job 561: 188/400
Job 561: 189/400
Job 561: 190/400
Job 561: 191/400
Job 561: 192/400
Job 561: 193/400
Job 561: 194/400
Job 561: 195/400
Job 561: 196/400
Job 561: 197/400
Job 561: 198/400
Job 561: 199/400
Job 561: 200/400
Job 561: 201/400
Job 561: 202/400
Job 561: 203/400
Job 561: 204/400
Job 561: 205/400
Job 561: 206/400
Job 561: 207/400
Job 561: 208/400
Job 561: 209/400
Job 561: 210/400
Job 561: 211/400
Job 561: 212/400
Job 561: 213/400
Job 561: 214/400
Job 561: 215/400
Job 561: 216/400
Job 561: 217/400
Job 561: 218/400
Job 561: 219/400
Job 561: 220/400
Job 561: 221/400
Job 561: 222/400
Job 561: 223/400
Job 561: 224/400
Job 561: 225/400
Job 561: 226/400
Job 561: 227/400
Job 561: 228/400
Job 561: 229/400
Job 561: 230/400
Job 561: 231/400
Job 561: 232/400
Job 561: 233/400
Job 561: 234/400
Job 561: 235/400
Job 561: 236/400
Job 561: 237/400
Job 561: 238/400
Job 561: 239/400
Job 561: 240/400
Job 561: 241/400
Job 561: 242/400
Job 561: 243/400
Job 561: 244/400
Job 561: 245/400
Job 561: 246/400
Job 561: 247/400
Job 561: 248/400
Job 561: 249/400
Job 561: 250/400
Job 561: 251/400
Job 561: 252/400
Job 561: 253/400
Job 561: 254/400
Job 561: 255/400
Job 561: 256/400
Job 561: 257/400
Job 561: 258/400
Job 561: 259/400
Job 561: 260/400
Job 561: 261/400
Job 561: 262/400
Job 561: 263/400
Job 561: 264/400
Job 561: 265/400
Job 561: 266/400
Job 561: 267/400
Job 561: 268/400
Job 561: 269/400
Job 561: 270/400
Job 561: 271/400
Job 561: 272/400
Job 561: 273/400
Job 561: 274/400
Job 561: 275/400
Job 561: 276/400
Job 561: 277/400
Job 561: 278/400
Job 561: 279/400
Job 561: 280/400
Job 561: 281/400
Job 561: 282/400
Job 561: 283/400
Job 561: 284/400
Job 561: 285/400
Job 561: 286/400
Job 561: 287/400
Job 561: 288/400
Job 561: 289/400
Job 561: 290/400
Job 561: 291/400
Job 561: 292/400
Job 561: 293/400
Job 561: 294/400
Job 561: 295/400
Job 561: 296/400
Job 561: 297/400
Job 561: 298/400
Job 561: 299/400
Job 561: 300/400
Job 561: 301/400
Job 561: 302/400
Job 561: 303/400
Job 561: 304/400
Job 561: 305/400
Job 561: 306/400
Job 561: 307/400
Job 561: 308/400
Job 561: 309/400
Job 561: 310/400
Job 561: 311/400
Job 561: 312/400
Job 561: 313/400
Job 561: 314/400
Job 561: 315/400
Job 561: 316/400
Job 561: 317/400
Job 561: 318/400
Job 561: 319/400
Job 561: 320/400
Job 561: 321/400
Job 561: 322/400
Job 561: 323/400
Job 561: 324/400
Job 561: 325/400
Job 561: 326/400
Job 561: 327/400
Job 561: 328/400
Job 561: 329/400
Job 561: 330/400
Job 561: 331/400
Job 561: 332/400
Job 561: 333/400
Job 561: 334/400
Job 561: 335/400
Job 561: 336/400
Job 561: 337/400
Job 561: 338/400
Job 561: 339/400
Job 561: 340/400
Job 561: 341/400
Job 561: 342/400
Job 561: 343/400
Job 561: 344/400
Job 561: 345/400
Job 561: 346/400
Job 561: 347/400
Job 561: 348/400
Job 561: 349/400
Job 561: 350/400
Job 561: 351/400
Job 561: 352/400
Job 561: 353/400
Job 561: 354/400
Job 561: 355/400
Job 561: 356/400
Job 561: 357/400
Job 561: 358/400
Job 561: 359/400
Job 561: 360/400
Job 561: 361/400
Job 561: 362/400
Job 561: 363/400
Job 561: 364/400
Job 561: 365/400
Job 561: 366/400
Job 561: 367/400
Job 561: 368/400
Job 561: 369/400
Job 561: 370/400
Job 561: 371/400
Job 561: 372/400
Job 561: 373/400
Job 561: 374/400
Job 561: 375/400
Job 561: 376/400
Job 561: 377/400
Job 561: 378/400
Job 561: 379/400
Job 561: 380/400
Job 561: 381/400
Job 561: 382/400
Job 561: 383/400
Job 561: 384/400
Job 561: 385/400
Job 561: 386/400
Job 561: 387/400
Job 561: 388/400
Job 561: 389/400
Job 561: 390/400
Job 561: 391/400
Job 561: 392/400
Job 561: 393/400
Job 561: 394/400
Job 561: 395/400
Job 561: 396/400
Job 561: 397/400
Job 561: 398/400
Job 561: 399/400
Job 561: 400/400
