Registered S3 methods overwritten by 'susieSlide':
  method              from  
  coef.susie          susieR
  predict.susie       susieR
  print.summary.susie susieR
  summary.susie       susieR
Job 349: 1/400
Job 349: 2/400
Job 349: 3/400
Job 349: 4/400
Job 349: 5/400
Job 349: 6/400
Job 349: 7/400
Job 349: 8/400
Job 349: 9/400
Job 349: 10/400
Job 349: 11/400
Job 349: 12/400
Job 349: 13/400
Job 349: 14/400
Job 349: 15/400
Job 349: 16/400
Job 349: 17/400
Job 349: 18/400
Job 349: 19/400
Job 349: 20/400
Job 349: 21/400
Job 349: 22/400
Job 349: 23/400
Job 349: 24/400
Job 349: 25/400
Job 349: 26/400
Job 349: 27/400
Job 349: 28/400
Job 349: 29/400
Job 349: 30/400
Job 349: 31/400
Job 349: 32/400
Job 349: 33/400
Job 349: 34/400
Job 349: 35/400
Job 349: 36/400
Job 349: 37/400
Job 349: 38/400
Job 349: 39/400
Job 349: 40/400
Job 349: 41/400
Job 349: 42/400
Job 349: 43/400
Job 349: 44/400
Job 349: 45/400
Job 349: 46/400
Job 349: 47/400
Job 349: 48/400
Job 349: 49/400
Job 349: 50/400
Job 349: 51/400
Job 349: 52/400
Job 349: 53/400
Job 349: 54/400
Job 349: 55/400
Job 349: 56/400
Job 349: 57/400
Job 349: 58/400
Job 349: 59/400
Job 349: 60/400
Job 349: 61/400
Job 349: 62/400
Job 349: 63/400
Job 349: 64/400
Job 349: 65/400
Job 349: 66/400
Job 349: 67/400
Job 349: 68/400
Job 349: 69/400
Job 349: 70/400
Job 349: 71/400
Job 349: 72/400
Job 349: 73/400
Job 349: 74/400
Job 349: 75/400
Job 349: 76/400
Job 349: 77/400
Job 349: 78/400
Job 349: 79/400
Job 349: 80/400
Job 349: 81/400
Job 349: 82/400
Job 349: 83/400
Job 349: 84/400
Job 349: 85/400
Job 349: 86/400
Job 349: 87/400
Job 349: 88/400
Job 349: 89/400
Job 349: 90/400
Job 349: 91/400
Job 349: 92/400
Job 349: 93/400
Job 349: 94/400
Job 349: 95/400
Job 349: 96/400
Job 349: 97/400
Job 349: 98/400
Job 349: 99/400
Job 349: 100/400
Job 349: 101/400
Job 349: 102/400
Job 349: 103/400
Job 349: 104/400
Job 349: 105/400
Job 349: 106/400
Job 349: 107/400
Job 349: 108/400
Job 349: 109/400
Job 349: 110/400
Job 349: 111/400
Job 349: 112/400
Job 349: 113/400
Job 349: 114/400
Job 349: 115/400
Job 349: 116/400
Job 349: 117/400
Job 349: 118/400
Job 349: 119/400
Job 349: 120/400
Job 349: 121/400
Job 349: 122/400
Job 349: 123/400
Job 349: 124/400
Job 349: 125/400
Job 349: 126/400
Job 349: 127/400
Job 349: 128/400
Job 349: 129/400
Job 349: 130/400
Job 349: 131/400
Job 349: 132/400
Job 349: 133/400
Job 349: 134/400
Job 349: 135/400
Job 349: 136/400
Job 349: 137/400
Job 349: 138/400
Job 349: 139/400
Job 349: 140/400
Job 349: 141/400
Job 349: 142/400
Job 349: 143/400
Job 349: 144/400
Job 349: 145/400
Job 349: 146/400
Job 349: 147/400
Job 349: 148/400
Job 349: 149/400
Job 349: 150/400
Job 349: 151/400
Job 349: 152/400
Job 349: 153/400
Job 349: 154/400
Job 349: 155/400
Job 349: 156/400
Job 349: 157/400
Job 349: 158/400
Job 349: 159/400
Job 349: 160/400
Job 349: 161/400
Job 349: 162/400
Job 349: 163/400
Job 349: 164/400
Job 349: 165/400
Job 349: 166/400
Job 349: 167/400
Job 349: 168/400
Job 349: 169/400
Job 349: 170/400
Job 349: 171/400
Job 349: 172/400
Job 349: 173/400
Job 349: 174/400
Job 349: 175/400
Job 349: 176/400
Job 349: 177/400
Job 349: 178/400
Job 349: 179/400
Job 349: 180/400
Job 349: 181/400
Job 349: 182/400
Job 349: 183/400
Job 349: 184/400
Job 349: 185/400
Job 349: 186/400
Job 349: 187/400
Job 349: 188/400
Job 349: 189/400
Job 349: 190/400
Job 349: 191/400
Job 349: 192/400
Job 349: 193/400
Job 349: 194/400
Job 349: 195/400
Job 349: 196/400
Job 349: 197/400
Job 349: 198/400
Job 349: 199/400
Job 349: 200/400
Job 349: 201/400
Job 349: 202/400
Job 349: 203/400
Job 349: 204/400
Job 349: 205/400
Job 349: 206/400
Job 349: 207/400
Job 349: 208/400
Job 349: 209/400
Job 349: 210/400
Job 349: 211/400
Job 349: 212/400
Job 349: 213/400
Job 349: 214/400
Job 349: 215/400
Job 349: 216/400
Job 349: 217/400
Job 349: 218/400
Job 349: 219/400
Job 349: 220/400
Job 349: 221/400
Job 349: 222/400
Job 349: 223/400
Job 349: 224/400
Job 349: 225/400
Job 349: 226/400
Job 349: 227/400
Job 349: 228/400
Job 349: 229/400
Job 349: 230/400
Job 349: 231/400
Job 349: 232/400
Job 349: 233/400
Job 349: 234/400
Job 349: 235/400
Job 349: 236/400
Job 349: 237/400
Job 349: 238/400
Job 349: 239/400
Job 349: 240/400
Job 349: 241/400
Job 349: 242/400
Job 349: 243/400
Job 349: 244/400
Job 349: 245/400
Job 349: 246/400
Job 349: 247/400
Job 349: 248/400
Job 349: 249/400
Job 349: 250/400
Job 349: 251/400
Job 349: 252/400
Job 349: 253/400
Job 349: 254/400
Job 349: 255/400
Job 349: 256/400
Job 349: 257/400
Job 349: 258/400
Job 349: 259/400
Job 349: 260/400
Job 349: 261/400
Job 349: 262/400
Job 349: 263/400
Job 349: 264/400
Job 349: 265/400
Job 349: 266/400
Job 349: 267/400
Job 349: 268/400
Job 349: 269/400
Job 349: 270/400
Job 349: 271/400
Job 349: 272/400
Job 349: 273/400
Job 349: 274/400
Job 349: 275/400
Job 349: 276/400
Job 349: 277/400
Job 349: 278/400
Job 349: 279/400
Job 349: 280/400
Job 349: 281/400
Job 349: 282/400
Job 349: 283/400
Job 349: 284/400
Job 349: 285/400
Job 349: 286/400
Job 349: 287/400
Job 349: 288/400
Job 349: 289/400
Job 349: 290/400
Job 349: 291/400
Job 349: 292/400
Job 349: 293/400
Job 349: 294/400
Job 349: 295/400
Job 349: 296/400
Job 349: 297/400
Job 349: 298/400
Job 349: 299/400
Job 349: 300/400
Job 349: 301/400
Job 349: 302/400
Job 349: 303/400
Job 349: 304/400
Job 349: 305/400
Job 349: 306/400
Job 349: 307/400
Job 349: 308/400
Job 349: 309/400
Job 349: 310/400
Job 349: 311/400
Job 349: 312/400
Job 349: 313/400
Job 349: 314/400
Job 349: 315/400
Job 349: 316/400
Job 349: 317/400
Job 349: 318/400
Job 349: 319/400
Job 349: 320/400
Job 349: 321/400
Job 349: 322/400
Job 349: 323/400
Job 349: 324/400
Job 349: 325/400
Job 349: 326/400
Job 349: 327/400
Job 349: 328/400
Job 349: 329/400
Job 349: 330/400
Job 349: 331/400
Job 349: 332/400
Job 349: 333/400
Job 349: 334/400
Job 349: 335/400
Job 349: 336/400
Job 349: 337/400
Job 349: 338/400
Job 349: 339/400
Job 349: 340/400
Job 349: 341/400
Job 349: 342/400
Job 349: 343/400
Job 349: 344/400
Job 349: 345/400
Job 349: 346/400
Job 349: 347/400
Job 349: 348/400
Job 349: 349/400
Job 349: 350/400
Job 349: 351/400
Job 349: 352/400
Job 349: 353/400
Job 349: 354/400
Job 349: 355/400
Job 349: 356/400
Job 349: 357/400
Job 349: 358/400
Job 349: 359/400
Job 349: 360/400
Job 349: 361/400
Job 349: 362/400
Job 349: 363/400
Job 349: 364/400
Job 349: 365/400
Job 349: 366/400
Job 349: 367/400
Job 349: 368/400
Job 349: 369/400
Job 349: 370/400
Job 349: 371/400
Job 349: 372/400
Job 349: 373/400
Job 349: 374/400
Job 349: 375/400
Job 349: 376/400
Job 349: 377/400
Job 349: 378/400
Job 349: 379/400
Job 349: 380/400
Job 349: 381/400
Job 349: 382/400
Job 349: 383/400
Job 349: 384/400
Job 349: 385/400
Job 349: 386/400
Job 349: 387/400
Job 349: 388/400
Job 349: 389/400
Job 349: 390/400
Job 349: 391/400
Job 349: 392/400
Job 349: 393/400
Job 349: 394/400
Job 349: 395/400
Job 349: 396/400
Job 349: 397/400
Job 349: 398/400
Job 349: 399/400
Job 349: 400/400
