Registered S3 methods overwritten by 'susieSlide':
  method              from  
  coef.susie          susieR
  predict.susie       susieR
  print.summary.susie susieR
  summary.susie       susieR
Job 49: 1/400
Job 49: 2/400
Job 49: 3/400
Job 49: 4/400
Job 49: 5/400
Job 49: 6/400
Job 49: 7/400
Job 49: 8/400
Job 49: 9/400
Job 49: 10/400
Job 49: 11/400
Job 49: 12/400
Job 49: 13/400
Job 49: 14/400
Job 49: 15/400
Job 49: 16/400
Job 49: 17/400
Job 49: 18/400
Job 49: 19/400
Job 49: 20/400
Job 49: 21/400
Job 49: 22/400
Job 49: 23/400
Job 49: 24/400
Job 49: 25/400
Job 49: 26/400
Job 49: 27/400
Job 49: 28/400
Job 49: 29/400
Job 49: 30/400
Job 49: 31/400
Job 49: 32/400
Job 49: 33/400
Job 49: 34/400
Job 49: 35/400
Job 49: 36/400
Job 49: 37/400
Job 49: 38/400
Job 49: 39/400
Job 49: 40/400
Job 49: 41/400
Job 49: 42/400
Job 49: 43/400
Job 49: 44/400
Job 49: 45/400
Job 49: 46/400
Job 49: 47/400
Job 49: 48/400
Job 49: 49/400
Job 49: 50/400
Job 49: 51/400
Job 49: 52/400
Job 49: 53/400
Job 49: 54/400
Job 49: 55/400
Job 49: 56/400
Job 49: 57/400
Job 49: 58/400
Job 49: 59/400
Job 49: 60/400
Job 49: 61/400
Job 49: 62/400
Job 49: 63/400
Job 49: 64/400
Job 49: 65/400
Job 49: 66/400
Job 49: 67/400
Job 49: 68/400
Job 49: 69/400
Job 49: 70/400
Job 49: 71/400
Job 49: 72/400
Job 49: 73/400
Job 49: 74/400
Job 49: 75/400
Job 49: 76/400
Job 49: 77/400
Job 49: 78/400
Job 49: 79/400
Job 49: 80/400
Job 49: 81/400
Job 49: 82/400
Job 49: 83/400
Job 49: 84/400
Job 49: 85/400
Job 49: 86/400
Job 49: 87/400
Job 49: 88/400
Job 49: 89/400
Job 49: 90/400
Job 49: 91/400
Job 49: 92/400
Job 49: 93/400
Job 49: 94/400
Job 49: 95/400
Job 49: 96/400
Job 49: 97/400
Job 49: 98/400
Job 49: 99/400
Job 49: 100/400
Job 49: 101/400
Job 49: 102/400
Job 49: 103/400
Job 49: 104/400
Job 49: 105/400
Job 49: 106/400
Job 49: 107/400
Job 49: 108/400
Job 49: 109/400
Job 49: 110/400
Job 49: 111/400
Job 49: 112/400
Job 49: 113/400
Job 49: 114/400
Job 49: 115/400
Job 49: 116/400
Job 49: 117/400
Job 49: 118/400
Job 49: 119/400
Job 49: 120/400
Job 49: 121/400
Job 49: 122/400
Job 49: 123/400
Job 49: 124/400
Job 49: 125/400
Job 49: 126/400
Job 49: 127/400
Job 49: 128/400
Job 49: 129/400
Job 49: 130/400
Job 49: 131/400
Job 49: 132/400
Job 49: 133/400
Job 49: 134/400
Job 49: 135/400
Job 49: 136/400
Job 49: 137/400
Job 49: 138/400
Job 49: 139/400
Job 49: 140/400
Job 49: 141/400
Job 49: 142/400
Job 49: 143/400
Job 49: 144/400
Job 49: 145/400
Job 49: 146/400
Job 49: 147/400
Job 49: 148/400
Job 49: 149/400
Job 49: 150/400
Job 49: 151/400
Job 49: 152/400
Job 49: 153/400
Job 49: 154/400
Job 49: 155/400
Job 49: 156/400
Job 49: 157/400
Job 49: 158/400
Job 49: 159/400
Job 49: 160/400
Job 49: 161/400
Job 49: 162/400
Job 49: 163/400
Job 49: 164/400
Job 49: 165/400
Job 49: 166/400
Job 49: 167/400
Job 49: 168/400
Job 49: 169/400
Job 49: 170/400
Job 49: 171/400
Job 49: 172/400
Job 49: 173/400
Job 49: 174/400
Job 49: 175/400
Job 49: 176/400
Job 49: 177/400
Job 49: 178/400
Job 49: 179/400
Job 49: 180/400
Job 49: 181/400
Job 49: 182/400
Job 49: 183/400
Job 49: 184/400
Job 49: 185/400
Job 49: 186/400
Job 49: 187/400
Job 49: 188/400
Job 49: 189/400
Job 49: 190/400
Job 49: 191/400
Job 49: 192/400
Job 49: 193/400
Job 49: 194/400
Job 49: 195/400
Job 49: 196/400
Job 49: 197/400
Job 49: 198/400
Job 49: 199/400
Job 49: 200/400
Job 49: 201/400
Job 49: 202/400
Job 49: 203/400
Job 49: 204/400
Job 49: 205/400
Job 49: 206/400
Job 49: 207/400
Job 49: 208/400
Job 49: 209/400
Job 49: 210/400
Job 49: 211/400
Job 49: 212/400
Job 49: 213/400
Job 49: 214/400
Job 49: 215/400
Job 49: 216/400
Job 49: 217/400
Job 49: 218/400
Job 49: 219/400
Job 49: 220/400
Job 49: 221/400
Job 49: 222/400
Job 49: 223/400
Job 49: 224/400
Job 49: 225/400
Job 49: 226/400
Job 49: 227/400
Job 49: 228/400
Job 49: 229/400
Job 49: 230/400
Job 49: 231/400
Job 49: 232/400
Job 49: 233/400
Job 49: 234/400
Job 49: 235/400
Job 49: 236/400
Job 49: 237/400 ERROR: object 'target_gene' not found
Job 49: 238/400
Job 49: 239/400
Job 49: 240/400
Job 49: 241/400
Job 49: 242/400
Job 49: 243/400
Job 49: 244/400
Job 49: 245/400
Job 49: 246/400
Job 49: 247/400
Job 49: 248/400
Job 49: 249/400
Job 49: 250/400
Job 49: 251/400
Job 49: 252/400
Job 49: 253/400
Job 49: 254/400
Job 49: 255/400
Job 49: 256/400
Job 49: 257/400
Job 49: 258/400
Job 49: 259/400
Job 49: 260/400
Job 49: 261/400
Job 49: 262/400
Job 49: 263/400
Job 49: 264/400
Job 49: 265/400
Job 49: 266/400
Job 49: 267/400
Job 49: 268/400
Job 49: 269/400
Job 49: 270/400
Job 49: 271/400
Job 49: 272/400
Job 49: 273/400
Job 49: 274/400
Job 49: 275/400
Job 49: 276/400
Job 49: 277/400
Job 49: 278/400
Job 49: 279/400
Job 49: 280/400
Job 49: 281/400
Job 49: 282/400
Job 49: 283/400
Job 49: 284/400
Job 49: 285/400
Job 49: 286/400
Job 49: 287/400
Job 49: 288/400
Job 49: 289/400
Job 49: 290/400
Job 49: 291/400
Job 49: 292/400
Job 49: 293/400
Job 49: 294/400
Job 49: 295/400
Job 49: 296/400
Job 49: 297/400
Job 49: 298/400
Job 49: 299/400
Job 49: 300/400
Job 49: 301/400
Job 49: 302/400
Job 49: 303/400
Job 49: 304/400
Job 49: 305/400
Job 49: 306/400
Job 49: 307/400
Job 49: 308/400
Job 49: 309/400
Job 49: 310/400
Job 49: 311/400
Job 49: 312/400
Job 49: 313/400
Job 49: 314/400
Job 49: 315/400
Job 49: 316/400
Job 49: 317/400
Job 49: 318/400
Job 49: 319/400
Job 49: 320/400
Job 49: 321/400
Job 49: 322/400
Job 49: 323/400
Job 49: 324/400
Job 49: 325/400
Job 49: 326/400
Job 49: 327/400
Job 49: 328/400
Job 49: 329/400
Job 49: 330/400
Job 49: 331/400
Job 49: 332/400
Job 49: 333/400
Job 49: 334/400
Job 49: 335/400
Job 49: 336/400
Job 49: 337/400
Job 49: 338/400
Job 49: 339/400
Job 49: 340/400
Job 49: 341/400
Job 49: 342/400
Job 49: 343/400
Job 49: 344/400
Job 49: 345/400
Job 49: 346/400
Job 49: 347/400
Job 49: 348/400
Job 49: 349/400
Job 49: 350/400
Job 49: 351/400
Job 49: 352/400
Job 49: 353/400
Job 49: 354/400
Job 49: 355/400
Job 49: 356/400
Job 49: 357/400
Job 49: 358/400
Job 49: 359/400
Job 49: 360/400
Job 49: 361/400
Job 49: 362/400
Job 49: 363/400
Job 49: 364/400
Job 49: 365/400
Job 49: 366/400
Job 49: 367/400
Job 49: 368/400
Job 49: 369/400
Job 49: 370/400
Job 49: 371/400
Job 49: 372/400
Job 49: 373/400
Job 49: 374/400
Job 49: 375/400
Job 49: 376/400
Job 49: 377/400
Job 49: 378/400
Job 49: 379/400
Job 49: 380/400
Job 49: 381/400
Job 49: 382/400
Job 49: 383/400
Job 49: 384/400
Job 49: 385/400
Job 49: 386/400
Job 49: 387/400
Job 49: 388/400
Job 49: 389/400
Job 49: 390/400
Job 49: 391/400
Job 49: 392/400
Job 49: 393/400
Job 49: 394/400
Job 49: 395/400
Job 49: 396/400
Job 49: 397/400
Job 49: 398/400
Job 49: 399/400
Job 49: 400/400
