Registered S3 methods overwritten by 'susieSlide':
  method              from  
  coef.susie          susieR
  predict.susie       susieR
  print.summary.susie susieR
  summary.susie       susieR
Job 237: 1/400
Job 237: 2/400
Job 237: 3/400
Job 237: 4/400
Job 237: 5/400
Job 237: 6/400
Job 237: 7/400
Job 237: 8/400
Job 237: 9/400
Job 237: 10/400
Job 237: 11/400
Job 237: 12/400
Job 237: 13/400
Job 237: 14/400
Job 237: 15/400
Job 237: 16/400
Job 237: 17/400
Job 237: 18/400
Job 237: 19/400
Job 237: 20/400
Job 237: 21/400
Job 237: 22/400
Job 237: 23/400
Job 237: 24/400
Job 237: 25/400
Job 237: 26/400
Job 237: 27/400
Job 237: 28/400
Job 237: 29/400
Job 237: 30/400
Job 237: 31/400
Job 237: 32/400
Job 237: 33/400
Job 237: 34/400
Job 237: 35/400
Job 237: 36/400
Job 237: 37/400
Job 237: 38/400
Job 237: 39/400
Job 237: 40/400
Job 237: 41/400
Job 237: 42/400
Job 237: 43/400
Job 237: 44/400
Job 237: 45/400
Job 237: 46/400
Job 237: 47/400
Job 237: 48/400
Job 237: 49/400
Job 237: 50/400
Job 237: 51/400
Job 237: 52/400
Job 237: 53/400
Job 237: 54/400
Job 237: 55/400
Job 237: 56/400
Job 237: 57/400
Job 237: 58/400
Job 237: 59/400
Job 237: 60/400
Job 237: 61/400
Job 237: 62/400
Job 237: 63/400
Job 237: 64/400
Job 237: 65/400
Job 237: 66/400
Job 237: 67/400
Job 237: 68/400
Job 237: 69/400
Job 237: 70/400
Job 237: 71/400
Job 237: 72/400
Job 237: 73/400
Job 237: 74/400
Job 237: 75/400
Job 237: 76/400
Job 237: 77/400
Job 237: 78/400
Job 237: 79/400
Job 237: 80/400
Job 237: 81/400
Job 237: 82/400
Job 237: 83/400
Job 237: 84/400
Job 237: 85/400
Job 237: 86/400
Job 237: 87/400
Job 237: 88/400
Job 237: 89/400
Job 237: 90/400
Job 237: 91/400
Job 237: 92/400
Job 237: 93/400
Job 237: 94/400
Job 237: 95/400
Job 237: 96/400
Job 237: 97/400
Job 237: 98/400
Job 237: 99/400
Job 237: 100/400
Job 237: 101/400
Job 237: 102/400
Job 237: 103/400
Job 237: 104/400
Job 237: 105/400
Job 237: 106/400
Job 237: 107/400
Job 237: 108/400
Job 237: 109/400
Job 237: 110/400
Job 237: 111/400
Job 237: 112/400
Job 237: 113/400
Job 237: 114/400
Job 237: 115/400
Job 237: 116/400
Job 237: 117/400
Job 237: 118/400
Job 237: 119/400
Job 237: 120/400
Job 237: 121/400
Job 237: 122/400
Job 237: 123/400
Job 237: 124/400
Job 237: 125/400
Job 237: 126/400
Job 237: 127/400
Job 237: 128/400
Job 237: 129/400
Job 237: 130/400
Job 237: 131/400
Job 237: 132/400
Job 237: 133/400
Job 237: 134/400
Job 237: 135/400
Job 237: 136/400
Job 237: 137/400
Job 237: 138/400
Job 237: 139/400
Job 237: 140/400
Job 237: 141/400
Job 237: 142/400
Job 237: 143/400
Job 237: 144/400
Job 237: 145/400
Job 237: 146/400
Job 237: 147/400
Job 237: 148/400
Job 237: 149/400
Job 237: 150/400
Job 237: 151/400
Job 237: 152/400
Job 237: 153/400
Job 237: 154/400
Job 237: 155/400
Job 237: 156/400
Job 237: 157/400
Job 237: 158/400
Job 237: 159/400
Job 237: 160/400
Job 237: 161/400
Job 237: 162/400
Job 237: 163/400
Job 237: 164/400
Job 237: 165/400
Job 237: 166/400
Job 237: 167/400
Job 237: 168/400
Job 237: 169/400
Job 237: 170/400
Job 237: 171/400
Job 237: 172/400
Job 237: 173/400
Job 237: 174/400
Job 237: 175/400
Job 237: 176/400
Job 237: 177/400
Job 237: 178/400
Job 237: 179/400
Job 237: 180/400
Job 237: 181/400
Job 237: 182/400
Job 237: 183/400
Job 237: 184/400
Job 237: 185/400
Job 237: 186/400
Job 237: 187/400
Job 237: 188/400
Job 237: 189/400
Job 237: 190/400
Job 237: 191/400
Job 237: 192/400
Job 237: 193/400
Job 237: 194/400
Job 237: 195/400
Job 237: 196/400
Job 237: 197/400
Job 237: 198/400
Job 237: 199/400
Job 237: 200/400
Job 237: 201/400
Job 237: 202/400
Job 237: 203/400
Job 237: 204/400
Job 237: 205/400
Job 237: 206/400
Job 237: 207/400
Job 237: 208/400
Job 237: 209/400
Job 237: 210/400
Job 237: 211/400
Job 237: 212/400
Job 237: 213/400
Job 237: 214/400
Job 237: 215/400
Job 237: 216/400
Job 237: 217/400
Job 237: 218/400
Job 237: 219/400
Job 237: 220/400
Job 237: 221/400
Job 237: 222/400
Job 237: 223/400
Job 237: 224/400
Job 237: 225/400
Job 237: 226/400
Job 237: 227/400
Job 237: 228/400
Job 237: 229/400
Job 237: 230/400
Job 237: 231/400
Job 237: 232/400
Job 237: 233/400
Job 237: 234/400
Job 237: 235/400
Job 237: 236/400
Job 237: 237/400
Job 237: 238/400
Job 237: 239/400
Job 237: 240/400
Job 237: 241/400
Job 237: 242/400
Job 237: 243/400
Job 237: 244/400
Job 237: 245/400
Job 237: 246/400
Job 237: 247/400
Job 237: 248/400
Job 237: 249/400
Job 237: 250/400
Job 237: 251/400
Job 237: 252/400
Job 237: 253/400
Job 237: 254/400
Job 237: 255/400
Job 237: 256/400
Job 237: 257/400
Job 237: 258/400
Job 237: 259/400
Job 237: 260/400
Job 237: 261/400
Job 237: 262/400
Job 237: 263/400
Job 237: 264/400
Job 237: 265/400
Job 237: 266/400
Job 237: 267/400
Job 237: 268/400
Job 237: 269/400
Job 237: 270/400
Job 237: 271/400
Job 237: 272/400
Job 237: 273/400
Job 237: 274/400
Job 237: 275/400
Job 237: 276/400
Job 237: 277/400
Job 237: 278/400
Job 237: 279/400
Job 237: 280/400
Job 237: 281/400
Job 237: 282/400
Job 237: 283/400
Job 237: 284/400
Job 237: 285/400
Job 237: 286/400
Job 237: 287/400
Job 237: 288/400
Job 237: 289/400
Job 237: 290/400
Job 237: 291/400
Job 237: 292/400
Job 237: 293/400
Job 237: 294/400
Job 237: 295/400
Job 237: 296/400
Job 237: 297/400
Job 237: 298/400
Job 237: 299/400
Job 237: 300/400
Job 237: 301/400
Job 237: 302/400
Job 237: 303/400
Job 237: 304/400
Job 237: 305/400
Job 237: 306/400
Job 237: 307/400
Job 237: 308/400
Job 237: 309/400
Job 237: 310/400
Job 237: 311/400
Job 237: 312/400
Job 237: 313/400
Job 237: 314/400
Job 237: 315/400
Job 237: 316/400
Job 237: 317/400
Job 237: 318/400
Job 237: 319/400
Job 237: 320/400
Job 237: 321/400
Job 237: 322/400
Job 237: 323/400
Job 237: 324/400
Job 237: 325/400
Job 237: 326/400
Job 237: 327/400
Job 237: 328/400
Job 237: 329/400
Job 237: 330/400
Job 237: 331/400
Job 237: 332/400
Job 237: 333/400
Job 237: 334/400
Job 237: 335/400
Job 237: 336/400
Job 237: 337/400
Job 237: 338/400
Job 237: 339/400
Job 237: 340/400
Job 237: 341/400
Job 237: 342/400
Job 237: 343/400
Job 237: 344/400
Job 237: 345/400
Job 237: 346/400
Job 237: 347/400
Job 237: 348/400
Job 237: 349/400
Job 237: 350/400
Job 237: 351/400
Job 237: 352/400
Job 237: 353/400
Job 237: 354/400
Job 237: 355/400
Job 237: 356/400
Job 237: 357/400
Job 237: 358/400
Job 237: 359/400
Job 237: 360/400
Job 237: 361/400
Job 237: 362/400
Job 237: 363/400
Job 237: 364/400
Job 237: 365/400
Job 237: 366/400
Job 237: 367/400
Job 237: 368/400
Job 237: 369/400
Job 237: 370/400
Job 237: 371/400
Job 237: 372/400
Job 237: 373/400
Job 237: 374/400
Job 237: 375/400
Job 237: 376/400
Job 237: 377/400
Job 237: 378/400
Job 237: 379/400
Job 237: 380/400
Job 237: 381/400
Job 237: 382/400
Job 237: 383/400
Job 237: 384/400
Job 237: 385/400
Job 237: 386/400
Job 237: 387/400
Job 237: 388/400
Job 237: 389/400
Job 237: 390/400
Job 237: 391/400
Job 237: 392/400
Job 237: 393/400
Job 237: 394/400
Job 237: 395/400
Job 237: 396/400
Job 237: 397/400
Job 237: 398/400
Job 237: 399/400
Job 237: 400/400
