Registered S3 methods overwritten by 'susieSlide':
  method              from  
  coef.susie          susieR
  predict.susie       susieR
  print.summary.susie susieR
  summary.susie       susieR
Job 331: 1/400
Job 331: 2/400
Job 331: 3/400
Job 331: 4/400
Job 331: 5/400
Job 331: 6/400
Job 331: 7/400
Job 331: 8/400
Job 331: 9/400
Job 331: 10/400
Job 331: 11/400
Job 331: 12/400
Job 331: 13/400
Job 331: 14/400
Job 331: 15/400
Job 331: 16/400
Job 331: 17/400
Job 331: 18/400
Job 331: 19/400
Job 331: 20/400
Job 331: 21/400
Job 331: 22/400
Job 331: 23/400
Job 331: 24/400
Job 331: 25/400
Job 331: 26/400
Job 331: 27/400
Job 331: 28/400
Job 331: 29/400
Job 331: 30/400
Job 331: 31/400
Job 331: 32/400
Job 331: 33/400
Job 331: 34/400
Job 331: 35/400
Job 331: 36/400
Job 331: 37/400
Job 331: 38/400
Job 331: 39/400
Job 331: 40/400
Job 331: 41/400
Job 331: 42/400
Job 331: 43/400
Job 331: 44/400
Job 331: 45/400
Job 331: 46/400
Job 331: 47/400
Job 331: 48/400
Job 331: 49/400
Job 331: 50/400
Job 331: 51/400
Job 331: 52/400
Job 331: 53/400
Job 331: 54/400
Job 331: 55/400
Job 331: 56/400
Job 331: 57/400
Job 331: 58/400
Job 331: 59/400
Job 331: 60/400
Job 331: 61/400
Job 331: 62/400
Job 331: 63/400
Job 331: 64/400
Job 331: 65/400
Job 331: 66/400
Job 331: 67/400
Job 331: 68/400
Job 331: 69/400
Job 331: 70/400
Job 331: 71/400
Job 331: 72/400
Job 331: 73/400
Job 331: 74/400
Job 331: 75/400
Job 331: 76/400
Job 331: 77/400
Job 331: 78/400
Job 331: 79/400
Job 331: 80/400
Job 331: 81/400
Job 331: 82/400
Job 331: 83/400
Job 331: 84/400
Job 331: 85/400
Job 331: 86/400
Job 331: 87/400
Job 331: 88/400
Job 331: 89/400
Job 331: 90/400
Job 331: 91/400
Job 331: 92/400
Job 331: 93/400
Job 331: 94/400
Job 331: 95/400
Job 331: 96/400
Job 331: 97/400
Job 331: 98/400
Job 331: 99/400
Job 331: 100/400
Job 331: 101/400
Job 331: 102/400
Job 331: 103/400
Job 331: 104/400
Job 331: 105/400
Job 331: 106/400
Job 331: 107/400
Job 331: 108/400
Job 331: 109/400
Job 331: 110/400
Job 331: 111/400
Job 331: 112/400
Job 331: 113/400
Job 331: 114/400
Job 331: 115/400
Job 331: 116/400
Job 331: 117/400
Job 331: 118/400
Job 331: 119/400
Job 331: 120/400
Job 331: 121/400
Job 331: 122/400
Job 331: 123/400
Job 331: 124/400
Job 331: 125/400
Job 331: 126/400
Job 331: 127/400
Job 331: 128/400
Job 331: 129/400
Job 331: 130/400
Job 331: 131/400
Job 331: 132/400
Job 331: 133/400
Job 331: 134/400
Job 331: 135/400
Job 331: 136/400
Job 331: 137/400
Job 331: 138/400
Job 331: 139/400
Job 331: 140/400
Job 331: 141/400
Job 331: 142/400
Job 331: 143/400
Job 331: 144/400
Job 331: 145/400
Job 331: 146/400
Job 331: 147/400
Job 331: 148/400
Job 331: 149/400
Job 331: 150/400
Job 331: 151/400
Job 331: 152/400
Job 331: 153/400
Job 331: 154/400
Job 331: 155/400
Job 331: 156/400
Job 331: 157/400
Job 331: 158/400
Job 331: 159/400
Job 331: 160/400
Job 331: 161/400
Job 331: 162/400
Job 331: 163/400
Job 331: 164/400
Job 331: 165/400
Job 331: 166/400
Job 331: 167/400
Job 331: 168/400
Job 331: 169/400
Job 331: 170/400
Job 331: 171/400
Job 331: 172/400
Job 331: 173/400
Job 331: 174/400
Job 331: 175/400
Job 331: 176/400
Job 331: 177/400
Job 331: 178/400
Job 331: 179/400
Job 331: 180/400
Job 331: 181/400
Job 331: 182/400
Job 331: 183/400
Job 331: 184/400
Job 331: 185/400
Job 331: 186/400
Job 331: 187/400
Job 331: 188/400
Job 331: 189/400
Job 331: 190/400
Job 331: 191/400
Job 331: 192/400
Job 331: 193/400
Job 331: 194/400
Job 331: 195/400
Job 331: 196/400
Job 331: 197/400
Job 331: 198/400
Job 331: 199/400
Job 331: 200/400
Job 331: 201/400
Job 331: 202/400
Job 331: 203/400
Job 331: 204/400
Job 331: 205/400
Job 331: 206/400
Job 331: 207/400
Job 331: 208/400
Job 331: 209/400
Job 331: 210/400
Job 331: 211/400
Job 331: 212/400
Job 331: 213/400
Job 331: 214/400
Job 331: 215/400
Job 331: 216/400
Job 331: 217/400
Job 331: 218/400
Job 331: 219/400
Job 331: 220/400
Job 331: 221/400
Job 331: 222/400
Job 331: 223/400
Job 331: 224/400
Job 331: 225/400
Job 331: 226/400
Job 331: 227/400
Job 331: 228/400
Job 331: 229/400
Job 331: 230/400
Job 331: 231/400
Job 331: 232/400
Job 331: 233/400
Job 331: 234/400
Job 331: 235/400
Job 331: 236/400
Job 331: 237/400
Job 331: 238/400
Job 331: 239/400
Job 331: 240/400
Job 331: 241/400
Job 331: 242/400
Job 331: 243/400
Job 331: 244/400
Job 331: 245/400
Job 331: 246/400
Job 331: 247/400
Job 331: 248/400
Job 331: 249/400
Job 331: 250/400
Job 331: 251/400
Job 331: 252/400
Job 331: 253/400
Job 331: 254/400
Job 331: 255/400
Job 331: 256/400
Job 331: 257/400
Job 331: 258/400
Job 331: 259/400
Job 331: 260/400
Job 331: 261/400
Job 331: 262/400
Job 331: 263/400
Job 331: 264/400
Job 331: 265/400
Job 331: 266/400
Job 331: 267/400
Job 331: 268/400
Job 331: 269/400
Job 331: 270/400
Job 331: 271/400
Job 331: 272/400
Job 331: 273/400
Job 331: 274/400
Job 331: 275/400
Job 331: 276/400
Job 331: 277/400
Job 331: 278/400
Job 331: 279/400
Job 331: 280/400
Job 331: 281/400
Job 331: 282/400
Job 331: 283/400
Job 331: 284/400
Job 331: 285/400
Job 331: 286/400
Job 331: 287/400
Job 331: 288/400
Job 331: 289/400
Job 331: 290/400
Job 331: 291/400
Job 331: 292/400
Job 331: 293/400
Job 331: 294/400
Job 331: 295/400
Job 331: 296/400
Job 331: 297/400
Job 331: 298/400
Job 331: 299/400
Job 331: 300/400
Job 331: 301/400
Job 331: 302/400
Job 331: 303/400
Job 331: 304/400
Job 331: 305/400
Job 331: 306/400
Job 331: 307/400
Job 331: 308/400
Job 331: 309/400
Job 331: 310/400
Job 331: 311/400
Job 331: 312/400
Job 331: 313/400
Job 331: 314/400
Job 331: 315/400
Job 331: 316/400
Job 331: 317/400
Job 331: 318/400
Job 331: 319/400
Job 331: 320/400
Job 331: 321/400
Job 331: 322/400
Job 331: 323/400
Job 331: 324/400
Job 331: 325/400
Job 331: 326/400
Job 331: 327/400
Job 331: 328/400
Job 331: 329/400
Job 331: 330/400
Job 331: 331/400
Job 331: 332/400
Job 331: 333/400
Job 331: 334/400
Job 331: 335/400
Job 331: 336/400
Job 331: 337/400
Job 331: 338/400
Job 331: 339/400
Job 331: 340/400
Job 331: 341/400
Job 331: 342/400
Job 331: 343/400
Job 331: 344/400
Job 331: 345/400
Job 331: 346/400
Job 331: 347/400
Job 331: 348/400
Job 331: 349/400
Job 331: 350/400
Job 331: 351/400
Job 331: 352/400
Job 331: 353/400
Job 331: 354/400
Job 331: 355/400
Job 331: 356/400
Job 331: 357/400
Job 331: 358/400
Job 331: 359/400
Job 331: 360/400
Job 331: 361/400
Job 331: 362/400
Job 331: 363/400
Job 331: 364/400
Job 331: 365/400
Job 331: 366/400
Job 331: 367/400
Job 331: 368/400
Job 331: 369/400
Job 331: 370/400
Job 331: 371/400
Job 331: 372/400
Job 331: 373/400
Job 331: 374/400
Job 331: 375/400
Job 331: 376/400
Job 331: 377/400
Job 331: 378/400
Job 331: 379/400
Job 331: 380/400
Job 331: 381/400
Job 331: 382/400
Job 331: 383/400
Job 331: 384/400
Job 331: 385/400
Job 331: 386/400
Job 331: 387/400
Job 331: 388/400
Job 331: 389/400
Job 331: 390/400
Job 331: 391/400
Job 331: 392/400
Job 331: 393/400
Job 331: 394/400
Job 331: 395/400
Job 331: 396/400
Job 331: 397/400
Job 331: 398/400
Job 331: 399/400
Job 331: 400/400
Warning message:
In data.table::fread(raw_file, data.table = FALSE) :
  Discarded single-line footer: <<0	GTEX-Y5LM	0	0	0	-9	2	2	2	1	2	2	2	2	2	2	2	2	2	2	2	2	2	2	2	2	2	2	2	2	2	2	2	2	2	2	2	2	2	2	2	2	2	2	2	2	2	2	2	2	2	2	2	2	2	2	2	2	2	2	2	2	2	2	2	2	2	2	2	2	2	2	2	2	2	2	1	2	2	2	2	2	2	2	2	2	2	2	2	2	2	2	2	2	2	2	2	2	2	2	2	2	2	2	2	2	2	2	2	2	2	2	2	2	2	2	2	2	2	2	2	2	2	2	2	2	2	2	2	2	2	2	2	2	2	2	2	2	2	2	2	2	2	2	2	2	2	2	2	2	2	2	2	2	2	2	2	2	2	2	2	2	2	2	2	2	2	2	2	2	2	2	2	2	2	2	2	2	2	2	2	2	2	2	2	2	2	2	2	2	2	2	2	2	2	2	2	2	2	2	2	2	2	2	2	2	2	2	2	2	2	2	2	2	2	2	2	2	2	2	2	2	2	2	2	2	2	2	2	2	2	2	2	2	2	2	2	2	2	2	2	2	2	2	2	2>>
