Registered S3 methods overwritten by 'susieSlide':
  method              from  
  coef.susie          susieR
  predict.susie       susieR
  print.summary.susie susieR
  summary.susie       susieR
Job 694: 1/400
Job 694: 2/400
Job 694: 3/400
Job 694: 4/400
Job 694: 5/400
Job 694: 6/400
Job 694: 7/400
Job 694: 8/400
Job 694: 9/400
Job 694: 10/400
Job 694: 11/400
Job 694: 12/400
Job 694: 13/400
Job 694: 14/400
Job 694: 15/400
Job 694: 16/400
Job 694: 17/400
Job 694: 18/400
Job 694: 19/400
Job 694: 20/400
Job 694: 21/400
Job 694: 22/400 ERROR: No .raw files found in temp_dir.
Job 694: 23/400 ERROR: No .raw files found in temp_dir.
Job 694: 24/400 ERROR: No .raw files found in temp_dir.
Job 694: 25/400 ERROR: No .raw files found in temp_dir.
Job 694: 26/400 ERROR: No .raw files found in temp_dir.
Job 694: 27/400 ERROR: No .raw files found in temp_dir.
Job 694: 28/400 ERROR: No .raw files found in temp_dir.
Job 694: 29/400 ERROR: No .raw files found in temp_dir.
Job 694: 30/400 ERROR: No .raw files found in temp_dir.
Job 694: 31/400 ERROR: No .raw files found in temp_dir.
Job 694: 32/400 ERROR: No .raw files found in temp_dir.
Job 694: 33/400 ERROR: No .raw files found in temp_dir.
Job 694: 34/400 ERROR: No .raw files found in temp_dir.
Job 694: 35/400 ERROR: No .raw files found in temp_dir.
Job 694: 36/400 ERROR: No .raw files found in temp_dir.
Job 694: 37/400 ERROR: No .raw files found in temp_dir.
Job 694: 38/400 ERROR: No .raw files found in temp_dir.
Job 694: 39/400 ERROR: No .raw files found in temp_dir.
Job 694: 40/400 ERROR: No .raw files found in temp_dir.
Job 694: 41/400 ERROR: No .raw files found in temp_dir.
Job 694: 42/400 ERROR: No .raw files found in temp_dir.
Job 694: 43/400 ERROR: No .raw files found in temp_dir.
Job 694: 44/400 ERROR: No .raw files found in temp_dir.
Job 694: 45/400 ERROR: No .raw files found in temp_dir.
Job 694: 46/400 ERROR: No .raw files found in temp_dir.
Job 694: 47/400 ERROR: No .raw files found in temp_dir.
Job 694: 48/400 ERROR: No .raw files found in temp_dir.
Job 694: 49/400 ERROR: No .raw files found in temp_dir.
Job 694: 50/400 ERROR: No .raw files found in temp_dir.
Job 694: 51/400 ERROR: No .raw files found in temp_dir.
Job 694: 52/400 ERROR: No .raw files found in temp_dir.
Job 694: 53/400 ERROR: No .raw files found in temp_dir.
Job 694: 54/400 ERROR: No .raw files found in temp_dir.
Job 694: 55/400 ERROR: No .raw files found in temp_dir.
Job 694: 56/400 ERROR: No .raw files found in temp_dir.
Job 694: 57/400 ERROR: No .raw files found in temp_dir.
Job 694: 58/400 ERROR: No .raw files found in temp_dir.
Job 694: 59/400 ERROR: No .raw files found in temp_dir.
Job 694: 60/400 ERROR: No .raw files found in temp_dir.
Job 694: 61/400 ERROR: No .raw files found in temp_dir.
Job 694: 62/400 ERROR: No .raw files found in temp_dir.
Job 694: 63/400 ERROR: No .raw files found in temp_dir.
Job 694: 64/400 ERROR: No .raw files found in temp_dir.
Job 694: 65/400 ERROR: No .raw files found in temp_dir.
Job 694: 66/400 ERROR: No .raw files found in temp_dir.
Job 694: 67/400 ERROR: No .raw files found in temp_dir.
Job 694: 68/400 ERROR: No .raw files found in temp_dir.
Job 694: 69/400 ERROR: No .raw files found in temp_dir.
Job 694: 70/400 ERROR: No .raw files found in temp_dir.
Job 694: 71/400 ERROR: No .raw files found in temp_dir.
Job 694: 72/400 ERROR: No .raw files found in temp_dir.
Job 694: 73/400 ERROR: No .raw files found in temp_dir.
Job 694: 74/400 ERROR: No .raw files found in temp_dir.
Job 694: 75/400 ERROR: No .raw files found in temp_dir.
Job 694: 76/400 ERROR: No .raw files found in temp_dir.
Job 694: 77/400 ERROR: No .raw files found in temp_dir.
Job 694: 78/400 ERROR: No .raw files found in temp_dir.
Job 694: 79/400 ERROR: No .raw files found in temp_dir.
Job 694: 80/400 ERROR: No .raw files found in temp_dir.
Job 694: 81/400 ERROR: No .raw files found in temp_dir.
Job 694: 82/400 ERROR: No .raw files found in temp_dir.
Job 694: 83/400 ERROR: No .raw files found in temp_dir.
Job 694: 84/400 ERROR: No .raw files found in temp_dir.
Job 694: 85/400 ERROR: No .raw files found in temp_dir.
Job 694: 86/400 ERROR: No .raw files found in temp_dir.
Job 694: 87/400 ERROR: No .raw files found in temp_dir.
Job 694: 88/400 ERROR: No .raw files found in temp_dir.
Job 694: 89/400 ERROR: No .raw files found in temp_dir.
Job 694: 90/400 ERROR: No .raw files found in temp_dir.
Job 694: 91/400 ERROR: No .raw files found in temp_dir.
Job 694: 92/400 ERROR: No .raw files found in temp_dir.
Job 694: 93/400 ERROR: No .raw files found in temp_dir.
Job 694: 94/400 ERROR: No .raw files found in temp_dir.
Job 694: 95/400 ERROR: Not enough donors for the requested n.
Job 694: 96/400
Job 694: 97/400
Job 694: 98/400
Job 694: 99/400
Job 694: 100/400
Job 694: 101/400
Job 694: 102/400
Job 694: 103/400
Job 694: 104/400
Job 694: 105/400
Job 694: 106/400
Job 694: 107/400
Job 694: 108/400
Job 694: 109/400
Job 694: 110/400
Job 694: 111/400
Job 694: 112/400
Job 694: 113/400
Job 694: 114/400
Job 694: 115/400
Job 694: 116/400
Job 694: 117/400
Job 694: 118/400
Job 694: 119/400
Job 694: 120/400
Job 694: 121/400 ERROR: No .raw files found in temp_dir.
Job 694: 122/400 ERROR: No .raw files found in temp_dir.
Job 694: 123/400 ERROR: No .raw files found in temp_dir.
Job 694: 124/400 ERROR: No .raw files found in temp_dir.
Job 694: 125/400 ERROR: No .raw files found in temp_dir.
Job 694: 126/400 ERROR: No .raw files found in temp_dir.
Job 694: 127/400 ERROR: No .raw files found in temp_dir.
Job 694: 128/400 ERROR: No .raw files found in temp_dir.
Job 694: 129/400 ERROR: No .raw files found in temp_dir.
Job 694: 130/400 ERROR: No .raw files found in temp_dir.
Job 694: 131/400 ERROR: No .raw files found in temp_dir.
Job 694: 132/400 ERROR: No .raw files found in temp_dir.
Job 694: 133/400 ERROR: No .raw files found in temp_dir.
Job 694: 134/400 ERROR: No .raw files found in temp_dir.
Job 694: 135/400 ERROR: No .raw files found in temp_dir.
Job 694: 136/400 ERROR: No .raw files found in temp_dir.
Job 694: 137/400 ERROR: No .raw files found in temp_dir.
Job 694: 138/400 ERROR: No .raw files found in temp_dir.
Job 694: 139/400 ERROR: No .raw files found in temp_dir.
Job 694: 140/400 ERROR: No .raw files found in temp_dir.
Job 694: 141/400 ERROR: No .raw files found in temp_dir.
Job 694: 142/400 ERROR: No .raw files found in temp_dir.
Job 694: 143/400 ERROR: No .raw files found in temp_dir.
Job 694: 144/400 ERROR: No .raw files found in temp_dir.
Job 694: 145/400 ERROR: No .raw files found in temp_dir.
Job 694: 146/400 ERROR: No .raw files found in temp_dir.
Job 694: 147/400 ERROR: No .raw files found in temp_dir.
Job 694: 148/400 ERROR: No .raw files found in temp_dir.
Job 694: 149/400 ERROR: No .raw files found in temp_dir.
Job 694: 150/400 ERROR: No .raw files found in temp_dir.
Job 694: 151/400 ERROR: No .raw files found in temp_dir.
Job 694: 152/400 ERROR: No .raw files found in temp_dir.
Job 694: 153/400 ERROR: No .raw files found in temp_dir.
Job 694: 154/400 ERROR: No .raw files found in temp_dir.
Job 694: 155/400 ERROR: No .raw files found in temp_dir.
Job 694: 156/400 ERROR: No .raw files found in temp_dir.
Job 694: 157/400 ERROR: No .raw files found in temp_dir.
Job 694: 158/400 ERROR: No .raw files found in temp_dir.
Job 694: 159/400 ERROR: No .raw files found in temp_dir.
Job 694: 160/400 ERROR: No .raw files found in temp_dir.
Job 694: 161/400 ERROR: No .raw files found in temp_dir.
Job 694: 162/400 ERROR: No .raw files found in temp_dir.
Job 694: 163/400 ERROR: No .raw files found in temp_dir.
Job 694: 164/400 ERROR: No .raw files found in temp_dir.
Job 694: 165/400 ERROR: No .raw files found in temp_dir.
Job 694: 166/400 ERROR: No .raw files found in temp_dir.
Job 694: 167/400 ERROR: No .raw files found in temp_dir.
Job 694: 168/400 ERROR: No .raw files found in temp_dir.
Job 694: 169/400 ERROR: No .raw files found in temp_dir.
Job 694: 170/400 ERROR: No .raw files found in temp_dir.
Job 694: 171/400 ERROR: No .raw files found in temp_dir.
Job 694: 172/400 ERROR: No .raw files found in temp_dir.
Job 694: 173/400 ERROR: No .raw files found in temp_dir.
Job 694: 174/400 ERROR: No .raw files found in temp_dir.
Job 694: 175/400 ERROR: No .raw files found in temp_dir.
Job 694: 176/400 ERROR: No .raw files found in temp_dir.
Job 694: 177/400 ERROR: No .raw files found in temp_dir.
Job 694: 178/400 ERROR: No .raw files found in temp_dir.
Job 694: 179/400 ERROR: No .raw files found in temp_dir.
Job 694: 180/400 ERROR: No .raw files found in temp_dir.
Job 694: 181/400
Job 694: 182/400
Job 694: 183/400
Job 694: 184/400
Job 694: 185/400
Job 694: 186/400
Job 694: 187/400
Job 694: 188/400
Job 694: 189/400
Job 694: 190/400
Job 694: 191/400
Job 694: 192/400
Job 694: 193/400
Job 694: 194/400
Job 694: 195/400
Job 694: 196/400
Job 694: 197/400
Job 694: 198/400
Job 694: 199/400
Job 694: 200/400
Job 694: 201/400
Job 694: 202/400
Job 694: 203/400
Job 694: 204/400
Job 694: 205/400
Job 694: 206/400
Job 694: 207/400 ERROR: No .raw files found in temp_dir.
Job 694: 208/400 ERROR: No .raw files found in temp_dir.
Job 694: 209/400 ERROR: No .raw files found in temp_dir.
Job 694: 210/400 ERROR: No .raw files found in temp_dir.
Job 694: 211/400 ERROR: No .raw files found in temp_dir.
Job 694: 212/400 ERROR: No .raw files found in temp_dir.
Job 694: 213/400 ERROR: No .raw files found in temp_dir.
Job 694: 214/400 ERROR: No .raw files found in temp_dir.
Job 694: 215/400 ERROR: No .raw files found in temp_dir.
Job 694: 216/400 ERROR: No .raw files found in temp_dir.
Job 694: 217/400 ERROR: No .raw files found in temp_dir.
Job 694: 218/400 ERROR: No .raw files found in temp_dir.
Job 694: 219/400 ERROR: No .raw files found in temp_dir.
Job 694: 220/400 ERROR: No .raw files found in temp_dir.
Job 694: 221/400 ERROR: No .raw files found in temp_dir.
Job 694: 222/400 ERROR: No .raw files found in temp_dir.
Job 694: 223/400 ERROR: No .raw files found in temp_dir.
Job 694: 224/400 ERROR: No .raw files found in temp_dir.
Job 694: 225/400 ERROR: No .raw files found in temp_dir.
Job 694: 226/400 ERROR: No .raw files found in temp_dir.
Job 694: 227/400 ERROR: No .raw files found in temp_dir.
Job 694: 228/400 ERROR: No .raw files found in temp_dir.
Job 694: 229/400 ERROR: No .raw files found in temp_dir.
Job 694: 230/400 ERROR: No .raw files found in temp_dir.
Job 694: 231/400 ERROR: No .raw files found in temp_dir.
Job 694: 232/400 ERROR: No .raw files found in temp_dir.
Job 694: 233/400 ERROR: No .raw files found in temp_dir.
Job 694: 234/400 ERROR: No .raw files found in temp_dir.
Job 694: 235/400 ERROR: No .raw files found in temp_dir.
Job 694: 236/400 ERROR: No .raw files found in temp_dir.
Job 694: 237/400 ERROR: No .raw files found in temp_dir.
Job 694: 238/400 ERROR: No .raw files found in temp_dir.
Job 694: 239/400 ERROR: No .raw files found in temp_dir.
Job 694: 240/400 ERROR: No .raw files found in temp_dir.
Job 694: 241/400 ERROR: No .raw files found in temp_dir.
Job 694: 242/400 ERROR: No .raw files found in temp_dir.
Job 694: 243/400 ERROR: No .raw files found in temp_dir.
Job 694: 244/400 ERROR: No .raw files found in temp_dir.
Job 694: 245/400 ERROR: No .raw files found in temp_dir.
Job 694: 246/400 ERROR: No .raw files found in temp_dir.
Job 694: 247/400 ERROR: No .raw files found in temp_dir.
Job 694: 248/400 ERROR: No .raw files found in temp_dir.
Job 694: 249/400 ERROR: No .raw files found in temp_dir.
Job 694: 250/400 ERROR: No .raw files found in temp_dir.
Job 694: 251/400 ERROR: No .raw files found in temp_dir.
Job 694: 252/400 ERROR: No .raw files found in temp_dir.
Job 694: 253/400 ERROR: No .raw files found in temp_dir.
Job 694: 254/400 ERROR: No .raw files found in temp_dir.
Job 694: 255/400 ERROR: No .raw files found in temp_dir.
Job 694: 256/400 ERROR: No .raw files found in temp_dir.
Job 694: 257/400 ERROR: No .raw files found in temp_dir.
Job 694: 258/400 ERROR: No .raw files found in temp_dir.
Job 694: 259/400 ERROR: No .raw files found in temp_dir.
Job 694: 260/400 ERROR: No .raw files found in temp_dir.
Job 694: 261/400 ERROR: No .raw files found in temp_dir.
Job 694: 262/400 ERROR: No .raw files found in temp_dir.
Job 694: 263/400 ERROR: No .raw files found in temp_dir.
Job 694: 264/400 ERROR: No .raw files found in temp_dir.
Job 694: 265/400 ERROR: No .raw files found in temp_dir.
Job 694: 266/400 ERROR: No .raw files found in temp_dir.
Job 694: 267/400 ERROR: No .raw files found in temp_dir.
Job 694: 268/400 ERROR: No .raw files found in temp_dir.
Job 694: 269/400 ERROR: No .raw files found in temp_dir.
Job 694: 270/400 ERROR: No .raw files found in temp_dir.
Job 694: 271/400 ERROR: No .raw files found in temp_dir.
Job 694: 272/400 ERROR: No .raw files found in temp_dir.
Job 694: 273/400 ERROR: No .raw files found in temp_dir.
Job 694: 274/400 ERROR: No .raw files found in temp_dir.
Job 694: 275/400 ERROR: No .raw files found in temp_dir.
Job 694: 276/400 ERROR: No .raw files found in temp_dir.
Job 694: 277/400 ERROR: No .raw files found in temp_dir.
Job 694: 278/400 ERROR: No .raw files found in temp_dir.
Job 694: 279/400 ERROR: No .raw files found in temp_dir.
Job 694: 280/400 ERROR: No .raw files found in temp_dir.
Job 694: 281/400 ERROR: No .raw files found in temp_dir.
Job 694: 282/400 ERROR: No .raw files found in temp_dir.
Job 694: 283/400 ERROR: No .raw files found in temp_dir.
Job 694: 284/400 ERROR: No .raw files found in temp_dir.
Job 694: 285/400 ERROR: No .raw files found in temp_dir.
Job 694: 286/400 ERROR: No .raw files found in temp_dir.
Job 694: 287/400 ERROR: No .raw files found in temp_dir.
Job 694: 288/400 ERROR: No .raw files found in temp_dir.
Job 694: 289/400 ERROR: No .raw files found in temp_dir.
Job 694: 290/400 ERROR: No .raw files found in temp_dir.
Job 694: 291/400 ERROR: No .raw files found in temp_dir.
Job 694: 292/400 ERROR: No .raw files found in temp_dir.
Job 694: 293/400 ERROR: No .raw files found in temp_dir.
Job 694: 294/400 ERROR: No .raw files found in temp_dir.
Job 694: 295/400 ERROR: No .raw files found in temp_dir.
Job 694: 296/400 ERROR: No .raw files found in temp_dir.
Job 694: 297/400 ERROR: No .raw files found in temp_dir.
Job 694: 298/400 ERROR: No .raw files found in temp_dir.
Job 694: 299/400 ERROR: No .raw files found in temp_dir.
Job 694: 300/400 ERROR: No .raw files found in temp_dir.
Job 694: 301/400 ERROR: No .raw files found in temp_dir.
Job 694: 302/400 ERROR: No .raw files found in temp_dir.
Job 694: 303/400 ERROR: No .raw files found in temp_dir.
Job 694: 304/400 ERROR: No .raw files found in temp_dir.
Job 694: 305/400 ERROR: No .raw files found in temp_dir.
Job 694: 306/400 ERROR: No .raw files found in temp_dir.
Job 694: 307/400 ERROR: No .raw files found in temp_dir.
Job 694: 308/400 ERROR: No .raw files found in temp_dir.
Job 694: 309/400 ERROR: No .raw files found in temp_dir.
Job 694: 310/400 ERROR: No .raw files found in temp_dir.
Job 694: 311/400 ERROR: No .raw files found in temp_dir.
Job 694: 312/400 ERROR: No .raw files found in temp_dir.
Job 694: 313/400 ERROR: No .raw files found in temp_dir.
Job 694: 314/400 ERROR: No .raw files found in temp_dir.
Job 694: 315/400 ERROR: No .raw files found in temp_dir.
Job 694: 316/400 ERROR: No .raw files found in temp_dir.
Job 694: 317/400 ERROR: No .raw files found in temp_dir.
Job 694: 318/400 ERROR: No .raw files found in temp_dir.
Job 694: 319/400 ERROR: No .raw files found in temp_dir.
Job 694: 320/400 ERROR: No .raw files found in temp_dir.
Job 694: 321/400 ERROR: No .raw files found in temp_dir.
Job 694: 322/400 ERROR: No .raw files found in temp_dir.
Job 694: 323/400 ERROR: No .raw files found in temp_dir.
Job 694: 324/400 ERROR: No .raw files found in temp_dir.
Job 694: 325/400 ERROR: No .raw files found in temp_dir.
Job 694: 326/400 ERROR: No .raw files found in temp_dir.
Job 694: 327/400 ERROR: No .raw files found in temp_dir.
Job 694: 328/400 ERROR: No .raw files found in temp_dir.
Job 694: 329/400 ERROR: No .raw files found in temp_dir.
Job 694: 330/400 ERROR: No .raw files found in temp_dir.
Job 694: 331/400 ERROR: No .raw files found in temp_dir.
Job 694: 332/400 ERROR: No .raw files found in temp_dir.
Job 694: 333/400 ERROR: No .raw files found in temp_dir.
Job 694: 334/400 ERROR: No .raw files found in temp_dir.
Job 694: 335/400 ERROR: No .raw files found in temp_dir.
Job 694: 336/400 ERROR: No .raw files found in temp_dir.
Job 694: 337/400 ERROR: No .raw files found in temp_dir.
Job 694: 338/400 ERROR: No .raw files found in temp_dir.
Job 694: 339/400 ERROR: No .raw files found in temp_dir.
Job 694: 340/400 ERROR: No .raw files found in temp_dir.
Job 694: 341/400 ERROR: No .raw files found in temp_dir.
Job 694: 342/400 ERROR: No .raw files found in temp_dir.
Job 694: 343/400 ERROR: No .raw files found in temp_dir.
Job 694: 344/400 ERROR: No .raw files found in temp_dir.
Job 694: 345/400 ERROR: No .raw files found in temp_dir.
Job 694: 346/400 ERROR: No .raw files found in temp_dir.
Job 694: 347/400 ERROR: No .raw files found in temp_dir.
Job 694: 348/400 ERROR: No .raw files found in temp_dir.
Job 694: 349/400 ERROR: No .raw files found in temp_dir.
Job 694: 350/400 ERROR: No .raw files found in temp_dir.
Job 694: 351/400 ERROR: No .raw files found in temp_dir.
Job 694: 352/400 ERROR: No .raw files found in temp_dir.
Job 694: 353/400 ERROR: No .raw files found in temp_dir.
Job 694: 354/400 ERROR: No .raw files found in temp_dir.
Job 694: 355/400 ERROR: No .raw files found in temp_dir.
Job 694: 356/400 ERROR: No .raw files found in temp_dir.
Job 694: 357/400 ERROR: No .raw files found in temp_dir.
Job 694: 358/400 ERROR: No .raw files found in temp_dir.
Job 694: 359/400 ERROR: No .raw files found in temp_dir.
Job 694: 360/400 ERROR: No .raw files found in temp_dir.
Job 694: 361/400 ERROR: No .raw files found in temp_dir.
Job 694: 362/400 ERROR: No .raw files found in temp_dir.
Job 694: 363/400 ERROR: No .raw files found in temp_dir.
Job 694: 364/400 ERROR: No .raw files found in temp_dir.
Job 694: 365/400 ERROR: No .raw files found in temp_dir.
Job 694: 366/400 ERROR: No .raw files found in temp_dir.
Job 694: 367/400 ERROR: No .raw files found in temp_dir.
Job 694: 368/400 ERROR: No .raw files found in temp_dir.
Job 694: 369/400 ERROR: No .raw files found in temp_dir.
Job 694: 370/400 ERROR: No .raw files found in temp_dir.
Job 694: 371/400 ERROR: No .raw files found in temp_dir.
Job 694: 372/400 ERROR: No .raw files found in temp_dir.
Job 694: 373/400 ERROR: No .raw files found in temp_dir.
Job 694: 374/400 ERROR: No .raw files found in temp_dir.
Job 694: 375/400 ERROR: No .raw files found in temp_dir.
Job 694: 376/400 ERROR: No .raw files found in temp_dir.
Job 694: 377/400 ERROR: No .raw files found in temp_dir.
Job 694: 378/400 ERROR: No .raw files found in temp_dir.
Job 694: 379/400 ERROR: No .raw files found in temp_dir.
Job 694: 380/400 ERROR: No .raw files found in temp_dir.
Job 694: 381/400 ERROR: No .raw files found in temp_dir.
Job 694: 382/400 ERROR: No .raw files found in temp_dir.
Job 694: 383/400 ERROR: No .raw files found in temp_dir.
Job 694: 384/400 ERROR: No .raw files found in temp_dir.
Job 694: 385/400 ERROR: No .raw files found in temp_dir.
Job 694: 386/400 ERROR: No .raw files found in temp_dir.
Job 694: 387/400 ERROR: No .raw files found in temp_dir.
Job 694: 388/400 ERROR: No .raw files found in temp_dir.
Job 694: 389/400 ERROR: No .raw files found in temp_dir.
Job 694: 390/400 ERROR: No .raw files found in temp_dir.
Job 694: 391/400 ERROR: No .raw files found in temp_dir.
Job 694: 392/400 ERROR: No .raw files found in temp_dir.
Job 694: 393/400 ERROR: No .raw files found in temp_dir.
Job 694: 394/400 ERROR: No .raw files found in temp_dir.
Job 694: 395/400 ERROR: No .raw files found in temp_dir.
Job 694: 396/400 ERROR: No .raw files found in temp_dir.
Job 694: 397/400 ERROR: No .raw files found in temp_dir.
Job 694: 398/400 ERROR: No .raw files found in temp_dir.
Job 694: 399/400 ERROR: No .raw files found in temp_dir.
Job 694: 400/400 ERROR: No .raw files found in temp_dir.
Warning messages:
1: In data.table::fread(raw_file, data.table = FALSE) :
  Discarded single-line footer: <<0	GTEX-139TS	0	0	0	-9	2	2	2	2	1	0	2	2	2	2	2	2	2	1	2	2	2	2	2	2	2	2	2	1	2	2	2	2	0	2	0	2	1	2	1	2	1	0	2	2	2	1	2	1	2	2	2	2	0	2	2	1	2	2	2	0	2	2	2	2	2	1	2	2	2	2	1	2	2	2	2	2	2	2	2	2	2	0	2	2	2	2	2	2	2	2	2	2	2	2	0	1	2	2	2	1	2	2	2	2	2	2	2	2	0	2	2	2	1	2	2	2	2	2	2	2	2	1	2	2	2	2	2	2	2	1	2	1	2	0	2	2	2	2	0	2	0	2	0	1	0	2	2	2	2	2	2	2	2	2	2	2	2	2	2	2	2	1	1	2	2	1	2	2	1	1	2	2	2	2	2	2	1	2	2	2	2	2	2	2	2	2	2	1	2	1	2	2	2	2	2	1	2	2	2	2	2	2	2	2	2	2	2	2	2	2	2	2	2	2	2	2	2	2	2	2	2	2	2	2	2	2	2	1	2	2	2	2	2	2	2	2	2	1	2	2	2	2	2	>>
2: In data.table::fread(raw_file, data.table = FALSE) :
  Discarded single-line footer: <<0	GTEX-1RNTQ	0	0	0	-9	2	2	2	2	1	1	2	2	2	2	2	2	2	2	2	2	2	2	2	2	2	2	2	2	2	2	2	2	0	2	0	2	1	2	2	2	1	0	2	2	2	1	2	1	2	2	2	2	1	2	2	1	2	2	2	0	2	2	2	2	2	1	2	2	2	2	1	2	2	2	2	2	2	2	2	2	2	0	2	2	2	2	2	2	2	2	2	2	2	2	0	1	2	2	2	1	2	2	2	2	2	2	2	2	0	2	2	2	2	2	2	2	2	2	2	2	2	1	2	2	2	2	2	2	2	1	2	2	2	0	2	2	2	2	1	2	1	2	1	2	1	2	2	2	2	2	2	2	2	2	2	2	2	2	2	2	2	1	1	2	2	1	2	2	1	1	2	2	2	2	2	2	1	2	2	2	2	2	2	2	2	2	2	2	2	1	2	2	2	2	2	1	2	2	2	2	2	2	2	2	2	2	2	2	2	2	2	2	2	2	2	2	2	2	2	2	2	2	2	2	2	2	2	1	2	2	2	2	2	2	2	2	2	1	2	2	2	2	2	>>
3: In data.table::fread(raw_file, data.table = FALSE) :
  Discarded single-line footer: <<0	GTEX-ZZPU	0	0	0	-9	2	2	0	2	2	2	2	2	2	2	2	2	2	2	2	2	2	2	2	2	2	2	1	0	0	2	2	2	2	2	0	2	2	2	2	1	2	2	2	2	2	2	2	2	2	2	2	2	2	2	2	2	0	2	2	2	2	2	2	2	2	2	2	2	2	2	2	2	2	2	2	2	2	2	2	2	2	0	2	2	2	2	2	2	2	2	2	2	2	2	2	2	2	2	0	2	2	2	2	2	2	2	2	0	2	0	2	2	2	2	2	2	2	2	2	2	2	2	2	2	2	2	2	2	2	1	2	2	2	2	2	2	2	2	2	0	2	2	2	2	2	2	2	2	2	2	2	2	0	2	2	0	2	2	1	2	2	2	2	2	2	2	2	2	0	2	2	1	1	2	2	2	2	2	2	2	2	2	2	2	2	2	1	2	2	2	2	2	0	0	2	2	2	2	2	2	2	2	2	2	2	2	2	2	2	2	2	2	2	2	2	2	2	2	1	2	2	2	2	2	2	2	1	2	2	2	2	2	2	2	2	2	2	2	2	2	2	2	2	2>>
