Registered S3 methods overwritten by 'susieSlide':
  method              from  
  coef.susie          susieR
  predict.susie       susieR
  print.summary.susie susieR
  summary.susie       susieR
Job 549: 1/400
Job 549: 2/400
Job 549: 3/400
Job 549: 4/400
Job 549: 5/400
Job 549: 6/400
Job 549: 7/400
Job 549: 8/400
Job 549: 9/400
Job 549: 10/400
Job 549: 11/400
Job 549: 12/400
Job 549: 13/400
Job 549: 14/400
Job 549: 15/400
Job 549: 16/400
Job 549: 17/400
Job 549: 18/400
Job 549: 19/400
Job 549: 20/400
Job 549: 21/400
Job 549: 22/400
Job 549: 23/400
Job 549: 24/400
Job 549: 25/400
Job 549: 26/400
Job 549: 27/400
Job 549: 28/400
Job 549: 29/400
Job 549: 30/400
Job 549: 31/400
Job 549: 32/400
Job 549: 33/400
Job 549: 34/400
Job 549: 35/400
Job 549: 36/400
Job 549: 37/400
Job 549: 38/400
Job 549: 39/400
Job 549: 40/400
Job 549: 41/400
Job 549: 42/400
Job 549: 43/400
Job 549: 44/400
Job 549: 45/400
Job 549: 46/400
Job 549: 47/400
Job 549: 48/400
Job 549: 49/400
Job 549: 50/400
Job 549: 51/400
Job 549: 52/400
Job 549: 53/400
Job 549: 54/400
Job 549: 55/400
Job 549: 56/400
Job 549: 57/400
Job 549: 58/400
Job 549: 59/400
Job 549: 60/400
Job 549: 61/400
Job 549: 62/400
Job 549: 63/400
Job 549: 64/400
Job 549: 65/400
Job 549: 66/400
Job 549: 67/400
Job 549: 68/400
Job 549: 69/400
Job 549: 70/400
Job 549: 71/400
Job 549: 72/400
Job 549: 73/400
Job 549: 74/400
Job 549: 75/400
Job 549: 76/400
Job 549: 77/400
Job 549: 78/400
Job 549: 79/400
Job 549: 80/400
Job 549: 81/400
Job 549: 82/400
Job 549: 83/400
Job 549: 84/400
Job 549: 85/400
Job 549: 86/400
Job 549: 87/400
Job 549: 88/400
Job 549: 89/400
Job 549: 90/400
Job 549: 91/400
Job 549: 92/400
Job 549: 93/400
Job 549: 94/400
Job 549: 95/400
Job 549: 96/400
Job 549: 97/400
Job 549: 98/400
Job 549: 99/400
Job 549: 100/400
Job 549: 101/400
Job 549: 102/400
Job 549: 103/400
Job 549: 104/400
Job 549: 105/400
Job 549: 106/400
Job 549: 107/400
Job 549: 108/400
Job 549: 109/400
Job 549: 110/400
Job 549: 111/400
Job 549: 112/400
Job 549: 113/400
Job 549: 114/400
Job 549: 115/400
Job 549: 116/400
Job 549: 117/400
Job 549: 118/400
Job 549: 119/400
Job 549: 120/400
Job 549: 121/400
Job 549: 122/400
Job 549: 123/400
Job 549: 124/400
Job 549: 125/400
Job 549: 126/400
Job 549: 127/400
Job 549: 128/400
Job 549: 129/400
Job 549: 130/400
Job 549: 131/400
Job 549: 132/400
Job 549: 133/400
Job 549: 134/400
Job 549: 135/400
Job 549: 136/400
Job 549: 137/400
Job 549: 138/400
Job 549: 139/400
Job 549: 140/400
Job 549: 141/400
Job 549: 142/400
Job 549: 143/400
Job 549: 144/400
Job 549: 145/400
Job 549: 146/400
Job 549: 147/400
Job 549: 148/400
Job 549: 149/400
Job 549: 150/400
Job 549: 151/400
Job 549: 152/400
Job 549: 153/400
Job 549: 154/400
Job 549: 155/400
Job 549: 156/400
Job 549: 157/400
Job 549: 158/400
Job 549: 159/400
Job 549: 160/400
Job 549: 161/400
Job 549: 162/400
Job 549: 163/400
Job 549: 164/400
Job 549: 165/400
Job 549: 166/400
Job 549: 167/400
Job 549: 168/400
Job 549: 169/400
Job 549: 170/400
Job 549: 171/400
Job 549: 172/400
Job 549: 173/400
Job 549: 174/400
Job 549: 175/400
Job 549: 176/400
Job 549: 177/400
Job 549: 178/400
Job 549: 179/400
Job 549: 180/400
Job 549: 181/400
Job 549: 182/400
Job 549: 183/400
Job 549: 184/400
Job 549: 185/400
Job 549: 186/400
Job 549: 187/400
Job 549: 188/400
Job 549: 189/400
Job 549: 190/400
Job 549: 191/400
Job 549: 192/400
Job 549: 193/400
Job 549: 194/400
Job 549: 195/400
Job 549: 196/400
Job 549: 197/400
Job 549: 198/400
Job 549: 199/400
Job 549: 200/400
Job 549: 201/400
Job 549: 202/400
Job 549: 203/400
Job 549: 204/400
Job 549: 205/400
Job 549: 206/400
Job 549: 207/400
Job 549: 208/400
Job 549: 209/400
Job 549: 210/400
Job 549: 211/400
Job 549: 212/400
Job 549: 213/400
Job 549: 214/400
Job 549: 215/400
Job 549: 216/400
Job 549: 217/400
Job 549: 218/400
Job 549: 219/400
Job 549: 220/400
Job 549: 221/400
Job 549: 222/400
Job 549: 223/400
Job 549: 224/400
Job 549: 225/400 ERROR: object 'target_gene' not found
Job 549: 226/400
Job 549: 227/400
Job 549: 228/400
Job 549: 229/400
Job 549: 230/400
Job 549: 231/400
Job 549: 232/400
Job 549: 233/400
Job 549: 234/400
Job 549: 235/400
Job 549: 236/400
Job 549: 237/400
Job 549: 238/400
Job 549: 239/400
Job 549: 240/400
Job 549: 241/400
Job 549: 242/400
Job 549: 243/400
Job 549: 244/400
Job 549: 245/400
Job 549: 246/400
Job 549: 247/400
Job 549: 248/400
Job 549: 249/400
Job 549: 250/400
Job 549: 251/400
Job 549: 252/400
Job 549: 253/400
Job 549: 254/400
Job 549: 255/400
Job 549: 256/400
Job 549: 257/400
Job 549: 258/400
Job 549: 259/400
Job 549: 260/400
Job 549: 261/400
Job 549: 262/400
Job 549: 263/400
Job 549: 264/400
Job 549: 265/400
Job 549: 266/400
Job 549: 267/400
Job 549: 268/400
Job 549: 269/400
Job 549: 270/400
Job 549: 271/400
Job 549: 272/400
Job 549: 273/400
Job 549: 274/400
Job 549: 275/400
Job 549: 276/400
Job 549: 277/400
Job 549: 278/400
Job 549: 279/400
Job 549: 280/400
Job 549: 281/400
Job 549: 282/400
Job 549: 283/400
Job 549: 284/400
Job 549: 285/400
Job 549: 286/400
Job 549: 287/400
Job 549: 288/400
Job 549: 289/400
Job 549: 290/400
Job 549: 291/400
Job 549: 292/400
Job 549: 293/400
Job 549: 294/400
Job 549: 295/400
Job 549: 296/400
Job 549: 297/400
Job 549: 298/400
Job 549: 299/400
Job 549: 300/400
Job 549: 301/400
Job 549: 302/400
Job 549: 303/400
Job 549: 304/400
Job 549: 305/400
Job 549: 306/400
Job 549: 307/400
Job 549: 308/400
Job 549: 309/400
Job 549: 310/400
Job 549: 311/400
Job 549: 312/400
Job 549: 313/400
Job 549: 314/400
Job 549: 315/400
Job 549: 316/400
Job 549: 317/400
Job 549: 318/400
Job 549: 319/400
Job 549: 320/400
Job 549: 321/400
Job 549: 322/400
Job 549: 323/400
Job 549: 324/400
Job 549: 325/400
Job 549: 326/400
Job 549: 327/400
Job 549: 328/400
Job 549: 329/400
Job 549: 330/400
Job 549: 331/400
Job 549: 332/400
Job 549: 333/400
Job 549: 334/400
Job 549: 335/400
Job 549: 336/400
Job 549: 337/400
Job 549: 338/400
Job 549: 339/400
Job 549: 340/400
Job 549: 341/400
Job 549: 342/400
Job 549: 343/400
Job 549: 344/400
Job 549: 345/400
Job 549: 346/400
Job 549: 347/400
Job 549: 348/400
Job 549: 349/400
Job 549: 350/400
Job 549: 351/400
Job 549: 352/400
Job 549: 353/400
Job 549: 354/400
Job 549: 355/400
Job 549: 356/400
Job 549: 357/400
Job 549: 358/400
Job 549: 359/400
Job 549: 360/400
Job 549: 361/400
Job 549: 362/400
Job 549: 363/400
Job 549: 364/400
Job 549: 365/400
Job 549: 366/400
Job 549: 367/400
Job 549: 368/400
Job 549: 369/400
Job 549: 370/400
Job 549: 371/400
Job 549: 372/400
Job 549: 373/400
Job 549: 374/400
Job 549: 375/400
Job 549: 376/400
Job 549: 377/400
Job 549: 378/400
Job 549: 379/400
Job 549: 380/400
Job 549: 381/400
Job 549: 382/400
Job 549: 383/400
Job 549: 384/400
Job 549: 385/400
Job 549: 386/400
Job 549: 387/400
Job 549: 388/400
Job 549: 389/400
Job 549: 390/400
Job 549: 391/400
Job 549: 392/400
Job 549: 393/400
Job 549: 394/400
Job 549: 395/400
Job 549: 396/400
Job 549: 397/400
Job 549: 398/400
Job 549: 399/400
Job 549: 400/400
