Registered S3 methods overwritten by 'susieSlide':
  method              from  
  coef.susie          susieR
  predict.susie       susieR
  print.summary.susie susieR
  summary.susie       susieR
Job 67: 1/400
Job 67: 2/400
Job 67: 3/400
Job 67: 4/400
Job 67: 5/400
Job 67: 6/400
Job 67: 7/400
Job 67: 8/400
Job 67: 9/400
Job 67: 10/400
Job 67: 11/400
Job 67: 12/400
Job 67: 13/400
Job 67: 14/400
Job 67: 15/400
Job 67: 16/400
Job 67: 17/400
Job 67: 18/400
Job 67: 19/400
Job 67: 20/400
Job 67: 21/400
Job 67: 22/400
Job 67: 23/400
Job 67: 24/400
Job 67: 25/400
Job 67: 26/400
Job 67: 27/400
Job 67: 28/400
Job 67: 29/400
Job 67: 30/400
Job 67: 31/400
Job 67: 32/400
Job 67: 33/400
Job 67: 34/400
Job 67: 35/400
Job 67: 36/400
Job 67: 37/400
Job 67: 38/400
Job 67: 39/400
Job 67: 40/400
Job 67: 41/400
Job 67: 42/400
Job 67: 43/400
Job 67: 44/400
Job 67: 45/400
Job 67: 46/400
Job 67: 47/400
Job 67: 48/400
Job 67: 49/400
Job 67: 50/400
Job 67: 51/400
Job 67: 52/400
Job 67: 53/400
Job 67: 54/400
Job 67: 55/400
Job 67: 56/400
Job 67: 57/400
Job 67: 58/400
Job 67: 59/400
Job 67: 60/400
Job 67: 61/400
Job 67: 62/400
Job 67: 63/400
Job 67: 64/400
Job 67: 65/400
Job 67: 66/400
Job 67: 67/400
Job 67: 68/400
Job 67: 69/400
Job 67: 70/400
Job 67: 71/400
Job 67: 72/400
Job 67: 73/400
Job 67: 74/400
Job 67: 75/400
Job 67: 76/400
Job 67: 77/400
Job 67: 78/400
Job 67: 79/400
Job 67: 80/400
Job 67: 81/400
Job 67: 82/400
Job 67: 83/400
Job 67: 84/400
Job 67: 85/400
Job 67: 86/400
Job 67: 87/400
Job 67: 88/400
Job 67: 89/400
Job 67: 90/400
Job 67: 91/400
Job 67: 92/400
Job 67: 93/400
Job 67: 94/400
Job 67: 95/400
Job 67: 96/400
Job 67: 97/400
Job 67: 98/400
Job 67: 99/400
Job 67: 100/400
Job 67: 101/400
Job 67: 102/400
Job 67: 103/400
Job 67: 104/400
Job 67: 105/400
Job 67: 106/400
Job 67: 107/400
Job 67: 108/400
Job 67: 109/400
Job 67: 110/400
Job 67: 111/400
Job 67: 112/400
Job 67: 113/400
Job 67: 114/400
Job 67: 115/400
Job 67: 116/400
Job 67: 117/400
Job 67: 118/400
Job 67: 119/400
Job 67: 120/400
Job 67: 121/400
Job 67: 122/400
Job 67: 123/400
Job 67: 124/400
Job 67: 125/400
Job 67: 126/400
Job 67: 127/400
Job 67: 128/400
Job 67: 129/400
Job 67: 130/400
Job 67: 131/400
Job 67: 132/400
Job 67: 133/400
Job 67: 134/400
Job 67: 135/400
Job 67: 136/400
Job 67: 137/400
Job 67: 138/400
Job 67: 139/400
Job 67: 140/400
Job 67: 141/400
Job 67: 142/400
Job 67: 143/400
Job 67: 144/400
Job 67: 145/400
Job 67: 146/400
Job 67: 147/400
Job 67: 148/400
Job 67: 149/400
Job 67: 150/400
Job 67: 151/400
Job 67: 152/400
Job 67: 153/400
Job 67: 154/400
Job 67: 155/400
Job 67: 156/400
Job 67: 157/400
Job 67: 158/400
Job 67: 159/400
Job 67: 160/400
Job 67: 161/400
Job 67: 162/400
Job 67: 163/400
Job 67: 164/400
Job 67: 165/400
Job 67: 166/400
Job 67: 167/400
Job 67: 168/400
Job 67: 169/400
Job 67: 170/400
Job 67: 171/400
Job 67: 172/400
Job 67: 173/400
Job 67: 174/400
Job 67: 175/400
Job 67: 176/400
Job 67: 177/400
Job 67: 178/400
Job 67: 179/400
Job 67: 180/400
Job 67: 181/400
Job 67: 182/400
Job 67: 183/400
Job 67: 184/400
Job 67: 185/400
Job 67: 186/400
Job 67: 187/400
Job 67: 188/400
Job 67: 189/400
Job 67: 190/400
Job 67: 191/400
Job 67: 192/400
Job 67: 193/400
Job 67: 194/400
Job 67: 195/400
Job 67: 196/400
Job 67: 197/400
Job 67: 198/400
Job 67: 199/400
Job 67: 200/400
Job 67: 201/400
Job 67: 202/400
Job 67: 203/400
Job 67: 204/400
Job 67: 205/400
Job 67: 206/400
Job 67: 207/400
Job 67: 208/400
Job 67: 209/400
Job 67: 210/400
Job 67: 211/400
Job 67: 212/400
Job 67: 213/400
Job 67: 214/400
Job 67: 215/400
Job 67: 216/400
Job 67: 217/400
Job 67: 218/400
Job 67: 219/400
Job 67: 220/400
Job 67: 221/400
Job 67: 222/400
Job 67: 223/400
Job 67: 224/400
Job 67: 225/400
Job 67: 226/400
Job 67: 227/400
Job 67: 228/400
Job 67: 229/400
Job 67: 230/400
Job 67: 231/400
Job 67: 232/400
Job 67: 233/400
Job 67: 234/400
Job 67: 235/400
Job 67: 236/400
Job 67: 237/400
Job 67: 238/400
Job 67: 239/400
Job 67: 240/400
Job 67: 241/400
Job 67: 242/400
Job 67: 243/400
Job 67: 244/400
Job 67: 245/400
Job 67: 246/400
Job 67: 247/400
Job 67: 248/400
Job 67: 249/400
Job 67: 250/400
Job 67: 251/400
Job 67: 252/400
Job 67: 253/400
Job 67: 254/400
Job 67: 255/400
Job 67: 256/400
Job 67: 257/400
Job 67: 258/400
Job 67: 259/400
Job 67: 260/400
Job 67: 261/400
Job 67: 262/400
Job 67: 263/400
Job 67: 264/400
Job 67: 265/400
Job 67: 266/400
Job 67: 267/400
Job 67: 268/400
Job 67: 269/400
Job 67: 270/400
Job 67: 271/400
Job 67: 272/400
Job 67: 273/400
Job 67: 274/400
Job 67: 275/400
Job 67: 276/400
Job 67: 277/400
Job 67: 278/400
Job 67: 279/400
Job 67: 280/400
Job 67: 281/400
Job 67: 282/400
Job 67: 283/400
Job 67: 284/400
Job 67: 285/400
Job 67: 286/400
Job 67: 287/400
Job 67: 288/400
Job 67: 289/400
Job 67: 290/400
Job 67: 291/400
Job 67: 292/400
Job 67: 293/400
Job 67: 294/400
Job 67: 295/400
Job 67: 296/400
Job 67: 297/400
Job 67: 298/400
Job 67: 299/400
Job 67: 300/400
Job 67: 301/400
Job 67: 302/400
Job 67: 303/400
Job 67: 304/400
Job 67: 305/400
Job 67: 306/400
Job 67: 307/400
Job 67: 308/400
Job 67: 309/400
Job 67: 310/400
Job 67: 311/400
Job 67: 312/400
Job 67: 313/400
Job 67: 314/400
Job 67: 315/400
Job 67: 316/400
Job 67: 317/400
Job 67: 318/400
Job 67: 319/400
Job 67: 320/400
Job 67: 321/400
Job 67: 322/400
Job 67: 323/400
Job 67: 324/400
Job 67: 325/400
Job 67: 326/400
Job 67: 327/400
Job 67: 328/400
Job 67: 329/400
Job 67: 330/400
Job 67: 331/400
Job 67: 332/400
Job 67: 333/400
Job 67: 334/400
Job 67: 335/400
Job 67: 336/400
Job 67: 337/400
Job 67: 338/400
Job 67: 339/400
Job 67: 340/400
Job 67: 341/400
Job 67: 342/400
Job 67: 343/400
Job 67: 344/400
Job 67: 345/400
Job 67: 346/400
Job 67: 347/400
Job 67: 348/400
Job 67: 349/400
Job 67: 350/400
Job 67: 351/400
Job 67: 352/400
Job 67: 353/400
Job 67: 354/400
Job 67: 355/400
Job 67: 356/400
Job 67: 357/400
Job 67: 358/400
Job 67: 359/400
Job 67: 360/400
Job 67: 361/400
Job 67: 362/400
Job 67: 363/400
Job 67: 364/400
Job 67: 365/400
Job 67: 366/400
Job 67: 367/400
Job 67: 368/400
Job 67: 369/400
Job 67: 370/400
Job 67: 371/400
Job 67: 372/400
Job 67: 373/400
Job 67: 374/400
Job 67: 375/400
Job 67: 376/400
Job 67: 377/400
Job 67: 378/400
Job 67: 379/400
Job 67: 380/400
Job 67: 381/400
Job 67: 382/400
Job 67: 383/400
Job 67: 384/400
Job 67: 385/400
Job 67: 386/400
Job 67: 387/400
Job 67: 388/400
Job 67: 389/400
Job 67: 390/400
Job 67: 391/400
Job 67: 392/400
Job 67: 393/400
Job 67: 394/400
Job 67: 395/400
Job 67: 396/400
Job 67: 397/400
Job 67: 398/400
Job 67: 399/400
Job 67: 400/400
