Registered S3 methods overwritten by 'susieSlide':
  method              from  
  coef.susie          susieR
  predict.susie       susieR
  print.summary.susie susieR
  summary.susie       susieR
Job 224: 1/400
Job 224: 2/400
Job 224: 3/400
Job 224: 4/400
Job 224: 5/400
Job 224: 6/400
Job 224: 7/400
Job 224: 8/400
Job 224: 9/400
Job 224: 10/400
Job 224: 11/400
Job 224: 12/400
Job 224: 13/400
Job 224: 14/400
Job 224: 15/400
Job 224: 16/400
Job 224: 17/400
Job 224: 18/400
Job 224: 19/400
Job 224: 20/400
Job 224: 21/400
Job 224: 22/400
Job 224: 23/400
Job 224: 24/400
Job 224: 25/400
Job 224: 26/400
Job 224: 27/400
Job 224: 28/400
Job 224: 29/400
Job 224: 30/400
Job 224: 31/400
Job 224: 32/400
Job 224: 33/400
Job 224: 34/400
Job 224: 35/400
Job 224: 36/400
Job 224: 37/400
Job 224: 38/400
Job 224: 39/400
Job 224: 40/400
Job 224: 41/400
Job 224: 42/400
Job 224: 43/400
Job 224: 44/400
Job 224: 45/400
Job 224: 46/400
Job 224: 47/400
Job 224: 48/400
Job 224: 49/400
Job 224: 50/400
Job 224: 51/400
Job 224: 52/400
Job 224: 53/400
Job 224: 54/400
Job 224: 55/400
Job 224: 56/400
Job 224: 57/400
Job 224: 58/400
Job 224: 59/400
Job 224: 60/400
Job 224: 61/400
Job 224: 62/400
Job 224: 63/400
Job 224: 64/400
Job 224: 65/400
Job 224: 66/400
Job 224: 67/400
Job 224: 68/400
Job 224: 69/400
Job 224: 70/400
Job 224: 71/400
Job 224: 72/400
Job 224: 73/400
Job 224: 74/400
Job 224: 75/400
Job 224: 76/400
Job 224: 77/400
Job 224: 78/400
Job 224: 79/400
Job 224: 80/400
Job 224: 81/400
Job 224: 82/400
Job 224: 83/400
Job 224: 84/400
Job 224: 85/400
Job 224: 86/400
Job 224: 87/400
Job 224: 88/400
Job 224: 89/400
Job 224: 90/400
Job 224: 91/400
Job 224: 92/400
Job 224: 93/400
Job 224: 94/400
Job 224: 95/400
Job 224: 96/400
Job 224: 97/400
Job 224: 98/400
Job 224: 99/400
Job 224: 100/400
Job 224: 101/400
Job 224: 102/400
Job 224: 103/400
Job 224: 104/400
Job 224: 105/400
Job 224: 106/400
Job 224: 107/400
Job 224: 108/400
Job 224: 109/400
Job 224: 110/400
Job 224: 111/400
Job 224: 112/400
Job 224: 113/400
Job 224: 114/400
Job 224: 115/400
Job 224: 116/400
Job 224: 117/400
Job 224: 118/400
Job 224: 119/400
Job 224: 120/400
Job 224: 121/400
Job 224: 122/400
Job 224: 123/400
Job 224: 124/400
Job 224: 125/400
Job 224: 126/400
Job 224: 127/400
Job 224: 128/400
Job 224: 129/400
Job 224: 130/400
Job 224: 131/400
Job 224: 132/400
Job 224: 133/400
Job 224: 134/400
Job 224: 135/400
Job 224: 136/400
Job 224: 137/400
Job 224: 138/400
Job 224: 139/400
Job 224: 140/400
Job 224: 141/400
Job 224: 142/400
Job 224: 143/400
Job 224: 144/400
Job 224: 145/400
Job 224: 146/400
Job 224: 147/400
Job 224: 148/400
Job 224: 149/400
Job 224: 150/400
Job 224: 151/400
Job 224: 152/400
Job 224: 153/400
Job 224: 154/400
Job 224: 155/400
Job 224: 156/400
Job 224: 157/400
Job 224: 158/400
Job 224: 159/400
Job 224: 160/400
Job 224: 161/400
Job 224: 162/400
Job 224: 163/400
Job 224: 164/400
Job 224: 165/400
Job 224: 166/400
Job 224: 167/400
Job 224: 168/400
Job 224: 169/400
Job 224: 170/400
Job 224: 171/400
Job 224: 172/400
Job 224: 173/400
Job 224: 174/400
Job 224: 175/400
Job 224: 176/400
Job 224: 177/400
Job 224: 178/400
Job 224: 179/400
Job 224: 180/400
Job 224: 181/400
Job 224: 182/400
Job 224: 183/400
Job 224: 184/400
Job 224: 185/400
Job 224: 186/400
Job 224: 187/400
Job 224: 188/400
Job 224: 189/400
Job 224: 190/400
Job 224: 191/400
Job 224: 192/400
Job 224: 193/400
Job 224: 194/400
Job 224: 195/400
Job 224: 196/400
Job 224: 197/400
Job 224: 198/400
Job 224: 199/400
Job 224: 200/400
Job 224: 201/400
Job 224: 202/400
Job 224: 203/400
Job 224: 204/400
Job 224: 205/400
Job 224: 206/400
Job 224: 207/400
Job 224: 208/400
Job 224: 209/400
Job 224: 210/400
Job 224: 211/400
Job 224: 212/400
Job 224: 213/400
Job 224: 214/400
Job 224: 215/400
Job 224: 216/400
Job 224: 217/400
Job 224: 218/400
Job 224: 219/400
Job 224: 220/400
Job 224: 221/400
Job 224: 222/400
Job 224: 223/400
Job 224: 224/400
Job 224: 225/400
Job 224: 226/400
Job 224: 227/400
Job 224: 228/400
Job 224: 229/400
Job 224: 230/400
Job 224: 231/400
Job 224: 232/400
Job 224: 233/400
Job 224: 234/400
Job 224: 235/400
Job 224: 236/400
Job 224: 237/400
Job 224: 238/400
Job 224: 239/400
Job 224: 240/400
Job 224: 241/400
Job 224: 242/400
Job 224: 243/400
Job 224: 244/400
Job 224: 245/400
Job 224: 246/400
Job 224: 247/400
Job 224: 248/400
Job 224: 249/400
Job 224: 250/400
Job 224: 251/400
Job 224: 252/400
Job 224: 253/400
Job 224: 254/400
Job 224: 255/400
Job 224: 256/400
Job 224: 257/400
Job 224: 258/400
Job 224: 259/400
Job 224: 260/400
Job 224: 261/400
Job 224: 262/400
Job 224: 263/400
Job 224: 264/400
Job 224: 265/400
Job 224: 266/400
Job 224: 267/400
Job 224: 268/400
Job 224: 269/400
Job 224: 270/400
Job 224: 271/400
Job 224: 272/400
Job 224: 273/400
Job 224: 274/400
Job 224: 275/400
Job 224: 276/400
Job 224: 277/400
Job 224: 278/400
Job 224: 279/400
Job 224: 280/400
Job 224: 281/400
Job 224: 282/400
Job 224: 283/400
Job 224: 284/400
Job 224: 285/400
Job 224: 286/400
Job 224: 287/400
Job 224: 288/400
Job 224: 289/400
Job 224: 290/400
Job 224: 291/400
Job 224: 292/400
Job 224: 293/400
Job 224: 294/400
Job 224: 295/400
Job 224: 296/400
Job 224: 297/400
Job 224: 298/400
Job 224: 299/400
Job 224: 300/400
Job 224: 301/400
Job 224: 302/400
Job 224: 303/400
Job 224: 304/400
Job 224: 305/400
Job 224: 306/400
Job 224: 307/400
Job 224: 308/400
Job 224: 309/400
Job 224: 310/400
Job 224: 311/400
Job 224: 312/400
Job 224: 313/400
Job 224: 314/400
Job 224: 315/400
Job 224: 316/400
Job 224: 317/400
Job 224: 318/400
Job 224: 319/400
Job 224: 320/400
Job 224: 321/400
Job 224: 322/400
Job 224: 323/400
Job 224: 324/400
Job 224: 325/400
Job 224: 326/400
Job 224: 327/400
Job 224: 328/400
Job 224: 329/400
Job 224: 330/400
Job 224: 331/400
Job 224: 332/400
Job 224: 333/400
Job 224: 334/400
Job 224: 335/400
Job 224: 336/400
Job 224: 337/400
Job 224: 338/400
Job 224: 339/400
Job 224: 340/400
Job 224: 341/400
Job 224: 342/400
Job 224: 343/400
Job 224: 344/400
Job 224: 345/400
Job 224: 346/400
Job 224: 347/400
Job 224: 348/400
Job 224: 349/400
Job 224: 350/400
Job 224: 351/400
Job 224: 352/400
Job 224: 353/400
Job 224: 354/400
Job 224: 355/400
Job 224: 356/400
Job 224: 357/400
Job 224: 358/400
Job 224: 359/400
Job 224: 360/400
Job 224: 361/400
Job 224: 362/400
Job 224: 363/400
Job 224: 364/400
Job 224: 365/400
Job 224: 366/400
Job 224: 367/400
Job 224: 368/400
Job 224: 369/400
Job 224: 370/400
Job 224: 371/400
Job 224: 372/400
Job 224: 373/400
Job 224: 374/400
Job 224: 375/400
Job 224: 376/400
Job 224: 377/400
Job 224: 378/400
Job 224: 379/400
Job 224: 380/400
Job 224: 381/400
Job 224: 382/400
Job 224: 383/400
Job 224: 384/400
Job 224: 385/400
Job 224: 386/400
Job 224: 387/400
Job 224: 388/400
Job 224: 389/400
Job 224: 390/400
Job 224: 391/400
Job 224: 392/400
Job 224: 393/400
Job 224: 394/400
Job 224: 395/400
Job 224: 396/400
Job 224: 397/400
Job 224: 398/400
Job 224: 399/400
Job 224: 400/400
