Registered S3 methods overwritten by 'susieSlide':
  method              from  
  coef.susie          susieR
  predict.susie       susieR
  print.summary.susie susieR
  summary.susie       susieR
Job 211: 1/400
Job 211: 2/400
Job 211: 3/400
Job 211: 4/400
Job 211: 5/400
Job 211: 6/400
Job 211: 7/400
Job 211: 8/400
Job 211: 9/400
Job 211: 10/400
Job 211: 11/400
Job 211: 12/400
Job 211: 13/400
Job 211: 14/400
Job 211: 15/400
Job 211: 16/400
Job 211: 17/400
Job 211: 18/400
Job 211: 19/400
Job 211: 20/400
Job 211: 21/400
Job 211: 22/400
Job 211: 23/400
Job 211: 24/400
Job 211: 25/400
Job 211: 26/400
Job 211: 27/400
Job 211: 28/400
Job 211: 29/400
Job 211: 30/400
Job 211: 31/400
Job 211: 32/400
Job 211: 33/400
Job 211: 34/400
Job 211: 35/400
Job 211: 36/400
Job 211: 37/400
Job 211: 38/400
Job 211: 39/400
Job 211: 40/400
Job 211: 41/400
Job 211: 42/400
Job 211: 43/400
Job 211: 44/400
Job 211: 45/400
Job 211: 46/400
Job 211: 47/400
Job 211: 48/400
Job 211: 49/400
Job 211: 50/400
Job 211: 51/400
Job 211: 52/400
Job 211: 53/400
Job 211: 54/400
Job 211: 55/400
Job 211: 56/400
Job 211: 57/400
Job 211: 58/400
Job 211: 59/400
Job 211: 60/400
Job 211: 61/400
Job 211: 62/400
Job 211: 63/400
Job 211: 64/400
Job 211: 65/400
Job 211: 66/400
Job 211: 67/400
Job 211: 68/400
Job 211: 69/400
Job 211: 70/400
Job 211: 71/400
Job 211: 72/400
Job 211: 73/400
Job 211: 74/400
Job 211: 75/400
Job 211: 76/400
Job 211: 77/400
Job 211: 78/400
Job 211: 79/400
Job 211: 80/400
Job 211: 81/400
Job 211: 82/400
Job 211: 83/400
Job 211: 84/400
Job 211: 85/400
Job 211: 86/400
Job 211: 87/400
Job 211: 88/400
Job 211: 89/400
Job 211: 90/400
Job 211: 91/400
Job 211: 92/400
Job 211: 93/400
Job 211: 94/400
Job 211: 95/400
Job 211: 96/400
Job 211: 97/400
Job 211: 98/400
Job 211: 99/400
Job 211: 100/400
Job 211: 101/400
Job 211: 102/400
Job 211: 103/400
Job 211: 104/400
Job 211: 105/400
Job 211: 106/400
Job 211: 107/400
Job 211: 108/400
Job 211: 109/400
Job 211: 110/400
Job 211: 111/400
Job 211: 112/400
Job 211: 113/400
Job 211: 114/400
Job 211: 115/400
Job 211: 116/400
Job 211: 117/400
Job 211: 118/400
Job 211: 119/400
Job 211: 120/400
Job 211: 121/400
Job 211: 122/400
Job 211: 123/400
Job 211: 124/400
Job 211: 125/400
Job 211: 126/400
Job 211: 127/400
Job 211: 128/400
Job 211: 129/400
Job 211: 130/400
Job 211: 131/400
Job 211: 132/400
Job 211: 133/400
Job 211: 134/400
Job 211: 135/400
Job 211: 136/400
Job 211: 137/400
Job 211: 138/400
Job 211: 139/400
Job 211: 140/400
Job 211: 141/400
Job 211: 142/400
Job 211: 143/400
Job 211: 144/400
Job 211: 145/400
Job 211: 146/400
Job 211: 147/400
Job 211: 148/400
Job 211: 149/400
Job 211: 150/400
Job 211: 151/400
Job 211: 152/400
Job 211: 153/400
Job 211: 154/400
Job 211: 155/400
Job 211: 156/400
Job 211: 157/400
Job 211: 158/400
Job 211: 159/400
Job 211: 160/400
Job 211: 161/400
Job 211: 162/400
Job 211: 163/400
Job 211: 164/400
Job 211: 165/400
Job 211: 166/400
Job 211: 167/400
Job 211: 168/400
Job 211: 169/400
Job 211: 170/400
Job 211: 171/400
Job 211: 172/400
Job 211: 173/400
Job 211: 174/400
Job 211: 175/400
Job 211: 176/400
Job 211: 177/400
Job 211: 178/400
Job 211: 179/400
Job 211: 180/400
Job 211: 181/400
Job 211: 182/400
Job 211: 183/400
Job 211: 184/400
Job 211: 185/400
Job 211: 186/400
Job 211: 187/400
Job 211: 188/400
Job 211: 189/400
Job 211: 190/400
Job 211: 191/400
Job 211: 192/400
Job 211: 193/400
Job 211: 194/400
Job 211: 195/400
Job 211: 196/400
Job 211: 197/400
Job 211: 198/400
Job 211: 199/400
Job 211: 200/400
Job 211: 201/400
Job 211: 202/400
Job 211: 203/400
Job 211: 204/400
Job 211: 205/400
Job 211: 206/400
Job 211: 207/400
Job 211: 208/400
Job 211: 209/400
Job 211: 210/400
Job 211: 211/400
Job 211: 212/400
Job 211: 213/400
Job 211: 214/400
Job 211: 215/400
Job 211: 216/400
Job 211: 217/400
Job 211: 218/400
Job 211: 219/400
Job 211: 220/400
Job 211: 221/400
Job 211: 222/400
Job 211: 223/400
Job 211: 224/400
Job 211: 225/400
Job 211: 226/400
Job 211: 227/400
Job 211: 228/400
Job 211: 229/400
Job 211: 230/400
Job 211: 231/400
Job 211: 232/400
Job 211: 233/400
Job 211: 234/400
Job 211: 235/400
Job 211: 236/400
Job 211: 237/400
Job 211: 238/400
Job 211: 239/400
Job 211: 240/400
Job 211: 241/400
Job 211: 242/400
Job 211: 243/400
Job 211: 244/400
Job 211: 245/400
Job 211: 246/400
Job 211: 247/400
Job 211: 248/400
Job 211: 249/400
Job 211: 250/400
Job 211: 251/400
Job 211: 252/400
Job 211: 253/400
Job 211: 254/400
Job 211: 255/400
Job 211: 256/400
Job 211: 257/400
Job 211: 258/400
Job 211: 259/400
Job 211: 260/400
Job 211: 261/400
Job 211: 262/400
Job 211: 263/400
Job 211: 264/400
Job 211: 265/400
Job 211: 266/400
Job 211: 267/400
Job 211: 268/400
Job 211: 269/400
Job 211: 270/400
Job 211: 271/400
Job 211: 272/400
Job 211: 273/400
Job 211: 274/400
Job 211: 275/400
Job 211: 276/400
Job 211: 277/400
Job 211: 278/400
Job 211: 279/400
Job 211: 280/400
Job 211: 281/400
Job 211: 282/400
Job 211: 283/400
Job 211: 284/400
Job 211: 285/400
Job 211: 286/400
Job 211: 287/400
Job 211: 288/400
Job 211: 289/400
Job 211: 290/400
Job 211: 291/400
Job 211: 292/400
Job 211: 293/400
Job 211: 294/400
Job 211: 295/400
Job 211: 296/400
Job 211: 297/400
Job 211: 298/400
Job 211: 299/400
Job 211: 300/400
Job 211: 301/400
Job 211: 302/400
Job 211: 303/400
Job 211: 304/400
Job 211: 305/400
Job 211: 306/400
Job 211: 307/400
Job 211: 308/400
Job 211: 309/400
Job 211: 310/400
Job 211: 311/400
Job 211: 312/400
Job 211: 313/400
Job 211: 314/400
Job 211: 315/400
Job 211: 316/400
Job 211: 317/400
Job 211: 318/400
Job 211: 319/400
Job 211: 320/400
Job 211: 321/400
Job 211: 322/400
Job 211: 323/400
Job 211: 324/400
Job 211: 325/400
Job 211: 326/400
Job 211: 327/400
Job 211: 328/400
Job 211: 329/400
Job 211: 330/400
Job 211: 331/400
Job 211: 332/400
Job 211: 333/400
Job 211: 334/400
Job 211: 335/400
Job 211: 336/400
Job 211: 337/400
Job 211: 338/400
Job 211: 339/400
Job 211: 340/400
Job 211: 341/400
Job 211: 342/400
Job 211: 343/400
Job 211: 344/400
Job 211: 345/400
Job 211: 346/400
Job 211: 347/400
Job 211: 348/400
Job 211: 349/400
Job 211: 350/400
Job 211: 351/400
Job 211: 352/400
Job 211: 353/400
Job 211: 354/400
Job 211: 355/400
Job 211: 356/400
Job 211: 357/400
Job 211: 358/400
Job 211: 359/400
Job 211: 360/400
Job 211: 361/400
Job 211: 362/400
Job 211: 363/400
Job 211: 364/400
Job 211: 365/400
Job 211: 366/400
Job 211: 367/400
Job 211: 368/400
Job 211: 369/400
Job 211: 370/400
Job 211: 371/400
Job 211: 372/400
Job 211: 373/400
Job 211: 374/400
Job 211: 375/400
Job 211: 376/400
Job 211: 377/400
Job 211: 378/400
Job 211: 379/400
Job 211: 380/400
Job 211: 381/400
Job 211: 382/400
Job 211: 383/400
Job 211: 384/400
Job 211: 385/400
Job 211: 386/400
Job 211: 387/400
Job 211: 388/400
Job 211: 389/400
Job 211: 390/400
Job 211: 391/400
Job 211: 392/400
Job 211: 393/400
Job 211: 394/400
Job 211: 395/400
Job 211: 396/400
Job 211: 397/400
Job 211: 398/400
Job 211: 399/400
Job 211: 400/400
