Registered S3 methods overwritten by 'susieSlide':
  method              from  
  coef.susie          susieR
  predict.susie       susieR
  print.summary.susie susieR
  summary.susie       susieR
Job 117: 1/400
Job 117: 2/400
Job 117: 3/400
Job 117: 4/400
Job 117: 5/400
Job 117: 6/400
Job 117: 7/400
Job 117: 8/400
Job 117: 9/400
Job 117: 10/400
Job 117: 11/400
Job 117: 12/400
Job 117: 13/400
Job 117: 14/400
Job 117: 15/400
Job 117: 16/400
Job 117: 17/400
Job 117: 18/400
Job 117: 19/400
Job 117: 20/400
Job 117: 21/400
Job 117: 22/400
Job 117: 23/400
Job 117: 24/400
Job 117: 25/400
Job 117: 26/400
Job 117: 27/400
Job 117: 28/400
Job 117: 29/400
Job 117: 30/400
Job 117: 31/400
Job 117: 32/400
Job 117: 33/400
Job 117: 34/400
Job 117: 35/400
Job 117: 36/400
Job 117: 37/400
Job 117: 38/400
Job 117: 39/400
Job 117: 40/400
Job 117: 41/400
Job 117: 42/400
Job 117: 43/400
Job 117: 44/400
Job 117: 45/400
Job 117: 46/400
Job 117: 47/400
Job 117: 48/400
Job 117: 49/400
Job 117: 50/400
Job 117: 51/400
Job 117: 52/400
Job 117: 53/400
Job 117: 54/400
Job 117: 55/400
Job 117: 56/400
Job 117: 57/400
Job 117: 58/400
Job 117: 59/400
Job 117: 60/400
Job 117: 61/400
Job 117: 62/400
Job 117: 63/400
Job 117: 64/400
Job 117: 65/400
Job 117: 66/400
Job 117: 67/400
Job 117: 68/400
Job 117: 69/400
Job 117: 70/400
Job 117: 71/400
Job 117: 72/400
Job 117: 73/400
Job 117: 74/400
Job 117: 75/400
Job 117: 76/400
Job 117: 77/400
Job 117: 78/400
Job 117: 79/400
Job 117: 80/400
Job 117: 81/400
Job 117: 82/400
Job 117: 83/400
Job 117: 84/400
Job 117: 85/400
Job 117: 86/400
Job 117: 87/400
Job 117: 88/400
Job 117: 89/400
Job 117: 90/400
Job 117: 91/400
Job 117: 92/400
Job 117: 93/400
Job 117: 94/400
Job 117: 95/400
Job 117: 96/400
Job 117: 97/400
Job 117: 98/400
Job 117: 99/400
Job 117: 100/400
Job 117: 101/400
Job 117: 102/400
Job 117: 103/400
Job 117: 104/400
Job 117: 105/400
Job 117: 106/400
Job 117: 107/400
Job 117: 108/400
Job 117: 109/400
Job 117: 110/400
Job 117: 111/400
Job 117: 112/400
Job 117: 113/400
Job 117: 114/400
Job 117: 115/400
Job 117: 116/400
Job 117: 117/400
Job 117: 118/400
Job 117: 119/400
Job 117: 120/400
Job 117: 121/400
Job 117: 122/400
Job 117: 123/400
Job 117: 124/400
Job 117: 125/400
Job 117: 126/400
Job 117: 127/400
Job 117: 128/400
Job 117: 129/400
Job 117: 130/400
Job 117: 131/400
Job 117: 132/400
Job 117: 133/400
Job 117: 134/400
Job 117: 135/400
Job 117: 136/400
Job 117: 137/400
Job 117: 138/400
Job 117: 139/400
Job 117: 140/400
Job 117: 141/400
Job 117: 142/400
Job 117: 143/400
Job 117: 144/400
Job 117: 145/400
Job 117: 146/400
Job 117: 147/400
Job 117: 148/400
Job 117: 149/400
Job 117: 150/400
Job 117: 151/400
Job 117: 152/400
Job 117: 153/400
Job 117: 154/400
Job 117: 155/400
Job 117: 156/400
Job 117: 157/400
Job 117: 158/400
Job 117: 159/400
Job 117: 160/400
Job 117: 161/400
Job 117: 162/400
Job 117: 163/400
Job 117: 164/400
Job 117: 165/400
Job 117: 166/400
Job 117: 167/400
Job 117: 168/400
Job 117: 169/400
Job 117: 170/400
Job 117: 171/400
Job 117: 172/400
Job 117: 173/400
Job 117: 174/400
Job 117: 175/400
Job 117: 176/400
Job 117: 177/400
Job 117: 178/400
Job 117: 179/400
Job 117: 180/400
Job 117: 181/400
Job 117: 182/400
Job 117: 183/400
Job 117: 184/400
Job 117: 185/400
Job 117: 186/400
Job 117: 187/400
Job 117: 188/400
Job 117: 189/400
Job 117: 190/400
Job 117: 191/400
Job 117: 192/400
Job 117: 193/400
Job 117: 194/400
Job 117: 195/400
Job 117: 196/400
Job 117: 197/400
Job 117: 198/400
Job 117: 199/400
Job 117: 200/400
Job 117: 201/400
Job 117: 202/400
Job 117: 203/400
Job 117: 204/400
Job 117: 205/400
Job 117: 206/400
Job 117: 207/400
Job 117: 208/400
Job 117: 209/400
Job 117: 210/400
Job 117: 211/400
Job 117: 212/400
Job 117: 213/400
Job 117: 214/400
Job 117: 215/400
Job 117: 216/400
Job 117: 217/400
Job 117: 218/400
Job 117: 219/400
Job 117: 220/400
Job 117: 221/400
Job 117: 222/400
Job 117: 223/400
Job 117: 224/400
Job 117: 225/400
Job 117: 226/400
Job 117: 227/400
Job 117: 228/400
Job 117: 229/400
Job 117: 230/400
Job 117: 231/400
Job 117: 232/400
Job 117: 233/400
Job 117: 234/400
Job 117: 235/400
Job 117: 236/400
Job 117: 237/400
Job 117: 238/400
Job 117: 239/400
Job 117: 240/400
Job 117: 241/400
Job 117: 242/400
Job 117: 243/400
Job 117: 244/400
Job 117: 245/400
Job 117: 246/400
Job 117: 247/400
Job 117: 248/400
Job 117: 249/400
Job 117: 250/400
Job 117: 251/400
Job 117: 252/400
Job 117: 253/400
Job 117: 254/400
Job 117: 255/400
Job 117: 256/400
Job 117: 257/400
Job 117: 258/400
Job 117: 259/400
Job 117: 260/400
Job 117: 261/400
Job 117: 262/400
Job 117: 263/400
Job 117: 264/400
Job 117: 265/400
Job 117: 266/400
Job 117: 267/400
Job 117: 268/400
Job 117: 269/400
Job 117: 270/400
Job 117: 271/400
Job 117: 272/400
Job 117: 273/400
Job 117: 274/400
Job 117: 275/400
Job 117: 276/400
Job 117: 277/400
Job 117: 278/400
Job 117: 279/400
Job 117: 280/400
Job 117: 281/400
Job 117: 282/400
Job 117: 283/400
Job 117: 284/400
Job 117: 285/400
Job 117: 286/400
Job 117: 287/400
Job 117: 288/400
Job 117: 289/400
Job 117: 290/400
Job 117: 291/400
Job 117: 292/400
Job 117: 293/400
Job 117: 294/400
Job 117: 295/400
Job 117: 296/400
Job 117: 297/400
Job 117: 298/400
Job 117: 299/400
Job 117: 300/400
Job 117: 301/400
Job 117: 302/400
Job 117: 303/400
Job 117: 304/400
Job 117: 305/400
Job 117: 306/400
Job 117: 307/400
Job 117: 308/400
Job 117: 309/400
Job 117: 310/400
Job 117: 311/400
Job 117: 312/400
Job 117: 313/400
Job 117: 314/400
Job 117: 315/400
Job 117: 316/400
Job 117: 317/400
Job 117: 318/400
Job 117: 319/400
Job 117: 320/400
Job 117: 321/400
Job 117: 322/400
Job 117: 323/400
Job 117: 324/400
Job 117: 325/400
Job 117: 326/400
Job 117: 327/400
Job 117: 328/400
Job 117: 329/400
Job 117: 330/400
Job 117: 331/400
Job 117: 332/400
Job 117: 333/400
Job 117: 334/400
Job 117: 335/400
Job 117: 336/400
Job 117: 337/400
Job 117: 338/400
Job 117: 339/400
Job 117: 340/400
Job 117: 341/400
Job 117: 342/400
Job 117: 343/400
Job 117: 344/400
Job 117: 345/400
Job 117: 346/400
Job 117: 347/400
Job 117: 348/400
Job 117: 349/400
Job 117: 350/400
Job 117: 351/400
Job 117: 352/400
Job 117: 353/400
Job 117: 354/400
Job 117: 355/400
Job 117: 356/400
Job 117: 357/400
Job 117: 358/400
Job 117: 359/400
Job 117: 360/400
Job 117: 361/400
Job 117: 362/400
Job 117: 363/400
Job 117: 364/400
Job 117: 365/400
Job 117: 366/400
Job 117: 367/400
Job 117: 368/400
Job 117: 369/400
Job 117: 370/400
Job 117: 371/400
Job 117: 372/400
Job 117: 373/400
Job 117: 374/400
Job 117: 375/400
Job 117: 376/400
Job 117: 377/400
Job 117: 378/400
Job 117: 379/400
Job 117: 380/400
Job 117: 381/400
Job 117: 382/400
Job 117: 383/400
Job 117: 384/400
Job 117: 385/400
Job 117: 386/400
Job 117: 387/400
Job 117: 388/400
Job 117: 389/400
Job 117: 390/400
Job 117: 391/400
Job 117: 392/400
Job 117: 393/400
Job 117: 394/400
Job 117: 395/400
Job 117: 396/400
Job 117: 397/400
Job 117: 398/400
Job 117: 399/400
Job 117: 400/400
