Registered S3 methods overwritten by 'susieSlide':
  method              from  
  coef.susie          susieR
  predict.susie       susieR
  print.summary.susie susieR
  summary.susie       susieR
Job 72: 1/400
Job 72: 2/400
Job 72: 3/400
Job 72: 4/400
Job 72: 5/400
Job 72: 6/400
Job 72: 7/400
Job 72: 8/400
Job 72: 9/400
Job 72: 10/400
Job 72: 11/400
Job 72: 12/400
Job 72: 13/400
Job 72: 14/400
Job 72: 15/400
Job 72: 16/400
Job 72: 17/400
Job 72: 18/400
Job 72: 19/400
Job 72: 20/400
Job 72: 21/400
Job 72: 22/400
Job 72: 23/400
Job 72: 24/400
Job 72: 25/400
Job 72: 26/400
Job 72: 27/400
Job 72: 28/400
Job 72: 29/400
Job 72: 30/400
Job 72: 31/400
Job 72: 32/400
Job 72: 33/400
Job 72: 34/400
Job 72: 35/400
Job 72: 36/400
Job 72: 37/400
Job 72: 38/400
Job 72: 39/400
Job 72: 40/400
Job 72: 41/400
Job 72: 42/400
Job 72: 43/400
Job 72: 44/400
Job 72: 45/400
Job 72: 46/400
Job 72: 47/400
Job 72: 48/400
Job 72: 49/400
Job 72: 50/400
Job 72: 51/400
Job 72: 52/400
Job 72: 53/400
Job 72: 54/400
Job 72: 55/400
Job 72: 56/400
Job 72: 57/400
Job 72: 58/400
Job 72: 59/400
Job 72: 60/400
Job 72: 61/400
Job 72: 62/400
Job 72: 63/400
Job 72: 64/400
Job 72: 65/400
Job 72: 66/400
Job 72: 67/400
Job 72: 68/400
Job 72: 69/400
Job 72: 70/400
Job 72: 71/400
Job 72: 72/400
Job 72: 73/400
Job 72: 74/400
Job 72: 75/400
Job 72: 76/400
Job 72: 77/400
Job 72: 78/400
Job 72: 79/400
Job 72: 80/400
Job 72: 81/400
Job 72: 82/400
Job 72: 83/400
Job 72: 84/400
Job 72: 85/400
Job 72: 86/400
Job 72: 87/400
Job 72: 88/400
Job 72: 89/400
Job 72: 90/400
Job 72: 91/400
Job 72: 92/400
Job 72: 93/400
Job 72: 94/400
Job 72: 95/400
Job 72: 96/400
Job 72: 97/400
Job 72: 98/400
Job 72: 99/400
Job 72: 100/400
Job 72: 101/400
Job 72: 102/400
Job 72: 103/400
Job 72: 104/400
Job 72: 105/400
Job 72: 106/400
Job 72: 107/400
Job 72: 108/400
Job 72: 109/400
Job 72: 110/400
Job 72: 111/400
Job 72: 112/400
Job 72: 113/400
Job 72: 114/400
Job 72: 115/400
Job 72: 116/400
Job 72: 117/400
Job 72: 118/400
Job 72: 119/400
Job 72: 120/400
Job 72: 121/400
Job 72: 122/400
Job 72: 123/400
Job 72: 124/400
Job 72: 125/400
Job 72: 126/400
Job 72: 127/400
Job 72: 128/400
Job 72: 129/400
Job 72: 130/400
Job 72: 131/400
Job 72: 132/400
Job 72: 133/400
Job 72: 134/400
Job 72: 135/400
Job 72: 136/400
Job 72: 137/400
Job 72: 138/400
Job 72: 139/400
Job 72: 140/400
Job 72: 141/400
Job 72: 142/400
Job 72: 143/400
Job 72: 144/400
Job 72: 145/400
Job 72: 146/400
Job 72: 147/400
Job 72: 148/400
Job 72: 149/400
Job 72: 150/400
Job 72: 151/400
Job 72: 152/400
Job 72: 153/400
Job 72: 154/400
Job 72: 155/400
Job 72: 156/400
Job 72: 157/400
Job 72: 158/400
Job 72: 159/400
Job 72: 160/400
Job 72: 161/400
Job 72: 162/400
Job 72: 163/400
Job 72: 164/400
Job 72: 165/400
Job 72: 166/400
Job 72: 167/400
Job 72: 168/400
Job 72: 169/400
Job 72: 170/400
Job 72: 171/400
Job 72: 172/400
Job 72: 173/400
Job 72: 174/400
Job 72: 175/400
Job 72: 176/400
Job 72: 177/400
Job 72: 178/400
Job 72: 179/400
Job 72: 180/400
Job 72: 181/400
Job 72: 182/400
Job 72: 183/400
Job 72: 184/400
Job 72: 185/400
Job 72: 186/400
Job 72: 187/400
Job 72: 188/400
Job 72: 189/400
Job 72: 190/400
Job 72: 191/400
Job 72: 192/400
Job 72: 193/400
Job 72: 194/400
Job 72: 195/400
Job 72: 196/400
Job 72: 197/400
Job 72: 198/400
Job 72: 199/400
Job 72: 200/400
Job 72: 201/400
Job 72: 202/400
Job 72: 203/400
Job 72: 204/400
Job 72: 205/400
Job 72: 206/400
Job 72: 207/400
Job 72: 208/400
Job 72: 209/400
Job 72: 210/400
Job 72: 211/400
Job 72: 212/400
Job 72: 213/400
Job 72: 214/400
Job 72: 215/400
Job 72: 216/400
Job 72: 217/400
Job 72: 218/400
Job 72: 219/400
Job 72: 220/400
Job 72: 221/400
Job 72: 222/400
Job 72: 223/400
Job 72: 224/400
Job 72: 225/400
Job 72: 226/400
Job 72: 227/400
Job 72: 228/400
Job 72: 229/400
Job 72: 230/400
Job 72: 231/400
Job 72: 232/400
Job 72: 233/400
Job 72: 234/400
Job 72: 235/400
Job 72: 236/400
Job 72: 237/400
Job 72: 238/400
Job 72: 239/400
Job 72: 240/400
Job 72: 241/400
Job 72: 242/400
Job 72: 243/400
Job 72: 244/400
Job 72: 245/400
Job 72: 246/400
Job 72: 247/400
Job 72: 248/400
Job 72: 249/400
Job 72: 250/400
Job 72: 251/400
Job 72: 252/400
Job 72: 253/400
Job 72: 254/400
Job 72: 255/400
Job 72: 256/400
Job 72: 257/400
Job 72: 258/400
Job 72: 259/400
Job 72: 260/400
Job 72: 261/400
Job 72: 262/400
Job 72: 263/400
Job 72: 264/400
Job 72: 265/400
Job 72: 266/400
Job 72: 267/400
Job 72: 268/400
Job 72: 269/400
Job 72: 270/400
Job 72: 271/400
Job 72: 272/400
Job 72: 273/400
Job 72: 274/400
Job 72: 275/400
Job 72: 276/400
Job 72: 277/400
Job 72: 278/400
Job 72: 279/400
Job 72: 280/400
Job 72: 281/400
Job 72: 282/400
Job 72: 283/400
Job 72: 284/400
Job 72: 285/400
Job 72: 286/400
Job 72: 287/400
Job 72: 288/400
Job 72: 289/400
Job 72: 290/400
Job 72: 291/400
Job 72: 292/400
Job 72: 293/400
Job 72: 294/400
Job 72: 295/400
Job 72: 296/400
Job 72: 297/400
Job 72: 298/400
Job 72: 299/400
Job 72: 300/400
Job 72: 301/400
Job 72: 302/400
Job 72: 303/400
Job 72: 304/400
Job 72: 305/400
Job 72: 306/400
Job 72: 307/400
Job 72: 308/400
Job 72: 309/400
Job 72: 310/400
Job 72: 311/400
Job 72: 312/400
Job 72: 313/400
Job 72: 314/400
Job 72: 315/400
Job 72: 316/400
Job 72: 317/400
Job 72: 318/400
Job 72: 319/400
Job 72: 320/400
Job 72: 321/400
Job 72: 322/400
Job 72: 323/400
Job 72: 324/400
Job 72: 325/400
Job 72: 326/400
Job 72: 327/400
Job 72: 328/400
Job 72: 329/400
Job 72: 330/400
Job 72: 331/400
Job 72: 332/400
Job 72: 333/400
Job 72: 334/400
Job 72: 335/400
Job 72: 336/400
Job 72: 337/400
Job 72: 338/400
Job 72: 339/400
Job 72: 340/400
Job 72: 341/400
Job 72: 342/400
Job 72: 343/400
Job 72: 344/400
Job 72: 345/400
Job 72: 346/400
Job 72: 347/400
Job 72: 348/400
Job 72: 349/400
Job 72: 350/400
Job 72: 351/400
Job 72: 352/400
Job 72: 353/400
Job 72: 354/400
Job 72: 355/400
Job 72: 356/400
Job 72: 357/400
Job 72: 358/400
Job 72: 359/400
Job 72: 360/400
Job 72: 361/400
Job 72: 362/400
Job 72: 363/400
Job 72: 364/400
Job 72: 365/400
Job 72: 366/400
Job 72: 367/400
Job 72: 368/400
Job 72: 369/400
Job 72: 370/400
Job 72: 371/400
Job 72: 372/400
Job 72: 373/400
Job 72: 374/400
Job 72: 375/400
Job 72: 376/400
Job 72: 377/400
Job 72: 378/400
Job 72: 379/400
Job 72: 380/400
Job 72: 381/400
Job 72: 382/400
Job 72: 383/400
Job 72: 384/400
Job 72: 385/400
Job 72: 386/400
Job 72: 387/400
Job 72: 388/400
Job 72: 389/400
Job 72: 390/400
Job 72: 391/400
Job 72: 392/400
Job 72: 393/400
Job 72: 394/400
Job 72: 395/400
Job 72: 396/400
Job 72: 397/400
Job 72: 398/400
Job 72: 399/400
Job 72: 400/400
