Registered S3 methods overwritten by 'susieSlide':
  method              from  
  coef.susie          susieR
  predict.susie       susieR
  print.summary.susie susieR
  summary.susie       susieR
Job 52: 1/400
Job 52: 2/400
Job 52: 3/400
Job 52: 4/400
Job 52: 5/400
Job 52: 6/400
Job 52: 7/400
Job 52: 8/400
Job 52: 9/400
Job 52: 10/400
Job 52: 11/400
Job 52: 12/400
Job 52: 13/400
Job 52: 14/400
Job 52: 15/400
Job 52: 16/400
Job 52: 17/400
Job 52: 18/400
Job 52: 19/400
Job 52: 20/400
Job 52: 21/400
Job 52: 22/400
Job 52: 23/400
Job 52: 24/400
Job 52: 25/400
Job 52: 26/400
Job 52: 27/400
Job 52: 28/400
Job 52: 29/400
Job 52: 30/400
Job 52: 31/400
Job 52: 32/400
Job 52: 33/400
Job 52: 34/400
Job 52: 35/400
Job 52: 36/400
Job 52: 37/400
Job 52: 38/400
Job 52: 39/400
Job 52: 40/400
Job 52: 41/400
Job 52: 42/400
Job 52: 43/400
Job 52: 44/400
Job 52: 45/400
Job 52: 46/400
Job 52: 47/400
Job 52: 48/400
Job 52: 49/400
Job 52: 50/400
Job 52: 51/400
Job 52: 52/400
Job 52: 53/400
Job 52: 54/400
Job 52: 55/400
Job 52: 56/400
Job 52: 57/400
Job 52: 58/400
Job 52: 59/400
Job 52: 60/400
Job 52: 61/400
Job 52: 62/400
Job 52: 63/400
Job 52: 64/400
Job 52: 65/400
Job 52: 66/400
Job 52: 67/400
Job 52: 68/400
Job 52: 69/400
Job 52: 70/400
Job 52: 71/400
Job 52: 72/400
Job 52: 73/400
Job 52: 74/400
Job 52: 75/400
Job 52: 76/400
Job 52: 77/400
Job 52: 78/400
Job 52: 79/400
Job 52: 80/400
Job 52: 81/400
Job 52: 82/400
Job 52: 83/400
Job 52: 84/400
Job 52: 85/400
Job 52: 86/400
Job 52: 87/400
Job 52: 88/400
Job 52: 89/400
Job 52: 90/400
Job 52: 91/400
Job 52: 92/400
Job 52: 93/400
Job 52: 94/400
Job 52: 95/400
Job 52: 96/400
Job 52: 97/400
Job 52: 98/400
Job 52: 99/400
Job 52: 100/400
Job 52: 101/400
Job 52: 102/400
Job 52: 103/400
Job 52: 104/400
Job 52: 105/400
Job 52: 106/400
Job 52: 107/400
Job 52: 108/400
Job 52: 109/400
Job 52: 110/400
Job 52: 111/400
Job 52: 112/400
Job 52: 113/400
Job 52: 114/400
Job 52: 115/400
Job 52: 116/400
Job 52: 117/400
Job 52: 118/400
Job 52: 119/400
Job 52: 120/400
Job 52: 121/400
Job 52: 122/400
Job 52: 123/400
Job 52: 124/400
Job 52: 125/400
Job 52: 126/400
Job 52: 127/400
Job 52: 128/400
Job 52: 129/400
Job 52: 130/400
Job 52: 131/400
Job 52: 132/400
Job 52: 133/400
Job 52: 134/400
Job 52: 135/400
Job 52: 136/400
Job 52: 137/400
Job 52: 138/400
Job 52: 139/400
Job 52: 140/400
Job 52: 141/400
Job 52: 142/400
Job 52: 143/400
Job 52: 144/400
Job 52: 145/400
Job 52: 146/400
Job 52: 147/400
Job 52: 148/400
Job 52: 149/400
Job 52: 150/400
Job 52: 151/400
Job 52: 152/400
Job 52: 153/400
Job 52: 154/400
Job 52: 155/400
Job 52: 156/400
Job 52: 157/400
Job 52: 158/400
Job 52: 159/400
Job 52: 160/400
Job 52: 161/400
Job 52: 162/400
Job 52: 163/400
Job 52: 164/400
Job 52: 165/400
Job 52: 166/400
Job 52: 167/400
Job 52: 168/400
Job 52: 169/400
Job 52: 170/400
Job 52: 171/400
Job 52: 172/400
Job 52: 173/400
Job 52: 174/400
Job 52: 175/400
Job 52: 176/400
Job 52: 177/400
Job 52: 178/400
Job 52: 179/400
Job 52: 180/400
Job 52: 181/400
Job 52: 182/400
Job 52: 183/400
Job 52: 184/400
Job 52: 185/400
Job 52: 186/400
Job 52: 187/400
Job 52: 188/400
Job 52: 189/400
Job 52: 190/400
Job 52: 191/400
Job 52: 192/400
Job 52: 193/400
Job 52: 194/400
Job 52: 195/400
Job 52: 196/400
Job 52: 197/400
Job 52: 198/400
Job 52: 199/400
Job 52: 200/400
Job 52: 201/400
Job 52: 202/400
Job 52: 203/400
Job 52: 204/400
Job 52: 205/400
Job 52: 206/400
Job 52: 207/400
Job 52: 208/400
Job 52: 209/400
Job 52: 210/400
Job 52: 211/400
Job 52: 212/400
Job 52: 213/400
Job 52: 214/400
Job 52: 215/400
Job 52: 216/400
Job 52: 217/400
Job 52: 218/400
Job 52: 219/400
Job 52: 220/400
Job 52: 221/400
Job 52: 222/400
Job 52: 223/400
Job 52: 224/400
Job 52: 225/400
Job 52: 226/400
Job 52: 227/400
Job 52: 228/400
Job 52: 229/400
Job 52: 230/400
Job 52: 231/400
Job 52: 232/400
Job 52: 233/400
Job 52: 234/400
Job 52: 235/400
Job 52: 236/400
Job 52: 237/400
Job 52: 238/400
Job 52: 239/400
Job 52: 240/400
Job 52: 241/400
Job 52: 242/400
Job 52: 243/400
Job 52: 244/400
Job 52: 245/400
Job 52: 246/400
Job 52: 247/400
Job 52: 248/400
Job 52: 249/400
Job 52: 250/400
Job 52: 251/400
Job 52: 252/400
Job 52: 253/400
Job 52: 254/400
Job 52: 255/400
Job 52: 256/400
Job 52: 257/400
Job 52: 258/400
Job 52: 259/400
Job 52: 260/400
Job 52: 261/400
Job 52: 262/400
Job 52: 263/400
Job 52: 264/400
Job 52: 265/400
Job 52: 266/400
Job 52: 267/400
Job 52: 268/400
Job 52: 269/400
Job 52: 270/400
Job 52: 271/400
Job 52: 272/400
Job 52: 273/400
Job 52: 274/400
Job 52: 275/400
Job 52: 276/400
Job 52: 277/400
Job 52: 278/400
Job 52: 279/400
Job 52: 280/400
Job 52: 281/400
Job 52: 282/400
Job 52: 283/400
Job 52: 284/400
Job 52: 285/400
Job 52: 286/400
Job 52: 287/400
Job 52: 288/400
Job 52: 289/400
Job 52: 290/400
Job 52: 291/400
Job 52: 292/400
Job 52: 293/400
Job 52: 294/400
Job 52: 295/400
Job 52: 296/400
Job 52: 297/400
Job 52: 298/400
Job 52: 299/400
Job 52: 300/400
Job 52: 301/400
Job 52: 302/400
Job 52: 303/400
Job 52: 304/400
Job 52: 305/400
Job 52: 306/400
Job 52: 307/400
Job 52: 308/400
Job 52: 309/400
Job 52: 310/400
Job 52: 311/400
Job 52: 312/400
Job 52: 313/400
Job 52: 314/400
Job 52: 315/400
Job 52: 316/400
Job 52: 317/400
Job 52: 318/400
Job 52: 319/400
Job 52: 320/400
Job 52: 321/400
Job 52: 322/400
Job 52: 323/400
Job 52: 324/400
Job 52: 325/400
Job 52: 326/400
Job 52: 327/400
Job 52: 328/400
Job 52: 329/400
Job 52: 330/400
Job 52: 331/400
Job 52: 332/400
Job 52: 333/400
Job 52: 334/400
Job 52: 335/400
Job 52: 336/400
Job 52: 337/400
Job 52: 338/400
Job 52: 339/400
Job 52: 340/400
Job 52: 341/400
Job 52: 342/400
Job 52: 343/400
Job 52: 344/400
Job 52: 345/400
Job 52: 346/400
Job 52: 347/400
Job 52: 348/400
Job 52: 349/400
Job 52: 350/400
Job 52: 351/400
Job 52: 352/400
Job 52: 353/400
Job 52: 354/400
Job 52: 355/400
Job 52: 356/400
Job 52: 357/400
Job 52: 358/400
Job 52: 359/400
Job 52: 360/400
Job 52: 361/400
Job 52: 362/400
Job 52: 363/400
Job 52: 364/400
Job 52: 365/400
Job 52: 366/400
Job 52: 367/400
Job 52: 368/400
Job 52: 369/400
Job 52: 370/400
Job 52: 371/400
Job 52: 372/400
Job 52: 373/400
Job 52: 374/400
Job 52: 375/400
Job 52: 376/400
Job 52: 377/400
Job 52: 378/400
Job 52: 379/400
Job 52: 380/400
Job 52: 381/400
Job 52: 382/400
Job 52: 383/400
Job 52: 384/400
Job 52: 385/400
Job 52: 386/400
Job 52: 387/400
Job 52: 388/400
Job 52: 389/400
Job 52: 390/400
Job 52: 391/400
Job 52: 392/400
Job 52: 393/400
Job 52: 394/400
Job 52: 395/400
Job 52: 396/400
Job 52: 397/400
Job 52: 398/400
Job 52: 399/400
Job 52: 400/400
