Registered S3 methods overwritten by 'susieSlide':
  method              from  
  coef.susie          susieR
  predict.susie       susieR
  print.summary.susie susieR
  summary.susie       susieR
Job 287: 1/400
Job 287: 2/400
Job 287: 3/400
Job 287: 4/400
Job 287: 5/400
Job 287: 6/400
Job 287: 7/400
Job 287: 8/400
Job 287: 9/400
Job 287: 10/400
Job 287: 11/400
Job 287: 12/400
Job 287: 13/400
Job 287: 14/400
Job 287: 15/400
Job 287: 16/400
Job 287: 17/400
Job 287: 18/400
Job 287: 19/400
Job 287: 20/400
Job 287: 21/400
Job 287: 22/400
Job 287: 23/400
Job 287: 24/400
Job 287: 25/400
Job 287: 26/400
Job 287: 27/400
Job 287: 28/400
Job 287: 29/400
Job 287: 30/400
Job 287: 31/400
Job 287: 32/400
Job 287: 33/400
Job 287: 34/400
Job 287: 35/400
Job 287: 36/400
Job 287: 37/400
Job 287: 38/400
Job 287: 39/400
Job 287: 40/400
Job 287: 41/400
Job 287: 42/400
Job 287: 43/400
Job 287: 44/400
Job 287: 45/400
Job 287: 46/400
Job 287: 47/400
Job 287: 48/400
Job 287: 49/400
Job 287: 50/400
Job 287: 51/400
Job 287: 52/400
Job 287: 53/400
Job 287: 54/400
Job 287: 55/400
Job 287: 56/400
Job 287: 57/400
Job 287: 58/400
Job 287: 59/400
Job 287: 60/400
Job 287: 61/400
Job 287: 62/400
Job 287: 63/400
Job 287: 64/400
Job 287: 65/400
Job 287: 66/400
Job 287: 67/400
Job 287: 68/400
Job 287: 69/400
Job 287: 70/400
Job 287: 71/400
Job 287: 72/400
Job 287: 73/400
Job 287: 74/400
Job 287: 75/400
Job 287: 76/400
Job 287: 77/400
Job 287: 78/400
Job 287: 79/400
Job 287: 80/400
Job 287: 81/400
Job 287: 82/400
Job 287: 83/400
Job 287: 84/400
Job 287: 85/400
Job 287: 86/400
Job 287: 87/400
Job 287: 88/400
Job 287: 89/400
Job 287: 90/400
Job 287: 91/400
Job 287: 92/400
Job 287: 93/400
Job 287: 94/400
Job 287: 95/400
Job 287: 96/400
Job 287: 97/400
Job 287: 98/400
Job 287: 99/400
Job 287: 100/400
Job 287: 101/400
Job 287: 102/400
Job 287: 103/400
Job 287: 104/400
Job 287: 105/400
Job 287: 106/400
Job 287: 107/400
Job 287: 108/400
Job 287: 109/400
Job 287: 110/400
Job 287: 111/400
Job 287: 112/400
Job 287: 113/400
Job 287: 114/400
Job 287: 115/400
Job 287: 116/400
Job 287: 117/400
Job 287: 118/400
Job 287: 119/400
Job 287: 120/400
Job 287: 121/400
Job 287: 122/400
Job 287: 123/400
Job 287: 124/400
Job 287: 125/400
Job 287: 126/400
Job 287: 127/400
Job 287: 128/400
Job 287: 129/400
Job 287: 130/400
Job 287: 131/400
Job 287: 132/400
Job 287: 133/400
Job 287: 134/400
Job 287: 135/400
Job 287: 136/400
Job 287: 137/400
Job 287: 138/400
Job 287: 139/400
Job 287: 140/400
Job 287: 141/400
Job 287: 142/400
Job 287: 143/400
Job 287: 144/400
Job 287: 145/400
Job 287: 146/400
Job 287: 147/400
Job 287: 148/400
Job 287: 149/400
Job 287: 150/400
Job 287: 151/400
Job 287: 152/400
Job 287: 153/400
Job 287: 154/400
Job 287: 155/400
Job 287: 156/400
Job 287: 157/400
Job 287: 158/400
Job 287: 159/400
Job 287: 160/400
Job 287: 161/400
Job 287: 162/400
Job 287: 163/400
Job 287: 164/400
Job 287: 165/400
Job 287: 166/400
Job 287: 167/400
Job 287: 168/400
Job 287: 169/400
Job 287: 170/400
Job 287: 171/400
Job 287: 172/400
Job 287: 173/400
Job 287: 174/400
Job 287: 175/400
Job 287: 176/400
Job 287: 177/400
Job 287: 178/400
Job 287: 179/400
Job 287: 180/400
Job 287: 181/400
Job 287: 182/400
Job 287: 183/400
Job 287: 184/400
Job 287: 185/400
Job 287: 186/400
Job 287: 187/400
Job 287: 188/400
Job 287: 189/400
Job 287: 190/400
Job 287: 191/400
Job 287: 192/400
Job 287: 193/400
Job 287: 194/400
Job 287: 195/400
Job 287: 196/400
Job 287: 197/400
Job 287: 198/400
Job 287: 199/400
Job 287: 200/400
Job 287: 201/400
Job 287: 202/400
Job 287: 203/400
Job 287: 204/400
Job 287: 205/400
Job 287: 206/400
Job 287: 207/400
Job 287: 208/400
Job 287: 209/400
Job 287: 210/400
Job 287: 211/400
Job 287: 212/400
Job 287: 213/400
Job 287: 214/400
Job 287: 215/400
Job 287: 216/400
Job 287: 217/400
Job 287: 218/400
Job 287: 219/400
Job 287: 220/400
Job 287: 221/400
Job 287: 222/400
Job 287: 223/400
Job 287: 224/400
Job 287: 225/400
Job 287: 226/400
Job 287: 227/400
Job 287: 228/400
Job 287: 229/400
Job 287: 230/400
Job 287: 231/400
Job 287: 232/400
Job 287: 233/400
Job 287: 234/400
Job 287: 235/400
Job 287: 236/400
Job 287: 237/400
Job 287: 238/400
Job 287: 239/400
Job 287: 240/400
Job 287: 241/400
Job 287: 242/400
Job 287: 243/400
Job 287: 244/400
Job 287: 245/400
Job 287: 246/400
Job 287: 247/400
Job 287: 248/400
Job 287: 249/400
Job 287: 250/400
Job 287: 251/400
Job 287: 252/400
Job 287: 253/400
Job 287: 254/400
Job 287: 255/400
Job 287: 256/400
Job 287: 257/400
Job 287: 258/400
Job 287: 259/400
Job 287: 260/400
Job 287: 261/400
Job 287: 262/400
Job 287: 263/400
Job 287: 264/400
Job 287: 265/400
Job 287: 266/400
Job 287: 267/400
Job 287: 268/400
Job 287: 269/400
Job 287: 270/400
Job 287: 271/400
Job 287: 272/400
Job 287: 273/400
Job 287: 274/400
Job 287: 275/400
Job 287: 276/400
Job 287: 277/400
Job 287: 278/400
Job 287: 279/400
Job 287: 280/400
Job 287: 281/400
Job 287: 282/400
Job 287: 283/400
Job 287: 284/400
Job 287: 285/400
Job 287: 286/400
Job 287: 287/400
Job 287: 288/400
Job 287: 289/400
Job 287: 290/400
Job 287: 291/400
Job 287: 292/400
Job 287: 293/400
Job 287: 294/400
Job 287: 295/400
Job 287: 296/400
Job 287: 297/400
Job 287: 298/400
Job 287: 299/400
Job 287: 300/400
Job 287: 301/400
Job 287: 302/400
Job 287: 303/400
Job 287: 304/400
Job 287: 305/400
Job 287: 306/400
Job 287: 307/400
Job 287: 308/400
Job 287: 309/400
Job 287: 310/400
Job 287: 311/400
Job 287: 312/400
Job 287: 313/400
Job 287: 314/400
Job 287: 315/400
Job 287: 316/400
Job 287: 317/400
Job 287: 318/400
Job 287: 319/400
Job 287: 320/400
Job 287: 321/400
Job 287: 322/400
Job 287: 323/400
Job 287: 324/400
Job 287: 325/400
Job 287: 326/400
Job 287: 327/400
Job 287: 328/400
Job 287: 329/400
Job 287: 330/400
Job 287: 331/400
Job 287: 332/400
Job 287: 333/400
Job 287: 334/400
Job 287: 335/400
Job 287: 336/400
Job 287: 337/400
Job 287: 338/400
Job 287: 339/400
Job 287: 340/400
Job 287: 341/400
Job 287: 342/400
Job 287: 343/400
Job 287: 344/400
Job 287: 345/400
Job 287: 346/400
Job 287: 347/400
Job 287: 348/400
Job 287: 349/400
Job 287: 350/400
Job 287: 351/400
Job 287: 352/400
Job 287: 353/400
Job 287: 354/400
Job 287: 355/400
Job 287: 356/400
Job 287: 357/400
Job 287: 358/400
Job 287: 359/400
Job 287: 360/400
Job 287: 361/400
Job 287: 362/400
Job 287: 363/400
Job 287: 364/400
Job 287: 365/400
Job 287: 366/400
Job 287: 367/400
Job 287: 368/400
Job 287: 369/400
Job 287: 370/400
Job 287: 371/400
Job 287: 372/400
Job 287: 373/400
Job 287: 374/400
Job 287: 375/400
Job 287: 376/400
Job 287: 377/400
Job 287: 378/400
Job 287: 379/400
Job 287: 380/400
Job 287: 381/400
Job 287: 382/400
Job 287: 383/400
Job 287: 384/400
Job 287: 385/400
Job 287: 386/400
Job 287: 387/400
Job 287: 388/400
Job 287: 389/400
Job 287: 390/400
Job 287: 391/400
Job 287: 392/400
Job 287: 393/400
Job 287: 394/400
Job 287: 395/400
Job 287: 396/400
Job 287: 397/400
Job 287: 398/400
Job 287: 399/400
Job 287: 400/400
