Registered S3 methods overwritten by 'susieSlide':
  method              from  
  coef.susie          susieR
  predict.susie       susieR
  print.summary.susie susieR
  summary.susie       susieR
Job 572: 1/400
Job 572: 2/400
Job 572: 3/400
Job 572: 4/400
Job 572: 5/400
Job 572: 6/400
Job 572: 7/400
Job 572: 8/400
Job 572: 9/400
Job 572: 10/400
Job 572: 11/400
Job 572: 12/400
Job 572: 13/400
Job 572: 14/400
Job 572: 15/400
Job 572: 16/400
Job 572: 17/400
Job 572: 18/400
Job 572: 19/400
Job 572: 20/400
Job 572: 21/400
Job 572: 22/400
Job 572: 23/400
Job 572: 24/400
Job 572: 25/400
Job 572: 26/400
Job 572: 27/400
Job 572: 28/400
Job 572: 29/400
Job 572: 30/400
Job 572: 31/400
Job 572: 32/400
Job 572: 33/400
Job 572: 34/400
Job 572: 35/400
Job 572: 36/400
Job 572: 37/400
Job 572: 38/400
Job 572: 39/400
Job 572: 40/400
Job 572: 41/400
Job 572: 42/400
Job 572: 43/400
Job 572: 44/400
Job 572: 45/400
Job 572: 46/400
Job 572: 47/400
Job 572: 48/400
Job 572: 49/400
Job 572: 50/400
Job 572: 51/400
Job 572: 52/400
Job 572: 53/400
Job 572: 54/400
Job 572: 55/400
Job 572: 56/400
Job 572: 57/400
Job 572: 58/400
Job 572: 59/400
Job 572: 60/400
Job 572: 61/400
Job 572: 62/400
Job 572: 63/400
Job 572: 64/400
Job 572: 65/400
Job 572: 66/400
Job 572: 67/400
Job 572: 68/400
Job 572: 69/400
Job 572: 70/400
Job 572: 71/400
Job 572: 72/400
Job 572: 73/400
Job 572: 74/400
Job 572: 75/400
Job 572: 76/400
Job 572: 77/400
Job 572: 78/400
Job 572: 79/400
Job 572: 80/400
Job 572: 81/400
Job 572: 82/400
Job 572: 83/400
Job 572: 84/400
Job 572: 85/400
Job 572: 86/400
Job 572: 87/400
Job 572: 88/400
Job 572: 89/400
Job 572: 90/400
Job 572: 91/400
Job 572: 92/400
Job 572: 93/400
Job 572: 94/400
Job 572: 95/400
Job 572: 96/400
Job 572: 97/400
Job 572: 98/400
Job 572: 99/400
Job 572: 100/400
Job 572: 101/400
Job 572: 102/400
Job 572: 103/400
Job 572: 104/400
Job 572: 105/400
Job 572: 106/400
Job 572: 107/400
Job 572: 108/400
Job 572: 109/400
Job 572: 110/400
Job 572: 111/400
Job 572: 112/400
Job 572: 113/400
Job 572: 114/400
Job 572: 115/400
Job 572: 116/400
Job 572: 117/400
Job 572: 118/400
Job 572: 119/400
Job 572: 120/400
Job 572: 121/400
Job 572: 122/400
Job 572: 123/400
Job 572: 124/400
Job 572: 125/400
Job 572: 126/400
Job 572: 127/400
Job 572: 128/400
Job 572: 129/400
Job 572: 130/400
Job 572: 131/400
Job 572: 132/400
Job 572: 133/400
Job 572: 134/400
Job 572: 135/400
Job 572: 136/400
Job 572: 137/400
Job 572: 138/400
Job 572: 139/400
Job 572: 140/400
Job 572: 141/400
Job 572: 142/400
Job 572: 143/400
Job 572: 144/400
Job 572: 145/400
Job 572: 146/400
Job 572: 147/400
Job 572: 148/400
Job 572: 149/400
Job 572: 150/400
Job 572: 151/400
Job 572: 152/400
Job 572: 153/400
Job 572: 154/400
Job 572: 155/400
Job 572: 156/400
Job 572: 157/400
Job 572: 158/400
Job 572: 159/400
Job 572: 160/400
Job 572: 161/400
Job 572: 162/400
Job 572: 163/400
Job 572: 164/400
Job 572: 165/400
Job 572: 166/400
Job 572: 167/400
Job 572: 168/400
Job 572: 169/400
Job 572: 170/400
Job 572: 171/400
Job 572: 172/400
Job 572: 173/400
Job 572: 174/400
Job 572: 175/400
Job 572: 176/400
Job 572: 177/400
Job 572: 178/400
Job 572: 179/400
Job 572: 180/400
Job 572: 181/400
Job 572: 182/400
Job 572: 183/400
Job 572: 184/400
Job 572: 185/400
Job 572: 186/400
Job 572: 187/400
Job 572: 188/400
Job 572: 189/400
Job 572: 190/400
Job 572: 191/400
Job 572: 192/400
Job 572: 193/400
Job 572: 194/400
Job 572: 195/400
Job 572: 196/400
Job 572: 197/400
Job 572: 198/400
Job 572: 199/400
Job 572: 200/400
Job 572: 201/400
Job 572: 202/400
Job 572: 203/400
Job 572: 204/400
Job 572: 205/400
Job 572: 206/400
Job 572: 207/400
Job 572: 208/400
Job 572: 209/400
Job 572: 210/400
Job 572: 211/400
Job 572: 212/400
Job 572: 213/400
Job 572: 214/400
Job 572: 215/400
Job 572: 216/400
Job 572: 217/400
Job 572: 218/400
Job 572: 219/400
Job 572: 220/400
Job 572: 221/400
Job 572: 222/400
Job 572: 223/400
Job 572: 224/400
Job 572: 225/400
Job 572: 226/400
Job 572: 227/400
Job 572: 228/400
Job 572: 229/400
Job 572: 230/400
Job 572: 231/400
Job 572: 232/400
Job 572: 233/400
Job 572: 234/400
Job 572: 235/400
Job 572: 236/400
Job 572: 237/400
Job 572: 238/400
Job 572: 239/400
Job 572: 240/400
Job 572: 241/400
Job 572: 242/400
Job 572: 243/400
Job 572: 244/400
Job 572: 245/400
Job 572: 246/400
Job 572: 247/400
Job 572: 248/400
Job 572: 249/400
Job 572: 250/400
Job 572: 251/400
Job 572: 252/400
Job 572: 253/400
Job 572: 254/400
Job 572: 255/400
Job 572: 256/400
Job 572: 257/400
Job 572: 258/400
Job 572: 259/400
Job 572: 260/400
Job 572: 261/400
Job 572: 262/400
Job 572: 263/400
Job 572: 264/400
Job 572: 265/400
Job 572: 266/400
Job 572: 267/400
Job 572: 268/400
Job 572: 269/400
Job 572: 270/400
Job 572: 271/400
Job 572: 272/400
Job 572: 273/400
Job 572: 274/400
Job 572: 275/400
Job 572: 276/400
Job 572: 277/400
Job 572: 278/400
Job 572: 279/400
Job 572: 280/400
Job 572: 281/400
Job 572: 282/400
Job 572: 283/400
Job 572: 284/400
Job 572: 285/400
Job 572: 286/400
Job 572: 287/400
Job 572: 288/400
Job 572: 289/400
Job 572: 290/400
Job 572: 291/400
Job 572: 292/400
Job 572: 293/400
Job 572: 294/400
Job 572: 295/400
Job 572: 296/400
Job 572: 297/400
Job 572: 298/400
Job 572: 299/400
Job 572: 300/400
Job 572: 301/400
Job 572: 302/400
Job 572: 303/400
Job 572: 304/400
Job 572: 305/400
Job 572: 306/400
Job 572: 307/400
Job 572: 308/400
Job 572: 309/400
Job 572: 310/400
Job 572: 311/400
Job 572: 312/400
Job 572: 313/400
Job 572: 314/400
Job 572: 315/400
Job 572: 316/400
Job 572: 317/400
Job 572: 318/400
Job 572: 319/400
Job 572: 320/400
Job 572: 321/400
Job 572: 322/400
Job 572: 323/400
Job 572: 324/400
Job 572: 325/400
Job 572: 326/400
Job 572: 327/400
Job 572: 328/400
Job 572: 329/400
Job 572: 330/400
Job 572: 331/400
Job 572: 332/400
Job 572: 333/400
Job 572: 334/400
Job 572: 335/400
Job 572: 336/400
Job 572: 337/400
Job 572: 338/400
Job 572: 339/400
Job 572: 340/400
Job 572: 341/400
Job 572: 342/400
Job 572: 343/400
Job 572: 344/400
Job 572: 345/400
Job 572: 346/400
Job 572: 347/400
Job 572: 348/400
Job 572: 349/400
Job 572: 350/400
Job 572: 351/400
Job 572: 352/400
Job 572: 353/400
Job 572: 354/400
Job 572: 355/400
Job 572: 356/400
Job 572: 357/400
Job 572: 358/400
Job 572: 359/400
Job 572: 360/400
Job 572: 361/400
Job 572: 362/400
Job 572: 363/400
Job 572: 364/400
Job 572: 365/400
Job 572: 366/400
Job 572: 367/400
Job 572: 368/400
Job 572: 369/400
Job 572: 370/400
Job 572: 371/400
Job 572: 372/400
Job 572: 373/400
Job 572: 374/400
Job 572: 375/400
Job 572: 376/400
Job 572: 377/400 ERROR: No .raw files found in temp_dir.
Job 572: 378/400 ERROR: No .raw files found in temp_dir.
Job 572: 379/400 ERROR: No .raw files found in temp_dir.
Job 572: 380/400 ERROR: No .raw files found in temp_dir.
Job 572: 381/400
Job 572: 382/400
Job 572: 383/400
Job 572: 384/400
Job 572: 385/400
Job 572: 386/400
Job 572: 387/400
Job 572: 388/400
Job 572: 389/400 ERROR: No .raw files found in temp_dir.
Job 572: 390/400 ERROR: No .raw files found in temp_dir.
Job 572: 391/400 ERROR: No .raw files found in temp_dir.
Job 572: 392/400
Job 572: 393/400
Job 572: 394/400
Job 572: 395/400
Job 572: 396/400
Job 572: 397/400
Job 572: 398/400
Job 572: 399/400 ERROR: No .raw files found in temp_dir.
Job 572: 400/400 ERROR: No .raw files found in temp_dir.
