Registered S3 methods overwritten by 'susieSlide':
  method              from  
  coef.susie          susieR
  predict.susie       susieR
  print.summary.susie susieR
  summary.susie       susieR
Job 147: 1/400
Job 147: 2/400
Job 147: 3/400
Job 147: 4/400
Job 147: 5/400
Job 147: 6/400
Job 147: 7/400
Job 147: 8/400
Job 147: 9/400
Job 147: 10/400
Job 147: 11/400
Job 147: 12/400
Job 147: 13/400
Job 147: 14/400
Job 147: 15/400
Job 147: 16/400
Job 147: 17/400
Job 147: 18/400
Job 147: 19/400
Job 147: 20/400
Job 147: 21/400
Job 147: 22/400
Job 147: 23/400
Job 147: 24/400
Job 147: 25/400
Job 147: 26/400
Job 147: 27/400
Job 147: 28/400
Job 147: 29/400
Job 147: 30/400
Job 147: 31/400
Job 147: 32/400
Job 147: 33/400
Job 147: 34/400
Job 147: 35/400
Job 147: 36/400
Job 147: 37/400
Job 147: 38/400
Job 147: 39/400
Job 147: 40/400
Job 147: 41/400
Job 147: 42/400
Job 147: 43/400
Job 147: 44/400
Job 147: 45/400
Job 147: 46/400
Job 147: 47/400
Job 147: 48/400
Job 147: 49/400
Job 147: 50/400
Job 147: 51/400
Job 147: 52/400
Job 147: 53/400
Job 147: 54/400
Job 147: 55/400
Job 147: 56/400
Job 147: 57/400
Job 147: 58/400
Job 147: 59/400
Job 147: 60/400
Job 147: 61/400
Job 147: 62/400
Job 147: 63/400
Job 147: 64/400
Job 147: 65/400
Job 147: 66/400
Job 147: 67/400
Job 147: 68/400
Job 147: 69/400
Job 147: 70/400
Job 147: 71/400
Job 147: 72/400
Job 147: 73/400
Job 147: 74/400
Job 147: 75/400
Job 147: 76/400
Job 147: 77/400
Job 147: 78/400
Job 147: 79/400
Job 147: 80/400
Job 147: 81/400
Job 147: 82/400
Job 147: 83/400
Job 147: 84/400
Job 147: 85/400
Job 147: 86/400
Job 147: 87/400
Job 147: 88/400
Job 147: 89/400
Job 147: 90/400
Job 147: 91/400
Job 147: 92/400
Job 147: 93/400
Job 147: 94/400
Job 147: 95/400
Job 147: 96/400
Job 147: 97/400
Job 147: 98/400
Job 147: 99/400
Job 147: 100/400
Job 147: 101/400
Job 147: 102/400
Job 147: 103/400
Job 147: 104/400
Job 147: 105/400
Job 147: 106/400
Job 147: 107/400
Job 147: 108/400
Job 147: 109/400
Job 147: 110/400
Job 147: 111/400
Job 147: 112/400
Job 147: 113/400
Job 147: 114/400
Job 147: 115/400
Job 147: 116/400
Job 147: 117/400
Job 147: 118/400
Job 147: 119/400
Job 147: 120/400
Job 147: 121/400
Job 147: 122/400
Job 147: 123/400
Job 147: 124/400
Job 147: 125/400
Job 147: 126/400
Job 147: 127/400
Job 147: 128/400
Job 147: 129/400
Job 147: 130/400
Job 147: 131/400
Job 147: 132/400
Job 147: 133/400
Job 147: 134/400
Job 147: 135/400
Job 147: 136/400
Job 147: 137/400
Job 147: 138/400
Job 147: 139/400
Job 147: 140/400
Job 147: 141/400
Job 147: 142/400
Job 147: 143/400
Job 147: 144/400
Job 147: 145/400
Job 147: 146/400
Job 147: 147/400
Job 147: 148/400
Job 147: 149/400
Job 147: 150/400
Job 147: 151/400
Job 147: 152/400
Job 147: 153/400
Job 147: 154/400
Job 147: 155/400
Job 147: 156/400
Job 147: 157/400
Job 147: 158/400
Job 147: 159/400
Job 147: 160/400
Job 147: 161/400
Job 147: 162/400
Job 147: 163/400
Job 147: 164/400
Job 147: 165/400
Job 147: 166/400
Job 147: 167/400
Job 147: 168/400
Job 147: 169/400
Job 147: 170/400
Job 147: 171/400
Job 147: 172/400
Job 147: 173/400
Job 147: 174/400
Job 147: 175/400
Job 147: 176/400
Job 147: 177/400
Job 147: 178/400
Job 147: 179/400
Job 147: 180/400
Job 147: 181/400
Job 147: 182/400
Job 147: 183/400
Job 147: 184/400
Job 147: 185/400
Job 147: 186/400
Job 147: 187/400
Job 147: 188/400
Job 147: 189/400
Job 147: 190/400
Job 147: 191/400
Job 147: 192/400
Job 147: 193/400
Job 147: 194/400
Job 147: 195/400
Job 147: 196/400
Job 147: 197/400
Job 147: 198/400
Job 147: 199/400
Job 147: 200/400
Job 147: 201/400
Job 147: 202/400
Job 147: 203/400
Job 147: 204/400
Job 147: 205/400
Job 147: 206/400
Job 147: 207/400
Job 147: 208/400
Job 147: 209/400
Job 147: 210/400
Job 147: 211/400
Job 147: 212/400
Job 147: 213/400
Job 147: 214/400
Job 147: 215/400
Job 147: 216/400
Job 147: 217/400
Job 147: 218/400
Job 147: 219/400
Job 147: 220/400
Job 147: 221/400
Job 147: 222/400
Job 147: 223/400
Job 147: 224/400
Job 147: 225/400
Job 147: 226/400
Job 147: 227/400
Job 147: 228/400
Job 147: 229/400
Job 147: 230/400
Job 147: 231/400
Job 147: 232/400
Job 147: 233/400
Job 147: 234/400
Job 147: 235/400
Job 147: 236/400
Job 147: 237/400
Job 147: 238/400
Job 147: 239/400
Job 147: 240/400
Job 147: 241/400
Job 147: 242/400
Job 147: 243/400
Job 147: 244/400
Job 147: 245/400
Job 147: 246/400
Job 147: 247/400
Job 147: 248/400
Job 147: 249/400
Job 147: 250/400
Job 147: 251/400
Job 147: 252/400
Job 147: 253/400
Job 147: 254/400
Job 147: 255/400
Job 147: 256/400
Job 147: 257/400
Job 147: 258/400
Job 147: 259/400
Job 147: 260/400
Job 147: 261/400
Job 147: 262/400
Job 147: 263/400
Job 147: 264/400
Job 147: 265/400
Job 147: 266/400
Job 147: 267/400
Job 147: 268/400
Job 147: 269/400
Job 147: 270/400
Job 147: 271/400
Job 147: 272/400
Job 147: 273/400
Job 147: 274/400
Job 147: 275/400
Job 147: 276/400
Job 147: 277/400
Job 147: 278/400
Job 147: 279/400
Job 147: 280/400
Job 147: 281/400
Job 147: 282/400
Job 147: 283/400
Job 147: 284/400
Job 147: 285/400
Job 147: 286/400
Job 147: 287/400
Job 147: 288/400
Job 147: 289/400
Job 147: 290/400
Job 147: 291/400
Job 147: 292/400
Job 147: 293/400
Job 147: 294/400
Job 147: 295/400
Job 147: 296/400
Job 147: 297/400
Job 147: 298/400
Job 147: 299/400
Job 147: 300/400
Job 147: 301/400
Job 147: 302/400
Job 147: 303/400
Job 147: 304/400
Job 147: 305/400
Job 147: 306/400
Job 147: 307/400
Job 147: 308/400
Job 147: 309/400
Job 147: 310/400
Job 147: 311/400
Job 147: 312/400
Job 147: 313/400
Job 147: 314/400
Job 147: 315/400
Job 147: 316/400
Job 147: 317/400
Job 147: 318/400
Job 147: 319/400
Job 147: 320/400
Job 147: 321/400
Job 147: 322/400
Job 147: 323/400
Job 147: 324/400
Job 147: 325/400
Job 147: 326/400
Job 147: 327/400
Job 147: 328/400
Job 147: 329/400
Job 147: 330/400
Job 147: 331/400
Job 147: 332/400
Job 147: 333/400
Job 147: 334/400
Job 147: 335/400
Job 147: 336/400
Job 147: 337/400
Job 147: 338/400
Job 147: 339/400
Job 147: 340/400
Job 147: 341/400
Job 147: 342/400
Job 147: 343/400
Job 147: 344/400
Job 147: 345/400
Job 147: 346/400
Job 147: 347/400
Job 147: 348/400
Job 147: 349/400
Job 147: 350/400
Job 147: 351/400
Job 147: 352/400
Job 147: 353/400
Job 147: 354/400
Job 147: 355/400
Job 147: 356/400
Job 147: 357/400
Job 147: 358/400
Job 147: 359/400
Job 147: 360/400
Job 147: 361/400
Job 147: 362/400
Job 147: 363/400
Job 147: 364/400
Job 147: 365/400
Job 147: 366/400
Job 147: 367/400
Job 147: 368/400
Job 147: 369/400
Job 147: 370/400
Job 147: 371/400
Job 147: 372/400
Job 147: 373/400
Job 147: 374/400
Job 147: 375/400
Job 147: 376/400
Job 147: 377/400
Job 147: 378/400
Job 147: 379/400
Job 147: 380/400
Job 147: 381/400
Job 147: 382/400
Job 147: 383/400
Job 147: 384/400
Job 147: 385/400
Job 147: 386/400
Job 147: 387/400
Job 147: 388/400
Job 147: 389/400
Job 147: 390/400
Job 147: 391/400
Job 147: 392/400
Job 147: 393/400
Job 147: 394/400
Job 147: 395/400
Job 147: 396/400
Job 147: 397/400
Job 147: 398/400
Job 147: 399/400
Job 147: 400/400
