Registered S3 methods overwritten by 'susieSlide':
  method              from  
  coef.susie          susieR
  predict.susie       susieR
  print.summary.susie susieR
  summary.susie       susieR
Job 368: 1/400
Job 368: 2/400
Job 368: 3/400
Job 368: 4/400
Job 368: 5/400
Job 368: 6/400
Job 368: 7/400
Job 368: 8/400
Job 368: 9/400
Job 368: 10/400
Job 368: 11/400
Job 368: 12/400
Job 368: 13/400
Job 368: 14/400
Job 368: 15/400
Job 368: 16/400
Job 368: 17/400
Job 368: 18/400
Job 368: 19/400
Job 368: 20/400
Job 368: 21/400
Job 368: 22/400
Job 368: 23/400
Job 368: 24/400
Job 368: 25/400
Job 368: 26/400
Job 368: 27/400
Job 368: 28/400
Job 368: 29/400
Job 368: 30/400
Job 368: 31/400
Job 368: 32/400
Job 368: 33/400
Job 368: 34/400
Job 368: 35/400
Job 368: 36/400
Job 368: 37/400
Job 368: 38/400
Job 368: 39/400
Job 368: 40/400
Job 368: 41/400
Job 368: 42/400
Job 368: 43/400
Job 368: 44/400
Job 368: 45/400
Job 368: 46/400
Job 368: 47/400
Job 368: 48/400
Job 368: 49/400
Job 368: 50/400
Job 368: 51/400
Job 368: 52/400
Job 368: 53/400
Job 368: 54/400
Job 368: 55/400
Job 368: 56/400
Job 368: 57/400
Job 368: 58/400
Job 368: 59/400
Job 368: 60/400
Job 368: 61/400
Job 368: 62/400
Job 368: 63/400
Job 368: 64/400
Job 368: 65/400
Job 368: 66/400
Job 368: 67/400
Job 368: 68/400
Job 368: 69/400
Job 368: 70/400
Job 368: 71/400
Job 368: 72/400
Job 368: 73/400
Job 368: 74/400
Job 368: 75/400
Job 368: 76/400
Job 368: 77/400
Job 368: 78/400
Job 368: 79/400
Job 368: 80/400
Job 368: 81/400
Job 368: 82/400
Job 368: 83/400
Job 368: 84/400
Job 368: 85/400
Job 368: 86/400
Job 368: 87/400
Job 368: 88/400
Job 368: 89/400
Job 368: 90/400
Job 368: 91/400
Job 368: 92/400
Job 368: 93/400
Job 368: 94/400
Job 368: 95/400
Job 368: 96/400
Job 368: 97/400
Job 368: 98/400
Job 368: 99/400
Job 368: 100/400
Job 368: 101/400
Job 368: 102/400
Job 368: 103/400
Job 368: 104/400
Job 368: 105/400
Job 368: 106/400
Job 368: 107/400
Job 368: 108/400
Job 368: 109/400
Job 368: 110/400
Job 368: 111/400
Job 368: 112/400
Job 368: 113/400
Job 368: 114/400
Job 368: 115/400
Job 368: 116/400
Job 368: 117/400
Job 368: 118/400
Job 368: 119/400
Job 368: 120/400
Job 368: 121/400
Job 368: 122/400
Job 368: 123/400
Job 368: 124/400
Job 368: 125/400
Job 368: 126/400
Job 368: 127/400
Job 368: 128/400
Job 368: 129/400
Job 368: 130/400
Job 368: 131/400
Job 368: 132/400
Job 368: 133/400
Job 368: 134/400
Job 368: 135/400
Job 368: 136/400
Job 368: 137/400
Job 368: 138/400
Job 368: 139/400
Job 368: 140/400
Job 368: 141/400
Job 368: 142/400
Job 368: 143/400
Job 368: 144/400
Job 368: 145/400
Job 368: 146/400
Job 368: 147/400
Job 368: 148/400
Job 368: 149/400
Job 368: 150/400
Job 368: 151/400
Job 368: 152/400
Job 368: 153/400
Job 368: 154/400
Job 368: 155/400
Job 368: 156/400
Job 368: 157/400
Job 368: 158/400
Job 368: 159/400
Job 368: 160/400
Job 368: 161/400
Job 368: 162/400
Job 368: 163/400
Job 368: 164/400
Job 368: 165/400
Job 368: 166/400
Job 368: 167/400
Job 368: 168/400
Job 368: 169/400
Job 368: 170/400
Job 368: 171/400
Job 368: 172/400
Job 368: 173/400
Job 368: 174/400
Job 368: 175/400
Job 368: 176/400
Job 368: 177/400
Job 368: 178/400
Job 368: 179/400
Job 368: 180/400
Job 368: 181/400
Job 368: 182/400
Job 368: 183/400
Job 368: 184/400
Job 368: 185/400
Job 368: 186/400
Job 368: 187/400
Job 368: 188/400
Job 368: 189/400
Job 368: 190/400
Job 368: 191/400
Job 368: 192/400
Job 368: 193/400
Job 368: 194/400
Job 368: 195/400
Job 368: 196/400
Job 368: 197/400
Job 368: 198/400
Job 368: 199/400
Job 368: 200/400
Job 368: 201/400
Job 368: 202/400
Job 368: 203/400
Job 368: 204/400
Job 368: 205/400
Job 368: 206/400
Job 368: 207/400
Job 368: 208/400
Job 368: 209/400
Job 368: 210/400
Job 368: 211/400
Job 368: 212/400
Job 368: 213/400
Job 368: 214/400
Job 368: 215/400
Job 368: 216/400
Job 368: 217/400
Job 368: 218/400
Job 368: 219/400
Job 368: 220/400
Job 368: 221/400
Job 368: 222/400
Job 368: 223/400
Job 368: 224/400
Job 368: 225/400
Job 368: 226/400
Job 368: 227/400
Job 368: 228/400
Job 368: 229/400
Job 368: 230/400
Job 368: 231/400
Job 368: 232/400
Job 368: 233/400
Job 368: 234/400
Job 368: 235/400
Job 368: 236/400
Job 368: 237/400
Job 368: 238/400
Job 368: 239/400
Job 368: 240/400
Job 368: 241/400
Job 368: 242/400
Job 368: 243/400
Job 368: 244/400
Job 368: 245/400
Job 368: 246/400
Job 368: 247/400
Job 368: 248/400
Job 368: 249/400
Job 368: 250/400
Job 368: 251/400
Job 368: 252/400
Job 368: 253/400
Job 368: 254/400
Job 368: 255/400
Job 368: 256/400
Job 368: 257/400
Job 368: 258/400
Job 368: 259/400
Job 368: 260/400
Job 368: 261/400
Job 368: 262/400
Job 368: 263/400
Job 368: 264/400
Job 368: 265/400
Job 368: 266/400
Job 368: 267/400
Job 368: 268/400
Job 368: 269/400
Job 368: 270/400
Job 368: 271/400
Job 368: 272/400
Job 368: 273/400
Job 368: 274/400
Job 368: 275/400
Job 368: 276/400
Job 368: 277/400
Job 368: 278/400
Job 368: 279/400
Job 368: 280/400
Job 368: 281/400
Job 368: 282/400
Job 368: 283/400
Job 368: 284/400
Job 368: 285/400
Job 368: 286/400
Job 368: 287/400
Job 368: 288/400
Job 368: 289/400
Job 368: 290/400
Job 368: 291/400
Job 368: 292/400
Job 368: 293/400
Job 368: 294/400
Job 368: 295/400
Job 368: 296/400
Job 368: 297/400
Job 368: 298/400
Job 368: 299/400
Job 368: 300/400
Job 368: 301/400
Job 368: 302/400
Job 368: 303/400
Job 368: 304/400
Job 368: 305/400
Job 368: 306/400
Job 368: 307/400
Job 368: 308/400
Job 368: 309/400
Job 368: 310/400
Job 368: 311/400
Job 368: 312/400
Job 368: 313/400
Job 368: 314/400
Job 368: 315/400
Job 368: 316/400
Job 368: 317/400
Job 368: 318/400
Job 368: 319/400
Job 368: 320/400
Job 368: 321/400
Job 368: 322/400
Job 368: 323/400
Job 368: 324/400
Job 368: 325/400
Job 368: 326/400
Job 368: 327/400
Job 368: 328/400
Job 368: 329/400
Job 368: 330/400
Job 368: 331/400
Job 368: 332/400
Job 368: 333/400
Job 368: 334/400
Job 368: 335/400
Job 368: 336/400
Job 368: 337/400
Job 368: 338/400
Job 368: 339/400
Job 368: 340/400
Job 368: 341/400
Job 368: 342/400
Job 368: 343/400
Job 368: 344/400
Job 368: 345/400
Job 368: 346/400
Job 368: 347/400
Job 368: 348/400
Job 368: 349/400
Job 368: 350/400
Job 368: 351/400
Job 368: 352/400
Job 368: 353/400
Job 368: 354/400
Job 368: 355/400
Job 368: 356/400
Job 368: 357/400
Job 368: 358/400
Job 368: 359/400
Job 368: 360/400
Job 368: 361/400
Job 368: 362/400
Job 368: 363/400
Job 368: 364/400
Job 368: 365/400
Job 368: 366/400
Job 368: 367/400
Job 368: 368/400
Job 368: 369/400
Job 368: 370/400
Job 368: 371/400
Job 368: 372/400
Job 368: 373/400
Job 368: 374/400
Job 368: 375/400
Job 368: 376/400
Job 368: 377/400
Job 368: 378/400
Job 368: 379/400
Job 368: 380/400
Job 368: 381/400
Job 368: 382/400
Job 368: 383/400
Job 368: 384/400
Job 368: 385/400
Job 368: 386/400
Job 368: 387/400
Job 368: 388/400
Job 368: 389/400
Job 368: 390/400
Job 368: 391/400
Job 368: 392/400
Job 368: 393/400
Job 368: 394/400
Job 368: 395/400
Job 368: 396/400
Job 368: 397/400
Job 368: 398/400
Job 368: 399/400
Job 368: 400/400
