Registered S3 methods overwritten by 'susieSlide':
  method              from  
  coef.susie          susieR
  predict.susie       susieR
  print.summary.susie susieR
  summary.susie       susieR
Job 514: 1/400
Job 514: 2/400
Job 514: 3/400
Job 514: 4/400
Job 514: 5/400
Job 514: 6/400
Job 514: 7/400
Job 514: 8/400
Job 514: 9/400
Job 514: 10/400
Job 514: 11/400
Job 514: 12/400
Job 514: 13/400
Job 514: 14/400
Job 514: 15/400
Job 514: 16/400
Job 514: 17/400
Job 514: 18/400
Job 514: 19/400
Job 514: 20/400
Job 514: 21/400
Job 514: 22/400
Job 514: 23/400
Job 514: 24/400
Job 514: 25/400
Job 514: 26/400
Job 514: 27/400
Job 514: 28/400
Job 514: 29/400
Job 514: 30/400
Job 514: 31/400
Job 514: 32/400
Job 514: 33/400
Job 514: 34/400
Job 514: 35/400
Job 514: 36/400
Job 514: 37/400
Job 514: 38/400
Job 514: 39/400
Job 514: 40/400
Job 514: 41/400
Job 514: 42/400
Job 514: 43/400
Job 514: 44/400
Job 514: 45/400
Job 514: 46/400
Job 514: 47/400
Job 514: 48/400
Job 514: 49/400
Job 514: 50/400
Job 514: 51/400
Job 514: 52/400
Job 514: 53/400
Job 514: 54/400
Job 514: 55/400
Job 514: 56/400
Job 514: 57/400
Job 514: 58/400
Job 514: 59/400
Job 514: 60/400
Job 514: 61/400
Job 514: 62/400
Job 514: 63/400
Job 514: 64/400
Job 514: 65/400
Job 514: 66/400
Job 514: 67/400
Job 514: 68/400
Job 514: 69/400
Job 514: 70/400
Job 514: 71/400
Job 514: 72/400
Job 514: 73/400
Job 514: 74/400
Job 514: 75/400
Job 514: 76/400
Job 514: 77/400
Job 514: 78/400
Job 514: 79/400
Job 514: 80/400
Job 514: 81/400
Job 514: 82/400
Job 514: 83/400
Job 514: 84/400
Job 514: 85/400
Job 514: 86/400
Job 514: 87/400
Job 514: 88/400
Job 514: 89/400
Job 514: 90/400
Job 514: 91/400
Job 514: 92/400
Job 514: 93/400
Job 514: 94/400
Job 514: 95/400
Job 514: 96/400
Job 514: 97/400
Job 514: 98/400
Job 514: 99/400
Job 514: 100/400
Job 514: 101/400
Job 514: 102/400
Job 514: 103/400
Job 514: 104/400
Job 514: 105/400
Job 514: 106/400
Job 514: 107/400
Job 514: 108/400
Job 514: 109/400
Job 514: 110/400
Job 514: 111/400
Job 514: 112/400
Job 514: 113/400
Job 514: 114/400
Job 514: 115/400
Job 514: 116/400
Job 514: 117/400
Job 514: 118/400
Job 514: 119/400
Job 514: 120/400
Job 514: 121/400
Job 514: 122/400
Job 514: 123/400
Job 514: 124/400
Job 514: 125/400
Job 514: 126/400
Job 514: 127/400
Job 514: 128/400
Job 514: 129/400
Job 514: 130/400
Job 514: 131/400
Job 514: 132/400
Job 514: 133/400
Job 514: 134/400
Job 514: 135/400
Job 514: 136/400
Job 514: 137/400
Job 514: 138/400
Job 514: 139/400
Job 514: 140/400
Job 514: 141/400
Job 514: 142/400
Job 514: 143/400
Job 514: 144/400
Job 514: 145/400
Job 514: 146/400
Job 514: 147/400
Job 514: 148/400
Job 514: 149/400
Job 514: 150/400
Job 514: 151/400
Job 514: 152/400
Job 514: 153/400
Job 514: 154/400
Job 514: 155/400
Job 514: 156/400
Job 514: 157/400
Job 514: 158/400
Job 514: 159/400
Job 514: 160/400
Job 514: 161/400
Job 514: 162/400
Job 514: 163/400
Job 514: 164/400
Job 514: 165/400
Job 514: 166/400
Job 514: 167/400
Job 514: 168/400
Job 514: 169/400
Job 514: 170/400
Job 514: 171/400
Job 514: 172/400
Job 514: 173/400
Job 514: 174/400
Job 514: 175/400
Job 514: 176/400
Job 514: 177/400
Job 514: 178/400
Job 514: 179/400
Job 514: 180/400
Job 514: 181/400
Job 514: 182/400
Job 514: 183/400
Job 514: 184/400
Job 514: 185/400
Job 514: 186/400
Job 514: 187/400
Job 514: 188/400
Job 514: 189/400
Job 514: 190/400
Job 514: 191/400
Job 514: 192/400
Job 514: 193/400
Job 514: 194/400
Job 514: 195/400
Job 514: 196/400
Job 514: 197/400
Job 514: 198/400
Job 514: 199/400
Job 514: 200/400
Job 514: 201/400
Job 514: 202/400
Job 514: 203/400
Job 514: 204/400
Job 514: 205/400
Job 514: 206/400
Job 514: 207/400
Job 514: 208/400
Job 514: 209/400
Job 514: 210/400
Job 514: 211/400
Job 514: 212/400
Job 514: 213/400
Job 514: 214/400
Job 514: 215/400
Job 514: 216/400
Job 514: 217/400
Job 514: 218/400
Job 514: 219/400
Job 514: 220/400
Job 514: 221/400
Job 514: 222/400
Job 514: 223/400
Job 514: 224/400
Job 514: 225/400
Job 514: 226/400
Job 514: 227/400
Job 514: 228/400
Job 514: 229/400
Job 514: 230/400
Job 514: 231/400
Job 514: 232/400
Job 514: 233/400
Job 514: 234/400
Job 514: 235/400
Job 514: 236/400
Job 514: 237/400
Job 514: 238/400
Job 514: 239/400
Job 514: 240/400
Job 514: 241/400
Job 514: 242/400
Job 514: 243/400
Job 514: 244/400
Job 514: 245/400
Job 514: 246/400
Job 514: 247/400
Job 514: 248/400
Job 514: 249/400
Job 514: 250/400
Job 514: 251/400
Job 514: 252/400
Job 514: 253/400
Job 514: 254/400
Job 514: 255/400
Job 514: 256/400
Job 514: 257/400
Job 514: 258/400
Job 514: 259/400
Job 514: 260/400
Job 514: 261/400
Job 514: 262/400
Job 514: 263/400
Job 514: 264/400
Job 514: 265/400
Job 514: 266/400
Job 514: 267/400
Job 514: 268/400
Job 514: 269/400
Job 514: 270/400
Job 514: 271/400
Job 514: 272/400
Job 514: 273/400
Job 514: 274/400
Job 514: 275/400
Job 514: 276/400
Job 514: 277/400
Job 514: 278/400
Job 514: 279/400
Job 514: 280/400
Job 514: 281/400
Job 514: 282/400
Job 514: 283/400
Job 514: 284/400
Job 514: 285/400
Job 514: 286/400
Job 514: 287/400
Job 514: 288/400
Job 514: 289/400
Job 514: 290/400
Job 514: 291/400
Job 514: 292/400
Job 514: 293/400
Job 514: 294/400
Job 514: 295/400
Job 514: 296/400
Job 514: 297/400
Job 514: 298/400
Job 514: 299/400
Job 514: 300/400
Job 514: 301/400
Job 514: 302/400
Job 514: 303/400
Job 514: 304/400
Job 514: 305/400
Job 514: 306/400
Job 514: 307/400
Job 514: 308/400
Job 514: 309/400
Job 514: 310/400
Job 514: 311/400
Job 514: 312/400
Job 514: 313/400
Job 514: 314/400
Job 514: 315/400
Job 514: 316/400
Job 514: 317/400
Job 514: 318/400
Job 514: 319/400
Job 514: 320/400
Job 514: 321/400
Job 514: 322/400
Job 514: 323/400
Job 514: 324/400
Job 514: 325/400
Job 514: 326/400
Job 514: 327/400
Job 514: 328/400
Job 514: 329/400
Job 514: 330/400
Job 514: 331/400
Job 514: 332/400
Job 514: 333/400
Job 514: 334/400
Job 514: 335/400
Job 514: 336/400
Job 514: 337/400
Job 514: 338/400
Job 514: 339/400
Job 514: 340/400
Job 514: 341/400
Job 514: 342/400
Job 514: 343/400
Job 514: 344/400
Job 514: 345/400
Job 514: 346/400
Job 514: 347/400
Job 514: 348/400
Job 514: 349/400
Job 514: 350/400
Job 514: 351/400
Job 514: 352/400
Job 514: 353/400
Job 514: 354/400
Job 514: 355/400
Job 514: 356/400
Job 514: 357/400
Job 514: 358/400
Job 514: 359/400
Job 514: 360/400
Job 514: 361/400
Job 514: 362/400
Job 514: 363/400
Job 514: 364/400
Job 514: 365/400
Job 514: 366/400
Job 514: 367/400
Job 514: 368/400
Job 514: 369/400
Job 514: 370/400
Job 514: 371/400
Job 514: 372/400
Job 514: 373/400
Job 514: 374/400
Job 514: 375/400
Job 514: 376/400
Job 514: 377/400
Job 514: 378/400
Job 514: 379/400
Job 514: 380/400
Job 514: 381/400
Job 514: 382/400
Job 514: 383/400
Job 514: 384/400
Job 514: 385/400
Job 514: 386/400
Job 514: 387/400
Job 514: 388/400
Job 514: 389/400
Job 514: 390/400
Job 514: 391/400
Job 514: 392/400
Job 514: 393/400
Job 514: 394/400
Job 514: 395/400
Job 514: 396/400
Job 514: 397/400
Job 514: 398/400
Job 514: 399/400
Job 514: 400/400
