Starting simulation job 696 at Tue Sep 22 07:20:15 CDT 2026
1 SNP(s) removed because HWE P < 1e-08 :
[1] "chr17_59249127_C_T_b38_C"
1 SNP(s) removed because HWE P < 1e-08 :
[1] "chr17_59249127_C_T_b38_C"
1 SNP(s) removed because HWE P < 1e-08 :
[1] "chr17_59249127_C_T_b38_C"
27 SNP(s) removed because HWE P < 1e-08 :
 [1] "chr13_20937074_C_T_b38_C" "chr13_20947993_C_T_b38_C"
 [3] "chr13_21242677_A_G_b38_A" "chr13_21242694_C_A_b38_C"
 [5] "chr13_21242798_T_C_b38_T" "chr13_21242801_C_T_b38_C"
 [7] "chr13_21242803_C_T_b38_C" "chr13_21242830_T_C_b38_T"
 [9] "chr13_21242869_C_A_b38_C" "chr13_21261375_C_T_b38_C"
[11] "chr13_21261397_T_C_b38_T" "chr13_21261414_G_A_b38_G"
[13] "chr13_21261416_A_C_b38_A" "chr13_21261421_A_T_b38_A"
[15] "chr13_21261438_G_A_b38_G" "chr13_21261441_G_T_b38_G"
[17] "chr13_21261458_T_C_b38_T" "chr13_21261463_G_A_b38_G"
[19] "chr13_21261465_T_C_b38_T" "chr13_21261473_C_T_b38_C"
[21] "chr13_21261476_C_T_b38_C" "chr13_21261477_A_G_b38_A"
[23] "chr13_21261910_G_C_b38_G" "chr13_21262058_C_T_b38_C"
[25] "chr13_21274173_A_G_b38_A" "chr13_21274217_T_G_b38_T"
[27] "chr13_21274336_C_T_b38_C"
Avoidable file copy in RAM took 0.554 seconds. This file is very unusual: it ends abruptly without a final newline, and also its size is a multiple of 4096 bytes. Please properly end the last row with a newline using for example 'echo >> file'.
35 SNP(s) removed because HWE P < 1e-08 :
 [1] "chr13_20930934_C_T_b38_C" "chr13_20932196_C_G_b38_C"
 [3] "chr13_20937074_C_T_b38_C" "chr13_20947993_C_T_b38_C"
 [5] "chr13_21075953_C_A_b38_C" "chr13_21206551_A_G_b38_A"
 [7] "chr13_21242677_A_G_b38_A" "chr13_21242694_C_A_b38_C"
 [9] "chr13_21242798_T_C_b38_T" "chr13_21242801_C_T_b38_C"
[11] "chr13_21242803_C_T_b38_C" "chr13_21242830_T_C_b38_T"
[13] "chr13_21242869_C_A_b38_C" "chr13_21242983_A_T_b38_A"
[15] "chr13_21261333_C_A_b38_C" "chr13_21261375_C_T_b38_C"
[17] "chr13_21261397_T_C_b38_T" "chr13_21261414_G_A_b38_G"
[19] "chr13_21261416_A_C_b38_A" "chr13_21261421_A_T_b38_A"
[21] "chr13_21261438_G_A_b38_G" "chr13_21261441_G_T_b38_G"
[23] "chr13_21261458_T_C_b38_T" "chr13_21261463_G_A_b38_G"
[25] "chr13_21261465_T_C_b38_T" "chr13_21261473_C_T_b38_C"
[27] "chr13_21261476_C_T_b38_C" "chr13_21261477_A_G_b38_A"
[29] "chr13_21261910_G_C_b38_G" "chr13_21261991_C_T_b38_C"
[31] "chr13_21262058_C_T_b38_C" "chr13_21274173_A_G_b38_A"
[33] "chr13_21274217_T_G_b38_T" "chr13_21274336_C_T_b38_C"
[35] "chr13_21638114_A_G_b38_A"
57 SNP(s) removed because HWE P < 1e-08 :
 [1] "chr13_20930934_C_T_b38_C" "chr13_20932196_C_G_b38_C"
 [3] "chr13_20933551_T_C_b38_T" "chr13_20936517_G_A_b38_G"
 [5] "chr13_20937074_C_T_b38_C" "chr13_20943780_G_A_b38_G"
 [7] "chr13_20947993_C_T_b38_C" "chr13_20964081_A_G_b38_A"
 [9] "chr13_21232212_C_T_b38_C" "chr13_21232536_C_A_b38_C"
[11] "chr13_21232796_C_G_b38_C" "chr13_21232804_G_T_b38_G"
[13] "chr13_21232816_T_C_b38_T" "chr13_21232859_T_C_b38_T"
[15] "chr13_21232968_T_C_b38_T" "chr13_21233050_A_G_b38_A"
[17] "chr13_21233086_A_G_b38_A" "chr13_21233613_T_C_b38_T"
[19] "chr13_21234919_G_C_b38_G" "chr13_21234958_G_T_b38_G"
[21] "chr13_21235831_T_C_b38_T" "chr13_21236508_T_C_b38_T"
[23] "chr13_21239412_C_G_b38_C" "chr13_21240448_T_G_b38_T"
[25] "chr13_21240514_G_T_b38_G" "chr13_21240734_T_G_b38_T"
[27] "chr13_21241566_T_A_b38_T" "chr13_21242677_A_G_b38_A"
[29] "chr13_21242694_C_A_b38_C" "chr13_21242798_T_C_b38_T"
[31] "chr13_21242801_C_T_b38_C" "chr13_21242803_C_T_b38_C"
[33] "chr13_21242830_T_C_b38_T" "chr13_21242869_C_A_b38_C"
[35] "chr13_21242983_A_T_b38_A" "chr13_21261333_C_A_b38_C"
[37] "chr13_21261375_C_T_b38_C" "chr13_21261397_T_C_b38_T"
[39] "chr13_21261414_G_A_b38_G" "chr13_21261416_A_C_b38_A"
[41] "chr13_21261421_A_T_b38_A" "chr13_21261438_G_A_b38_G"
[43] "chr13_21261441_G_T_b38_G" "chr13_21261458_T_C_b38_T"
[45] "chr13_21261463_G_A_b38_G" "chr13_21261465_T_C_b38_T"
[47] "chr13_21261473_C_T_b38_C" "chr13_21261476_C_T_b38_C"
[49] "chr13_21261477_A_G_b38_A" "chr13_21261910_G_C_b38_G"
[51] "chr13_21261913_A_G_b38_A" "chr13_21261991_C_T_b38_C"
[53] "chr13_21262058_C_T_b38_C" "chr13_21274173_A_G_b38_A"
[55] "chr13_21274217_T_G_b38_T" "chr13_21274336_C_T_b38_C"
[57] "chr13_21638114_A_G_b38_A"
57 SNP(s) removed because HWE P < 1e-08 :
 [1] "chr13_20930934_C_T_b38_C" "chr13_20932196_C_G_b38_C"
 [3] "chr13_20933551_T_C_b38_T" "chr13_20936517_G_A_b38_G"
 [5] "chr13_20937074_C_T_b38_C" "chr13_20943780_G_A_b38_G"
 [7] "chr13_20947993_C_T_b38_C" "chr13_20964081_A_G_b38_A"
 [9] "chr13_21232212_C_T_b38_C" "chr13_21232536_C_A_b38_C"
[11] "chr13_21232796_C_G_b38_C" "chr13_21232804_G_T_b38_G"
[13] "chr13_21232816_T_C_b38_T" "chr13_21232859_T_C_b38_T"
[15] "chr13_21232968_T_C_b38_T" "chr13_21233050_A_G_b38_A"
[17] "chr13_21233086_A_G_b38_A" "chr13_21233613_T_C_b38_T"
[19] "chr13_21234919_G_C_b38_G" "chr13_21234958_G_T_b38_G"
[21] "chr13_21235831_T_C_b38_T" "chr13_21236508_T_C_b38_T"
[23] "chr13_21239412_C_G_b38_C" "chr13_21240448_T_G_b38_T"
[25] "chr13_21240514_G_T_b38_G" "chr13_21240734_T_G_b38_T"
[27] "chr13_21241566_T_A_b38_T" "chr13_21242677_A_G_b38_A"
[29] "chr13_21242694_C_A_b38_C" "chr13_21242798_T_C_b38_T"
[31] "chr13_21242801_C_T_b38_C" "chr13_21242803_C_T_b38_C"
[33] "chr13_21242830_T_C_b38_T" "chr13_21242869_C_A_b38_C"
[35] "chr13_21242983_A_T_b38_A" "chr13_21261333_C_A_b38_C"
[37] "chr13_21261375_C_T_b38_C" "chr13_21261397_T_C_b38_T"
[39] "chr13_21261414_G_A_b38_G" "chr13_21261416_A_C_b38_A"
[41] "chr13_21261421_A_T_b38_A" "chr13_21261438_G_A_b38_G"
[43] "chr13_21261441_G_T_b38_G" "chr13_21261458_T_C_b38_T"
[45] "chr13_21261463_G_A_b38_G" "chr13_21261465_T_C_b38_T"
[47] "chr13_21261473_C_T_b38_C" "chr13_21261476_C_T_b38_C"
[49] "chr13_21261477_A_G_b38_A" "chr13_21261910_G_C_b38_G"
[51] "chr13_21261913_A_G_b38_A" "chr13_21261991_C_T_b38_C"
[53] "chr13_21262058_C_T_b38_C" "chr13_21274173_A_G_b38_A"
[55] "chr13_21274217_T_G_b38_T" "chr13_21274336_C_T_b38_C"
[57] "chr13_21638114_A_G_b38_A"
57 SNP(s) removed because HWE P < 1e-08 :
 [1] "chr13_20930934_C_T_b38_C" "chr13_20932196_C_G_b38_C"
 [3] "chr13_20933551_T_C_b38_T" "chr13_20936517_G_A_b38_G"
 [5] "chr13_20937074_C_T_b38_C" "chr13_20943780_G_A_b38_G"
 [7] "chr13_20947993_C_T_b38_C" "chr13_20964081_A_G_b38_A"
 [9] "chr13_21232212_C_T_b38_C" "chr13_21232536_C_A_b38_C"
[11] "chr13_21232796_C_G_b38_C" "chr13_21232804_G_T_b38_G"
[13] "chr13_21232816_T_C_b38_T" "chr13_21232859_T_C_b38_T"
[15] "chr13_21232968_T_C_b38_T" "chr13_21233050_A_G_b38_A"
[17] "chr13_21233086_A_G_b38_A" "chr13_21233613_T_C_b38_T"
[19] "chr13_21234919_G_C_b38_G" "chr13_21234958_G_T_b38_G"
[21] "chr13_21235831_T_C_b38_T" "chr13_21236508_T_C_b38_T"
[23] "chr13_21239412_C_G_b38_C" "chr13_21240448_T_G_b38_T"
[25] "chr13_21240514_G_T_b38_G" "chr13_21240734_T_G_b38_T"
[27] "chr13_21241566_T_A_b38_T" "chr13_21242677_A_G_b38_A"
[29] "chr13_21242694_C_A_b38_C" "chr13_21242798_T_C_b38_T"
[31] "chr13_21242801_C_T_b38_C" "chr13_21242803_C_T_b38_C"
[33] "chr13_21242830_T_C_b38_T" "chr13_21242869_C_A_b38_C"
[35] "chr13_21242983_A_T_b38_A" "chr13_21261333_C_A_b38_C"
[37] "chr13_21261375_C_T_b38_C" "chr13_21261397_T_C_b38_T"
[39] "chr13_21261414_G_A_b38_G" "chr13_21261416_A_C_b38_A"
[41] "chr13_21261421_A_T_b38_A" "chr13_21261438_G_A_b38_G"
[43] "chr13_21261441_G_T_b38_G" "chr13_21261458_T_C_b38_T"
[45] "chr13_21261463_G_A_b38_G" "chr13_21261465_T_C_b38_T"
[47] "chr13_21261473_C_T_b38_C" "chr13_21261476_C_T_b38_C"
[49] "chr13_21261477_A_G_b38_A" "chr13_21261910_G_C_b38_G"
[51] "chr13_21261913_A_G_b38_A" "chr13_21261991_C_T_b38_C"
[53] "chr13_21262058_C_T_b38_C" "chr13_21274173_A_G_b38_A"
[55] "chr13_21274217_T_G_b38_T" "chr13_21274336_C_T_b38_C"
[57] "chr13_21638114_A_G_b38_A"
57 SNP(s) removed because HWE P < 1e-08 :
 [1] "chr13_20930934_C_T_b38_C" "chr13_20932196_C_G_b38_C"
 [3] "chr13_20933551_T_C_b38_T" "chr13_20936517_G_A_b38_G"
 [5] "chr13_20937074_C_T_b38_C" "chr13_20943780_G_A_b38_G"
 [7] "chr13_20947993_C_T_b38_C" "chr13_20964081_A_G_b38_A"
 [9] "chr13_21232212_C_T_b38_C" "chr13_21232536_C_A_b38_C"
[11] "chr13_21232796_C_G_b38_C" "chr13_21232804_G_T_b38_G"
[13] "chr13_21232816_T_C_b38_T" "chr13_21232859_T_C_b38_T"
[15] "chr13_21232968_T_C_b38_T" "chr13_21233050_A_G_b38_A"
[17] "chr13_21233086_A_G_b38_A" "chr13_21233613_T_C_b38_T"
[19] "chr13_21234919_G_C_b38_G" "chr13_21234958_G_T_b38_G"
[21] "chr13_21235831_T_C_b38_T" "chr13_21236508_T_C_b38_T"
[23] "chr13_21239412_C_G_b38_C" "chr13_21240448_T_G_b38_T"
[25] "chr13_21240514_G_T_b38_G" "chr13_21240734_T_G_b38_T"
[27] "chr13_21241566_T_A_b38_T" "chr13_21242677_A_G_b38_A"
[29] "chr13_21242694_C_A_b38_C" "chr13_21242798_T_C_b38_T"
[31] "chr13_21242801_C_T_b38_C" "chr13_21242803_C_T_b38_C"
[33] "chr13_21242830_T_C_b38_T" "chr13_21242869_C_A_b38_C"
[35] "chr13_21242983_A_T_b38_A" "chr13_21261333_C_A_b38_C"
[37] "chr13_21261375_C_T_b38_C" "chr13_21261397_T_C_b38_T"
[39] "chr13_21261414_G_A_b38_G" "chr13_21261416_A_C_b38_A"
[41] "chr13_21261421_A_T_b38_A" "chr13_21261438_G_A_b38_G"
[43] "chr13_21261441_G_T_b38_G" "chr13_21261458_T_C_b38_T"
[45] "chr13_21261463_G_A_b38_G" "chr13_21261465_T_C_b38_T"
[47] "chr13_21261473_C_T_b38_C" "chr13_21261476_C_T_b38_C"
[49] "chr13_21261477_A_G_b38_A" "chr13_21261910_G_C_b38_G"
[51] "chr13_21261913_A_G_b38_A" "chr13_21261991_C_T_b38_C"
[53] "chr13_21262058_C_T_b38_C" "chr13_21274173_A_G_b38_A"
[55] "chr13_21274217_T_G_b38_T" "chr13_21274336_C_T_b38_C"
[57] "chr13_21638114_A_G_b38_A"
57 SNP(s) removed because HWE P < 1e-08 :
 [1] "chr13_20930934_C_T_b38_C" "chr13_20932196_C_G_b38_C"
 [3] "chr13_20933551_T_C_b38_T" "chr13_20936517_G_A_b38_G"
 [5] "chr13_20937074_C_T_b38_C" "chr13_20943780_G_A_b38_G"
 [7] "chr13_20947993_C_T_b38_C" "chr13_20964081_A_G_b38_A"
 [9] "chr13_21232212_C_T_b38_C" "chr13_21232536_C_A_b38_C"
[11] "chr13_21232796_C_G_b38_C" "chr13_21232804_G_T_b38_G"
[13] "chr13_21232816_T_C_b38_T" "chr13_21232859_T_C_b38_T"
[15] "chr13_21232968_T_C_b38_T" "chr13_21233050_A_G_b38_A"
[17] "chr13_21233086_A_G_b38_A" "chr13_21233613_T_C_b38_T"
[19] "chr13_21234919_G_C_b38_G" "chr13_21234958_G_T_b38_G"
[21] "chr13_21235831_T_C_b38_T" "chr13_21236508_T_C_b38_T"
[23] "chr13_21239412_C_G_b38_C" "chr13_21240448_T_G_b38_T"
[25] "chr13_21240514_G_T_b38_G" "chr13_21240734_T_G_b38_T"
[27] "chr13_21241566_T_A_b38_T" "chr13_21242677_A_G_b38_A"
[29] "chr13_21242694_C_A_b38_C" "chr13_21242798_T_C_b38_T"
[31] "chr13_21242801_C_T_b38_C" "chr13_21242803_C_T_b38_C"
[33] "chr13_21242830_T_C_b38_T" "chr13_21242869_C_A_b38_C"
[35] "chr13_21242983_A_T_b38_A" "chr13_21261333_C_A_b38_C"
[37] "chr13_21261375_C_T_b38_C" "chr13_21261397_T_C_b38_T"
[39] "chr13_21261414_G_A_b38_G" "chr13_21261416_A_C_b38_A"
[41] "chr13_21261421_A_T_b38_A" "chr13_21261438_G_A_b38_G"
[43] "chr13_21261441_G_T_b38_G" "chr13_21261458_T_C_b38_T"
[45] "chr13_21261463_G_A_b38_G" "chr13_21261465_T_C_b38_T"
[47] "chr13_21261473_C_T_b38_C" "chr13_21261476_C_T_b38_C"
[49] "chr13_21261477_A_G_b38_A" "chr13_21261910_G_C_b38_G"
[51] "chr13_21261913_A_G_b38_A" "chr13_21261991_C_T_b38_C"
[53] "chr13_21262058_C_T_b38_C" "chr13_21274173_A_G_b38_A"
[55] "chr13_21274217_T_G_b38_T" "chr13_21274336_C_T_b38_C"
[57] "chr13_21638114_A_G_b38_A"
57 SNP(s) removed because HWE P < 1e-08 :
 [1] "chr13_20930934_C_T_b38_C" "chr13_20932196_C_G_b38_C"
 [3] "chr13_20933551_T_C_b38_T" "chr13_20936517_G_A_b38_G"
 [5] "chr13_20937074_C_T_b38_C" "chr13_20943780_G_A_b38_G"
 [7] "chr13_20947993_C_T_b38_C" "chr13_20964081_A_G_b38_A"
 [9] "chr13_21232212_C_T_b38_C" "chr13_21232536_C_A_b38_C"
[11] "chr13_21232796_C_G_b38_C" "chr13_21232804_G_T_b38_G"
[13] "chr13_21232816_T_C_b38_T" "chr13_21232859_T_C_b38_T"
[15] "chr13_21232968_T_C_b38_T" "chr13_21233050_A_G_b38_A"
[17] "chr13_21233086_A_G_b38_A" "chr13_21233613_T_C_b38_T"
[19] "chr13_21234919_G_C_b38_G" "chr13_21234958_G_T_b38_G"
[21] "chr13_21235831_T_C_b38_T" "chr13_21236508_T_C_b38_T"
[23] "chr13_21239412_C_G_b38_C" "chr13_21240448_T_G_b38_T"
[25] "chr13_21240514_G_T_b38_G" "chr13_21240734_T_G_b38_T"
[27] "chr13_21241566_T_A_b38_T" "chr13_21242677_A_G_b38_A"
[29] "chr13_21242694_C_A_b38_C" "chr13_21242798_T_C_b38_T"
[31] "chr13_21242801_C_T_b38_C" "chr13_21242803_C_T_b38_C"
[33] "chr13_21242830_T_C_b38_T" "chr13_21242869_C_A_b38_C"
[35] "chr13_21242983_A_T_b38_A" "chr13_21261333_C_A_b38_C"
[37] "chr13_21261375_C_T_b38_C" "chr13_21261397_T_C_b38_T"
[39] "chr13_21261414_G_A_b38_G" "chr13_21261416_A_C_b38_A"
[41] "chr13_21261421_A_T_b38_A" "chr13_21261438_G_A_b38_G"
[43] "chr13_21261441_G_T_b38_G" "chr13_21261458_T_C_b38_T"
[45] "chr13_21261463_G_A_b38_G" "chr13_21261465_T_C_b38_T"
[47] "chr13_21261473_C_T_b38_C" "chr13_21261476_C_T_b38_C"
[49] "chr13_21261477_A_G_b38_A" "chr13_21261910_G_C_b38_G"
[51] "chr13_21261913_A_G_b38_A" "chr13_21261991_C_T_b38_C"
[53] "chr13_21262058_C_T_b38_C" "chr13_21274173_A_G_b38_A"
[55] "chr13_21274217_T_G_b38_T" "chr13_21274336_C_T_b38_C"
[57] "chr13_21638114_A_G_b38_A"
57 SNP(s) removed because HWE P < 1e-08 :
 [1] "chr13_20930934_C_T_b38_C" "chr13_20932196_C_G_b38_C"
 [3] "chr13_20933551_T_C_b38_T" "chr13_20936517_G_A_b38_G"
 [5] "chr13_20937074_C_T_b38_C" "chr13_20943780_G_A_b38_G"
 [7] "chr13_20947993_C_T_b38_C" "chr13_20964081_A_G_b38_A"
 [9] "chr13_21232212_C_T_b38_C" "chr13_21232536_C_A_b38_C"
[11] "chr13_21232796_C_G_b38_C" "chr13_21232804_G_T_b38_G"
[13] "chr13_21232816_T_C_b38_T" "chr13_21232859_T_C_b38_T"
[15] "chr13_21232968_T_C_b38_T" "chr13_21233050_A_G_b38_A"
[17] "chr13_21233086_A_G_b38_A" "chr13_21233613_T_C_b38_T"
[19] "chr13_21234919_G_C_b38_G" "chr13_21234958_G_T_b38_G"
[21] "chr13_21235831_T_C_b38_T" "chr13_21236508_T_C_b38_T"
[23] "chr13_21239412_C_G_b38_C" "chr13_21240448_T_G_b38_T"
[25] "chr13_21240514_G_T_b38_G" "chr13_21240734_T_G_b38_T"
[27] "chr13_21241566_T_A_b38_T" "chr13_21242677_A_G_b38_A"
[29] "chr13_21242694_C_A_b38_C" "chr13_21242798_T_C_b38_T"
[31] "chr13_21242801_C_T_b38_C" "chr13_21242803_C_T_b38_C"
[33] "chr13_21242830_T_C_b38_T" "chr13_21242869_C_A_b38_C"
[35] "chr13_21242983_A_T_b38_A" "chr13_21261333_C_A_b38_C"
[37] "chr13_21261375_C_T_b38_C" "chr13_21261397_T_C_b38_T"
[39] "chr13_21261414_G_A_b38_G" "chr13_21261416_A_C_b38_A"
[41] "chr13_21261421_A_T_b38_A" "chr13_21261438_G_A_b38_G"
[43] "chr13_21261441_G_T_b38_G" "chr13_21261458_T_C_b38_T"
[45] "chr13_21261463_G_A_b38_G" "chr13_21261465_T_C_b38_T"
[47] "chr13_21261473_C_T_b38_C" "chr13_21261476_C_T_b38_C"
[49] "chr13_21261477_A_G_b38_A" "chr13_21261910_G_C_b38_G"
[51] "chr13_21261913_A_G_b38_A" "chr13_21261991_C_T_b38_C"
[53] "chr13_21262058_C_T_b38_C" "chr13_21274173_A_G_b38_A"
[55] "chr13_21274217_T_G_b38_T" "chr13_21274336_C_T_b38_C"
[57] "chr13_21638114_A_G_b38_A"
57 SNP(s) removed because HWE P < 1e-08 :
 [1] "chr13_20930934_C_T_b38_C" "chr13_20932196_C_G_b38_C"
 [3] "chr13_20933551_T_C_b38_T" "chr13_20936517_G_A_b38_G"
 [5] "chr13_20937074_C_T_b38_C" "chr13_20943780_G_A_b38_G"
 [7] "chr13_20947993_C_T_b38_C" "chr13_20964081_A_G_b38_A"
 [9] "chr13_21232212_C_T_b38_C" "chr13_21232536_C_A_b38_C"
[11] "chr13_21232796_C_G_b38_C" "chr13_21232804_G_T_b38_G"
[13] "chr13_21232816_T_C_b38_T" "chr13_21232859_T_C_b38_T"
[15] "chr13_21232968_T_C_b38_T" "chr13_21233050_A_G_b38_A"
[17] "chr13_21233086_A_G_b38_A" "chr13_21233613_T_C_b38_T"
[19] "chr13_21234919_G_C_b38_G" "chr13_21234958_G_T_b38_G"
[21] "chr13_21235831_T_C_b38_T" "chr13_21236508_T_C_b38_T"
[23] "chr13_21239412_C_G_b38_C" "chr13_21240448_T_G_b38_T"
[25] "chr13_21240514_G_T_b38_G" "chr13_21240734_T_G_b38_T"
[27] "chr13_21241566_T_A_b38_T" "chr13_21242677_A_G_b38_A"
[29] "chr13_21242694_C_A_b38_C" "chr13_21242798_T_C_b38_T"
[31] "chr13_21242801_C_T_b38_C" "chr13_21242803_C_T_b38_C"
[33] "chr13_21242830_T_C_b38_T" "chr13_21242869_C_A_b38_C"
[35] "chr13_21242983_A_T_b38_A" "chr13_21261333_C_A_b38_C"
[37] "chr13_21261375_C_T_b38_C" "chr13_21261397_T_C_b38_T"
[39] "chr13_21261414_G_A_b38_G" "chr13_21261416_A_C_b38_A"
[41] "chr13_21261421_A_T_b38_A" "chr13_21261438_G_A_b38_G"
[43] "chr13_21261441_G_T_b38_G" "chr13_21261458_T_C_b38_T"
[45] "chr13_21261463_G_A_b38_G" "chr13_21261465_T_C_b38_T"
[47] "chr13_21261473_C_T_b38_C" "chr13_21261476_C_T_b38_C"
[49] "chr13_21261477_A_G_b38_A" "chr13_21261910_G_C_b38_G"
[51] "chr13_21261913_A_G_b38_A" "chr13_21261991_C_T_b38_C"
[53] "chr13_21262058_C_T_b38_C" "chr13_21274173_A_G_b38_A"
[55] "chr13_21274217_T_G_b38_T" "chr13_21274336_C_T_b38_C"
[57] "chr13_21638114_A_G_b38_A"
57 SNP(s) removed because HWE P < 1e-08 :
 [1] "chr13_20930934_C_T_b38_C" "chr13_20932196_C_G_b38_C"
 [3] "chr13_20933551_T_C_b38_T" "chr13_20936517_G_A_b38_G"
 [5] "chr13_20937074_C_T_b38_C" "chr13_20943780_G_A_b38_G"
 [7] "chr13_20947993_C_T_b38_C" "chr13_20964081_A_G_b38_A"
 [9] "chr13_21232212_C_T_b38_C" "chr13_21232536_C_A_b38_C"
[11] "chr13_21232796_C_G_b38_C" "chr13_21232804_G_T_b38_G"
[13] "chr13_21232816_T_C_b38_T" "chr13_21232859_T_C_b38_T"
[15] "chr13_21232968_T_C_b38_T" "chr13_21233050_A_G_b38_A"
[17] "chr13_21233086_A_G_b38_A" "chr13_21233613_T_C_b38_T"
[19] "chr13_21234919_G_C_b38_G" "chr13_21234958_G_T_b38_G"
[21] "chr13_21235831_T_C_b38_T" "chr13_21236508_T_C_b38_T"
[23] "chr13_21239412_C_G_b38_C" "chr13_21240448_T_G_b38_T"
[25] "chr13_21240514_G_T_b38_G" "chr13_21240734_T_G_b38_T"
[27] "chr13_21241566_T_A_b38_T" "chr13_21242677_A_G_b38_A"
[29] "chr13_21242694_C_A_b38_C" "chr13_21242798_T_C_b38_T"
[31] "chr13_21242801_C_T_b38_C" "chr13_21242803_C_T_b38_C"
[33] "chr13_21242830_T_C_b38_T" "chr13_21242869_C_A_b38_C"
[35] "chr13_21242983_A_T_b38_A" "chr13_21261333_C_A_b38_C"
[37] "chr13_21261375_C_T_b38_C" "chr13_21261397_T_C_b38_T"
[39] "chr13_21261414_G_A_b38_G" "chr13_21261416_A_C_b38_A"
[41] "chr13_21261421_A_T_b38_A" "chr13_21261438_G_A_b38_G"
[43] "chr13_21261441_G_T_b38_G" "chr13_21261458_T_C_b38_T"
[45] "chr13_21261463_G_A_b38_G" "chr13_21261465_T_C_b38_T"
[47] "chr13_21261473_C_T_b38_C" "chr13_21261476_C_T_b38_C"
[49] "chr13_21261477_A_G_b38_A" "chr13_21261910_G_C_b38_G"
[51] "chr13_21261913_A_G_b38_A" "chr13_21261991_C_T_b38_C"
[53] "chr13_21262058_C_T_b38_C" "chr13_21274173_A_G_b38_A"
[55] "chr13_21274217_T_G_b38_T" "chr13_21274336_C_T_b38_C"
[57] "chr13_21638114_A_G_b38_A"
57 SNP(s) removed because HWE P < 1e-08 :
 [1] "chr13_20930934_C_T_b38_C" "chr13_20932196_C_G_b38_C"
 [3] "chr13_20933551_T_C_b38_T" "chr13_20936517_G_A_b38_G"
 [5] "chr13_20937074_C_T_b38_C" "chr13_20943780_G_A_b38_G"
 [7] "chr13_20947993_C_T_b38_C" "chr13_20964081_A_G_b38_A"
 [9] "chr13_21232212_C_T_b38_C" "chr13_21232536_C_A_b38_C"
[11] "chr13_21232796_C_G_b38_C" "chr13_21232804_G_T_b38_G"
[13] "chr13_21232816_T_C_b38_T" "chr13_21232859_T_C_b38_T"
[15] "chr13_21232968_T_C_b38_T" "chr13_21233050_A_G_b38_A"
[17] "chr13_21233086_A_G_b38_A" "chr13_21233613_T_C_b38_T"
[19] "chr13_21234919_G_C_b38_G" "chr13_21234958_G_T_b38_G"
[21] "chr13_21235831_T_C_b38_T" "chr13_21236508_T_C_b38_T"
[23] "chr13_21239412_C_G_b38_C" "chr13_21240448_T_G_b38_T"
[25] "chr13_21240514_G_T_b38_G" "chr13_21240734_T_G_b38_T"
[27] "chr13_21241566_T_A_b38_T" "chr13_21242677_A_G_b38_A"
[29] "chr13_21242694_C_A_b38_C" "chr13_21242798_T_C_b38_T"
[31] "chr13_21242801_C_T_b38_C" "chr13_21242803_C_T_b38_C"
[33] "chr13_21242830_T_C_b38_T" "chr13_21242869_C_A_b38_C"
[35] "chr13_21242983_A_T_b38_A" "chr13_21261333_C_A_b38_C"
[37] "chr13_21261375_C_T_b38_C" "chr13_21261397_T_C_b38_T"
[39] "chr13_21261414_G_A_b38_G" "chr13_21261416_A_C_b38_A"
[41] "chr13_21261421_A_T_b38_A" "chr13_21261438_G_A_b38_G"
[43] "chr13_21261441_G_T_b38_G" "chr13_21261458_T_C_b38_T"
[45] "chr13_21261463_G_A_b38_G" "chr13_21261465_T_C_b38_T"
[47] "chr13_21261473_C_T_b38_C" "chr13_21261476_C_T_b38_C"
[49] "chr13_21261477_A_G_b38_A" "chr13_21261910_G_C_b38_G"
[51] "chr13_21261913_A_G_b38_A" "chr13_21261991_C_T_b38_C"
[53] "chr13_21262058_C_T_b38_C" "chr13_21274173_A_G_b38_A"
[55] "chr13_21274217_T_G_b38_T" "chr13_21274336_C_T_b38_C"
[57] "chr13_21638114_A_G_b38_A"
57 SNP(s) removed because HWE P < 1e-08 :
 [1] "chr13_20930934_C_T_b38_C" "chr13_20932196_C_G_b38_C"
 [3] "chr13_20933551_T_C_b38_T" "chr13_20936517_G_A_b38_G"
 [5] "chr13_20937074_C_T_b38_C" "chr13_20943780_G_A_b38_G"
 [7] "chr13_20947993_C_T_b38_C" "chr13_20964081_A_G_b38_A"
 [9] "chr13_21232212_C_T_b38_C" "chr13_21232536_C_A_b38_C"
[11] "chr13_21232796_C_G_b38_C" "chr13_21232804_G_T_b38_G"
[13] "chr13_21232816_T_C_b38_T" "chr13_21232859_T_C_b38_T"
[15] "chr13_21232968_T_C_b38_T" "chr13_21233050_A_G_b38_A"
[17] "chr13_21233086_A_G_b38_A" "chr13_21233613_T_C_b38_T"
[19] "chr13_21234919_G_C_b38_G" "chr13_21234958_G_T_b38_G"
[21] "chr13_21235831_T_C_b38_T" "chr13_21236508_T_C_b38_T"
[23] "chr13_21239412_C_G_b38_C" "chr13_21240448_T_G_b38_T"
[25] "chr13_21240514_G_T_b38_G" "chr13_21240734_T_G_b38_T"
[27] "chr13_21241566_T_A_b38_T" "chr13_21242677_A_G_b38_A"
[29] "chr13_21242694_C_A_b38_C" "chr13_21242798_T_C_b38_T"
[31] "chr13_21242801_C_T_b38_C" "chr13_21242803_C_T_b38_C"
[33] "chr13_21242830_T_C_b38_T" "chr13_21242869_C_A_b38_C"
[35] "chr13_21242983_A_T_b38_A" "chr13_21261333_C_A_b38_C"
[37] "chr13_21261375_C_T_b38_C" "chr13_21261397_T_C_b38_T"
[39] "chr13_21261414_G_A_b38_G" "chr13_21261416_A_C_b38_A"
[41] "chr13_21261421_A_T_b38_A" "chr13_21261438_G_A_b38_G"
[43] "chr13_21261441_G_T_b38_G" "chr13_21261458_T_C_b38_T"
[45] "chr13_21261463_G_A_b38_G" "chr13_21261465_T_C_b38_T"
[47] "chr13_21261473_C_T_b38_C" "chr13_21261476_C_T_b38_C"
[49] "chr13_21261477_A_G_b38_A" "chr13_21261910_G_C_b38_G"
[51] "chr13_21261913_A_G_b38_A" "chr13_21261991_C_T_b38_C"
[53] "chr13_21262058_C_T_b38_C" "chr13_21274173_A_G_b38_A"
[55] "chr13_21274217_T_G_b38_T" "chr13_21274336_C_T_b38_C"
[57] "chr13_21638114_A_G_b38_A"
57 SNP(s) removed because HWE P < 1e-08 :
 [1] "chr13_20930934_C_T_b38_C" "chr13_20932196_C_G_b38_C"
 [3] "chr13_20933551_T_C_b38_T" "chr13_20936517_G_A_b38_G"
 [5] "chr13_20937074_C_T_b38_C" "chr13_20943780_G_A_b38_G"
 [7] "chr13_20947993_C_T_b38_C" "chr13_20964081_A_G_b38_A"
 [9] "chr13_21232212_C_T_b38_C" "chr13_21232536_C_A_b38_C"
[11] "chr13_21232796_C_G_b38_C" "chr13_21232804_G_T_b38_G"
[13] "chr13_21232816_T_C_b38_T" "chr13_21232859_T_C_b38_T"
[15] "chr13_21232968_T_C_b38_T" "chr13_21233050_A_G_b38_A"
[17] "chr13_21233086_A_G_b38_A" "chr13_21233613_T_C_b38_T"
[19] "chr13_21234919_G_C_b38_G" "chr13_21234958_G_T_b38_G"
[21] "chr13_21235831_T_C_b38_T" "chr13_21236508_T_C_b38_T"
[23] "chr13_21239412_C_G_b38_C" "chr13_21240448_T_G_b38_T"
[25] "chr13_21240514_G_T_b38_G" "chr13_21240734_T_G_b38_T"
[27] "chr13_21241566_T_A_b38_T" "chr13_21242677_A_G_b38_A"
[29] "chr13_21242694_C_A_b38_C" "chr13_21242798_T_C_b38_T"
[31] "chr13_21242801_C_T_b38_C" "chr13_21242803_C_T_b38_C"
[33] "chr13_21242830_T_C_b38_T" "chr13_21242869_C_A_b38_C"
[35] "chr13_21242983_A_T_b38_A" "chr13_21261333_C_A_b38_C"
[37] "chr13_21261375_C_T_b38_C" "chr13_21261397_T_C_b38_T"
[39] "chr13_21261414_G_A_b38_G" "chr13_21261416_A_C_b38_A"
[41] "chr13_21261421_A_T_b38_A" "chr13_21261438_G_A_b38_G"
[43] "chr13_21261441_G_T_b38_G" "chr13_21261458_T_C_b38_T"
[45] "chr13_21261463_G_A_b38_G" "chr13_21261465_T_C_b38_T"
[47] "chr13_21261473_C_T_b38_C" "chr13_21261476_C_T_b38_C"
[49] "chr13_21261477_A_G_b38_A" "chr13_21261910_G_C_b38_G"
[51] "chr13_21261913_A_G_b38_A" "chr13_21261991_C_T_b38_C"
[53] "chr13_21262058_C_T_b38_C" "chr13_21274173_A_G_b38_A"
[55] "chr13_21274217_T_G_b38_T" "chr13_21274336_C_T_b38_C"
[57] "chr13_21638114_A_G_b38_A"
57 SNP(s) removed because HWE P < 1e-08 :
 [1] "chr13_20930934_C_T_b38_C" "chr13_20932196_C_G_b38_C"
 [3] "chr13_20933551_T_C_b38_T" "chr13_20936517_G_A_b38_G"
 [5] "chr13_20937074_C_T_b38_C" "chr13_20943780_G_A_b38_G"
 [7] "chr13_20947993_C_T_b38_C" "chr13_20964081_A_G_b38_A"
 [9] "chr13_21232212_C_T_b38_C" "chr13_21232536_C_A_b38_C"
[11] "chr13_21232796_C_G_b38_C" "chr13_21232804_G_T_b38_G"
[13] "chr13_21232816_T_C_b38_T" "chr13_21232859_T_C_b38_T"
[15] "chr13_21232968_T_C_b38_T" "chr13_21233050_A_G_b38_A"
[17] "chr13_21233086_A_G_b38_A" "chr13_21233613_T_C_b38_T"
[19] "chr13_21234919_G_C_b38_G" "chr13_21234958_G_T_b38_G"
[21] "chr13_21235831_T_C_b38_T" "chr13_21236508_T_C_b38_T"
[23] "chr13_21239412_C_G_b38_C" "chr13_21240448_T_G_b38_T"
[25] "chr13_21240514_G_T_b38_G" "chr13_21240734_T_G_b38_T"
[27] "chr13_21241566_T_A_b38_T" "chr13_21242677_A_G_b38_A"
[29] "chr13_21242694_C_A_b38_C" "chr13_21242798_T_C_b38_T"
[31] "chr13_21242801_C_T_b38_C" "chr13_21242803_C_T_b38_C"
[33] "chr13_21242830_T_C_b38_T" "chr13_21242869_C_A_b38_C"
[35] "chr13_21242983_A_T_b38_A" "chr13_21261333_C_A_b38_C"
[37] "chr13_21261375_C_T_b38_C" "chr13_21261397_T_C_b38_T"
[39] "chr13_21261414_G_A_b38_G" "chr13_21261416_A_C_b38_A"
[41] "chr13_21261421_A_T_b38_A" "chr13_21261438_G_A_b38_G"
[43] "chr13_21261441_G_T_b38_G" "chr13_21261458_T_C_b38_T"
[45] "chr13_21261463_G_A_b38_G" "chr13_21261465_T_C_b38_T"
[47] "chr13_21261473_C_T_b38_C" "chr13_21261476_C_T_b38_C"
[49] "chr13_21261477_A_G_b38_A" "chr13_21261910_G_C_b38_G"
[51] "chr13_21261913_A_G_b38_A" "chr13_21261991_C_T_b38_C"
[53] "chr13_21262058_C_T_b38_C" "chr13_21274173_A_G_b38_A"
[55] "chr13_21274217_T_G_b38_T" "chr13_21274336_C_T_b38_C"
[57] "chr13_21638114_A_G_b38_A"
57 SNP(s) removed because HWE P < 1e-08 :
 [1] "chr13_20930934_C_T_b38_C" "chr13_20932196_C_G_b38_C"
 [3] "chr13_20933551_T_C_b38_T" "chr13_20936517_G_A_b38_G"
 [5] "chr13_20937074_C_T_b38_C" "chr13_20943780_G_A_b38_G"
 [7] "chr13_20947993_C_T_b38_C" "chr13_20964081_A_G_b38_A"
 [9] "chr13_21232212_C_T_b38_C" "chr13_21232536_C_A_b38_C"
[11] "chr13_21232796_C_G_b38_C" "chr13_21232804_G_T_b38_G"
[13] "chr13_21232816_T_C_b38_T" "chr13_21232859_T_C_b38_T"
[15] "chr13_21232968_T_C_b38_T" "chr13_21233050_A_G_b38_A"
[17] "chr13_21233086_A_G_b38_A" "chr13_21233613_T_C_b38_T"
[19] "chr13_21234919_G_C_b38_G" "chr13_21234958_G_T_b38_G"
[21] "chr13_21235831_T_C_b38_T" "chr13_21236508_T_C_b38_T"
[23] "chr13_21239412_C_G_b38_C" "chr13_21240448_T_G_b38_T"
[25] "chr13_21240514_G_T_b38_G" "chr13_21240734_T_G_b38_T"
[27] "chr13_21241566_T_A_b38_T" "chr13_21242677_A_G_b38_A"
[29] "chr13_21242694_C_A_b38_C" "chr13_21242798_T_C_b38_T"
[31] "chr13_21242801_C_T_b38_C" "chr13_21242803_C_T_b38_C"
[33] "chr13_21242830_T_C_b38_T" "chr13_21242869_C_A_b38_C"
[35] "chr13_21242983_A_T_b38_A" "chr13_21261333_C_A_b38_C"
[37] "chr13_21261375_C_T_b38_C" "chr13_21261397_T_C_b38_T"
[39] "chr13_21261414_G_A_b38_G" "chr13_21261416_A_C_b38_A"
[41] "chr13_21261421_A_T_b38_A" "chr13_21261438_G_A_b38_G"
[43] "chr13_21261441_G_T_b38_G" "chr13_21261458_T_C_b38_T"
[45] "chr13_21261463_G_A_b38_G" "chr13_21261465_T_C_b38_T"
[47] "chr13_21261473_C_T_b38_C" "chr13_21261476_C_T_b38_C"
[49] "chr13_21261477_A_G_b38_A" "chr13_21261910_G_C_b38_G"
[51] "chr13_21261913_A_G_b38_A" "chr13_21261991_C_T_b38_C"
[53] "chr13_21262058_C_T_b38_C" "chr13_21274173_A_G_b38_A"
[55] "chr13_21274217_T_G_b38_T" "chr13_21274336_C_T_b38_C"
[57] "chr13_21638114_A_G_b38_A"
57 SNP(s) removed because HWE P < 1e-08 :
 [1] "chr13_20930934_C_T_b38_C" "chr13_20932196_C_G_b38_C"
 [3] "chr13_20933551_T_C_b38_T" "chr13_20936517_G_A_b38_G"
 [5] "chr13_20937074_C_T_b38_C" "chr13_20943780_G_A_b38_G"
 [7] "chr13_20947993_C_T_b38_C" "chr13_20964081_A_G_b38_A"
 [9] "chr13_21232212_C_T_b38_C" "chr13_21232536_C_A_b38_C"
[11] "chr13_21232796_C_G_b38_C" "chr13_21232804_G_T_b38_G"
[13] "chr13_21232816_T_C_b38_T" "chr13_21232859_T_C_b38_T"
[15] "chr13_21232968_T_C_b38_T" "chr13_21233050_A_G_b38_A"
[17] "chr13_21233086_A_G_b38_A" "chr13_21233613_T_C_b38_T"
[19] "chr13_21234919_G_C_b38_G" "chr13_21234958_G_T_b38_G"
[21] "chr13_21235831_T_C_b38_T" "chr13_21236508_T_C_b38_T"
[23] "chr13_21239412_C_G_b38_C" "chr13_21240448_T_G_b38_T"
[25] "chr13_21240514_G_T_b38_G" "chr13_21240734_T_G_b38_T"
[27] "chr13_21241566_T_A_b38_T" "chr13_21242677_A_G_b38_A"
[29] "chr13_21242694_C_A_b38_C" "chr13_21242798_T_C_b38_T"
[31] "chr13_21242801_C_T_b38_C" "chr13_21242803_C_T_b38_C"
[33] "chr13_21242830_T_C_b38_T" "chr13_21242869_C_A_b38_C"
[35] "chr13_21242983_A_T_b38_A" "chr13_21261333_C_A_b38_C"
[37] "chr13_21261375_C_T_b38_C" "chr13_21261397_T_C_b38_T"
[39] "chr13_21261414_G_A_b38_G" "chr13_21261416_A_C_b38_A"
[41] "chr13_21261421_A_T_b38_A" "chr13_21261438_G_A_b38_G"
[43] "chr13_21261441_G_T_b38_G" "chr13_21261458_T_C_b38_T"
[45] "chr13_21261463_G_A_b38_G" "chr13_21261465_T_C_b38_T"
[47] "chr13_21261473_C_T_b38_C" "chr13_21261476_C_T_b38_C"
[49] "chr13_21261477_A_G_b38_A" "chr13_21261910_G_C_b38_G"
[51] "chr13_21261913_A_G_b38_A" "chr13_21261991_C_T_b38_C"
[53] "chr13_21262058_C_T_b38_C" "chr13_21274173_A_G_b38_A"
[55] "chr13_21274217_T_G_b38_T" "chr13_21274336_C_T_b38_C"
[57] "chr13_21638114_A_G_b38_A"
57 SNP(s) removed because HWE P < 1e-08 :
 [1] "chr13_20930934_C_T_b38_C" "chr13_20932196_C_G_b38_C"
 [3] "chr13_20933551_T_C_b38_T" "chr13_20936517_G_A_b38_G"
 [5] "chr13_20937074_C_T_b38_C" "chr13_20943780_G_A_b38_G"
 [7] "chr13_20947993_C_T_b38_C" "chr13_20964081_A_G_b38_A"
 [9] "chr13_21232212_C_T_b38_C" "chr13_21232536_C_A_b38_C"
[11] "chr13_21232796_C_G_b38_C" "chr13_21232804_G_T_b38_G"
[13] "chr13_21232816_T_C_b38_T" "chr13_21232859_T_C_b38_T"
[15] "chr13_21232968_T_C_b38_T" "chr13_21233050_A_G_b38_A"
[17] "chr13_21233086_A_G_b38_A" "chr13_21233613_T_C_b38_T"
[19] "chr13_21234919_G_C_b38_G" "chr13_21234958_G_T_b38_G"
[21] "chr13_21235831_T_C_b38_T" "chr13_21236508_T_C_b38_T"
[23] "chr13_21239412_C_G_b38_C" "chr13_21240448_T_G_b38_T"
[25] "chr13_21240514_G_T_b38_G" "chr13_21240734_T_G_b38_T"
[27] "chr13_21241566_T_A_b38_T" "chr13_21242677_A_G_b38_A"
[29] "chr13_21242694_C_A_b38_C" "chr13_21242798_T_C_b38_T"
[31] "chr13_21242801_C_T_b38_C" "chr13_21242803_C_T_b38_C"
[33] "chr13_21242830_T_C_b38_T" "chr13_21242869_C_A_b38_C"
[35] "chr13_21242983_A_T_b38_A" "chr13_21261333_C_A_b38_C"
[37] "chr13_21261375_C_T_b38_C" "chr13_21261397_T_C_b38_T"
[39] "chr13_21261414_G_A_b38_G" "chr13_21261416_A_C_b38_A"
[41] "chr13_21261421_A_T_b38_A" "chr13_21261438_G_A_b38_G"
[43] "chr13_21261441_G_T_b38_G" "chr13_21261458_T_C_b38_T"
[45] "chr13_21261463_G_A_b38_G" "chr13_21261465_T_C_b38_T"
[47] "chr13_21261473_C_T_b38_C" "chr13_21261476_C_T_b38_C"
[49] "chr13_21261477_A_G_b38_A" "chr13_21261910_G_C_b38_G"
[51] "chr13_21261913_A_G_b38_A" "chr13_21261991_C_T_b38_C"
[53] "chr13_21262058_C_T_b38_C" "chr13_21274173_A_G_b38_A"
[55] "chr13_21274217_T_G_b38_T" "chr13_21274336_C_T_b38_C"
[57] "chr13_21638114_A_G_b38_A"
57 SNP(s) removed because HWE P < 1e-08 :
 [1] "chr13_20930934_C_T_b38_C" "chr13_20932196_C_G_b38_C"
 [3] "chr13_20933551_T_C_b38_T" "chr13_20936517_G_A_b38_G"
 [5] "chr13_20937074_C_T_b38_C" "chr13_20943780_G_A_b38_G"
 [7] "chr13_20947993_C_T_b38_C" "chr13_20964081_A_G_b38_A"
 [9] "chr13_21232212_C_T_b38_C" "chr13_21232536_C_A_b38_C"
[11] "chr13_21232796_C_G_b38_C" "chr13_21232804_G_T_b38_G"
[13] "chr13_21232816_T_C_b38_T" "chr13_21232859_T_C_b38_T"
[15] "chr13_21232968_T_C_b38_T" "chr13_21233050_A_G_b38_A"
[17] "chr13_21233086_A_G_b38_A" "chr13_21233613_T_C_b38_T"
[19] "chr13_21234919_G_C_b38_G" "chr13_21234958_G_T_b38_G"
[21] "chr13_21235831_T_C_b38_T" "chr13_21236508_T_C_b38_T"
[23] "chr13_21239412_C_G_b38_C" "chr13_21240448_T_G_b38_T"
[25] "chr13_21240514_G_T_b38_G" "chr13_21240734_T_G_b38_T"
[27] "chr13_21241566_T_A_b38_T" "chr13_21242677_A_G_b38_A"
[29] "chr13_21242694_C_A_b38_C" "chr13_21242798_T_C_b38_T"
[31] "chr13_21242801_C_T_b38_C" "chr13_21242803_C_T_b38_C"
[33] "chr13_21242830_T_C_b38_T" "chr13_21242869_C_A_b38_C"
[35] "chr13_21242983_A_T_b38_A" "chr13_21261333_C_A_b38_C"
[37] "chr13_21261375_C_T_b38_C" "chr13_21261397_T_C_b38_T"
[39] "chr13_21261414_G_A_b38_G" "chr13_21261416_A_C_b38_A"
[41] "chr13_21261421_A_T_b38_A" "chr13_21261438_G_A_b38_G"
[43] "chr13_21261441_G_T_b38_G" "chr13_21261458_T_C_b38_T"
[45] "chr13_21261463_G_A_b38_G" "chr13_21261465_T_C_b38_T"
[47] "chr13_21261473_C_T_b38_C" "chr13_21261476_C_T_b38_C"
[49] "chr13_21261477_A_G_b38_A" "chr13_21261910_G_C_b38_G"
[51] "chr13_21261913_A_G_b38_A" "chr13_21261991_C_T_b38_C"
[53] "chr13_21262058_C_T_b38_C" "chr13_21274173_A_G_b38_A"
[55] "chr13_21274217_T_G_b38_T" "chr13_21274336_C_T_b38_C"
[57] "chr13_21638114_A_G_b38_A"
57 SNP(s) removed because HWE P < 1e-08 :
 [1] "chr13_20930934_C_T_b38_C" "chr13_20932196_C_G_b38_C"
 [3] "chr13_20933551_T_C_b38_T" "chr13_20936517_G_A_b38_G"
 [5] "chr13_20937074_C_T_b38_C" "chr13_20943780_G_A_b38_G"
 [7] "chr13_20947993_C_T_b38_C" "chr13_20964081_A_G_b38_A"
 [9] "chr13_21232212_C_T_b38_C" "chr13_21232536_C_A_b38_C"
[11] "chr13_21232796_C_G_b38_C" "chr13_21232804_G_T_b38_G"
[13] "chr13_21232816_T_C_b38_T" "chr13_21232859_T_C_b38_T"
[15] "chr13_21232968_T_C_b38_T" "chr13_21233050_A_G_b38_A"
[17] "chr13_21233086_A_G_b38_A" "chr13_21233613_T_C_b38_T"
[19] "chr13_21234919_G_C_b38_G" "chr13_21234958_G_T_b38_G"
[21] "chr13_21235831_T_C_b38_T" "chr13_21236508_T_C_b38_T"
[23] "chr13_21239412_C_G_b38_C" "chr13_21240448_T_G_b38_T"
[25] "chr13_21240514_G_T_b38_G" "chr13_21240734_T_G_b38_T"
[27] "chr13_21241566_T_A_b38_T" "chr13_21242677_A_G_b38_A"
[29] "chr13_21242694_C_A_b38_C" "chr13_21242798_T_C_b38_T"
[31] "chr13_21242801_C_T_b38_C" "chr13_21242803_C_T_b38_C"
[33] "chr13_21242830_T_C_b38_T" "chr13_21242869_C_A_b38_C"
[35] "chr13_21242983_A_T_b38_A" "chr13_21261333_C_A_b38_C"
[37] "chr13_21261375_C_T_b38_C" "chr13_21261397_T_C_b38_T"
[39] "chr13_21261414_G_A_b38_G" "chr13_21261416_A_C_b38_A"
[41] "chr13_21261421_A_T_b38_A" "chr13_21261438_G_A_b38_G"
[43] "chr13_21261441_G_T_b38_G" "chr13_21261458_T_C_b38_T"
[45] "chr13_21261463_G_A_b38_G" "chr13_21261465_T_C_b38_T"
[47] "chr13_21261473_C_T_b38_C" "chr13_21261476_C_T_b38_C"
[49] "chr13_21261477_A_G_b38_A" "chr13_21261910_G_C_b38_G"
[51] "chr13_21261913_A_G_b38_A" "chr13_21261991_C_T_b38_C"
[53] "chr13_21262058_C_T_b38_C" "chr13_21274173_A_G_b38_A"
[55] "chr13_21274217_T_G_b38_T" "chr13_21274336_C_T_b38_C"
[57] "chr13_21638114_A_G_b38_A"
57 SNP(s) removed because HWE P < 1e-08 :
 [1] "chr13_20930934_C_T_b38_C" "chr13_20932196_C_G_b38_C"
 [3] "chr13_20933551_T_C_b38_T" "chr13_20936517_G_A_b38_G"
 [5] "chr13_20937074_C_T_b38_C" "chr13_20943780_G_A_b38_G"
 [7] "chr13_20947993_C_T_b38_C" "chr13_20964081_A_G_b38_A"
 [9] "chr13_21232212_C_T_b38_C" "chr13_21232536_C_A_b38_C"
[11] "chr13_21232796_C_G_b38_C" "chr13_21232804_G_T_b38_G"
[13] "chr13_21232816_T_C_b38_T" "chr13_21232859_T_C_b38_T"
[15] "chr13_21232968_T_C_b38_T" "chr13_21233050_A_G_b38_A"
[17] "chr13_21233086_A_G_b38_A" "chr13_21233613_T_C_b38_T"
[19] "chr13_21234919_G_C_b38_G" "chr13_21234958_G_T_b38_G"
[21] "chr13_21235831_T_C_b38_T" "chr13_21236508_T_C_b38_T"
[23] "chr13_21239412_C_G_b38_C" "chr13_21240448_T_G_b38_T"
[25] "chr13_21240514_G_T_b38_G" "chr13_21240734_T_G_b38_T"
[27] "chr13_21241566_T_A_b38_T" "chr13_21242677_A_G_b38_A"
[29] "chr13_21242694_C_A_b38_C" "chr13_21242798_T_C_b38_T"
[31] "chr13_21242801_C_T_b38_C" "chr13_21242803_C_T_b38_C"
[33] "chr13_21242830_T_C_b38_T" "chr13_21242869_C_A_b38_C"
[35] "chr13_21242983_A_T_b38_A" "chr13_21261333_C_A_b38_C"
[37] "chr13_21261375_C_T_b38_C" "chr13_21261397_T_C_b38_T"
[39] "chr13_21261414_G_A_b38_G" "chr13_21261416_A_C_b38_A"
[41] "chr13_21261421_A_T_b38_A" "chr13_21261438_G_A_b38_G"
[43] "chr13_21261441_G_T_b38_G" "chr13_21261458_T_C_b38_T"
[45] "chr13_21261463_G_A_b38_G" "chr13_21261465_T_C_b38_T"
[47] "chr13_21261473_C_T_b38_C" "chr13_21261476_C_T_b38_C"
[49] "chr13_21261477_A_G_b38_A" "chr13_21261910_G_C_b38_G"
[51] "chr13_21261913_A_G_b38_A" "chr13_21261991_C_T_b38_C"
[53] "chr13_21262058_C_T_b38_C" "chr13_21274173_A_G_b38_A"
[55] "chr13_21274217_T_G_b38_T" "chr13_21274336_C_T_b38_C"
[57] "chr13_21638114_A_G_b38_A"
57 SNP(s) removed because HWE P < 1e-08 :
 [1] "chr13_20930934_C_T_b38_C" "chr13_20932196_C_G_b38_C"
 [3] "chr13_20933551_T_C_b38_T" "chr13_20936517_G_A_b38_G"
 [5] "chr13_20937074_C_T_b38_C" "chr13_20943780_G_A_b38_G"
 [7] "chr13_20947993_C_T_b38_C" "chr13_20964081_A_G_b38_A"
 [9] "chr13_21232212_C_T_b38_C" "chr13_21232536_C_A_b38_C"
[11] "chr13_21232796_C_G_b38_C" "chr13_21232804_G_T_b38_G"
[13] "chr13_21232816_T_C_b38_T" "chr13_21232859_T_C_b38_T"
[15] "chr13_21232968_T_C_b38_T" "chr13_21233050_A_G_b38_A"
[17] "chr13_21233086_A_G_b38_A" "chr13_21233613_T_C_b38_T"
[19] "chr13_21234919_G_C_b38_G" "chr13_21234958_G_T_b38_G"
[21] "chr13_21235831_T_C_b38_T" "chr13_21236508_T_C_b38_T"
[23] "chr13_21239412_C_G_b38_C" "chr13_21240448_T_G_b38_T"
[25] "chr13_21240514_G_T_b38_G" "chr13_21240734_T_G_b38_T"
[27] "chr13_21241566_T_A_b38_T" "chr13_21242677_A_G_b38_A"
[29] "chr13_21242694_C_A_b38_C" "chr13_21242798_T_C_b38_T"
[31] "chr13_21242801_C_T_b38_C" "chr13_21242803_C_T_b38_C"
[33] "chr13_21242830_T_C_b38_T" "chr13_21242869_C_A_b38_C"
[35] "chr13_21242983_A_T_b38_A" "chr13_21261333_C_A_b38_C"
[37] "chr13_21261375_C_T_b38_C" "chr13_21261397_T_C_b38_T"
[39] "chr13_21261414_G_A_b38_G" "chr13_21261416_A_C_b38_A"
[41] "chr13_21261421_A_T_b38_A" "chr13_21261438_G_A_b38_G"
[43] "chr13_21261441_G_T_b38_G" "chr13_21261458_T_C_b38_T"
[45] "chr13_21261463_G_A_b38_G" "chr13_21261465_T_C_b38_T"
[47] "chr13_21261473_C_T_b38_C" "chr13_21261476_C_T_b38_C"
[49] "chr13_21261477_A_G_b38_A" "chr13_21261910_G_C_b38_G"
[51] "chr13_21261913_A_G_b38_A" "chr13_21261991_C_T_b38_C"
[53] "chr13_21262058_C_T_b38_C" "chr13_21274173_A_G_b38_A"
[55] "chr13_21274217_T_G_b38_T" "chr13_21274336_C_T_b38_C"
[57] "chr13_21638114_A_G_b38_A"
57 SNP(s) removed because HWE P < 1e-08 :
 [1] "chr13_20930934_C_T_b38_C" "chr13_20932196_C_G_b38_C"
 [3] "chr13_20933551_T_C_b38_T" "chr13_20936517_G_A_b38_G"
 [5] "chr13_20937074_C_T_b38_C" "chr13_20943780_G_A_b38_G"
 [7] "chr13_20947993_C_T_b38_C" "chr13_20964081_A_G_b38_A"
 [9] "chr13_21232212_C_T_b38_C" "chr13_21232536_C_A_b38_C"
[11] "chr13_21232796_C_G_b38_C" "chr13_21232804_G_T_b38_G"
[13] "chr13_21232816_T_C_b38_T" "chr13_21232859_T_C_b38_T"
[15] "chr13_21232968_T_C_b38_T" "chr13_21233050_A_G_b38_A"
[17] "chr13_21233086_A_G_b38_A" "chr13_21233613_T_C_b38_T"
[19] "chr13_21234919_G_C_b38_G" "chr13_21234958_G_T_b38_G"
[21] "chr13_21235831_T_C_b38_T" "chr13_21236508_T_C_b38_T"
[23] "chr13_21239412_C_G_b38_C" "chr13_21240448_T_G_b38_T"
[25] "chr13_21240514_G_T_b38_G" "chr13_21240734_T_G_b38_T"
[27] "chr13_21241566_T_A_b38_T" "chr13_21242677_A_G_b38_A"
[29] "chr13_21242694_C_A_b38_C" "chr13_21242798_T_C_b38_T"
[31] "chr13_21242801_C_T_b38_C" "chr13_21242803_C_T_b38_C"
[33] "chr13_21242830_T_C_b38_T" "chr13_21242869_C_A_b38_C"
[35] "chr13_21242983_A_T_b38_A" "chr13_21261333_C_A_b38_C"
[37] "chr13_21261375_C_T_b38_C" "chr13_21261397_T_C_b38_T"
[39] "chr13_21261414_G_A_b38_G" "chr13_21261416_A_C_b38_A"
[41] "chr13_21261421_A_T_b38_A" "chr13_21261438_G_A_b38_G"
[43] "chr13_21261441_G_T_b38_G" "chr13_21261458_T_C_b38_T"
[45] "chr13_21261463_G_A_b38_G" "chr13_21261465_T_C_b38_T"
[47] "chr13_21261473_C_T_b38_C" "chr13_21261476_C_T_b38_C"
[49] "chr13_21261477_A_G_b38_A" "chr13_21261910_G_C_b38_G"
[51] "chr13_21261913_A_G_b38_A" "chr13_21261991_C_T_b38_C"
[53] "chr13_21262058_C_T_b38_C" "chr13_21274173_A_G_b38_A"
[55] "chr13_21274217_T_G_b38_T" "chr13_21274336_C_T_b38_C"
[57] "chr13_21638114_A_G_b38_A"
57 SNP(s) removed because HWE P < 1e-08 :
 [1] "chr13_20930934_C_T_b38_C" "chr13_20932196_C_G_b38_C"
 [3] "chr13_20933551_T_C_b38_T" "chr13_20936517_G_A_b38_G"
 [5] "chr13_20937074_C_T_b38_C" "chr13_20943780_G_A_b38_G"
 [7] "chr13_20947993_C_T_b38_C" "chr13_20964081_A_G_b38_A"
 [9] "chr13_21232212_C_T_b38_C" "chr13_21232536_C_A_b38_C"
[11] "chr13_21232796_C_G_b38_C" "chr13_21232804_G_T_b38_G"
[13] "chr13_21232816_T_C_b38_T" "chr13_21232859_T_C_b38_T"
[15] "chr13_21232968_T_C_b38_T" "chr13_21233050_A_G_b38_A"
[17] "chr13_21233086_A_G_b38_A" "chr13_21233613_T_C_b38_T"
[19] "chr13_21234919_G_C_b38_G" "chr13_21234958_G_T_b38_G"
[21] "chr13_21235831_T_C_b38_T" "chr13_21236508_T_C_b38_T"
[23] "chr13_21239412_C_G_b38_C" "chr13_21240448_T_G_b38_T"
[25] "chr13_21240514_G_T_b38_G" "chr13_21240734_T_G_b38_T"
[27] "chr13_21241566_T_A_b38_T" "chr13_21242677_A_G_b38_A"
[29] "chr13_21242694_C_A_b38_C" "chr13_21242798_T_C_b38_T"
[31] "chr13_21242801_C_T_b38_C" "chr13_21242803_C_T_b38_C"
[33] "chr13_21242830_T_C_b38_T" "chr13_21242869_C_A_b38_C"
[35] "chr13_21242983_A_T_b38_A" "chr13_21261333_C_A_b38_C"
[37] "chr13_21261375_C_T_b38_C" "chr13_21261397_T_C_b38_T"
[39] "chr13_21261414_G_A_b38_G" "chr13_21261416_A_C_b38_A"
[41] "chr13_21261421_A_T_b38_A" "chr13_21261438_G_A_b38_G"
[43] "chr13_21261441_G_T_b38_G" "chr13_21261458_T_C_b38_T"
[45] "chr13_21261463_G_A_b38_G" "chr13_21261465_T_C_b38_T"
[47] "chr13_21261473_C_T_b38_C" "chr13_21261476_C_T_b38_C"
[49] "chr13_21261477_A_G_b38_A" "chr13_21261910_G_C_b38_G"
[51] "chr13_21261913_A_G_b38_A" "chr13_21261991_C_T_b38_C"
[53] "chr13_21262058_C_T_b38_C" "chr13_21274173_A_G_b38_A"
[55] "chr13_21274217_T_G_b38_T" "chr13_21274336_C_T_b38_C"
[57] "chr13_21638114_A_G_b38_A"
57 SNP(s) removed because HWE P < 1e-08 :
 [1] "chr13_20930934_C_T_b38_C" "chr13_20932196_C_G_b38_C"
 [3] "chr13_20933551_T_C_b38_T" "chr13_20936517_G_A_b38_G"
 [5] "chr13_20937074_C_T_b38_C" "chr13_20943780_G_A_b38_G"
 [7] "chr13_20947993_C_T_b38_C" "chr13_20964081_A_G_b38_A"
 [9] "chr13_21232212_C_T_b38_C" "chr13_21232536_C_A_b38_C"
[11] "chr13_21232796_C_G_b38_C" "chr13_21232804_G_T_b38_G"
[13] "chr13_21232816_T_C_b38_T" "chr13_21232859_T_C_b38_T"
[15] "chr13_21232968_T_C_b38_T" "chr13_21233050_A_G_b38_A"
[17] "chr13_21233086_A_G_b38_A" "chr13_21233613_T_C_b38_T"
[19] "chr13_21234919_G_C_b38_G" "chr13_21234958_G_T_b38_G"
[21] "chr13_21235831_T_C_b38_T" "chr13_21236508_T_C_b38_T"
[23] "chr13_21239412_C_G_b38_C" "chr13_21240448_T_G_b38_T"
[25] "chr13_21240514_G_T_b38_G" "chr13_21240734_T_G_b38_T"
[27] "chr13_21241566_T_A_b38_T" "chr13_21242677_A_G_b38_A"
[29] "chr13_21242694_C_A_b38_C" "chr13_21242798_T_C_b38_T"
[31] "chr13_21242801_C_T_b38_C" "chr13_21242803_C_T_b38_C"
[33] "chr13_21242830_T_C_b38_T" "chr13_21242869_C_A_b38_C"
[35] "chr13_21242983_A_T_b38_A" "chr13_21261333_C_A_b38_C"
[37] "chr13_21261375_C_T_b38_C" "chr13_21261397_T_C_b38_T"
[39] "chr13_21261414_G_A_b38_G" "chr13_21261416_A_C_b38_A"
[41] "chr13_21261421_A_T_b38_A" "chr13_21261438_G_A_b38_G"
[43] "chr13_21261441_G_T_b38_G" "chr13_21261458_T_C_b38_T"
[45] "chr13_21261463_G_A_b38_G" "chr13_21261465_T_C_b38_T"
[47] "chr13_21261473_C_T_b38_C" "chr13_21261476_C_T_b38_C"
[49] "chr13_21261477_A_G_b38_A" "chr13_21261910_G_C_b38_G"
[51] "chr13_21261913_A_G_b38_A" "chr13_21261991_C_T_b38_C"
[53] "chr13_21262058_C_T_b38_C" "chr13_21274173_A_G_b38_A"
[55] "chr13_21274217_T_G_b38_T" "chr13_21274336_C_T_b38_C"
[57] "chr13_21638114_A_G_b38_A"
Finished simulation job 696 at Tue Sep 22 07:31:33 CDT 2026
