Registered S3 methods overwritten by 'susieSlide':
  method              from  
  coef.susie          susieR
  predict.susie       susieR
  print.summary.susie susieR
  summary.susie       susieR
Job 410: 1/400
Job 410: 2/400
Job 410: 3/400
Job 410: 4/400
Job 410: 5/400
Job 410: 6/400
Job 410: 7/400
Job 410: 8/400
Job 410: 9/400
Job 410: 10/400
Job 410: 11/400
Job 410: 12/400
Job 410: 13/400
Job 410: 14/400
Job 410: 15/400
Job 410: 16/400
Job 410: 17/400
Job 410: 18/400
Job 410: 19/400
Job 410: 20/400
Job 410: 21/400
Job 410: 22/400
Job 410: 23/400
Job 410: 24/400
Job 410: 25/400
Job 410: 26/400
Job 410: 27/400
Job 410: 28/400
Job 410: 29/400
Job 410: 30/400
Job 410: 31/400
Job 410: 32/400
Job 410: 33/400
Job 410: 34/400
Job 410: 35/400
Job 410: 36/400
Job 410: 37/400
Job 410: 38/400
Job 410: 39/400
Job 410: 40/400
Job 410: 41/400
Job 410: 42/400
Job 410: 43/400
Job 410: 44/400
Job 410: 45/400
Job 410: 46/400
Job 410: 47/400
Job 410: 48/400
Job 410: 49/400
Job 410: 50/400
Job 410: 51/400
Job 410: 52/400
Job 410: 53/400
Job 410: 54/400
Job 410: 55/400
Job 410: 56/400
Job 410: 57/400
Job 410: 58/400
Job 410: 59/400
Job 410: 60/400
Job 410: 61/400
Job 410: 62/400
Job 410: 63/400
Job 410: 64/400
Job 410: 65/400
Job 410: 66/400
Job 410: 67/400
Job 410: 68/400
Job 410: 69/400
Job 410: 70/400
Job 410: 71/400
Job 410: 72/400
Job 410: 73/400
Job 410: 74/400
Job 410: 75/400
Job 410: 76/400
Job 410: 77/400
Job 410: 78/400
Job 410: 79/400
Job 410: 80/400
Job 410: 81/400
Job 410: 82/400
Job 410: 83/400
Job 410: 84/400
Job 410: 85/400
Job 410: 86/400
Job 410: 87/400
Job 410: 88/400
Job 410: 89/400
Job 410: 90/400
Job 410: 91/400
Job 410: 92/400
Job 410: 93/400
Job 410: 94/400
Job 410: 95/400
Job 410: 96/400
Job 410: 97/400
Job 410: 98/400
Job 410: 99/400
Job 410: 100/400
Job 410: 101/400
Job 410: 102/400
Job 410: 103/400
Job 410: 104/400
Job 410: 105/400
Job 410: 106/400
Job 410: 107/400
Job 410: 108/400
Job 410: 109/400
Job 410: 110/400
Job 410: 111/400
Job 410: 112/400
Job 410: 113/400
Job 410: 114/400
Job 410: 115/400
Job 410: 116/400
Job 410: 117/400
Job 410: 118/400
Job 410: 119/400
Job 410: 120/400
Job 410: 121/400
Job 410: 122/400
Job 410: 123/400
Job 410: 124/400
Job 410: 125/400
Job 410: 126/400
Job 410: 127/400
Job 410: 128/400
Job 410: 129/400
Job 410: 130/400
Job 410: 131/400
Job 410: 132/400
Job 410: 133/400
Job 410: 134/400
Job 410: 135/400
Job 410: 136/400
Job 410: 137/400
Job 410: 138/400
Job 410: 139/400
Job 410: 140/400
Job 410: 141/400
Job 410: 142/400
Job 410: 143/400
Job 410: 144/400
Job 410: 145/400
Job 410: 146/400
Job 410: 147/400
Job 410: 148/400
Job 410: 149/400
Job 410: 150/400
Job 410: 151/400
Job 410: 152/400
Job 410: 153/400
Job 410: 154/400
Job 410: 155/400
Job 410: 156/400
Job 410: 157/400
Job 410: 158/400
Job 410: 159/400
Job 410: 160/400
Job 410: 161/400
Job 410: 162/400
Job 410: 163/400
Job 410: 164/400
Job 410: 165/400
Job 410: 166/400
Job 410: 167/400
Job 410: 168/400
Job 410: 169/400
Job 410: 170/400
Job 410: 171/400
Job 410: 172/400
Job 410: 173/400
Job 410: 174/400
Job 410: 175/400
Job 410: 176/400
Job 410: 177/400
Job 410: 178/400
Job 410: 179/400
Job 410: 180/400
Job 410: 181/400
Job 410: 182/400
Job 410: 183/400
Job 410: 184/400
Job 410: 185/400
Job 410: 186/400
Job 410: 187/400
Job 410: 188/400
Job 410: 189/400
Job 410: 190/400
Job 410: 191/400
Job 410: 192/400
Job 410: 193/400
Job 410: 194/400
Job 410: 195/400
Job 410: 196/400
Job 410: 197/400
Job 410: 198/400
Job 410: 199/400
Job 410: 200/400
Job 410: 201/400
Job 410: 202/400
Job 410: 203/400
Job 410: 204/400
Job 410: 205/400
Job 410: 206/400
Job 410: 207/400
Job 410: 208/400
Job 410: 209/400
Job 410: 210/400
Job 410: 211/400
Job 410: 212/400
Job 410: 213/400
Job 410: 214/400
Job 410: 215/400
Job 410: 216/400
Job 410: 217/400
Job 410: 218/400
Job 410: 219/400
Job 410: 220/400
Job 410: 221/400
Job 410: 222/400
Job 410: 223/400
Job 410: 224/400
Job 410: 225/400
Job 410: 226/400
Job 410: 227/400
Job 410: 228/400
Job 410: 229/400
Job 410: 230/400
Job 410: 231/400
Job 410: 232/400
Job 410: 233/400
Job 410: 234/400
Job 410: 235/400
Job 410: 236/400
Job 410: 237/400
Job 410: 238/400
Job 410: 239/400
Job 410: 240/400
Job 410: 241/400
Job 410: 242/400
Job 410: 243/400
Job 410: 244/400
Job 410: 245/400
Job 410: 246/400
Job 410: 247/400
Job 410: 248/400
Job 410: 249/400
Job 410: 250/400
Job 410: 251/400
Job 410: 252/400
Job 410: 253/400
Job 410: 254/400
Job 410: 255/400
Job 410: 256/400
Job 410: 257/400
Job 410: 258/400
Job 410: 259/400
Job 410: 260/400
Job 410: 261/400
Job 410: 262/400
Job 410: 263/400
Job 410: 264/400
Job 410: 265/400
Job 410: 266/400
Job 410: 267/400
Job 410: 268/400
Job 410: 269/400
Job 410: 270/400
Job 410: 271/400
Job 410: 272/400
Job 410: 273/400
Job 410: 274/400
Job 410: 275/400
Job 410: 276/400
Job 410: 277/400
Job 410: 278/400
Job 410: 279/400
Job 410: 280/400
Job 410: 281/400
Job 410: 282/400
Job 410: 283/400
Job 410: 284/400
Job 410: 285/400
Job 410: 286/400
Job 410: 287/400
Job 410: 288/400
Job 410: 289/400
Job 410: 290/400
Job 410: 291/400
Job 410: 292/400
Job 410: 293/400
Job 410: 294/400
Job 410: 295/400
Job 410: 296/400
Job 410: 297/400
Job 410: 298/400
Job 410: 299/400
Job 410: 300/400
Job 410: 301/400
Job 410: 302/400
Job 410: 303/400
Job 410: 304/400
Job 410: 305/400
Job 410: 306/400
Job 410: 307/400
Job 410: 308/400
Job 410: 309/400
Job 410: 310/400
Job 410: 311/400
Job 410: 312/400
Job 410: 313/400
Job 410: 314/400
Job 410: 315/400
Job 410: 316/400
Job 410: 317/400
Job 410: 318/400
Job 410: 319/400
Job 410: 320/400
Job 410: 321/400
Job 410: 322/400
Job 410: 323/400
Job 410: 324/400
Job 410: 325/400
Job 410: 326/400
Job 410: 327/400
Job 410: 328/400
Job 410: 329/400
Job 410: 330/400
Job 410: 331/400
Job 410: 332/400
Job 410: 333/400
Job 410: 334/400
Job 410: 335/400
Job 410: 336/400
Job 410: 337/400
Job 410: 338/400
Job 410: 339/400
Job 410: 340/400
Job 410: 341/400
Job 410: 342/400
Job 410: 343/400
Job 410: 344/400
Job 410: 345/400
Job 410: 346/400
Job 410: 347/400
Job 410: 348/400
Job 410: 349/400
Job 410: 350/400
Job 410: 351/400
Job 410: 352/400
Job 410: 353/400
Job 410: 354/400
Job 410: 355/400
Job 410: 356/400
Job 410: 357/400
Job 410: 358/400
Job 410: 359/400
Job 410: 360/400
Job 410: 361/400
Job 410: 362/400
Job 410: 363/400
Job 410: 364/400
Job 410: 365/400
Job 410: 366/400
Job 410: 367/400
Job 410: 368/400
Job 410: 369/400
Job 410: 370/400
Job 410: 371/400
Job 410: 372/400
Job 410: 373/400
Job 410: 374/400
Job 410: 375/400
Job 410: 376/400
Job 410: 377/400
Job 410: 378/400
Job 410: 379/400
Job 410: 380/400
Job 410: 381/400
Job 410: 382/400
Job 410: 383/400
Job 410: 384/400
Job 410: 385/400
Job 410: 386/400
Job 410: 387/400
Job 410: 388/400
Job 410: 389/400
Job 410: 390/400
Job 410: 391/400
Job 410: 392/400
Job 410: 393/400
Job 410: 394/400
Job 410: 395/400
Job 410: 396/400
Job 410: 397/400
Job 410: 398/400
Job 410: 399/400
Job 410: 400/400
