Registered S3 methods overwritten by 'susieSlide':
  method              from  
  coef.susie          susieR
  predict.susie       susieR
  print.summary.susie susieR
  summary.susie       susieR
Job 501: 1/400
Job 501: 2/400
Job 501: 3/400
Job 501: 4/400
Job 501: 5/400
Job 501: 6/400
Job 501: 7/400
Job 501: 8/400
Job 501: 9/400
Job 501: 10/400
Job 501: 11/400
Job 501: 12/400
Job 501: 13/400
Job 501: 14/400
Job 501: 15/400
Job 501: 16/400
Job 501: 17/400
Job 501: 18/400
Job 501: 19/400
Job 501: 20/400
Job 501: 21/400
Job 501: 22/400
Job 501: 23/400
Job 501: 24/400
Job 501: 25/400
Job 501: 26/400
Job 501: 27/400
Job 501: 28/400
Job 501: 29/400
Job 501: 30/400
Job 501: 31/400
Job 501: 32/400
Job 501: 33/400
Job 501: 34/400
Job 501: 35/400
Job 501: 36/400
Job 501: 37/400
Job 501: 38/400
Job 501: 39/400
Job 501: 40/400
Job 501: 41/400
Job 501: 42/400
Job 501: 43/400
Job 501: 44/400
Job 501: 45/400
Job 501: 46/400
Job 501: 47/400
Job 501: 48/400
Job 501: 49/400
Job 501: 50/400
Job 501: 51/400
Job 501: 52/400
Job 501: 53/400
Job 501: 54/400
Job 501: 55/400
Job 501: 56/400
Job 501: 57/400
Job 501: 58/400
Job 501: 59/400
Job 501: 60/400
Job 501: 61/400
Job 501: 62/400
Job 501: 63/400
Job 501: 64/400
Job 501: 65/400
Job 501: 66/400
Job 501: 67/400
Job 501: 68/400
Job 501: 69/400
Job 501: 70/400
Job 501: 71/400
Job 501: 72/400
Job 501: 73/400
Job 501: 74/400
Job 501: 75/400
Job 501: 76/400
Job 501: 77/400
Job 501: 78/400
Job 501: 79/400
Job 501: 80/400
Job 501: 81/400
Job 501: 82/400
Job 501: 83/400
Job 501: 84/400
Job 501: 85/400
Job 501: 86/400
Job 501: 87/400
Job 501: 88/400
Job 501: 89/400
Job 501: 90/400
Job 501: 91/400
Job 501: 92/400
Job 501: 93/400
Job 501: 94/400
Job 501: 95/400
Job 501: 96/400
Job 501: 97/400
Job 501: 98/400
Job 501: 99/400
Job 501: 100/400
Job 501: 101/400
Job 501: 102/400
Job 501: 103/400
Job 501: 104/400
Job 501: 105/400
Job 501: 106/400
Job 501: 107/400
Job 501: 108/400
Job 501: 109/400
Job 501: 110/400
Job 501: 111/400
Job 501: 112/400
Job 501: 113/400
Job 501: 114/400
Job 501: 115/400
Job 501: 116/400
Job 501: 117/400
Job 501: 118/400
Job 501: 119/400
Job 501: 120/400
Job 501: 121/400
Job 501: 122/400
Job 501: 123/400
Job 501: 124/400
Job 501: 125/400
Job 501: 126/400
Job 501: 127/400
Job 501: 128/400
Job 501: 129/400
Job 501: 130/400
Job 501: 131/400
Job 501: 132/400
Job 501: 133/400
Job 501: 134/400
Job 501: 135/400
Job 501: 136/400
Job 501: 137/400
Job 501: 138/400
Job 501: 139/400
Job 501: 140/400
Job 501: 141/400
Job 501: 142/400
Job 501: 143/400
Job 501: 144/400
Job 501: 145/400
Job 501: 146/400
Job 501: 147/400
Job 501: 148/400
Job 501: 149/400
Job 501: 150/400
Job 501: 151/400
Job 501: 152/400
Job 501: 153/400
Job 501: 154/400
Job 501: 155/400
Job 501: 156/400
Job 501: 157/400
Job 501: 158/400
Job 501: 159/400
Job 501: 160/400
Job 501: 161/400
Job 501: 162/400
Job 501: 163/400
Job 501: 164/400
Job 501: 165/400
Job 501: 166/400
Job 501: 167/400
Job 501: 168/400
Job 501: 169/400
Job 501: 170/400
Job 501: 171/400
Job 501: 172/400
Job 501: 173/400
Job 501: 174/400
Job 501: 175/400
Job 501: 176/400
Job 501: 177/400
Job 501: 178/400
Job 501: 179/400
Job 501: 180/400
Job 501: 181/400
Job 501: 182/400
Job 501: 183/400
Job 501: 184/400
Job 501: 185/400
Job 501: 186/400
Job 501: 187/400
Job 501: 188/400
Job 501: 189/400
Job 501: 190/400
Job 501: 191/400
Job 501: 192/400
Job 501: 193/400
Job 501: 194/400
Job 501: 195/400
Job 501: 196/400
Job 501: 197/400
Job 501: 198/400
Job 501: 199/400
Job 501: 200/400
Job 501: 201/400
Job 501: 202/400
Job 501: 203/400
Job 501: 204/400
Job 501: 205/400
Job 501: 206/400
Job 501: 207/400
Job 501: 208/400
Job 501: 209/400
Job 501: 210/400
Job 501: 211/400
Job 501: 212/400
Job 501: 213/400
Job 501: 214/400
Job 501: 215/400
Job 501: 216/400
Job 501: 217/400
Job 501: 218/400
Job 501: 219/400
Job 501: 220/400
Job 501: 221/400
Job 501: 222/400
Job 501: 223/400
Job 501: 224/400
Job 501: 225/400
Job 501: 226/400
Job 501: 227/400
Job 501: 228/400
Job 501: 229/400
Job 501: 230/400
Job 501: 231/400
Job 501: 232/400
Job 501: 233/400
Job 501: 234/400
Job 501: 235/400
Job 501: 236/400
Job 501: 237/400
Job 501: 238/400
Job 501: 239/400
Job 501: 240/400
Job 501: 241/400
Job 501: 242/400
Job 501: 243/400
Job 501: 244/400
Job 501: 245/400
Job 501: 246/400
Job 501: 247/400
Job 501: 248/400
Job 501: 249/400
Job 501: 250/400
Job 501: 251/400
Job 501: 252/400
Job 501: 253/400
Job 501: 254/400
Job 501: 255/400
Job 501: 256/400
Job 501: 257/400
Job 501: 258/400
Job 501: 259/400
Job 501: 260/400
Job 501: 261/400
Job 501: 262/400
Job 501: 263/400
Job 501: 264/400
Job 501: 265/400
Job 501: 266/400
Job 501: 267/400
Job 501: 268/400
Job 501: 269/400
Job 501: 270/400
Job 501: 271/400
Job 501: 272/400
Job 501: 273/400
Job 501: 274/400
Job 501: 275/400
Job 501: 276/400
Job 501: 277/400
Job 501: 278/400
Job 501: 279/400
Job 501: 280/400
Job 501: 281/400
Job 501: 282/400
Job 501: 283/400
Job 501: 284/400
Job 501: 285/400
Job 501: 286/400
Job 501: 287/400
Job 501: 288/400
Job 501: 289/400
Job 501: 290/400
Job 501: 291/400
Job 501: 292/400
Job 501: 293/400
Job 501: 294/400
Job 501: 295/400
Job 501: 296/400
Job 501: 297/400
Job 501: 298/400
Job 501: 299/400
Job 501: 300/400
Job 501: 301/400
Job 501: 302/400
Job 501: 303/400
Job 501: 304/400
Job 501: 305/400
Job 501: 306/400
Job 501: 307/400
Job 501: 308/400
Job 501: 309/400
Job 501: 310/400
Job 501: 311/400
Job 501: 312/400
Job 501: 313/400
Job 501: 314/400
Job 501: 315/400
Job 501: 316/400
Job 501: 317/400
Job 501: 318/400
Job 501: 319/400
Job 501: 320/400
Job 501: 321/400
Job 501: 322/400
Job 501: 323/400
Job 501: 324/400
Job 501: 325/400
Job 501: 326/400
Job 501: 327/400
Job 501: 328/400
Job 501: 329/400
Job 501: 330/400
Job 501: 331/400
Job 501: 332/400
Job 501: 333/400
Job 501: 334/400
Job 501: 335/400
Job 501: 336/400
Job 501: 337/400
Job 501: 338/400
Job 501: 339/400
Job 501: 340/400
Job 501: 341/400
Job 501: 342/400
Job 501: 343/400
Job 501: 344/400
Job 501: 345/400
Job 501: 346/400
Job 501: 347/400
Job 501: 348/400
Job 501: 349/400
Job 501: 350/400
Job 501: 351/400
Job 501: 352/400
Job 501: 353/400
Job 501: 354/400
Job 501: 355/400
Job 501: 356/400
Job 501: 357/400
Job 501: 358/400
Job 501: 359/400
Job 501: 360/400
Job 501: 361/400
Job 501: 362/400
Job 501: 363/400
Job 501: 364/400
Job 501: 365/400
Job 501: 366/400
Job 501: 367/400
Job 501: 368/400
Job 501: 369/400
Job 501: 370/400
Job 501: 371/400
Job 501: 372/400
Job 501: 373/400
Job 501: 374/400
Job 501: 375/400
Job 501: 376/400
Job 501: 377/400
Job 501: 378/400
Job 501: 379/400
Job 501: 380/400
Job 501: 381/400
Job 501: 382/400
Job 501: 383/400
Job 501: 384/400
Job 501: 385/400
Job 501: 386/400
Job 501: 387/400
Job 501: 388/400
Job 501: 389/400
Job 501: 390/400
Job 501: 391/400
Job 501: 392/400
Job 501: 393/400
Job 501: 394/400
Job 501: 395/400
Job 501: 396/400
Job 501: 397/400
Job 501: 398/400
Job 501: 399/400
Job 501: 400/400
