Registered S3 methods overwritten by 'susieSlide':
  method              from  
  coef.susie          susieR
  predict.susie       susieR
  print.summary.susie susieR
  summary.susie       susieR
Job 609: 1/400
Job 609: 2/400
Job 609: 3/400
Job 609: 4/400
Job 609: 5/400
Job 609: 6/400
Job 609: 7/400
Job 609: 8/400
Job 609: 9/400
Job 609: 10/400
Job 609: 11/400
Job 609: 12/400
Job 609: 13/400
Job 609: 14/400
Job 609: 15/400
Job 609: 16/400
Job 609: 17/400
Job 609: 18/400
Job 609: 19/400 ERROR: No .raw files found in temp_dir.
Job 609: 20/400 ERROR: No .raw files found in temp_dir.
Job 609: 21/400 ERROR: No .raw files found in temp_dir.
Job 609: 22/400 ERROR: No .raw files found in temp_dir.
Job 609: 23/400 ERROR: No .raw files found in temp_dir.
Job 609: 24/400 ERROR: No .raw files found in temp_dir.
Job 609: 25/400 ERROR: No .raw files found in temp_dir.
Job 609: 26/400 ERROR: No .raw files found in temp_dir.
Job 609: 27/400 ERROR: No .raw files found in temp_dir.
Job 609: 28/400 ERROR: No .raw files found in temp_dir.
Job 609: 29/400 ERROR: No .raw files found in temp_dir.
Job 609: 30/400 ERROR: No .raw files found in temp_dir.
Job 609: 31/400 ERROR: No .raw files found in temp_dir.
Job 609: 32/400 ERROR: No .raw files found in temp_dir.
Job 609: 33/400 ERROR: No .raw files found in temp_dir.
Job 609: 34/400 ERROR: No .raw files found in temp_dir.
Job 609: 35/400 ERROR: No .raw files found in temp_dir.
Job 609: 36/400 ERROR: No .raw files found in temp_dir.
Job 609: 37/400 ERROR: No .raw files found in temp_dir.
Job 609: 38/400 ERROR: No .raw files found in temp_dir.
Job 609: 39/400 ERROR: No .raw files found in temp_dir.
Job 609: 40/400 ERROR: No .raw files found in temp_dir.
Job 609: 41/400 ERROR: No .raw files found in temp_dir.
Job 609: 42/400 ERROR: No .raw files found in temp_dir.
Job 609: 43/400 ERROR: No .raw files found in temp_dir.
Job 609: 44/400 ERROR: No .raw files found in temp_dir.
Job 609: 45/400 ERROR: No .raw files found in temp_dir.
Job 609: 46/400 ERROR: No .raw files found in temp_dir.
Job 609: 47/400 ERROR: No .raw files found in temp_dir.
Job 609: 48/400 ERROR: No .raw files found in temp_dir.
Job 609: 49/400 ERROR: No .raw files found in temp_dir.
Job 609: 50/400 ERROR: No .raw files found in temp_dir.
Job 609: 51/400 ERROR: No .raw files found in temp_dir.
Job 609: 52/400 ERROR: No .raw files found in temp_dir.
Job 609: 53/400 ERROR: No .raw files found in temp_dir.
Job 609: 54/400 ERROR: No .raw files found in temp_dir.
Job 609: 55/400 ERROR: No .raw files found in temp_dir.
Job 609: 56/400 ERROR: No .raw files found in temp_dir.
Job 609: 57/400 ERROR: No .raw files found in temp_dir.
Job 609: 58/400 ERROR: No .raw files found in temp_dir.
Job 609: 59/400 ERROR: No .raw files found in temp_dir.
Job 609: 60/400 ERROR: No .raw files found in temp_dir.
Job 609: 61/400 ERROR: No .raw files found in temp_dir.
Job 609: 62/400 ERROR: No .raw files found in temp_dir.
Job 609: 63/400 ERROR: No .raw files found in temp_dir.
Job 609: 64/400 ERROR: No .raw files found in temp_dir.
Job 609: 65/400 ERROR: No .raw files found in temp_dir.
Job 609: 66/400 ERROR: No .raw files found in temp_dir.
Job 609: 67/400 ERROR: No .raw files found in temp_dir.
Job 609: 68/400 ERROR: No .raw files found in temp_dir.
Job 609: 69/400 ERROR: No .raw files found in temp_dir.
Job 609: 70/400 ERROR: No .raw files found in temp_dir.
Job 609: 71/400 ERROR: No .raw files found in temp_dir.
Job 609: 72/400 ERROR: No .raw files found in temp_dir.
Job 609: 73/400 ERROR: No .raw files found in temp_dir.
Job 609: 74/400 ERROR: No .raw files found in temp_dir.
Job 609: 75/400 ERROR: No .raw files found in temp_dir.
Job 609: 76/400 ERROR: Not enough donors for the requested n.
Job 609: 77/400
Job 609: 78/400
Job 609: 79/400
Job 609: 80/400
Job 609: 81/400
Job 609: 82/400
Job 609: 83/400
Job 609: 84/400
Job 609: 85/400
Job 609: 86/400
Job 609: 87/400
Job 609: 88/400
Job 609: 89/400
Job 609: 90/400
Job 609: 91/400
Job 609: 92/400
Job 609: 93/400
Job 609: 94/400
Job 609: 95/400
Job 609: 96/400
Job 609: 97/400
Job 609: 98/400
Job 609: 99/400
Job 609: 100/400
Job 609: 101/400
Job 609: 102/400 ERROR: No .raw files found in temp_dir.
Job 609: 103/400 ERROR: No .raw files found in temp_dir.
Job 609: 104/400 ERROR: No .raw files found in temp_dir.
Job 609: 105/400 ERROR: No .raw files found in temp_dir.
Job 609: 106/400 ERROR: No .raw files found in temp_dir.
Job 609: 107/400 ERROR: No .raw files found in temp_dir.
Job 609: 108/400 ERROR: No .raw files found in temp_dir.
Job 609: 109/400 ERROR: No .raw files found in temp_dir.
Job 609: 110/400 ERROR: No .raw files found in temp_dir.
Job 609: 111/400 ERROR: No .raw files found in temp_dir.
Job 609: 112/400 ERROR: No .raw files found in temp_dir.
Job 609: 113/400 ERROR: No .raw files found in temp_dir.
Job 609: 114/400 ERROR: No .raw files found in temp_dir.
Job 609: 115/400 ERROR: No .raw files found in temp_dir.
Job 609: 116/400 ERROR: No .raw files found in temp_dir.
Job 609: 117/400 ERROR: No .raw files found in temp_dir.
Job 609: 118/400 ERROR: No .raw files found in temp_dir.
Job 609: 119/400 ERROR: No .raw files found in temp_dir.
Job 609: 120/400 ERROR: No .raw files found in temp_dir.
Job 609: 121/400 ERROR: No .raw files found in temp_dir.
Job 609: 122/400 ERROR: No .raw files found in temp_dir.
Job 609: 123/400 ERROR: No .raw files found in temp_dir.
Job 609: 124/400 ERROR: No .raw files found in temp_dir.
Job 609: 125/400 ERROR: No .raw files found in temp_dir.
Job 609: 126/400 ERROR: No .raw files found in temp_dir.
Job 609: 127/400 ERROR: No .raw files found in temp_dir.
Job 609: 128/400 ERROR: No .raw files found in temp_dir.
Job 609: 129/400 ERROR: No .raw files found in temp_dir.
Job 609: 130/400 ERROR: No .raw files found in temp_dir.
Job 609: 131/400 ERROR: No .raw files found in temp_dir.
Job 609: 132/400 ERROR: No .raw files found in temp_dir.
Job 609: 133/400 ERROR: No .raw files found in temp_dir.
Job 609: 134/400 ERROR: No .raw files found in temp_dir.
Job 609: 135/400 ERROR: No .raw files found in temp_dir.
Job 609: 136/400 ERROR: No .raw files found in temp_dir.
Job 609: 137/400 ERROR: No .raw files found in temp_dir.
Job 609: 138/400 ERROR: No .raw files found in temp_dir.
Job 609: 139/400 ERROR: No .raw files found in temp_dir.
Job 609: 140/400 ERROR: No .raw files found in temp_dir.
Job 609: 141/400 ERROR: No .raw files found in temp_dir.
Job 609: 142/400 ERROR: No .raw files found in temp_dir.
Job 609: 143/400 ERROR: No .raw files found in temp_dir.
Job 609: 144/400 ERROR: No .raw files found in temp_dir.
Job 609: 145/400 ERROR: No .raw files found in temp_dir.
Job 609: 146/400 ERROR: No .raw files found in temp_dir.
Job 609: 147/400 ERROR: No .raw files found in temp_dir.
Job 609: 148/400 ERROR: No .raw files found in temp_dir.
Job 609: 149/400 ERROR: No .raw files found in temp_dir.
Job 609: 150/400 ERROR: No .raw files found in temp_dir.
Job 609: 151/400 ERROR: No .raw files found in temp_dir.
Job 609: 152/400 ERROR: No .raw files found in temp_dir.
Job 609: 153/400 ERROR: No .raw files found in temp_dir.
Job 609: 154/400 ERROR: No .raw files found in temp_dir.
Job 609: 155/400 ERROR: No .raw files found in temp_dir.
Job 609: 156/400 ERROR: Not enough donors for the requested n.
Job 609: 157/400
Job 609: 158/400
Job 609: 159/400
Job 609: 160/400
Job 609: 161/400
Job 609: 162/400
Job 609: 163/400
Job 609: 164/400
Job 609: 165/400
Job 609: 166/400
Job 609: 167/400
Job 609: 168/400
Job 609: 169/400
Job 609: 170/400
Job 609: 171/400
Job 609: 172/400
Job 609: 173/400
Job 609: 174/400
Job 609: 175/400
Job 609: 176/400
Job 609: 177/400
Job 609: 178/400
Job 609: 179/400
Job 609: 180/400
Job 609: 181/400 ERROR: No .raw files found in temp_dir.
Job 609: 182/400 ERROR: No .raw files found in temp_dir.
Job 609: 183/400 ERROR: No .raw files found in temp_dir.
Job 609: 184/400 ERROR: No .raw files found in temp_dir.
Job 609: 185/400 ERROR: No .raw files found in temp_dir.
Job 609: 186/400 ERROR: No .raw files found in temp_dir.
Job 609: 187/400 ERROR: No .raw files found in temp_dir.
Job 609: 188/400 ERROR: No .raw files found in temp_dir.
Job 609: 189/400 ERROR: No .raw files found in temp_dir.
Job 609: 190/400 ERROR: No .raw files found in temp_dir.
Job 609: 191/400 ERROR: No .raw files found in temp_dir.
Job 609: 192/400 ERROR: No .raw files found in temp_dir.
Job 609: 193/400 ERROR: No .raw files found in temp_dir.
Job 609: 194/400 ERROR: No .raw files found in temp_dir.
Job 609: 195/400 ERROR: No .raw files found in temp_dir.
Job 609: 196/400 ERROR: No .raw files found in temp_dir.
Job 609: 197/400 ERROR: No .raw files found in temp_dir.
Job 609: 198/400 ERROR: No .raw files found in temp_dir.
Job 609: 199/400 ERROR: No .raw files found in temp_dir.
Job 609: 200/400 ERROR: No .raw files found in temp_dir.
Job 609: 201/400 ERROR: No .raw files found in temp_dir.
Job 609: 202/400 ERROR: No .raw files found in temp_dir.
Job 609: 203/400 ERROR: No .raw files found in temp_dir.
Job 609: 204/400 ERROR: No .raw files found in temp_dir.
Job 609: 205/400 ERROR: No .raw files found in temp_dir.
Job 609: 206/400 ERROR: No .raw files found in temp_dir.
Job 609: 207/400 ERROR: No .raw files found in temp_dir.
Job 609: 208/400 ERROR: No .raw files found in temp_dir.
Job 609: 209/400 ERROR: No .raw files found in temp_dir.
Job 609: 210/400 ERROR: No .raw files found in temp_dir.
Job 609: 211/400 ERROR: No .raw files found in temp_dir.
Job 609: 212/400 ERROR: No .raw files found in temp_dir.
Job 609: 213/400 ERROR: No .raw files found in temp_dir.
Job 609: 214/400 ERROR: No .raw files found in temp_dir.
Job 609: 215/400 ERROR: No .raw files found in temp_dir.
Job 609: 216/400 ERROR: No .raw files found in temp_dir.
Job 609: 217/400 ERROR: No .raw files found in temp_dir.
Job 609: 218/400 ERROR: No .raw files found in temp_dir.
Job 609: 219/400 ERROR: No .raw files found in temp_dir.
Job 609: 220/400 ERROR: No .raw files found in temp_dir.
Job 609: 221/400 ERROR: No .raw files found in temp_dir.
Job 609: 222/400 ERROR: No .raw files found in temp_dir.
Job 609: 223/400 ERROR: No .raw files found in temp_dir.
Job 609: 224/400 ERROR: No .raw files found in temp_dir.
Job 609: 225/400 ERROR: No .raw files found in temp_dir.
Job 609: 226/400 ERROR: No .raw files found in temp_dir.
Job 609: 227/400 ERROR: No .raw files found in temp_dir.
Job 609: 228/400 ERROR: No .raw files found in temp_dir.
Job 609: 229/400 ERROR: No .raw files found in temp_dir.
Job 609: 230/400 ERROR: No .raw files found in temp_dir.
Job 609: 231/400 ERROR: No .raw files found in temp_dir.
Job 609: 232/400 ERROR: No .raw files found in temp_dir.
Job 609: 233/400 ERROR: No .raw files found in temp_dir.
Job 609: 234/400 ERROR: No .raw files found in temp_dir.
Job 609: 235/400 ERROR: No .raw files found in temp_dir.
Job 609: 236/400 ERROR: No .raw files found in temp_dir.
Job 609: 237/400 ERROR: No .raw files found in temp_dir.
Job 609: 238/400 ERROR: No .raw files found in temp_dir.
Job 609: 239/400 ERROR: No .raw files found in temp_dir.
Job 609: 240/400 ERROR: No .raw files found in temp_dir.
Job 609: 241/400 ERROR: No .raw files found in temp_dir.
Job 609: 242/400 ERROR: No .raw files found in temp_dir.
Job 609: 243/400 ERROR: No .raw files found in temp_dir.
Job 609: 244/400 ERROR: No .raw files found in temp_dir.
Job 609: 245/400 ERROR: No .raw files found in temp_dir.
Job 609: 246/400 ERROR: No .raw files found in temp_dir.
Job 609: 247/400 ERROR: No .raw files found in temp_dir.
Job 609: 248/400 ERROR: No .raw files found in temp_dir.
Job 609: 249/400 ERROR: No .raw files found in temp_dir.
Job 609: 250/400 ERROR: No .raw files found in temp_dir.
Job 609: 251/400 ERROR: No .raw files found in temp_dir.
Job 609: 252/400 ERROR: No .raw files found in temp_dir.
Job 609: 253/400 ERROR: No .raw files found in temp_dir.
Job 609: 254/400 ERROR: No .raw files found in temp_dir.
Job 609: 255/400 ERROR: No .raw files found in temp_dir.
Job 609: 256/400 ERROR: No .raw files found in temp_dir.
Job 609: 257/400 ERROR: No .raw files found in temp_dir.
Job 609: 258/400 ERROR: No .raw files found in temp_dir.
Job 609: 259/400 ERROR: No .raw files found in temp_dir.
Job 609: 260/400 ERROR: No .raw files found in temp_dir.
Job 609: 261/400 ERROR: No .raw files found in temp_dir.
Job 609: 262/400 ERROR: No .raw files found in temp_dir.
Job 609: 263/400 ERROR: No .raw files found in temp_dir.
Job 609: 264/400 ERROR: No .raw files found in temp_dir.
Job 609: 265/400 ERROR: No .raw files found in temp_dir.
Job 609: 266/400 ERROR: No .raw files found in temp_dir.
Job 609: 267/400 ERROR: No .raw files found in temp_dir.
Job 609: 268/400 ERROR: No .raw files found in temp_dir.
Job 609: 269/400 ERROR: No .raw files found in temp_dir.
Job 609: 270/400 ERROR: No .raw files found in temp_dir.
Job 609: 271/400 ERROR: No .raw files found in temp_dir.
Job 609: 272/400 ERROR: No .raw files found in temp_dir.
Job 609: 273/400 ERROR: No .raw files found in temp_dir.
Job 609: 274/400 ERROR: No .raw files found in temp_dir.
Job 609: 275/400 ERROR: No .raw files found in temp_dir.
Job 609: 276/400 ERROR: No .raw files found in temp_dir.
Job 609: 277/400 ERROR: No .raw files found in temp_dir.
Job 609: 278/400 ERROR: No .raw files found in temp_dir.
Job 609: 279/400 ERROR: No .raw files found in temp_dir.
Job 609: 280/400 ERROR: No .raw files found in temp_dir.
Job 609: 281/400 ERROR: No .raw files found in temp_dir.
Job 609: 282/400 ERROR: No .raw files found in temp_dir.
Job 609: 283/400 ERROR: No .raw files found in temp_dir.
Job 609: 284/400 ERROR: No .raw files found in temp_dir.
Job 609: 285/400 ERROR: No .raw files found in temp_dir.
Job 609: 286/400 ERROR: No .raw files found in temp_dir.
Job 609: 287/400 ERROR: No .raw files found in temp_dir.
Job 609: 288/400 ERROR: No .raw files found in temp_dir.
Job 609: 289/400 ERROR: No .raw files found in temp_dir.
Job 609: 290/400 ERROR: No .raw files found in temp_dir.
Job 609: 291/400 ERROR: No .raw files found in temp_dir.
Job 609: 292/400 ERROR: No .raw files found in temp_dir.
Job 609: 293/400 ERROR: No .raw files found in temp_dir.
Job 609: 294/400 ERROR: No .raw files found in temp_dir.
Job 609: 295/400 ERROR: No .raw files found in temp_dir.
Job 609: 296/400 ERROR: No .raw files found in temp_dir.
Job 609: 297/400 ERROR: No .raw files found in temp_dir.
Job 609: 298/400 ERROR: No .raw files found in temp_dir.
Job 609: 299/400 ERROR: No .raw files found in temp_dir.
Job 609: 300/400 ERROR: No .raw files found in temp_dir.
Job 609: 301/400 ERROR: No .raw files found in temp_dir.
Job 609: 302/400 ERROR: No .raw files found in temp_dir.
Job 609: 303/400 ERROR: No .raw files found in temp_dir.
Job 609: 304/400 ERROR: No .raw files found in temp_dir.
Job 609: 305/400 ERROR: No .raw files found in temp_dir.
Job 609: 306/400 ERROR: No .raw files found in temp_dir.
Job 609: 307/400 ERROR: No .raw files found in temp_dir.
Job 609: 308/400 ERROR: No .raw files found in temp_dir.
Job 609: 309/400 ERROR: No .raw files found in temp_dir.
Job 609: 310/400 ERROR: No .raw files found in temp_dir.
Job 609: 311/400 ERROR: No .raw files found in temp_dir.
Job 609: 312/400 ERROR: No .raw files found in temp_dir.
Job 609: 313/400 ERROR: No .raw files found in temp_dir.
Job 609: 314/400 ERROR: No .raw files found in temp_dir.
Job 609: 315/400 ERROR: No .raw files found in temp_dir.
Job 609: 316/400 ERROR: No .raw files found in temp_dir.
Job 609: 317/400 ERROR: No .raw files found in temp_dir.
Job 609: 318/400 ERROR: No .raw files found in temp_dir.
Job 609: 319/400 ERROR: No .raw files found in temp_dir.
Job 609: 320/400 ERROR: No .raw files found in temp_dir.
Job 609: 321/400 ERROR: No .raw files found in temp_dir.
Job 609: 322/400 ERROR: No .raw files found in temp_dir.
Job 609: 323/400 ERROR: No .raw files found in temp_dir.
Job 609: 324/400 ERROR: No .raw files found in temp_dir.
Job 609: 325/400 ERROR: No .raw files found in temp_dir.
Job 609: 326/400 ERROR: No .raw files found in temp_dir.
Job 609: 327/400 ERROR: No .raw files found in temp_dir.
Job 609: 328/400 ERROR: No .raw files found in temp_dir.
Job 609: 329/400 ERROR: No .raw files found in temp_dir.
Job 609: 330/400 ERROR: No .raw files found in temp_dir.
Job 609: 331/400 ERROR: No .raw files found in temp_dir.
Job 609: 332/400 ERROR: No .raw files found in temp_dir.
Job 609: 333/400 ERROR: No .raw files found in temp_dir.
Job 609: 334/400 ERROR: No .raw files found in temp_dir.
Job 609: 335/400 ERROR: No .raw files found in temp_dir.
Job 609: 336/400 ERROR: No .raw files found in temp_dir.
Job 609: 337/400 ERROR: No .raw files found in temp_dir.
Job 609: 338/400 ERROR: No .raw files found in temp_dir.
Job 609: 339/400 ERROR: No .raw files found in temp_dir.
Job 609: 340/400 ERROR: No .raw files found in temp_dir.
Job 609: 341/400 ERROR: No .raw files found in temp_dir.
Job 609: 342/400 ERROR: No .raw files found in temp_dir.
Job 609: 343/400 ERROR: No .raw files found in temp_dir.
Job 609: 344/400 ERROR: No .raw files found in temp_dir.
Job 609: 345/400 ERROR: No .raw files found in temp_dir.
Job 609: 346/400 ERROR: No .raw files found in temp_dir.
Job 609: 347/400 ERROR: No .raw files found in temp_dir.
Job 609: 348/400 ERROR: No .raw files found in temp_dir.
Job 609: 349/400 ERROR: No .raw files found in temp_dir.
Job 609: 350/400 ERROR: No .raw files found in temp_dir.
Job 609: 351/400 ERROR: No .raw files found in temp_dir.
Job 609: 352/400 ERROR: No .raw files found in temp_dir.
Job 609: 353/400 ERROR: No .raw files found in temp_dir.
Job 609: 354/400 ERROR: No .raw files found in temp_dir.
Job 609: 355/400 ERROR: No .raw files found in temp_dir.
Job 609: 356/400 ERROR: No .raw files found in temp_dir.
Job 609: 357/400 ERROR: No .raw files found in temp_dir.
Job 609: 358/400 ERROR: No .raw files found in temp_dir.
Job 609: 359/400 ERROR: No .raw files found in temp_dir.
Job 609: 360/400 ERROR: No .raw files found in temp_dir.
Job 609: 361/400 ERROR: No .raw files found in temp_dir.
Job 609: 362/400 ERROR: No .raw files found in temp_dir.
Job 609: 363/400 ERROR: No .raw files found in temp_dir.
Job 609: 364/400 ERROR: No .raw files found in temp_dir.
Job 609: 365/400 ERROR: No .raw files found in temp_dir.
Job 609: 366/400 ERROR: No .raw files found in temp_dir.
Job 609: 367/400 ERROR: No .raw files found in temp_dir.
Job 609: 368/400 ERROR: No .raw files found in temp_dir.
Job 609: 369/400 ERROR: No .raw files found in temp_dir.
Job 609: 370/400 ERROR: No .raw files found in temp_dir.
Job 609: 371/400 ERROR: No .raw files found in temp_dir.
Job 609: 372/400 ERROR: No .raw files found in temp_dir.
Job 609: 373/400 ERROR: No .raw files found in temp_dir.
Job 609: 374/400 ERROR: No .raw files found in temp_dir.
Job 609: 375/400 ERROR: No .raw files found in temp_dir.
Job 609: 376/400 ERROR: No .raw files found in temp_dir.
Job 609: 377/400 ERROR: No .raw files found in temp_dir.
Job 609: 378/400 ERROR: No .raw files found in temp_dir.
Job 609: 379/400 ERROR: No .raw files found in temp_dir.
Job 609: 380/400 ERROR: No .raw files found in temp_dir.
Job 609: 381/400 ERROR: No .raw files found in temp_dir.
Job 609: 382/400 ERROR: No .raw files found in temp_dir.
Job 609: 383/400 ERROR: No .raw files found in temp_dir.
Job 609: 384/400 ERROR: No .raw files found in temp_dir.
Job 609: 385/400 ERROR: No .raw files found in temp_dir.
Job 609: 386/400 ERROR: No .raw files found in temp_dir.
Job 609: 387/400 ERROR: No .raw files found in temp_dir.
Job 609: 388/400 ERROR: No .raw files found in temp_dir.
Job 609: 389/400 ERROR: No .raw files found in temp_dir.
Job 609: 390/400 ERROR: No .raw files found in temp_dir.
Job 609: 391/400 ERROR: No .raw files found in temp_dir.
Job 609: 392/400 ERROR: No .raw files found in temp_dir.
Job 609: 393/400 ERROR: No .raw files found in temp_dir.
Job 609: 394/400 ERROR: No .raw files found in temp_dir.
Job 609: 395/400 ERROR: No .raw files found in temp_dir.
Job 609: 396/400 ERROR: No .raw files found in temp_dir.
Job 609: 397/400 ERROR: No .raw files found in temp_dir.
Job 609: 398/400 ERROR: No .raw files found in temp_dir.
Job 609: 399/400 ERROR: No .raw files found in temp_dir.
Job 609: 400/400 ERROR: No .raw files found in temp_dir.
Warning messages:
1: In data.table::fread(raw_file, data.table = FALSE) :
  Discarded single-line footer: <<0	GTEX-139TS	0	0	0	-9	2	2	2	2	1	0	2	2	2	2	2	2	2	1	2	2	2	2	2	2	2	2	2	1	2	2	2	2	0	2	0	2	1	2	1	2	1	0	2	2	2	1	2	1	2	2	2	2	0	2	2	1	2	2	2	0	2	2	2	2	2	1	2	2	2	2	1	2	2	2	2	2	2	2	2	2	2	0	2	2	2	2	2	2	2	2	2	2	2	2	0	1	2	2	2	1	2	2	2	2	2	2	2	2	0	2	2	2	1	2	2	2	2	2	2	2	2	1	2	2	2	2	2	2	2	1	2	1	2	0	2	2	2	2	0	2	0	2	0	1	0	2	2	2	2	2	2	2	2	2	2	2	2	2	2	2	2	1	1	2	2	1	2	2	1	1	2	2	2	2	2	2	1	2	2	2	2	2	2	2	2	2	2	1	2	1	2	2	2	2	2	1	2	2	2	2	2	2	2	2	2	2	2	2	2	2	2	2	2	2	2	2	2	2	2	2	2	2	2	2	2	2	2	1	2	2	2	2	2	2	2	2	2	1	2	2	2	2	2	>>
2: In data.table::fread(raw_file, data.table = FALSE) :
  Discarded single-line footer: <<0	GTEX-QXCU	0	0	0	-9	2	2	2	2	2	0	2	2	2	2	1	2	0	2	2	2	2	2	2	2	2	2	2	2	2	2	2	2	0	2	0	2	2	2	0	2	2	0	2	2	2	2	2	2	2	2	2	2	2	2	2	2	2	2	2	0	2	2	2	2	2	2	2	2	2	2	2	2	2	2	2	2	2	0	2	2	2	0	2	2	2	2	2	2	2	2	2	2	2	2	0	2	2	2	2	2	2	2	2	2	2	2	2	2	0	2	2	2	2	2	2	2	2	0	2	2	2	2	2	2	2	2	2	2	2	2	2	2	2	0	2	2	2	2	2	2	2	2	0	2	0	2	0	2	2	2	2	2	2	2	2	2	2	2	2	2	2	2	2	2	2	2	2	2	2	2	2	2	2	2	2	2	2	2	2	2	2	2	2	2	2	2	2	2	2	2	2	2	2	2	2	2	2	2	2	2	2	2	2	2	2	2	2	2	1	2	2	2	2	2	2	2	2	2	2	2	2	2	2	2	2	2	2	2	2	2	2	2	2	2	2	2	2	2	2	2	2	2	2	2>>
3: In data.table::fread(raw_file, data.table = FALSE) :
  Discarded single-line footer: <<0	GTEX-15DCZ	0	0	0	-9	2	2	2	2	2	2	2	2	2	2	2	2	2	2	2	2	2	2	2	2	2	2	2	2	2	2	2	2	2	2	2	2	2	2	2	2	2	2	2	2	0	2	2	2	2	2	2	2	2	2	2	2	2	2	2	2	2	2	2	2	2	2	2	2	2	2	2	2	2	2	2	2	2	2	2	2	2	2	2	2	2	2	2	2	2	2	2	2	2	2	2	2	2	2	2	2	2	2	2	2	2	2	2	2	2	2	2	2	2	2	2	2	2	2	2	2	2	2	2	2	2	2	2	2	2	2	2	2	2	2	2	2	2	2	2	2	2	2	2	2	1	2	2	2	2	2	2	2	2	2	2	2	2	2	2	2	2	2	2	2	2	2	2	2	2	2	2	2	2	2	2	2	2	2	2	2	2	2	2	2	2	2	2	2	2	2	2	2	2	0	2	2	2	2	2	2	2	2	0	2	2	2	2	2	2	2	2	2	2	2	2	2	2	2	0	2	2	2	2	2	2	2	2	2	2	2	2	2	2	2	2	2	2	2	2	2	2	2	2	>>
