Registered S3 methods overwritten by 'susieSlide':
  method              from  
  coef.susie          susieR
  predict.susie       susieR
  print.summary.susie susieR
  summary.susie       susieR
Job 341: 1/400
Job 341: 2/400
Job 341: 3/400
Job 341: 4/400
Job 341: 5/400
Job 341: 6/400
Job 341: 7/400
Job 341: 8/400
Job 341: 9/400
Job 341: 10/400
Job 341: 11/400
Job 341: 12/400
Job 341: 13/400
Job 341: 14/400
Job 341: 15/400
Job 341: 16/400
Job 341: 17/400
Job 341: 18/400
Job 341: 19/400
Job 341: 20/400
Job 341: 21/400
Job 341: 22/400
Job 341: 23/400
Job 341: 24/400
Job 341: 25/400
Job 341: 26/400
Job 341: 27/400
Job 341: 28/400
Job 341: 29/400
Job 341: 30/400
Job 341: 31/400
Job 341: 32/400
Job 341: 33/400
Job 341: 34/400
Job 341: 35/400
Job 341: 36/400
Job 341: 37/400
Job 341: 38/400
Job 341: 39/400
Job 341: 40/400
Job 341: 41/400
Job 341: 42/400
Job 341: 43/400
Job 341: 44/400
Job 341: 45/400
Job 341: 46/400
Job 341: 47/400
Job 341: 48/400
Job 341: 49/400
Job 341: 50/400
Job 341: 51/400
Job 341: 52/400
Job 341: 53/400
Job 341: 54/400
Job 341: 55/400
Job 341: 56/400
Job 341: 57/400
Job 341: 58/400
Job 341: 59/400
Job 341: 60/400
Job 341: 61/400
Job 341: 62/400
Job 341: 63/400
Job 341: 64/400
Job 341: 65/400
Job 341: 66/400
Job 341: 67/400
Job 341: 68/400
Job 341: 69/400
Job 341: 70/400
Job 341: 71/400
Job 341: 72/400
Job 341: 73/400
Job 341: 74/400
Job 341: 75/400
Job 341: 76/400
Job 341: 77/400
Job 341: 78/400
Job 341: 79/400
Job 341: 80/400
Job 341: 81/400
Job 341: 82/400
Job 341: 83/400
Job 341: 84/400
Job 341: 85/400
Job 341: 86/400
Job 341: 87/400
Job 341: 88/400
Job 341: 89/400
Job 341: 90/400
Job 341: 91/400
Job 341: 92/400
Job 341: 93/400
Job 341: 94/400
Job 341: 95/400
Job 341: 96/400
Job 341: 97/400
Job 341: 98/400
Job 341: 99/400
Job 341: 100/400
Job 341: 101/400
Job 341: 102/400
Job 341: 103/400
Job 341: 104/400
Job 341: 105/400
Job 341: 106/400
Job 341: 107/400
Job 341: 108/400
Job 341: 109/400
Job 341: 110/400
Job 341: 111/400
Job 341: 112/400
Job 341: 113/400
Job 341: 114/400
Job 341: 115/400
Job 341: 116/400
Job 341: 117/400
Job 341: 118/400
Job 341: 119/400
Job 341: 120/400
Job 341: 121/400
Job 341: 122/400
Job 341: 123/400
Job 341: 124/400
Job 341: 125/400
Job 341: 126/400
Job 341: 127/400
Job 341: 128/400
Job 341: 129/400
Job 341: 130/400
Job 341: 131/400
Job 341: 132/400
Job 341: 133/400
Job 341: 134/400
Job 341: 135/400
Job 341: 136/400
Job 341: 137/400
Job 341: 138/400
Job 341: 139/400
Job 341: 140/400
Job 341: 141/400
Job 341: 142/400
Job 341: 143/400
Job 341: 144/400
Job 341: 145/400
Job 341: 146/400
Job 341: 147/400
Job 341: 148/400
Job 341: 149/400
Job 341: 150/400
Job 341: 151/400
Job 341: 152/400
Job 341: 153/400
Job 341: 154/400
Job 341: 155/400
Job 341: 156/400
Job 341: 157/400
Job 341: 158/400
Job 341: 159/400
Job 341: 160/400
Job 341: 161/400
Job 341: 162/400
Job 341: 163/400
Job 341: 164/400
Job 341: 165/400
Job 341: 166/400
Job 341: 167/400
Job 341: 168/400
Job 341: 169/400
Job 341: 170/400
Job 341: 171/400
Job 341: 172/400
Job 341: 173/400
Job 341: 174/400
Job 341: 175/400
Job 341: 176/400
Job 341: 177/400
Job 341: 178/400
Job 341: 179/400
Job 341: 180/400
Job 341: 181/400
Job 341: 182/400
Job 341: 183/400
Job 341: 184/400
Job 341: 185/400
Job 341: 186/400
Job 341: 187/400
Job 341: 188/400
Job 341: 189/400
Job 341: 190/400
Job 341: 191/400
Job 341: 192/400
Job 341: 193/400
Job 341: 194/400
Job 341: 195/400
Job 341: 196/400
Job 341: 197/400
Job 341: 198/400
Job 341: 199/400
Job 341: 200/400
Job 341: 201/400
Job 341: 202/400
Job 341: 203/400
Job 341: 204/400
Job 341: 205/400
Job 341: 206/400
Job 341: 207/400
Job 341: 208/400
Job 341: 209/400
Job 341: 210/400
Job 341: 211/400
Job 341: 212/400
Job 341: 213/400
Job 341: 214/400
Job 341: 215/400
Job 341: 216/400
Job 341: 217/400
Job 341: 218/400
Job 341: 219/400
Job 341: 220/400
Job 341: 221/400
Job 341: 222/400
Job 341: 223/400
Job 341: 224/400
Job 341: 225/400
Job 341: 226/400
Job 341: 227/400
Job 341: 228/400
Job 341: 229/400
Job 341: 230/400
Job 341: 231/400
Job 341: 232/400
Job 341: 233/400
Job 341: 234/400
Job 341: 235/400
Job 341: 236/400
Job 341: 237/400
Job 341: 238/400
Job 341: 239/400
Job 341: 240/400
Job 341: 241/400
Job 341: 242/400
Job 341: 243/400
Job 341: 244/400
Job 341: 245/400
Job 341: 246/400
Job 341: 247/400
Job 341: 248/400
Job 341: 249/400
Job 341: 250/400
Job 341: 251/400
Job 341: 252/400
Job 341: 253/400
Job 341: 254/400
Job 341: 255/400
Job 341: 256/400
Job 341: 257/400
Job 341: 258/400
Job 341: 259/400
Job 341: 260/400
Job 341: 261/400
Job 341: 262/400
Job 341: 263/400
Job 341: 264/400
Job 341: 265/400
Job 341: 266/400
Job 341: 267/400
Job 341: 268/400
Job 341: 269/400
Job 341: 270/400
Job 341: 271/400
Job 341: 272/400
Job 341: 273/400
Job 341: 274/400
Job 341: 275/400
Job 341: 276/400
Job 341: 277/400
Job 341: 278/400
Job 341: 279/400
Job 341: 280/400
Job 341: 281/400
Job 341: 282/400
Job 341: 283/400
Job 341: 284/400
Job 341: 285/400
Job 341: 286/400
Job 341: 287/400
Job 341: 288/400
Job 341: 289/400
Job 341: 290/400 ERROR: object 'target_gene' not found
Job 341: 291/400
Job 341: 292/400
Job 341: 293/400
Job 341: 294/400
Job 341: 295/400
Job 341: 296/400
Job 341: 297/400
Job 341: 298/400
Job 341: 299/400
Job 341: 300/400
Job 341: 301/400
Job 341: 302/400
Job 341: 303/400
Job 341: 304/400
Job 341: 305/400
Job 341: 306/400
Job 341: 307/400
Job 341: 308/400
Job 341: 309/400
Job 341: 310/400
Job 341: 311/400
Job 341: 312/400
Job 341: 313/400
Job 341: 314/400
Job 341: 315/400
Job 341: 316/400
Job 341: 317/400
Job 341: 318/400
Job 341: 319/400
Job 341: 320/400
Job 341: 321/400
Job 341: 322/400
Job 341: 323/400
Job 341: 324/400
Job 341: 325/400
Job 341: 326/400
Job 341: 327/400
Job 341: 328/400
Job 341: 329/400
Job 341: 330/400
Job 341: 331/400
Job 341: 332/400
Job 341: 333/400
Job 341: 334/400
Job 341: 335/400
Job 341: 336/400
Job 341: 337/400
Job 341: 338/400
Job 341: 339/400
Job 341: 340/400
Job 341: 341/400
Job 341: 342/400
Job 341: 343/400
Job 341: 344/400
Job 341: 345/400
Job 341: 346/400
Job 341: 347/400
Job 341: 348/400
Job 341: 349/400
Job 341: 350/400
Job 341: 351/400
Job 341: 352/400
Job 341: 353/400
Job 341: 354/400
Job 341: 355/400
Job 341: 356/400
Job 341: 357/400
Job 341: 358/400
Job 341: 359/400
Job 341: 360/400
Job 341: 361/400
Job 341: 362/400
Job 341: 363/400
Job 341: 364/400
Job 341: 365/400
Job 341: 366/400
Job 341: 367/400
Job 341: 368/400
Job 341: 369/400
Job 341: 370/400
Job 341: 371/400
Job 341: 372/400
Job 341: 373/400
Job 341: 374/400
Job 341: 375/400
Job 341: 376/400
Job 341: 377/400
Job 341: 378/400
Job 341: 379/400
Job 341: 380/400
Job 341: 381/400
Job 341: 382/400
Job 341: 383/400
Job 341: 384/400
Job 341: 385/400
Job 341: 386/400
Job 341: 387/400
Job 341: 388/400
Job 341: 389/400
Job 341: 390/400
Job 341: 391/400
Job 341: 392/400
Job 341: 393/400
Job 341: 394/400
Job 341: 395/400
Job 341: 396/400
Job 341: 397/400
Job 341: 398/400
Job 341: 399/400
Job 341: 400/400
