Registered S3 methods overwritten by 'susieSlide':
  method              from  
  coef.susie          susieR
  predict.susie       susieR
  print.summary.susie susieR
  summary.susie       susieR
Job 412: 1/400
Job 412: 2/400
Job 412: 3/400
Job 412: 4/400
Job 412: 5/400
Job 412: 6/400
Job 412: 7/400
Job 412: 8/400
Job 412: 9/400
Job 412: 10/400
Job 412: 11/400
Job 412: 12/400
Job 412: 13/400
Job 412: 14/400
Job 412: 15/400
Job 412: 16/400
Job 412: 17/400
Job 412: 18/400
Job 412: 19/400
Job 412: 20/400
Job 412: 21/400
Job 412: 22/400
Job 412: 23/400
Job 412: 24/400
Job 412: 25/400
Job 412: 26/400
Job 412: 27/400
Job 412: 28/400
Job 412: 29/400
Job 412: 30/400
Job 412: 31/400
Job 412: 32/400
Job 412: 33/400
Job 412: 34/400
Job 412: 35/400
Job 412: 36/400
Job 412: 37/400
Job 412: 38/400
Job 412: 39/400
Job 412: 40/400
Job 412: 41/400
Job 412: 42/400
Job 412: 43/400
Job 412: 44/400
Job 412: 45/400
Job 412: 46/400
Job 412: 47/400
Job 412: 48/400
Job 412: 49/400
Job 412: 50/400
Job 412: 51/400
Job 412: 52/400
Job 412: 53/400
Job 412: 54/400
Job 412: 55/400
Job 412: 56/400
Job 412: 57/400
Job 412: 58/400
Job 412: 59/400
Job 412: 60/400
Job 412: 61/400
Job 412: 62/400
Job 412: 63/400
Job 412: 64/400
Job 412: 65/400
Job 412: 66/400
Job 412: 67/400
Job 412: 68/400
Job 412: 69/400
Job 412: 70/400
Job 412: 71/400
Job 412: 72/400
Job 412: 73/400
Job 412: 74/400
Job 412: 75/400
Job 412: 76/400
Job 412: 77/400
Job 412: 78/400
Job 412: 79/400
Job 412: 80/400
Job 412: 81/400
Job 412: 82/400
Job 412: 83/400
Job 412: 84/400
Job 412: 85/400
Job 412: 86/400
Job 412: 87/400
Job 412: 88/400
Job 412: 89/400
Job 412: 90/400
Job 412: 91/400
Job 412: 92/400
Job 412: 93/400
Job 412: 94/400
Job 412: 95/400
Job 412: 96/400
Job 412: 97/400
Job 412: 98/400
Job 412: 99/400
Job 412: 100/400
Job 412: 101/400
Job 412: 102/400
Job 412: 103/400
Job 412: 104/400
Job 412: 105/400
Job 412: 106/400
Job 412: 107/400
Job 412: 108/400
Job 412: 109/400
Job 412: 110/400
Job 412: 111/400
Job 412: 112/400
Job 412: 113/400
Job 412: 114/400
Job 412: 115/400
Job 412: 116/400
Job 412: 117/400
Job 412: 118/400
Job 412: 119/400
Job 412: 120/400
Job 412: 121/400
Job 412: 122/400
Job 412: 123/400
Job 412: 124/400
Job 412: 125/400
Job 412: 126/400
Job 412: 127/400
Job 412: 128/400
Job 412: 129/400
Job 412: 130/400
Job 412: 131/400
Job 412: 132/400
Job 412: 133/400
Job 412: 134/400
Job 412: 135/400
Job 412: 136/400
Job 412: 137/400
Job 412: 138/400
Job 412: 139/400
Job 412: 140/400
Job 412: 141/400
Job 412: 142/400
Job 412: 143/400
Job 412: 144/400
Job 412: 145/400
Job 412: 146/400
Job 412: 147/400
Job 412: 148/400
Job 412: 149/400
Job 412: 150/400
Job 412: 151/400
Job 412: 152/400
Job 412: 153/400
Job 412: 154/400
Job 412: 155/400
Job 412: 156/400
Job 412: 157/400
Job 412: 158/400
Job 412: 159/400
Job 412: 160/400
Job 412: 161/400
Job 412: 162/400
Job 412: 163/400
Job 412: 164/400
Job 412: 165/400
Job 412: 166/400
Job 412: 167/400
Job 412: 168/400
Job 412: 169/400
Job 412: 170/400
Job 412: 171/400
Job 412: 172/400
Job 412: 173/400
Job 412: 174/400
Job 412: 175/400
Job 412: 176/400
Job 412: 177/400
Job 412: 178/400
Job 412: 179/400
Job 412: 180/400
Job 412: 181/400
Job 412: 182/400
Job 412: 183/400
Job 412: 184/400
Job 412: 185/400
Job 412: 186/400
Job 412: 187/400
Job 412: 188/400
Job 412: 189/400
Job 412: 190/400
Job 412: 191/400
Job 412: 192/400
Job 412: 193/400
Job 412: 194/400
Job 412: 195/400
Job 412: 196/400
Job 412: 197/400
Job 412: 198/400
Job 412: 199/400
Job 412: 200/400
Job 412: 201/400
Job 412: 202/400
Job 412: 203/400
Job 412: 204/400
Job 412: 205/400
Job 412: 206/400
Job 412: 207/400
Job 412: 208/400
Job 412: 209/400
Job 412: 210/400
Job 412: 211/400
Job 412: 212/400
Job 412: 213/400
Job 412: 214/400
Job 412: 215/400
Job 412: 216/400
Job 412: 217/400
Job 412: 218/400
Job 412: 219/400
Job 412: 220/400
Job 412: 221/400
Job 412: 222/400
Job 412: 223/400
Job 412: 224/400
Job 412: 225/400
Job 412: 226/400
Job 412: 227/400
Job 412: 228/400
Job 412: 229/400
Job 412: 230/400
Job 412: 231/400
Job 412: 232/400
Job 412: 233/400
Job 412: 234/400
Job 412: 235/400
Job 412: 236/400
Job 412: 237/400
Job 412: 238/400
Job 412: 239/400
Job 412: 240/400
Job 412: 241/400
Job 412: 242/400
Job 412: 243/400
Job 412: 244/400
Job 412: 245/400
Job 412: 246/400
Job 412: 247/400
Job 412: 248/400
Job 412: 249/400
Job 412: 250/400
Job 412: 251/400
Job 412: 252/400
Job 412: 253/400
Job 412: 254/400
Job 412: 255/400
Job 412: 256/400
Job 412: 257/400
Job 412: 258/400
Job 412: 259/400
Job 412: 260/400
Job 412: 261/400
Job 412: 262/400
Job 412: 263/400
Job 412: 264/400
Job 412: 265/400
Job 412: 266/400
Job 412: 267/400
Job 412: 268/400
Job 412: 269/400
Job 412: 270/400
Job 412: 271/400
Job 412: 272/400
Job 412: 273/400
Job 412: 274/400
Job 412: 275/400
Job 412: 276/400
Job 412: 277/400
Job 412: 278/400
Job 412: 279/400
Job 412: 280/400
Job 412: 281/400
Job 412: 282/400
Job 412: 283/400
Job 412: 284/400
Job 412: 285/400
Job 412: 286/400
Job 412: 287/400
Job 412: 288/400
Job 412: 289/400
Job 412: 290/400
Job 412: 291/400
Job 412: 292/400
Job 412: 293/400
Job 412: 294/400
Job 412: 295/400
Job 412: 296/400
Job 412: 297/400
Job 412: 298/400
Job 412: 299/400
Job 412: 300/400
Job 412: 301/400
Job 412: 302/400
Job 412: 303/400
Job 412: 304/400
Job 412: 305/400
Job 412: 306/400
Job 412: 307/400
Job 412: 308/400
Job 412: 309/400
Job 412: 310/400
Job 412: 311/400
Job 412: 312/400
Job 412: 313/400
Job 412: 314/400
Job 412: 315/400
Job 412: 316/400
Job 412: 317/400
Job 412: 318/400
Job 412: 319/400
Job 412: 320/400
Job 412: 321/400
Job 412: 322/400
Job 412: 323/400
Job 412: 324/400
Job 412: 325/400
Job 412: 326/400
Job 412: 327/400
Job 412: 328/400
Job 412: 329/400
Job 412: 330/400
Job 412: 331/400
Job 412: 332/400
Job 412: 333/400
Job 412: 334/400
Job 412: 335/400
Job 412: 336/400
Job 412: 337/400
Job 412: 338/400
Job 412: 339/400
Job 412: 340/400
Job 412: 341/400
Job 412: 342/400
Job 412: 343/400
Job 412: 344/400
Job 412: 345/400
Job 412: 346/400
Job 412: 347/400
Job 412: 348/400
Job 412: 349/400
Job 412: 350/400
Job 412: 351/400
Job 412: 352/400
Job 412: 353/400
Job 412: 354/400
Job 412: 355/400
Job 412: 356/400
Job 412: 357/400
Job 412: 358/400
Job 412: 359/400
Job 412: 360/400
Job 412: 361/400
Job 412: 362/400
Job 412: 363/400
Job 412: 364/400
Job 412: 365/400
Job 412: 366/400
Job 412: 367/400
Job 412: 368/400
Job 412: 369/400
Job 412: 370/400
Job 412: 371/400
Job 412: 372/400
Job 412: 373/400
Job 412: 374/400
Job 412: 375/400
Job 412: 376/400
Job 412: 377/400
Job 412: 378/400
Job 412: 379/400
Job 412: 380/400
Job 412: 381/400
Job 412: 382/400
Job 412: 383/400
Job 412: 384/400
Job 412: 385/400
Job 412: 386/400
Job 412: 387/400
Job 412: 388/400
Job 412: 389/400
Job 412: 390/400
Job 412: 391/400
Job 412: 392/400
Job 412: 393/400
Job 412: 394/400
Job 412: 395/400
Job 412: 396/400
Job 412: 397/400
Job 412: 398/400
Job 412: 399/400
Job 412: 400/400
