Registered S3 methods overwritten by 'susieSlide':
  method              from  
  coef.susie          susieR
  predict.susie       susieR
  print.summary.susie susieR
  summary.susie       susieR
Job 28: 1/400
Job 28: 2/400
Job 28: 3/400
Job 28: 4/400
Job 28: 5/400
Job 28: 6/400
Job 28: 7/400
Job 28: 8/400
Job 28: 9/400
Job 28: 10/400
Job 28: 11/400
Job 28: 12/400
Job 28: 13/400
Job 28: 14/400
Job 28: 15/400
Job 28: 16/400
Job 28: 17/400
Job 28: 18/400
Job 28: 19/400
Job 28: 20/400
Job 28: 21/400
Job 28: 22/400
Job 28: 23/400
Job 28: 24/400
Job 28: 25/400
Job 28: 26/400
Job 28: 27/400
Job 28: 28/400
Job 28: 29/400
Job 28: 30/400
Job 28: 31/400
Job 28: 32/400
Job 28: 33/400
Job 28: 34/400
Job 28: 35/400
Job 28: 36/400
Job 28: 37/400
Job 28: 38/400
Job 28: 39/400
Job 28: 40/400
Job 28: 41/400
Job 28: 42/400
Job 28: 43/400
Job 28: 44/400
Job 28: 45/400
Job 28: 46/400
Job 28: 47/400
Job 28: 48/400
Job 28: 49/400
Job 28: 50/400
Job 28: 51/400
Job 28: 52/400
Job 28: 53/400
Job 28: 54/400
Job 28: 55/400
Job 28: 56/400
Job 28: 57/400
Job 28: 58/400
Job 28: 59/400
Job 28: 60/400
Job 28: 61/400
Job 28: 62/400
Job 28: 63/400
Job 28: 64/400
Job 28: 65/400
Job 28: 66/400
Job 28: 67/400
Job 28: 68/400
Job 28: 69/400
Job 28: 70/400
Job 28: 71/400
Job 28: 72/400
Job 28: 73/400
Job 28: 74/400
Job 28: 75/400
Job 28: 76/400
Job 28: 77/400
Job 28: 78/400
Job 28: 79/400
Job 28: 80/400
Job 28: 81/400
Job 28: 82/400
Job 28: 83/400
Job 28: 84/400
Job 28: 85/400
Job 28: 86/400
Job 28: 87/400
Job 28: 88/400
Job 28: 89/400
Job 28: 90/400
Job 28: 91/400
Job 28: 92/400
Job 28: 93/400
Job 28: 94/400
Job 28: 95/400
Job 28: 96/400
Job 28: 97/400
Job 28: 98/400
Job 28: 99/400
Job 28: 100/400
Job 28: 101/400
Job 28: 102/400
Job 28: 103/400
Job 28: 104/400
Job 28: 105/400
Job 28: 106/400
Job 28: 107/400
Job 28: 108/400
Job 28: 109/400
Job 28: 110/400
Job 28: 111/400
Job 28: 112/400
Job 28: 113/400
Job 28: 114/400
Job 28: 115/400
Job 28: 116/400
Job 28: 117/400
Job 28: 118/400
Job 28: 119/400
Job 28: 120/400
Job 28: 121/400
Job 28: 122/400
Job 28: 123/400
Job 28: 124/400
Job 28: 125/400
Job 28: 126/400
Job 28: 127/400
Job 28: 128/400
Job 28: 129/400
Job 28: 130/400
Job 28: 131/400
Job 28: 132/400
Job 28: 133/400
Job 28: 134/400
Job 28: 135/400
Job 28: 136/400
Job 28: 137/400
Job 28: 138/400
Job 28: 139/400
Job 28: 140/400
Job 28: 141/400
Job 28: 142/400
Job 28: 143/400
Job 28: 144/400
Job 28: 145/400
Job 28: 146/400
Job 28: 147/400
Job 28: 148/400
Job 28: 149/400
Job 28: 150/400
Job 28: 151/400
Job 28: 152/400
Job 28: 153/400
Job 28: 154/400
Job 28: 155/400
Job 28: 156/400
Job 28: 157/400
Job 28: 158/400
Job 28: 159/400
Job 28: 160/400
Job 28: 161/400
Job 28: 162/400
Job 28: 163/400
Job 28: 164/400
Job 28: 165/400
Job 28: 166/400
Job 28: 167/400
Job 28: 168/400 ERROR: The genetic signal has zero variance.
Job 28: 169/400
Job 28: 170/400
Job 28: 171/400
Job 28: 172/400
Job 28: 173/400
Job 28: 174/400
Job 28: 175/400
Job 28: 176/400
Job 28: 177/400
Job 28: 178/400
Job 28: 179/400
Job 28: 180/400
Job 28: 181/400
Job 28: 182/400
Job 28: 183/400
Job 28: 184/400
Job 28: 185/400
Job 28: 186/400
Job 28: 187/400
Job 28: 188/400
Job 28: 189/400
Job 28: 190/400
Job 28: 191/400
Job 28: 192/400
Job 28: 193/400
Job 28: 194/400
Job 28: 195/400
Job 28: 196/400
Job 28: 197/400
Job 28: 198/400
Job 28: 199/400
Job 28: 200/400
Job 28: 201/400
Job 28: 202/400
Job 28: 203/400
Job 28: 204/400
Job 28: 205/400
Job 28: 206/400
Job 28: 207/400
Job 28: 208/400
Job 28: 209/400
Job 28: 210/400
Job 28: 211/400
Job 28: 212/400
Job 28: 213/400
Job 28: 214/400
Job 28: 215/400
Job 28: 216/400
Job 28: 217/400
Job 28: 218/400
Job 28: 219/400
Job 28: 220/400
Job 28: 221/400
Job 28: 222/400
Job 28: 223/400
Job 28: 224/400
Job 28: 225/400
Job 28: 226/400
Job 28: 227/400
Job 28: 228/400
Job 28: 229/400
Job 28: 230/400
Job 28: 231/400
Job 28: 232/400
Job 28: 233/400
Job 28: 234/400
Job 28: 235/400
Job 28: 236/400
Job 28: 237/400
Job 28: 238/400
Job 28: 239/400
Job 28: 240/400
Job 28: 241/400
Job 28: 242/400
Job 28: 243/400
Job 28: 244/400
Job 28: 245/400
Job 28: 246/400
Job 28: 247/400
Job 28: 248/400
Job 28: 249/400
Job 28: 250/400
Job 28: 251/400
Job 28: 252/400
Job 28: 253/400
Job 28: 254/400
Job 28: 255/400
Job 28: 256/400
Job 28: 257/400
Job 28: 258/400
Job 28: 259/400
Job 28: 260/400
Job 28: 261/400
Job 28: 262/400
Job 28: 263/400
Job 28: 264/400
Job 28: 265/400
Job 28: 266/400
Job 28: 267/400
Job 28: 268/400
Job 28: 269/400
Job 28: 270/400
Job 28: 271/400
Job 28: 272/400
Job 28: 273/400
Job 28: 274/400
Job 28: 275/400
Job 28: 276/400
Job 28: 277/400
Job 28: 278/400
Job 28: 279/400
Job 28: 280/400
Job 28: 281/400
Job 28: 282/400
Job 28: 283/400
Job 28: 284/400
Job 28: 285/400
Job 28: 286/400
Job 28: 287/400
Job 28: 288/400
Job 28: 289/400
Job 28: 290/400
Job 28: 291/400
Job 28: 292/400
Job 28: 293/400
Job 28: 294/400
Job 28: 295/400
Job 28: 296/400
Job 28: 297/400
Job 28: 298/400
Job 28: 299/400
Job 28: 300/400
Job 28: 301/400
Job 28: 302/400
Job 28: 303/400
Job 28: 304/400
Job 28: 305/400
Job 28: 306/400
Job 28: 307/400
Job 28: 308/400
Job 28: 309/400
Job 28: 310/400
Job 28: 311/400
Job 28: 312/400
Job 28: 313/400
Job 28: 314/400
Job 28: 315/400
Job 28: 316/400
Job 28: 317/400
Job 28: 318/400
Job 28: 319/400
Job 28: 320/400
Job 28: 321/400
Job 28: 322/400
Job 28: 323/400
Job 28: 324/400
Job 28: 325/400
Job 28: 326/400
Job 28: 327/400
Job 28: 328/400
Job 28: 329/400
Job 28: 330/400
Job 28: 331/400
Job 28: 332/400
Job 28: 333/400
Job 28: 334/400
Job 28: 335/400
Job 28: 336/400
Job 28: 337/400
Job 28: 338/400
Job 28: 339/400
Job 28: 340/400
Job 28: 341/400
Job 28: 342/400
Job 28: 343/400
Job 28: 344/400
Job 28: 345/400
Job 28: 346/400
Job 28: 347/400
Job 28: 348/400
Job 28: 349/400
Job 28: 350/400
Job 28: 351/400
Job 28: 352/400
Job 28: 353/400
Job 28: 354/400
Job 28: 355/400
Job 28: 356/400
Job 28: 357/400
Job 28: 358/400
Job 28: 359/400
Job 28: 360/400
Job 28: 361/400
Job 28: 362/400
Job 28: 363/400
Job 28: 364/400
Job 28: 365/400
Job 28: 366/400
Job 28: 367/400
Job 28: 368/400
Job 28: 369/400
Job 28: 370/400
Job 28: 371/400
Job 28: 372/400
Job 28: 373/400
Job 28: 374/400
Job 28: 375/400
Job 28: 376/400
Job 28: 377/400
Job 28: 378/400
Job 28: 379/400
Job 28: 380/400
Job 28: 381/400
Job 28: 382/400
Job 28: 383/400
Job 28: 384/400
Job 28: 385/400
Job 28: 386/400
Job 28: 387/400
Job 28: 388/400
Job 28: 389/400
Job 28: 390/400
Job 28: 391/400
Job 28: 392/400
Job 28: 393/400
Job 28: 394/400
Job 28: 395/400
Job 28: 396/400
Job 28: 397/400
Job 28: 398/400
Job 28: 399/400
Job 28: 400/400
