Registered S3 methods overwritten by 'susieSlide':
  method              from  
  coef.susie          susieR
  predict.susie       susieR
  print.summary.susie susieR
  summary.susie       susieR
Job 357: 1/400
Job 357: 2/400
Job 357: 3/400
Job 357: 4/400
Job 357: 5/400
Job 357: 6/400
Job 357: 7/400
Job 357: 8/400
Job 357: 9/400
Job 357: 10/400
Job 357: 11/400
Job 357: 12/400
Job 357: 13/400
Job 357: 14/400
Job 357: 15/400
Job 357: 16/400
Job 357: 17/400
Job 357: 18/400
Job 357: 19/400
Job 357: 20/400
Job 357: 21/400
Job 357: 22/400
Job 357: 23/400
Job 357: 24/400
Job 357: 25/400
Job 357: 26/400
Job 357: 27/400
Job 357: 28/400
Job 357: 29/400
Job 357: 30/400
Job 357: 31/400
Job 357: 32/400
Job 357: 33/400
Job 357: 34/400
Job 357: 35/400
Job 357: 36/400
Job 357: 37/400
Job 357: 38/400
Job 357: 39/400
Job 357: 40/400
Job 357: 41/400
Job 357: 42/400
Job 357: 43/400
Job 357: 44/400
Job 357: 45/400
Job 357: 46/400
Job 357: 47/400
Job 357: 48/400
Job 357: 49/400
Job 357: 50/400
Job 357: 51/400
Job 357: 52/400
Job 357: 53/400
Job 357: 54/400
Job 357: 55/400
Job 357: 56/400
Job 357: 57/400
Job 357: 58/400
Job 357: 59/400
Job 357: 60/400
Job 357: 61/400
Job 357: 62/400
Job 357: 63/400
Job 357: 64/400
Job 357: 65/400
Job 357: 66/400
Job 357: 67/400
Job 357: 68/400
Job 357: 69/400
Job 357: 70/400
Job 357: 71/400
Job 357: 72/400
Job 357: 73/400
Job 357: 74/400
Job 357: 75/400
Job 357: 76/400
Job 357: 77/400
Job 357: 78/400
Job 357: 79/400
Job 357: 80/400
Job 357: 81/400
Job 357: 82/400
Job 357: 83/400
Job 357: 84/400
Job 357: 85/400
Job 357: 86/400
Job 357: 87/400
Job 357: 88/400
Job 357: 89/400
Job 357: 90/400
Job 357: 91/400
Job 357: 92/400
Job 357: 93/400
Job 357: 94/400
Job 357: 95/400
Job 357: 96/400
Job 357: 97/400
Job 357: 98/400
Job 357: 99/400
Job 357: 100/400
Job 357: 101/400
Job 357: 102/400
Job 357: 103/400
Job 357: 104/400
Job 357: 105/400
Job 357: 106/400
Job 357: 107/400
Job 357: 108/400
Job 357: 109/400
Job 357: 110/400
Job 357: 111/400
Job 357: 112/400
Job 357: 113/400
Job 357: 114/400
Job 357: 115/400
Job 357: 116/400
Job 357: 117/400
Job 357: 118/400
Job 357: 119/400
Job 357: 120/400
Job 357: 121/400
Job 357: 122/400
Job 357: 123/400
Job 357: 124/400
Job 357: 125/400
Job 357: 126/400
Job 357: 127/400
Job 357: 128/400
Job 357: 129/400
Job 357: 130/400
Job 357: 131/400
Job 357: 132/400
Job 357: 133/400
Job 357: 134/400
Job 357: 135/400
Job 357: 136/400
Job 357: 137/400
Job 357: 138/400
Job 357: 139/400
Job 357: 140/400
Job 357: 141/400
Job 357: 142/400
Job 357: 143/400
Job 357: 144/400
Job 357: 145/400
Job 357: 146/400
Job 357: 147/400
Job 357: 148/400
Job 357: 149/400
Job 357: 150/400
Job 357: 151/400
Job 357: 152/400
Job 357: 153/400
Job 357: 154/400
Job 357: 155/400
Job 357: 156/400
Job 357: 157/400
Job 357: 158/400
Job 357: 159/400
Job 357: 160/400
Job 357: 161/400
Job 357: 162/400
Job 357: 163/400
Job 357: 164/400
Job 357: 165/400
Job 357: 166/400
Job 357: 167/400
Job 357: 168/400
Job 357: 169/400
Job 357: 170/400
Job 357: 171/400
Job 357: 172/400
Job 357: 173/400
Job 357: 174/400
Job 357: 175/400
Job 357: 176/400
Job 357: 177/400
Job 357: 178/400
Job 357: 179/400
Job 357: 180/400
Job 357: 181/400
Job 357: 182/400
Job 357: 183/400
Job 357: 184/400
Job 357: 185/400
Job 357: 186/400
Job 357: 187/400
Job 357: 188/400
Job 357: 189/400
Job 357: 190/400
Job 357: 191/400
Job 357: 192/400
Job 357: 193/400
Job 357: 194/400
Job 357: 195/400
Job 357: 196/400
Job 357: 197/400
Job 357: 198/400
Job 357: 199/400
Job 357: 200/400
Job 357: 201/400
Job 357: 202/400
Job 357: 203/400
Job 357: 204/400
Job 357: 205/400
Job 357: 206/400
Job 357: 207/400
Job 357: 208/400
Job 357: 209/400
Job 357: 210/400
Job 357: 211/400
Job 357: 212/400
Job 357: 213/400
Job 357: 214/400
Job 357: 215/400
Job 357: 216/400
Job 357: 217/400
Job 357: 218/400
Job 357: 219/400
Job 357: 220/400
Job 357: 221/400
Job 357: 222/400
Job 357: 223/400
Job 357: 224/400
Job 357: 225/400
Job 357: 226/400
Job 357: 227/400
Job 357: 228/400
Job 357: 229/400
Job 357: 230/400
Job 357: 231/400
Job 357: 232/400
Job 357: 233/400
Job 357: 234/400
Job 357: 235/400
Job 357: 236/400
Job 357: 237/400
Job 357: 238/400
Job 357: 239/400
Job 357: 240/400
Job 357: 241/400
Job 357: 242/400
Job 357: 243/400
Job 357: 244/400
Job 357: 245/400
Job 357: 246/400
Job 357: 247/400
Job 357: 248/400
Job 357: 249/400
Job 357: 250/400
Job 357: 251/400
Job 357: 252/400
Job 357: 253/400
Job 357: 254/400
Job 357: 255/400
Job 357: 256/400
Job 357: 257/400
Job 357: 258/400
Job 357: 259/400
Job 357: 260/400
Job 357: 261/400
Job 357: 262/400
Job 357: 263/400
Job 357: 264/400
Job 357: 265/400
Job 357: 266/400
Job 357: 267/400
Job 357: 268/400
Job 357: 269/400
Job 357: 270/400
Job 357: 271/400
Job 357: 272/400
Job 357: 273/400
Job 357: 274/400
Job 357: 275/400
Job 357: 276/400
Job 357: 277/400
Job 357: 278/400
Job 357: 279/400
Job 357: 280/400
Job 357: 281/400
Job 357: 282/400
Job 357: 283/400
Job 357: 284/400
Job 357: 285/400
Job 357: 286/400
Job 357: 287/400
Job 357: 288/400
Job 357: 289/400
Job 357: 290/400
Job 357: 291/400
Job 357: 292/400
Job 357: 293/400
Job 357: 294/400
Job 357: 295/400
Job 357: 296/400
Job 357: 297/400
Job 357: 298/400
Job 357: 299/400
Job 357: 300/400
Job 357: 301/400
Job 357: 302/400
Job 357: 303/400
Job 357: 304/400
Job 357: 305/400
Job 357: 306/400
Job 357: 307/400
Job 357: 308/400
Job 357: 309/400
Job 357: 310/400
Job 357: 311/400
Job 357: 312/400
Job 357: 313/400
Job 357: 314/400
Job 357: 315/400
Job 357: 316/400
Job 357: 317/400
Job 357: 318/400
Job 357: 319/400
Job 357: 320/400
Job 357: 321/400
Job 357: 322/400
Job 357: 323/400
Job 357: 324/400
Job 357: 325/400
Job 357: 326/400
Job 357: 327/400
Job 357: 328/400
Job 357: 329/400
Job 357: 330/400
Job 357: 331/400
Job 357: 332/400
Job 357: 333/400
Job 357: 334/400
Job 357: 335/400
Job 357: 336/400
Job 357: 337/400
Job 357: 338/400
Job 357: 339/400
Job 357: 340/400
Job 357: 341/400
Job 357: 342/400
Job 357: 343/400
Job 357: 344/400
Job 357: 345/400
Job 357: 346/400
Job 357: 347/400
Job 357: 348/400
Job 357: 349/400
Job 357: 350/400
Job 357: 351/400
Job 357: 352/400
Job 357: 353/400
Job 357: 354/400
Job 357: 355/400
Job 357: 356/400
Job 357: 357/400
Job 357: 358/400
Job 357: 359/400
Job 357: 360/400
Job 357: 361/400
Job 357: 362/400
Job 357: 363/400
Job 357: 364/400
Job 357: 365/400
Job 357: 366/400
Job 357: 367/400
Job 357: 368/400
Job 357: 369/400
Job 357: 370/400
Job 357: 371/400
Job 357: 372/400
Job 357: 373/400
Job 357: 374/400
Job 357: 375/400
Job 357: 376/400
Job 357: 377/400
Job 357: 378/400
Job 357: 379/400
Job 357: 380/400
Job 357: 381/400
Job 357: 382/400
Job 357: 383/400
Job 357: 384/400
Job 357: 385/400
Job 357: 386/400
Job 357: 387/400
Job 357: 388/400
Job 357: 389/400
Job 357: 390/400
Job 357: 391/400
Job 357: 392/400
Job 357: 393/400
Job 357: 394/400
Job 357: 395/400
Job 357: 396/400
Job 357: 397/400
Job 357: 398/400
Job 357: 399/400
Job 357: 400/400
