Registered S3 methods overwritten by 'susieSlide':
  method              from  
  coef.susie          susieR
  predict.susie       susieR
  print.summary.susie susieR
  summary.susie       susieR
Job 426: 1/400
Job 426: 2/400
Job 426: 3/400
Job 426: 4/400
Job 426: 5/400
Job 426: 6/400
Job 426: 7/400
Job 426: 8/400
Job 426: 9/400
Job 426: 10/400
Job 426: 11/400
Job 426: 12/400
Job 426: 13/400
Job 426: 14/400
Job 426: 15/400
Job 426: 16/400
Job 426: 17/400
Job 426: 18/400
Job 426: 19/400
Job 426: 20/400
Job 426: 21/400
Job 426: 22/400
Job 426: 23/400
Job 426: 24/400
Job 426: 25/400
Job 426: 26/400
Job 426: 27/400
Job 426: 28/400
Job 426: 29/400
Job 426: 30/400
Job 426: 31/400
Job 426: 32/400
Job 426: 33/400
Job 426: 34/400
Job 426: 35/400
Job 426: 36/400
Job 426: 37/400
Job 426: 38/400
Job 426: 39/400
Job 426: 40/400
Job 426: 41/400
Job 426: 42/400
Job 426: 43/400
Job 426: 44/400
Job 426: 45/400
Job 426: 46/400
Job 426: 47/400
Job 426: 48/400
Job 426: 49/400
Job 426: 50/400
Job 426: 51/400
Job 426: 52/400
Job 426: 53/400
Job 426: 54/400
Job 426: 55/400
Job 426: 56/400
Job 426: 57/400
Job 426: 58/400
Job 426: 59/400
Job 426: 60/400
Job 426: 61/400
Job 426: 62/400
Job 426: 63/400
Job 426: 64/400
Job 426: 65/400
Job 426: 66/400
Job 426: 67/400
Job 426: 68/400
Job 426: 69/400
Job 426: 70/400
Job 426: 71/400
Job 426: 72/400
Job 426: 73/400
Job 426: 74/400
Job 426: 75/400
Job 426: 76/400
Job 426: 77/400
Job 426: 78/400
Job 426: 79/400
Job 426: 80/400
Job 426: 81/400
Job 426: 82/400
Job 426: 83/400
Job 426: 84/400
Job 426: 85/400
Job 426: 86/400
Job 426: 87/400
Job 426: 88/400
Job 426: 89/400
Job 426: 90/400
Job 426: 91/400
Job 426: 92/400
Job 426: 93/400
Job 426: 94/400
Job 426: 95/400
Job 426: 96/400
Job 426: 97/400
Job 426: 98/400
Job 426: 99/400
Job 426: 100/400
Job 426: 101/400
Job 426: 102/400
Job 426: 103/400
Job 426: 104/400
Job 426: 105/400
Job 426: 106/400
Job 426: 107/400
Job 426: 108/400
Job 426: 109/400
Job 426: 110/400
Job 426: 111/400
Job 426: 112/400
Job 426: 113/400
Job 426: 114/400
Job 426: 115/400
Job 426: 116/400
Job 426: 117/400
Job 426: 118/400
Job 426: 119/400
Job 426: 120/400
Job 426: 121/400
Job 426: 122/400
Job 426: 123/400
Job 426: 124/400
Job 426: 125/400
Job 426: 126/400
Job 426: 127/400
Job 426: 128/400
Job 426: 129/400
Job 426: 130/400
Job 426: 131/400
Job 426: 132/400
Job 426: 133/400
Job 426: 134/400
Job 426: 135/400
Job 426: 136/400
Job 426: 137/400
Job 426: 138/400
Job 426: 139/400
Job 426: 140/400
Job 426: 141/400
Job 426: 142/400
Job 426: 143/400
Job 426: 144/400
Job 426: 145/400
Job 426: 146/400
Job 426: 147/400
Job 426: 148/400
Job 426: 149/400
Job 426: 150/400
Job 426: 151/400
Job 426: 152/400
Job 426: 153/400
Job 426: 154/400
Job 426: 155/400
Job 426: 156/400
Job 426: 157/400
Job 426: 158/400
Job 426: 159/400
Job 426: 160/400
Job 426: 161/400
Job 426: 162/400
Job 426: 163/400
Job 426: 164/400
Job 426: 165/400
Job 426: 166/400
Job 426: 167/400
Job 426: 168/400
Job 426: 169/400
Job 426: 170/400
Job 426: 171/400
Job 426: 172/400
Job 426: 173/400
Job 426: 174/400
Job 426: 175/400
Job 426: 176/400
Job 426: 177/400
Job 426: 178/400
Job 426: 179/400
Job 426: 180/400
Job 426: 181/400
Job 426: 182/400
Job 426: 183/400
Job 426: 184/400
Job 426: 185/400
Job 426: 186/400
Job 426: 187/400
Job 426: 188/400
Job 426: 189/400
Job 426: 190/400
Job 426: 191/400
Job 426: 192/400
Job 426: 193/400
Job 426: 194/400
Job 426: 195/400
Job 426: 196/400
Job 426: 197/400
Job 426: 198/400
Job 426: 199/400
Job 426: 200/400
Job 426: 201/400
Job 426: 202/400
Job 426: 203/400
Job 426: 204/400
Job 426: 205/400
Job 426: 206/400
Job 426: 207/400
Job 426: 208/400
Job 426: 209/400
Job 426: 210/400
Job 426: 211/400
Job 426: 212/400
Job 426: 213/400
Job 426: 214/400
Job 426: 215/400
Job 426: 216/400
Job 426: 217/400
Job 426: 218/400
Job 426: 219/400
Job 426: 220/400
Job 426: 221/400
Job 426: 222/400
Job 426: 223/400
Job 426: 224/400
Job 426: 225/400
Job 426: 226/400
Job 426: 227/400
Job 426: 228/400
Job 426: 229/400
Job 426: 230/400
Job 426: 231/400
Job 426: 232/400
Job 426: 233/400
Job 426: 234/400
Job 426: 235/400
Job 426: 236/400
Job 426: 237/400
Job 426: 238/400
Job 426: 239/400
Job 426: 240/400
Job 426: 241/400
Job 426: 242/400
Job 426: 243/400
Job 426: 244/400
Job 426: 245/400
Job 426: 246/400
Job 426: 247/400
Job 426: 248/400
Job 426: 249/400
Job 426: 250/400
Job 426: 251/400
Job 426: 252/400
Job 426: 253/400
Job 426: 254/400
Job 426: 255/400
Job 426: 256/400
Job 426: 257/400
Job 426: 258/400
Job 426: 259/400
Job 426: 260/400
Job 426: 261/400
Job 426: 262/400
Job 426: 263/400
Job 426: 264/400
Job 426: 265/400
Job 426: 266/400
Job 426: 267/400
Job 426: 268/400
Job 426: 269/400
Job 426: 270/400
Job 426: 271/400
Job 426: 272/400
Job 426: 273/400
Job 426: 274/400
Job 426: 275/400
Job 426: 276/400
Job 426: 277/400
Job 426: 278/400
Job 426: 279/400
Job 426: 280/400
Job 426: 281/400
Job 426: 282/400
Job 426: 283/400
Job 426: 284/400
Job 426: 285/400
Job 426: 286/400
Job 426: 287/400
Job 426: 288/400
Job 426: 289/400
Job 426: 290/400
Job 426: 291/400
Job 426: 292/400
Job 426: 293/400
Job 426: 294/400
Job 426: 295/400
Job 426: 296/400
Job 426: 297/400
Job 426: 298/400
Job 426: 299/400
Job 426: 300/400
Job 426: 301/400
Job 426: 302/400
Job 426: 303/400
Job 426: 304/400
Job 426: 305/400
Job 426: 306/400
Job 426: 307/400
Job 426: 308/400
Job 426: 309/400
Job 426: 310/400
Job 426: 311/400
Job 426: 312/400
Job 426: 313/400
Job 426: 314/400
Job 426: 315/400
Job 426: 316/400
Job 426: 317/400
Job 426: 318/400
Job 426: 319/400
Job 426: 320/400
Job 426: 321/400
Job 426: 322/400
Job 426: 323/400
Job 426: 324/400
Job 426: 325/400
Job 426: 326/400
Job 426: 327/400
Job 426: 328/400
Job 426: 329/400
Job 426: 330/400
Job 426: 331/400
Job 426: 332/400
Job 426: 333/400
Job 426: 334/400
Job 426: 335/400
Job 426: 336/400
Job 426: 337/400
Job 426: 338/400
Job 426: 339/400
Job 426: 340/400
Job 426: 341/400
Job 426: 342/400
Job 426: 343/400
Job 426: 344/400
Job 426: 345/400
Job 426: 346/400
Job 426: 347/400
Job 426: 348/400
Job 426: 349/400
Job 426: 350/400
Job 426: 351/400
Job 426: 352/400
Job 426: 353/400
Job 426: 354/400
Job 426: 355/400
Job 426: 356/400
Job 426: 357/400
Job 426: 358/400
Job 426: 359/400
Job 426: 360/400
Job 426: 361/400
Job 426: 362/400
Job 426: 363/400
Job 426: 364/400
Job 426: 365/400
Job 426: 366/400
Job 426: 367/400
Job 426: 368/400
Job 426: 369/400
Job 426: 370/400
Job 426: 371/400
Job 426: 372/400
Job 426: 373/400
Job 426: 374/400
Job 426: 375/400
Job 426: 376/400
Job 426: 377/400
Job 426: 378/400
Job 426: 379/400
Job 426: 380/400
Job 426: 381/400
Job 426: 382/400
Job 426: 383/400
Job 426: 384/400
Job 426: 385/400
Job 426: 386/400
Job 426: 387/400
Job 426: 388/400
Job 426: 389/400
Job 426: 390/400
Job 426: 391/400
Job 426: 392/400
Job 426: 393/400
Job 426: 394/400
Job 426: 395/400
Job 426: 396/400
Job 426: 397/400
Job 426: 398/400
Job 426: 399/400
Job 426: 400/400
Warning message:
In data.table::fread(raw_file, data.table = FALSE) :
  Discarded single-line footer: <<0	GTEX-S3XE	0	0	0	-9	2	2	1	2	2	2	2	2	2	2	2	2	2	2	2	2	2	2	2	2	2	2	2	2	2	2	2	2	2	2	2	NA	NA	NA	NA	NA	NA	NA	NA	2	2	2	2	2	2	2	2	2	2	2	2	2	2	2	2	2	2	2	2	2	2	2	2	2	2	2	2	2	2	2	2	2	0	2	2	2	2	2	2	2	2	2	1	0	2	2	2	2	2	2	2	2	2	2	2	2	2	2	2	2	2	2	2	2	2	2	2	2	2	2	2	1	2	2	2	2	2	2	2	2	0	2	2	2	2	2	2	2	2	2	2	2	2	2	2	2	2	2	2	2	2	2	2	2	2	2	2	2	2	2	2	2	2	2	2	2	2	2	2	2	2	2	2	2	2	2	2	2	2	2	2	2	2	2	2	2	2	2	2	2	2	2	2	2	2	2	2	2	2	2	2	2	2	2	2	2	2	2	2	2	2	2	2	2	2	2	2	2	2	2	2	2	2	2	2	2	2	2	2	2	2	2	2	2	2	2	2	2	2	2	2	2	2	2	2	0>>
