Registered S3 methods overwritten by 'susieSlide':
  method              from  
  coef.susie          susieR
  predict.susie       susieR
  print.summary.susie susieR
  summary.susie       susieR
Job 159: 1/400
Job 159: 2/400
Job 159: 3/400
Job 159: 4/400
Job 159: 5/400
Job 159: 6/400
Job 159: 7/400
Job 159: 8/400
Job 159: 9/400
Job 159: 10/400
Job 159: 11/400
Job 159: 12/400
Job 159: 13/400
Job 159: 14/400
Job 159: 15/400
Job 159: 16/400
Job 159: 17/400
Job 159: 18/400
Job 159: 19/400
Job 159: 20/400
Job 159: 21/400
Job 159: 22/400
Job 159: 23/400
Job 159: 24/400
Job 159: 25/400
Job 159: 26/400
Job 159: 27/400
Job 159: 28/400
Job 159: 29/400
Job 159: 30/400
Job 159: 31/400
Job 159: 32/400
Job 159: 33/400
Job 159: 34/400
Job 159: 35/400
Job 159: 36/400
Job 159: 37/400
Job 159: 38/400
Job 159: 39/400
Job 159: 40/400
Job 159: 41/400
Job 159: 42/400
Job 159: 43/400
Job 159: 44/400
Job 159: 45/400
Job 159: 46/400
Job 159: 47/400
Job 159: 48/400
Job 159: 49/400
Job 159: 50/400
Job 159: 51/400
Job 159: 52/400
Job 159: 53/400
Job 159: 54/400
Job 159: 55/400
Job 159: 56/400
Job 159: 57/400
Job 159: 58/400
Job 159: 59/400
Job 159: 60/400
Job 159: 61/400
Job 159: 62/400
Job 159: 63/400
Job 159: 64/400
Job 159: 65/400
Job 159: 66/400
Job 159: 67/400
Job 159: 68/400
Job 159: 69/400
Job 159: 70/400
Job 159: 71/400
Job 159: 72/400
Job 159: 73/400
Job 159: 74/400
Job 159: 75/400
Job 159: 76/400
Job 159: 77/400
Job 159: 78/400
Job 159: 79/400
Job 159: 80/400
Job 159: 81/400
Job 159: 82/400
Job 159: 83/400
Job 159: 84/400
Job 159: 85/400
Job 159: 86/400
Job 159: 87/400
Job 159: 88/400
Job 159: 89/400
Job 159: 90/400
Job 159: 91/400
Job 159: 92/400
Job 159: 93/400
Job 159: 94/400
Job 159: 95/400
Job 159: 96/400
Job 159: 97/400
Job 159: 98/400
Job 159: 99/400
Job 159: 100/400
Job 159: 101/400
Job 159: 102/400
Job 159: 103/400
Job 159: 104/400
Job 159: 105/400
Job 159: 106/400
Job 159: 107/400
Job 159: 108/400
Job 159: 109/400
Job 159: 110/400
Job 159: 111/400
Job 159: 112/400
Job 159: 113/400
Job 159: 114/400
Job 159: 115/400
Job 159: 116/400
Job 159: 117/400
Job 159: 118/400
Job 159: 119/400
Job 159: 120/400
Job 159: 121/400
Job 159: 122/400
Job 159: 123/400
Job 159: 124/400
Job 159: 125/400
Job 159: 126/400
Job 159: 127/400
Job 159: 128/400
Job 159: 129/400
Job 159: 130/400
Job 159: 131/400
Job 159: 132/400
Job 159: 133/400
Job 159: 134/400
Job 159: 135/400
Job 159: 136/400
Job 159: 137/400
Job 159: 138/400
Job 159: 139/400
Job 159: 140/400
Job 159: 141/400
Job 159: 142/400
Job 159: 143/400
Job 159: 144/400
Job 159: 145/400
Job 159: 146/400
Job 159: 147/400
Job 159: 148/400
Job 159: 149/400
Job 159: 150/400
Job 159: 151/400
Job 159: 152/400
Job 159: 153/400
Job 159: 154/400
Job 159: 155/400
Job 159: 156/400
Job 159: 157/400
Job 159: 158/400
Job 159: 159/400
Job 159: 160/400
Job 159: 161/400
Job 159: 162/400
Job 159: 163/400
Job 159: 164/400
Job 159: 165/400
Job 159: 166/400
Job 159: 167/400
Job 159: 168/400
Job 159: 169/400
Job 159: 170/400
Job 159: 171/400
Job 159: 172/400
Job 159: 173/400
Job 159: 174/400
Job 159: 175/400
Job 159: 176/400
Job 159: 177/400
Job 159: 178/400
Job 159: 179/400
Job 159: 180/400
Job 159: 181/400
Job 159: 182/400
Job 159: 183/400
Job 159: 184/400
Job 159: 185/400
Job 159: 186/400
Job 159: 187/400
Job 159: 188/400
Job 159: 189/400
Job 159: 190/400
Job 159: 191/400
Job 159: 192/400
Job 159: 193/400
Job 159: 194/400
Job 159: 195/400
Job 159: 196/400
Job 159: 197/400
Job 159: 198/400
Job 159: 199/400
Job 159: 200/400
Job 159: 201/400
Job 159: 202/400
Job 159: 203/400
Job 159: 204/400
Job 159: 205/400
Job 159: 206/400
Job 159: 207/400
Job 159: 208/400
Job 159: 209/400
Job 159: 210/400
Job 159: 211/400
Job 159: 212/400
Job 159: 213/400
Job 159: 214/400
Job 159: 215/400
Job 159: 216/400
Job 159: 217/400
Job 159: 218/400
Job 159: 219/400
Job 159: 220/400
Job 159: 221/400
Job 159: 222/400
Job 159: 223/400
Job 159: 224/400
Job 159: 225/400
Job 159: 226/400
Job 159: 227/400
Job 159: 228/400
Job 159: 229/400
Job 159: 230/400
Job 159: 231/400
Job 159: 232/400
Job 159: 233/400
Job 159: 234/400
Job 159: 235/400
Job 159: 236/400
Job 159: 237/400
Job 159: 238/400
Job 159: 239/400
Job 159: 240/400
Job 159: 241/400
Job 159: 242/400
Job 159: 243/400
Job 159: 244/400
Job 159: 245/400
Job 159: 246/400
Job 159: 247/400
Job 159: 248/400
Job 159: 249/400
Job 159: 250/400
Job 159: 251/400
Job 159: 252/400
Job 159: 253/400
Job 159: 254/400
Job 159: 255/400
Job 159: 256/400
Job 159: 257/400
Job 159: 258/400
Job 159: 259/400
Job 159: 260/400
Job 159: 261/400
Job 159: 262/400
Job 159: 263/400
Job 159: 264/400
Job 159: 265/400
Job 159: 266/400
Job 159: 267/400
Job 159: 268/400
Job 159: 269/400
Job 159: 270/400
Job 159: 271/400
Job 159: 272/400
Job 159: 273/400
Job 159: 274/400
Job 159: 275/400
Job 159: 276/400
Job 159: 277/400
Job 159: 278/400
Job 159: 279/400
Job 159: 280/400
Job 159: 281/400
Job 159: 282/400
Job 159: 283/400
Job 159: 284/400
Job 159: 285/400
Job 159: 286/400
Job 159: 287/400
Job 159: 288/400
Job 159: 289/400
Job 159: 290/400
Job 159: 291/400
Job 159: 292/400
Job 159: 293/400
Job 159: 294/400
Job 159: 295/400
Job 159: 296/400
Job 159: 297/400
Job 159: 298/400
Job 159: 299/400
Job 159: 300/400
Job 159: 301/400
Job 159: 302/400
Job 159: 303/400
Job 159: 304/400
Job 159: 305/400
Job 159: 306/400
Job 159: 307/400
Job 159: 308/400
Job 159: 309/400
Job 159: 310/400
Job 159: 311/400
Job 159: 312/400
Job 159: 313/400
Job 159: 314/400
Job 159: 315/400
Job 159: 316/400
Job 159: 317/400
Job 159: 318/400
Job 159: 319/400
Job 159: 320/400
Job 159: 321/400
Job 159: 322/400
Job 159: 323/400
Job 159: 324/400
Job 159: 325/400
Job 159: 326/400
Job 159: 327/400
Job 159: 328/400
Job 159: 329/400
Job 159: 330/400
Job 159: 331/400
Job 159: 332/400
Job 159: 333/400
Job 159: 334/400
Job 159: 335/400
Job 159: 336/400
Job 159: 337/400
Job 159: 338/400
Job 159: 339/400
Job 159: 340/400
Job 159: 341/400
Job 159: 342/400
Job 159: 343/400
Job 159: 344/400
Job 159: 345/400
Job 159: 346/400
Job 159: 347/400
Job 159: 348/400
Job 159: 349/400
Job 159: 350/400
Job 159: 351/400
Job 159: 352/400
Job 159: 353/400
Job 159: 354/400
Job 159: 355/400
Job 159: 356/400
Job 159: 357/400
Job 159: 358/400
Job 159: 359/400
Job 159: 360/400
Job 159: 361/400
Job 159: 362/400
Job 159: 363/400
Job 159: 364/400
Job 159: 365/400
Job 159: 366/400
Job 159: 367/400
Job 159: 368/400
Job 159: 369/400
Job 159: 370/400
Job 159: 371/400
Job 159: 372/400
Job 159: 373/400
Job 159: 374/400
Job 159: 375/400
Job 159: 376/400
Job 159: 377/400
Job 159: 378/400
Job 159: 379/400
Job 159: 380/400
Job 159: 381/400
Job 159: 382/400
Job 159: 383/400
Job 159: 384/400
Job 159: 385/400
Job 159: 386/400
Job 159: 387/400
Job 159: 388/400
Job 159: 389/400
Job 159: 390/400
Job 159: 391/400
Job 159: 392/400
Job 159: 393/400
Job 159: 394/400
Job 159: 395/400
Job 159: 396/400
Job 159: 397/400
Job 159: 398/400
Job 159: 399/400
Job 159: 400/400
