Registered S3 methods overwritten by 'susieSlide':
  method              from  
  coef.susie          susieR
  predict.susie       susieR
  print.summary.susie susieR
  summary.susie       susieR
Job 623: 1/400
Job 623: 2/400
Job 623: 3/400
Job 623: 4/400
Job 623: 5/400
Job 623: 6/400
Job 623: 7/400
Job 623: 8/400
Job 623: 9/400
Job 623: 10/400
Job 623: 11/400
Job 623: 12/400
Job 623: 13/400
Job 623: 14/400
Job 623: 15/400
Job 623: 16/400
Job 623: 17/400
Job 623: 18/400
Job 623: 19/400
Job 623: 20/400
Job 623: 21/400
Job 623: 22/400 ERROR: No .raw files found in temp_dir.
Job 623: 23/400 ERROR: No .raw files found in temp_dir.
Job 623: 24/400 ERROR: No .raw files found in temp_dir.
Job 623: 25/400 ERROR: No .raw files found in temp_dir.
Job 623: 26/400 ERROR: No .raw files found in temp_dir.
Job 623: 27/400 ERROR: No .raw files found in temp_dir.
Job 623: 28/400 ERROR: No .raw files found in temp_dir.
Job 623: 29/400 ERROR: No .raw files found in temp_dir.
Job 623: 30/400 ERROR: No .raw files found in temp_dir.
Job 623: 31/400 ERROR: No .raw files found in temp_dir.
Job 623: 32/400 ERROR: No .raw files found in temp_dir.
Job 623: 33/400 ERROR: No .raw files found in temp_dir.
Job 623: 34/400 ERROR: No .raw files found in temp_dir.
Job 623: 35/400 ERROR: No .raw files found in temp_dir.
Job 623: 36/400 ERROR: No .raw files found in temp_dir.
Job 623: 37/400 ERROR: No .raw files found in temp_dir.
Job 623: 38/400 ERROR: No .raw files found in temp_dir.
Job 623: 39/400 ERROR: No .raw files found in temp_dir.
Job 623: 40/400 ERROR: No .raw files found in temp_dir.
Job 623: 41/400 ERROR: No .raw files found in temp_dir.
Job 623: 42/400 ERROR: No .raw files found in temp_dir.
Job 623: 43/400 ERROR: No .raw files found in temp_dir.
Job 623: 44/400 ERROR: No .raw files found in temp_dir.
Job 623: 45/400 ERROR: No .raw files found in temp_dir.
Job 623: 46/400 ERROR: No .raw files found in temp_dir.
Job 623: 47/400 ERROR: No .raw files found in temp_dir.
Job 623: 48/400 ERROR: No .raw files found in temp_dir.
Job 623: 49/400 ERROR: No .raw files found in temp_dir.
Job 623: 50/400 ERROR: No .raw files found in temp_dir.
Job 623: 51/400 ERROR: No .raw files found in temp_dir.
Job 623: 52/400 ERROR: No .raw files found in temp_dir.
Job 623: 53/400 ERROR: No .raw files found in temp_dir.
Job 623: 54/400 ERROR: No .raw files found in temp_dir.
Job 623: 55/400 ERROR: No .raw files found in temp_dir.
Job 623: 56/400 ERROR: No .raw files found in temp_dir.
Job 623: 57/400 ERROR: No .raw files found in temp_dir.
Job 623: 58/400 ERROR: No .raw files found in temp_dir.
Job 623: 59/400 ERROR: No .raw files found in temp_dir.
Job 623: 60/400 ERROR: No .raw files found in temp_dir.
Job 623: 61/400 ERROR: No .raw files found in temp_dir.
Job 623: 62/400 ERROR: No .raw files found in temp_dir.
Job 623: 63/400 ERROR: No .raw files found in temp_dir.
Job 623: 64/400 ERROR: No .raw files found in temp_dir.
Job 623: 65/400 ERROR: No .raw files found in temp_dir.
Job 623: 66/400 ERROR: No .raw files found in temp_dir.
Job 623: 67/400 ERROR: No .raw files found in temp_dir.
Job 623: 68/400 ERROR: No .raw files found in temp_dir.
Job 623: 69/400 ERROR: No .raw files found in temp_dir.
Job 623: 70/400 ERROR: No .raw files found in temp_dir.
Job 623: 71/400 ERROR: No .raw files found in temp_dir.
Job 623: 72/400 ERROR: No .raw files found in temp_dir.
Job 623: 73/400 ERROR: No .raw files found in temp_dir.
Job 623: 74/400 ERROR: No .raw files found in temp_dir.
Job 623: 75/400 ERROR: No .raw files found in temp_dir.
Job 623: 76/400 ERROR: No .raw files found in temp_dir.
Job 623: 77/400 ERROR: No .raw files found in temp_dir.
Job 623: 78/400 ERROR: No .raw files found in temp_dir.
Job 623: 79/400 ERROR: No .raw files found in temp_dir.
Job 623: 80/400 ERROR: No .raw files found in temp_dir.
Job 623: 81/400 ERROR: No .raw files found in temp_dir.
Job 623: 82/400 ERROR: No .raw files found in temp_dir.
Job 623: 83/400 ERROR: No .raw files found in temp_dir.
Job 623: 84/400 ERROR: No .raw files found in temp_dir.
Job 623: 85/400 ERROR: No .raw files found in temp_dir.
Job 623: 86/400 ERROR: No .raw files found in temp_dir.
Job 623: 87/400 ERROR: No .raw files found in temp_dir.
Job 623: 88/400 ERROR: Not enough donors for the requested n.
Job 623: 89/400
Job 623: 90/400
Job 623: 91/400
Job 623: 92/400
Job 623: 93/400
Job 623: 94/400
Job 623: 95/400
Job 623: 96/400
Job 623: 97/400
Job 623: 98/400
Job 623: 99/400
Job 623: 100/400
Job 623: 101/400
Job 623: 102/400
Job 623: 103/400
Job 623: 104/400
Job 623: 105/400
Job 623: 106/400
Job 623: 107/400
Job 623: 108/400
Job 623: 109/400
Job 623: 110/400
Job 623: 111/400
Job 623: 112/400
Job 623: 113/400
Job 623: 114/400 ERROR: No .raw files found in temp_dir.
Job 623: 115/400 ERROR: No .raw files found in temp_dir.
Job 623: 116/400 ERROR: No .raw files found in temp_dir.
Job 623: 117/400 ERROR: No .raw files found in temp_dir.
Job 623: 118/400 ERROR: No .raw files found in temp_dir.
Job 623: 119/400 ERROR: No .raw files found in temp_dir.
Job 623: 120/400 ERROR: No .raw files found in temp_dir.
Job 623: 121/400 ERROR: No .raw files found in temp_dir.
Job 623: 122/400 ERROR: No .raw files found in temp_dir.
Job 623: 123/400 ERROR: No .raw files found in temp_dir.
Job 623: 124/400 ERROR: No .raw files found in temp_dir.
Job 623: 125/400 ERROR: No .raw files found in temp_dir.
Job 623: 126/400 ERROR: No .raw files found in temp_dir.
Job 623: 127/400 ERROR: No .raw files found in temp_dir.
Job 623: 128/400 ERROR: No .raw files found in temp_dir.
Job 623: 129/400 ERROR: No .raw files found in temp_dir.
Job 623: 130/400 ERROR: No .raw files found in temp_dir.
Job 623: 131/400 ERROR: No .raw files found in temp_dir.
Job 623: 132/400 ERROR: No .raw files found in temp_dir.
Job 623: 133/400 ERROR: No .raw files found in temp_dir.
Job 623: 134/400 ERROR: No .raw files found in temp_dir.
Job 623: 135/400 ERROR: No .raw files found in temp_dir.
Job 623: 136/400 ERROR: No .raw files found in temp_dir.
Job 623: 137/400 ERROR: No .raw files found in temp_dir.
Job 623: 138/400 ERROR: No .raw files found in temp_dir.
Job 623: 139/400 ERROR: No .raw files found in temp_dir.
Job 623: 140/400 ERROR: No .raw files found in temp_dir.
Job 623: 141/400 ERROR: No .raw files found in temp_dir.
Job 623: 142/400 ERROR: No .raw files found in temp_dir.
Job 623: 143/400 ERROR: No .raw files found in temp_dir.
Job 623: 144/400 ERROR: No .raw files found in temp_dir.
Job 623: 145/400 ERROR: No .raw files found in temp_dir.
Job 623: 146/400 ERROR: No .raw files found in temp_dir.
Job 623: 147/400 ERROR: No .raw files found in temp_dir.
Job 623: 148/400 ERROR: No .raw files found in temp_dir.
Job 623: 149/400 ERROR: No .raw files found in temp_dir.
Job 623: 150/400 ERROR: No .raw files found in temp_dir.
Job 623: 151/400 ERROR: No .raw files found in temp_dir.
Job 623: 152/400 ERROR: No .raw files found in temp_dir.
Job 623: 153/400 ERROR: No .raw files found in temp_dir.
Job 623: 154/400 ERROR: No .raw files found in temp_dir.
Job 623: 155/400 ERROR: No .raw files found in temp_dir.
Job 623: 156/400 ERROR: No .raw files found in temp_dir.
Job 623: 157/400 ERROR: No .raw files found in temp_dir.
Job 623: 158/400 ERROR: No .raw files found in temp_dir.
Job 623: 159/400 ERROR: No .raw files found in temp_dir.
Job 623: 160/400 ERROR: No .raw files found in temp_dir.
Job 623: 161/400 ERROR: No .raw files found in temp_dir.
Job 623: 162/400 ERROR: No .raw files found in temp_dir.
Job 623: 163/400 ERROR: No .raw files found in temp_dir.
Job 623: 164/400 ERROR: No .raw files found in temp_dir.
Job 623: 165/400 ERROR: No .raw files found in temp_dir.
Job 623: 166/400 ERROR: No .raw files found in temp_dir.
Job 623: 167/400 ERROR: No .raw files found in temp_dir.
Job 623: 168/400 ERROR: No .raw files found in temp_dir.
Job 623: 169/400 ERROR: Not enough donors for the requested n.
Job 623: 170/400
Job 623: 171/400
Job 623: 172/400
Job 623: 173/400
Job 623: 174/400
Job 623: 175/400
Job 623: 176/400
Job 623: 177/400
Job 623: 178/400
Job 623: 179/400
Job 623: 180/400
Job 623: 181/400
Job 623: 182/400
Job 623: 183/400
Job 623: 184/400
Job 623: 185/400
Job 623: 186/400
Job 623: 187/400
Job 623: 188/400
Job 623: 189/400
Job 623: 190/400
Job 623: 191/400
Job 623: 192/400
Job 623: 193/400
Job 623: 194/400
Job 623: 195/400 ERROR: No .raw files found in temp_dir.
Job 623: 196/400 ERROR: No .raw files found in temp_dir.
Job 623: 197/400 ERROR: No .raw files found in temp_dir.
Job 623: 198/400 ERROR: No .raw files found in temp_dir.
Job 623: 199/400 ERROR: No .raw files found in temp_dir.
Job 623: 200/400 ERROR: No .raw files found in temp_dir.
Job 623: 201/400 ERROR: No .raw files found in temp_dir.
Job 623: 202/400 ERROR: No .raw files found in temp_dir.
Job 623: 203/400 ERROR: No .raw files found in temp_dir.
Job 623: 204/400 ERROR: No .raw files found in temp_dir.
Job 623: 205/400 ERROR: No .raw files found in temp_dir.
Job 623: 206/400 ERROR: No .raw files found in temp_dir.
Job 623: 207/400 ERROR: No .raw files found in temp_dir.
Job 623: 208/400 ERROR: No .raw files found in temp_dir.
Job 623: 209/400 ERROR: No .raw files found in temp_dir.
Job 623: 210/400 ERROR: No .raw files found in temp_dir.
Job 623: 211/400 ERROR: No .raw files found in temp_dir.
Job 623: 212/400 ERROR: No .raw files found in temp_dir.
Job 623: 213/400 ERROR: No .raw files found in temp_dir.
Job 623: 214/400 ERROR: No .raw files found in temp_dir.
Job 623: 215/400 ERROR: No .raw files found in temp_dir.
Job 623: 216/400 ERROR: No .raw files found in temp_dir.
Job 623: 217/400 ERROR: No .raw files found in temp_dir.
Job 623: 218/400 ERROR: No .raw files found in temp_dir.
Job 623: 219/400 ERROR: No .raw files found in temp_dir.
Job 623: 220/400 ERROR: No .raw files found in temp_dir.
Job 623: 221/400 ERROR: No .raw files found in temp_dir.
Job 623: 222/400 ERROR: No .raw files found in temp_dir.
Job 623: 223/400 ERROR: No .raw files found in temp_dir.
Job 623: 224/400 ERROR: No .raw files found in temp_dir.
Job 623: 225/400 ERROR: No .raw files found in temp_dir.
Job 623: 226/400 ERROR: No .raw files found in temp_dir.
Job 623: 227/400 ERROR: No .raw files found in temp_dir.
Job 623: 228/400 ERROR: No .raw files found in temp_dir.
Job 623: 229/400 ERROR: No .raw files found in temp_dir.
Job 623: 230/400 ERROR: No .raw files found in temp_dir.
Job 623: 231/400 ERROR: No .raw files found in temp_dir.
Job 623: 232/400 ERROR: No .raw files found in temp_dir.
Job 623: 233/400 ERROR: No .raw files found in temp_dir.
Job 623: 234/400 ERROR: No .raw files found in temp_dir.
Job 623: 235/400 ERROR: No .raw files found in temp_dir.
Job 623: 236/400 ERROR: No .raw files found in temp_dir.
Job 623: 237/400 ERROR: No .raw files found in temp_dir.
Job 623: 238/400 ERROR: No .raw files found in temp_dir.
Job 623: 239/400 ERROR: No .raw files found in temp_dir.
Job 623: 240/400 ERROR: No .raw files found in temp_dir.
Job 623: 241/400 ERROR: No .raw files found in temp_dir.
Job 623: 242/400 ERROR: No .raw files found in temp_dir.
Job 623: 243/400 ERROR: No .raw files found in temp_dir.
Job 623: 244/400 ERROR: No .raw files found in temp_dir.
Job 623: 245/400 ERROR: No .raw files found in temp_dir.
Job 623: 246/400 ERROR: No .raw files found in temp_dir.
Job 623: 247/400 ERROR: No .raw files found in temp_dir.
Job 623: 248/400 ERROR: No .raw files found in temp_dir.
Job 623: 249/400 ERROR: No .raw files found in temp_dir.
Job 623: 250/400 ERROR: No .raw files found in temp_dir.
Job 623: 251/400 ERROR: No .raw files found in temp_dir.
Job 623: 252/400 ERROR: No .raw files found in temp_dir.
Job 623: 253/400 ERROR: No .raw files found in temp_dir.
Job 623: 254/400 ERROR: No .raw files found in temp_dir.
Job 623: 255/400 ERROR: No .raw files found in temp_dir.
Job 623: 256/400 ERROR: No .raw files found in temp_dir.
Job 623: 257/400 ERROR: No .raw files found in temp_dir.
Job 623: 258/400 ERROR: No .raw files found in temp_dir.
Job 623: 259/400 ERROR: No .raw files found in temp_dir.
Job 623: 260/400 ERROR: No .raw files found in temp_dir.
Job 623: 261/400 ERROR: No .raw files found in temp_dir.
Job 623: 262/400 ERROR: No .raw files found in temp_dir.
Job 623: 263/400 ERROR: No .raw files found in temp_dir.
Job 623: 264/400 ERROR: No .raw files found in temp_dir.
Job 623: 265/400 ERROR: No .raw files found in temp_dir.
Job 623: 266/400 ERROR: No .raw files found in temp_dir.
Job 623: 267/400 ERROR: No .raw files found in temp_dir.
Job 623: 268/400 ERROR: No .raw files found in temp_dir.
Job 623: 269/400 ERROR: No .raw files found in temp_dir.
Job 623: 270/400 ERROR: No .raw files found in temp_dir.
Job 623: 271/400 ERROR: No .raw files found in temp_dir.
Job 623: 272/400 ERROR: No .raw files found in temp_dir.
Job 623: 273/400 ERROR: No .raw files found in temp_dir.
Job 623: 274/400 ERROR: No .raw files found in temp_dir.
Job 623: 275/400 ERROR: No .raw files found in temp_dir.
Job 623: 276/400 ERROR: No .raw files found in temp_dir.
Job 623: 277/400 ERROR: No .raw files found in temp_dir.
Job 623: 278/400 ERROR: No .raw files found in temp_dir.
Job 623: 279/400 ERROR: No .raw files found in temp_dir.
Job 623: 280/400 ERROR: No .raw files found in temp_dir.
Job 623: 281/400 ERROR: No .raw files found in temp_dir.
Job 623: 282/400 ERROR: No .raw files found in temp_dir.
Job 623: 283/400 ERROR: No .raw files found in temp_dir.
Job 623: 284/400 ERROR: No .raw files found in temp_dir.
Job 623: 285/400 ERROR: No .raw files found in temp_dir.
Job 623: 286/400 ERROR: No .raw files found in temp_dir.
Job 623: 287/400 ERROR: No .raw files found in temp_dir.
Job 623: 288/400 ERROR: No .raw files found in temp_dir.
Job 623: 289/400 ERROR: No .raw files found in temp_dir.
Job 623: 290/400 ERROR: No .raw files found in temp_dir.
Job 623: 291/400 ERROR: No .raw files found in temp_dir.
Job 623: 292/400 ERROR: No .raw files found in temp_dir.
Job 623: 293/400 ERROR: No .raw files found in temp_dir.
Job 623: 294/400 ERROR: No .raw files found in temp_dir.
Job 623: 295/400 ERROR: No .raw files found in temp_dir.
Job 623: 296/400 ERROR: No .raw files found in temp_dir.
Job 623: 297/400 ERROR: No .raw files found in temp_dir.
Job 623: 298/400 ERROR: No .raw files found in temp_dir.
Job 623: 299/400 ERROR: No .raw files found in temp_dir.
Job 623: 300/400 ERROR: No .raw files found in temp_dir.
Job 623: 301/400 ERROR: No .raw files found in temp_dir.
Job 623: 302/400 ERROR: No .raw files found in temp_dir.
Job 623: 303/400 ERROR: No .raw files found in temp_dir.
Job 623: 304/400 ERROR: No .raw files found in temp_dir.
Job 623: 305/400 ERROR: No .raw files found in temp_dir.
Job 623: 306/400 ERROR: No .raw files found in temp_dir.
Job 623: 307/400 ERROR: No .raw files found in temp_dir.
Job 623: 308/400 ERROR: No .raw files found in temp_dir.
Job 623: 309/400 ERROR: No .raw files found in temp_dir.
Job 623: 310/400 ERROR: No .raw files found in temp_dir.
Job 623: 311/400 ERROR: No .raw files found in temp_dir.
Job 623: 312/400 ERROR: No .raw files found in temp_dir.
Job 623: 313/400 ERROR: No .raw files found in temp_dir.
Job 623: 314/400 ERROR: No .raw files found in temp_dir.
Job 623: 315/400 ERROR: No .raw files found in temp_dir.
Job 623: 316/400 ERROR: No .raw files found in temp_dir.
Job 623: 317/400 ERROR: No .raw files found in temp_dir.
Job 623: 318/400 ERROR: No .raw files found in temp_dir.
Job 623: 319/400 ERROR: No .raw files found in temp_dir.
Job 623: 320/400 ERROR: No .raw files found in temp_dir.
Job 623: 321/400 ERROR: No .raw files found in temp_dir.
Job 623: 322/400 ERROR: No .raw files found in temp_dir.
Job 623: 323/400 ERROR: No .raw files found in temp_dir.
Job 623: 324/400 ERROR: No .raw files found in temp_dir.
Job 623: 325/400 ERROR: No .raw files found in temp_dir.
Job 623: 326/400 ERROR: No .raw files found in temp_dir.
Job 623: 327/400 ERROR: No .raw files found in temp_dir.
Job 623: 328/400 ERROR: No .raw files found in temp_dir.
Job 623: 329/400 ERROR: No .raw files found in temp_dir.
Job 623: 330/400 ERROR: No .raw files found in temp_dir.
Job 623: 331/400 ERROR: No .raw files found in temp_dir.
Job 623: 332/400 ERROR: No .raw files found in temp_dir.
Job 623: 333/400 ERROR: No .raw files found in temp_dir.
Job 623: 334/400 ERROR: No .raw files found in temp_dir.
Job 623: 335/400 ERROR: No .raw files found in temp_dir.
Job 623: 336/400 ERROR: No .raw files found in temp_dir.
Job 623: 337/400 ERROR: No .raw files found in temp_dir.
Job 623: 338/400 ERROR: No .raw files found in temp_dir.
Job 623: 339/400 ERROR: No .raw files found in temp_dir.
Job 623: 340/400 ERROR: No .raw files found in temp_dir.
Job 623: 341/400 ERROR: No .raw files found in temp_dir.
Job 623: 342/400 ERROR: No .raw files found in temp_dir.
Job 623: 343/400 ERROR: No .raw files found in temp_dir.
Job 623: 344/400 ERROR: No .raw files found in temp_dir.
Job 623: 345/400 ERROR: No .raw files found in temp_dir.
Job 623: 346/400 ERROR: No .raw files found in temp_dir.
Job 623: 347/400 ERROR: No .raw files found in temp_dir.
Job 623: 348/400 ERROR: No .raw files found in temp_dir.
Job 623: 349/400 ERROR: No .raw files found in temp_dir.
Job 623: 350/400 ERROR: No .raw files found in temp_dir.
Job 623: 351/400 ERROR: No .raw files found in temp_dir.
Job 623: 352/400 ERROR: No .raw files found in temp_dir.
Job 623: 353/400 ERROR: No .raw files found in temp_dir.
Job 623: 354/400 ERROR: No .raw files found in temp_dir.
Job 623: 355/400 ERROR: No .raw files found in temp_dir.
Job 623: 356/400 ERROR: No .raw files found in temp_dir.
Job 623: 357/400 ERROR: No .raw files found in temp_dir.
Job 623: 358/400 ERROR: No .raw files found in temp_dir.
Job 623: 359/400 ERROR: No .raw files found in temp_dir.
Job 623: 360/400 ERROR: No .raw files found in temp_dir.
Job 623: 361/400 ERROR: No .raw files found in temp_dir.
Job 623: 362/400 ERROR: No .raw files found in temp_dir.
Job 623: 363/400 ERROR: No .raw files found in temp_dir.
Job 623: 364/400 ERROR: No .raw files found in temp_dir.
Job 623: 365/400 ERROR: No .raw files found in temp_dir.
Job 623: 366/400 ERROR: No .raw files found in temp_dir.
Job 623: 367/400 ERROR: No .raw files found in temp_dir.
Job 623: 368/400 ERROR: No .raw files found in temp_dir.
Job 623: 369/400 ERROR: No .raw files found in temp_dir.
Job 623: 370/400 ERROR: No .raw files found in temp_dir.
Job 623: 371/400 ERROR: No .raw files found in temp_dir.
Job 623: 372/400 ERROR: No .raw files found in temp_dir.
Job 623: 373/400 ERROR: No .raw files found in temp_dir.
Job 623: 374/400 ERROR: No .raw files found in temp_dir.
Job 623: 375/400 ERROR: No .raw files found in temp_dir.
Job 623: 376/400 ERROR: No .raw files found in temp_dir.
Job 623: 377/400 ERROR: No .raw files found in temp_dir.
Job 623: 378/400 ERROR: No .raw files found in temp_dir.
Job 623: 379/400 ERROR: No .raw files found in temp_dir.
Job 623: 380/400 ERROR: No .raw files found in temp_dir.
Job 623: 381/400 ERROR: No .raw files found in temp_dir.
Job 623: 382/400 ERROR: No .raw files found in temp_dir.
Job 623: 383/400 ERROR: No .raw files found in temp_dir.
Job 623: 384/400 ERROR: No .raw files found in temp_dir.
Job 623: 385/400 ERROR: No .raw files found in temp_dir.
Job 623: 386/400 ERROR: No .raw files found in temp_dir.
Job 623: 387/400 ERROR: No .raw files found in temp_dir.
Job 623: 388/400 ERROR: No .raw files found in temp_dir.
Job 623: 389/400 ERROR: No .raw files found in temp_dir.
Job 623: 390/400 ERROR: No .raw files found in temp_dir.
Job 623: 391/400 ERROR: No .raw files found in temp_dir.
Job 623: 392/400 ERROR: No .raw files found in temp_dir.
Job 623: 393/400 ERROR: No .raw files found in temp_dir.
Job 623: 394/400 ERROR: No .raw files found in temp_dir.
Job 623: 395/400 ERROR: No .raw files found in temp_dir.
Job 623: 396/400 ERROR: No .raw files found in temp_dir.
Job 623: 397/400 ERROR: No .raw files found in temp_dir.
Job 623: 398/400 ERROR: No .raw files found in temp_dir.
Job 623: 399/400 ERROR: No .raw files found in temp_dir.
Job 623: 400/400 ERROR: No .raw files found in temp_dir.
Warning messages:
1: In data.table::fread(raw_file, data.table = FALSE) :
  Discarded single-line footer: <<0	GTEX-1399R	0	0	0	-9	2	2	2	2	2	0	2	2	2	2	1	2	1	2	2	2	2	2	1	2	2	2	2	2	2	2	2	2	0	2	0	2	1	2	1	2	1	0	2	2	2	1	2	2	2	2	2	2	1	2	2	2	2	2	2	0	2	2	2	2	2	1	2	2	2	2	1	2	2	2	2	2	2	1	2	2	2	0	2	2	2	2	2	2	2	2	2	2	2	2	0	1	2	2	2	2	2	2	2	2	2	2	2	2	0	2	2	2	2	2	2	2	2	1	2	2	2	2	2	2	2	2	2	2	2	2	1	2	2	0	2	2	2	2	1	2	1	2	0	2	0	2	1	2	2	2	2	2	2	2	2	2	2	2	2	2	2	1	1	2	2	1	2	2	1	1	2	2	2	2	2	2	1	2	2	2	2	2	2	2	2	2	2	2	2	2	2	2	2	2	2	1	2	2	2	2	2	2	2	2	2	2	2	2	2	2	1	2	2	1	2	2	2	2	2	2	2	2	2	2	2	2	2	2	2	2	2	2	2	2	2	2	2	1	2	2	2	2	2	>>
2: In data.table::fread(raw_file, data.table = FALSE) :
  Discarded single-line footer: <<0	GTEX-1OJC3	0	0	0	-9	2	2	2	2	2	0	2	2	2	2	2	2	0	2	2	2	2	2	2	2	2	2	2	2	2	2	2	2	0	2	0	2	2	2	0	2	2	0	2	2	2	2	2	2	2	2	2	2	1	2	1	2	2	2	2	0	2	2	2	2	1	2	2	2	2	2	2	2	2	2	2	2	2	1	2	2	2	0	2	2	2	2	2	2	2	2	2	2	2	2	0	2	2	2	2	2	2	2	2	2	2	2	2	2	0	2	2	2	2	2	2	2	2	1	2	2	2	2	2	2	2	2	2	2	2	2	2	2	2	0	2	2	2	2	2	2	2	2	0	2	0	2	1	2	2	2	2	2	2	2	2	2	2	2	2	2	2	2	2	2	2	2	2	2	2	2	2	2	2	2	2	2	2	2	1	2	2	2	2	2	2	2	2	2	2	2	2	2	2	2	2	2	2	2	2	2	2	2	2	2	2	2	2	2	2	2	2	2	2	2	2	2	2	2	2	2	2	2	2	2	2	2	2	2	2	2	2	2	2	2	2	2	2	2	2	2	2	2	2	>>
3: In data.table::fread(raw_file, data.table = FALSE) :
  Discarded single-line footer: <<0	GTEX-145MI	0	0	0	-9	2	2	2	2	2	2	2	2	2	2	2	2	2	2	2	2	2	2	2	2	2	2	2	2	2	2	2	2	2	2	2	2	2	2	2	2	2	2	2	2	2	2	2	2	2	2	2	2	2	2	2	2	2	2	2	2	2	2	2	2	2	2	2	2	2	2	2	2	2	2	2	2	2	2	2	2	1	2	2	2	2	2	2	2	2	2	2	2	2	2	2	2	2	2	2	2	2	2	2	2	2	2	2	2	2	2	2	2	2	2	NA	2	2	2	2	2	2	2	2	2	2	2	2	2	2	2	2	2	2	2	2	2	2	2	2	2	2	2	2	2	2	2	2	2	2	2	2	2	2	NA	NA	2	2	2	2	2	2	2	2	2	2	2	2	2	2	2	2	2	2	2	2	2	2	2	2	2	2	2	2	2	2	2	2	2	2	2	2	2	2	0	2	2	2	2	2	2	2	2	2	2	2	2	2	2	2	2	2	2	2	2	2	2	2	2	1	2	2	2	2	2	2	2	2	2	2	2	2	2	2	2	2	2	2	2	2	2	2	2>>
