Registered S3 methods overwritten by 'susieSlide':
  method              from  
  coef.susie          susieR
  predict.susie       susieR
  print.summary.susie susieR
  summary.susie       susieR
Job 337: 1/400
Job 337: 2/400
Job 337: 3/400
Job 337: 4/400
Job 337: 5/400
Job 337: 6/400
Job 337: 7/400
Job 337: 8/400
Job 337: 9/400
Job 337: 10/400
Job 337: 11/400
Job 337: 12/400
Job 337: 13/400
Job 337: 14/400
Job 337: 15/400
Job 337: 16/400
Job 337: 17/400
Job 337: 18/400
Job 337: 19/400
Job 337: 20/400
Job 337: 21/400
Job 337: 22/400
Job 337: 23/400
Job 337: 24/400
Job 337: 25/400
Job 337: 26/400
Job 337: 27/400
Job 337: 28/400
Job 337: 29/400
Job 337: 30/400
Job 337: 31/400
Job 337: 32/400
Job 337: 33/400
Job 337: 34/400
Job 337: 35/400
Job 337: 36/400
Job 337: 37/400
Job 337: 38/400
Job 337: 39/400
Job 337: 40/400
Job 337: 41/400
Job 337: 42/400
Job 337: 43/400
Job 337: 44/400
Job 337: 45/400
Job 337: 46/400
Job 337: 47/400
Job 337: 48/400
Job 337: 49/400
Job 337: 50/400
Job 337: 51/400
Job 337: 52/400
Job 337: 53/400
Job 337: 54/400
Job 337: 55/400
Job 337: 56/400
Job 337: 57/400
Job 337: 58/400
Job 337: 59/400
Job 337: 60/400
Job 337: 61/400
Job 337: 62/400
Job 337: 63/400
Job 337: 64/400
Job 337: 65/400
Job 337: 66/400
Job 337: 67/400
Job 337: 68/400
Job 337: 69/400
Job 337: 70/400
Job 337: 71/400
Job 337: 72/400
Job 337: 73/400
Job 337: 74/400
Job 337: 75/400
Job 337: 76/400
Job 337: 77/400
Job 337: 78/400
Job 337: 79/400
Job 337: 80/400
Job 337: 81/400
Job 337: 82/400
Job 337: 83/400
Job 337: 84/400
Job 337: 85/400
Job 337: 86/400
Job 337: 87/400
Job 337: 88/400
Job 337: 89/400
Job 337: 90/400
Job 337: 91/400
Job 337: 92/400
Job 337: 93/400
Job 337: 94/400
Job 337: 95/400
Job 337: 96/400
Job 337: 97/400
Job 337: 98/400
Job 337: 99/400
Job 337: 100/400
Job 337: 101/400
Job 337: 102/400
Job 337: 103/400
Job 337: 104/400
Job 337: 105/400
Job 337: 106/400
Job 337: 107/400
Job 337: 108/400
Job 337: 109/400
Job 337: 110/400
Job 337: 111/400
Job 337: 112/400
Job 337: 113/400
Job 337: 114/400
Job 337: 115/400
Job 337: 116/400
Job 337: 117/400
Job 337: 118/400
Job 337: 119/400
Job 337: 120/400
Job 337: 121/400
Job 337: 122/400
Job 337: 123/400
Job 337: 124/400
Job 337: 125/400
Job 337: 126/400
Job 337: 127/400
Job 337: 128/400
Job 337: 129/400
Job 337: 130/400
Job 337: 131/400
Job 337: 132/400
Job 337: 133/400
Job 337: 134/400
Job 337: 135/400
Job 337: 136/400
Job 337: 137/400
Job 337: 138/400
Job 337: 139/400
Job 337: 140/400
Job 337: 141/400
Job 337: 142/400
Job 337: 143/400
Job 337: 144/400
Job 337: 145/400
Job 337: 146/400
Job 337: 147/400
Job 337: 148/400
Job 337: 149/400
Job 337: 150/400
Job 337: 151/400
Job 337: 152/400
Job 337: 153/400
Job 337: 154/400
Job 337: 155/400
Job 337: 156/400
Job 337: 157/400
Job 337: 158/400
Job 337: 159/400
Job 337: 160/400
Job 337: 161/400
Job 337: 162/400
Job 337: 163/400
Job 337: 164/400
Job 337: 165/400
Job 337: 166/400
Job 337: 167/400
Job 337: 168/400
Job 337: 169/400
Job 337: 170/400
Job 337: 171/400
Job 337: 172/400
Job 337: 173/400
Job 337: 174/400
Job 337: 175/400
Job 337: 176/400
Job 337: 177/400
Job 337: 178/400
Job 337: 179/400
Job 337: 180/400
Job 337: 181/400
Job 337: 182/400
Job 337: 183/400
Job 337: 184/400
Job 337: 185/400
Job 337: 186/400
Job 337: 187/400
Job 337: 188/400
Job 337: 189/400
Job 337: 190/400
Job 337: 191/400
Job 337: 192/400
Job 337: 193/400
Job 337: 194/400
Job 337: 195/400
Job 337: 196/400
Job 337: 197/400
Job 337: 198/400
Job 337: 199/400
Job 337: 200/400
Job 337: 201/400
Job 337: 202/400
Job 337: 203/400
Job 337: 204/400
Job 337: 205/400
Job 337: 206/400
Job 337: 207/400
Job 337: 208/400
Job 337: 209/400
Job 337: 210/400
Job 337: 211/400
Job 337: 212/400
Job 337: 213/400
Job 337: 214/400
Job 337: 215/400
Job 337: 216/400
Job 337: 217/400
Job 337: 218/400
Job 337: 219/400
Job 337: 220/400
Job 337: 221/400
Job 337: 222/400
Job 337: 223/400
Job 337: 224/400
Job 337: 225/400
Job 337: 226/400
Job 337: 227/400
Job 337: 228/400
Job 337: 229/400
Job 337: 230/400
Job 337: 231/400
Job 337: 232/400
Job 337: 233/400
Job 337: 234/400
Job 337: 235/400
Job 337: 236/400
Job 337: 237/400
Job 337: 238/400
Job 337: 239/400
Job 337: 240/400
Job 337: 241/400
Job 337: 242/400
Job 337: 243/400
Job 337: 244/400
Job 337: 245/400
Job 337: 246/400
Job 337: 247/400
Job 337: 248/400
Job 337: 249/400
Job 337: 250/400
Job 337: 251/400
Job 337: 252/400
Job 337: 253/400
Job 337: 254/400
Job 337: 255/400
Job 337: 256/400
Job 337: 257/400
Job 337: 258/400
Job 337: 259/400
Job 337: 260/400
Job 337: 261/400
Job 337: 262/400
Job 337: 263/400
Job 337: 264/400
Job 337: 265/400
Job 337: 266/400
Job 337: 267/400
Job 337: 268/400
Job 337: 269/400
Job 337: 270/400
Job 337: 271/400
Job 337: 272/400
Job 337: 273/400
Job 337: 274/400
Job 337: 275/400
Job 337: 276/400
Job 337: 277/400
Job 337: 278/400
Job 337: 279/400
Job 337: 280/400
Job 337: 281/400
Job 337: 282/400
Job 337: 283/400
Job 337: 284/400
Job 337: 285/400
Job 337: 286/400
Job 337: 287/400
Job 337: 288/400
Job 337: 289/400
Job 337: 290/400
Job 337: 291/400
Job 337: 292/400
Job 337: 293/400
Job 337: 294/400
Job 337: 295/400
Job 337: 296/400
Job 337: 297/400
Job 337: 298/400
Job 337: 299/400
Job 337: 300/400
Job 337: 301/400
Job 337: 302/400
Job 337: 303/400
Job 337: 304/400
Job 337: 305/400
Job 337: 306/400
Job 337: 307/400
Job 337: 308/400
Job 337: 309/400
Job 337: 310/400
Job 337: 311/400
Job 337: 312/400
Job 337: 313/400
Job 337: 314/400
Job 337: 315/400
Job 337: 316/400
Job 337: 317/400
Job 337: 318/400
Job 337: 319/400
Job 337: 320/400
Job 337: 321/400
Job 337: 322/400
Job 337: 323/400
Job 337: 324/400
Job 337: 325/400
Job 337: 326/400
Job 337: 327/400
Job 337: 328/400
Job 337: 329/400
Job 337: 330/400
Job 337: 331/400
Job 337: 332/400
Job 337: 333/400
Job 337: 334/400
Job 337: 335/400
Job 337: 336/400
Job 337: 337/400
Job 337: 338/400
Job 337: 339/400
Job 337: 340/400
Job 337: 341/400
Job 337: 342/400
Job 337: 343/400
Job 337: 344/400
Job 337: 345/400
Job 337: 346/400
Job 337: 347/400
Job 337: 348/400
Job 337: 349/400
Job 337: 350/400
Job 337: 351/400
Job 337: 352/400
Job 337: 353/400
Job 337: 354/400
Job 337: 355/400
Job 337: 356/400
Job 337: 357/400
Job 337: 358/400
Job 337: 359/400
Job 337: 360/400
Job 337: 361/400
Job 337: 362/400
Job 337: 363/400
Job 337: 364/400
Job 337: 365/400
Job 337: 366/400
Job 337: 367/400
Job 337: 368/400
Job 337: 369/400
Job 337: 370/400
Job 337: 371/400
Job 337: 372/400
Job 337: 373/400
Job 337: 374/400
Job 337: 375/400
Job 337: 376/400
Job 337: 377/400
Job 337: 378/400
Job 337: 379/400
Job 337: 380/400
Job 337: 381/400
Job 337: 382/400
Job 337: 383/400
Job 337: 384/400
Job 337: 385/400
Job 337: 386/400
Job 337: 387/400
Job 337: 388/400
Job 337: 389/400
Job 337: 390/400
Job 337: 391/400
Job 337: 392/400
Job 337: 393/400
Job 337: 394/400
Job 337: 395/400
Job 337: 396/400
Job 337: 397/400
Job 337: 398/400
Job 337: 399/400
Job 337: 400/400
