Registered S3 methods overwritten by 'susieSlide':
  method              from  
  coef.susie          susieR
  predict.susie       susieR
  print.summary.susie susieR
  summary.susie       susieR
Job 339: 1/400
Job 339: 2/400
Job 339: 3/400
Job 339: 4/400
Job 339: 5/400
Job 339: 6/400
Job 339: 7/400
Job 339: 8/400
Job 339: 9/400
Job 339: 10/400
Job 339: 11/400
Job 339: 12/400
Job 339: 13/400
Job 339: 14/400
Job 339: 15/400
Job 339: 16/400
Job 339: 17/400
Job 339: 18/400
Job 339: 19/400
Job 339: 20/400
Job 339: 21/400
Job 339: 22/400
Job 339: 23/400
Job 339: 24/400
Job 339: 25/400
Job 339: 26/400
Job 339: 27/400
Job 339: 28/400
Job 339: 29/400
Job 339: 30/400
Job 339: 31/400
Job 339: 32/400
Job 339: 33/400
Job 339: 34/400
Job 339: 35/400
Job 339: 36/400
Job 339: 37/400
Job 339: 38/400
Job 339: 39/400
Job 339: 40/400
Job 339: 41/400
Job 339: 42/400
Job 339: 43/400
Job 339: 44/400
Job 339: 45/400
Job 339: 46/400
Job 339: 47/400
Job 339: 48/400
Job 339: 49/400
Job 339: 50/400
Job 339: 51/400
Job 339: 52/400
Job 339: 53/400
Job 339: 54/400
Job 339: 55/400
Job 339: 56/400
Job 339: 57/400
Job 339: 58/400
Job 339: 59/400
Job 339: 60/400
Job 339: 61/400
Job 339: 62/400
Job 339: 63/400
Job 339: 64/400
Job 339: 65/400
Job 339: 66/400
Job 339: 67/400
Job 339: 68/400
Job 339: 69/400
Job 339: 70/400
Job 339: 71/400
Job 339: 72/400
Job 339: 73/400
Job 339: 74/400
Job 339: 75/400
Job 339: 76/400
Job 339: 77/400
Job 339: 78/400
Job 339: 79/400
Job 339: 80/400
Job 339: 81/400
Job 339: 82/400
Job 339: 83/400
Job 339: 84/400
Job 339: 85/400
Job 339: 86/400
Job 339: 87/400
Job 339: 88/400
Job 339: 89/400
Job 339: 90/400
Job 339: 91/400
Job 339: 92/400
Job 339: 93/400
Job 339: 94/400
Job 339: 95/400
Job 339: 96/400
Job 339: 97/400
Job 339: 98/400
Job 339: 99/400
Job 339: 100/400
Job 339: 101/400
Job 339: 102/400
Job 339: 103/400
Job 339: 104/400
Job 339: 105/400
Job 339: 106/400
Job 339: 107/400
Job 339: 108/400
Job 339: 109/400
Job 339: 110/400
Job 339: 111/400
Job 339: 112/400
Job 339: 113/400
Job 339: 114/400
Job 339: 115/400
Job 339: 116/400
Job 339: 117/400
Job 339: 118/400
Job 339: 119/400
Job 339: 120/400
Job 339: 121/400
Job 339: 122/400
Job 339: 123/400
Job 339: 124/400
Job 339: 125/400
Job 339: 126/400
Job 339: 127/400
Job 339: 128/400
Job 339: 129/400
Job 339: 130/400
Job 339: 131/400
Job 339: 132/400
Job 339: 133/400
Job 339: 134/400
Job 339: 135/400
Job 339: 136/400
Job 339: 137/400
Job 339: 138/400
Job 339: 139/400
Job 339: 140/400
Job 339: 141/400
Job 339: 142/400
Job 339: 143/400
Job 339: 144/400
Job 339: 145/400
Job 339: 146/400
Job 339: 147/400
Job 339: 148/400
Job 339: 149/400
Job 339: 150/400
Job 339: 151/400
Job 339: 152/400
Job 339: 153/400
Job 339: 154/400
Job 339: 155/400
Job 339: 156/400
Job 339: 157/400
Job 339: 158/400
Job 339: 159/400
Job 339: 160/400
Job 339: 161/400
Job 339: 162/400
Job 339: 163/400
Job 339: 164/400
Job 339: 165/400
Job 339: 166/400
Job 339: 167/400
Job 339: 168/400
Job 339: 169/400
Job 339: 170/400
Job 339: 171/400
Job 339: 172/400
Job 339: 173/400
Job 339: 174/400
Job 339: 175/400
Job 339: 176/400
Job 339: 177/400
Job 339: 178/400
Job 339: 179/400
Job 339: 180/400
Job 339: 181/400
Job 339: 182/400
Job 339: 183/400
Job 339: 184/400
Job 339: 185/400
Job 339: 186/400
Job 339: 187/400
Job 339: 188/400
Job 339: 189/400
Job 339: 190/400
Job 339: 191/400
Job 339: 192/400
Job 339: 193/400
Job 339: 194/400
Job 339: 195/400
Job 339: 196/400
Job 339: 197/400
Job 339: 198/400
Job 339: 199/400
Job 339: 200/400
Job 339: 201/400
Job 339: 202/400
Job 339: 203/400
Job 339: 204/400
Job 339: 205/400
Job 339: 206/400
Job 339: 207/400
Job 339: 208/400
Job 339: 209/400
Job 339: 210/400
Job 339: 211/400
Job 339: 212/400
Job 339: 213/400
Job 339: 214/400
Job 339: 215/400
Job 339: 216/400
Job 339: 217/400
Job 339: 218/400
Job 339: 219/400
Job 339: 220/400
Job 339: 221/400
Job 339: 222/400
Job 339: 223/400
Job 339: 224/400
Job 339: 225/400
Job 339: 226/400
Job 339: 227/400
Job 339: 228/400
Job 339: 229/400
Job 339: 230/400
Job 339: 231/400
Job 339: 232/400
Job 339: 233/400
Job 339: 234/400
Job 339: 235/400
Job 339: 236/400
Job 339: 237/400
Job 339: 238/400
Job 339: 239/400
Job 339: 240/400
Job 339: 241/400
Job 339: 242/400
Job 339: 243/400
Job 339: 244/400
Job 339: 245/400
Job 339: 246/400
Job 339: 247/400
Job 339: 248/400
Job 339: 249/400
Job 339: 250/400
Job 339: 251/400
Job 339: 252/400
Job 339: 253/400
Job 339: 254/400
Job 339: 255/400
Job 339: 256/400
Job 339: 257/400
Job 339: 258/400
Job 339: 259/400
Job 339: 260/400
Job 339: 261/400
Job 339: 262/400
Job 339: 263/400
Job 339: 264/400
Job 339: 265/400
Job 339: 266/400
Job 339: 267/400
Job 339: 268/400
Job 339: 269/400
Job 339: 270/400
Job 339: 271/400
Job 339: 272/400
Job 339: 273/400
Job 339: 274/400
Job 339: 275/400
Job 339: 276/400
Job 339: 277/400
Job 339: 278/400
Job 339: 279/400
Job 339: 280/400
Job 339: 281/400
Job 339: 282/400
Job 339: 283/400
Job 339: 284/400
Job 339: 285/400
Job 339: 286/400
Job 339: 287/400
Job 339: 288/400
Job 339: 289/400
Job 339: 290/400
Job 339: 291/400
Job 339: 292/400
Job 339: 293/400
Job 339: 294/400
Job 339: 295/400
Job 339: 296/400
Job 339: 297/400
Job 339: 298/400
Job 339: 299/400
Job 339: 300/400
Job 339: 301/400
Job 339: 302/400
Job 339: 303/400
Job 339: 304/400
Job 339: 305/400
Job 339: 306/400
Job 339: 307/400
Job 339: 308/400
Job 339: 309/400
Job 339: 310/400
Job 339: 311/400
Job 339: 312/400
Job 339: 313/400
Job 339: 314/400
Job 339: 315/400
Job 339: 316/400
Job 339: 317/400
Job 339: 318/400
Job 339: 319/400
Job 339: 320/400
Job 339: 321/400
Job 339: 322/400
Job 339: 323/400
Job 339: 324/400
Job 339: 325/400
Job 339: 326/400
Job 339: 327/400
Job 339: 328/400
Job 339: 329/400
Job 339: 330/400
Job 339: 331/400
Job 339: 332/400
Job 339: 333/400
Job 339: 334/400
Job 339: 335/400
Job 339: 336/400
Job 339: 337/400
Job 339: 338/400
Job 339: 339/400
Job 339: 340/400
Job 339: 341/400
Job 339: 342/400
Job 339: 343/400
Job 339: 344/400
Job 339: 345/400
Job 339: 346/400
Job 339: 347/400
Job 339: 348/400
Job 339: 349/400
Job 339: 350/400
Job 339: 351/400
Job 339: 352/400
Job 339: 353/400
Job 339: 354/400
Job 339: 355/400
Job 339: 356/400
Job 339: 357/400
Job 339: 358/400
Job 339: 359/400
Job 339: 360/400
Job 339: 361/400
Job 339: 362/400
Job 339: 363/400
Job 339: 364/400
Job 339: 365/400
Job 339: 366/400
Job 339: 367/400
Job 339: 368/400
Job 339: 369/400
Job 339: 370/400
Job 339: 371/400
Job 339: 372/400
Job 339: 373/400
Job 339: 374/400
Job 339: 375/400
Job 339: 376/400
Job 339: 377/400
Job 339: 378/400
Job 339: 379/400
Job 339: 380/400
Job 339: 381/400
Job 339: 382/400
Job 339: 383/400
Job 339: 384/400
Job 339: 385/400
Job 339: 386/400
Job 339: 387/400
Job 339: 388/400
Job 339: 389/400
Job 339: 390/400
Job 339: 391/400
Job 339: 392/400
Job 339: 393/400
Job 339: 394/400
Job 339: 395/400
Job 339: 396/400
Job 339: 397/400
Job 339: 398/400
Job 339: 399/400
Job 339: 400/400
