Registered S3 methods overwritten by 'susieSlide':
  method              from  
  coef.susie          susieR
  predict.susie       susieR
  print.summary.susie susieR
  summary.susie       susieR
Job 504: 1/400
Job 504: 2/400
Job 504: 3/400
Job 504: 4/400
Job 504: 5/400
Job 504: 6/400
Job 504: 7/400
Job 504: 8/400
Job 504: 9/400
Job 504: 10/400
Job 504: 11/400
Job 504: 12/400
Job 504: 13/400
Job 504: 14/400
Job 504: 15/400
Job 504: 16/400
Job 504: 17/400
Job 504: 18/400
Job 504: 19/400
Job 504: 20/400
Job 504: 21/400
Job 504: 22/400
Job 504: 23/400
Job 504: 24/400
Job 504: 25/400
Job 504: 26/400
Job 504: 27/400
Job 504: 28/400
Job 504: 29/400
Job 504: 30/400
Job 504: 31/400
Job 504: 32/400
Job 504: 33/400
Job 504: 34/400
Job 504: 35/400
Job 504: 36/400
Job 504: 37/400
Job 504: 38/400
Job 504: 39/400
Job 504: 40/400
Job 504: 41/400
Job 504: 42/400
Job 504: 43/400
Job 504: 44/400
Job 504: 45/400
Job 504: 46/400
Job 504: 47/400
Job 504: 48/400
Job 504: 49/400
Job 504: 50/400
Job 504: 51/400
Job 504: 52/400
Job 504: 53/400
Job 504: 54/400
Job 504: 55/400
Job 504: 56/400
Job 504: 57/400
Job 504: 58/400
Job 504: 59/400
Job 504: 60/400
Job 504: 61/400
Job 504: 62/400
Job 504: 63/400
Job 504: 64/400
Job 504: 65/400
Job 504: 66/400
Job 504: 67/400
Job 504: 68/400
Job 504: 69/400
Job 504: 70/400
Job 504: 71/400
Job 504: 72/400
Job 504: 73/400
Job 504: 74/400
Job 504: 75/400
Job 504: 76/400
Job 504: 77/400
Job 504: 78/400
Job 504: 79/400
Job 504: 80/400
Job 504: 81/400
Job 504: 82/400
Job 504: 83/400
Job 504: 84/400
Job 504: 85/400
Job 504: 86/400
Job 504: 87/400
Job 504: 88/400
Job 504: 89/400
Job 504: 90/400
Job 504: 91/400
Job 504: 92/400
Job 504: 93/400
Job 504: 94/400
Job 504: 95/400
Job 504: 96/400
Job 504: 97/400
Job 504: 98/400
Job 504: 99/400
Job 504: 100/400
Job 504: 101/400
Job 504: 102/400
Job 504: 103/400
Job 504: 104/400
Job 504: 105/400
Job 504: 106/400
Job 504: 107/400
Job 504: 108/400
Job 504: 109/400
Job 504: 110/400
Job 504: 111/400
Job 504: 112/400
Job 504: 113/400
Job 504: 114/400
Job 504: 115/400
Job 504: 116/400
Job 504: 117/400
Job 504: 118/400
Job 504: 119/400
Job 504: 120/400
Job 504: 121/400
Job 504: 122/400
Job 504: 123/400
Job 504: 124/400
Job 504: 125/400
Job 504: 126/400
Job 504: 127/400
Job 504: 128/400
Job 504: 129/400
Job 504: 130/400
Job 504: 131/400
Job 504: 132/400
Job 504: 133/400
Job 504: 134/400
Job 504: 135/400
Job 504: 136/400
Job 504: 137/400
Job 504: 138/400
Job 504: 139/400
Job 504: 140/400
Job 504: 141/400
Job 504: 142/400
Job 504: 143/400
Job 504: 144/400
Job 504: 145/400
Job 504: 146/400
Job 504: 147/400
Job 504: 148/400
Job 504: 149/400
Job 504: 150/400
Job 504: 151/400
Job 504: 152/400
Job 504: 153/400
Job 504: 154/400
Job 504: 155/400
Job 504: 156/400
Job 504: 157/400
Job 504: 158/400
Job 504: 159/400
Job 504: 160/400
Job 504: 161/400
Job 504: 162/400
Job 504: 163/400
Job 504: 164/400
Job 504: 165/400
Job 504: 166/400
Job 504: 167/400
Job 504: 168/400
Job 504: 169/400
Job 504: 170/400
Job 504: 171/400
Job 504: 172/400
Job 504: 173/400
Job 504: 174/400
Job 504: 175/400
Job 504: 176/400
Job 504: 177/400
Job 504: 178/400
Job 504: 179/400
Job 504: 180/400
Job 504: 181/400
Job 504: 182/400
Job 504: 183/400
Job 504: 184/400
Job 504: 185/400
Job 504: 186/400
Job 504: 187/400
Job 504: 188/400
Job 504: 189/400
Job 504: 190/400
Job 504: 191/400
Job 504: 192/400
Job 504: 193/400
Job 504: 194/400
Job 504: 195/400
Job 504: 196/400
Job 504: 197/400
Job 504: 198/400
Job 504: 199/400
Job 504: 200/400
Job 504: 201/400
Job 504: 202/400
Job 504: 203/400
Job 504: 204/400
Job 504: 205/400
Job 504: 206/400
Job 504: 207/400
Job 504: 208/400
Job 504: 209/400
Job 504: 210/400
Job 504: 211/400
Job 504: 212/400
Job 504: 213/400
Job 504: 214/400
Job 504: 215/400
Job 504: 216/400
Job 504: 217/400
Job 504: 218/400
Job 504: 219/400
Job 504: 220/400
Job 504: 221/400
Job 504: 222/400
Job 504: 223/400
Job 504: 224/400
Job 504: 225/400
Job 504: 226/400
Job 504: 227/400
Job 504: 228/400
Job 504: 229/400
Job 504: 230/400
Job 504: 231/400
Job 504: 232/400
Job 504: 233/400
Job 504: 234/400
Job 504: 235/400
Job 504: 236/400
Job 504: 237/400
Job 504: 238/400
Job 504: 239/400
Job 504: 240/400
Job 504: 241/400
Job 504: 242/400
Job 504: 243/400
Job 504: 244/400
Job 504: 245/400
Job 504: 246/400
Job 504: 247/400
Job 504: 248/400
Job 504: 249/400
Job 504: 250/400
Job 504: 251/400
Job 504: 252/400
Job 504: 253/400
Job 504: 254/400
Job 504: 255/400
Job 504: 256/400
Job 504: 257/400
Job 504: 258/400
Job 504: 259/400
Job 504: 260/400
Job 504: 261/400
Job 504: 262/400
Job 504: 263/400
Job 504: 264/400
Job 504: 265/400
Job 504: 266/400
Job 504: 267/400
Job 504: 268/400
Job 504: 269/400
Job 504: 270/400
Job 504: 271/400
Job 504: 272/400
Job 504: 273/400
Job 504: 274/400
Job 504: 275/400
Job 504: 276/400
Job 504: 277/400
Job 504: 278/400
Job 504: 279/400
Job 504: 280/400
Job 504: 281/400
Job 504: 282/400
Job 504: 283/400
Job 504: 284/400
Job 504: 285/400
Job 504: 286/400
Job 504: 287/400
Job 504: 288/400
Job 504: 289/400
Job 504: 290/400
Job 504: 291/400
Job 504: 292/400
Job 504: 293/400
Job 504: 294/400
Job 504: 295/400
Job 504: 296/400
Job 504: 297/400
Job 504: 298/400
Job 504: 299/400
Job 504: 300/400
Job 504: 301/400
Job 504: 302/400
Job 504: 303/400
Job 504: 304/400
Job 504: 305/400
Job 504: 306/400
Job 504: 307/400
Job 504: 308/400
Job 504: 309/400
Job 504: 310/400
Job 504: 311/400
Job 504: 312/400
Job 504: 313/400
Job 504: 314/400
Job 504: 315/400
Job 504: 316/400
Job 504: 317/400
Job 504: 318/400
Job 504: 319/400
Job 504: 320/400
Job 504: 321/400
Job 504: 322/400
Job 504: 323/400
Job 504: 324/400
Job 504: 325/400
Job 504: 326/400
Job 504: 327/400
Job 504: 328/400
Job 504: 329/400
Job 504: 330/400
Job 504: 331/400
Job 504: 332/400
Job 504: 333/400
Job 504: 334/400
Job 504: 335/400
Job 504: 336/400
Job 504: 337/400
Job 504: 338/400
Job 504: 339/400
Job 504: 340/400
Job 504: 341/400
Job 504: 342/400
Job 504: 343/400
Job 504: 344/400
Job 504: 345/400
Job 504: 346/400
Job 504: 347/400
Job 504: 348/400
Job 504: 349/400
Job 504: 350/400
Job 504: 351/400
Job 504: 352/400
Job 504: 353/400
Job 504: 354/400
Job 504: 355/400
Job 504: 356/400
Job 504: 357/400
Job 504: 358/400
Job 504: 359/400
Job 504: 360/400
Job 504: 361/400
Job 504: 362/400
Job 504: 363/400
Job 504: 364/400
Job 504: 365/400
Job 504: 366/400
Job 504: 367/400
Job 504: 368/400
Job 504: 369/400
Job 504: 370/400
Job 504: 371/400
Job 504: 372/400
Job 504: 373/400
Job 504: 374/400
Job 504: 375/400
Job 504: 376/400
Job 504: 377/400
Job 504: 378/400
Job 504: 379/400
Job 504: 380/400
Job 504: 381/400
Job 504: 382/400
Job 504: 383/400
Job 504: 384/400
Job 504: 385/400
Job 504: 386/400
Job 504: 387/400
Job 504: 388/400
Job 504: 389/400
Job 504: 390/400
Job 504: 391/400
Job 504: 392/400
Job 504: 393/400
Job 504: 394/400
Job 504: 395/400
Job 504: 396/400
Job 504: 397/400
Job 504: 398/400
Job 504: 399/400
Job 504: 400/400
