Registered S3 methods overwritten by 'susieSlide':
  method              from  
  coef.susie          susieR
  predict.susie       susieR
  print.summary.susie susieR
  summary.susie       susieR
Job 133: 1/400
Job 133: 2/400
Job 133: 3/400
Job 133: 4/400
Job 133: 5/400
Job 133: 6/400
Job 133: 7/400
Job 133: 8/400
Job 133: 9/400
Job 133: 10/400
Job 133: 11/400
Job 133: 12/400
Job 133: 13/400
Job 133: 14/400
Job 133: 15/400
Job 133: 16/400
Job 133: 17/400
Job 133: 18/400
Job 133: 19/400
Job 133: 20/400
Job 133: 21/400
Job 133: 22/400
Job 133: 23/400
Job 133: 24/400
Job 133: 25/400
Job 133: 26/400
Job 133: 27/400
Job 133: 28/400
Job 133: 29/400
Job 133: 30/400
Job 133: 31/400
Job 133: 32/400
Job 133: 33/400
Job 133: 34/400
Job 133: 35/400
Job 133: 36/400
Job 133: 37/400
Job 133: 38/400
Job 133: 39/400
Job 133: 40/400
Job 133: 41/400
Job 133: 42/400
Job 133: 43/400
Job 133: 44/400
Job 133: 45/400
Job 133: 46/400
Job 133: 47/400
Job 133: 48/400
Job 133: 49/400
Job 133: 50/400
Job 133: 51/400
Job 133: 52/400
Job 133: 53/400
Job 133: 54/400
Job 133: 55/400
Job 133: 56/400
Job 133: 57/400
Job 133: 58/400
Job 133: 59/400
Job 133: 60/400
Job 133: 61/400
Job 133: 62/400
Job 133: 63/400
Job 133: 64/400
Job 133: 65/400
Job 133: 66/400
Job 133: 67/400
Job 133: 68/400
Job 133: 69/400
Job 133: 70/400
Job 133: 71/400
Job 133: 72/400
Job 133: 73/400
Job 133: 74/400
Job 133: 75/400
Job 133: 76/400
Job 133: 77/400
Job 133: 78/400
Job 133: 79/400
Job 133: 80/400
Job 133: 81/400
Job 133: 82/400
Job 133: 83/400
Job 133: 84/400
Job 133: 85/400
Job 133: 86/400
Job 133: 87/400
Job 133: 88/400
Job 133: 89/400
Job 133: 90/400
Job 133: 91/400
Job 133: 92/400
Job 133: 93/400
Job 133: 94/400
Job 133: 95/400
Job 133: 96/400
Job 133: 97/400
Job 133: 98/400
Job 133: 99/400
Job 133: 100/400
Job 133: 101/400
Job 133: 102/400
Job 133: 103/400
Job 133: 104/400
Job 133: 105/400
Job 133: 106/400
Job 133: 107/400
Job 133: 108/400
Job 133: 109/400
Job 133: 110/400
Job 133: 111/400
Job 133: 112/400
Job 133: 113/400
Job 133: 114/400
Job 133: 115/400
Job 133: 116/400
Job 133: 117/400
Job 133: 118/400
Job 133: 119/400
Job 133: 120/400
Job 133: 121/400
Job 133: 122/400
Job 133: 123/400
Job 133: 124/400
Job 133: 125/400
Job 133: 126/400
Job 133: 127/400
Job 133: 128/400
Job 133: 129/400
Job 133: 130/400
Job 133: 131/400
Job 133: 132/400
Job 133: 133/400
Job 133: 134/400
Job 133: 135/400
Job 133: 136/400
Job 133: 137/400
Job 133: 138/400
Job 133: 139/400
Job 133: 140/400
Job 133: 141/400
Job 133: 142/400
Job 133: 143/400
Job 133: 144/400
Job 133: 145/400
Job 133: 146/400
Job 133: 147/400
Job 133: 148/400
Job 133: 149/400
Job 133: 150/400
Job 133: 151/400
Job 133: 152/400
Job 133: 153/400
Job 133: 154/400
Job 133: 155/400
Job 133: 156/400
Job 133: 157/400
Job 133: 158/400
Job 133: 159/400
Job 133: 160/400
Job 133: 161/400
Job 133: 162/400
Job 133: 163/400
Job 133: 164/400
Job 133: 165/400
Job 133: 166/400
Job 133: 167/400
Job 133: 168/400
Job 133: 169/400
Job 133: 170/400
Job 133: 171/400
Job 133: 172/400
Job 133: 173/400
Job 133: 174/400
Job 133: 175/400
Job 133: 176/400
Job 133: 177/400
Job 133: 178/400
Job 133: 179/400
Job 133: 180/400
Job 133: 181/400
Job 133: 182/400
Job 133: 183/400
Job 133: 184/400
Job 133: 185/400
Job 133: 186/400
Job 133: 187/400
Job 133: 188/400
Job 133: 189/400
Job 133: 190/400
Job 133: 191/400
Job 133: 192/400
Job 133: 193/400
Job 133: 194/400
Job 133: 195/400
Job 133: 196/400
Job 133: 197/400
Job 133: 198/400
Job 133: 199/400
Job 133: 200/400
Job 133: 201/400
Job 133: 202/400
Job 133: 203/400
Job 133: 204/400
Job 133: 205/400
Job 133: 206/400
Job 133: 207/400
Job 133: 208/400
Job 133: 209/400
Job 133: 210/400
Job 133: 211/400
Job 133: 212/400
Job 133: 213/400
Job 133: 214/400
Job 133: 215/400
Job 133: 216/400
Job 133: 217/400
Job 133: 218/400
Job 133: 219/400
Job 133: 220/400
Job 133: 221/400
Job 133: 222/400
Job 133: 223/400
Job 133: 224/400
Job 133: 225/400
Job 133: 226/400
Job 133: 227/400
Job 133: 228/400
Job 133: 229/400
Job 133: 230/400
Job 133: 231/400
Job 133: 232/400
Job 133: 233/400
Job 133: 234/400
Job 133: 235/400
Job 133: 236/400
Job 133: 237/400
Job 133: 238/400
Job 133: 239/400
Job 133: 240/400
Job 133: 241/400
Job 133: 242/400
Job 133: 243/400
Job 133: 244/400
Job 133: 245/400
Job 133: 246/400
Job 133: 247/400
Job 133: 248/400
Job 133: 249/400
Job 133: 250/400
Job 133: 251/400
Job 133: 252/400
Job 133: 253/400
Job 133: 254/400
Job 133: 255/400
Job 133: 256/400
Job 133: 257/400
Job 133: 258/400
Job 133: 259/400
Job 133: 260/400
Job 133: 261/400
Job 133: 262/400
Job 133: 263/400
Job 133: 264/400
Job 133: 265/400
Job 133: 266/400
Job 133: 267/400
Job 133: 268/400
Job 133: 269/400
Job 133: 270/400
Job 133: 271/400
Job 133: 272/400
Job 133: 273/400
Job 133: 274/400
Job 133: 275/400
Job 133: 276/400
Job 133: 277/400
Job 133: 278/400
Job 133: 279/400
Job 133: 280/400
Job 133: 281/400
Job 133: 282/400
Job 133: 283/400
Job 133: 284/400
Job 133: 285/400
Job 133: 286/400
Job 133: 287/400
Job 133: 288/400
Job 133: 289/400
Job 133: 290/400
Job 133: 291/400
Job 133: 292/400
Job 133: 293/400
Job 133: 294/400
Job 133: 295/400
Job 133: 296/400
Job 133: 297/400
Job 133: 298/400
Job 133: 299/400
Job 133: 300/400
Job 133: 301/400
Job 133: 302/400
Job 133: 303/400
Job 133: 304/400
Job 133: 305/400
Job 133: 306/400
Job 133: 307/400
Job 133: 308/400
Job 133: 309/400
Job 133: 310/400
Job 133: 311/400
Job 133: 312/400
Job 133: 313/400
Job 133: 314/400
Job 133: 315/400
Job 133: 316/400
Job 133: 317/400
Job 133: 318/400
Job 133: 319/400
Job 133: 320/400
Job 133: 321/400
Job 133: 322/400
Job 133: 323/400
Job 133: 324/400
Job 133: 325/400
Job 133: 326/400
Job 133: 327/400
Job 133: 328/400
Job 133: 329/400
Job 133: 330/400
Job 133: 331/400
Job 133: 332/400
Job 133: 333/400
Job 133: 334/400
Job 133: 335/400
Job 133: 336/400
Job 133: 337/400
Job 133: 338/400
Job 133: 339/400
Job 133: 340/400
Job 133: 341/400
Job 133: 342/400
Job 133: 343/400
Job 133: 344/400
Job 133: 345/400
Job 133: 346/400
Job 133: 347/400
Job 133: 348/400
Job 133: 349/400
Job 133: 350/400
Job 133: 351/400
Job 133: 352/400
Job 133: 353/400
Job 133: 354/400
Job 133: 355/400
Job 133: 356/400
Job 133: 357/400
Job 133: 358/400
Job 133: 359/400
Job 133: 360/400
Job 133: 361/400
Job 133: 362/400
Job 133: 363/400
Job 133: 364/400
Job 133: 365/400
Job 133: 366/400
Job 133: 367/400
Job 133: 368/400
Job 133: 369/400
Job 133: 370/400
Job 133: 371/400
Job 133: 372/400
Job 133: 373/400
Job 133: 374/400
Job 133: 375/400
Job 133: 376/400
Job 133: 377/400
Job 133: 378/400
Job 133: 379/400
Job 133: 380/400
Job 133: 381/400
Job 133: 382/400
Job 133: 383/400
Job 133: 384/400
Job 133: 385/400
Job 133: 386/400
Job 133: 387/400
Job 133: 388/400
Job 133: 389/400
Job 133: 390/400
Job 133: 391/400
Job 133: 392/400
Job 133: 393/400
Job 133: 394/400
Job 133: 395/400
Job 133: 396/400
Job 133: 397/400
Job 133: 398/400
Job 133: 399/400
Job 133: 400/400
