Registered S3 methods overwritten by 'susieSlide':
  method              from  
  coef.susie          susieR
  predict.susie       susieR
  print.summary.susie susieR
  summary.susie       susieR
Job 528: 1/400
Job 528: 2/400
Job 528: 3/400
Job 528: 4/400
Job 528: 5/400
Job 528: 6/400
Job 528: 7/400
Job 528: 8/400
Job 528: 9/400
Job 528: 10/400
Job 528: 11/400
Job 528: 12/400
Job 528: 13/400
Job 528: 14/400
Job 528: 15/400
Job 528: 16/400
Job 528: 17/400
Job 528: 18/400
Job 528: 19/400
Job 528: 20/400
Job 528: 21/400
Job 528: 22/400
Job 528: 23/400
Job 528: 24/400
Job 528: 25/400
Job 528: 26/400
Job 528: 27/400
Job 528: 28/400
Job 528: 29/400
Job 528: 30/400
Job 528: 31/400
Job 528: 32/400
Job 528: 33/400
Job 528: 34/400
Job 528: 35/400
Job 528: 36/400
Job 528: 37/400
Job 528: 38/400
Job 528: 39/400
Job 528: 40/400
Job 528: 41/400
Job 528: 42/400
Job 528: 43/400
Job 528: 44/400
Job 528: 45/400
Job 528: 46/400
Job 528: 47/400
Job 528: 48/400
Job 528: 49/400
Job 528: 50/400
Job 528: 51/400
Job 528: 52/400
Job 528: 53/400
Job 528: 54/400
Job 528: 55/400
Job 528: 56/400
Job 528: 57/400
Job 528: 58/400
Job 528: 59/400
Job 528: 60/400
Job 528: 61/400
Job 528: 62/400
Job 528: 63/400
Job 528: 64/400
Job 528: 65/400
Job 528: 66/400
Job 528: 67/400
Job 528: 68/400
Job 528: 69/400
Job 528: 70/400
Job 528: 71/400
Job 528: 72/400
Job 528: 73/400
Job 528: 74/400
Job 528: 75/400
Job 528: 76/400
Job 528: 77/400
Job 528: 78/400
Job 528: 79/400
Job 528: 80/400
Job 528: 81/400
Job 528: 82/400
Job 528: 83/400
Job 528: 84/400
Job 528: 85/400
Job 528: 86/400
Job 528: 87/400
Job 528: 88/400
Job 528: 89/400
Job 528: 90/400
Job 528: 91/400
Job 528: 92/400
Job 528: 93/400
Job 528: 94/400
Job 528: 95/400
Job 528: 96/400
Job 528: 97/400
Job 528: 98/400
Job 528: 99/400
Job 528: 100/400
Job 528: 101/400
Job 528: 102/400
Job 528: 103/400
Job 528: 104/400
Job 528: 105/400
Job 528: 106/400
Job 528: 107/400
Job 528: 108/400
Job 528: 109/400
Job 528: 110/400
Job 528: 111/400
Job 528: 112/400
Job 528: 113/400
Job 528: 114/400
Job 528: 115/400
Job 528: 116/400
Job 528: 117/400
Job 528: 118/400
Job 528: 119/400
Job 528: 120/400
Job 528: 121/400
Job 528: 122/400
Job 528: 123/400
Job 528: 124/400
Job 528: 125/400
Job 528: 126/400
Job 528: 127/400
Job 528: 128/400
Job 528: 129/400
Job 528: 130/400
Job 528: 131/400
Job 528: 132/400
Job 528: 133/400
Job 528: 134/400
Job 528: 135/400
Job 528: 136/400
Job 528: 137/400
Job 528: 138/400
Job 528: 139/400
Job 528: 140/400
Job 528: 141/400
Job 528: 142/400
Job 528: 143/400
Job 528: 144/400
Job 528: 145/400
Job 528: 146/400
Job 528: 147/400
Job 528: 148/400
Job 528: 149/400
Job 528: 150/400
Job 528: 151/400
Job 528: 152/400
Job 528: 153/400
Job 528: 154/400
Job 528: 155/400
Job 528: 156/400
Job 528: 157/400
Job 528: 158/400
Job 528: 159/400
Job 528: 160/400
Job 528: 161/400
Job 528: 162/400
Job 528: 163/400
Job 528: 164/400
Job 528: 165/400
Job 528: 166/400
Job 528: 167/400
Job 528: 168/400
Job 528: 169/400
Job 528: 170/400
Job 528: 171/400
Job 528: 172/400
Job 528: 173/400
Job 528: 174/400
Job 528: 175/400
Job 528: 176/400
Job 528: 177/400
Job 528: 178/400
Job 528: 179/400
Job 528: 180/400
Job 528: 181/400
Job 528: 182/400
Job 528: 183/400
Job 528: 184/400
Job 528: 185/400
Job 528: 186/400
Job 528: 187/400
Job 528: 188/400
Job 528: 189/400
Job 528: 190/400
Job 528: 191/400
Job 528: 192/400
Job 528: 193/400
Job 528: 194/400
Job 528: 195/400
Job 528: 196/400
Job 528: 197/400
Job 528: 198/400
Job 528: 199/400
Job 528: 200/400
Job 528: 201/400
Job 528: 202/400
Job 528: 203/400
Job 528: 204/400
Job 528: 205/400
Job 528: 206/400
Job 528: 207/400
Job 528: 208/400
Job 528: 209/400
Job 528: 210/400
Job 528: 211/400
Job 528: 212/400
Job 528: 213/400
Job 528: 214/400
Job 528: 215/400
Job 528: 216/400
Job 528: 217/400
Job 528: 218/400
Job 528: 219/400
Job 528: 220/400
Job 528: 221/400
Job 528: 222/400
Job 528: 223/400
Job 528: 224/400
Job 528: 225/400
Job 528: 226/400
Job 528: 227/400
Job 528: 228/400
Job 528: 229/400
Job 528: 230/400
Job 528: 231/400
Job 528: 232/400
Job 528: 233/400
Job 528: 234/400
Job 528: 235/400
Job 528: 236/400
Job 528: 237/400
Job 528: 238/400
Job 528: 239/400
Job 528: 240/400
Job 528: 241/400
Job 528: 242/400
Job 528: 243/400
Job 528: 244/400
Job 528: 245/400
Job 528: 246/400
Job 528: 247/400
Job 528: 248/400
Job 528: 249/400
Job 528: 250/400
Job 528: 251/400
Job 528: 252/400
Job 528: 253/400
Job 528: 254/400
Job 528: 255/400
Job 528: 256/400
Job 528: 257/400
Job 528: 258/400
Job 528: 259/400
Job 528: 260/400
Job 528: 261/400
Job 528: 262/400
Job 528: 263/400
Job 528: 264/400
Job 528: 265/400
Job 528: 266/400
Job 528: 267/400
Job 528: 268/400
Job 528: 269/400
Job 528: 270/400
Job 528: 271/400
Job 528: 272/400
Job 528: 273/400
Job 528: 274/400
Job 528: 275/400
Job 528: 276/400
Job 528: 277/400
Job 528: 278/400
Job 528: 279/400
Job 528: 280/400
Job 528: 281/400
Job 528: 282/400
Job 528: 283/400
Job 528: 284/400
Job 528: 285/400
Job 528: 286/400
Job 528: 287/400
Job 528: 288/400
Job 528: 289/400
Job 528: 290/400
Job 528: 291/400
Job 528: 292/400
Job 528: 293/400
Job 528: 294/400
Job 528: 295/400
Job 528: 296/400
Job 528: 297/400
Job 528: 298/400
Job 528: 299/400
Job 528: 300/400
Job 528: 301/400
Job 528: 302/400
Job 528: 303/400
Job 528: 304/400
Job 528: 305/400
Job 528: 306/400
Job 528: 307/400
Job 528: 308/400
Job 528: 309/400
Job 528: 310/400
Job 528: 311/400
Job 528: 312/400
Job 528: 313/400
Job 528: 314/400
Job 528: 315/400
Job 528: 316/400
Job 528: 317/400
Job 528: 318/400
Job 528: 319/400
Job 528: 320/400
Job 528: 321/400
Job 528: 322/400
Job 528: 323/400
Job 528: 324/400
Job 528: 325/400
Job 528: 326/400
Job 528: 327/400
Job 528: 328/400
Job 528: 329/400
Job 528: 330/400
Job 528: 331/400
Job 528: 332/400
Job 528: 333/400
Job 528: 334/400
Job 528: 335/400
Job 528: 336/400
Job 528: 337/400
Job 528: 338/400
Job 528: 339/400
Job 528: 340/400
Job 528: 341/400
Job 528: 342/400
Job 528: 343/400
Job 528: 344/400
Job 528: 345/400
Job 528: 346/400
Job 528: 347/400
Job 528: 348/400
Job 528: 349/400
Job 528: 350/400
Job 528: 351/400
Job 528: 352/400
Job 528: 353/400
Job 528: 354/400
Job 528: 355/400
Job 528: 356/400
Job 528: 357/400
Job 528: 358/400
Job 528: 359/400
Job 528: 360/400
Job 528: 361/400
Job 528: 362/400
Job 528: 363/400
Job 528: 364/400
Job 528: 365/400
Job 528: 366/400
Job 528: 367/400
Job 528: 368/400
Job 528: 369/400
Job 528: 370/400
Job 528: 371/400
Job 528: 372/400
Job 528: 373/400
Job 528: 374/400
Job 528: 375/400
Job 528: 376/400
Job 528: 377/400
Job 528: 378/400
Job 528: 379/400
Job 528: 380/400
Job 528: 381/400
Job 528: 382/400
Job 528: 383/400
Job 528: 384/400
Job 528: 385/400
Job 528: 386/400
Job 528: 387/400
Job 528: 388/400
Job 528: 389/400
Job 528: 390/400
Job 528: 391/400
Job 528: 392/400
Job 528: 393/400
Job 528: 394/400
Job 528: 395/400
Job 528: 396/400
Job 528: 397/400
Job 528: 398/400
Job 528: 399/400
Job 528: 400/400
