Registered S3 methods overwritten by 'susieSlide':
  method              from  
  coef.susie          susieR
  predict.susie       susieR
  print.summary.susie susieR
  summary.susie       susieR
Job 155: 1/400
Job 155: 2/400
Job 155: 3/400
Job 155: 4/400
Job 155: 5/400
Job 155: 6/400
Job 155: 7/400
Job 155: 8/400
Job 155: 9/400
Job 155: 10/400
Job 155: 11/400
Job 155: 12/400
Job 155: 13/400
Job 155: 14/400
Job 155: 15/400
Job 155: 16/400
Job 155: 17/400
Job 155: 18/400
Job 155: 19/400
Job 155: 20/400
Job 155: 21/400
Job 155: 22/400
Job 155: 23/400
Job 155: 24/400
Job 155: 25/400
Job 155: 26/400
Job 155: 27/400
Job 155: 28/400
Job 155: 29/400
Job 155: 30/400
Job 155: 31/400
Job 155: 32/400
Job 155: 33/400
Job 155: 34/400
Job 155: 35/400
Job 155: 36/400
Job 155: 37/400
Job 155: 38/400
Job 155: 39/400
Job 155: 40/400
Job 155: 41/400
Job 155: 42/400
Job 155: 43/400
Job 155: 44/400
Job 155: 45/400
Job 155: 46/400
Job 155: 47/400
Job 155: 48/400
Job 155: 49/400
Job 155: 50/400
Job 155: 51/400
Job 155: 52/400
Job 155: 53/400
Job 155: 54/400
Job 155: 55/400
Job 155: 56/400
Job 155: 57/400
Job 155: 58/400
Job 155: 59/400
Job 155: 60/400
Job 155: 61/400
Job 155: 62/400
Job 155: 63/400
Job 155: 64/400
Job 155: 65/400
Job 155: 66/400
Job 155: 67/400
Job 155: 68/400
Job 155: 69/400
Job 155: 70/400
Job 155: 71/400
Job 155: 72/400
Job 155: 73/400
Job 155: 74/400
Job 155: 75/400
Job 155: 76/400
Job 155: 77/400
Job 155: 78/400
Job 155: 79/400
Job 155: 80/400
Job 155: 81/400
Job 155: 82/400
Job 155: 83/400
Job 155: 84/400
Job 155: 85/400
Job 155: 86/400
Job 155: 87/400
Job 155: 88/400
Job 155: 89/400
Job 155: 90/400
Job 155: 91/400
Job 155: 92/400
Job 155: 93/400
Job 155: 94/400
Job 155: 95/400
Job 155: 96/400
Job 155: 97/400
Job 155: 98/400
Job 155: 99/400
Job 155: 100/400
Job 155: 101/400
Job 155: 102/400
Job 155: 103/400
Job 155: 104/400
Job 155: 105/400
Job 155: 106/400
Job 155: 107/400
Job 155: 108/400
Job 155: 109/400
Job 155: 110/400
Job 155: 111/400
Job 155: 112/400
Job 155: 113/400
Job 155: 114/400
Job 155: 115/400
Job 155: 116/400
Job 155: 117/400
Job 155: 118/400
Job 155: 119/400
Job 155: 120/400
Job 155: 121/400
Job 155: 122/400
Job 155: 123/400
Job 155: 124/400
Job 155: 125/400
Job 155: 126/400
Job 155: 127/400
Job 155: 128/400
Job 155: 129/400
Job 155: 130/400
Job 155: 131/400
Job 155: 132/400
Job 155: 133/400
Job 155: 134/400
Job 155: 135/400
Job 155: 136/400
Job 155: 137/400
Job 155: 138/400
Job 155: 139/400
Job 155: 140/400
Job 155: 141/400
Job 155: 142/400
Job 155: 143/400
Job 155: 144/400
Job 155: 145/400
Job 155: 146/400
Job 155: 147/400
Job 155: 148/400
Job 155: 149/400
Job 155: 150/400
Job 155: 151/400
Job 155: 152/400
Job 155: 153/400
Job 155: 154/400
Job 155: 155/400
Job 155: 156/400
Job 155: 157/400
Job 155: 158/400
Job 155: 159/400
Job 155: 160/400
Job 155: 161/400
Job 155: 162/400
Job 155: 163/400
Job 155: 164/400
Job 155: 165/400
Job 155: 166/400
Job 155: 167/400
Job 155: 168/400
Job 155: 169/400
Job 155: 170/400
Job 155: 171/400
Job 155: 172/400
Job 155: 173/400
Job 155: 174/400
Job 155: 175/400
Job 155: 176/400
Job 155: 177/400
Job 155: 178/400
Job 155: 179/400
Job 155: 180/400
Job 155: 181/400
Job 155: 182/400
Job 155: 183/400
Job 155: 184/400
Job 155: 185/400
Job 155: 186/400
Job 155: 187/400
Job 155: 188/400
Job 155: 189/400
Job 155: 190/400
Job 155: 191/400
Job 155: 192/400
Job 155: 193/400
Job 155: 194/400
Job 155: 195/400
Job 155: 196/400
Job 155: 197/400
Job 155: 198/400
Job 155: 199/400
Job 155: 200/400
Job 155: 201/400
Job 155: 202/400
Job 155: 203/400
Job 155: 204/400
Job 155: 205/400
Job 155: 206/400
Job 155: 207/400
Job 155: 208/400
Job 155: 209/400
Job 155: 210/400
Job 155: 211/400
Job 155: 212/400
Job 155: 213/400
Job 155: 214/400
Job 155: 215/400
Job 155: 216/400
Job 155: 217/400
Job 155: 218/400
Job 155: 219/400
Job 155: 220/400
Job 155: 221/400
Job 155: 222/400
Job 155: 223/400
Job 155: 224/400
Job 155: 225/400
Job 155: 226/400
Job 155: 227/400
Job 155: 228/400
Job 155: 229/400
Job 155: 230/400
Job 155: 231/400
Job 155: 232/400
Job 155: 233/400
Job 155: 234/400
Job 155: 235/400
Job 155: 236/400
Job 155: 237/400
Job 155: 238/400
Job 155: 239/400
Job 155: 240/400
Job 155: 241/400
Job 155: 242/400
Job 155: 243/400
Job 155: 244/400
Job 155: 245/400
Job 155: 246/400
Job 155: 247/400
Job 155: 248/400
Job 155: 249/400
Job 155: 250/400
Job 155: 251/400
Job 155: 252/400
Job 155: 253/400
Job 155: 254/400
Job 155: 255/400
Job 155: 256/400
Job 155: 257/400
Job 155: 258/400
Job 155: 259/400
Job 155: 260/400
Job 155: 261/400
Job 155: 262/400
Job 155: 263/400
Job 155: 264/400
Job 155: 265/400
Job 155: 266/400
Job 155: 267/400
Job 155: 268/400
Job 155: 269/400
Job 155: 270/400
Job 155: 271/400
Job 155: 272/400
Job 155: 273/400
Job 155: 274/400
Job 155: 275/400
Job 155: 276/400
Job 155: 277/400
Job 155: 278/400
Job 155: 279/400
Job 155: 280/400
Job 155: 281/400
Job 155: 282/400
Job 155: 283/400
Job 155: 284/400
Job 155: 285/400
Job 155: 286/400
Job 155: 287/400
Job 155: 288/400
Job 155: 289/400
Job 155: 290/400
Job 155: 291/400
Job 155: 292/400
Job 155: 293/400
Job 155: 294/400
Job 155: 295/400
Job 155: 296/400
Job 155: 297/400
Job 155: 298/400
Job 155: 299/400
Job 155: 300/400
Job 155: 301/400
Job 155: 302/400
Job 155: 303/400
Job 155: 304/400
Job 155: 305/400
Job 155: 306/400
Job 155: 307/400
Job 155: 308/400
Job 155: 309/400
Job 155: 310/400
Job 155: 311/400
Job 155: 312/400
Job 155: 313/400
Job 155: 314/400
Job 155: 315/400
Job 155: 316/400
Job 155: 317/400
Job 155: 318/400
Job 155: 319/400
Job 155: 320/400
Job 155: 321/400
Job 155: 322/400
Job 155: 323/400
Job 155: 324/400
Job 155: 325/400
Job 155: 326/400
Job 155: 327/400
Job 155: 328/400
Job 155: 329/400
Job 155: 330/400
Job 155: 331/400
Job 155: 332/400
Job 155: 333/400
Job 155: 334/400
Job 155: 335/400
Job 155: 336/400
Job 155: 337/400
Job 155: 338/400
Job 155: 339/400
Job 155: 340/400
Job 155: 341/400
Job 155: 342/400
Job 155: 343/400
Job 155: 344/400
Job 155: 345/400
Job 155: 346/400
Job 155: 347/400
Job 155: 348/400
Job 155: 349/400
Job 155: 350/400
Job 155: 351/400
Job 155: 352/400
Job 155: 353/400
Job 155: 354/400
Job 155: 355/400
Job 155: 356/400
Job 155: 357/400
Job 155: 358/400
Job 155: 359/400
Job 155: 360/400
Job 155: 361/400
Job 155: 362/400
Job 155: 363/400
Job 155: 364/400
Job 155: 365/400
Job 155: 366/400
Job 155: 367/400
Job 155: 368/400
Job 155: 369/400
Job 155: 370/400
Job 155: 371/400
Job 155: 372/400
Job 155: 373/400
Job 155: 374/400
Job 155: 375/400
Job 155: 376/400
Job 155: 377/400
Job 155: 378/400
Job 155: 379/400
Job 155: 380/400
Job 155: 381/400
Job 155: 382/400
Job 155: 383/400
Job 155: 384/400
Job 155: 385/400
Job 155: 386/400
Job 155: 387/400
Job 155: 388/400
Job 155: 389/400
Job 155: 390/400
Job 155: 391/400
Job 155: 392/400
Job 155: 393/400
Job 155: 394/400
Job 155: 395/400
Job 155: 396/400
Job 155: 397/400
Job 155: 398/400
Job 155: 399/400
Job 155: 400/400
