Registered S3 methods overwritten by 'susieSlide':
  method              from  
  coef.susie          susieR
  predict.susie       susieR
  print.summary.susie susieR
  summary.susie       susieR
Job 81: 1/400
Job 81: 2/400
Job 81: 3/400
Job 81: 4/400
Job 81: 5/400
Job 81: 6/400
Job 81: 7/400
Job 81: 8/400
Job 81: 9/400
Job 81: 10/400
Job 81: 11/400
Job 81: 12/400
Job 81: 13/400
Job 81: 14/400
Job 81: 15/400
Job 81: 16/400
Job 81: 17/400
Job 81: 18/400
Job 81: 19/400
Job 81: 20/400
Job 81: 21/400
Job 81: 22/400
Job 81: 23/400
Job 81: 24/400
Job 81: 25/400
Job 81: 26/400
Job 81: 27/400
Job 81: 28/400
Job 81: 29/400
Job 81: 30/400
Job 81: 31/400
Job 81: 32/400
Job 81: 33/400
Job 81: 34/400
Job 81: 35/400
Job 81: 36/400
Job 81: 37/400
Job 81: 38/400
Job 81: 39/400
Job 81: 40/400
Job 81: 41/400
Job 81: 42/400
Job 81: 43/400
Job 81: 44/400
Job 81: 45/400
Job 81: 46/400
Job 81: 47/400
Job 81: 48/400
Job 81: 49/400
Job 81: 50/400
Job 81: 51/400
Job 81: 52/400
Job 81: 53/400
Job 81: 54/400
Job 81: 55/400
Job 81: 56/400
Job 81: 57/400
Job 81: 58/400
Job 81: 59/400
Job 81: 60/400
Job 81: 61/400
Job 81: 62/400
Job 81: 63/400
Job 81: 64/400
Job 81: 65/400
Job 81: 66/400
Job 81: 67/400
Job 81: 68/400
Job 81: 69/400
Job 81: 70/400
Job 81: 71/400
Job 81: 72/400
Job 81: 73/400
Job 81: 74/400
Job 81: 75/400
Job 81: 76/400
Job 81: 77/400
Job 81: 78/400
Job 81: 79/400
Job 81: 80/400
Job 81: 81/400
Job 81: 82/400
Job 81: 83/400
Job 81: 84/400
Job 81: 85/400
Job 81: 86/400
Job 81: 87/400
Job 81: 88/400
Job 81: 89/400
Job 81: 90/400
Job 81: 91/400
Job 81: 92/400
Job 81: 93/400
Job 81: 94/400
Job 81: 95/400
Job 81: 96/400
Job 81: 97/400
Job 81: 98/400
Job 81: 99/400
Job 81: 100/400
Job 81: 101/400
Job 81: 102/400
Job 81: 103/400
Job 81: 104/400
Job 81: 105/400
Job 81: 106/400
Job 81: 107/400
Job 81: 108/400
Job 81: 109/400
Job 81: 110/400
Job 81: 111/400
Job 81: 112/400
Job 81: 113/400
Job 81: 114/400
Job 81: 115/400
Job 81: 116/400
Job 81: 117/400
Job 81: 118/400
Job 81: 119/400
Job 81: 120/400
Job 81: 121/400
Job 81: 122/400
Job 81: 123/400
Job 81: 124/400
Job 81: 125/400
Job 81: 126/400
Job 81: 127/400
Job 81: 128/400
Job 81: 129/400
Job 81: 130/400
Job 81: 131/400
Job 81: 132/400
Job 81: 133/400
Job 81: 134/400
Job 81: 135/400
Job 81: 136/400
Job 81: 137/400
Job 81: 138/400
Job 81: 139/400
Job 81: 140/400
Job 81: 141/400
Job 81: 142/400
Job 81: 143/400
Job 81: 144/400
Job 81: 145/400
Job 81: 146/400
Job 81: 147/400
Job 81: 148/400
Job 81: 149/400
Job 81: 150/400
Job 81: 151/400
Job 81: 152/400
Job 81: 153/400
Job 81: 154/400
Job 81: 155/400
Job 81: 156/400
Job 81: 157/400
Job 81: 158/400
Job 81: 159/400
Job 81: 160/400
Job 81: 161/400
Job 81: 162/400
Job 81: 163/400
Job 81: 164/400
Job 81: 165/400
Job 81: 166/400
Job 81: 167/400
Job 81: 168/400
Job 81: 169/400
Job 81: 170/400
Job 81: 171/400
Job 81: 172/400
Job 81: 173/400
Job 81: 174/400
Job 81: 175/400
Job 81: 176/400
Job 81: 177/400
Job 81: 178/400
Job 81: 179/400
Job 81: 180/400
Job 81: 181/400
Job 81: 182/400
Job 81: 183/400
Job 81: 184/400
Job 81: 185/400
Job 81: 186/400
Job 81: 187/400
Job 81: 188/400
Job 81: 189/400
Job 81: 190/400
Job 81: 191/400
Job 81: 192/400
Job 81: 193/400
Job 81: 194/400
Job 81: 195/400
Job 81: 196/400
Job 81: 197/400
Job 81: 198/400
Job 81: 199/400
Job 81: 200/400
Job 81: 201/400
Job 81: 202/400
Job 81: 203/400
Job 81: 204/400
Job 81: 205/400
Job 81: 206/400
Job 81: 207/400
Job 81: 208/400
Job 81: 209/400
Job 81: 210/400
Job 81: 211/400
Job 81: 212/400
Job 81: 213/400
Job 81: 214/400
Job 81: 215/400
Job 81: 216/400
Job 81: 217/400
Job 81: 218/400
Job 81: 219/400
Job 81: 220/400
Job 81: 221/400
Job 81: 222/400
Job 81: 223/400
Job 81: 224/400
Job 81: 225/400
Job 81: 226/400
Job 81: 227/400
Job 81: 228/400
Job 81: 229/400
Job 81: 230/400
Job 81: 231/400
Job 81: 232/400
Job 81: 233/400
Job 81: 234/400
Job 81: 235/400
Job 81: 236/400
Job 81: 237/400
Job 81: 238/400
Job 81: 239/400
Job 81: 240/400
Job 81: 241/400
Job 81: 242/400
Job 81: 243/400
Job 81: 244/400
Job 81: 245/400
Job 81: 246/400
Job 81: 247/400
Job 81: 248/400
Job 81: 249/400
Job 81: 250/400
Job 81: 251/400
Job 81: 252/400
Job 81: 253/400
Job 81: 254/400
Job 81: 255/400
Job 81: 256/400
Job 81: 257/400
Job 81: 258/400
Job 81: 259/400
Job 81: 260/400
Job 81: 261/400
Job 81: 262/400
Job 81: 263/400
Job 81: 264/400
Job 81: 265/400
Job 81: 266/400
Job 81: 267/400
Job 81: 268/400
Job 81: 269/400
Job 81: 270/400
Job 81: 271/400
Job 81: 272/400
Job 81: 273/400
Job 81: 274/400
Job 81: 275/400
Job 81: 276/400
Job 81: 277/400
Job 81: 278/400
Job 81: 279/400
Job 81: 280/400
Job 81: 281/400
Job 81: 282/400
Job 81: 283/400
Job 81: 284/400
Job 81: 285/400
Job 81: 286/400
Job 81: 287/400
Job 81: 288/400
Job 81: 289/400
Job 81: 290/400
Job 81: 291/400
Job 81: 292/400
Job 81: 293/400
Job 81: 294/400
Job 81: 295/400
Job 81: 296/400
Job 81: 297/400
Job 81: 298/400
Job 81: 299/400
Job 81: 300/400
Job 81: 301/400
Job 81: 302/400
Job 81: 303/400
Job 81: 304/400
Job 81: 305/400
Job 81: 306/400
Job 81: 307/400
Job 81: 308/400
Job 81: 309/400
Job 81: 310/400
Job 81: 311/400
Job 81: 312/400
Job 81: 313/400
Job 81: 314/400
Job 81: 315/400
Job 81: 316/400
Job 81: 317/400
Job 81: 318/400
Job 81: 319/400
Job 81: 320/400
Job 81: 321/400
Job 81: 322/400
Job 81: 323/400
Job 81: 324/400
Job 81: 325/400
Job 81: 326/400
Job 81: 327/400
Job 81: 328/400
Job 81: 329/400
Job 81: 330/400
Job 81: 331/400
Job 81: 332/400
Job 81: 333/400
Job 81: 334/400
Job 81: 335/400
Job 81: 336/400
Job 81: 337/400
Job 81: 338/400
Job 81: 339/400
Job 81: 340/400
Job 81: 341/400
Job 81: 342/400
Job 81: 343/400
Job 81: 344/400
Job 81: 345/400
Job 81: 346/400
Job 81: 347/400
Job 81: 348/400
Job 81: 349/400
Job 81: 350/400
Job 81: 351/400
Job 81: 352/400
Job 81: 353/400
Job 81: 354/400
Job 81: 355/400
Job 81: 356/400
Job 81: 357/400
Job 81: 358/400
Job 81: 359/400
Job 81: 360/400
Job 81: 361/400
Job 81: 362/400
Job 81: 363/400
Job 81: 364/400
Job 81: 365/400
Job 81: 366/400
Job 81: 367/400
Job 81: 368/400
Job 81: 369/400
Job 81: 370/400
Job 81: 371/400
Job 81: 372/400
Job 81: 373/400
Job 81: 374/400
Job 81: 375/400
Job 81: 376/400
Job 81: 377/400
Job 81: 378/400
Job 81: 379/400
Job 81: 380/400
Job 81: 381/400
Job 81: 382/400
Job 81: 383/400
Job 81: 384/400
Job 81: 385/400
Job 81: 386/400
Job 81: 387/400
Job 81: 388/400
Job 81: 389/400
Job 81: 390/400
Job 81: 391/400
Job 81: 392/400
Job 81: 393/400
Job 81: 394/400
Job 81: 395/400
Job 81: 396/400
Job 81: 397/400
Job 81: 398/400
Job 81: 399/400
Job 81: 400/400
