Registered S3 methods overwritten by 'susieSlide':
  method              from  
  coef.susie          susieR
  predict.susie       susieR
  print.summary.susie susieR
  summary.susie       susieR
Job 497: 1/400
Job 497: 2/400
Job 497: 3/400
Job 497: 4/400
Job 497: 5/400
Job 497: 6/400
Job 497: 7/400
Job 497: 8/400
Job 497: 9/400
Job 497: 10/400
Job 497: 11/400
Job 497: 12/400
Job 497: 13/400
Job 497: 14/400
Job 497: 15/400
Job 497: 16/400
Job 497: 17/400
Job 497: 18/400
Job 497: 19/400
Job 497: 20/400
Job 497: 21/400
Job 497: 22/400
Job 497: 23/400
Job 497: 24/400
Job 497: 25/400
Job 497: 26/400
Job 497: 27/400
Job 497: 28/400
Job 497: 29/400
Job 497: 30/400
Job 497: 31/400
Job 497: 32/400
Job 497: 33/400
Job 497: 34/400
Job 497: 35/400
Job 497: 36/400
Job 497: 37/400
Job 497: 38/400
Job 497: 39/400
Job 497: 40/400
Job 497: 41/400
Job 497: 42/400
Job 497: 43/400
Job 497: 44/400
Job 497: 45/400
Job 497: 46/400
Job 497: 47/400
Job 497: 48/400
Job 497: 49/400
Job 497: 50/400
Job 497: 51/400
Job 497: 52/400
Job 497: 53/400
Job 497: 54/400
Job 497: 55/400
Job 497: 56/400
Job 497: 57/400
Job 497: 58/400
Job 497: 59/400
Job 497: 60/400
Job 497: 61/400
Job 497: 62/400
Job 497: 63/400
Job 497: 64/400
Job 497: 65/400
Job 497: 66/400
Job 497: 67/400
Job 497: 68/400
Job 497: 69/400
Job 497: 70/400
Job 497: 71/400
Job 497: 72/400
Job 497: 73/400
Job 497: 74/400
Job 497: 75/400
Job 497: 76/400
Job 497: 77/400
Job 497: 78/400
Job 497: 79/400
Job 497: 80/400
Job 497: 81/400
Job 497: 82/400
Job 497: 83/400
Job 497: 84/400
Job 497: 85/400
Job 497: 86/400
Job 497: 87/400
Job 497: 88/400
Job 497: 89/400
Job 497: 90/400
Job 497: 91/400
Job 497: 92/400
Job 497: 93/400
Job 497: 94/400
Job 497: 95/400
Job 497: 96/400
Job 497: 97/400
Job 497: 98/400
Job 497: 99/400
Job 497: 100/400
Job 497: 101/400
Job 497: 102/400
Job 497: 103/400
Job 497: 104/400
Job 497: 105/400
Job 497: 106/400
Job 497: 107/400
Job 497: 108/400
Job 497: 109/400
Job 497: 110/400
Job 497: 111/400
Job 497: 112/400
Job 497: 113/400
Job 497: 114/400
Job 497: 115/400
Job 497: 116/400
Job 497: 117/400
Job 497: 118/400
Job 497: 119/400
Job 497: 120/400
Job 497: 121/400
Job 497: 122/400
Job 497: 123/400
Job 497: 124/400
Job 497: 125/400
Job 497: 126/400
Job 497: 127/400
Job 497: 128/400
Job 497: 129/400
Job 497: 130/400
Job 497: 131/400
Job 497: 132/400
Job 497: 133/400
Job 497: 134/400
Job 497: 135/400
Job 497: 136/400
Job 497: 137/400
Job 497: 138/400
Job 497: 139/400
Job 497: 140/400
Job 497: 141/400
Job 497: 142/400
Job 497: 143/400
Job 497: 144/400
Job 497: 145/400
Job 497: 146/400
Job 497: 147/400
Job 497: 148/400
Job 497: 149/400
Job 497: 150/400
Job 497: 151/400
Job 497: 152/400
Job 497: 153/400
Job 497: 154/400
Job 497: 155/400
Job 497: 156/400
Job 497: 157/400
Job 497: 158/400
Job 497: 159/400
Job 497: 160/400
Job 497: 161/400
Job 497: 162/400
Job 497: 163/400
Job 497: 164/400
Job 497: 165/400
Job 497: 166/400
Job 497: 167/400
Job 497: 168/400
Job 497: 169/400
Job 497: 170/400
Job 497: 171/400
Job 497: 172/400
Job 497: 173/400
Job 497: 174/400
Job 497: 175/400
Job 497: 176/400
Job 497: 177/400
Job 497: 178/400
Job 497: 179/400
Job 497: 180/400
Job 497: 181/400
Job 497: 182/400
Job 497: 183/400
Job 497: 184/400
Job 497: 185/400
Job 497: 186/400
Job 497: 187/400
Job 497: 188/400
Job 497: 189/400
Job 497: 190/400
Job 497: 191/400
Job 497: 192/400
Job 497: 193/400
Job 497: 194/400
Job 497: 195/400
Job 497: 196/400
Job 497: 197/400
Job 497: 198/400
Job 497: 199/400
Job 497: 200/400
Job 497: 201/400
Job 497: 202/400
Job 497: 203/400
Job 497: 204/400
Job 497: 205/400
Job 497: 206/400
Job 497: 207/400
Job 497: 208/400
Job 497: 209/400
Job 497: 210/400
Job 497: 211/400
Job 497: 212/400
Job 497: 213/400
Job 497: 214/400
Job 497: 215/400
Job 497: 216/400
Job 497: 217/400
Job 497: 218/400
Job 497: 219/400
Job 497: 220/400
Job 497: 221/400
Job 497: 222/400
Job 497: 223/400
Job 497: 224/400
Job 497: 225/400
Job 497: 226/400
Job 497: 227/400
Job 497: 228/400
Job 497: 229/400
Job 497: 230/400
Job 497: 231/400
Job 497: 232/400
Job 497: 233/400
Job 497: 234/400
Job 497: 235/400
Job 497: 236/400
Job 497: 237/400
Job 497: 238/400
Job 497: 239/400
Job 497: 240/400
Job 497: 241/400
Job 497: 242/400
Job 497: 243/400
Job 497: 244/400
Job 497: 245/400
Job 497: 246/400
Job 497: 247/400
Job 497: 248/400
Job 497: 249/400
Job 497: 250/400
Job 497: 251/400
Job 497: 252/400
Job 497: 253/400
Job 497: 254/400
Job 497: 255/400
Job 497: 256/400
Job 497: 257/400
Job 497: 258/400
Job 497: 259/400
Job 497: 260/400
Job 497: 261/400
Job 497: 262/400
Job 497: 263/400
Job 497: 264/400
Job 497: 265/400
Job 497: 266/400
Job 497: 267/400
Job 497: 268/400
Job 497: 269/400
Job 497: 270/400
Job 497: 271/400
Job 497: 272/400
Job 497: 273/400
Job 497: 274/400
Job 497: 275/400
Job 497: 276/400
Job 497: 277/400
Job 497: 278/400
Job 497: 279/400
Job 497: 280/400
Job 497: 281/400
Job 497: 282/400
Job 497: 283/400
Job 497: 284/400
Job 497: 285/400
Job 497: 286/400
Job 497: 287/400
Job 497: 288/400
Job 497: 289/400
Job 497: 290/400
Job 497: 291/400
Job 497: 292/400
Job 497: 293/400
Job 497: 294/400
Job 497: 295/400
Job 497: 296/400
Job 497: 297/400
Job 497: 298/400
Job 497: 299/400
Job 497: 300/400
Job 497: 301/400
Job 497: 302/400
Job 497: 303/400
Job 497: 304/400
Job 497: 305/400
Job 497: 306/400
Job 497: 307/400
Job 497: 308/400
Job 497: 309/400
Job 497: 310/400
Job 497: 311/400
Job 497: 312/400
Job 497: 313/400
Job 497: 314/400
Job 497: 315/400
Job 497: 316/400
Job 497: 317/400
Job 497: 318/400
Job 497: 319/400
Job 497: 320/400
Job 497: 321/400
Job 497: 322/400
Job 497: 323/400
Job 497: 324/400
Job 497: 325/400
Job 497: 326/400
Job 497: 327/400
Job 497: 328/400
Job 497: 329/400
Job 497: 330/400
Job 497: 331/400
Job 497: 332/400
Job 497: 333/400
Job 497: 334/400
Job 497: 335/400
Job 497: 336/400
Job 497: 337/400
Job 497: 338/400
Job 497: 339/400
Job 497: 340/400
Job 497: 341/400
Job 497: 342/400
Job 497: 343/400
Job 497: 344/400
Job 497: 345/400
Job 497: 346/400
Job 497: 347/400
Job 497: 348/400
Job 497: 349/400
Job 497: 350/400
Job 497: 351/400
Job 497: 352/400
Job 497: 353/400
Job 497: 354/400
Job 497: 355/400
Job 497: 356/400
Job 497: 357/400
Job 497: 358/400
Job 497: 359/400
Job 497: 360/400
Job 497: 361/400
Job 497: 362/400
Job 497: 363/400
Job 497: 364/400
Job 497: 365/400
Job 497: 366/400
Job 497: 367/400
Job 497: 368/400
Job 497: 369/400
Job 497: 370/400
Job 497: 371/400
Job 497: 372/400
Job 497: 373/400
Job 497: 374/400
Job 497: 375/400
Job 497: 376/400
Job 497: 377/400
Job 497: 378/400
Job 497: 379/400
Job 497: 380/400
Job 497: 381/400
Job 497: 382/400
Job 497: 383/400
Job 497: 384/400
Job 497: 385/400
Job 497: 386/400
Job 497: 387/400
Job 497: 388/400
Job 497: 389/400
Job 497: 390/400
Job 497: 391/400
Job 497: 392/400
Job 497: 393/400
Job 497: 394/400
Job 497: 395/400
Job 497: 396/400
Job 497: 397/400
Job 497: 398/400
Job 497: 399/400
Job 497: 400/400
