Registered S3 methods overwritten by 'susieSlide':
  method              from  
  coef.susie          susieR
  predict.susie       susieR
  print.summary.susie susieR
  summary.susie       susieR
Job 43: 1/400
Job 43: 2/400
Job 43: 3/400
Job 43: 4/400
Job 43: 5/400
Job 43: 6/400
Job 43: 7/400
Job 43: 8/400
Job 43: 9/400
Job 43: 10/400
Job 43: 11/400
Job 43: 12/400
Job 43: 13/400
Job 43: 14/400
Job 43: 15/400
Job 43: 16/400
Job 43: 17/400
Job 43: 18/400
Job 43: 19/400
Job 43: 20/400
Job 43: 21/400
Job 43: 22/400
Job 43: 23/400
Job 43: 24/400
Job 43: 25/400
Job 43: 26/400
Job 43: 27/400
Job 43: 28/400
Job 43: 29/400
Job 43: 30/400
Job 43: 31/400
Job 43: 32/400
Job 43: 33/400
Job 43: 34/400
Job 43: 35/400
Job 43: 36/400
Job 43: 37/400
Job 43: 38/400
Job 43: 39/400
Job 43: 40/400
Job 43: 41/400
Job 43: 42/400
Job 43: 43/400
Job 43: 44/400
Job 43: 45/400
Job 43: 46/400
Job 43: 47/400
Job 43: 48/400
Job 43: 49/400
Job 43: 50/400
Job 43: 51/400
Job 43: 52/400
Job 43: 53/400
Job 43: 54/400
Job 43: 55/400
Job 43: 56/400
Job 43: 57/400
Job 43: 58/400
Job 43: 59/400
Job 43: 60/400
Job 43: 61/400
Job 43: 62/400
Job 43: 63/400
Job 43: 64/400
Job 43: 65/400
Job 43: 66/400
Job 43: 67/400
Job 43: 68/400
Job 43: 69/400
Job 43: 70/400
Job 43: 71/400
Job 43: 72/400
Job 43: 73/400
Job 43: 74/400
Job 43: 75/400
Job 43: 76/400
Job 43: 77/400
Job 43: 78/400
Job 43: 79/400
Job 43: 80/400
Job 43: 81/400
Job 43: 82/400
Job 43: 83/400
Job 43: 84/400
Job 43: 85/400
Job 43: 86/400
Job 43: 87/400
Job 43: 88/400
Job 43: 89/400
Job 43: 90/400
Job 43: 91/400
Job 43: 92/400
Job 43: 93/400
Job 43: 94/400
Job 43: 95/400
Job 43: 96/400
Job 43: 97/400
Job 43: 98/400
Job 43: 99/400
Job 43: 100/400
Job 43: 101/400
Job 43: 102/400
Job 43: 103/400
Job 43: 104/400
Job 43: 105/400
Job 43: 106/400
Job 43: 107/400
Job 43: 108/400
Job 43: 109/400
Job 43: 110/400
Job 43: 111/400
Job 43: 112/400
Job 43: 113/400
Job 43: 114/400
Job 43: 115/400
Job 43: 116/400
Job 43: 117/400
Job 43: 118/400
Job 43: 119/400
Job 43: 120/400
Job 43: 121/400
Job 43: 122/400
Job 43: 123/400
Job 43: 124/400
Job 43: 125/400
Job 43: 126/400
Job 43: 127/400
Job 43: 128/400
Job 43: 129/400
Job 43: 130/400
Job 43: 131/400
Job 43: 132/400
Job 43: 133/400
Job 43: 134/400
Job 43: 135/400
Job 43: 136/400
Job 43: 137/400
Job 43: 138/400
Job 43: 139/400
Job 43: 140/400
Job 43: 141/400
Job 43: 142/400
Job 43: 143/400
Job 43: 144/400
Job 43: 145/400
Job 43: 146/400
Job 43: 147/400
Job 43: 148/400
Job 43: 149/400
Job 43: 150/400
Job 43: 151/400
Job 43: 152/400
Job 43: 153/400
Job 43: 154/400
Job 43: 155/400
Job 43: 156/400
Job 43: 157/400
Job 43: 158/400
Job 43: 159/400
Job 43: 160/400
Job 43: 161/400
Job 43: 162/400
Job 43: 163/400
Job 43: 164/400
Job 43: 165/400
Job 43: 166/400
Job 43: 167/400
Job 43: 168/400
Job 43: 169/400
Job 43: 170/400
Job 43: 171/400
Job 43: 172/400
Job 43: 173/400
Job 43: 174/400
Job 43: 175/400
Job 43: 176/400
Job 43: 177/400
Job 43: 178/400
Job 43: 179/400
Job 43: 180/400
Job 43: 181/400
Job 43: 182/400
Job 43: 183/400
Job 43: 184/400
Job 43: 185/400
Job 43: 186/400
Job 43: 187/400
Job 43: 188/400
Job 43: 189/400
Job 43: 190/400
Job 43: 191/400
Job 43: 192/400
Job 43: 193/400
Job 43: 194/400
Job 43: 195/400
Job 43: 196/400
Job 43: 197/400
Job 43: 198/400
Job 43: 199/400
Job 43: 200/400
Job 43: 201/400
Job 43: 202/400
Job 43: 203/400
Job 43: 204/400
Job 43: 205/400
Job 43: 206/400
Job 43: 207/400
Job 43: 208/400
Job 43: 209/400
Job 43: 210/400
Job 43: 211/400
Job 43: 212/400
Job 43: 213/400
Job 43: 214/400
Job 43: 215/400
Job 43: 216/400
Job 43: 217/400
Job 43: 218/400
Job 43: 219/400
Job 43: 220/400
Job 43: 221/400
Job 43: 222/400
Job 43: 223/400
Job 43: 224/400
Job 43: 225/400
Job 43: 226/400
Job 43: 227/400
Job 43: 228/400
Job 43: 229/400
Job 43: 230/400
Job 43: 231/400
Job 43: 232/400
Job 43: 233/400
Job 43: 234/400
Job 43: 235/400
Job 43: 236/400
Job 43: 237/400
Job 43: 238/400
Job 43: 239/400
Job 43: 240/400
Job 43: 241/400
Job 43: 242/400
Job 43: 243/400
Job 43: 244/400
Job 43: 245/400
Job 43: 246/400
Job 43: 247/400
Job 43: 248/400
Job 43: 249/400
Job 43: 250/400
Job 43: 251/400
Job 43: 252/400
Job 43: 253/400
Job 43: 254/400
Job 43: 255/400
Job 43: 256/400
Job 43: 257/400
Job 43: 258/400
Job 43: 259/400
Job 43: 260/400
Job 43: 261/400
Job 43: 262/400
Job 43: 263/400
Job 43: 264/400
Job 43: 265/400
Job 43: 266/400
Job 43: 267/400
Job 43: 268/400
Job 43: 269/400
Job 43: 270/400
Job 43: 271/400
Job 43: 272/400
Job 43: 273/400
Job 43: 274/400
Job 43: 275/400
Job 43: 276/400
Job 43: 277/400
Job 43: 278/400
Job 43: 279/400
Job 43: 280/400
Job 43: 281/400
Job 43: 282/400
Job 43: 283/400
Job 43: 284/400
Job 43: 285/400
Job 43: 286/400
Job 43: 287/400
Job 43: 288/400
Job 43: 289/400
Job 43: 290/400
Job 43: 291/400
Job 43: 292/400
Job 43: 293/400
Job 43: 294/400
Job 43: 295/400
Job 43: 296/400
Job 43: 297/400
Job 43: 298/400
Job 43: 299/400
Job 43: 300/400
Job 43: 301/400
Job 43: 302/400
Job 43: 303/400
Job 43: 304/400
Job 43: 305/400
Job 43: 306/400
Job 43: 307/400
Job 43: 308/400
Job 43: 309/400
Job 43: 310/400
Job 43: 311/400
Job 43: 312/400
Job 43: 313/400
Job 43: 314/400
Job 43: 315/400
Job 43: 316/400
Job 43: 317/400
Job 43: 318/400
Job 43: 319/400
Job 43: 320/400
Job 43: 321/400
Job 43: 322/400
Job 43: 323/400
Job 43: 324/400
Job 43: 325/400
Job 43: 326/400
Job 43: 327/400
Job 43: 328/400
Job 43: 329/400
Job 43: 330/400
Job 43: 331/400
Job 43: 332/400
Job 43: 333/400
Job 43: 334/400
Job 43: 335/400
Job 43: 336/400
Job 43: 337/400
Job 43: 338/400
Job 43: 339/400
Job 43: 340/400
Job 43: 341/400
Job 43: 342/400
Job 43: 343/400
Job 43: 344/400
Job 43: 345/400
Job 43: 346/400
Job 43: 347/400
Job 43: 348/400
Job 43: 349/400
Job 43: 350/400
Job 43: 351/400
Job 43: 352/400
Job 43: 353/400
Job 43: 354/400
Job 43: 355/400
Job 43: 356/400
Job 43: 357/400
Job 43: 358/400
Job 43: 359/400
Job 43: 360/400
Job 43: 361/400
Job 43: 362/400
Job 43: 363/400
Job 43: 364/400
Job 43: 365/400
Job 43: 366/400
Job 43: 367/400
Job 43: 368/400
Job 43: 369/400
Job 43: 370/400
Job 43: 371/400
Job 43: 372/400
Job 43: 373/400
Job 43: 374/400
Job 43: 375/400
Job 43: 376/400
Job 43: 377/400
Job 43: 378/400
Job 43: 379/400
Job 43: 380/400
Job 43: 381/400
Job 43: 382/400
Job 43: 383/400
Job 43: 384/400
Job 43: 385/400
Job 43: 386/400
Job 43: 387/400
Job 43: 388/400
Job 43: 389/400
Job 43: 390/400
Job 43: 391/400
Job 43: 392/400
Job 43: 393/400
Job 43: 394/400
Job 43: 395/400
Job 43: 396/400
Job 43: 397/400
Job 43: 398/400
Job 43: 399/400
Job 43: 400/400
