Registered S3 methods overwritten by 'susieSlide':
  method              from  
  coef.susie          susieR
  predict.susie       susieR
  print.summary.susie susieR
  summary.susie       susieR
Registered S3 methods overwritten by 'susieRSlidePrior':
  method                                         from      
  [.scaled_XtX                                   susieSlide
  coef.mr.ash                                    susieSlide
  coef.susie                                     susieSlide
  coef.susie_slide                               susieSlide
  predict.mr.ash                                 susieSlide
  predict.susie                                  susieSlide
  predict.susie_slide                            susieSlide
  print.slot_prior                               susieSlide
  print.summary.susie                            susieSlide
  print.summary.susie_post_outcome_configuration susieSlide
  summary.susie                                  susieSlide
  summary.susie_post_outcome_configuration       susieSlide
  summary.susie_slide                            susieSlide
No cached .raw files: using real GTEx cis-genotypes from /project2/mstephens/gtex. Each seed selects one of 17617 autosomal protein-coding genes. PLINK workspace: 8000 MiB.
Extracting GTEx gene LDHA (chr11:17894560-18894560)
Job 47: 131/400
Extracting GTEx gene POLL (chr10:101088270-102088270)
Job 47: 132/400
Extracting GTEx gene SNX17 (chr2:26870496-27870496)
Job 47: 133/400
Extracting GTEx gene AGAP2 (chr12:57242157-58242157)
Job 47: 134/400
Extracting GTEx gene PTPN11 (chr12:111918351-112918351)
Job 47: 135/400
Extracting GTEx gene TBX3 (chr12:114184175-115184175)
Job 47: 136/400
Extracting GTEx gene LRRK1 (chr15:100419327-101419327)
Job 47: 137/400
Extracting GTEx gene NFKBIE (chr6:43765788-44765788)
Job 47: 138/400
Extracting GTEx gene ESPNL (chr2:237600340-238600340)
Job 47: 139/400
Extracting GTEx gene DNAJB12 (chr10:71855149-72855149)
Job 47: 140/400
Extracting GTEx gene RIN3 (chr14:92013781-93013781)
Job 47: 141/400
Extracting GTEx gene CDH12 (chr5:22353344-23353344)
Job 47: 142/400
Extracting GTEx gene DAD1 (chr14:22089224-23089224)
Job 47: 143/400
Extracting GTEx gene SLC27A2 (chr15:49682196-50682196)
Job 47: 144/400
Extracting GTEx gene EIF6 (chr20:34784985-35784985)
Job 47: 145/400
Extracting GTEx gene ZNF705E (chr11:71321548-72321548)
Job 47: 146/400
Extracting GTEx gene CALML4 (chr15:67706079-68706079)
Job 47: 147/400
Extracting GTEx gene OBSL1 (chr2:219071859-220071859)
Job 47: 148/400
Extracting GTEx gene SERAC1 (chr6:157668280-158668280)
Job 47: 149/400
Extracting GTEx gene NDC1 (chr1:53338463-54338463)
Job 47: 150/400
Extracting GTEx gene TAS2R14 (chr12:10671573-11671573)
Job 47: 151/400
Extracting GTEx gene SERPINB5 (chr18:62976958-63976958)
Job 47: 152/400
Extracting GTEx gene MLLT11 (chr1:150560397-151560397)
Job 47: 153/400
Extracting GTEx gene CEBPE (chr14:22619255-23619255)
Job 47: 154/400
Extracting GTEx gene EPHA1 (chr7:142908856-143908856)
Job 47: 155/400
Extracting GTEx gene GNAI2 (chr3:49726292-50726292)
Job 47: 156/400
Extracting GTEx gene PARP10 (chr8:143512772-144512772)
Job 47: 157/400
Extracting GTEx gene PIAS3 (chr1:145359836-146359836)
Job 47: 158/400
Extracting GTEx gene EAF2 (chr3:121335183-122335183)
Job 47: 159/400
Extracting GTEx gene LAIR1 (chr19:53870558-54870558)
Job 47: 160/400
Extracting GTEx gene KDM4A (chr1:43150149-44150149)
Job 47: 161/400
Extracting GTEx gene HES4 (chr1:500172-1500172)
Job 47: 162/400
Extracting GTEx gene WDFY4 (chr10:48184876-49184876)
Job 47: 163/400
Extracting GTEx gene CDC37 (chr19:9920121-10920121)
Job 47: 164/400
Extracting GTEx gene IL11 (chr19:54870463-55870463)
Job 47: 165/400
Extracting GTEx gene HINT1 (chr5:130724468-131724468)
Job 47: 166/400
Extracting GTEx gene MICB (chr6:30994881-31994881)
Job 47: 167/400
Extracting GTEx gene RPL41 (chr12:55616590-56616590)
Job 47: 168/400
Extracting GTEx gene MRPS18A (chr6:43187791-44187791)
Job 47: 169/400
Extracting GTEx gene RALGAPB (chr20:37972816-38972816)
Job 47: 170/400
Extracting GTEx gene GAREM2 (chr2:25673088-26673088)
Job 47: 171/400
Extracting GTEx gene KIF2C (chr1:44239818-45239818)
Job 47: 172/400
Extracting GTEx gene VAV3 (chr1:107465180-108465180)
Job 47: 173/400
Extracting GTEx gene INTS9 (chr8:28390242-29390242)
Job 47: 174/400
Extracting GTEx gene PRMT9 (chr4:147184163-148184163)
Job 47: 175/400
Extracting GTEx gene IPO7 (chr11:8884652-9884652)
Job 47: 176/400
Extracting GTEx gene PSMD13 (chr11:0-736966)
Job 47: 177/400
Extracting GTEx gene NPFF (chr12:53007638-54007638)
Job 47: 178/400
Extracting GTEx gene SELL (chr1:169211702-170211702)
Job 47: 179/400
Extracting GTEx gene JMY (chr5:78736131-79736131)
Job 47: 180/400
Extracting GTEx gene CTU1 (chr19:50608409-51608409)
Job 47: 181/400
Extracting GTEx gene IL19 (chr1:206270764-207270764)
Job 47: 182/400
Extracting GTEx gene OR2S2 (chr9:35458154-36458154)
Job 47: 183/400
Extracting GTEx gene CRYBA4 (chr22:26121963-27121963)
Job 47: 184/400
Extracting GTEx gene STAG1 (chr3:136252403-137252403)
Job 47: 185/400
Extracting GTEx gene MRPL40 (chr22:18932545-19932545)
Job 47: 186/400
Extracting GTEx gene SLC28A3 (chr9:83840758-84840758)
Job 47: 187/400
Extracting GTEx gene DGKE (chr17:56334107-57334107)
Job 47: 188/400
Extracting GTEx gene PLCH1 (chr3:155245071-156245071)
Job 47: 189/400
Extracting GTEx gene SYT8 (chr11:1328307-2328307)
Job 47: 190/400
Extracting GTEx gene B4GALNT2 (chr17:48632460-49632460)
Job 47: 191/400
Extracting GTEx gene NR2E3 (chr15:71292638-72292638)
Job 47: 192/400
Extracting GTEx gene OR8H1 (chr11:55792254-56792254)
Job 47: 193/400
Extracting GTEx gene OR51F2 (chr11:4321321-5321321)
Job 47: 194/400
Extracting GTEx gene GNA15 (chr19:2636033-3636033)
Job 47: 195/400
Extracting GTEx gene NR3C1 (chr5:142935512-143935512)
Job 47: 196/400
Extracting GTEx gene ZNF229 (chr19:43948578-44948578)
Job 47: 197/400
Extracting GTEx gene SF3B2 (chr11:65550729-66550729)
Job 47: 198/400
Extracting GTEx gene MYLK4 (chr6:2250922-3250922)
Job 47: 199/400
Extracting GTEx gene CST4 (chr20:23189038-24189038)
Job 47: 200/400
Extracting GTEx gene SLC46A3 (chr13:28218970-29218970)
Job 47: 201/400
Extracting GTEx gene C6orf163 (chr6:86844813-87844813)
Job 47: 202/400
Extracting GTEx gene SUV39H2 (chr10:14378820-15378820)
Job 47: 203/400
Extracting GTEx gene PPP3R1 (chr2:67756237-68756237)
Job 47: 204/400
Extracting GTEx gene TTLL7 (chr1:83499150-84499150)
Job 47: 205/400
Extracting GTEx gene ST6GAL1 (chr3:186430325-187430325)
Job 47: 206/400
Extracting GTEx gene KCNV1 (chr8:109475771-110475771)
Job 47: 207/400
Extracting GTEx gene MYH11 (chr16:15357028-16357028)
Job 47: 208/400
Extracting GTEx gene METTL15 (chr11:27608248-28608248)
Job 47: 209/400
Extracting GTEx gene TAF3 (chr10:7318505-8318505)
Job 47: 210/400
Extracting GTEx gene KRBA2 (chr17:7876704-8876704)
Job 47: 211/400
Extracting GTEx gene AGAP4 (chr10:45353875-46353875)
Job 47: 212/400
Extracting GTEx gene VILL (chr3:37488059-38488059)
Job 47: 213/400
Extracting GTEx gene ANKRD39 (chr2:96358016-97358016)
Job 47: 214/400
Extracting GTEx gene B3GNT3 (chr19:17294828-18294828)
Job 47: 215/400
Extracting GTEx gene CHCHD2 (chr7:55606476-56606476)
Job 47: 216/400
Extracting GTEx gene SLC45A4 (chr8:140808305-141808305)
Job 47: 217/400
Extracting GTEx gene C6orf141 (chr6:49050646-50050646)
Job 47: 218/400
Extracting GTEx gene OR8G5 (chr11:123756376-124756376)
Job 47: 219/400
Extracting GTEx gene HVCN1 (chr12:110204950-111204950)
Job 47: 220/400
Extracting GTEx gene ASCL4 (chr12:107274385-108274385)
Job 47: 221/400
Extracting GTEx gene FCMR (chr1:206423247-207423247)
Job 47: 222/400
Extracting GTEx gene SLA (chr8:132602912-133602912)
Job 47: 223/400
Extracting GTEx gene DUXA (chr19:56667485-57667485)
Job 47: 224/400
Extracting GTEx gene CDS1 (chr4:84083127-85083127)
Job 47: 225/400
Extracting GTEx gene CCIN (chr9:35669388-36669388)
Job 47: 226/400
Extracting GTEx gene CELSR1 (chr22:46037620-47037620)
Job 47: 227/400
Extracting GTEx gene PSMD7 (chr16:73796814-74796814)
Job 47: 228/400
Extracting GTEx gene OST4 (chr2:26571654-27571654)
Job 47: 229/400
Extracting GTEx gene SMARCC2 (chr12:55689567-56689567)
Job 47: 230/400
Extracting GTEx gene C1orf52 (chr1:84759672-85759672)
Job 47: 231/400
Extracting GTEx gene PPA2 (chr4:104974067-105974067)
Job 47: 232/400
Extracting GTEx gene CDT1 (chr16:88303789-89303789)
Job 47: 233/400
Extracting GTEx gene SCGB2A2 (chr11:61770158-62770158)
Job 47: 234/400
Extracting GTEx gene ESYT1 (chr12:55618250-56618250)
Job 47: 235/400
Extracting GTEx gene NRSN2 (chr20:0-846782)
Job 47: 236/400
Extracting GTEx gene TCL1A (chr14:95214196-96214196)
Job 47: 237/400
Extracting GTEx gene PHRF1 (chr11:76470-1076470)
Job 47: 238/400
Extracting GTEx gene NKAIN1 (chr1:30739887-31739887)
Job 47: 239/400
Extracting GTEx gene DYNC1LI1 (chr3:32070858-33070858)
Job 47: 240/400
Extracting GTEx gene OR9G1 (chr11:56199095-57199095)
Job 47: 241/400
Extracting GTEx gene TFAP4 (chr16:3773023-4773023)
Job 47: 242/400
Extracting GTEx gene IFIT1B (chr10:88878056-89878056)
Job 47: 243/400
Extracting GTEx gene AGR2 (chr7:16333433-17333433)
Job 47: 244/400
Extracting GTEx gene MRLN (chr10:59256041-60256041)
Job 47: 245/400
Extracting GTEx gene SPDYE17 (chr7:76532361-77532361)
Job 47: 246/400
Extracting GTEx gene PFKFB2 (chr1:206534366-207534366)
Job 47: 247/400
Extracting GTEx gene FABP4 (chr8:80983236-81983236)
Job 47: 248/400
Extracting GTEx gene SPCS1 (chr3:52204955-53204955)
Job 47: 249/400
Extracting GTEx gene PTH2 (chr19:48923441-49923441)
Job 47: 250/400
Extracting GTEx gene PSMF1 (chr20:613240-1613240)
Job 47: 251/400
Extracting GTEx gene FAM50B (chr6:3349373-4349373)
Job 47: 252/400
Extracting GTEx gene IL31 (chr12:121674221-122674221)
Job 47: 253/400
Extracting GTEx gene SENP1 (chr12:47606079-48606079)
Job 47: 254/400
Extracting GTEx gene YBX1 (chr1:42182418-43182418)
Job 47: 255/400
Extracting GTEx gene TNS4 (chr17:40001623-41001623)
Job 47: 256/400
Extracting GTEx gene TMF1 (chr3:68552339-69552339)
Job 47: 257/400
Extracting GTEx gene AADAT (chr4:169591699-170591699)
Job 47: 258/400
Extracting GTEx gene CYP3A7-CYP3A51P (chr7:99235102-100235102)
Job 47: 259/400
Extracting GTEx gene HMGA2 (chr12:65324460-66324460)
Job 47: 260/400
Extracting GTEx gene NRCAM (chr7:107956717-108956717)
Job 47: 261/400
Extracting GTEx gene LPIN2 (chr18:2513144-3513144)
Job 47: 262/400
Extracting GTEx gene PLA2G2E (chr1:19423617-20423617)
Job 47: 263/400
Extracting GTEx gene KLRF1 (chr12:9327481-10327481)
Job 47: 264/400
Extracting GTEx gene MFN1 (chr3:178847709-179847709)
Job 47: 265/400
Extracting GTEx gene LPAR5 (chr12:6135960-7135960)
Job 47: 266/400
Extracting GTEx gene ZMYM4 (chr1:34768709-35768709)
Job 47: 267/400
Extracting GTEx gene ITIH3 (chr3:52294768-53294768)
Job 47: 268/400
Extracting GTEx gene ATXN7L3B (chr12:74037835-75037835)
Job 47: 269/400
Extracting GTEx gene NEK1 (chr4:169112627-170112627)
Job 47: 270/400
Extracting GTEx gene TUB (chr11:7519244-8519244)
Job 47: 271/400
Extracting GTEx gene MMP11 (chr22:23268643-24268643)
Job 47: 272/400
Extracting GTEx gene ATG16L1 (chr2:232710051-233710051)
Job 47: 273/400
Extracting GTEx gene RMDN1 (chr8:86014357-87014357)
Job 47: 274/400
Extracting GTEx gene ENTPD1 (chr10:95211779-96211779)
Job 47: 275/400
Extracting GTEx gene MMS22L (chr6:96783210-97783210)
Job 47: 276/400
Extracting GTEx gene PNOC (chr8:27816986-28816986)
Job 47: 277/400
Extracting GTEx gene KRT72 (chr12:52101538-53101538)
Job 47: 278/400
Extracting GTEx gene ZNF596 (chr8:0-732137)
Job 47: 279/400
Extracting GTEx gene MS4A6A (chr11:59684666-60684666)
Job 47: 280/400
Extracting GTEx gene C3orf80 (chr3:159725422-160725422)
Job 47: 281/400
Extracting GTEx gene DNAAF2 (chr14:49135244-50135244)
Job 47: 282/400
Extracting GTEx gene RELN (chr7:103489658-104489658)
Job 47: 283/400
Extracting GTEx gene EHBP1 (chr2:62173851-63173851)
Job 47: 284/400
Extracting GTEx gene CD34 (chr1:207411402-208411402)
Job 47: 285/400
Extracting GTEx gene ZIK1 (chr19:57078456-58078456)
Job 47: 286/400
Extracting GTEx gene RNF157 (chr17:75740493-76740493)
Job 47: 287/400
Extracting GTEx gene TTC6 (chr14:37095847-38095847)
Job 47: 288/400
Extracting GTEx gene CNPY1 (chr7:155055450-156055450)
Job 47: 289/400
Extracting GTEx gene SCD5 (chr4:82298796-83298796)
Job 47: 290/400
Extracting GTEx gene OASL (chr12:120539242-121539242)
Job 47: 291/400
Extracting GTEx gene DCLK3 (chr3:36264349-37264349)
Job 47: 292/400
Extracting GTEx gene ZNF347 (chr19:52659060-53659060)
Job 47: 293/400
Extracting GTEx gene HEMGN (chr9:97444856-98444856)
Job 47: 294/400
Extracting GTEx gene SERPINB3 (chr18:63161893-64161893)
Job 47: 295/400
Extracting GTEx gene TCHH (chr1:151615454-152615454)
Job 47: 296/400
Extracting GTEx gene COX20 (chr1:244335616-245335616)
Job 47: 297/400
Extracting GTEx gene TREX1 (chr3:47965811-48965811)
Job 47: 298/400
Extracting GTEx gene NOL4 (chr18:33724952-34724952)
Job 47: 299/400
Extracting GTEx gene YWHAE (chr17:900222-1900222)
Job 47: 300/400
Extracting GTEx gene C18orf32 (chr18:48987252-49987252)
Job 47: 301/400
Extracting GTEx gene DOCK1 (chr10:126405409-127405409)
Job 47: 302/400
Extracting GTEx gene USP17L17 (chr4:8743879-9743879)
Job 47: 303/400
Extracting GTEx gene ISY1 (chr3:128661063-129661063)
Job 47: 304/400
Extracting GTEx gene UQCC2 (chr6:33211727-34211727)
Job 47: 305/400
Extracting GTEx gene SNX11 (chr17:47603357-48603357)
Job 47: 306/400
Extracting GTEx gene CAMKK1 (chr17:3393053-4393053)
Job 47: 307/400
Extracting GTEx gene TSG101 (chr11:18026951-19026951)
Job 47: 308/400
Extracting GTEx gene ATXN1 (chr6:16261491-17261491)
Job 47: 309/400
Extracting GTEx gene KLF18 (chr1:43641631-44641631)
Job 47: 310/400
Extracting GTEx gene CHMP1B (chr18:11351413-12351413)
Job 47: 311/400
Extracting GTEx gene NPC1 (chr18:23086506-24086506)
Job 47: 312/400
Extracting GTEx gene SCGB3A1 (chr5:180091499-181091499)
Job 47: 313/400
Extracting GTEx gene GPR107 (chr9:129553426-130553426)
Job 47: 314/400
Extracting GTEx gene LY6K (chr8:142200111-143200111)
Job 47: 315/400
Extracting GTEx gene HOXA10 (chr7:26680261-27680261)
Job 47: 316/400
Extracting GTEx gene ME1 (chr6:82931051-83931051)
Job 47: 317/400
Extracting GTEx gene CCDC103 (chr17:44399142-45399142)
Job 47: 318/400
Extracting GTEx gene LEPROT (chr1:64920587-65920587)
Job 47: 319/400
Extracting GTEx gene SARNP (chr12:55317724-56317724)
Job 47: 320/400
Extracting GTEx gene CSF3R (chr1:35983278-36983278)
Job 47: 321/400
Extracting GTEx gene PAFAH2 (chr1:25498117-26498117)
Job 47: 322/400
Extracting GTEx gene TEX101 (chr19:42901496-43901496)
Job 47: 323/400
Extracting GTEx gene CHRNA10 (chr11:3171384-4171384)
Job 47: 324/400
Extracting GTEx gene PLIN1 (chr15:89179427-90179427)
Job 47: 325/400
Extracting GTEx gene SIGLEC9 (chr19:50624906-51624906)
Job 47: 326/400
Extracting GTEx gene LILRA5 (chr19:53813166-54813166)
Job 47: 327/400
Extracting GTEx gene COA6 (chr1:233873456-234873456)
Job 47: 328/400
Extracting GTEx gene SLC35F2 (chr11:107428293-108428293)
Job 47: 329/400
Extracting GTEx gene PRADC1 (chr2:72733239-73733239)
Job 47: 330/400
Extracting GTEx gene MMP1 (chr11:102298160-103298160)
Job 47: 331/400
Extracting GTEx gene SP140 (chr2:229703110-230703110)
Job 47: 332/400
Extracting GTEx gene ROCK1 (chr18:20611813-21611813)
Job 47: 333/400
Extracting GTEx gene AREG (chr4:73945136-74945136)
Job 47: 334/400
Extracting GTEx gene GPR153 (chr1:5761098-6761098)
Job 47: 335/400
Extracting GTEx gene RFX4 (chr12:106083004-107083004)
Job 47: 336/400
Extracting GTEx gene EMP2 (chr16:10080598-11080598)
Job 47: 337/400
Extracting GTEx gene ZDHHC2 (chr8:16656482-17656482)
Job 47: 338/400
Extracting GTEx gene GGT7 (chr20:34372856-35372856)
Job 47: 339/400
Extracting GTEx gene TSSK6 (chr19:19015548-20015548)
Job 47: 340/400
Extracting GTEx gene MFSD13A (chr10:101961395-102961395)
Job 47: 341/400
Extracting GTEx gene UPK2 (chr11:118425164-119425164)
Job 47: 342/400
Extracting GTEx gene RPE (chr2:209502565-210502565)
Job 47: 343/400
Extracting GTEx gene ABCA5 (chr17:68827244-69827244)
Job 47: 344/400
Extracting GTEx gene MAPK12 (chr22:49761716-50761716)
Job 47: 345/400
Extracting GTEx gene KRT18 (chr12:52448871-53448871)
Job 47: 346/400
Extracting GTEx gene ZFYVE28 (chr4:1918651-2918651)
Job 47: 347/400
Extracting GTEx gene KLHL35 (chr11:74933203-75933203)
Job 47: 348/400
Extracting GTEx gene C21orf58 (chr21:45823875-46823875)
Job 47: 349/400
Extracting GTEx gene ERICH2 (chr2:170283786-171283786)
Job 47: 350/400
Extracting GTEx gene STXBP5 (chr6:146704425-147704425)
Job 47: 351/400
Extracting GTEx gene ADAMTS7 (chr15:78311464-79311464)
Job 47: 352/400
Extracting GTEx gene TAS2R42 (chr12:10686937-11686937)
Job 47: 353/400
Extracting GTEx gene MAP3K4 (chr6:160491727-161491727)
Job 47: 354/400
Extracting GTEx gene TRABD (chr22:49685913-50685913)
Job 47: 355/400
Extracting GTEx gene NCR1 (chr19:54406148-55406148)
Job 47: 356/400
Extracting GTEx gene CCNG1 (chr5:162937569-163937569)
Job 47: 357/400
Extracting GTEx gene ID4 (chr6:19337370-20337370)
Job 47: 358/400
Extracting GTEx gene FSCN3 (chr7:127091409-128091409)
Job 47: 359/400
Extracting GTEx gene CCDC102A (chr16:57036571-58036571)
Job 47: 360/400
Extracting GTEx gene HPGDS (chr4:93842865-94842865)
Job 47: 361/400
Extracting GTEx gene CYP4A11 (chr1:46441484-47441484)
Job 47: 362/400
Extracting GTEx gene ALLC (chr2:3158200-4158200)
Job 47: 363/400
Extracting GTEx gene IFT52 (chr20:43090937-44090937)
Job 47: 364/400
Extracting GTEx gene PARP16 (chr15:64800618-65800618)
Job 47: 365/400
Extracting GTEx gene ZFAND2B (chr2:218695237-219695237)
Job 47: 366/400
Extracting GTEx gene EPHB3 (chr3:184061785-185061785)
Job 47: 367/400
Extracting GTEx gene PMS2 (chr7:5509106-6509106)
Job 47: 368/400
Extracting GTEx gene ARF6 (chr14:49393082-50393082)
Job 47: 369/400
Extracting GTEx gene PYGB (chr20:24748085-25748085)
Job 47: 370/400
Extracting GTEx gene NOXRED1 (chr14:76923517-77923517)
Job 47: 371/400
Extracting GTEx gene RASSF6 (chr4:73120631-74120631)
Job 47: 372/400
Extracting GTEx gene HELZ2 (chr20:63074239-64074239)
Job 47: 373/400
Extracting GTEx gene TMEM151A (chr11:65791894-66791894)
Job 47: 374/400
Extracting GTEx gene SBK1 (chr16:27759246-28759246)
Job 47: 375/400
Extracting GTEx gene SIDT2 (chr11:116678736-117678736)
Job 47: 376/400
Extracting GTEx gene RXRG (chr1:164945355-165945355)
Job 47: 377/400
Extracting GTEx gene DPF3 (chr14:72394116-73394116)
Job 47: 378/400
Extracting GTEx gene SPINK13 (chr5:147768180-148768180)
Job 47: 379/400
Extracting GTEx gene USP47 (chr11:11341423-12341423)
Job 47: 380/400
Extracting GTEx gene AUP1 (chr2:74029760-75029760)
Job 47: 381/400
Extracting GTEx gene ADH1B (chr4:98852760-99852760)
Job 47: 382/400
Extracting GTEx gene NKX6-3 (chr8:41150817-42150817)
Job 47: 383/400
Extracting GTEx gene HKDC1 (chr10:68720332-69720332)
Job 47: 384/400
Extracting GTEx gene HSD17B1 (chr17:42052923-43052923)
Job 47: 385/400
Extracting GTEx gene ATF6B (chr6:31628253-32628253)
Job 47: 386/400
Extracting GTEx gene GCC2 (chr2:107949206-108949206)
Job 47: 387/400
Extracting GTEx gene BAZ2A (chr12:56136816-57136816)
Job 47: 388/400
Extracting GTEx gene KBTBD11 (chr8:1473677-2473677)
Job 47: 389/400
Extracting GTEx gene TBC1D3C (chr17:37568592-38568592)
Job 47: 390/400
Extracting GTEx gene DPY19L4 (chr8:94219703-95219703)
Job 47: 391/400
Extracting GTEx gene PRR20C (chr13:56640918-57640918)
Job 47: 392/400
Extracting GTEx gene FGFBP2 (chr4:15469309-16469309)
Job 47: 393/400
Extracting GTEx gene GDPD3 (chr16:29613537-30613537)
Job 47: 394/400
Extracting GTEx gene TP53TG3D (chr16:31752719-32752719)
Job 47: 395/400
Extracting GTEx gene KIF2A (chr5:61806162-62806162)
Job 47: 396/400
Extracting GTEx gene OR2T10 (chr1:248097700-249097700)
Job 47: 397/400
Extracting GTEx gene WASHC5 (chr8:124591819-125591819)
Job 47: 398/400
Extracting GTEx gene FFAR2 (chr19:34943907-35943907)
Job 47: 399/400
Extracting GTEx gene IMMP2L (chr7:111062517-112062517)
Job 47: 400/400
