Registered S3 methods overwritten by 'susieSlide':
  method              from  
  coef.susie          susieR
  predict.susie       susieR
  print.summary.susie susieR
  summary.susie       susieR
Job 273: 1/400
Job 273: 2/400
Job 273: 3/400
Job 273: 4/400
Job 273: 5/400
Job 273: 6/400
Job 273: 7/400
Job 273: 8/400
Job 273: 9/400
Job 273: 10/400
Job 273: 11/400
Job 273: 12/400
Job 273: 13/400
Job 273: 14/400
Job 273: 15/400
Job 273: 16/400
Job 273: 17/400
Job 273: 18/400
Job 273: 19/400
Job 273: 20/400
Job 273: 21/400
Job 273: 22/400
Job 273: 23/400
Job 273: 24/400
Job 273: 25/400
Job 273: 26/400
Job 273: 27/400
Job 273: 28/400
Job 273: 29/400
Job 273: 30/400
Job 273: 31/400
Job 273: 32/400
Job 273: 33/400
Job 273: 34/400
Job 273: 35/400
Job 273: 36/400
Job 273: 37/400
Job 273: 38/400
Job 273: 39/400
Job 273: 40/400
Job 273: 41/400
Job 273: 42/400
Job 273: 43/400
Job 273: 44/400
Job 273: 45/400
Job 273: 46/400
Job 273: 47/400
Job 273: 48/400
Job 273: 49/400
Job 273: 50/400
Job 273: 51/400
Job 273: 52/400
Job 273: 53/400
Job 273: 54/400
Job 273: 55/400
Job 273: 56/400
Job 273: 57/400
Job 273: 58/400
Job 273: 59/400
Job 273: 60/400
Job 273: 61/400
Job 273: 62/400
Job 273: 63/400
Job 273: 64/400
Job 273: 65/400
Job 273: 66/400
Job 273: 67/400
Job 273: 68/400
Job 273: 69/400
Job 273: 70/400
Job 273: 71/400
Job 273: 72/400
Job 273: 73/400
Job 273: 74/400
Job 273: 75/400
Job 273: 76/400
Job 273: 77/400
Job 273: 78/400
Job 273: 79/400
Job 273: 80/400
Job 273: 81/400
Job 273: 82/400
Job 273: 83/400
Job 273: 84/400
Job 273: 85/400
Job 273: 86/400
Job 273: 87/400
Job 273: 88/400
Job 273: 89/400
Job 273: 90/400
Job 273: 91/400
Job 273: 92/400
Job 273: 93/400
Job 273: 94/400
Job 273: 95/400
Job 273: 96/400
Job 273: 97/400
Job 273: 98/400
Job 273: 99/400
Job 273: 100/400
Job 273: 101/400
Job 273: 102/400
Job 273: 103/400
Job 273: 104/400
Job 273: 105/400
Job 273: 106/400
Job 273: 107/400
Job 273: 108/400
Job 273: 109/400
Job 273: 110/400
Job 273: 111/400
Job 273: 112/400
Job 273: 113/400
Job 273: 114/400
Job 273: 115/400
Job 273: 116/400
Job 273: 117/400
Job 273: 118/400
Job 273: 119/400
Job 273: 120/400
Job 273: 121/400
Job 273: 122/400
Job 273: 123/400
Job 273: 124/400
Job 273: 125/400
Job 273: 126/400
Job 273: 127/400
Job 273: 128/400
Job 273: 129/400
Job 273: 130/400
Job 273: 131/400
Job 273: 132/400
Job 273: 133/400
Job 273: 134/400
Job 273: 135/400
Job 273: 136/400
Job 273: 137/400
Job 273: 138/400
Job 273: 139/400
Job 273: 140/400
Job 273: 141/400
Job 273: 142/400
Job 273: 143/400
Job 273: 144/400
Job 273: 145/400
Job 273: 146/400
Job 273: 147/400
Job 273: 148/400
Job 273: 149/400
Job 273: 150/400
Job 273: 151/400
Job 273: 152/400
Job 273: 153/400
Job 273: 154/400
Job 273: 155/400
Job 273: 156/400
Job 273: 157/400
Job 273: 158/400
Job 273: 159/400
Job 273: 160/400
Job 273: 161/400
Job 273: 162/400
Job 273: 163/400
Job 273: 164/400
Job 273: 165/400
Job 273: 166/400
Job 273: 167/400
Job 273: 168/400
Job 273: 169/400
Job 273: 170/400
Job 273: 171/400
Job 273: 172/400
Job 273: 173/400
Job 273: 174/400
Job 273: 175/400
Job 273: 176/400
Job 273: 177/400
Job 273: 178/400
Job 273: 179/400
Job 273: 180/400
Job 273: 181/400
Job 273: 182/400
Job 273: 183/400
Job 273: 184/400
Job 273: 185/400
Job 273: 186/400
Job 273: 187/400
Job 273: 188/400
Job 273: 189/400
Job 273: 190/400
Job 273: 191/400
Job 273: 192/400
Job 273: 193/400
Job 273: 194/400
Job 273: 195/400
Job 273: 196/400
Job 273: 197/400
Job 273: 198/400
Job 273: 199/400
Job 273: 200/400
Job 273: 201/400
Job 273: 202/400
Job 273: 203/400
Job 273: 204/400
Job 273: 205/400
Job 273: 206/400
Job 273: 207/400
Job 273: 208/400
Job 273: 209/400
Job 273: 210/400
Job 273: 211/400
Job 273: 212/400
Job 273: 213/400
Job 273: 214/400
Job 273: 215/400
Job 273: 216/400
Job 273: 217/400
Job 273: 218/400
Job 273: 219/400
Job 273: 220/400
Job 273: 221/400
Job 273: 222/400
Job 273: 223/400
Job 273: 224/400
Job 273: 225/400
Job 273: 226/400
Job 273: 227/400
Job 273: 228/400
Job 273: 229/400
Job 273: 230/400
Job 273: 231/400
Job 273: 232/400
Job 273: 233/400
Job 273: 234/400
Job 273: 235/400
Job 273: 236/400
Job 273: 237/400
Job 273: 238/400
Job 273: 239/400
Job 273: 240/400
Job 273: 241/400
Job 273: 242/400
Job 273: 243/400
Job 273: 244/400
Job 273: 245/400
Job 273: 246/400
Job 273: 247/400
Job 273: 248/400
Job 273: 249/400
Job 273: 250/400
Job 273: 251/400
Job 273: 252/400
Job 273: 253/400
Job 273: 254/400
Job 273: 255/400
Job 273: 256/400
Job 273: 257/400
Job 273: 258/400
Job 273: 259/400
Job 273: 260/400
Job 273: 261/400
Job 273: 262/400
Job 273: 263/400
Job 273: 264/400
Job 273: 265/400
Job 273: 266/400
Job 273: 267/400
Job 273: 268/400
Job 273: 269/400
Job 273: 270/400
Job 273: 271/400
Job 273: 272/400
Job 273: 273/400
Job 273: 274/400
Job 273: 275/400
Job 273: 276/400
Job 273: 277/400
Job 273: 278/400
Job 273: 279/400
Job 273: 280/400
Job 273: 281/400
Job 273: 282/400
Job 273: 283/400
Job 273: 284/400
Job 273: 285/400
Job 273: 286/400
Job 273: 287/400
Job 273: 288/400
Job 273: 289/400
Job 273: 290/400
Job 273: 291/400
Job 273: 292/400
Job 273: 293/400
Job 273: 294/400
Job 273: 295/400
Job 273: 296/400
Job 273: 297/400
Job 273: 298/400
Job 273: 299/400
Job 273: 300/400
Job 273: 301/400
Job 273: 302/400
Job 273: 303/400
Job 273: 304/400
Job 273: 305/400
Job 273: 306/400
Job 273: 307/400
Job 273: 308/400
Job 273: 309/400
Job 273: 310/400
Job 273: 311/400
Job 273: 312/400
Job 273: 313/400
Job 273: 314/400
Job 273: 315/400
Job 273: 316/400
Job 273: 317/400
Job 273: 318/400
Job 273: 319/400
Job 273: 320/400
Job 273: 321/400
Job 273: 322/400
Job 273: 323/400
Job 273: 324/400
Job 273: 325/400
Job 273: 326/400
Job 273: 327/400
Job 273: 328/400
Job 273: 329/400
Job 273: 330/400
Job 273: 331/400
Job 273: 332/400
Job 273: 333/400
Job 273: 334/400
Job 273: 335/400
Job 273: 336/400
Job 273: 337/400
Job 273: 338/400
Job 273: 339/400
Job 273: 340/400
Job 273: 341/400
Job 273: 342/400
Job 273: 343/400
Job 273: 344/400
Job 273: 345/400
Job 273: 346/400
Job 273: 347/400
Job 273: 348/400
Job 273: 349/400
Job 273: 350/400
Job 273: 351/400
Job 273: 352/400
Job 273: 353/400
Job 273: 354/400
Job 273: 355/400
Job 273: 356/400
Job 273: 357/400
Job 273: 358/400
Job 273: 359/400
Job 273: 360/400
Job 273: 361/400
Job 273: 362/400
Job 273: 363/400
Job 273: 364/400
Job 273: 365/400
Job 273: 366/400
Job 273: 367/400
Job 273: 368/400
Job 273: 369/400
Job 273: 370/400
Job 273: 371/400
Job 273: 372/400
Job 273: 373/400
Job 273: 374/400
Job 273: 375/400
Job 273: 376/400
Job 273: 377/400
Job 273: 378/400
Job 273: 379/400
Job 273: 380/400
Job 273: 381/400
Job 273: 382/400
Job 273: 383/400
Job 273: 384/400
Job 273: 385/400
Job 273: 386/400
Job 273: 387/400
Job 273: 388/400
Job 273: 389/400
Job 273: 390/400
Job 273: 391/400
Job 273: 392/400
Job 273: 393/400
Job 273: 394/400
Job 273: 395/400
Job 273: 396/400
Job 273: 397/400
Job 273: 398/400
Job 273: 399/400
Job 273: 400/400
