Registered S3 methods overwritten by 'susieSlide':
  method              from  
  coef.susie          susieR
  predict.susie       susieR
  print.summary.susie susieR
  summary.susie       susieR
Job 706: 1/400
Job 706: 2/400
Job 706: 3/400
Job 706: 4/400
Job 706: 5/400
Job 706: 6/400
Job 706: 7/400
Job 706: 8/400
Job 706: 9/400
Job 706: 10/400
Job 706: 11/400
Job 706: 12/400
Job 706: 13/400
Job 706: 14/400
Job 706: 15/400
Job 706: 16/400
Job 706: 17/400
Job 706: 18/400
Job 706: 19/400
Job 706: 20/400
Job 706: 21/400
Job 706: 22/400
Job 706: 23/400
Job 706: 24/400
Job 706: 25/400
Job 706: 26/400
Job 706: 27/400
Job 706: 28/400
Job 706: 29/400
Job 706: 30/400
Job 706: 31/400
Job 706: 32/400
Job 706: 33/400
Job 706: 34/400
Job 706: 35/400
Job 706: 36/400 ERROR: No .raw files found in temp_dir.
Job 706: 37/400 ERROR: No .raw files found in temp_dir.
Job 706: 38/400 ERROR: No .raw files found in temp_dir.
Job 706: 39/400 ERROR: No .raw files found in temp_dir.
Job 706: 40/400 ERROR: No .raw files found in temp_dir.
Job 706: 41/400 ERROR: No .raw files found in temp_dir.
Job 706: 42/400 ERROR: No .raw files found in temp_dir.
Job 706: 43/400 ERROR: No .raw files found in temp_dir.
Job 706: 44/400 ERROR: No .raw files found in temp_dir.
Job 706: 45/400 ERROR: No .raw files found in temp_dir.
Job 706: 46/400 ERROR: No .raw files found in temp_dir.
Job 706: 47/400 ERROR: No .raw files found in temp_dir.
Job 706: 48/400 ERROR: No .raw files found in temp_dir.
Job 706: 49/400 ERROR: No .raw files found in temp_dir.
Job 706: 50/400 ERROR: No .raw files found in temp_dir.
Job 706: 51/400 ERROR: No .raw files found in temp_dir.
Job 706: 52/400 ERROR: No .raw files found in temp_dir.
Job 706: 53/400 ERROR: No .raw files found in temp_dir.
Job 706: 54/400 ERROR: No .raw files found in temp_dir.
Job 706: 55/400 ERROR: No .raw files found in temp_dir.
Job 706: 56/400 ERROR: No .raw files found in temp_dir.
Job 706: 57/400 ERROR: No .raw files found in temp_dir.
Job 706: 58/400 ERROR: No .raw files found in temp_dir.
Job 706: 59/400 ERROR: No .raw files found in temp_dir.
Job 706: 60/400 ERROR: No .raw files found in temp_dir.
Job 706: 61/400 ERROR: No .raw files found in temp_dir.
Job 706: 62/400 ERROR: No .raw files found in temp_dir.
Job 706: 63/400 ERROR: No .raw files found in temp_dir.
Job 706: 64/400 ERROR: No .raw files found in temp_dir.
Job 706: 65/400 ERROR: No .raw files found in temp_dir.
Job 706: 66/400 ERROR: No .raw files found in temp_dir.
Job 706: 67/400 ERROR: No .raw files found in temp_dir.
Job 706: 68/400 ERROR: No .raw files found in temp_dir.
Job 706: 69/400 ERROR: No .raw files found in temp_dir.
Job 706: 70/400 ERROR: No .raw files found in temp_dir.
Job 706: 71/400 ERROR: No .raw files found in temp_dir.
Job 706: 72/400 ERROR: No .raw files found in temp_dir.
Job 706: 73/400 ERROR: No .raw files found in temp_dir.
Job 706: 74/400 ERROR: No .raw files found in temp_dir.
Job 706: 75/400 ERROR: No .raw files found in temp_dir.
Job 706: 76/400 ERROR: No .raw files found in temp_dir.
Job 706: 77/400 ERROR: No .raw files found in temp_dir.
Job 706: 78/400 ERROR: No .raw files found in temp_dir.
Job 706: 79/400 ERROR: No .raw files found in temp_dir.
Job 706: 80/400 ERROR: No .raw files found in temp_dir.
Job 706: 81/400 ERROR: No .raw files found in temp_dir.
Job 706: 82/400 ERROR: No .raw files found in temp_dir.
Job 706: 83/400 ERROR: No .raw files found in temp_dir.
Job 706: 84/400 ERROR: No .raw files found in temp_dir.
Job 706: 85/400 ERROR: No .raw files found in temp_dir.
Job 706: 86/400 ERROR: No .raw files found in temp_dir.
Job 706: 87/400 ERROR: No .raw files found in temp_dir.
Job 706: 88/400 ERROR: No .raw files found in temp_dir.
Job 706: 89/400 ERROR: No .raw files found in temp_dir.
Job 706: 90/400 ERROR: No .raw files found in temp_dir.
Job 706: 91/400 ERROR: No .raw files found in temp_dir.
Job 706: 92/400 ERROR: No .raw files found in temp_dir.
Job 706: 93/400 ERROR: No .raw files found in temp_dir.
Job 706: 94/400 ERROR: No .raw files found in temp_dir.
Job 706: 95/400 ERROR: No .raw files found in temp_dir.
Job 706: 96/400 ERROR: No .raw files found in temp_dir.
Job 706: 97/400 ERROR: No .raw files found in temp_dir.
Job 706: 98/400 ERROR: No .raw files found in temp_dir.
Job 706: 99/400 ERROR: No .raw files found in temp_dir.
Job 706: 100/400 ERROR: No .raw files found in temp_dir.
Job 706: 101/400 ERROR: No .raw files found in temp_dir.
Job 706: 102/400 ERROR: No .raw files found in temp_dir.
Job 706: 103/400 ERROR: No .raw files found in temp_dir.
Job 706: 104/400 ERROR: No .raw files found in temp_dir.
Job 706: 105/400 ERROR: No .raw files found in temp_dir.
Job 706: 106/400 ERROR: No .raw files found in temp_dir.
Job 706: 107/400 ERROR: No .raw files found in temp_dir.
Job 706: 108/400 ERROR: No .raw files found in temp_dir.
Job 706: 109/400 ERROR: No .raw files found in temp_dir.
Job 706: 110/400 ERROR: No .raw files found in temp_dir.
Job 706: 111/400 ERROR: No .raw files found in temp_dir.
Job 706: 112/400 ERROR: No .raw files found in temp_dir.
Job 706: 113/400 ERROR: No .raw files found in temp_dir.
Job 706: 114/400 ERROR: No .raw files found in temp_dir.
Job 706: 115/400 ERROR: No .raw files found in temp_dir.
Job 706: 116/400 ERROR: No .raw files found in temp_dir.
Job 706: 117/400 ERROR: No .raw files found in temp_dir.
Job 706: 118/400 ERROR: No .raw files found in temp_dir.
Job 706: 119/400 ERROR: No .raw files found in temp_dir.
Job 706: 120/400 ERROR: No .raw files found in temp_dir.
Job 706: 121/400 ERROR: No .raw files found in temp_dir.
Job 706: 122/400 ERROR: No .raw files found in temp_dir.
Job 706: 123/400 ERROR: No .raw files found in temp_dir.
Job 706: 124/400 ERROR: No .raw files found in temp_dir.
Job 706: 125/400 ERROR: No .raw files found in temp_dir.
Job 706: 126/400 ERROR: No .raw files found in temp_dir.
Job 706: 127/400 ERROR: No .raw files found in temp_dir.
Job 706: 128/400 ERROR: No .raw files found in temp_dir.
Job 706: 129/400 ERROR: No .raw files found in temp_dir.
Job 706: 130/400 ERROR: No .raw files found in temp_dir.
Job 706: 131/400 ERROR: No .raw files found in temp_dir.
Job 706: 132/400 ERROR: No .raw files found in temp_dir.
Job 706: 133/400 ERROR: No .raw files found in temp_dir.
Job 706: 134/400 ERROR: No .raw files found in temp_dir.
Job 706: 135/400 ERROR: No .raw files found in temp_dir.
Job 706: 136/400 ERROR: No .raw files found in temp_dir.
Job 706: 137/400 ERROR: No .raw files found in temp_dir.
Job 706: 138/400 ERROR: No .raw files found in temp_dir.
Job 706: 139/400 ERROR: No .raw files found in temp_dir.
Job 706: 140/400 ERROR: No .raw files found in temp_dir.
Job 706: 141/400 ERROR: No .raw files found in temp_dir.
Job 706: 142/400 ERROR: No .raw files found in temp_dir.
Job 706: 143/400 ERROR: No .raw files found in temp_dir.
Job 706: 144/400 ERROR: No .raw files found in temp_dir.
Job 706: 145/400 ERROR: No .raw files found in temp_dir.
Job 706: 146/400 ERROR: No .raw files found in temp_dir.
Job 706: 147/400 ERROR: No .raw files found in temp_dir.
Job 706: 148/400 ERROR: No .raw files found in temp_dir.
Job 706: 149/400 ERROR: No .raw files found in temp_dir.
Job 706: 150/400 ERROR: No .raw files found in temp_dir.
Job 706: 151/400 ERROR: No .raw files found in temp_dir.
Job 706: 152/400 ERROR: No .raw files found in temp_dir.
Job 706: 153/400 ERROR: No .raw files found in temp_dir.
Job 706: 154/400 ERROR: No .raw files found in temp_dir.
Job 706: 155/400 ERROR: No .raw files found in temp_dir.
Job 706: 156/400 ERROR: No .raw files found in temp_dir.
Job 706: 157/400 ERROR: No .raw files found in temp_dir.
Job 706: 158/400 ERROR: No .raw files found in temp_dir.
Job 706: 159/400 ERROR: No .raw files found in temp_dir.
Job 706: 160/400 ERROR: No .raw files found in temp_dir.
Job 706: 161/400 ERROR: No .raw files found in temp_dir.
Job 706: 162/400 ERROR: No .raw files found in temp_dir.
Job 706: 163/400 ERROR: No .raw files found in temp_dir.
Job 706: 164/400 ERROR: No .raw files found in temp_dir.
Job 706: 165/400 ERROR: No .raw files found in temp_dir.
Job 706: 166/400 ERROR: No .raw files found in temp_dir.
Job 706: 167/400 ERROR: No .raw files found in temp_dir.
Job 706: 168/400 ERROR: No .raw files found in temp_dir.
Job 706: 169/400 ERROR: No .raw files found in temp_dir.
Job 706: 170/400 ERROR: No .raw files found in temp_dir.
Job 706: 171/400 ERROR: No .raw files found in temp_dir.
Job 706: 172/400 ERROR: No .raw files found in temp_dir.
Job 706: 173/400 ERROR: No .raw files found in temp_dir.
Job 706: 174/400 ERROR: No .raw files found in temp_dir.
Job 706: 175/400 ERROR: No .raw files found in temp_dir.
Job 706: 176/400 ERROR: No .raw files found in temp_dir.
Job 706: 177/400 ERROR: No .raw files found in temp_dir.
Job 706: 178/400 ERROR: No .raw files found in temp_dir.
Job 706: 179/400 ERROR: No .raw files found in temp_dir.
Job 706: 180/400 ERROR: No .raw files found in temp_dir.
Job 706: 181/400 ERROR: No .raw files found in temp_dir.
Job 706: 182/400 ERROR: No .raw files found in temp_dir.
Job 706: 183/400 ERROR: No .raw files found in temp_dir.
Job 706: 184/400 ERROR: No .raw files found in temp_dir.
Job 706: 185/400 ERROR: No .raw files found in temp_dir.
Job 706: 186/400 ERROR: No .raw files found in temp_dir.
Job 706: 187/400 ERROR: No .raw files found in temp_dir.
Job 706: 188/400 ERROR: No .raw files found in temp_dir.
Job 706: 189/400 ERROR: No .raw files found in temp_dir.
Job 706: 190/400 ERROR: No .raw files found in temp_dir.
Job 706: 191/400 ERROR: No .raw files found in temp_dir.
Job 706: 192/400 ERROR: No .raw files found in temp_dir.
Job 706: 193/400 ERROR: No .raw files found in temp_dir.
Job 706: 194/400 ERROR: No .raw files found in temp_dir.
Job 706: 195/400 ERROR: No .raw files found in temp_dir.
Job 706: 196/400 ERROR: No .raw files found in temp_dir.
Job 706: 197/400 ERROR: No .raw files found in temp_dir.
Job 706: 198/400 ERROR: No .raw files found in temp_dir.
Job 706: 199/400 ERROR: No .raw files found in temp_dir.
Job 706: 200/400 ERROR: No .raw files found in temp_dir.
Job 706: 201/400 ERROR: No .raw files found in temp_dir.
Job 706: 202/400 ERROR: No .raw files found in temp_dir.
Job 706: 203/400 ERROR: No .raw files found in temp_dir.
Job 706: 204/400 ERROR: No .raw files found in temp_dir.
Job 706: 205/400 ERROR: No .raw files found in temp_dir.
Job 706: 206/400 ERROR: No .raw files found in temp_dir.
Job 706: 207/400 ERROR: No .raw files found in temp_dir.
Job 706: 208/400 ERROR: No .raw files found in temp_dir.
Job 706: 209/400 ERROR: No .raw files found in temp_dir.
Job 706: 210/400 ERROR: No .raw files found in temp_dir.
Job 706: 211/400 ERROR: No .raw files found in temp_dir.
Job 706: 212/400 ERROR: No .raw files found in temp_dir.
Job 706: 213/400 ERROR: No .raw files found in temp_dir.
Job 706: 214/400 ERROR: No .raw files found in temp_dir.
Job 706: 215/400 ERROR: No .raw files found in temp_dir.
Job 706: 216/400 ERROR: No .raw files found in temp_dir.
Job 706: 217/400 ERROR: No .raw files found in temp_dir.
Job 706: 218/400 ERROR: No .raw files found in temp_dir.
Job 706: 219/400 ERROR: No .raw files found in temp_dir.
Job 706: 220/400 ERROR: No .raw files found in temp_dir.
Job 706: 221/400 ERROR: No .raw files found in temp_dir.
Job 706: 222/400 ERROR: No .raw files found in temp_dir.
Job 706: 223/400 ERROR: No .raw files found in temp_dir.
Job 706: 224/400 ERROR: No .raw files found in temp_dir.
Job 706: 225/400 ERROR: No .raw files found in temp_dir.
Job 706: 226/400 ERROR: No .raw files found in temp_dir.
Job 706: 227/400 ERROR: No .raw files found in temp_dir.
Job 706: 228/400 ERROR: No .raw files found in temp_dir.
Job 706: 229/400 ERROR: No .raw files found in temp_dir.
Job 706: 230/400 ERROR: No .raw files found in temp_dir.
Job 706: 231/400 ERROR: No .raw files found in temp_dir.
Job 706: 232/400 ERROR: No .raw files found in temp_dir.
Job 706: 233/400 ERROR: No .raw files found in temp_dir.
Job 706: 234/400 ERROR: No .raw files found in temp_dir.
Job 706: 235/400 ERROR: No .raw files found in temp_dir.
Job 706: 236/400 ERROR: No .raw files found in temp_dir.
Job 706: 237/400 ERROR: No .raw files found in temp_dir.
Job 706: 238/400 ERROR: No .raw files found in temp_dir.
Job 706: 239/400 ERROR: No .raw files found in temp_dir.
Job 706: 240/400 ERROR: No .raw files found in temp_dir.
Job 706: 241/400 ERROR: No .raw files found in temp_dir.
Job 706: 242/400 ERROR: No .raw files found in temp_dir.
Job 706: 243/400 ERROR: No .raw files found in temp_dir.
Job 706: 244/400 ERROR: No .raw files found in temp_dir.
Job 706: 245/400 ERROR: No .raw files found in temp_dir.
Job 706: 246/400 ERROR: No .raw files found in temp_dir.
Job 706: 247/400 ERROR: No .raw files found in temp_dir.
Job 706: 248/400 ERROR: No .raw files found in temp_dir.
Job 706: 249/400 ERROR: No .raw files found in temp_dir.
Job 706: 250/400 ERROR: No .raw files found in temp_dir.
Job 706: 251/400 ERROR: No .raw files found in temp_dir.
Job 706: 252/400 ERROR: No .raw files found in temp_dir.
Job 706: 253/400 ERROR: No .raw files found in temp_dir.
Job 706: 254/400 ERROR: No .raw files found in temp_dir.
Job 706: 255/400 ERROR: No .raw files found in temp_dir.
Job 706: 256/400 ERROR: No .raw files found in temp_dir.
Job 706: 257/400 ERROR: No .raw files found in temp_dir.
Job 706: 258/400 ERROR: No .raw files found in temp_dir.
Job 706: 259/400 ERROR: No .raw files found in temp_dir.
Job 706: 260/400 ERROR: No .raw files found in temp_dir.
Job 706: 261/400 ERROR: No .raw files found in temp_dir.
Job 706: 262/400 ERROR: No .raw files found in temp_dir.
Job 706: 263/400 ERROR: No .raw files found in temp_dir.
Job 706: 264/400 ERROR: No .raw files found in temp_dir.
Job 706: 265/400 ERROR: No .raw files found in temp_dir.
Job 706: 266/400 ERROR: No .raw files found in temp_dir.
Job 706: 267/400 ERROR: No .raw files found in temp_dir.
Job 706: 268/400 ERROR: No .raw files found in temp_dir.
Job 706: 269/400 ERROR: No .raw files found in temp_dir.
Job 706: 270/400 ERROR: No .raw files found in temp_dir.
Job 706: 271/400 ERROR: No .raw files found in temp_dir.
Job 706: 272/400 ERROR: No .raw files found in temp_dir.
Job 706: 273/400 ERROR: No .raw files found in temp_dir.
Job 706: 274/400 ERROR: No .raw files found in temp_dir.
Job 706: 275/400 ERROR: No .raw files found in temp_dir.
Job 706: 276/400 ERROR: No .raw files found in temp_dir.
Job 706: 277/400 ERROR: No .raw files found in temp_dir.
Job 706: 278/400 ERROR: No .raw files found in temp_dir.
Job 706: 279/400 ERROR: No .raw files found in temp_dir.
Job 706: 280/400 ERROR: No .raw files found in temp_dir.
Job 706: 281/400 ERROR: No .raw files found in temp_dir.
Job 706: 282/400 ERROR: No .raw files found in temp_dir.
Job 706: 283/400 ERROR: No .raw files found in temp_dir.
Job 706: 284/400 ERROR: No .raw files found in temp_dir.
Job 706: 285/400 ERROR: No .raw files found in temp_dir.
Job 706: 286/400 ERROR: No .raw files found in temp_dir.
Job 706: 287/400 ERROR: No .raw files found in temp_dir.
Job 706: 288/400 ERROR: No .raw files found in temp_dir.
Job 706: 289/400 ERROR: No .raw files found in temp_dir.
Job 706: 290/400 ERROR: No .raw files found in temp_dir.
Job 706: 291/400 ERROR: No .raw files found in temp_dir.
Job 706: 292/400 ERROR: No .raw files found in temp_dir.
Job 706: 293/400 ERROR: No .raw files found in temp_dir.
Job 706: 294/400 ERROR: No .raw files found in temp_dir.
Job 706: 295/400 ERROR: No .raw files found in temp_dir.
Job 706: 296/400 ERROR: No .raw files found in temp_dir.
Job 706: 297/400 ERROR: No .raw files found in temp_dir.
Job 706: 298/400 ERROR: No .raw files found in temp_dir.
Job 706: 299/400 ERROR: No .raw files found in temp_dir.
Job 706: 300/400 ERROR: No .raw files found in temp_dir.
Job 706: 301/400 ERROR: No .raw files found in temp_dir.
Job 706: 302/400 ERROR: No .raw files found in temp_dir.
Job 706: 303/400 ERROR: No .raw files found in temp_dir.
Job 706: 304/400 ERROR: No .raw files found in temp_dir.
Job 706: 305/400 ERROR: No .raw files found in temp_dir.
Job 706: 306/400 ERROR: No .raw files found in temp_dir.
Job 706: 307/400 ERROR: No .raw files found in temp_dir.
Job 706: 308/400 ERROR: No .raw files found in temp_dir.
Job 706: 309/400 ERROR: No .raw files found in temp_dir.
Job 706: 310/400 ERROR: No .raw files found in temp_dir.
Job 706: 311/400 ERROR: No .raw files found in temp_dir.
Job 706: 312/400 ERROR: No .raw files found in temp_dir.
Job 706: 313/400 ERROR: No .raw files found in temp_dir.
Job 706: 314/400 ERROR: No .raw files found in temp_dir.
Job 706: 315/400 ERROR: No .raw files found in temp_dir.
Job 706: 316/400 ERROR: No .raw files found in temp_dir.
Job 706: 317/400 ERROR: No .raw files found in temp_dir.
Job 706: 318/400 ERROR: No .raw files found in temp_dir.
Job 706: 319/400 ERROR: No .raw files found in temp_dir.
Job 706: 320/400 ERROR: No .raw files found in temp_dir.
Job 706: 321/400 ERROR: No .raw files found in temp_dir.
Job 706: 322/400 ERROR: No .raw files found in temp_dir.
Job 706: 323/400 ERROR: No .raw files found in temp_dir.
Job 706: 324/400 ERROR: No .raw files found in temp_dir.
Job 706: 325/400 ERROR: No .raw files found in temp_dir.
Job 706: 326/400 ERROR: No .raw files found in temp_dir.
Job 706: 327/400 ERROR: No .raw files found in temp_dir.
Job 706: 328/400 ERROR: No .raw files found in temp_dir.
Job 706: 329/400 ERROR: No .raw files found in temp_dir.
Job 706: 330/400 ERROR: No .raw files found in temp_dir.
Job 706: 331/400 ERROR: No .raw files found in temp_dir.
Job 706: 332/400 ERROR: No .raw files found in temp_dir.
Job 706: 333/400 ERROR: No .raw files found in temp_dir.
Job 706: 334/400 ERROR: No .raw files found in temp_dir.
Job 706: 335/400 ERROR: No .raw files found in temp_dir.
Job 706: 336/400 ERROR: No .raw files found in temp_dir.
Job 706: 337/400 ERROR: No .raw files found in temp_dir.
Job 706: 338/400 ERROR: No .raw files found in temp_dir.
Job 706: 339/400 ERROR: No .raw files found in temp_dir.
Job 706: 340/400 ERROR: No .raw files found in temp_dir.
Job 706: 341/400 ERROR: No .raw files found in temp_dir.
Job 706: 342/400 ERROR: No .raw files found in temp_dir.
Job 706: 343/400 ERROR: No .raw files found in temp_dir.
Job 706: 344/400 ERROR: No .raw files found in temp_dir.
Job 706: 345/400 ERROR: No .raw files found in temp_dir.
Job 706: 346/400 ERROR: No .raw files found in temp_dir.
Job 706: 347/400 ERROR: No .raw files found in temp_dir.
Job 706: 348/400 ERROR: No .raw files found in temp_dir.
Job 706: 349/400 ERROR: No .raw files found in temp_dir.
Job 706: 350/400 ERROR: No .raw files found in temp_dir.
Job 706: 351/400 ERROR: No .raw files found in temp_dir.
Job 706: 352/400 ERROR: No .raw files found in temp_dir.
Job 706: 353/400 ERROR: No .raw files found in temp_dir.
Job 706: 354/400 ERROR: No .raw files found in temp_dir.
Job 706: 355/400 ERROR: No .raw files found in temp_dir.
Job 706: 356/400 ERROR: No .raw files found in temp_dir.
Job 706: 357/400 ERROR: No .raw files found in temp_dir.
Job 706: 358/400 ERROR: No .raw files found in temp_dir.
Job 706: 359/400 ERROR: No .raw files found in temp_dir.
Job 706: 360/400 ERROR: No .raw files found in temp_dir.
Job 706: 361/400 ERROR: No .raw files found in temp_dir.
Job 706: 362/400 ERROR: No .raw files found in temp_dir.
Job 706: 363/400 ERROR: No .raw files found in temp_dir.
Job 706: 364/400 ERROR: No .raw files found in temp_dir.
Job 706: 365/400 ERROR: No .raw files found in temp_dir.
Job 706: 366/400 ERROR: No .raw files found in temp_dir.
Job 706: 367/400 ERROR: No .raw files found in temp_dir.
Job 706: 368/400 ERROR: No .raw files found in temp_dir.
Job 706: 369/400 ERROR: No .raw files found in temp_dir.
Job 706: 370/400 ERROR: No .raw files found in temp_dir.
Job 706: 371/400 ERROR: No .raw files found in temp_dir.
Job 706: 372/400 ERROR: No .raw files found in temp_dir.
Job 706: 373/400 ERROR: No .raw files found in temp_dir.
Job 706: 374/400 ERROR: No .raw files found in temp_dir.
Job 706: 375/400 ERROR: No .raw files found in temp_dir.
Job 706: 376/400 ERROR: No .raw files found in temp_dir.
Job 706: 377/400 ERROR: No .raw files found in temp_dir.
Job 706: 378/400 ERROR: No .raw files found in temp_dir.
Job 706: 379/400 ERROR: No .raw files found in temp_dir.
Job 706: 380/400 ERROR: No .raw files found in temp_dir.
Job 706: 381/400 ERROR: No .raw files found in temp_dir.
Job 706: 382/400 ERROR: No .raw files found in temp_dir.
Job 706: 383/400 ERROR: No .raw files found in temp_dir.
Job 706: 384/400 ERROR: No .raw files found in temp_dir.
Job 706: 385/400 ERROR: No .raw files found in temp_dir.
Job 706: 386/400 ERROR: No .raw files found in temp_dir.
Job 706: 387/400 ERROR: No .raw files found in temp_dir.
Job 706: 388/400 ERROR: No .raw files found in temp_dir.
Job 706: 389/400 ERROR: No .raw files found in temp_dir.
Job 706: 390/400 ERROR: No .raw files found in temp_dir.
Job 706: 391/400 ERROR: No .raw files found in temp_dir.
Job 706: 392/400 ERROR: No .raw files found in temp_dir.
Job 706: 393/400 ERROR: No .raw files found in temp_dir.
Job 706: 394/400 ERROR: No .raw files found in temp_dir.
Job 706: 395/400 ERROR: No .raw files found in temp_dir.
Job 706: 396/400 ERROR: No .raw files found in temp_dir.
Job 706: 397/400 ERROR: No .raw files found in temp_dir.
Job 706: 398/400 ERROR: No .raw files found in temp_dir.
Job 706: 399/400 ERROR: No .raw files found in temp_dir.
Job 706: 400/400 ERROR: No .raw files found in temp_dir.
