Registered S3 methods overwritten by 'susieSlide':
  method              from  
  coef.susie          susieR
  predict.susie       susieR
  print.summary.susie susieR
  summary.susie       susieR
Job 621: 1/400
Job 621: 2/400
Job 621: 3/400
Job 621: 4/400
Job 621: 5/400
Job 621: 6/400
Job 621: 7/400
Job 621: 8/400
Job 621: 9/400
Job 621: 10/400
Job 621: 11/400
Job 621: 12/400
Job 621: 13/400
Job 621: 14/400
Job 621: 15/400
Job 621: 16/400
Job 621: 17/400
Job 621: 18/400
Job 621: 19/400
Job 621: 20/400
Job 621: 21/400
Job 621: 22/400
Job 621: 23/400
Job 621: 24/400 ERROR: No .raw files found in temp_dir.
Job 621: 25/400 ERROR: No .raw files found in temp_dir.
Job 621: 26/400 ERROR: No .raw files found in temp_dir.
Job 621: 27/400 ERROR: No .raw files found in temp_dir.
Job 621: 28/400 ERROR: No .raw files found in temp_dir.
Job 621: 29/400 ERROR: No .raw files found in temp_dir.
Job 621: 30/400 ERROR: No .raw files found in temp_dir.
Job 621: 31/400 ERROR: No .raw files found in temp_dir.
Job 621: 32/400 ERROR: No .raw files found in temp_dir.
Job 621: 33/400 ERROR: No .raw files found in temp_dir.
Job 621: 34/400 ERROR: No .raw files found in temp_dir.
Job 621: 35/400 ERROR: No .raw files found in temp_dir.
Job 621: 36/400 ERROR: No .raw files found in temp_dir.
Job 621: 37/400 ERROR: No .raw files found in temp_dir.
Job 621: 38/400 ERROR: No .raw files found in temp_dir.
Job 621: 39/400 ERROR: No .raw files found in temp_dir.
Job 621: 40/400 ERROR: No .raw files found in temp_dir.
Job 621: 41/400 ERROR: No .raw files found in temp_dir.
Job 621: 42/400 ERROR: No .raw files found in temp_dir.
Job 621: 43/400 ERROR: No .raw files found in temp_dir.
Job 621: 44/400 ERROR: No .raw files found in temp_dir.
Job 621: 45/400 ERROR: No .raw files found in temp_dir.
Job 621: 46/400 ERROR: No .raw files found in temp_dir.
Job 621: 47/400 ERROR: No .raw files found in temp_dir.
Job 621: 48/400 ERROR: No .raw files found in temp_dir.
Job 621: 49/400 ERROR: No .raw files found in temp_dir.
Job 621: 50/400 ERROR: No .raw files found in temp_dir.
Job 621: 51/400 ERROR: No .raw files found in temp_dir.
Job 621: 52/400 ERROR: No .raw files found in temp_dir.
Job 621: 53/400 ERROR: No .raw files found in temp_dir.
Job 621: 54/400 ERROR: No .raw files found in temp_dir.
Job 621: 55/400 ERROR: No .raw files found in temp_dir.
Job 621: 56/400 ERROR: No .raw files found in temp_dir.
Job 621: 57/400 ERROR: No .raw files found in temp_dir.
Job 621: 58/400 ERROR: No .raw files found in temp_dir.
Job 621: 59/400 ERROR: No .raw files found in temp_dir.
Job 621: 60/400 ERROR: No .raw files found in temp_dir.
Job 621: 61/400 ERROR: No .raw files found in temp_dir.
Job 621: 62/400 ERROR: No .raw files found in temp_dir.
Job 621: 63/400 ERROR: No .raw files found in temp_dir.
Job 621: 64/400 ERROR: No .raw files found in temp_dir.
Job 621: 65/400 ERROR: No .raw files found in temp_dir.
Job 621: 66/400 ERROR: No .raw files found in temp_dir.
Job 621: 67/400 ERROR: No .raw files found in temp_dir.
Job 621: 68/400 ERROR: No .raw files found in temp_dir.
Job 621: 69/400 ERROR: No .raw files found in temp_dir.
Job 621: 70/400 ERROR: No .raw files found in temp_dir.
Job 621: 71/400 ERROR: No .raw files found in temp_dir.
Job 621: 72/400 ERROR: No .raw files found in temp_dir.
Job 621: 73/400 ERROR: No .raw files found in temp_dir.
Job 621: 74/400 ERROR: No .raw files found in temp_dir.
Job 621: 75/400 ERROR: No .raw files found in temp_dir.
Job 621: 76/400 ERROR: No .raw files found in temp_dir.
Job 621: 77/400 ERROR: No .raw files found in temp_dir.
Job 621: 78/400 ERROR: No .raw files found in temp_dir.
Job 621: 79/400 ERROR: No .raw files found in temp_dir.
Job 621: 80/400 ERROR: No .raw files found in temp_dir.
Job 621: 81/400 ERROR: No .raw files found in temp_dir.
Job 621: 82/400 ERROR: No .raw files found in temp_dir.
Job 621: 83/400 ERROR: No .raw files found in temp_dir.
Job 621: 84/400 ERROR: No .raw files found in temp_dir.
Job 621: 85/400 ERROR: No .raw files found in temp_dir.
Job 621: 86/400 ERROR: No .raw files found in temp_dir.
Job 621: 87/400 ERROR: No .raw files found in temp_dir.
Job 621: 88/400 ERROR: No .raw files found in temp_dir.
Job 621: 89/400 ERROR: No .raw files found in temp_dir.
Job 621: 90/400 ERROR: No .raw files found in temp_dir.
Job 621: 91/400 ERROR: No .raw files found in temp_dir.
Job 621: 92/400 ERROR: No .raw files found in temp_dir.
Job 621: 93/400 ERROR: No .raw files found in temp_dir.
Job 621: 94/400 ERROR: No .raw files found in temp_dir.
Job 621: 95/400 ERROR: No .raw files found in temp_dir.
Job 621: 96/400 ERROR: No .raw files found in temp_dir.
Job 621: 97/400 ERROR: No .raw files found in temp_dir.
Job 621: 98/400 ERROR: No .raw files found in temp_dir.
Job 621: 99/400 ERROR: No .raw files found in temp_dir.
Job 621: 100/400 ERROR: Not enough donors for the requested n.
Job 621: 101/400
Job 621: 102/400
Job 621: 103/400
Job 621: 104/400
Job 621: 105/400
Job 621: 106/400
Job 621: 107/400
Job 621: 108/400
Job 621: 109/400
Job 621: 110/400
Job 621: 111/400
Job 621: 112/400
Job 621: 113/400
Job 621: 114/400
Job 621: 115/400
Job 621: 116/400
Job 621: 117/400
Job 621: 118/400
Job 621: 119/400
Job 621: 120/400
Job 621: 121/400
Job 621: 122/400
Job 621: 123/400
Job 621: 124/400
Job 621: 125/400
Job 621: 126/400
Job 621: 127/400
Job 621: 128/400
Job 621: 129/400
Job 621: 130/400 ERROR: No .raw files found in temp_dir.
Job 621: 131/400 ERROR: No .raw files found in temp_dir.
Job 621: 132/400 ERROR: No .raw files found in temp_dir.
Job 621: 133/400 ERROR: No .raw files found in temp_dir.
Job 621: 134/400 ERROR: No .raw files found in temp_dir.
Job 621: 135/400 ERROR: No .raw files found in temp_dir.
Job 621: 136/400 ERROR: No .raw files found in temp_dir.
Job 621: 137/400 ERROR: No .raw files found in temp_dir.
Job 621: 138/400 ERROR: No .raw files found in temp_dir.
Job 621: 139/400 ERROR: No .raw files found in temp_dir.
Job 621: 140/400 ERROR: No .raw files found in temp_dir.
Job 621: 141/400 ERROR: No .raw files found in temp_dir.
Job 621: 142/400 ERROR: No .raw files found in temp_dir.
Job 621: 143/400 ERROR: No .raw files found in temp_dir.
Job 621: 144/400 ERROR: No .raw files found in temp_dir.
Job 621: 145/400 ERROR: No .raw files found in temp_dir.
Job 621: 146/400 ERROR: No .raw files found in temp_dir.
Job 621: 147/400 ERROR: No .raw files found in temp_dir.
Job 621: 148/400 ERROR: No .raw files found in temp_dir.
Job 621: 149/400 ERROR: No .raw files found in temp_dir.
Job 621: 150/400 ERROR: No .raw files found in temp_dir.
Job 621: 151/400 ERROR: No .raw files found in temp_dir.
Job 621: 152/400 ERROR: No .raw files found in temp_dir.
Job 621: 153/400 ERROR: No .raw files found in temp_dir.
Job 621: 154/400 ERROR: No .raw files found in temp_dir.
Job 621: 155/400 ERROR: No .raw files found in temp_dir.
Job 621: 156/400 ERROR: No .raw files found in temp_dir.
Job 621: 157/400 ERROR: No .raw files found in temp_dir.
Job 621: 158/400 ERROR: No .raw files found in temp_dir.
Job 621: 159/400 ERROR: No .raw files found in temp_dir.
Job 621: 160/400 ERROR: No .raw files found in temp_dir.
Job 621: 161/400 ERROR: No .raw files found in temp_dir.
Job 621: 162/400 ERROR: No .raw files found in temp_dir.
Job 621: 163/400 ERROR: No .raw files found in temp_dir.
Job 621: 164/400 ERROR: No .raw files found in temp_dir.
Job 621: 165/400 ERROR: No .raw files found in temp_dir.
Job 621: 166/400 ERROR: No .raw files found in temp_dir.
Job 621: 167/400 ERROR: No .raw files found in temp_dir.
Job 621: 168/400 ERROR: No .raw files found in temp_dir.
Job 621: 169/400 ERROR: No .raw files found in temp_dir.
Job 621: 170/400 ERROR: No .raw files found in temp_dir.
Job 621: 171/400 ERROR: No .raw files found in temp_dir.
Job 621: 172/400 ERROR: No .raw files found in temp_dir.
Job 621: 173/400 ERROR: No .raw files found in temp_dir.
Job 621: 174/400 ERROR: No .raw files found in temp_dir.
Job 621: 175/400 ERROR: No .raw files found in temp_dir.
Job 621: 176/400 ERROR: No .raw files found in temp_dir.
Job 621: 177/400 ERROR: No .raw files found in temp_dir.
Job 621: 178/400 ERROR: No .raw files found in temp_dir.
Job 621: 179/400 ERROR: No .raw files found in temp_dir.
Job 621: 180/400 ERROR: No .raw files found in temp_dir.
Job 621: 181/400
Job 621: 182/400
Job 621: 183/400
Job 621: 184/400
Job 621: 185/400
Job 621: 186/400
Job 621: 187/400
Job 621: 188/400
Job 621: 189/400
Job 621: 190/400
Job 621: 191/400
Job 621: 192/400
Job 621: 193/400
Job 621: 194/400
Job 621: 195/400
Job 621: 196/400
Job 621: 197/400
Job 621: 198/400
Job 621: 199/400
Job 621: 200/400
Job 621: 201/400
Job 621: 202/400
Job 621: 203/400
Job 621: 204/400
Job 621: 205/400
Job 621: 206/400
Job 621: 207/400
Job 621: 208/400
Job 621: 209/400
Job 621: 210/400
Job 621: 211/400
Job 621: 212/400 ERROR: No .raw files found in temp_dir.
Job 621: 213/400 ERROR: No .raw files found in temp_dir.
Job 621: 214/400 ERROR: No .raw files found in temp_dir.
Job 621: 215/400 ERROR: No .raw files found in temp_dir.
Job 621: 216/400 ERROR: No .raw files found in temp_dir.
Job 621: 217/400 ERROR: No .raw files found in temp_dir.
Job 621: 218/400 ERROR: No .raw files found in temp_dir.
Job 621: 219/400 ERROR: No .raw files found in temp_dir.
Job 621: 220/400 ERROR: No .raw files found in temp_dir.
Job 621: 221/400 ERROR: No .raw files found in temp_dir.
Job 621: 222/400 ERROR: No .raw files found in temp_dir.
Job 621: 223/400 ERROR: No .raw files found in temp_dir.
Job 621: 224/400 ERROR: No .raw files found in temp_dir.
Job 621: 225/400 ERROR: No .raw files found in temp_dir.
Job 621: 226/400 ERROR: No .raw files found in temp_dir.
Job 621: 227/400 ERROR: No .raw files found in temp_dir.
Job 621: 228/400 ERROR: No .raw files found in temp_dir.
Job 621: 229/400 ERROR: No .raw files found in temp_dir.
Job 621: 230/400 ERROR: No .raw files found in temp_dir.
Job 621: 231/400 ERROR: No .raw files found in temp_dir.
Job 621: 232/400 ERROR: No .raw files found in temp_dir.
Job 621: 233/400 ERROR: No .raw files found in temp_dir.
Job 621: 234/400 ERROR: No .raw files found in temp_dir.
Job 621: 235/400 ERROR: No .raw files found in temp_dir.
Job 621: 236/400 ERROR: No .raw files found in temp_dir.
Job 621: 237/400 ERROR: No .raw files found in temp_dir.
Job 621: 238/400 ERROR: No .raw files found in temp_dir.
Job 621: 239/400 ERROR: No .raw files found in temp_dir.
Job 621: 240/400 ERROR: No .raw files found in temp_dir.
Job 621: 241/400 ERROR: No .raw files found in temp_dir.
Job 621: 242/400 ERROR: No .raw files found in temp_dir.
Job 621: 243/400 ERROR: No .raw files found in temp_dir.
Job 621: 244/400 ERROR: No .raw files found in temp_dir.
Job 621: 245/400 ERROR: No .raw files found in temp_dir.
Job 621: 246/400 ERROR: No .raw files found in temp_dir.
Job 621: 247/400 ERROR: No .raw files found in temp_dir.
Job 621: 248/400 ERROR: No .raw files found in temp_dir.
Job 621: 249/400 ERROR: No .raw files found in temp_dir.
Job 621: 250/400 ERROR: No .raw files found in temp_dir.
Job 621: 251/400 ERROR: No .raw files found in temp_dir.
Job 621: 252/400 ERROR: No .raw files found in temp_dir.
Job 621: 253/400 ERROR: No .raw files found in temp_dir.
Job 621: 254/400 ERROR: No .raw files found in temp_dir.
Job 621: 255/400 ERROR: No .raw files found in temp_dir.
Job 621: 256/400 ERROR: No .raw files found in temp_dir.
Job 621: 257/400 ERROR: No .raw files found in temp_dir.
Job 621: 258/400 ERROR: No .raw files found in temp_dir.
Job 621: 259/400 ERROR: No .raw files found in temp_dir.
Job 621: 260/400 ERROR: No .raw files found in temp_dir.
Job 621: 261/400 ERROR: No .raw files found in temp_dir.
Job 621: 262/400 ERROR: No .raw files found in temp_dir.
Job 621: 263/400 ERROR: No .raw files found in temp_dir.
Job 621: 264/400 ERROR: No .raw files found in temp_dir.
Job 621: 265/400 ERROR: No .raw files found in temp_dir.
Job 621: 266/400 ERROR: No .raw files found in temp_dir.
Job 621: 267/400 ERROR: No .raw files found in temp_dir.
Job 621: 268/400 ERROR: No .raw files found in temp_dir.
Job 621: 269/400 ERROR: No .raw files found in temp_dir.
Job 621: 270/400 ERROR: No .raw files found in temp_dir.
Job 621: 271/400 ERROR: No .raw files found in temp_dir.
Job 621: 272/400 ERROR: No .raw files found in temp_dir.
Job 621: 273/400 ERROR: No .raw files found in temp_dir.
Job 621: 274/400 ERROR: No .raw files found in temp_dir.
Job 621: 275/400 ERROR: No .raw files found in temp_dir.
Job 621: 276/400 ERROR: No .raw files found in temp_dir.
Job 621: 277/400 ERROR: No .raw files found in temp_dir.
Job 621: 278/400 ERROR: No .raw files found in temp_dir.
Job 621: 279/400 ERROR: No .raw files found in temp_dir.
Job 621: 280/400 ERROR: No .raw files found in temp_dir.
Job 621: 281/400 ERROR: No .raw files found in temp_dir.
Job 621: 282/400 ERROR: No .raw files found in temp_dir.
Job 621: 283/400 ERROR: No .raw files found in temp_dir.
Job 621: 284/400 ERROR: No .raw files found in temp_dir.
Job 621: 285/400 ERROR: No .raw files found in temp_dir.
Job 621: 286/400 ERROR: No .raw files found in temp_dir.
Job 621: 287/400 ERROR: No .raw files found in temp_dir.
Job 621: 288/400 ERROR: No .raw files found in temp_dir.
Job 621: 289/400 ERROR: No .raw files found in temp_dir.
Job 621: 290/400 ERROR: No .raw files found in temp_dir.
Job 621: 291/400 ERROR: No .raw files found in temp_dir.
Job 621: 292/400 ERROR: No .raw files found in temp_dir.
Job 621: 293/400 ERROR: No .raw files found in temp_dir.
Job 621: 294/400 ERROR: No .raw files found in temp_dir.
Job 621: 295/400 ERROR: No .raw files found in temp_dir.
Job 621: 296/400 ERROR: No .raw files found in temp_dir.
Job 621: 297/400 ERROR: No .raw files found in temp_dir.
Job 621: 298/400 ERROR: No .raw files found in temp_dir.
Job 621: 299/400 ERROR: No .raw files found in temp_dir.
Job 621: 300/400 ERROR: No .raw files found in temp_dir.
Job 621: 301/400 ERROR: No .raw files found in temp_dir.
Job 621: 302/400 ERROR: No .raw files found in temp_dir.
Job 621: 303/400 ERROR: No .raw files found in temp_dir.
Job 621: 304/400 ERROR: No .raw files found in temp_dir.
Job 621: 305/400 ERROR: No .raw files found in temp_dir.
Job 621: 306/400 ERROR: No .raw files found in temp_dir.
Job 621: 307/400 ERROR: No .raw files found in temp_dir.
Job 621: 308/400 ERROR: No .raw files found in temp_dir.
Job 621: 309/400 ERROR: No .raw files found in temp_dir.
Job 621: 310/400 ERROR: No .raw files found in temp_dir.
Job 621: 311/400 ERROR: No .raw files found in temp_dir.
Job 621: 312/400 ERROR: No .raw files found in temp_dir.
Job 621: 313/400 ERROR: No .raw files found in temp_dir.
Job 621: 314/400 ERROR: No .raw files found in temp_dir.
Job 621: 315/400 ERROR: No .raw files found in temp_dir.
Job 621: 316/400 ERROR: No .raw files found in temp_dir.
Job 621: 317/400 ERROR: No .raw files found in temp_dir.
Job 621: 318/400 ERROR: No .raw files found in temp_dir.
Job 621: 319/400 ERROR: No .raw files found in temp_dir.
Job 621: 320/400 ERROR: No .raw files found in temp_dir.
Job 621: 321/400 ERROR: No .raw files found in temp_dir.
Job 621: 322/400 ERROR: No .raw files found in temp_dir.
Job 621: 323/400 ERROR: No .raw files found in temp_dir.
Job 621: 324/400 ERROR: No .raw files found in temp_dir.
Job 621: 325/400 ERROR: No .raw files found in temp_dir.
Job 621: 326/400 ERROR: No .raw files found in temp_dir.
Job 621: 327/400 ERROR: No .raw files found in temp_dir.
Job 621: 328/400 ERROR: No .raw files found in temp_dir.
Job 621: 329/400 ERROR: No .raw files found in temp_dir.
Job 621: 330/400 ERROR: No .raw files found in temp_dir.
Job 621: 331/400 ERROR: No .raw files found in temp_dir.
Job 621: 332/400 ERROR: No .raw files found in temp_dir.
Job 621: 333/400 ERROR: No .raw files found in temp_dir.
Job 621: 334/400 ERROR: No .raw files found in temp_dir.
Job 621: 335/400 ERROR: No .raw files found in temp_dir.
Job 621: 336/400 ERROR: No .raw files found in temp_dir.
Job 621: 337/400 ERROR: No .raw files found in temp_dir.
Job 621: 338/400 ERROR: No .raw files found in temp_dir.
Job 621: 339/400 ERROR: No .raw files found in temp_dir.
Job 621: 340/400 ERROR: No .raw files found in temp_dir.
Job 621: 341/400 ERROR: No .raw files found in temp_dir.
Job 621: 342/400 ERROR: No .raw files found in temp_dir.
Job 621: 343/400 ERROR: No .raw files found in temp_dir.
Job 621: 344/400 ERROR: No .raw files found in temp_dir.
Job 621: 345/400 ERROR: No .raw files found in temp_dir.
Job 621: 346/400 ERROR: No .raw files found in temp_dir.
Job 621: 347/400 ERROR: No .raw files found in temp_dir.
Job 621: 348/400 ERROR: No .raw files found in temp_dir.
Job 621: 349/400 ERROR: No .raw files found in temp_dir.
Job 621: 350/400 ERROR: No .raw files found in temp_dir.
Job 621: 351/400 ERROR: No .raw files found in temp_dir.
Job 621: 352/400 ERROR: No .raw files found in temp_dir.
Job 621: 353/400 ERROR: No .raw files found in temp_dir.
Job 621: 354/400 ERROR: No .raw files found in temp_dir.
Job 621: 355/400 ERROR: No .raw files found in temp_dir.
Job 621: 356/400 ERROR: No .raw files found in temp_dir.
Job 621: 357/400 ERROR: No .raw files found in temp_dir.
Job 621: 358/400 ERROR: No .raw files found in temp_dir.
Job 621: 359/400 ERROR: No .raw files found in temp_dir.
Job 621: 360/400 ERROR: No .raw files found in temp_dir.
Job 621: 361/400 ERROR: No .raw files found in temp_dir.
Job 621: 362/400 ERROR: No .raw files found in temp_dir.
Job 621: 363/400 ERROR: No .raw files found in temp_dir.
Job 621: 364/400 ERROR: No .raw files found in temp_dir.
Job 621: 365/400 ERROR: No .raw files found in temp_dir.
Job 621: 366/400 ERROR: No .raw files found in temp_dir.
Job 621: 367/400 ERROR: No .raw files found in temp_dir.
Job 621: 368/400 ERROR: No .raw files found in temp_dir.
Job 621: 369/400 ERROR: No .raw files found in temp_dir.
Job 621: 370/400 ERROR: No .raw files found in temp_dir.
Job 621: 371/400 ERROR: No .raw files found in temp_dir.
Job 621: 372/400 ERROR: No .raw files found in temp_dir.
Job 621: 373/400 ERROR: No .raw files found in temp_dir.
Job 621: 374/400 ERROR: No .raw files found in temp_dir.
Job 621: 375/400 ERROR: No .raw files found in temp_dir.
Job 621: 376/400 ERROR: No .raw files found in temp_dir.
Job 621: 377/400 ERROR: No .raw files found in temp_dir.
Job 621: 378/400 ERROR: No .raw files found in temp_dir.
Job 621: 379/400 ERROR: No .raw files found in temp_dir.
Job 621: 380/400 ERROR: No .raw files found in temp_dir.
Job 621: 381/400 ERROR: No .raw files found in temp_dir.
Job 621: 382/400 ERROR: No .raw files found in temp_dir.
Job 621: 383/400 ERROR: No .raw files found in temp_dir.
Job 621: 384/400 ERROR: No .raw files found in temp_dir.
Job 621: 385/400 ERROR: No .raw files found in temp_dir.
Job 621: 386/400 ERROR: No .raw files found in temp_dir.
Job 621: 387/400 ERROR: No .raw files found in temp_dir.
Job 621: 388/400 ERROR: No .raw files found in temp_dir.
Job 621: 389/400 ERROR: No .raw files found in temp_dir.
Job 621: 390/400 ERROR: No .raw files found in temp_dir.
Job 621: 391/400 ERROR: No .raw files found in temp_dir.
Job 621: 392/400 ERROR: No .raw files found in temp_dir.
Job 621: 393/400 ERROR: No .raw files found in temp_dir.
Job 621: 394/400 ERROR: No .raw files found in temp_dir.
Job 621: 395/400 ERROR: No .raw files found in temp_dir.
Job 621: 396/400 ERROR: No .raw files found in temp_dir.
Job 621: 397/400 ERROR: No .raw files found in temp_dir.
Job 621: 398/400 ERROR: No .raw files found in temp_dir.
Job 621: 399/400 ERROR: No .raw files found in temp_dir.
Job 621: 400/400 ERROR: No .raw files found in temp_dir.
Warning messages:
1: In data.table::fread(raw_file, data.table = FALSE) :
  Discarded single-line footer: <<0	GTEX-1399U	0	0	0	-9	2	2	2	2	2	0	2	2	2	2	2	2	1	2	2	2	2	2	1	2	2	2	2	2	2	2	2	2	0	2	0	2	1	2	1	2	1	0	2	2	2	1	2	2	2	2	2	2	1	2	2	2	2	2	2	0	2	2	2	2	2	1	2	2	2	2	1	2	2	2	1	2	2	1	2	2	2	0	2	2	2	2	2	2	2	2	2	2	2	2	0	1	2	2	2	2	2	2	2	2	2	2	2	2	0	2	2	2	2	2	2	2	2	1	2	2	2	2	2	2	2	2	2	2	2	2	1	2	2	0	2	2	2	2	1	2	1	2	0	2	0	2	1	2	2	2	2	2	2	2	2	2	2	2	2	2	2	1	1	2	2	1	2	2	1	1	2	2	2	2	2	2	1	2	2	2	2	2	2	2	2	2	2	2	2	2	2	2	2	2	2	1	2	2	2	2	2	2	2	2	2	2	2	2	2	2	1	2	2	1	2	2	2	2	2	2	2	2	2	2	2	2	2	2	2	2	2	2	2	2	2	2	2	1	2	2	2	2	2	>>
2: In data.table::fread(raw_file, data.table = FALSE) :
  Discarded single-line footer: <<0	GTEX-1RAZA	0	0	0	-9	2	2	2	2	2	1	1	2	2	2	2	2	2	2	2	2	2	2	2	2	2	2	1	2	2	2	2	2	0	2	0	2	1	2	2	2	1	0	2	2	2	1	2	2	2	2	2	2	1	2	2	2	2	2	2	0	2	1	2	2	2	1	2	2	2	2	1	2	2	2	2	2	2	2	2	2	2	0	2	2	2	2	2	2	2	2	2	2	2	2	0	1	2	2	2	2	2	2	2	2	2	2	2	2	0	2	2	2	2	2	2	2	2	2	2	2	2	2	2	2	2	2	2	2	2	2	2	2	2	0	2	2	2	2	1	2	1	2	1	2	1	2	2	2	2	2	2	2	2	2	2	2	2	2	2	2	2	1	1	2	2	1	2	2	1	1	2	2	2	2	2	2	1	2	2	2	2	2	2	2	2	2	2	1	2	2	2	2	2	2	2	1	2	2	2	2	2	2	2	2	2	2	2	2	2	2	2	2	2	2	2	2	2	1	2	2	2	2	2	2	2	2	2	2	2	2	2	2	2	2	2	1	2	1	2	2	2	2	2	>>
3: In data.table::fread(raw_file, data.table = FALSE) :
  Discarded single-line footer: <<0	GTEX-ZP4G	0	0	0	-9	2	2	1	2	2	2	2	2	2	2	2	2	2	2	2	2	2	2	2	2	2	2	2	1	1	2	2	2	2	2	1	2	2	2	2	1	2	2	2	2	2	2	2	2	2	2	2	2	2	2	2	2	1	2	2	2	2	2	1	1	2	2	2	2	2	2	2	2	2	2	2	2	2	2	2	2	1	1	2	2	2	2	2	2	2	2	2	2	1	2	2	2	2	2	1	2	2	2	2	2	2	2	2	1	2	1	2	2	2	2	2	2	2	2	2	2	2	2	2	2	2	2	2	2	2	2	2	2	2	2	2	2	2	2	2	1	2	2	2	2	2	2	2	2	2	2	1	2	1	2	2	1	2	2	2	2	2	2	2	2	2	2	2	2	1	2	2	2	2	2	2	2	2	2	2	2	2	2	2	2	2	2	2	2	2	2	2	2	1	0	2	2	2	2	2	2	2	2	2	2	2	2	2	2	2	2	2	2	2	2	2	1	2	2	1	2	2	2	2	2	2	2	1	2	2	2	2	2	2	2	2	2	2	1	2	2	1	2	2	2>>
