Registered S3 methods overwritten by 'susieSlide':
  method              from  
  coef.susie          susieR
  predict.susie       susieR
  print.summary.susie susieR
  summary.susie       susieR
Job 254: 1/400
Job 254: 2/400
Job 254: 3/400
Job 254: 4/400
Job 254: 5/400
Job 254: 6/400
Job 254: 7/400
Job 254: 8/400
Job 254: 9/400
Job 254: 10/400
Job 254: 11/400
Job 254: 12/400
Job 254: 13/400
Job 254: 14/400
Job 254: 15/400
Job 254: 16/400
Job 254: 17/400
Job 254: 18/400
Job 254: 19/400
Job 254: 20/400
Job 254: 21/400
Job 254: 22/400
Job 254: 23/400
Job 254: 24/400
Job 254: 25/400
Job 254: 26/400
Job 254: 27/400
Job 254: 28/400
Job 254: 29/400
Job 254: 30/400
Job 254: 31/400
Job 254: 32/400
Job 254: 33/400
Job 254: 34/400
Job 254: 35/400
Job 254: 36/400
Job 254: 37/400
Job 254: 38/400
Job 254: 39/400
Job 254: 40/400
Job 254: 41/400
Job 254: 42/400
Job 254: 43/400
Job 254: 44/400
Job 254: 45/400
Job 254: 46/400
Job 254: 47/400
Job 254: 48/400
Job 254: 49/400
Job 254: 50/400
Job 254: 51/400
Job 254: 52/400
Job 254: 53/400
Job 254: 54/400
Job 254: 55/400
Job 254: 56/400
Job 254: 57/400
Job 254: 58/400
Job 254: 59/400
Job 254: 60/400
Job 254: 61/400
Job 254: 62/400
Job 254: 63/400
Job 254: 64/400
Job 254: 65/400
Job 254: 66/400
Job 254: 67/400
Job 254: 68/400
Job 254: 69/400
Job 254: 70/400
Job 254: 71/400
Job 254: 72/400
Job 254: 73/400
Job 254: 74/400
Job 254: 75/400
Job 254: 76/400
Job 254: 77/400
Job 254: 78/400
Job 254: 79/400
Job 254: 80/400
Job 254: 81/400
Job 254: 82/400
Job 254: 83/400
Job 254: 84/400
Job 254: 85/400
Job 254: 86/400
Job 254: 87/400
Job 254: 88/400
Job 254: 89/400
Job 254: 90/400
Job 254: 91/400
Job 254: 92/400
Job 254: 93/400
Job 254: 94/400
Job 254: 95/400
Job 254: 96/400
Job 254: 97/400
Job 254: 98/400
Job 254: 99/400
Job 254: 100/400
Job 254: 101/400
Job 254: 102/400
Job 254: 103/400
Job 254: 104/400
Job 254: 105/400
Job 254: 106/400
Job 254: 107/400
Job 254: 108/400
Job 254: 109/400
Job 254: 110/400
Job 254: 111/400
Job 254: 112/400
Job 254: 113/400
Job 254: 114/400
Job 254: 115/400
Job 254: 116/400
Job 254: 117/400
Job 254: 118/400
Job 254: 119/400
Job 254: 120/400
Job 254: 121/400
Job 254: 122/400
Job 254: 123/400
Job 254: 124/400
Job 254: 125/400
Job 254: 126/400
Job 254: 127/400
Job 254: 128/400
Job 254: 129/400
Job 254: 130/400
Job 254: 131/400
Job 254: 132/400
Job 254: 133/400
Job 254: 134/400
Job 254: 135/400
Job 254: 136/400
Job 254: 137/400
Job 254: 138/400
Job 254: 139/400
Job 254: 140/400
Job 254: 141/400
Job 254: 142/400
Job 254: 143/400
Job 254: 144/400
Job 254: 145/400
Job 254: 146/400
Job 254: 147/400
Job 254: 148/400
Job 254: 149/400
Job 254: 150/400
Job 254: 151/400
Job 254: 152/400
Job 254: 153/400
Job 254: 154/400
Job 254: 155/400
Job 254: 156/400
Job 254: 157/400
Job 254: 158/400
Job 254: 159/400
Job 254: 160/400
Job 254: 161/400
Job 254: 162/400
Job 254: 163/400
Job 254: 164/400
Job 254: 165/400
Job 254: 166/400
Job 254: 167/400
Job 254: 168/400
Job 254: 169/400
Job 254: 170/400
Job 254: 171/400
Job 254: 172/400
Job 254: 173/400
Job 254: 174/400
Job 254: 175/400
Job 254: 176/400
Job 254: 177/400
Job 254: 178/400
Job 254: 179/400
Job 254: 180/400
Job 254: 181/400
Job 254: 182/400
Job 254: 183/400
Job 254: 184/400
Job 254: 185/400
Job 254: 186/400
Job 254: 187/400
Job 254: 188/400
Job 254: 189/400
Job 254: 190/400
Job 254: 191/400
Job 254: 192/400
Job 254: 193/400
Job 254: 194/400
Job 254: 195/400
Job 254: 196/400
Job 254: 197/400
Job 254: 198/400
Job 254: 199/400
Job 254: 200/400
Job 254: 201/400
Job 254: 202/400
Job 254: 203/400
Job 254: 204/400
Job 254: 205/400
Job 254: 206/400
Job 254: 207/400
Job 254: 208/400
Job 254: 209/400
Job 254: 210/400
Job 254: 211/400
Job 254: 212/400
Job 254: 213/400
Job 254: 214/400
Job 254: 215/400
Job 254: 216/400
Job 254: 217/400
Job 254: 218/400
Job 254: 219/400
Job 254: 220/400
Job 254: 221/400
Job 254: 222/400
Job 254: 223/400
Job 254: 224/400
Job 254: 225/400
Job 254: 226/400
Job 254: 227/400
Job 254: 228/400
Job 254: 229/400
Job 254: 230/400
Job 254: 231/400
Job 254: 232/400
Job 254: 233/400
Job 254: 234/400
Job 254: 235/400
Job 254: 236/400
Job 254: 237/400
Job 254: 238/400
Job 254: 239/400
Job 254: 240/400
Job 254: 241/400
Job 254: 242/400
Job 254: 243/400
Job 254: 244/400
Job 254: 245/400
Job 254: 246/400
Job 254: 247/400
Job 254: 248/400
Job 254: 249/400
Job 254: 250/400
Job 254: 251/400
Job 254: 252/400
Job 254: 253/400
Job 254: 254/400
Job 254: 255/400
Job 254: 256/400
Job 254: 257/400
Job 254: 258/400
Job 254: 259/400
Job 254: 260/400
Job 254: 261/400
Job 254: 262/400
Job 254: 263/400
Job 254: 264/400
Job 254: 265/400
Job 254: 266/400
Job 254: 267/400
Job 254: 268/400
Job 254: 269/400
Job 254: 270/400
Job 254: 271/400
Job 254: 272/400
Job 254: 273/400
Job 254: 274/400
Job 254: 275/400
Job 254: 276/400
Job 254: 277/400
Job 254: 278/400
Job 254: 279/400
Job 254: 280/400
Job 254: 281/400
Job 254: 282/400
Job 254: 283/400
Job 254: 284/400
Job 254: 285/400
Job 254: 286/400
Job 254: 287/400
Job 254: 288/400
Job 254: 289/400
Job 254: 290/400
Job 254: 291/400
Job 254: 292/400
Job 254: 293/400
Job 254: 294/400
Job 254: 295/400
Job 254: 296/400
Job 254: 297/400
Job 254: 298/400
Job 254: 299/400
Job 254: 300/400
Job 254: 301/400
Job 254: 302/400
Job 254: 303/400
Job 254: 304/400
Job 254: 305/400
Job 254: 306/400
Job 254: 307/400
Job 254: 308/400
Job 254: 309/400
Job 254: 310/400
Job 254: 311/400
Job 254: 312/400
Job 254: 313/400
Job 254: 314/400
Job 254: 315/400
Job 254: 316/400
Job 254: 317/400
Job 254: 318/400
Job 254: 319/400
Job 254: 320/400
Job 254: 321/400
Job 254: 322/400
Job 254: 323/400
Job 254: 324/400
Job 254: 325/400
Job 254: 326/400
Job 254: 327/400
Job 254: 328/400
Job 254: 329/400
Job 254: 330/400
Job 254: 331/400
Job 254: 332/400
Job 254: 333/400
Job 254: 334/400
Job 254: 335/400
Job 254: 336/400
Job 254: 337/400
Job 254: 338/400
Job 254: 339/400
Job 254: 340/400
Job 254: 341/400
Job 254: 342/400
Job 254: 343/400
Job 254: 344/400
Job 254: 345/400
Job 254: 346/400
Job 254: 347/400
Job 254: 348/400
Job 254: 349/400
Job 254: 350/400
Job 254: 351/400
Job 254: 352/400
Job 254: 353/400
Job 254: 354/400
Job 254: 355/400
Job 254: 356/400
Job 254: 357/400
Job 254: 358/400
Job 254: 359/400
Job 254: 360/400
Job 254: 361/400
Job 254: 362/400
Job 254: 363/400
Job 254: 364/400
Job 254: 365/400
Job 254: 366/400
Job 254: 367/400
Job 254: 368/400
Job 254: 369/400
Job 254: 370/400
Job 254: 371/400
Job 254: 372/400
Job 254: 373/400
Job 254: 374/400
Job 254: 375/400
Job 254: 376/400
Job 254: 377/400
Job 254: 378/400
Job 254: 379/400
Job 254: 380/400
Job 254: 381/400
Job 254: 382/400
Job 254: 383/400
Job 254: 384/400
Job 254: 385/400
Job 254: 386/400
Job 254: 387/400
Job 254: 388/400
Job 254: 389/400
Job 254: 390/400
Job 254: 391/400
Job 254: 392/400
Job 254: 393/400
Job 254: 394/400
Job 254: 395/400
Job 254: 396/400
Job 254: 397/400
Job 254: 398/400
Job 254: 399/400
Job 254: 400/400
