Registered S3 methods overwritten by 'susieSlide':
  method              from  
  coef.susie          susieR
  predict.susie       susieR
  print.summary.susie susieR
  summary.susie       susieR
Job 77: 1/400
Job 77: 2/400
Job 77: 3/400
Job 77: 4/400
Job 77: 5/400
Job 77: 6/400
Job 77: 7/400
Job 77: 8/400
Job 77: 9/400
Job 77: 10/400
Job 77: 11/400
Job 77: 12/400
Job 77: 13/400
Job 77: 14/400
Job 77: 15/400
Job 77: 16/400
Job 77: 17/400
Job 77: 18/400
Job 77: 19/400
Job 77: 20/400
Job 77: 21/400
Job 77: 22/400
Job 77: 23/400
Job 77: 24/400
Job 77: 25/400
Job 77: 26/400
Job 77: 27/400
Job 77: 28/400
Job 77: 29/400
Job 77: 30/400
Job 77: 31/400
Job 77: 32/400
Job 77: 33/400
Job 77: 34/400
Job 77: 35/400
Job 77: 36/400
Job 77: 37/400
Job 77: 38/400
Job 77: 39/400
Job 77: 40/400
Job 77: 41/400
Job 77: 42/400
Job 77: 43/400
Job 77: 44/400
Job 77: 45/400
Job 77: 46/400
Job 77: 47/400
Job 77: 48/400
Job 77: 49/400
Job 77: 50/400
Job 77: 51/400
Job 77: 52/400
Job 77: 53/400
Job 77: 54/400
Job 77: 55/400
Job 77: 56/400
Job 77: 57/400
Job 77: 58/400
Job 77: 59/400
Job 77: 60/400
Job 77: 61/400
Job 77: 62/400
Job 77: 63/400
Job 77: 64/400
Job 77: 65/400
Job 77: 66/400
Job 77: 67/400
Job 77: 68/400
Job 77: 69/400
Job 77: 70/400
Job 77: 71/400
Job 77: 72/400
Job 77: 73/400
Job 77: 74/400
Job 77: 75/400
Job 77: 76/400
Job 77: 77/400
Job 77: 78/400
Job 77: 79/400
Job 77: 80/400
Job 77: 81/400
Job 77: 82/400
Job 77: 83/400
Job 77: 84/400
Job 77: 85/400
Job 77: 86/400
Job 77: 87/400
Job 77: 88/400
Job 77: 89/400
Job 77: 90/400
Job 77: 91/400
Job 77: 92/400
Job 77: 93/400
Job 77: 94/400
Job 77: 95/400
Job 77: 96/400
Job 77: 97/400
Job 77: 98/400
Job 77: 99/400
Job 77: 100/400
Job 77: 101/400
Job 77: 102/400
Job 77: 103/400
Job 77: 104/400
Job 77: 105/400
Job 77: 106/400
Job 77: 107/400
Job 77: 108/400
Job 77: 109/400
Job 77: 110/400
Job 77: 111/400
Job 77: 112/400
Job 77: 113/400
Job 77: 114/400
Job 77: 115/400
Job 77: 116/400
Job 77: 117/400
Job 77: 118/400
Job 77: 119/400
Job 77: 120/400
Job 77: 121/400
Job 77: 122/400
Job 77: 123/400
Job 77: 124/400
Job 77: 125/400
Job 77: 126/400
Job 77: 127/400
Job 77: 128/400
Job 77: 129/400
Job 77: 130/400
Job 77: 131/400
Job 77: 132/400
Job 77: 133/400
Job 77: 134/400
Job 77: 135/400
Job 77: 136/400
Job 77: 137/400
Job 77: 138/400
Job 77: 139/400
Job 77: 140/400
Job 77: 141/400
Job 77: 142/400
Job 77: 143/400
Job 77: 144/400
Job 77: 145/400
Job 77: 146/400
Job 77: 147/400
Job 77: 148/400
Job 77: 149/400
Job 77: 150/400
Job 77: 151/400
Job 77: 152/400
Job 77: 153/400
Job 77: 154/400
Job 77: 155/400
Job 77: 156/400
Job 77: 157/400
Job 77: 158/400
Job 77: 159/400
Job 77: 160/400
Job 77: 161/400
Job 77: 162/400
Job 77: 163/400
Job 77: 164/400
Job 77: 165/400
Job 77: 166/400
Job 77: 167/400
Job 77: 168/400
Job 77: 169/400
Job 77: 170/400
Job 77: 171/400
Job 77: 172/400
Job 77: 173/400
Job 77: 174/400
Job 77: 175/400
Job 77: 176/400
Job 77: 177/400
Job 77: 178/400
Job 77: 179/400
Job 77: 180/400
Job 77: 181/400
Job 77: 182/400
Job 77: 183/400
Job 77: 184/400
Job 77: 185/400
Job 77: 186/400
Job 77: 187/400
Job 77: 188/400
Job 77: 189/400
Job 77: 190/400
Job 77: 191/400
Job 77: 192/400
Job 77: 193/400
Job 77: 194/400
Job 77: 195/400
Job 77: 196/400
Job 77: 197/400
Job 77: 198/400
Job 77: 199/400
Job 77: 200/400
Job 77: 201/400
Job 77: 202/400
Job 77: 203/400
Job 77: 204/400
Job 77: 205/400
Job 77: 206/400
Job 77: 207/400
Job 77: 208/400
Job 77: 209/400
Job 77: 210/400
Job 77: 211/400
Job 77: 212/400
Job 77: 213/400
Job 77: 214/400
Job 77: 215/400
Job 77: 216/400
Job 77: 217/400
Job 77: 218/400
Job 77: 219/400
Job 77: 220/400
Job 77: 221/400
Job 77: 222/400
Job 77: 223/400
Job 77: 224/400
Job 77: 225/400
Job 77: 226/400
Job 77: 227/400
Job 77: 228/400
Job 77: 229/400
Job 77: 230/400
Job 77: 231/400
Job 77: 232/400
Job 77: 233/400
Job 77: 234/400
Job 77: 235/400
Job 77: 236/400
Job 77: 237/400
Job 77: 238/400
Job 77: 239/400
Job 77: 240/400
Job 77: 241/400
Job 77: 242/400
Job 77: 243/400
Job 77: 244/400
Job 77: 245/400
Job 77: 246/400
Job 77: 247/400
Job 77: 248/400
Job 77: 249/400
Job 77: 250/400
Job 77: 251/400
Job 77: 252/400
Job 77: 253/400
Job 77: 254/400
Job 77: 255/400
Job 77: 256/400
Job 77: 257/400
Job 77: 258/400
Job 77: 259/400
Job 77: 260/400
Job 77: 261/400
Job 77: 262/400
Job 77: 263/400
Job 77: 264/400
Job 77: 265/400
Job 77: 266/400
Job 77: 267/400
Job 77: 268/400
Job 77: 269/400
Job 77: 270/400
Job 77: 271/400
Job 77: 272/400
Job 77: 273/400
Job 77: 274/400
Job 77: 275/400
Job 77: 276/400
Job 77: 277/400
Job 77: 278/400
Job 77: 279/400
Job 77: 280/400
Job 77: 281/400
Job 77: 282/400
Job 77: 283/400
Job 77: 284/400
Job 77: 285/400
Job 77: 286/400
Job 77: 287/400
Job 77: 288/400
Job 77: 289/400
Job 77: 290/400
Job 77: 291/400
Job 77: 292/400
Job 77: 293/400
Job 77: 294/400
Job 77: 295/400
Job 77: 296/400
Job 77: 297/400
Job 77: 298/400
Job 77: 299/400
Job 77: 300/400
Job 77: 301/400
Job 77: 302/400
Job 77: 303/400
Job 77: 304/400
Job 77: 305/400
Job 77: 306/400
Job 77: 307/400
Job 77: 308/400
Job 77: 309/400
Job 77: 310/400
Job 77: 311/400
Job 77: 312/400
Job 77: 313/400
Job 77: 314/400
Job 77: 315/400
Job 77: 316/400
Job 77: 317/400
Job 77: 318/400
Job 77: 319/400
Job 77: 320/400
Job 77: 321/400
Job 77: 322/400
Job 77: 323/400
Job 77: 324/400
Job 77: 325/400
Job 77: 326/400
Job 77: 327/400
Job 77: 328/400
Job 77: 329/400
Job 77: 330/400
Job 77: 331/400
Job 77: 332/400
Job 77: 333/400
Job 77: 334/400
Job 77: 335/400
Job 77: 336/400
Job 77: 337/400
Job 77: 338/400
Job 77: 339/400
Job 77: 340/400
Job 77: 341/400
Job 77: 342/400
Job 77: 343/400
Job 77: 344/400
Job 77: 345/400
Job 77: 346/400
Job 77: 347/400
Job 77: 348/400
Job 77: 349/400
Job 77: 350/400
Job 77: 351/400
Job 77: 352/400
Job 77: 353/400
Job 77: 354/400
Job 77: 355/400
Job 77: 356/400
Job 77: 357/400
Job 77: 358/400
Job 77: 359/400
Job 77: 360/400
Job 77: 361/400
Job 77: 362/400
Job 77: 363/400
Job 77: 364/400
Job 77: 365/400
Job 77: 366/400
Job 77: 367/400
Job 77: 368/400
Job 77: 369/400
Job 77: 370/400
Job 77: 371/400
Job 77: 372/400
Job 77: 373/400
Job 77: 374/400
Job 77: 375/400
Job 77: 376/400
Job 77: 377/400
Job 77: 378/400
Job 77: 379/400
Job 77: 380/400
Job 77: 381/400
Job 77: 382/400
Job 77: 383/400
Job 77: 384/400
Job 77: 385/400
Job 77: 386/400
Job 77: 387/400
Job 77: 388/400
Job 77: 389/400
Job 77: 390/400
Job 77: 391/400
Job 77: 392/400
Job 77: 393/400
Job 77: 394/400
Job 77: 395/400
Job 77: 396/400
Job 77: 397/400
Job 77: 398/400
Job 77: 399/400
Job 77: 400/400
