Registered S3 methods overwritten by 'susieSlide':
  method              from  
  coef.susie          susieR
  predict.susie       susieR
  print.summary.susie susieR
  summary.susie       susieR
Job 218: 1/400
Job 218: 2/400
Job 218: 3/400
Job 218: 4/400
Job 218: 5/400
Job 218: 6/400
Job 218: 7/400
Job 218: 8/400
Job 218: 9/400
Job 218: 10/400
Job 218: 11/400
Job 218: 12/400
Job 218: 13/400
Job 218: 14/400
Job 218: 15/400
Job 218: 16/400
Job 218: 17/400
Job 218: 18/400
Job 218: 19/400
Job 218: 20/400
Job 218: 21/400
Job 218: 22/400
Job 218: 23/400
Job 218: 24/400
Job 218: 25/400
Job 218: 26/400
Job 218: 27/400
Job 218: 28/400
Job 218: 29/400
Job 218: 30/400
Job 218: 31/400
Job 218: 32/400
Job 218: 33/400
Job 218: 34/400
Job 218: 35/400
Job 218: 36/400
Job 218: 37/400
Job 218: 38/400
Job 218: 39/400
Job 218: 40/400
Job 218: 41/400
Job 218: 42/400
Job 218: 43/400
Job 218: 44/400
Job 218: 45/400
Job 218: 46/400
Job 218: 47/400
Job 218: 48/400
Job 218: 49/400
Job 218: 50/400
Job 218: 51/400
Job 218: 52/400
Job 218: 53/400
Job 218: 54/400
Job 218: 55/400
Job 218: 56/400
Job 218: 57/400
Job 218: 58/400
Job 218: 59/400
Job 218: 60/400
Job 218: 61/400
Job 218: 62/400
Job 218: 63/400
Job 218: 64/400
Job 218: 65/400
Job 218: 66/400
Job 218: 67/400
Job 218: 68/400
Job 218: 69/400
Job 218: 70/400
Job 218: 71/400
Job 218: 72/400
Job 218: 73/400
Job 218: 74/400
Job 218: 75/400
Job 218: 76/400
Job 218: 77/400
Job 218: 78/400
Job 218: 79/400
Job 218: 80/400
Job 218: 81/400
Job 218: 82/400
Job 218: 83/400
Job 218: 84/400
Job 218: 85/400
Job 218: 86/400
Job 218: 87/400
Job 218: 88/400
Job 218: 89/400
Job 218: 90/400
Job 218: 91/400
Job 218: 92/400
Job 218: 93/400
Job 218: 94/400
Job 218: 95/400
Job 218: 96/400
Job 218: 97/400
Job 218: 98/400
Job 218: 99/400
Job 218: 100/400
Job 218: 101/400
Job 218: 102/400
Job 218: 103/400
Job 218: 104/400
Job 218: 105/400
Job 218: 106/400
Job 218: 107/400
Job 218: 108/400
Job 218: 109/400
Job 218: 110/400
Job 218: 111/400
Job 218: 112/400
Job 218: 113/400
Job 218: 114/400
Job 218: 115/400
Job 218: 116/400
Job 218: 117/400
Job 218: 118/400
Job 218: 119/400
Job 218: 120/400
Job 218: 121/400
Job 218: 122/400
Job 218: 123/400
Job 218: 124/400
Job 218: 125/400
Job 218: 126/400
Job 218: 127/400
Job 218: 128/400
Job 218: 129/400
Job 218: 130/400
Job 218: 131/400
Job 218: 132/400
Job 218: 133/400
Job 218: 134/400
Job 218: 135/400
Job 218: 136/400
Job 218: 137/400
Job 218: 138/400
Job 218: 139/400
Job 218: 140/400
Job 218: 141/400
Job 218: 142/400
Job 218: 143/400
Job 218: 144/400
Job 218: 145/400
Job 218: 146/400
Job 218: 147/400
Job 218: 148/400
Job 218: 149/400
Job 218: 150/400
Job 218: 151/400
Job 218: 152/400
Job 218: 153/400
Job 218: 154/400
Job 218: 155/400
Job 218: 156/400
Job 218: 157/400
Job 218: 158/400
Job 218: 159/400
Job 218: 160/400
Job 218: 161/400
Job 218: 162/400
Job 218: 163/400
Job 218: 164/400
Job 218: 165/400
Job 218: 166/400
Job 218: 167/400
Job 218: 168/400
Job 218: 169/400
Job 218: 170/400
Job 218: 171/400
Job 218: 172/400
Job 218: 173/400
Job 218: 174/400
Job 218: 175/400
Job 218: 176/400
Job 218: 177/400
Job 218: 178/400
Job 218: 179/400
Job 218: 180/400
Job 218: 181/400
Job 218: 182/400
Job 218: 183/400
Job 218: 184/400
Job 218: 185/400
Job 218: 186/400
Job 218: 187/400
Job 218: 188/400
Job 218: 189/400
Job 218: 190/400
Job 218: 191/400
Job 218: 192/400
Job 218: 193/400
Job 218: 194/400
Job 218: 195/400
Job 218: 196/400
Job 218: 197/400
Job 218: 198/400
Job 218: 199/400
Job 218: 200/400
Job 218: 201/400
Job 218: 202/400
Job 218: 203/400
Job 218: 204/400
Job 218: 205/400
Job 218: 206/400
Job 218: 207/400
Job 218: 208/400
Job 218: 209/400
Job 218: 210/400
Job 218: 211/400
Job 218: 212/400
Job 218: 213/400
Job 218: 214/400
Job 218: 215/400
Job 218: 216/400
Job 218: 217/400
Job 218: 218/400
Job 218: 219/400
Job 218: 220/400
Job 218: 221/400
Job 218: 222/400
Job 218: 223/400
Job 218: 224/400
Job 218: 225/400
Job 218: 226/400
Job 218: 227/400
Job 218: 228/400
Job 218: 229/400
Job 218: 230/400
Job 218: 231/400
Job 218: 232/400
Job 218: 233/400
Job 218: 234/400
Job 218: 235/400
Job 218: 236/400
Job 218: 237/400
Job 218: 238/400
Job 218: 239/400
Job 218: 240/400
Job 218: 241/400
Job 218: 242/400
Job 218: 243/400
Job 218: 244/400
Job 218: 245/400
Job 218: 246/400
Job 218: 247/400
Job 218: 248/400
Job 218: 249/400
Job 218: 250/400
Job 218: 251/400
Job 218: 252/400
Job 218: 253/400
Job 218: 254/400
Job 218: 255/400
Job 218: 256/400
Job 218: 257/400
Job 218: 258/400
Job 218: 259/400
Job 218: 260/400
Job 218: 261/400
Job 218: 262/400
Job 218: 263/400
Job 218: 264/400
Job 218: 265/400
Job 218: 266/400
Job 218: 267/400
Job 218: 268/400
Job 218: 269/400
Job 218: 270/400
Job 218: 271/400
Job 218: 272/400
Job 218: 273/400
Job 218: 274/400
Job 218: 275/400
Job 218: 276/400
Job 218: 277/400
Job 218: 278/400
Job 218: 279/400
Job 218: 280/400
Job 218: 281/400
Job 218: 282/400
Job 218: 283/400
Job 218: 284/400
Job 218: 285/400
Job 218: 286/400
Job 218: 287/400
Job 218: 288/400
Job 218: 289/400
Job 218: 290/400
Job 218: 291/400
Job 218: 292/400
Job 218: 293/400
Job 218: 294/400
Job 218: 295/400
Job 218: 296/400
Job 218: 297/400
Job 218: 298/400
Job 218: 299/400
Job 218: 300/400
Job 218: 301/400
Job 218: 302/400
Job 218: 303/400
Job 218: 304/400
Job 218: 305/400
Job 218: 306/400
Job 218: 307/400
Job 218: 308/400
Job 218: 309/400
Job 218: 310/400
Job 218: 311/400
Job 218: 312/400
Job 218: 313/400
Job 218: 314/400
Job 218: 315/400
Job 218: 316/400
Job 218: 317/400
Job 218: 318/400
Job 218: 319/400
Job 218: 320/400
Job 218: 321/400
Job 218: 322/400
Job 218: 323/400
Job 218: 324/400
Job 218: 325/400
Job 218: 326/400
Job 218: 327/400
Job 218: 328/400
Job 218: 329/400
Job 218: 330/400
Job 218: 331/400
Job 218: 332/400
Job 218: 333/400
Job 218: 334/400
Job 218: 335/400
Job 218: 336/400
Job 218: 337/400
Job 218: 338/400
Job 218: 339/400
Job 218: 340/400
Job 218: 341/400
Job 218: 342/400
Job 218: 343/400
Job 218: 344/400
Job 218: 345/400
Job 218: 346/400
Job 218: 347/400
Job 218: 348/400
Job 218: 349/400
Job 218: 350/400
Job 218: 351/400
Job 218: 352/400
Job 218: 353/400
Job 218: 354/400
Job 218: 355/400
Job 218: 356/400
Job 218: 357/400
Job 218: 358/400
Job 218: 359/400
Job 218: 360/400
Job 218: 361/400
Job 218: 362/400
Job 218: 363/400
Job 218: 364/400
Job 218: 365/400
Job 218: 366/400
Job 218: 367/400
Job 218: 368/400
Job 218: 369/400
Job 218: 370/400
Job 218: 371/400
Job 218: 372/400
Job 218: 373/400
Job 218: 374/400
Job 218: 375/400
Job 218: 376/400
Job 218: 377/400
Job 218: 378/400
Job 218: 379/400
Job 218: 380/400
Job 218: 381/400
Job 218: 382/400
Job 218: 383/400
Job 218: 384/400
Job 218: 385/400
Job 218: 386/400
Job 218: 387/400
Job 218: 388/400
Job 218: 389/400
Job 218: 390/400
Job 218: 391/400
Job 218: 392/400
Job 218: 393/400
Job 218: 394/400
Job 218: 395/400
Job 218: 396/400
Job 218: 397/400
Job 218: 398/400
Job 218: 399/400
Job 218: 400/400
