Registered S3 methods overwritten by 'susieSlide':
  method              from  
  coef.susie          susieR
  predict.susie       susieR
  print.summary.susie susieR
  summary.susie       susieR
Job 277: 1/400
Job 277: 2/400
Job 277: 3/400
Job 277: 4/400
Job 277: 5/400
Job 277: 6/400
Job 277: 7/400
Job 277: 8/400
Job 277: 9/400
Job 277: 10/400
Job 277: 11/400
Job 277: 12/400
Job 277: 13/400
Job 277: 14/400
Job 277: 15/400
Job 277: 16/400
Job 277: 17/400
Job 277: 18/400
Job 277: 19/400
Job 277: 20/400
Job 277: 21/400
Job 277: 22/400
Job 277: 23/400
Job 277: 24/400
Job 277: 25/400
Job 277: 26/400
Job 277: 27/400
Job 277: 28/400
Job 277: 29/400
Job 277: 30/400
Job 277: 31/400
Job 277: 32/400
Job 277: 33/400
Job 277: 34/400
Job 277: 35/400
Job 277: 36/400
Job 277: 37/400
Job 277: 38/400
Job 277: 39/400
Job 277: 40/400
Job 277: 41/400
Job 277: 42/400
Job 277: 43/400
Job 277: 44/400
Job 277: 45/400
Job 277: 46/400
Job 277: 47/400
Job 277: 48/400
Job 277: 49/400
Job 277: 50/400
Job 277: 51/400
Job 277: 52/400
Job 277: 53/400
Job 277: 54/400
Job 277: 55/400
Job 277: 56/400
Job 277: 57/400
Job 277: 58/400
Job 277: 59/400
Job 277: 60/400
Job 277: 61/400
Job 277: 62/400
Job 277: 63/400
Job 277: 64/400
Job 277: 65/400
Job 277: 66/400
Job 277: 67/400
Job 277: 68/400
Job 277: 69/400
Job 277: 70/400
Job 277: 71/400
Job 277: 72/400
Job 277: 73/400
Job 277: 74/400
Job 277: 75/400
Job 277: 76/400
Job 277: 77/400
Job 277: 78/400
Job 277: 79/400
Job 277: 80/400
Job 277: 81/400
Job 277: 82/400
Job 277: 83/400
Job 277: 84/400
Job 277: 85/400
Job 277: 86/400
Job 277: 87/400
Job 277: 88/400
Job 277: 89/400
Job 277: 90/400
Job 277: 91/400
Job 277: 92/400
Job 277: 93/400
Job 277: 94/400
Job 277: 95/400
Job 277: 96/400
Job 277: 97/400
Job 277: 98/400
Job 277: 99/400
Job 277: 100/400
Job 277: 101/400
Job 277: 102/400
Job 277: 103/400
Job 277: 104/400
Job 277: 105/400
Job 277: 106/400
Job 277: 107/400
Job 277: 108/400
Job 277: 109/400
Job 277: 110/400
Job 277: 111/400
Job 277: 112/400
Job 277: 113/400
Job 277: 114/400
Job 277: 115/400
Job 277: 116/400
Job 277: 117/400
Job 277: 118/400
Job 277: 119/400
Job 277: 120/400
Job 277: 121/400
Job 277: 122/400
Job 277: 123/400
Job 277: 124/400
Job 277: 125/400
Job 277: 126/400
Job 277: 127/400
Job 277: 128/400
Job 277: 129/400
Job 277: 130/400
Job 277: 131/400
Job 277: 132/400
Job 277: 133/400
Job 277: 134/400
Job 277: 135/400
Job 277: 136/400
Job 277: 137/400
Job 277: 138/400
Job 277: 139/400
Job 277: 140/400
Job 277: 141/400
Job 277: 142/400
Job 277: 143/400
Job 277: 144/400
Job 277: 145/400
Job 277: 146/400
Job 277: 147/400
Job 277: 148/400
Job 277: 149/400
Job 277: 150/400
Job 277: 151/400
Job 277: 152/400
Job 277: 153/400
Job 277: 154/400
Job 277: 155/400
Job 277: 156/400
Job 277: 157/400
Job 277: 158/400
Job 277: 159/400
Job 277: 160/400
Job 277: 161/400
Job 277: 162/400
Job 277: 163/400
Job 277: 164/400
Job 277: 165/400
Job 277: 166/400
Job 277: 167/400
Job 277: 168/400
Job 277: 169/400
Job 277: 170/400
Job 277: 171/400
Job 277: 172/400
Job 277: 173/400
Job 277: 174/400
Job 277: 175/400
Job 277: 176/400
Job 277: 177/400
Job 277: 178/400
Job 277: 179/400
Job 277: 180/400
Job 277: 181/400
Job 277: 182/400
Job 277: 183/400
Job 277: 184/400
Job 277: 185/400
Job 277: 186/400
Job 277: 187/400
Job 277: 188/400
Job 277: 189/400
Job 277: 190/400
Job 277: 191/400
Job 277: 192/400
Job 277: 193/400
Job 277: 194/400
Job 277: 195/400
Job 277: 196/400
Job 277: 197/400
Job 277: 198/400
Job 277: 199/400
Job 277: 200/400
Job 277: 201/400
Job 277: 202/400
Job 277: 203/400
Job 277: 204/400
Job 277: 205/400
Job 277: 206/400
Job 277: 207/400
Job 277: 208/400
Job 277: 209/400
Job 277: 210/400
Job 277: 211/400
Job 277: 212/400
Job 277: 213/400
Job 277: 214/400
Job 277: 215/400
Job 277: 216/400
Job 277: 217/400
Job 277: 218/400
Job 277: 219/400
Job 277: 220/400
Job 277: 221/400
Job 277: 222/400
Job 277: 223/400
Job 277: 224/400
Job 277: 225/400
Job 277: 226/400
Job 277: 227/400
Job 277: 228/400
Job 277: 229/400
Job 277: 230/400
Job 277: 231/400
Job 277: 232/400
Job 277: 233/400
Job 277: 234/400
Job 277: 235/400
Job 277: 236/400
Job 277: 237/400
Job 277: 238/400
Job 277: 239/400
Job 277: 240/400
Job 277: 241/400
Job 277: 242/400
Job 277: 243/400
Job 277: 244/400
Job 277: 245/400
Job 277: 246/400
Job 277: 247/400
Job 277: 248/400
Job 277: 249/400
Job 277: 250/400
Job 277: 251/400
Job 277: 252/400
Job 277: 253/400
Job 277: 254/400
Job 277: 255/400
Job 277: 256/400
Job 277: 257/400
Job 277: 258/400
Job 277: 259/400
Job 277: 260/400
Job 277: 261/400
Job 277: 262/400
Job 277: 263/400
Job 277: 264/400
Job 277: 265/400
Job 277: 266/400
Job 277: 267/400
Job 277: 268/400
Job 277: 269/400
Job 277: 270/400
Job 277: 271/400
Job 277: 272/400
Job 277: 273/400
Job 277: 274/400
Job 277: 275/400
Job 277: 276/400
Job 277: 277/400
Job 277: 278/400
Job 277: 279/400
Job 277: 280/400
Job 277: 281/400
Job 277: 282/400
Job 277: 283/400
Job 277: 284/400
Job 277: 285/400
Job 277: 286/400
Job 277: 287/400
Job 277: 288/400
Job 277: 289/400
Job 277: 290/400
Job 277: 291/400
Job 277: 292/400
Job 277: 293/400
Job 277: 294/400
Job 277: 295/400
Job 277: 296/400
Job 277: 297/400
Job 277: 298/400
Job 277: 299/400
Job 277: 300/400
Job 277: 301/400
Job 277: 302/400
Job 277: 303/400
Job 277: 304/400
Job 277: 305/400
Job 277: 306/400
Job 277: 307/400
Job 277: 308/400
Job 277: 309/400
Job 277: 310/400
Job 277: 311/400
Job 277: 312/400
Job 277: 313/400
Job 277: 314/400
Job 277: 315/400
Job 277: 316/400
Job 277: 317/400
Job 277: 318/400
Job 277: 319/400
Job 277: 320/400
Job 277: 321/400
Job 277: 322/400
Job 277: 323/400
Job 277: 324/400
Job 277: 325/400
Job 277: 326/400
Job 277: 327/400
Job 277: 328/400
Job 277: 329/400
Job 277: 330/400
Job 277: 331/400
Job 277: 332/400
Job 277: 333/400
Job 277: 334/400
Job 277: 335/400
Job 277: 336/400
Job 277: 337/400
Job 277: 338/400
Job 277: 339/400
Job 277: 340/400
Job 277: 341/400
Job 277: 342/400
Job 277: 343/400
Job 277: 344/400
Job 277: 345/400
Job 277: 346/400
Job 277: 347/400
Job 277: 348/400
Job 277: 349/400
Job 277: 350/400
Job 277: 351/400
Job 277: 352/400
Job 277: 353/400
Job 277: 354/400
Job 277: 355/400
Job 277: 356/400
Job 277: 357/400
Job 277: 358/400
Job 277: 359/400
Job 277: 360/400
Job 277: 361/400
Job 277: 362/400
Job 277: 363/400
Job 277: 364/400
Job 277: 365/400
Job 277: 366/400
Job 277: 367/400
Job 277: 368/400
Job 277: 369/400
Job 277: 370/400
Job 277: 371/400
Job 277: 372/400
Job 277: 373/400
Job 277: 374/400
Job 277: 375/400
Job 277: 376/400
Job 277: 377/400
Job 277: 378/400
Job 277: 379/400
Job 277: 380/400
Job 277: 381/400
Job 277: 382/400
Job 277: 383/400
Job 277: 384/400
Job 277: 385/400
Job 277: 386/400
Job 277: 387/400
Job 277: 388/400
Job 277: 389/400
Job 277: 390/400
Job 277: 391/400
Job 277: 392/400
Job 277: 393/400
Job 277: 394/400
Job 277: 395/400
Job 277: 396/400
Job 277: 397/400
Job 277: 398/400
Job 277: 399/400
Job 277: 400/400
