Registered S3 methods overwritten by 'susieSlide':
  method              from  
  coef.susie          susieR
  predict.susie       susieR
  print.summary.susie susieR
  summary.susie       susieR
Job 387: 1/400
Job 387: 2/400
Job 387: 3/400
Job 387: 4/400
Job 387: 5/400
Job 387: 6/400
Job 387: 7/400
Job 387: 8/400
Job 387: 9/400
Job 387: 10/400
Job 387: 11/400
Job 387: 12/400
Job 387: 13/400
Job 387: 14/400
Job 387: 15/400
Job 387: 16/400
Job 387: 17/400
Job 387: 18/400
Job 387: 19/400
Job 387: 20/400
Job 387: 21/400
Job 387: 22/400
Job 387: 23/400
Job 387: 24/400
Job 387: 25/400
Job 387: 26/400
Job 387: 27/400
Job 387: 28/400
Job 387: 29/400
Job 387: 30/400
Job 387: 31/400
Job 387: 32/400
Job 387: 33/400
Job 387: 34/400
Job 387: 35/400
Job 387: 36/400
Job 387: 37/400
Job 387: 38/400
Job 387: 39/400
Job 387: 40/400
Job 387: 41/400
Job 387: 42/400
Job 387: 43/400
Job 387: 44/400
Job 387: 45/400
Job 387: 46/400
Job 387: 47/400
Job 387: 48/400
Job 387: 49/400
Job 387: 50/400
Job 387: 51/400
Job 387: 52/400
Job 387: 53/400
Job 387: 54/400
Job 387: 55/400
Job 387: 56/400
Job 387: 57/400
Job 387: 58/400
Job 387: 59/400
Job 387: 60/400
Job 387: 61/400
Job 387: 62/400
Job 387: 63/400
Job 387: 64/400
Job 387: 65/400
Job 387: 66/400
Job 387: 67/400
Job 387: 68/400
Job 387: 69/400
Job 387: 70/400
Job 387: 71/400
Job 387: 72/400
Job 387: 73/400
Job 387: 74/400
Job 387: 75/400
Job 387: 76/400
Job 387: 77/400
Job 387: 78/400
Job 387: 79/400
Job 387: 80/400
Job 387: 81/400
Job 387: 82/400
Job 387: 83/400
Job 387: 84/400
Job 387: 85/400
Job 387: 86/400
Job 387: 87/400
Job 387: 88/400
Job 387: 89/400
Job 387: 90/400
Job 387: 91/400
Job 387: 92/400
Job 387: 93/400
Job 387: 94/400
Job 387: 95/400
Job 387: 96/400
Job 387: 97/400
Job 387: 98/400
Job 387: 99/400
Job 387: 100/400
Job 387: 101/400
Job 387: 102/400
Job 387: 103/400
Job 387: 104/400
Job 387: 105/400
Job 387: 106/400
Job 387: 107/400
Job 387: 108/400
Job 387: 109/400
Job 387: 110/400
Job 387: 111/400
Job 387: 112/400
Job 387: 113/400
Job 387: 114/400
Job 387: 115/400
Job 387: 116/400
Job 387: 117/400
Job 387: 118/400
Job 387: 119/400
Job 387: 120/400
Job 387: 121/400
Job 387: 122/400
Job 387: 123/400
Job 387: 124/400
Job 387: 125/400
Job 387: 126/400
Job 387: 127/400
Job 387: 128/400
Job 387: 129/400
Job 387: 130/400
Job 387: 131/400
Job 387: 132/400
Job 387: 133/400
Job 387: 134/400
Job 387: 135/400
Job 387: 136/400
Job 387: 137/400
Job 387: 138/400
Job 387: 139/400
Job 387: 140/400
Job 387: 141/400
Job 387: 142/400
Job 387: 143/400
Job 387: 144/400
Job 387: 145/400
Job 387: 146/400
Job 387: 147/400
Job 387: 148/400
Job 387: 149/400
Job 387: 150/400
Job 387: 151/400
Job 387: 152/400
Job 387: 153/400
Job 387: 154/400
Job 387: 155/400
Job 387: 156/400
Job 387: 157/400
Job 387: 158/400
Job 387: 159/400
Job 387: 160/400
Job 387: 161/400
Job 387: 162/400
Job 387: 163/400
Job 387: 164/400
Job 387: 165/400
Job 387: 166/400
Job 387: 167/400
Job 387: 168/400
Job 387: 169/400
Job 387: 170/400
Job 387: 171/400
Job 387: 172/400
Job 387: 173/400
Job 387: 174/400
Job 387: 175/400
Job 387: 176/400
Job 387: 177/400
Job 387: 178/400
Job 387: 179/400
Job 387: 180/400
Job 387: 181/400
Job 387: 182/400
Job 387: 183/400
Job 387: 184/400
Job 387: 185/400
Job 387: 186/400
Job 387: 187/400
Job 387: 188/400
Job 387: 189/400
Job 387: 190/400
Job 387: 191/400
Job 387: 192/400
Job 387: 193/400
Job 387: 194/400
Job 387: 195/400
Job 387: 196/400
Job 387: 197/400
Job 387: 198/400
Job 387: 199/400
Job 387: 200/400
Job 387: 201/400
Job 387: 202/400
Job 387: 203/400
Job 387: 204/400
Job 387: 205/400
Job 387: 206/400
Job 387: 207/400
Job 387: 208/400
Job 387: 209/400
Job 387: 210/400
Job 387: 211/400
Job 387: 212/400
Job 387: 213/400
Job 387: 214/400
Job 387: 215/400
Job 387: 216/400
Job 387: 217/400
Job 387: 218/400
Job 387: 219/400
Job 387: 220/400
Job 387: 221/400
Job 387: 222/400
Job 387: 223/400
Job 387: 224/400
Job 387: 225/400
Job 387: 226/400
Job 387: 227/400
Job 387: 228/400
Job 387: 229/400
Job 387: 230/400
Job 387: 231/400
Job 387: 232/400
Job 387: 233/400
Job 387: 234/400
Job 387: 235/400
Job 387: 236/400
Job 387: 237/400
Job 387: 238/400
Job 387: 239/400
Job 387: 240/400
Job 387: 241/400
Job 387: 242/400
Job 387: 243/400
Job 387: 244/400
Job 387: 245/400
Job 387: 246/400
Job 387: 247/400
Job 387: 248/400
Job 387: 249/400
Job 387: 250/400
Job 387: 251/400
Job 387: 252/400
Job 387: 253/400
Job 387: 254/400
Job 387: 255/400
Job 387: 256/400
Job 387: 257/400
Job 387: 258/400
Job 387: 259/400
Job 387: 260/400
Job 387: 261/400
Job 387: 262/400
Job 387: 263/400
Job 387: 264/400
Job 387: 265/400
Job 387: 266/400
Job 387: 267/400
Job 387: 268/400
Job 387: 269/400
Job 387: 270/400
Job 387: 271/400
Job 387: 272/400
Job 387: 273/400
Job 387: 274/400
Job 387: 275/400
Job 387: 276/400
Job 387: 277/400
Job 387: 278/400
Job 387: 279/400
Job 387: 280/400
Job 387: 281/400
Job 387: 282/400
Job 387: 283/400
Job 387: 284/400
Job 387: 285/400
Job 387: 286/400
Job 387: 287/400
Job 387: 288/400
Job 387: 289/400
Job 387: 290/400
Job 387: 291/400
Job 387: 292/400
Job 387: 293/400
Job 387: 294/400
Job 387: 295/400
Job 387: 296/400
Job 387: 297/400
Job 387: 298/400
Job 387: 299/400
Job 387: 300/400
Job 387: 301/400
Job 387: 302/400
Job 387: 303/400
Job 387: 304/400
Job 387: 305/400
Job 387: 306/400
Job 387: 307/400
Job 387: 308/400
Job 387: 309/400
Job 387: 310/400
Job 387: 311/400
Job 387: 312/400
Job 387: 313/400
Job 387: 314/400
Job 387: 315/400
Job 387: 316/400
Job 387: 317/400
Job 387: 318/400
Job 387: 319/400
Job 387: 320/400
Job 387: 321/400
Job 387: 322/400
Job 387: 323/400
Job 387: 324/400
Job 387: 325/400
Job 387: 326/400
Job 387: 327/400
Job 387: 328/400
Job 387: 329/400
Job 387: 330/400
Job 387: 331/400
Job 387: 332/400
Job 387: 333/400
Job 387: 334/400
Job 387: 335/400
Job 387: 336/400
Job 387: 337/400
Job 387: 338/400
Job 387: 339/400
Job 387: 340/400
Job 387: 341/400
Job 387: 342/400
Job 387: 343/400
Job 387: 344/400
Job 387: 345/400
Job 387: 346/400
Job 387: 347/400
Job 387: 348/400
Job 387: 349/400
Job 387: 350/400
Job 387: 351/400
Job 387: 352/400
Job 387: 353/400
Job 387: 354/400
Job 387: 355/400
Job 387: 356/400
Job 387: 357/400
Job 387: 358/400
Job 387: 359/400
Job 387: 360/400
Job 387: 361/400
Job 387: 362/400
Job 387: 363/400
Job 387: 364/400
Job 387: 365/400
Job 387: 366/400
Job 387: 367/400
Job 387: 368/400
Job 387: 369/400
Job 387: 370/400
Job 387: 371/400
Job 387: 372/400
Job 387: 373/400
Job 387: 374/400
Job 387: 375/400
Job 387: 376/400
Job 387: 377/400
Job 387: 378/400
Job 387: 379/400
Job 387: 380/400
Job 387: 381/400
Job 387: 382/400
Job 387: 383/400
Job 387: 384/400
Job 387: 385/400
Job 387: 386/400
Job 387: 387/400
Job 387: 388/400
Job 387: 389/400
Job 387: 390/400
Job 387: 391/400
Job 387: 392/400
Job 387: 393/400
Job 387: 394/400
Job 387: 395/400
Job 387: 396/400
Job 387: 397/400
Job 387: 398/400
Job 387: 399/400
Job 387: 400/400
