Registered S3 methods overwritten by 'susieSlide':
  method              from  
  coef.susie          susieR
  predict.susie       susieR
  print.summary.susie susieR
  summary.susie       susieR
Job 508: 1/400
Job 508: 2/400
Job 508: 3/400
Job 508: 4/400
Job 508: 5/400
Job 508: 6/400
Job 508: 7/400
Job 508: 8/400
Job 508: 9/400
Job 508: 10/400
Job 508: 11/400
Job 508: 12/400
Job 508: 13/400
Job 508: 14/400
Job 508: 15/400
Job 508: 16/400
Job 508: 17/400
Job 508: 18/400
Job 508: 19/400
Job 508: 20/400
Job 508: 21/400
Job 508: 22/400
Job 508: 23/400
Job 508: 24/400
Job 508: 25/400
Job 508: 26/400
Job 508: 27/400
Job 508: 28/400
Job 508: 29/400
Job 508: 30/400
Job 508: 31/400
Job 508: 32/400
Job 508: 33/400
Job 508: 34/400
Job 508: 35/400
Job 508: 36/400
Job 508: 37/400
Job 508: 38/400
Job 508: 39/400
Job 508: 40/400
Job 508: 41/400
Job 508: 42/400
Job 508: 43/400
Job 508: 44/400
Job 508: 45/400
Job 508: 46/400
Job 508: 47/400
Job 508: 48/400
Job 508: 49/400
Job 508: 50/400
Job 508: 51/400
Job 508: 52/400
Job 508: 53/400
Job 508: 54/400
Job 508: 55/400
Job 508: 56/400
Job 508: 57/400
Job 508: 58/400
Job 508: 59/400
Job 508: 60/400
Job 508: 61/400
Job 508: 62/400
Job 508: 63/400
Job 508: 64/400
Job 508: 65/400
Job 508: 66/400
Job 508: 67/400
Job 508: 68/400
Job 508: 69/400
Job 508: 70/400
Job 508: 71/400
Job 508: 72/400
Job 508: 73/400
Job 508: 74/400
Job 508: 75/400
Job 508: 76/400
Job 508: 77/400
Job 508: 78/400
Job 508: 79/400
Job 508: 80/400
Job 508: 81/400
Job 508: 82/400
Job 508: 83/400
Job 508: 84/400
Job 508: 85/400
Job 508: 86/400
Job 508: 87/400
Job 508: 88/400
Job 508: 89/400
Job 508: 90/400
Job 508: 91/400
Job 508: 92/400
Job 508: 93/400
Job 508: 94/400
Job 508: 95/400
Job 508: 96/400
Job 508: 97/400
Job 508: 98/400
Job 508: 99/400
Job 508: 100/400
Job 508: 101/400
Job 508: 102/400
Job 508: 103/400
Job 508: 104/400
Job 508: 105/400
Job 508: 106/400
Job 508: 107/400
Job 508: 108/400
Job 508: 109/400
Job 508: 110/400
Job 508: 111/400
Job 508: 112/400
Job 508: 113/400
Job 508: 114/400
Job 508: 115/400
Job 508: 116/400
Job 508: 117/400
Job 508: 118/400
Job 508: 119/400
Job 508: 120/400
Job 508: 121/400
Job 508: 122/400
Job 508: 123/400
Job 508: 124/400
Job 508: 125/400
Job 508: 126/400
Job 508: 127/400
Job 508: 128/400
Job 508: 129/400
Job 508: 130/400
Job 508: 131/400
Job 508: 132/400
Job 508: 133/400
Job 508: 134/400
Job 508: 135/400
Job 508: 136/400
Job 508: 137/400
Job 508: 138/400
Job 508: 139/400
Job 508: 140/400
Job 508: 141/400
Job 508: 142/400
Job 508: 143/400
Job 508: 144/400
Job 508: 145/400
Job 508: 146/400
Job 508: 147/400
Job 508: 148/400
Job 508: 149/400
Job 508: 150/400
Job 508: 151/400
Job 508: 152/400
Job 508: 153/400
Job 508: 154/400
Job 508: 155/400
Job 508: 156/400
Job 508: 157/400
Job 508: 158/400
Job 508: 159/400
Job 508: 160/400
Job 508: 161/400
Job 508: 162/400
Job 508: 163/400
Job 508: 164/400
Job 508: 165/400
Job 508: 166/400
Job 508: 167/400
Job 508: 168/400
Job 508: 169/400
Job 508: 170/400
Job 508: 171/400
Job 508: 172/400
Job 508: 173/400
Job 508: 174/400
Job 508: 175/400
Job 508: 176/400
Job 508: 177/400
Job 508: 178/400
Job 508: 179/400
Job 508: 180/400
Job 508: 181/400
Job 508: 182/400
Job 508: 183/400
Job 508: 184/400
Job 508: 185/400
Job 508: 186/400
Job 508: 187/400
Job 508: 188/400
Job 508: 189/400
Job 508: 190/400
Job 508: 191/400
Job 508: 192/400
Job 508: 193/400
Job 508: 194/400
Job 508: 195/400
Job 508: 196/400
Job 508: 197/400
Job 508: 198/400
Job 508: 199/400
Job 508: 200/400
Job 508: 201/400
Job 508: 202/400
Job 508: 203/400
Job 508: 204/400
Job 508: 205/400
Job 508: 206/400
Job 508: 207/400
Job 508: 208/400
Job 508: 209/400
Job 508: 210/400
Job 508: 211/400
Job 508: 212/400
Job 508: 213/400
Job 508: 214/400
Job 508: 215/400
Job 508: 216/400
Job 508: 217/400
Job 508: 218/400
Job 508: 219/400
Job 508: 220/400
Job 508: 221/400
Job 508: 222/400
Job 508: 223/400
Job 508: 224/400
Job 508: 225/400
Job 508: 226/400
Job 508: 227/400
Job 508: 228/400
Job 508: 229/400
Job 508: 230/400
Job 508: 231/400
Job 508: 232/400
Job 508: 233/400
Job 508: 234/400
Job 508: 235/400
Job 508: 236/400
Job 508: 237/400
Job 508: 238/400
Job 508: 239/400
Job 508: 240/400
Job 508: 241/400
Job 508: 242/400
Job 508: 243/400
Job 508: 244/400
Job 508: 245/400
Job 508: 246/400
Job 508: 247/400
Job 508: 248/400
Job 508: 249/400
Job 508: 250/400
Job 508: 251/400
Job 508: 252/400
Job 508: 253/400
Job 508: 254/400
Job 508: 255/400
Job 508: 256/400
Job 508: 257/400
Job 508: 258/400
Job 508: 259/400
Job 508: 260/400
Job 508: 261/400
Job 508: 262/400
Job 508: 263/400
Job 508: 264/400
Job 508: 265/400
Job 508: 266/400
Job 508: 267/400
Job 508: 268/400
Job 508: 269/400
Job 508: 270/400
Job 508: 271/400
Job 508: 272/400
Job 508: 273/400
Job 508: 274/400
Job 508: 275/400
Job 508: 276/400
Job 508: 277/400
Job 508: 278/400
Job 508: 279/400
Job 508: 280/400
Job 508: 281/400
Job 508: 282/400
Job 508: 283/400
Job 508: 284/400
Job 508: 285/400
Job 508: 286/400
Job 508: 287/400
Job 508: 288/400
Job 508: 289/400
Job 508: 290/400
Job 508: 291/400
Job 508: 292/400
Job 508: 293/400
Job 508: 294/400
Job 508: 295/400
Job 508: 296/400
Job 508: 297/400
Job 508: 298/400
Job 508: 299/400
Job 508: 300/400
Job 508: 301/400
Job 508: 302/400
Job 508: 303/400
Job 508: 304/400
Job 508: 305/400
Job 508: 306/400
Job 508: 307/400
Job 508: 308/400
Job 508: 309/400
Job 508: 310/400
Job 508: 311/400
Job 508: 312/400
Job 508: 313/400
Job 508: 314/400
Job 508: 315/400
Job 508: 316/400
Job 508: 317/400
Job 508: 318/400
Job 508: 319/400
Job 508: 320/400
Job 508: 321/400
Job 508: 322/400
Job 508: 323/400
Job 508: 324/400
Job 508: 325/400
Job 508: 326/400
Job 508: 327/400
Job 508: 328/400
Job 508: 329/400
Job 508: 330/400
Job 508: 331/400
Job 508: 332/400
Job 508: 333/400
Job 508: 334/400
Job 508: 335/400
Job 508: 336/400
Job 508: 337/400
Job 508: 338/400
Job 508: 339/400
Job 508: 340/400
Job 508: 341/400
Job 508: 342/400
Job 508: 343/400
Job 508: 344/400
Job 508: 345/400
Job 508: 346/400
Job 508: 347/400
Job 508: 348/400
Job 508: 349/400
Job 508: 350/400
Job 508: 351/400
Job 508: 352/400
Job 508: 353/400
Job 508: 354/400
Job 508: 355/400
Job 508: 356/400
Job 508: 357/400
Job 508: 358/400
Job 508: 359/400
Job 508: 360/400
Job 508: 361/400
Job 508: 362/400
Job 508: 363/400
Job 508: 364/400
Job 508: 365/400
Job 508: 366/400
Job 508: 367/400
Job 508: 368/400
Job 508: 369/400
Job 508: 370/400
Job 508: 371/400
Job 508: 372/400
Job 508: 373/400
Job 508: 374/400
Job 508: 375/400
Job 508: 376/400
Job 508: 377/400
Job 508: 378/400
Job 508: 379/400
Job 508: 380/400
Job 508: 381/400
Job 508: 382/400
Job 508: 383/400
Job 508: 384/400
Job 508: 385/400
Job 508: 386/400
Job 508: 387/400
Job 508: 388/400
Job 508: 389/400
Job 508: 390/400
Job 508: 391/400
Job 508: 392/400
Job 508: 393/400
Job 508: 394/400
Job 508: 395/400
Job 508: 396/400
Job 508: 397/400
Job 508: 398/400
Job 508: 399/400
Job 508: 400/400
