Registered S3 methods overwritten by 'susieSlide':
  method              from  
  coef.susie          susieR
  predict.susie       susieR
  print.summary.susie susieR
  summary.susie       susieR
Job 48: 1/400
Job 48: 2/400
Job 48: 3/400
Job 48: 4/400
Job 48: 5/400
Job 48: 6/400
Job 48: 7/400
Job 48: 8/400
Job 48: 9/400
Job 48: 10/400
Job 48: 11/400
Job 48: 12/400
Job 48: 13/400
Job 48: 14/400
Job 48: 15/400
Job 48: 16/400
Job 48: 17/400
Job 48: 18/400
Job 48: 19/400
Job 48: 20/400
Job 48: 21/400
Job 48: 22/400
Job 48: 23/400
Job 48: 24/400
Job 48: 25/400
Job 48: 26/400
Job 48: 27/400
Job 48: 28/400
Job 48: 29/400
Job 48: 30/400
Job 48: 31/400
Job 48: 32/400
Job 48: 33/400
Job 48: 34/400
Job 48: 35/400
Job 48: 36/400
Job 48: 37/400
Job 48: 38/400
Job 48: 39/400
Job 48: 40/400
Job 48: 41/400
Job 48: 42/400
Job 48: 43/400
Job 48: 44/400
Job 48: 45/400
Job 48: 46/400
Job 48: 47/400
Job 48: 48/400
Job 48: 49/400
Job 48: 50/400
Job 48: 51/400
Job 48: 52/400
Job 48: 53/400
Job 48: 54/400
Job 48: 55/400
Job 48: 56/400
Job 48: 57/400
Job 48: 58/400
Job 48: 59/400
Job 48: 60/400
Job 48: 61/400
Job 48: 62/400
Job 48: 63/400
Job 48: 64/400
Job 48: 65/400
Job 48: 66/400
Job 48: 67/400
Job 48: 68/400
Job 48: 69/400
Job 48: 70/400
Job 48: 71/400
Job 48: 72/400
Job 48: 73/400
Job 48: 74/400
Job 48: 75/400
Job 48: 76/400
Job 48: 77/400
Job 48: 78/400
Job 48: 79/400
Job 48: 80/400
Job 48: 81/400
Job 48: 82/400
Job 48: 83/400
Job 48: 84/400
Job 48: 85/400
Job 48: 86/400
Job 48: 87/400
Job 48: 88/400
Job 48: 89/400
Job 48: 90/400
Job 48: 91/400
Job 48: 92/400
Job 48: 93/400
Job 48: 94/400
Job 48: 95/400
Job 48: 96/400
Job 48: 97/400
Job 48: 98/400
Job 48: 99/400
Job 48: 100/400
Job 48: 101/400
Job 48: 102/400
Job 48: 103/400
Job 48: 104/400
Job 48: 105/400
Job 48: 106/400
Job 48: 107/400
Job 48: 108/400
Job 48: 109/400
Job 48: 110/400
Job 48: 111/400
Job 48: 112/400
Job 48: 113/400
Job 48: 114/400
Job 48: 115/400
Job 48: 116/400
Job 48: 117/400
Job 48: 118/400
Job 48: 119/400
Job 48: 120/400
Job 48: 121/400
Job 48: 122/400
Job 48: 123/400
Job 48: 124/400
Job 48: 125/400
Job 48: 126/400
Job 48: 127/400
Job 48: 128/400
Job 48: 129/400
Job 48: 130/400
Job 48: 131/400
Job 48: 132/400
Job 48: 133/400
Job 48: 134/400
Job 48: 135/400
Job 48: 136/400
Job 48: 137/400
Job 48: 138/400
Job 48: 139/400
Job 48: 140/400
Job 48: 141/400
Job 48: 142/400
Job 48: 143/400
Job 48: 144/400
Job 48: 145/400
Job 48: 146/400
Job 48: 147/400
Job 48: 148/400
Job 48: 149/400
Job 48: 150/400
Job 48: 151/400
Job 48: 152/400
Job 48: 153/400
Job 48: 154/400
Job 48: 155/400
Job 48: 156/400
Job 48: 157/400
Job 48: 158/400
Job 48: 159/400
Job 48: 160/400
Job 48: 161/400
Job 48: 162/400
Job 48: 163/400
Job 48: 164/400
Job 48: 165/400
Job 48: 166/400
Job 48: 167/400
Job 48: 168/400
Job 48: 169/400
Job 48: 170/400
Job 48: 171/400
Job 48: 172/400
Job 48: 173/400
Job 48: 174/400
Job 48: 175/400
Job 48: 176/400
Job 48: 177/400
Job 48: 178/400
Job 48: 179/400
Job 48: 180/400
Job 48: 181/400
Job 48: 182/400
Job 48: 183/400
Job 48: 184/400
Job 48: 185/400
Job 48: 186/400
Job 48: 187/400
Job 48: 188/400
Job 48: 189/400
Job 48: 190/400
Job 48: 191/400
Job 48: 192/400
Job 48: 193/400
Job 48: 194/400
Job 48: 195/400
Job 48: 196/400
Job 48: 197/400
Job 48: 198/400
Job 48: 199/400
Job 48: 200/400
Job 48: 201/400
Job 48: 202/400
Job 48: 203/400
Job 48: 204/400
Job 48: 205/400
Job 48: 206/400
Job 48: 207/400
Job 48: 208/400
Job 48: 209/400
Job 48: 210/400
Job 48: 211/400
Job 48: 212/400
Job 48: 213/400
Job 48: 214/400
Job 48: 215/400
Job 48: 216/400
Job 48: 217/400
Job 48: 218/400
Job 48: 219/400
Job 48: 220/400
Job 48: 221/400
Job 48: 222/400
Job 48: 223/400
Job 48: 224/400
Job 48: 225/400
Job 48: 226/400
Job 48: 227/400
Job 48: 228/400
Job 48: 229/400
Job 48: 230/400
Job 48: 231/400
Job 48: 232/400
Job 48: 233/400
Job 48: 234/400
Job 48: 235/400
Job 48: 236/400
Job 48: 237/400
Job 48: 238/400
Job 48: 239/400
Job 48: 240/400
Job 48: 241/400
Job 48: 242/400
Job 48: 243/400
Job 48: 244/400
Job 48: 245/400
Job 48: 246/400
Job 48: 247/400
Job 48: 248/400
Job 48: 249/400
Job 48: 250/400
Job 48: 251/400
Job 48: 252/400
Job 48: 253/400
Job 48: 254/400
Job 48: 255/400
Job 48: 256/400
Job 48: 257/400
Job 48: 258/400
Job 48: 259/400
Job 48: 260/400
Job 48: 261/400
Job 48: 262/400
Job 48: 263/400
Job 48: 264/400
Job 48: 265/400
Job 48: 266/400
Job 48: 267/400
Job 48: 268/400
Job 48: 269/400
Job 48: 270/400
Job 48: 271/400
Job 48: 272/400
Job 48: 273/400
Job 48: 274/400
Job 48: 275/400
Job 48: 276/400
Job 48: 277/400
Job 48: 278/400
Job 48: 279/400
Job 48: 280/400
Job 48: 281/400
Job 48: 282/400
Job 48: 283/400
Job 48: 284/400
Job 48: 285/400
Job 48: 286/400
Job 48: 287/400
Job 48: 288/400
Job 48: 289/400
Job 48: 290/400
Job 48: 291/400
Job 48: 292/400
Job 48: 293/400
Job 48: 294/400
Job 48: 295/400
Job 48: 296/400
Job 48: 297/400
Job 48: 298/400
Job 48: 299/400
Job 48: 300/400
Job 48: 301/400
Job 48: 302/400
Job 48: 303/400
Job 48: 304/400
Job 48: 305/400
Job 48: 306/400
Job 48: 307/400
Job 48: 308/400
Job 48: 309/400
Job 48: 310/400
Job 48: 311/400
Job 48: 312/400
Job 48: 313/400
Job 48: 314/400
Job 48: 315/400
Job 48: 316/400
Job 48: 317/400
Job 48: 318/400
Job 48: 319/400
Job 48: 320/400
Job 48: 321/400
Job 48: 322/400
Job 48: 323/400
Job 48: 324/400
Job 48: 325/400
Job 48: 326/400
Job 48: 327/400
Job 48: 328/400
Job 48: 329/400
Job 48: 330/400
Job 48: 331/400
Job 48: 332/400
Job 48: 333/400
Job 48: 334/400
Job 48: 335/400
Job 48: 336/400
Job 48: 337/400
Job 48: 338/400
Job 48: 339/400
Job 48: 340/400
Job 48: 341/400
Job 48: 342/400
Job 48: 343/400
Job 48: 344/400
Job 48: 345/400
Job 48: 346/400
Job 48: 347/400
Job 48: 348/400
Job 48: 349/400
Job 48: 350/400
Job 48: 351/400
Job 48: 352/400
Job 48: 353/400
Job 48: 354/400
Job 48: 355/400
Job 48: 356/400
Job 48: 357/400
Job 48: 358/400
Job 48: 359/400
Job 48: 360/400
Job 48: 361/400
Job 48: 362/400
Job 48: 363/400
Job 48: 364/400
Job 48: 365/400
Job 48: 366/400
Job 48: 367/400
Job 48: 368/400
Job 48: 369/400
Job 48: 370/400
Job 48: 371/400
Job 48: 372/400
Job 48: 373/400
Job 48: 374/400
Job 48: 375/400
Job 48: 376/400
Job 48: 377/400
Job 48: 378/400
Job 48: 379/400
Job 48: 380/400
Job 48: 381/400
Job 48: 382/400
Job 48: 383/400
Job 48: 384/400
Job 48: 385/400
Job 48: 386/400
Job 48: 387/400
Job 48: 388/400
Job 48: 389/400
Job 48: 390/400
Job 48: 391/400
Job 48: 392/400
Job 48: 393/400
Job 48: 394/400
Job 48: 395/400
Job 48: 396/400
Job 48: 397/400
Job 48: 398/400
Job 48: 399/400
Job 48: 400/400
