Registered S3 methods overwritten by 'susieSlide':
  method              from  
  coef.susie          susieR
  predict.susie       susieR
  print.summary.susie susieR
  summary.susie       susieR
Job 668: 1/400
Job 668: 2/400
Job 668: 3/400
Job 668: 4/400
Job 668: 5/400
Job 668: 6/400
Job 668: 7/400
Job 668: 8/400
Job 668: 9/400
Job 668: 10/400
Job 668: 11/400
Job 668: 12/400
Job 668: 13/400
Job 668: 14/400
Job 668: 15/400
Job 668: 16/400
Job 668: 17/400
Job 668: 18/400
Job 668: 19/400
Job 668: 20/400
Job 668: 21/400 ERROR: No .raw files found in temp_dir.
Job 668: 22/400 ERROR: No .raw files found in temp_dir.
Job 668: 23/400 ERROR: No .raw files found in temp_dir.
Job 668: 24/400 ERROR: No .raw files found in temp_dir.
Job 668: 25/400 ERROR: No .raw files found in temp_dir.
Job 668: 26/400 ERROR: No .raw files found in temp_dir.
Job 668: 27/400 ERROR: No .raw files found in temp_dir.
Job 668: 28/400 ERROR: No .raw files found in temp_dir.
Job 668: 29/400 ERROR: No .raw files found in temp_dir.
Job 668: 30/400 ERROR: No .raw files found in temp_dir.
Job 668: 31/400 ERROR: No .raw files found in temp_dir.
Job 668: 32/400 ERROR: No .raw files found in temp_dir.
Job 668: 33/400 ERROR: No .raw files found in temp_dir.
Job 668: 34/400 ERROR: No .raw files found in temp_dir.
Job 668: 35/400 ERROR: No .raw files found in temp_dir.
Job 668: 36/400 ERROR: No .raw files found in temp_dir.
Job 668: 37/400 ERROR: No .raw files found in temp_dir.
Job 668: 38/400 ERROR: No .raw files found in temp_dir.
Job 668: 39/400 ERROR: No .raw files found in temp_dir.
Job 668: 40/400 ERROR: No .raw files found in temp_dir.
Job 668: 41/400 ERROR: No .raw files found in temp_dir.
Job 668: 42/400 ERROR: No .raw files found in temp_dir.
Job 668: 43/400 ERROR: No .raw files found in temp_dir.
Job 668: 44/400 ERROR: No .raw files found in temp_dir.
Job 668: 45/400 ERROR: No .raw files found in temp_dir.
Job 668: 46/400 ERROR: No .raw files found in temp_dir.
Job 668: 47/400 ERROR: No .raw files found in temp_dir.
Job 668: 48/400 ERROR: No .raw files found in temp_dir.
Job 668: 49/400 ERROR: No .raw files found in temp_dir.
Job 668: 50/400 ERROR: No .raw files found in temp_dir.
Job 668: 51/400 ERROR: No .raw files found in temp_dir.
Job 668: 52/400 ERROR: No .raw files found in temp_dir.
Job 668: 53/400 ERROR: No .raw files found in temp_dir.
Job 668: 54/400 ERROR: No .raw files found in temp_dir.
Job 668: 55/400 ERROR: No .raw files found in temp_dir.
Job 668: 56/400 ERROR: No .raw files found in temp_dir.
Job 668: 57/400 ERROR: No .raw files found in temp_dir.
Job 668: 58/400 ERROR: No .raw files found in temp_dir.
Job 668: 59/400 ERROR: No .raw files found in temp_dir.
Job 668: 60/400 ERROR: No .raw files found in temp_dir.
Job 668: 61/400 ERROR: No .raw files found in temp_dir.
Job 668: 62/400 ERROR: No .raw files found in temp_dir.
Job 668: 63/400 ERROR: No .raw files found in temp_dir.
Job 668: 64/400 ERROR: No .raw files found in temp_dir.
Job 668: 65/400 ERROR: No .raw files found in temp_dir.
Job 668: 66/400 ERROR: No .raw files found in temp_dir.
Job 668: 67/400 ERROR: No .raw files found in temp_dir.
Job 668: 68/400 ERROR: No .raw files found in temp_dir.
Job 668: 69/400 ERROR: No .raw files found in temp_dir.
Job 668: 70/400 ERROR: No .raw files found in temp_dir.
Job 668: 71/400 ERROR: No .raw files found in temp_dir.
Job 668: 72/400 ERROR: No .raw files found in temp_dir.
Job 668: 73/400 ERROR: No .raw files found in temp_dir.
Job 668: 74/400 ERROR: No .raw files found in temp_dir.
Job 668: 75/400 ERROR: No .raw files found in temp_dir.
Job 668: 76/400 ERROR: No .raw files found in temp_dir.
Job 668: 77/400 ERROR: No .raw files found in temp_dir.
Job 668: 78/400 ERROR: No .raw files found in temp_dir.
Job 668: 79/400 ERROR: No .raw files found in temp_dir.
Job 668: 80/400 ERROR: No .raw files found in temp_dir.
Job 668: 81/400 ERROR: No .raw files found in temp_dir.
Job 668: 82/400 ERROR: No .raw files found in temp_dir.
Job 668: 83/400 ERROR: No .raw files found in temp_dir.
Job 668: 84/400 ERROR: No .raw files found in temp_dir.
Job 668: 85/400 ERROR: No .raw files found in temp_dir.
Job 668: 86/400 ERROR: No .raw files found in temp_dir.
Job 668: 87/400 ERROR: No .raw files found in temp_dir.
Job 668: 88/400 ERROR: No .raw files found in temp_dir.
Job 668: 89/400 ERROR: No .raw files found in temp_dir.
Job 668: 90/400 ERROR: No .raw files found in temp_dir.
Job 668: 91/400 ERROR: No .raw files found in temp_dir.
Job 668: 92/400 ERROR: No .raw files found in temp_dir.
Job 668: 93/400 ERROR: No .raw files found in temp_dir.
Job 668: 94/400 ERROR: No .raw files found in temp_dir.
Job 668: 95/400 ERROR: No .raw files found in temp_dir.
Job 668: 96/400 ERROR: No .raw files found in temp_dir.
Job 668: 97/400 ERROR: No .raw files found in temp_dir.
Job 668: 98/400 ERROR: Not enough donors for the requested n.
Job 668: 99/400
Job 668: 100/400
Job 668: 101/400
Job 668: 102/400
Job 668: 103/400
Job 668: 104/400
Job 668: 105/400
Job 668: 106/400
Job 668: 107/400
Job 668: 108/400
Job 668: 109/400
Job 668: 110/400
Job 668: 111/400
Job 668: 112/400
Job 668: 113/400
Job 668: 114/400
Job 668: 115/400
Job 668: 116/400
Job 668: 117/400
Job 668: 118/400
Job 668: 119/400
Job 668: 120/400
Job 668: 121/400
Job 668: 122/400
Job 668: 123/400
Job 668: 124/400
Job 668: 125/400 ERROR: No .raw files found in temp_dir.
Job 668: 126/400 ERROR: No .raw files found in temp_dir.
Job 668: 127/400 ERROR: No .raw files found in temp_dir.
Job 668: 128/400 ERROR: No .raw files found in temp_dir.
Job 668: 129/400 ERROR: No .raw files found in temp_dir.
Job 668: 130/400 ERROR: No .raw files found in temp_dir.
Job 668: 131/400 ERROR: No .raw files found in temp_dir.
Job 668: 132/400 ERROR: No .raw files found in temp_dir.
Job 668: 133/400 ERROR: No .raw files found in temp_dir.
Job 668: 134/400 ERROR: No .raw files found in temp_dir.
Job 668: 135/400 ERROR: No .raw files found in temp_dir.
Job 668: 136/400 ERROR: No .raw files found in temp_dir.
Job 668: 137/400 ERROR: No .raw files found in temp_dir.
Job 668: 138/400 ERROR: No .raw files found in temp_dir.
Job 668: 139/400 ERROR: No .raw files found in temp_dir.
Job 668: 140/400 ERROR: No .raw files found in temp_dir.
Job 668: 141/400 ERROR: No .raw files found in temp_dir.
Job 668: 142/400 ERROR: No .raw files found in temp_dir.
Job 668: 143/400 ERROR: No .raw files found in temp_dir.
Job 668: 144/400 ERROR: No .raw files found in temp_dir.
Job 668: 145/400 ERROR: No .raw files found in temp_dir.
Job 668: 146/400 ERROR: No .raw files found in temp_dir.
Job 668: 147/400 ERROR: No .raw files found in temp_dir.
Job 668: 148/400 ERROR: No .raw files found in temp_dir.
Job 668: 149/400 ERROR: No .raw files found in temp_dir.
Job 668: 150/400 ERROR: No .raw files found in temp_dir.
Job 668: 151/400 ERROR: No .raw files found in temp_dir.
Job 668: 152/400 ERROR: No .raw files found in temp_dir.
Job 668: 153/400 ERROR: No .raw files found in temp_dir.
Job 668: 154/400 ERROR: No .raw files found in temp_dir.
Job 668: 155/400 ERROR: No .raw files found in temp_dir.
Job 668: 156/400 ERROR: No .raw files found in temp_dir.
Job 668: 157/400 ERROR: No .raw files found in temp_dir.
Job 668: 158/400 ERROR: No .raw files found in temp_dir.
Job 668: 159/400 ERROR: No .raw files found in temp_dir.
Job 668: 160/400 ERROR: No .raw files found in temp_dir.
Job 668: 161/400 ERROR: No .raw files found in temp_dir.
Job 668: 162/400 ERROR: No .raw files found in temp_dir.
Job 668: 163/400 ERROR: No .raw files found in temp_dir.
Job 668: 164/400 ERROR: No .raw files found in temp_dir.
Job 668: 165/400 ERROR: No .raw files found in temp_dir.
Job 668: 166/400 ERROR: No .raw files found in temp_dir.
Job 668: 167/400 ERROR: No .raw files found in temp_dir.
Job 668: 168/400
Job 668: 169/400
Job 668: 170/400
Job 668: 171/400
Job 668: 172/400
Job 668: 173/400
Job 668: 174/400
Job 668: 175/400
Job 668: 176/400
Job 668: 177/400
Job 668: 178/400
Job 668: 179/400
Job 668: 180/400
Job 668: 181/400
Job 668: 182/400
Job 668: 183/400
Job 668: 184/400
Job 668: 185/400
Job 668: 186/400
Job 668: 187/400
Job 668: 188/400
Job 668: 189/400
Job 668: 190/400
Job 668: 191/400
Job 668: 192/400
Job 668: 193/400 ERROR: No .raw files found in temp_dir.
Job 668: 194/400 ERROR: No .raw files found in temp_dir.
Job 668: 195/400 ERROR: No .raw files found in temp_dir.
Job 668: 196/400 ERROR: No .raw files found in temp_dir.
Job 668: 197/400 ERROR: No .raw files found in temp_dir.
Job 668: 198/400 ERROR: No .raw files found in temp_dir.
Job 668: 199/400 ERROR: No .raw files found in temp_dir.
Job 668: 200/400 ERROR: No .raw files found in temp_dir.
Job 668: 201/400 ERROR: No .raw files found in temp_dir.
Job 668: 202/400 ERROR: No .raw files found in temp_dir.
Job 668: 203/400 ERROR: No .raw files found in temp_dir.
Job 668: 204/400 ERROR: No .raw files found in temp_dir.
Job 668: 205/400 ERROR: No .raw files found in temp_dir.
Job 668: 206/400 ERROR: No .raw files found in temp_dir.
Job 668: 207/400 ERROR: No .raw files found in temp_dir.
Job 668: 208/400 ERROR: No .raw files found in temp_dir.
Job 668: 209/400 ERROR: No .raw files found in temp_dir.
Job 668: 210/400 ERROR: No .raw files found in temp_dir.
Job 668: 211/400 ERROR: No .raw files found in temp_dir.
Job 668: 212/400 ERROR: No .raw files found in temp_dir.
Job 668: 213/400 ERROR: No .raw files found in temp_dir.
Job 668: 214/400 ERROR: No .raw files found in temp_dir.
Job 668: 215/400 ERROR: No .raw files found in temp_dir.
Job 668: 216/400 ERROR: No .raw files found in temp_dir.
Job 668: 217/400 ERROR: No .raw files found in temp_dir.
Job 668: 218/400 ERROR: No .raw files found in temp_dir.
Job 668: 219/400 ERROR: No .raw files found in temp_dir.
Job 668: 220/400 ERROR: No .raw files found in temp_dir.
Job 668: 221/400 ERROR: No .raw files found in temp_dir.
Job 668: 222/400 ERROR: No .raw files found in temp_dir.
Job 668: 223/400 ERROR: No .raw files found in temp_dir.
Job 668: 224/400 ERROR: No .raw files found in temp_dir.
Job 668: 225/400 ERROR: No .raw files found in temp_dir.
Job 668: 226/400 ERROR: No .raw files found in temp_dir.
Job 668: 227/400 ERROR: No .raw files found in temp_dir.
Job 668: 228/400 ERROR: No .raw files found in temp_dir.
Job 668: 229/400 ERROR: No .raw files found in temp_dir.
Job 668: 230/400 ERROR: No .raw files found in temp_dir.
Job 668: 231/400 ERROR: No .raw files found in temp_dir.
Job 668: 232/400 ERROR: No .raw files found in temp_dir.
Job 668: 233/400 ERROR: No .raw files found in temp_dir.
Job 668: 234/400 ERROR: No .raw files found in temp_dir.
Job 668: 235/400 ERROR: No .raw files found in temp_dir.
Job 668: 236/400 ERROR: No .raw files found in temp_dir.
Job 668: 237/400 ERROR: No .raw files found in temp_dir.
Job 668: 238/400 ERROR: No .raw files found in temp_dir.
Job 668: 239/400 ERROR: No .raw files found in temp_dir.
Job 668: 240/400 ERROR: No .raw files found in temp_dir.
Job 668: 241/400 ERROR: No .raw files found in temp_dir.
Job 668: 242/400 ERROR: No .raw files found in temp_dir.
Job 668: 243/400 ERROR: No .raw files found in temp_dir.
Job 668: 244/400 ERROR: No .raw files found in temp_dir.
Job 668: 245/400 ERROR: No .raw files found in temp_dir.
Job 668: 246/400 ERROR: No .raw files found in temp_dir.
Job 668: 247/400 ERROR: No .raw files found in temp_dir.
Job 668: 248/400 ERROR: No .raw files found in temp_dir.
Job 668: 249/400 ERROR: No .raw files found in temp_dir.
Job 668: 250/400 ERROR: No .raw files found in temp_dir.
Job 668: 251/400 ERROR: No .raw files found in temp_dir.
Job 668: 252/400 ERROR: No .raw files found in temp_dir.
Job 668: 253/400 ERROR: No .raw files found in temp_dir.
Job 668: 254/400 ERROR: No .raw files found in temp_dir.
Job 668: 255/400 ERROR: No .raw files found in temp_dir.
Job 668: 256/400 ERROR: No .raw files found in temp_dir.
Job 668: 257/400 ERROR: No .raw files found in temp_dir.
Job 668: 258/400 ERROR: No .raw files found in temp_dir.
Job 668: 259/400 ERROR: No .raw files found in temp_dir.
Job 668: 260/400 ERROR: No .raw files found in temp_dir.
Job 668: 261/400 ERROR: No .raw files found in temp_dir.
Job 668: 262/400 ERROR: No .raw files found in temp_dir.
Job 668: 263/400 ERROR: No .raw files found in temp_dir.
Job 668: 264/400 ERROR: No .raw files found in temp_dir.
Job 668: 265/400 ERROR: No .raw files found in temp_dir.
Job 668: 266/400 ERROR: No .raw files found in temp_dir.
Job 668: 267/400 ERROR: No .raw files found in temp_dir.
Job 668: 268/400 ERROR: No .raw files found in temp_dir.
Job 668: 269/400 ERROR: No .raw files found in temp_dir.
Job 668: 270/400 ERROR: No .raw files found in temp_dir.
Job 668: 271/400 ERROR: No .raw files found in temp_dir.
Job 668: 272/400 ERROR: No .raw files found in temp_dir.
Job 668: 273/400 ERROR: No .raw files found in temp_dir.
Job 668: 274/400 ERROR: No .raw files found in temp_dir.
Job 668: 275/400 ERROR: No .raw files found in temp_dir.
Job 668: 276/400 ERROR: No .raw files found in temp_dir.
Job 668: 277/400 ERROR: No .raw files found in temp_dir.
Job 668: 278/400 ERROR: No .raw files found in temp_dir.
Job 668: 279/400 ERROR: No .raw files found in temp_dir.
Job 668: 280/400 ERROR: No .raw files found in temp_dir.
Job 668: 281/400 ERROR: No .raw files found in temp_dir.
Job 668: 282/400 ERROR: No .raw files found in temp_dir.
Job 668: 283/400 ERROR: No .raw files found in temp_dir.
Job 668: 284/400 ERROR: No .raw files found in temp_dir.
Job 668: 285/400 ERROR: No .raw files found in temp_dir.
Job 668: 286/400 ERROR: No .raw files found in temp_dir.
Job 668: 287/400 ERROR: No .raw files found in temp_dir.
Job 668: 288/400 ERROR: No .raw files found in temp_dir.
Job 668: 289/400 ERROR: No .raw files found in temp_dir.
Job 668: 290/400 ERROR: No .raw files found in temp_dir.
Job 668: 291/400 ERROR: No .raw files found in temp_dir.
Job 668: 292/400 ERROR: No .raw files found in temp_dir.
Job 668: 293/400 ERROR: No .raw files found in temp_dir.
Job 668: 294/400 ERROR: No .raw files found in temp_dir.
Job 668: 295/400 ERROR: No .raw files found in temp_dir.
Job 668: 296/400 ERROR: No .raw files found in temp_dir.
Job 668: 297/400 ERROR: No .raw files found in temp_dir.
Job 668: 298/400 ERROR: No .raw files found in temp_dir.
Job 668: 299/400 ERROR: No .raw files found in temp_dir.
Job 668: 300/400 ERROR: No .raw files found in temp_dir.
Job 668: 301/400 ERROR: No .raw files found in temp_dir.
Job 668: 302/400 ERROR: No .raw files found in temp_dir.
Job 668: 303/400 ERROR: No .raw files found in temp_dir.
Job 668: 304/400 ERROR: No .raw files found in temp_dir.
Job 668: 305/400 ERROR: No .raw files found in temp_dir.
Job 668: 306/400 ERROR: No .raw files found in temp_dir.
Job 668: 307/400 ERROR: No .raw files found in temp_dir.
Job 668: 308/400 ERROR: No .raw files found in temp_dir.
Job 668: 309/400 ERROR: No .raw files found in temp_dir.
Job 668: 310/400 ERROR: No .raw files found in temp_dir.
Job 668: 311/400 ERROR: No .raw files found in temp_dir.
Job 668: 312/400 ERROR: No .raw files found in temp_dir.
Job 668: 313/400 ERROR: No .raw files found in temp_dir.
Job 668: 314/400 ERROR: No .raw files found in temp_dir.
Job 668: 315/400 ERROR: No .raw files found in temp_dir.
Job 668: 316/400 ERROR: No .raw files found in temp_dir.
Job 668: 317/400 ERROR: No .raw files found in temp_dir.
Job 668: 318/400 ERROR: No .raw files found in temp_dir.
Job 668: 319/400 ERROR: No .raw files found in temp_dir.
Job 668: 320/400 ERROR: No .raw files found in temp_dir.
Job 668: 321/400 ERROR: No .raw files found in temp_dir.
Job 668: 322/400 ERROR: No .raw files found in temp_dir.
Job 668: 323/400 ERROR: No .raw files found in temp_dir.
Job 668: 324/400 ERROR: No .raw files found in temp_dir.
Job 668: 325/400 ERROR: No .raw files found in temp_dir.
Job 668: 326/400 ERROR: No .raw files found in temp_dir.
Job 668: 327/400 ERROR: No .raw files found in temp_dir.
Job 668: 328/400 ERROR: No .raw files found in temp_dir.
Job 668: 329/400 ERROR: No .raw files found in temp_dir.
Job 668: 330/400 ERROR: No .raw files found in temp_dir.
Job 668: 331/400 ERROR: No .raw files found in temp_dir.
Job 668: 332/400 ERROR: No .raw files found in temp_dir.
Job 668: 333/400 ERROR: No .raw files found in temp_dir.
Job 668: 334/400 ERROR: No .raw files found in temp_dir.
Job 668: 335/400 ERROR: No .raw files found in temp_dir.
Job 668: 336/400 ERROR: No .raw files found in temp_dir.
Job 668: 337/400 ERROR: No .raw files found in temp_dir.
Job 668: 338/400 ERROR: No .raw files found in temp_dir.
Job 668: 339/400 ERROR: No .raw files found in temp_dir.
Job 668: 340/400 ERROR: No .raw files found in temp_dir.
Job 668: 341/400 ERROR: No .raw files found in temp_dir.
Job 668: 342/400 ERROR: No .raw files found in temp_dir.
Job 668: 343/400 ERROR: No .raw files found in temp_dir.
Job 668: 344/400 ERROR: No .raw files found in temp_dir.
Job 668: 345/400 ERROR: No .raw files found in temp_dir.
Job 668: 346/400 ERROR: No .raw files found in temp_dir.
Job 668: 347/400 ERROR: No .raw files found in temp_dir.
Job 668: 348/400 ERROR: No .raw files found in temp_dir.
Job 668: 349/400 ERROR: No .raw files found in temp_dir.
Job 668: 350/400 ERROR: No .raw files found in temp_dir.
Job 668: 351/400 ERROR: No .raw files found in temp_dir.
Job 668: 352/400 ERROR: No .raw files found in temp_dir.
Job 668: 353/400 ERROR: No .raw files found in temp_dir.
Job 668: 354/400 ERROR: No .raw files found in temp_dir.
Job 668: 355/400 ERROR: No .raw files found in temp_dir.
Job 668: 356/400 ERROR: No .raw files found in temp_dir.
Job 668: 357/400 ERROR: No .raw files found in temp_dir.
Job 668: 358/400 ERROR: No .raw files found in temp_dir.
Job 668: 359/400 ERROR: No .raw files found in temp_dir.
Job 668: 360/400 ERROR: No .raw files found in temp_dir.
Job 668: 361/400 ERROR: No .raw files found in temp_dir.
Job 668: 362/400 ERROR: No .raw files found in temp_dir.
Job 668: 363/400 ERROR: No .raw files found in temp_dir.
Job 668: 364/400 ERROR: No .raw files found in temp_dir.
Job 668: 365/400 ERROR: No .raw files found in temp_dir.
Job 668: 366/400 ERROR: No .raw files found in temp_dir.
Job 668: 367/400 ERROR: No .raw files found in temp_dir.
Job 668: 368/400 ERROR: No .raw files found in temp_dir.
Job 668: 369/400 ERROR: No .raw files found in temp_dir.
Job 668: 370/400 ERROR: No .raw files found in temp_dir.
Job 668: 371/400 ERROR: No .raw files found in temp_dir.
Job 668: 372/400 ERROR: No .raw files found in temp_dir.
Job 668: 373/400 ERROR: No .raw files found in temp_dir.
Job 668: 374/400 ERROR: No .raw files found in temp_dir.
Job 668: 375/400 ERROR: No .raw files found in temp_dir.
Job 668: 376/400 ERROR: No .raw files found in temp_dir.
Job 668: 377/400 ERROR: No .raw files found in temp_dir.
Job 668: 378/400 ERROR: No .raw files found in temp_dir.
Job 668: 379/400 ERROR: No .raw files found in temp_dir.
Job 668: 380/400 ERROR: No .raw files found in temp_dir.
Job 668: 381/400 ERROR: No .raw files found in temp_dir.
Job 668: 382/400 ERROR: No .raw files found in temp_dir.
Job 668: 383/400 ERROR: No .raw files found in temp_dir.
Job 668: 384/400 ERROR: No .raw files found in temp_dir.
Job 668: 385/400 ERROR: No .raw files found in temp_dir.
Job 668: 386/400 ERROR: No .raw files found in temp_dir.
Job 668: 387/400 ERROR: No .raw files found in temp_dir.
Job 668: 388/400 ERROR: No .raw files found in temp_dir.
Job 668: 389/400 ERROR: No .raw files found in temp_dir.
Job 668: 390/400 ERROR: No .raw files found in temp_dir.
Job 668: 391/400 ERROR: No .raw files found in temp_dir.
Job 668: 392/400 ERROR: No .raw files found in temp_dir.
Job 668: 393/400 ERROR: No .raw files found in temp_dir.
Job 668: 394/400 ERROR: No .raw files found in temp_dir.
Job 668: 395/400 ERROR: No .raw files found in temp_dir.
Job 668: 396/400 ERROR: No .raw files found in temp_dir.
Job 668: 397/400 ERROR: No .raw files found in temp_dir.
Job 668: 398/400 ERROR: No .raw files found in temp_dir.
Job 668: 399/400 ERROR: No .raw files found in temp_dir.
Job 668: 400/400 ERROR: No .raw files found in temp_dir.
Warning messages:
1: In data.table::fread(raw_file, data.table = FALSE) :
  Discarded single-line footer: <<0	GTEX-13CF2	0	0	0	-9	2	2	1	2	2	0	2	2	2	2	2	2	1	1	2	2	2	2	2	2	2	2	2	2	2	2	2	2	0	2	0	2	2	2	0	2	2	0	2	2	2	2	2	2	2	2	2	2	1	2	2	2	2	2	2	0	2	2	2	2	2	2	2	1	1	2	2	2	2	2	2	2	2	1	1	2	2	0	2	2	2	2	2	2	2	2	2	2	2	2	0	2	2	2	2	2	2	2	2	2	2	2	2	2	0	2	2	2	1	2	2	2	2	1	2	2	2	2	2	2	2	2	2	2	2	2	2	1	2	0	2	2	2	2	1	2	1	2	0	1	0	2	1	2	2	2	2	2	2	2	2	2	2	2	2	2	2	2	2	2	2	2	2	2	2	2	2	2	2	2	2	2	2	2	2	2	2	2	2	2	2	2	2	2	2	2	2	2	2	2	2	2	2	2	2	2	2	2	2	2	2	2	2	2	2	2	2	2	2	2	2	2	2	2	2	2	2	2	2	2	2	2	2	2	2	2	2	2	2	2	2	2	2	2	2	2	2	2	2	>>
2: In data.table::fread(raw_file, data.table = FALSE) :
  Discarded single-line footer: <<0	GTEX-P4QR	0	0	0	-9	2	2	2	2	1	0	2	2	2	2	2	2	1	2	2	2	2	2	2	2	2	2	2	2	2	2	2	2	0	2	0	2	1	2	1	2	1	0	2	2	2	1	2	1	2	2	2	2	1	2	2	1	2	2	2	0	2	2	2	2	2	1	2	2	2	2	1	2	2	2	2	2	2	1	2	2	2	0	2	2	2	2	2	2	2	2	2	2	2	2	0	1	2	2	2	1	2	2	2	2	2	2	2	2	0	2	2	2	2	2	2	2	2	1	2	2	2	1	2	2	2	2	2	2	2	1	2	2	2	0	2	2	2	2	1	2	1	2	0	2	0	2	1	2	2	2	2	2	2	2	2	2	2	2	2	2	2	1	1	2	2	1	2	2	1	1	2	2	2	2	2	2	1	2	2	2	2	2	2	2	2	2	2	2	2	1	2	2	2	2	2	1	2	2	2	2	2	2	2	2	2	2	2	2	2	2	2	2	2	2	2	2	2	2	2	2	2	2	2	2	2	2	2	1	2	2	2	2	2	2	2	2	2	1	2	2	2	2	2	2>>
3: In data.table::fread(raw_file, data.table = FALSE) :
  Discarded single-line footer: <<0	GTEX-ZTPG	0	0	0	-9	2	2	0	2	2	2	2	2	2	2	2	2	2	2	2	2	2	2	2	2	2	2	2	0	0	2	2	2	2	2	0	2	2	2	2	0	2	2	2	2	2	2	2	2	2	2	2	2	2	2	2	2	0	2	2	2	2	2	2	2	2	2	2	2	2	2	2	2	2	2	2	2	2	2	2	2	2	0	2	2	2	2	2	2	2	2	2	2	2	2	2	2	2	2	0	2	2	2	2	2	2	2	2	0	2	0	2	2	2	2	2	2	2	2	2	2	2	2	2	2	2	2	2	2	2	0	2	2	2	2	2	2	2	2	2	0	2	2	2	2	2	2	2	2	2	2	2	2	0	2	2	0	2	2	2	2	2	2	2	2	2	2	2	2	0	2	2	2	0	2	2	2	2	2	2	2	2	2	2	2	2	2	2	2	2	2	2	2	0	0	2	2	2	2	2	2	2	2	2	2	2	2	2	2	2	2	2	2	2	2	2	2	2	2	0	2	2	2	2	2	2	2	0	2	2	2	2	2	2	2	2	2	2	2	2	2	2	2	2	2>>
