Registered S3 methods overwritten by 'susieSlide':
  method              from  
  coef.susie          susieR
  predict.susie       susieR
  print.summary.susie susieR
  summary.susie       susieR
Job 648: 1/400
Job 648: 2/400
Job 648: 3/400
Job 648: 4/400
Job 648: 5/400
Job 648: 6/400
Job 648: 7/400
Job 648: 8/400
Job 648: 9/400
Job 648: 10/400
Job 648: 11/400
Job 648: 12/400
Job 648: 13/400
Job 648: 14/400
Job 648: 15/400
Job 648: 16/400
Job 648: 17/400
Job 648: 18/400
Job 648: 19/400
Job 648: 20/400
Job 648: 21/400
Job 648: 22/400 ERROR: No .raw files found in temp_dir.
Job 648: 23/400 ERROR: No .raw files found in temp_dir.
Job 648: 24/400 ERROR: No .raw files found in temp_dir.
Job 648: 25/400 ERROR: No .raw files found in temp_dir.
Job 648: 26/400 ERROR: No .raw files found in temp_dir.
Job 648: 27/400 ERROR: No .raw files found in temp_dir.
Job 648: 28/400 ERROR: No .raw files found in temp_dir.
Job 648: 29/400 ERROR: No .raw files found in temp_dir.
Job 648: 30/400 ERROR: No .raw files found in temp_dir.
Job 648: 31/400 ERROR: No .raw files found in temp_dir.
Job 648: 32/400 ERROR: No .raw files found in temp_dir.
Job 648: 33/400 ERROR: No .raw files found in temp_dir.
Job 648: 34/400 ERROR: No .raw files found in temp_dir.
Job 648: 35/400 ERROR: No .raw files found in temp_dir.
Job 648: 36/400 ERROR: No .raw files found in temp_dir.
Job 648: 37/400 ERROR: No .raw files found in temp_dir.
Job 648: 38/400 ERROR: No .raw files found in temp_dir.
Job 648: 39/400 ERROR: No .raw files found in temp_dir.
Job 648: 40/400 ERROR: No .raw files found in temp_dir.
Job 648: 41/400 ERROR: No .raw files found in temp_dir.
Job 648: 42/400 ERROR: No .raw files found in temp_dir.
Job 648: 43/400 ERROR: No .raw files found in temp_dir.
Job 648: 44/400 ERROR: No .raw files found in temp_dir.
Job 648: 45/400 ERROR: No .raw files found in temp_dir.
Job 648: 46/400 ERROR: No .raw files found in temp_dir.
Job 648: 47/400 ERROR: No .raw files found in temp_dir.
Job 648: 48/400 ERROR: No .raw files found in temp_dir.
Job 648: 49/400 ERROR: No .raw files found in temp_dir.
Job 648: 50/400 ERROR: No .raw files found in temp_dir.
Job 648: 51/400 ERROR: No .raw files found in temp_dir.
Job 648: 52/400 ERROR: No .raw files found in temp_dir.
Job 648: 53/400 ERROR: No .raw files found in temp_dir.
Job 648: 54/400 ERROR: No .raw files found in temp_dir.
Job 648: 55/400 ERROR: No .raw files found in temp_dir.
Job 648: 56/400 ERROR: No .raw files found in temp_dir.
Job 648: 57/400 ERROR: No .raw files found in temp_dir.
Job 648: 58/400 ERROR: No .raw files found in temp_dir.
Job 648: 59/400 ERROR: No .raw files found in temp_dir.
Job 648: 60/400 ERROR: No .raw files found in temp_dir.
Job 648: 61/400 ERROR: No .raw files found in temp_dir.
Job 648: 62/400 ERROR: No .raw files found in temp_dir.
Job 648: 63/400 ERROR: No .raw files found in temp_dir.
Job 648: 64/400 ERROR: No .raw files found in temp_dir.
Job 648: 65/400 ERROR: No .raw files found in temp_dir.
Job 648: 66/400 ERROR: No .raw files found in temp_dir.
Job 648: 67/400 ERROR: No .raw files found in temp_dir.
Job 648: 68/400 ERROR: No .raw files found in temp_dir.
Job 648: 69/400 ERROR: No .raw files found in temp_dir.
Job 648: 70/400 ERROR: No .raw files found in temp_dir.
Job 648: 71/400 ERROR: No .raw files found in temp_dir.
Job 648: 72/400 ERROR: No .raw files found in temp_dir.
Job 648: 73/400 ERROR: No .raw files found in temp_dir.
Job 648: 74/400 ERROR: No .raw files found in temp_dir.
Job 648: 75/400 ERROR: No .raw files found in temp_dir.
Job 648: 76/400 ERROR: No .raw files found in temp_dir.
Job 648: 77/400 ERROR: No .raw files found in temp_dir.
Job 648: 78/400 ERROR: No .raw files found in temp_dir.
Job 648: 79/400 ERROR: No .raw files found in temp_dir.
Job 648: 80/400 ERROR: No .raw files found in temp_dir.
Job 648: 81/400 ERROR: No .raw files found in temp_dir.
Job 648: 82/400 ERROR: No .raw files found in temp_dir.
Job 648: 83/400 ERROR: No .raw files found in temp_dir.
Job 648: 84/400 ERROR: No .raw files found in temp_dir.
Job 648: 85/400 ERROR: No .raw files found in temp_dir.
Job 648: 86/400 ERROR: No .raw files found in temp_dir.
Job 648: 87/400 ERROR: No .raw files found in temp_dir.
Job 648: 88/400 ERROR: No .raw files found in temp_dir.
Job 648: 89/400 ERROR: No .raw files found in temp_dir.
Job 648: 90/400 ERROR: No .raw files found in temp_dir.
Job 648: 91/400 ERROR: No .raw files found in temp_dir.
Job 648: 92/400 ERROR: No .raw files found in temp_dir.
Job 648: 93/400 ERROR: No .raw files found in temp_dir.
Job 648: 94/400 ERROR: No .raw files found in temp_dir.
Job 648: 95/400 ERROR: Not enough donors for the requested n.
Job 648: 96/400
Job 648: 97/400
Job 648: 98/400
Job 648: 99/400
Job 648: 100/400
Job 648: 101/400
Job 648: 102/400
Job 648: 103/400
Job 648: 104/400
Job 648: 105/400
Job 648: 106/400
Job 648: 107/400
Job 648: 108/400
Job 648: 109/400
Job 648: 110/400
Job 648: 111/400
Job 648: 112/400
Job 648: 113/400
Job 648: 114/400
Job 648: 115/400
Job 648: 116/400
Job 648: 117/400
Job 648: 118/400
Job 648: 119/400
Job 648: 120/400
Job 648: 121/400 ERROR: No .raw files found in temp_dir.
Job 648: 122/400 ERROR: No .raw files found in temp_dir.
Job 648: 123/400 ERROR: No .raw files found in temp_dir.
Job 648: 124/400 ERROR: No .raw files found in temp_dir.
Job 648: 125/400 ERROR: No .raw files found in temp_dir.
Job 648: 126/400 ERROR: No .raw files found in temp_dir.
Job 648: 127/400 ERROR: No .raw files found in temp_dir.
Job 648: 128/400 ERROR: No .raw files found in temp_dir.
Job 648: 129/400 ERROR: No .raw files found in temp_dir.
Job 648: 130/400 ERROR: No .raw files found in temp_dir.
Job 648: 131/400 ERROR: No .raw files found in temp_dir.
Job 648: 132/400 ERROR: No .raw files found in temp_dir.
Job 648: 133/400 ERROR: No .raw files found in temp_dir.
Job 648: 134/400 ERROR: No .raw files found in temp_dir.
Job 648: 135/400 ERROR: No .raw files found in temp_dir.
Job 648: 136/400 ERROR: No .raw files found in temp_dir.
Job 648: 137/400 ERROR: No .raw files found in temp_dir.
Job 648: 138/400 ERROR: No .raw files found in temp_dir.
Job 648: 139/400 ERROR: No .raw files found in temp_dir.
Job 648: 140/400 ERROR: No .raw files found in temp_dir.
Job 648: 141/400 ERROR: No .raw files found in temp_dir.
Job 648: 142/400 ERROR: No .raw files found in temp_dir.
Job 648: 143/400 ERROR: No .raw files found in temp_dir.
Job 648: 144/400 ERROR: No .raw files found in temp_dir.
Job 648: 145/400 ERROR: No .raw files found in temp_dir.
Job 648: 146/400 ERROR: No .raw files found in temp_dir.
Job 648: 147/400 ERROR: No .raw files found in temp_dir.
Job 648: 148/400 ERROR: No .raw files found in temp_dir.
Job 648: 149/400 ERROR: No .raw files found in temp_dir.
Job 648: 150/400 ERROR: No .raw files found in temp_dir.
Job 648: 151/400 ERROR: No .raw files found in temp_dir.
Job 648: 152/400 ERROR: No .raw files found in temp_dir.
Job 648: 153/400 ERROR: No .raw files found in temp_dir.
Job 648: 154/400 ERROR: No .raw files found in temp_dir.
Job 648: 155/400 ERROR: No .raw files found in temp_dir.
Job 648: 156/400 ERROR: No .raw files found in temp_dir.
Job 648: 157/400 ERROR: No .raw files found in temp_dir.
Job 648: 158/400 ERROR: No .raw files found in temp_dir.
Job 648: 159/400 ERROR: No .raw files found in temp_dir.
Job 648: 160/400 ERROR: No .raw files found in temp_dir.
Job 648: 161/400 ERROR: No .raw files found in temp_dir.
Job 648: 162/400 ERROR: No .raw files found in temp_dir.
Job 648: 163/400 ERROR: No .raw files found in temp_dir.
Job 648: 164/400 ERROR: No .raw files found in temp_dir.
Job 648: 165/400 ERROR: No .raw files found in temp_dir.
Job 648: 166/400 ERROR: No .raw files found in temp_dir.
Job 648: 167/400 ERROR: No .raw files found in temp_dir.
Job 648: 168/400
Job 648: 169/400
Job 648: 170/400
Job 648: 171/400
Job 648: 172/400
Job 648: 173/400
Job 648: 174/400
Job 648: 175/400
Job 648: 176/400
Job 648: 177/400
Job 648: 178/400
Job 648: 179/400
Job 648: 180/400
Job 648: 181/400
Job 648: 182/400
Job 648: 183/400
Job 648: 184/400
Job 648: 185/400
Job 648: 186/400
Job 648: 187/400
Job 648: 188/400
Job 648: 189/400
Job 648: 190/400
Job 648: 191/400
Job 648: 192/400
Job 648: 193/400 ERROR: No .raw files found in temp_dir.
Job 648: 194/400 ERROR: No .raw files found in temp_dir.
Job 648: 195/400 ERROR: No .raw files found in temp_dir.
Job 648: 196/400 ERROR: No .raw files found in temp_dir.
Job 648: 197/400 ERROR: No .raw files found in temp_dir.
Job 648: 198/400 ERROR: No .raw files found in temp_dir.
Job 648: 199/400 ERROR: No .raw files found in temp_dir.
Job 648: 200/400 ERROR: No .raw files found in temp_dir.
Job 648: 201/400 ERROR: No .raw files found in temp_dir.
Job 648: 202/400 ERROR: No .raw files found in temp_dir.
Job 648: 203/400 ERROR: No .raw files found in temp_dir.
Job 648: 204/400 ERROR: No .raw files found in temp_dir.
Job 648: 205/400 ERROR: No .raw files found in temp_dir.
Job 648: 206/400 ERROR: No .raw files found in temp_dir.
Job 648: 207/400 ERROR: No .raw files found in temp_dir.
Job 648: 208/400 ERROR: No .raw files found in temp_dir.
Job 648: 209/400 ERROR: No .raw files found in temp_dir.
Job 648: 210/400 ERROR: No .raw files found in temp_dir.
Job 648: 211/400 ERROR: No .raw files found in temp_dir.
Job 648: 212/400 ERROR: No .raw files found in temp_dir.
Job 648: 213/400 ERROR: No .raw files found in temp_dir.
Job 648: 214/400 ERROR: No .raw files found in temp_dir.
Job 648: 215/400 ERROR: No .raw files found in temp_dir.
Job 648: 216/400 ERROR: No .raw files found in temp_dir.
Job 648: 217/400 ERROR: No .raw files found in temp_dir.
Job 648: 218/400 ERROR: No .raw files found in temp_dir.
Job 648: 219/400 ERROR: No .raw files found in temp_dir.
Job 648: 220/400 ERROR: No .raw files found in temp_dir.
Job 648: 221/400 ERROR: No .raw files found in temp_dir.
Job 648: 222/400 ERROR: No .raw files found in temp_dir.
Job 648: 223/400 ERROR: No .raw files found in temp_dir.
Job 648: 224/400 ERROR: No .raw files found in temp_dir.
Job 648: 225/400 ERROR: No .raw files found in temp_dir.
Job 648: 226/400 ERROR: No .raw files found in temp_dir.
Job 648: 227/400 ERROR: No .raw files found in temp_dir.
Job 648: 228/400 ERROR: No .raw files found in temp_dir.
Job 648: 229/400 ERROR: No .raw files found in temp_dir.
Job 648: 230/400 ERROR: No .raw files found in temp_dir.
Job 648: 231/400 ERROR: No .raw files found in temp_dir.
Job 648: 232/400 ERROR: No .raw files found in temp_dir.
Job 648: 233/400 ERROR: No .raw files found in temp_dir.
Job 648: 234/400 ERROR: No .raw files found in temp_dir.
Job 648: 235/400 ERROR: No .raw files found in temp_dir.
Job 648: 236/400 ERROR: No .raw files found in temp_dir.
Job 648: 237/400 ERROR: No .raw files found in temp_dir.
Job 648: 238/400 ERROR: No .raw files found in temp_dir.
Job 648: 239/400 ERROR: No .raw files found in temp_dir.
Job 648: 240/400 ERROR: No .raw files found in temp_dir.
Job 648: 241/400 ERROR: No .raw files found in temp_dir.
Job 648: 242/400 ERROR: No .raw files found in temp_dir.
Job 648: 243/400 ERROR: No .raw files found in temp_dir.
Job 648: 244/400 ERROR: No .raw files found in temp_dir.
Job 648: 245/400 ERROR: No .raw files found in temp_dir.
Job 648: 246/400 ERROR: No .raw files found in temp_dir.
Job 648: 247/400 ERROR: No .raw files found in temp_dir.
Job 648: 248/400 ERROR: No .raw files found in temp_dir.
Job 648: 249/400 ERROR: No .raw files found in temp_dir.
Job 648: 250/400 ERROR: No .raw files found in temp_dir.
Job 648: 251/400 ERROR: No .raw files found in temp_dir.
Job 648: 252/400 ERROR: No .raw files found in temp_dir.
Job 648: 253/400 ERROR: No .raw files found in temp_dir.
Job 648: 254/400 ERROR: No .raw files found in temp_dir.
Job 648: 255/400 ERROR: No .raw files found in temp_dir.
Job 648: 256/400 ERROR: No .raw files found in temp_dir.
Job 648: 257/400 ERROR: No .raw files found in temp_dir.
Job 648: 258/400 ERROR: No .raw files found in temp_dir.
Job 648: 259/400 ERROR: No .raw files found in temp_dir.
Job 648: 260/400 ERROR: No .raw files found in temp_dir.
Job 648: 261/400 ERROR: No .raw files found in temp_dir.
Job 648: 262/400 ERROR: No .raw files found in temp_dir.
Job 648: 263/400 ERROR: No .raw files found in temp_dir.
Job 648: 264/400 ERROR: No .raw files found in temp_dir.
Job 648: 265/400 ERROR: No .raw files found in temp_dir.
Job 648: 266/400 ERROR: No .raw files found in temp_dir.
Job 648: 267/400 ERROR: No .raw files found in temp_dir.
Job 648: 268/400 ERROR: No .raw files found in temp_dir.
Job 648: 269/400 ERROR: No .raw files found in temp_dir.
Job 648: 270/400 ERROR: No .raw files found in temp_dir.
Job 648: 271/400 ERROR: No .raw files found in temp_dir.
Job 648: 272/400 ERROR: No .raw files found in temp_dir.
Job 648: 273/400 ERROR: No .raw files found in temp_dir.
Job 648: 274/400 ERROR: No .raw files found in temp_dir.
Job 648: 275/400 ERROR: No .raw files found in temp_dir.
Job 648: 276/400 ERROR: No .raw files found in temp_dir.
Job 648: 277/400 ERROR: No .raw files found in temp_dir.
Job 648: 278/400 ERROR: No .raw files found in temp_dir.
Job 648: 279/400 ERROR: No .raw files found in temp_dir.
Job 648: 280/400 ERROR: No .raw files found in temp_dir.
Job 648: 281/400 ERROR: No .raw files found in temp_dir.
Job 648: 282/400 ERROR: No .raw files found in temp_dir.
Job 648: 283/400 ERROR: No .raw files found in temp_dir.
Job 648: 284/400 ERROR: No .raw files found in temp_dir.
Job 648: 285/400 ERROR: No .raw files found in temp_dir.
Job 648: 286/400 ERROR: No .raw files found in temp_dir.
Job 648: 287/400 ERROR: No .raw files found in temp_dir.
Job 648: 288/400 ERROR: No .raw files found in temp_dir.
Job 648: 289/400 ERROR: No .raw files found in temp_dir.
Job 648: 290/400 ERROR: No .raw files found in temp_dir.
Job 648: 291/400 ERROR: No .raw files found in temp_dir.
Job 648: 292/400 ERROR: No .raw files found in temp_dir.
Job 648: 293/400 ERROR: No .raw files found in temp_dir.
Job 648: 294/400 ERROR: No .raw files found in temp_dir.
Job 648: 295/400 ERROR: No .raw files found in temp_dir.
Job 648: 296/400 ERROR: No .raw files found in temp_dir.
Job 648: 297/400 ERROR: No .raw files found in temp_dir.
Job 648: 298/400 ERROR: No .raw files found in temp_dir.
Job 648: 299/400 ERROR: No .raw files found in temp_dir.
Job 648: 300/400 ERROR: No .raw files found in temp_dir.
Job 648: 301/400 ERROR: No .raw files found in temp_dir.
Job 648: 302/400 ERROR: No .raw files found in temp_dir.
Job 648: 303/400 ERROR: No .raw files found in temp_dir.
Job 648: 304/400 ERROR: No .raw files found in temp_dir.
Job 648: 305/400 ERROR: No .raw files found in temp_dir.
Job 648: 306/400 ERROR: No .raw files found in temp_dir.
Job 648: 307/400 ERROR: No .raw files found in temp_dir.
Job 648: 308/400 ERROR: No .raw files found in temp_dir.
Job 648: 309/400 ERROR: No .raw files found in temp_dir.
Job 648: 310/400 ERROR: No .raw files found in temp_dir.
Job 648: 311/400 ERROR: No .raw files found in temp_dir.
Job 648: 312/400 ERROR: No .raw files found in temp_dir.
Job 648: 313/400 ERROR: No .raw files found in temp_dir.
Job 648: 314/400 ERROR: No .raw files found in temp_dir.
Job 648: 315/400 ERROR: No .raw files found in temp_dir.
Job 648: 316/400 ERROR: No .raw files found in temp_dir.
Job 648: 317/400 ERROR: No .raw files found in temp_dir.
Job 648: 318/400 ERROR: No .raw files found in temp_dir.
Job 648: 319/400 ERROR: No .raw files found in temp_dir.
Job 648: 320/400 ERROR: No .raw files found in temp_dir.
Job 648: 321/400 ERROR: No .raw files found in temp_dir.
Job 648: 322/400 ERROR: No .raw files found in temp_dir.
Job 648: 323/400 ERROR: No .raw files found in temp_dir.
Job 648: 324/400 ERROR: No .raw files found in temp_dir.
Job 648: 325/400 ERROR: No .raw files found in temp_dir.
Job 648: 326/400 ERROR: No .raw files found in temp_dir.
Job 648: 327/400 ERROR: No .raw files found in temp_dir.
Job 648: 328/400 ERROR: No .raw files found in temp_dir.
Job 648: 329/400 ERROR: No .raw files found in temp_dir.
Job 648: 330/400 ERROR: No .raw files found in temp_dir.
Job 648: 331/400 ERROR: No .raw files found in temp_dir.
Job 648: 332/400 ERROR: No .raw files found in temp_dir.
Job 648: 333/400 ERROR: No .raw files found in temp_dir.
Job 648: 334/400 ERROR: No .raw files found in temp_dir.
Job 648: 335/400 ERROR: No .raw files found in temp_dir.
Job 648: 336/400 ERROR: No .raw files found in temp_dir.
Job 648: 337/400 ERROR: No .raw files found in temp_dir.
Job 648: 338/400 ERROR: No .raw files found in temp_dir.
Job 648: 339/400 ERROR: No .raw files found in temp_dir.
Job 648: 340/400 ERROR: No .raw files found in temp_dir.
Job 648: 341/400 ERROR: No .raw files found in temp_dir.
Job 648: 342/400 ERROR: No .raw files found in temp_dir.
Job 648: 343/400 ERROR: No .raw files found in temp_dir.
Job 648: 344/400 ERROR: No .raw files found in temp_dir.
Job 648: 345/400 ERROR: No .raw files found in temp_dir.
Job 648: 346/400 ERROR: No .raw files found in temp_dir.
Job 648: 347/400 ERROR: No .raw files found in temp_dir.
Job 648: 348/400 ERROR: No .raw files found in temp_dir.
Job 648: 349/400 ERROR: No .raw files found in temp_dir.
Job 648: 350/400 ERROR: No .raw files found in temp_dir.
Job 648: 351/400 ERROR: No .raw files found in temp_dir.
Job 648: 352/400 ERROR: No .raw files found in temp_dir.
Job 648: 353/400 ERROR: No .raw files found in temp_dir.
Job 648: 354/400 ERROR: No .raw files found in temp_dir.
Job 648: 355/400 ERROR: No .raw files found in temp_dir.
Job 648: 356/400 ERROR: No .raw files found in temp_dir.
Job 648: 357/400 ERROR: No .raw files found in temp_dir.
Job 648: 358/400 ERROR: No .raw files found in temp_dir.
Job 648: 359/400 ERROR: No .raw files found in temp_dir.
Job 648: 360/400 ERROR: No .raw files found in temp_dir.
Job 648: 361/400 ERROR: No .raw files found in temp_dir.
Job 648: 362/400 ERROR: No .raw files found in temp_dir.
Job 648: 363/400 ERROR: No .raw files found in temp_dir.
Job 648: 364/400 ERROR: No .raw files found in temp_dir.
Job 648: 365/400 ERROR: No .raw files found in temp_dir.
Job 648: 366/400 ERROR: No .raw files found in temp_dir.
Job 648: 367/400 ERROR: No .raw files found in temp_dir.
Job 648: 368/400 ERROR: No .raw files found in temp_dir.
Job 648: 369/400 ERROR: No .raw files found in temp_dir.
Job 648: 370/400 ERROR: No .raw files found in temp_dir.
Job 648: 371/400 ERROR: No .raw files found in temp_dir.
Job 648: 372/400 ERROR: No .raw files found in temp_dir.
Job 648: 373/400 ERROR: No .raw files found in temp_dir.
Job 648: 374/400 ERROR: No .raw files found in temp_dir.
Job 648: 375/400 ERROR: No .raw files found in temp_dir.
Job 648: 376/400 ERROR: No .raw files found in temp_dir.
Job 648: 377/400 ERROR: No .raw files found in temp_dir.
Job 648: 378/400 ERROR: No .raw files found in temp_dir.
Job 648: 379/400 ERROR: No .raw files found in temp_dir.
Job 648: 380/400 ERROR: No .raw files found in temp_dir.
Job 648: 381/400 ERROR: No .raw files found in temp_dir.
Job 648: 382/400 ERROR: No .raw files found in temp_dir.
Job 648: 383/400 ERROR: No .raw files found in temp_dir.
Job 648: 384/400 ERROR: No .raw files found in temp_dir.
Job 648: 385/400 ERROR: No .raw files found in temp_dir.
Job 648: 386/400 ERROR: No .raw files found in temp_dir.
Job 648: 387/400 ERROR: No .raw files found in temp_dir.
Job 648: 388/400 ERROR: No .raw files found in temp_dir.
Job 648: 389/400 ERROR: No .raw files found in temp_dir.
Job 648: 390/400 ERROR: No .raw files found in temp_dir.
Job 648: 391/400 ERROR: No .raw files found in temp_dir.
Job 648: 392/400 ERROR: No .raw files found in temp_dir.
Job 648: 393/400 ERROR: No .raw files found in temp_dir.
Job 648: 394/400 ERROR: No .raw files found in temp_dir.
Job 648: 395/400 ERROR: No .raw files found in temp_dir.
Job 648: 396/400 ERROR: No .raw files found in temp_dir.
Job 648: 397/400 ERROR: No .raw files found in temp_dir.
Job 648: 398/400 ERROR: No .raw files found in temp_dir.
Job 648: 399/400 ERROR: No .raw files found in temp_dir.
Job 648: 400/400 ERROR: No .raw files found in temp_dir.
Warning messages:
1: In data.table::fread(raw_file, data.table = FALSE) :
  Discarded single-line footer: <<0	GTEX-139UC	0	0	0	-9	2	2	2	2	1	0	2	2	2	2	2	2	1	2	2	2	2	2	2	2	2	2	2	2	2	2	2	2	0	2	0	2	1	2	1	2	1	0	2	2	2	1	2	1	2	2	2	2	1	2	2	1	2	2	2	0	2	2	2	2	2	1	2	2	2	2	1	2	2	2	2	2	2	1	2	2	2	0	2	2	2	2	2	2	2	2	2	2	2	2	0	1	2	2	2	1	2	2	2	2	2	2	2	2	0	2	2	2	2	2	2	2	2	1	2	2	2	1	2	2	2	2	2	2	2	1	2	2	2	0	2	2	2	2	1	2	1	2	0	2	0	2	1	2	2	2	2	2	2	2	2	2	2	2	2	2	2	1	1	2	2	1	2	2	1	1	2	2	2	2	2	2	1	2	2	2	2	2	2	2	2	2	2	2	2	1	2	2	2	2	2	1	2	2	2	2	2	2	2	2	2	2	2	2	2	2	2	2	2	2	2	2	2	2	2	2	2	2	2	2	2	2	2	1	2	2	1	2	2	2	2	2	2	1	2	2	2	2	2	>>
2: In data.table::fread(raw_file, data.table = FALSE) :
  Discarded single-line footer: <<0	GTEX-1PPGY	0	0	0	-9	2	2	2	2	1	0	2	2	2	2	2	2	1	2	2	2	2	2	2	2	2	2	2	2	2	2	2	2	0	2	0	2	1	2	1	2	1	0	2	2	2	1	2	1	2	2	2	2	1	2	2	1	2	2	2	0	2	2	2	2	2	1	2	2	2	2	1	2	2	2	2	2	2	1	2	2	2	0	2	2	2	2	2	2	2	2	2	2	2	2	0	1	2	2	2	1	2	2	2	2	2	2	2	2	0	2	2	2	2	2	2	2	2	1	2	2	2	1	2	2	2	2	2	2	2	1	2	2	2	0	2	2	2	2	1	2	1	2	0	2	0	2	1	2	2	2	2	2	2	2	2	2	2	2	2	2	2	1	1	2	2	1	2	2	1	1	2	2	2	2	2	2	1	2	2	2	2	2	2	2	2	2	2	2	2	1	2	2	2	2	2	1	2	2	2	2	2	2	2	2	2	2	2	2	2	2	2	2	2	2	2	2	2	2	2	2	2	2	2	2	2	2	2	1	2	2	2	2	2	2	2	2	2	1	2	2	2	2	2	>>
3: In data.table::fread(raw_file, data.table = FALSE) :
  Discarded single-line footer: <<0	GTEX-Y8DK	0	0	0	-9	2	2	1	2	2	2	2	2	2	2	2	2	2	2	2	2	2	2	2	2	2	2	2	1	1	2	2	2	2	2	1	2	2	2	2	1	2	2	2	2	2	2	2	2	2	2	2	2	2	2	2	2	1	2	2	2	2	2	2	2	2	2	2	2	2	2	2	2	2	2	2	2	2	2	2	2	1	1	2	2	2	2	2	2	2	2	2	2	2	2	2	2	2	2	1	2	2	2	2	2	2	2	2	1	2	1	2	2	2	2	2	2	2	2	2	2	2	2	2	2	1	2	2	2	2	1	2	2	2	2	2	2	2	2	2	1	2	2	2	2	2	2	2	2	2	2	2	2	1	2	2	1	2	2	2	2	2	2	2	2	2	2	2	2	1	2	2	2	1	2	2	2	2	2	2	2	2	2	2	2	2	2	2	2	2	2	2	2	1	0	2	2	2	2	2	2	2	2	2	2	2	2	2	2	2	2	2	2	2	2	2	2	2	2	1	2	2	2	2	2	2	2	1	2	2	2	2	2	2	2	2	2	2	2	2	2	2	2	2	2>>
