Registered S3 methods overwritten by 'susieSlide':
  method              from  
  coef.susie          susieR
  predict.susie       susieR
  print.summary.susie susieR
  summary.susie       susieR
Job 459: 1/400
Job 459: 2/400
Job 459: 3/400
Job 459: 4/400
Job 459: 5/400
Job 459: 6/400
Job 459: 7/400
Job 459: 8/400
Job 459: 9/400
Job 459: 10/400
Job 459: 11/400
Job 459: 12/400
Job 459: 13/400
Job 459: 14/400
Job 459: 15/400
Job 459: 16/400
Job 459: 17/400
Job 459: 18/400
Job 459: 19/400
Job 459: 20/400
Job 459: 21/400
Job 459: 22/400
Job 459: 23/400
Job 459: 24/400
Job 459: 25/400
Job 459: 26/400
Job 459: 27/400
Job 459: 28/400
Job 459: 29/400
Job 459: 30/400
Job 459: 31/400
Job 459: 32/400
Job 459: 33/400
Job 459: 34/400
Job 459: 35/400
Job 459: 36/400
Job 459: 37/400
Job 459: 38/400
Job 459: 39/400
Job 459: 40/400
Job 459: 41/400
Job 459: 42/400
Job 459: 43/400
Job 459: 44/400
Job 459: 45/400
Job 459: 46/400
Job 459: 47/400
Job 459: 48/400
Job 459: 49/400
Job 459: 50/400
Job 459: 51/400
Job 459: 52/400
Job 459: 53/400
Job 459: 54/400
Job 459: 55/400
Job 459: 56/400
Job 459: 57/400
Job 459: 58/400
Job 459: 59/400
Job 459: 60/400
Job 459: 61/400
Job 459: 62/400
Job 459: 63/400
Job 459: 64/400
Job 459: 65/400
Job 459: 66/400
Job 459: 67/400
Job 459: 68/400
Job 459: 69/400
Job 459: 70/400
Job 459: 71/400
Job 459: 72/400
Job 459: 73/400
Job 459: 74/400
Job 459: 75/400
Job 459: 76/400
Job 459: 77/400
Job 459: 78/400
Job 459: 79/400
Job 459: 80/400
Job 459: 81/400
Job 459: 82/400
Job 459: 83/400
Job 459: 84/400
Job 459: 85/400
Job 459: 86/400
Job 459: 87/400
Job 459: 88/400
Job 459: 89/400
Job 459: 90/400
Job 459: 91/400
Job 459: 92/400
Job 459: 93/400
Job 459: 94/400
Job 459: 95/400
Job 459: 96/400
Job 459: 97/400
Job 459: 98/400
Job 459: 99/400
Job 459: 100/400
Job 459: 101/400
Job 459: 102/400
Job 459: 103/400
Job 459: 104/400
Job 459: 105/400
Job 459: 106/400
Job 459: 107/400
Job 459: 108/400
Job 459: 109/400
Job 459: 110/400
Job 459: 111/400
Job 459: 112/400
Job 459: 113/400
Job 459: 114/400
Job 459: 115/400
Job 459: 116/400
Job 459: 117/400
Job 459: 118/400
Job 459: 119/400
Job 459: 120/400
Job 459: 121/400
Job 459: 122/400
Job 459: 123/400
Job 459: 124/400
Job 459: 125/400
Job 459: 126/400
Job 459: 127/400
Job 459: 128/400
Job 459: 129/400
Job 459: 130/400
Job 459: 131/400
Job 459: 132/400
Job 459: 133/400
Job 459: 134/400
Job 459: 135/400
Job 459: 136/400
Job 459: 137/400
Job 459: 138/400
Job 459: 139/400
Job 459: 140/400
Job 459: 141/400
Job 459: 142/400
Job 459: 143/400
Job 459: 144/400
Job 459: 145/400
Job 459: 146/400
Job 459: 147/400
Job 459: 148/400
Job 459: 149/400
Job 459: 150/400
Job 459: 151/400
Job 459: 152/400
Job 459: 153/400
Job 459: 154/400
Job 459: 155/400
Job 459: 156/400
Job 459: 157/400
Job 459: 158/400
Job 459: 159/400
Job 459: 160/400
Job 459: 161/400
Job 459: 162/400
Job 459: 163/400
Job 459: 164/400
Job 459: 165/400
Job 459: 166/400
Job 459: 167/400
Job 459: 168/400
Job 459: 169/400
Job 459: 170/400
Job 459: 171/400
Job 459: 172/400
Job 459: 173/400
Job 459: 174/400
Job 459: 175/400
Job 459: 176/400
Job 459: 177/400
Job 459: 178/400
Job 459: 179/400
Job 459: 180/400
Job 459: 181/400
Job 459: 182/400
Job 459: 183/400
Job 459: 184/400
Job 459: 185/400
Job 459: 186/400
Job 459: 187/400
Job 459: 188/400
Job 459: 189/400
Job 459: 190/400
Job 459: 191/400
Job 459: 192/400
Job 459: 193/400
Job 459: 194/400
Job 459: 195/400
Job 459: 196/400
Job 459: 197/400
Job 459: 198/400
Job 459: 199/400
Job 459: 200/400
Job 459: 201/400
Job 459: 202/400
Job 459: 203/400
Job 459: 204/400
Job 459: 205/400
Job 459: 206/400
Job 459: 207/400
Job 459: 208/400
Job 459: 209/400
Job 459: 210/400
Job 459: 211/400
Job 459: 212/400
Job 459: 213/400
Job 459: 214/400
Job 459: 215/400
Job 459: 216/400
Job 459: 217/400
Job 459: 218/400
Job 459: 219/400
Job 459: 220/400
Job 459: 221/400
Job 459: 222/400
Job 459: 223/400
Job 459: 224/400
Job 459: 225/400
Job 459: 226/400
Job 459: 227/400
Job 459: 228/400
Job 459: 229/400
Job 459: 230/400
Job 459: 231/400
Job 459: 232/400
Job 459: 233/400
Job 459: 234/400
Job 459: 235/400
Job 459: 236/400
Job 459: 237/400
Job 459: 238/400
Job 459: 239/400
Job 459: 240/400
Job 459: 241/400
Job 459: 242/400
Job 459: 243/400
Job 459: 244/400
Job 459: 245/400
Job 459: 246/400
Job 459: 247/400
Job 459: 248/400
Job 459: 249/400
Job 459: 250/400
Job 459: 251/400
Job 459: 252/400
Job 459: 253/400
Job 459: 254/400
Job 459: 255/400
Job 459: 256/400
Job 459: 257/400
Job 459: 258/400
Job 459: 259/400
Job 459: 260/400
Job 459: 261/400
Job 459: 262/400
Job 459: 263/400
Job 459: 264/400
Job 459: 265/400
Job 459: 266/400
Job 459: 267/400
Job 459: 268/400
Job 459: 269/400
Job 459: 270/400
Job 459: 271/400
Job 459: 272/400
Job 459: 273/400
Job 459: 274/400
Job 459: 275/400
Job 459: 276/400
Job 459: 277/400
Job 459: 278/400
Job 459: 279/400
Job 459: 280/400
Job 459: 281/400
Job 459: 282/400
Job 459: 283/400
Job 459: 284/400
Job 459: 285/400
Job 459: 286/400
Job 459: 287/400
Job 459: 288/400
Job 459: 289/400
Job 459: 290/400
Job 459: 291/400
Job 459: 292/400
Job 459: 293/400
Job 459: 294/400
Job 459: 295/400
Job 459: 296/400
Job 459: 297/400
Job 459: 298/400
Job 459: 299/400
Job 459: 300/400
Job 459: 301/400
Job 459: 302/400
Job 459: 303/400
Job 459: 304/400
Job 459: 305/400
Job 459: 306/400
Job 459: 307/400
Job 459: 308/400
Job 459: 309/400
Job 459: 310/400
Job 459: 311/400
Job 459: 312/400
Job 459: 313/400
Job 459: 314/400
Job 459: 315/400
Job 459: 316/400
Job 459: 317/400
Job 459: 318/400
Job 459: 319/400
Job 459: 320/400
Job 459: 321/400
Job 459: 322/400
Job 459: 323/400
Job 459: 324/400
Job 459: 325/400
Job 459: 326/400
Job 459: 327/400
Job 459: 328/400
Job 459: 329/400
Job 459: 330/400
Job 459: 331/400
Job 459: 332/400
Job 459: 333/400
Job 459: 334/400
Job 459: 335/400
Job 459: 336/400
Job 459: 337/400
Job 459: 338/400
Job 459: 339/400
Job 459: 340/400
Job 459: 341/400
Job 459: 342/400
Job 459: 343/400
Job 459: 344/400
Job 459: 345/400
Job 459: 346/400
Job 459: 347/400
Job 459: 348/400
Job 459: 349/400
Job 459: 350/400
Job 459: 351/400
Job 459: 352/400
Job 459: 353/400
Job 459: 354/400
Job 459: 355/400
Job 459: 356/400
Job 459: 357/400
Job 459: 358/400
Job 459: 359/400
Job 459: 360/400
Job 459: 361/400
Job 459: 362/400
Job 459: 363/400
Job 459: 364/400
Job 459: 365/400
Job 459: 366/400
Job 459: 367/400
Job 459: 368/400
Job 459: 369/400
Job 459: 370/400
Job 459: 371/400
Job 459: 372/400
Job 459: 373/400
Job 459: 374/400
Job 459: 375/400
Job 459: 376/400
Job 459: 377/400
Job 459: 378/400
Job 459: 379/400
Job 459: 380/400
Job 459: 381/400
Job 459: 382/400
Job 459: 383/400
Job 459: 384/400
Job 459: 385/400
Job 459: 386/400
Job 459: 387/400
Job 459: 388/400
Job 459: 389/400
Job 459: 390/400
Job 459: 391/400
Job 459: 392/400
Job 459: 393/400
Job 459: 394/400
Job 459: 395/400
Job 459: 396/400
Job 459: 397/400
Job 459: 398/400
Job 459: 399/400
Job 459: 400/400
