Registered S3 methods overwritten by 'susieSlide':
  method              from  
  coef.susie          susieR
  predict.susie       susieR
  print.summary.susie susieR
  summary.susie       susieR
Job 323: 1/400
Job 323: 2/400
Job 323: 3/400
Job 323: 4/400
Job 323: 5/400
Job 323: 6/400
Job 323: 7/400
Job 323: 8/400
Job 323: 9/400
Job 323: 10/400
Job 323: 11/400
Job 323: 12/400
Job 323: 13/400
Job 323: 14/400
Job 323: 15/400
Job 323: 16/400
Job 323: 17/400
Job 323: 18/400
Job 323: 19/400
Job 323: 20/400
Job 323: 21/400
Job 323: 22/400
Job 323: 23/400
Job 323: 24/400
Job 323: 25/400
Job 323: 26/400
Job 323: 27/400
Job 323: 28/400
Job 323: 29/400
Job 323: 30/400
Job 323: 31/400
Job 323: 32/400
Job 323: 33/400
Job 323: 34/400
Job 323: 35/400
Job 323: 36/400
Job 323: 37/400
Job 323: 38/400
Job 323: 39/400
Job 323: 40/400
Job 323: 41/400
Job 323: 42/400
Job 323: 43/400
Job 323: 44/400
Job 323: 45/400
Job 323: 46/400
Job 323: 47/400
Job 323: 48/400
Job 323: 49/400
Job 323: 50/400
Job 323: 51/400
Job 323: 52/400
Job 323: 53/400
Job 323: 54/400
Job 323: 55/400
Job 323: 56/400
Job 323: 57/400
Job 323: 58/400
Job 323: 59/400
Job 323: 60/400
Job 323: 61/400
Job 323: 62/400
Job 323: 63/400
Job 323: 64/400
Job 323: 65/400
Job 323: 66/400
Job 323: 67/400
Job 323: 68/400
Job 323: 69/400
Job 323: 70/400
Job 323: 71/400
Job 323: 72/400
Job 323: 73/400
Job 323: 74/400
Job 323: 75/400
Job 323: 76/400
Job 323: 77/400
Job 323: 78/400
Job 323: 79/400
Job 323: 80/400
Job 323: 81/400
Job 323: 82/400
Job 323: 83/400
Job 323: 84/400
Job 323: 85/400
Job 323: 86/400
Job 323: 87/400
Job 323: 88/400
Job 323: 89/400
Job 323: 90/400
Job 323: 91/400
Job 323: 92/400
Job 323: 93/400
Job 323: 94/400
Job 323: 95/400
Job 323: 96/400
Job 323: 97/400
Job 323: 98/400
Job 323: 99/400
Job 323: 100/400
Job 323: 101/400
Job 323: 102/400
Job 323: 103/400
Job 323: 104/400
Job 323: 105/400
Job 323: 106/400
Job 323: 107/400
Job 323: 108/400
Job 323: 109/400
Job 323: 110/400
Job 323: 111/400
Job 323: 112/400
Job 323: 113/400
Job 323: 114/400
Job 323: 115/400
Job 323: 116/400
Job 323: 117/400
Job 323: 118/400
Job 323: 119/400
Job 323: 120/400
Job 323: 121/400
Job 323: 122/400
Job 323: 123/400
Job 323: 124/400
Job 323: 125/400
Job 323: 126/400
Job 323: 127/400
Job 323: 128/400
Job 323: 129/400
Job 323: 130/400
Job 323: 131/400
Job 323: 132/400
Job 323: 133/400
Job 323: 134/400
Job 323: 135/400
Job 323: 136/400
Job 323: 137/400
Job 323: 138/400
Job 323: 139/400
Job 323: 140/400
Job 323: 141/400
Job 323: 142/400
Job 323: 143/400
Job 323: 144/400
Job 323: 145/400
Job 323: 146/400
Job 323: 147/400
Job 323: 148/400
Job 323: 149/400
Job 323: 150/400
Job 323: 151/400 ERROR: Not enough donors for the requested n.
Job 323: 152/400
Job 323: 153/400
Job 323: 154/400
Job 323: 155/400
Job 323: 156/400
Job 323: 157/400
Job 323: 158/400
Job 323: 159/400
Job 323: 160/400
Job 323: 161/400
Job 323: 162/400
Job 323: 163/400
Job 323: 164/400
Job 323: 165/400
Job 323: 166/400
Job 323: 167/400
Job 323: 168/400
Job 323: 169/400
Job 323: 170/400
Job 323: 171/400
Job 323: 172/400
Job 323: 173/400
Job 323: 174/400
Job 323: 175/400
Job 323: 176/400
Job 323: 177/400
Job 323: 178/400
Job 323: 179/400
Job 323: 180/400
Job 323: 181/400
Job 323: 182/400
Job 323: 183/400
Job 323: 184/400
Job 323: 185/400
Job 323: 186/400
Job 323: 187/400
Job 323: 188/400
Job 323: 189/400
Job 323: 190/400
Job 323: 191/400
Job 323: 192/400
Job 323: 193/400
Job 323: 194/400
Job 323: 195/400
Job 323: 196/400
Job 323: 197/400
Job 323: 198/400
Job 323: 199/400
Job 323: 200/400
Job 323: 201/400
Job 323: 202/400
Job 323: 203/400
Job 323: 204/400
Job 323: 205/400
Job 323: 206/400
Job 323: 207/400
Job 323: 208/400
Job 323: 209/400
Job 323: 210/400
Job 323: 211/400
Job 323: 212/400
Job 323: 213/400
Job 323: 214/400
Job 323: 215/400
Job 323: 216/400
Job 323: 217/400
Job 323: 218/400
Job 323: 219/400
Job 323: 220/400
Job 323: 221/400
Job 323: 222/400
Job 323: 223/400
Job 323: 224/400
Job 323: 225/400
Job 323: 226/400
Job 323: 227/400
Job 323: 228/400
Job 323: 229/400
Job 323: 230/400
Job 323: 231/400
Job 323: 232/400
Job 323: 233/400
Job 323: 234/400
Job 323: 235/400
Job 323: 236/400
Job 323: 237/400
Job 323: 238/400
Job 323: 239/400
Job 323: 240/400
Job 323: 241/400
Job 323: 242/400
Job 323: 243/400
Job 323: 244/400
Job 323: 245/400
Job 323: 246/400
Job 323: 247/400
Job 323: 248/400
Job 323: 249/400
Job 323: 250/400
Job 323: 251/400
Job 323: 252/400
Job 323: 253/400
Job 323: 254/400
Job 323: 255/400
Job 323: 256/400
Job 323: 257/400
Job 323: 258/400
Job 323: 259/400
Job 323: 260/400
Job 323: 261/400
Job 323: 262/400
Job 323: 263/400
Job 323: 264/400
Job 323: 265/400
Job 323: 266/400
Job 323: 267/400
Job 323: 268/400
Job 323: 269/400
Job 323: 270/400
Job 323: 271/400
Job 323: 272/400
Job 323: 273/400
Job 323: 274/400
Job 323: 275/400
Job 323: 276/400
Job 323: 277/400
Job 323: 278/400
Job 323: 279/400
Job 323: 280/400
Job 323: 281/400
Job 323: 282/400
Job 323: 283/400
Job 323: 284/400
Job 323: 285/400
Job 323: 286/400
Job 323: 287/400
Job 323: 288/400
Job 323: 289/400
Job 323: 290/400
Job 323: 291/400
Job 323: 292/400
Job 323: 293/400
Job 323: 294/400
Job 323: 295/400
Job 323: 296/400
Job 323: 297/400
Job 323: 298/400
Job 323: 299/400
Job 323: 300/400
Job 323: 301/400
Job 323: 302/400
Job 323: 303/400
Job 323: 304/400
Job 323: 305/400
Job 323: 306/400
Job 323: 307/400
Job 323: 308/400
Job 323: 309/400
Job 323: 310/400
Job 323: 311/400
Job 323: 312/400
Job 323: 313/400
Job 323: 314/400
Job 323: 315/400
Job 323: 316/400
Job 323: 317/400
Job 323: 318/400
Job 323: 319/400
Job 323: 320/400
Job 323: 321/400
Job 323: 322/400
Job 323: 323/400
Job 323: 324/400
Job 323: 325/400
Job 323: 326/400
Job 323: 327/400
Job 323: 328/400
Job 323: 329/400
Job 323: 330/400
Job 323: 331/400
Job 323: 332/400
Job 323: 333/400
Job 323: 334/400
Job 323: 335/400
Job 323: 336/400
Job 323: 337/400
Job 323: 338/400
Job 323: 339/400
Job 323: 340/400
Job 323: 341/400
Job 323: 342/400
Job 323: 343/400
Job 323: 344/400
Job 323: 345/400
Job 323: 346/400
Job 323: 347/400
Job 323: 348/400
Job 323: 349/400
Job 323: 350/400
Job 323: 351/400
Job 323: 352/400
Job 323: 353/400
Job 323: 354/400
Job 323: 355/400
Job 323: 356/400
Job 323: 357/400
Job 323: 358/400
Job 323: 359/400
Job 323: 360/400
Job 323: 361/400
Job 323: 362/400
Job 323: 363/400
Job 323: 364/400
Job 323: 365/400
Job 323: 366/400
Job 323: 367/400
Job 323: 368/400
Job 323: 369/400
Job 323: 370/400
Job 323: 371/400
Job 323: 372/400
Job 323: 373/400
Job 323: 374/400
Job 323: 375/400
Job 323: 376/400
Job 323: 377/400
Job 323: 378/400
Job 323: 379/400
Job 323: 380/400
Job 323: 381/400
Job 323: 382/400
Job 323: 383/400
Job 323: 384/400
Job 323: 385/400
Job 323: 386/400
Job 323: 387/400
Job 323: 388/400
Job 323: 389/400
Job 323: 390/400
Job 323: 391/400
Job 323: 392/400
Job 323: 393/400
Job 323: 394/400
Job 323: 395/400
Job 323: 396/400
Job 323: 397/400
Job 323: 398/400
Job 323: 399/400
Job 323: 400/400
Warning message:
In data.table::fread(raw_file, data.table = FALSE) :
  Discarded single-line footer: <<0	GTEX-11NV4	0	0	0	-9	2	2	2	2	2	2	2	2	2	2	2	2	2	2	2	2	2	2	2	2	2	2	2	2	2	2	2	2	2	2	2	2	2	2	2	2	2	2	2	2	2	2	2	2	2	2	2	2	2	2	2	2	2	2	2	2	2	2	2	2	2	2	2	2	2	2	2	2	2	2	2	2	2	2	2	1	2	2	2	2	2	2	2	2	2	2	2	2	2	2	2	2	2	2	2	2	2	2	2	2	2	2	2	2	2	2	2	2	2	2	2	2	2	2	2	2	2	2	2	2	2	2	2	2	2	2	2	2	1	2	2	2	2	2	2	2	2	2	2	2	2	2	2	2	2	2	2	2	2	2	2	2	2	1	2	2	2	2	2	2	2	2	2	2	2	2	2	2	2	2	2	2	2	2	2	2	2	2	2	2	2	2	2	2	2	2	2	2	2	2	2	2	2	2	2	2	2	2	2	2	2	2	2	2	2	2	2	2	2	2	2	2	2	2	2	2	2	2	2	2	2	2	2	2	2	2	2	2	2	2	2	2	2	2	2	2	2	2	2	>>
