Registered S3 methods overwritten by 'susieSlide':
  method              from  
  coef.susie          susieR
  predict.susie       susieR
  print.summary.susie susieR
  summary.susie       susieR
Job 272: 1/400
Job 272: 2/400
Job 272: 3/400
Job 272: 4/400
Job 272: 5/400
Job 272: 6/400
Job 272: 7/400
Job 272: 8/400
Job 272: 9/400
Job 272: 10/400
Job 272: 11/400
Job 272: 12/400
Job 272: 13/400
Job 272: 14/400
Job 272: 15/400
Job 272: 16/400
Job 272: 17/400
Job 272: 18/400
Job 272: 19/400
Job 272: 20/400
Job 272: 21/400
Job 272: 22/400
Job 272: 23/400
Job 272: 24/400
Job 272: 25/400
Job 272: 26/400
Job 272: 27/400
Job 272: 28/400
Job 272: 29/400
Job 272: 30/400
Job 272: 31/400
Job 272: 32/400
Job 272: 33/400
Job 272: 34/400
Job 272: 35/400
Job 272: 36/400
Job 272: 37/400
Job 272: 38/400
Job 272: 39/400
Job 272: 40/400
Job 272: 41/400
Job 272: 42/400
Job 272: 43/400
Job 272: 44/400
Job 272: 45/400
Job 272: 46/400
Job 272: 47/400
Job 272: 48/400
Job 272: 49/400
Job 272: 50/400
Job 272: 51/400
Job 272: 52/400
Job 272: 53/400
Job 272: 54/400
Job 272: 55/400
Job 272: 56/400
Job 272: 57/400
Job 272: 58/400
Job 272: 59/400
Job 272: 60/400
Job 272: 61/400
Job 272: 62/400
Job 272: 63/400
Job 272: 64/400
Job 272: 65/400
Job 272: 66/400
Job 272: 67/400
Job 272: 68/400
Job 272: 69/400
Job 272: 70/400
Job 272: 71/400
Job 272: 72/400
Job 272: 73/400
Job 272: 74/400
Job 272: 75/400
Job 272: 76/400
Job 272: 77/400
Job 272: 78/400
Job 272: 79/400
Job 272: 80/400
Job 272: 81/400
Job 272: 82/400
Job 272: 83/400
Job 272: 84/400
Job 272: 85/400
Job 272: 86/400
Job 272: 87/400
Job 272: 88/400
Job 272: 89/400
Job 272: 90/400
Job 272: 91/400
Job 272: 92/400
Job 272: 93/400
Job 272: 94/400
Job 272: 95/400
Job 272: 96/400
Job 272: 97/400
Job 272: 98/400
Job 272: 99/400
Job 272: 100/400
Job 272: 101/400
Job 272: 102/400
Job 272: 103/400
Job 272: 104/400
Job 272: 105/400
Job 272: 106/400
Job 272: 107/400
Job 272: 108/400
Job 272: 109/400
Job 272: 110/400
Job 272: 111/400
Job 272: 112/400
Job 272: 113/400
Job 272: 114/400
Job 272: 115/400
Job 272: 116/400
Job 272: 117/400
Job 272: 118/400
Job 272: 119/400
Job 272: 120/400
Job 272: 121/400
Job 272: 122/400
Job 272: 123/400
Job 272: 124/400
Job 272: 125/400
Job 272: 126/400
Job 272: 127/400
Job 272: 128/400
Job 272: 129/400
Job 272: 130/400
Job 272: 131/400
Job 272: 132/400
Job 272: 133/400
Job 272: 134/400
Job 272: 135/400
Job 272: 136/400
Job 272: 137/400
Job 272: 138/400
Job 272: 139/400
Job 272: 140/400
Job 272: 141/400
Job 272: 142/400
Job 272: 143/400
Job 272: 144/400
Job 272: 145/400
Job 272: 146/400
Job 272: 147/400
Job 272: 148/400
Job 272: 149/400
Job 272: 150/400
Job 272: 151/400
Job 272: 152/400
Job 272: 153/400
Job 272: 154/400
Job 272: 155/400
Job 272: 156/400
Job 272: 157/400
Job 272: 158/400
Job 272: 159/400
Job 272: 160/400
Job 272: 161/400
Job 272: 162/400
Job 272: 163/400
Job 272: 164/400
Job 272: 165/400
Job 272: 166/400
Job 272: 167/400
Job 272: 168/400
Job 272: 169/400
Job 272: 170/400
Job 272: 171/400
Job 272: 172/400
Job 272: 173/400
Job 272: 174/400
Job 272: 175/400
Job 272: 176/400
Job 272: 177/400
Job 272: 178/400
Job 272: 179/400
Job 272: 180/400
Job 272: 181/400
Job 272: 182/400
Job 272: 183/400
Job 272: 184/400
Job 272: 185/400
Job 272: 186/400
Job 272: 187/400
Job 272: 188/400
Job 272: 189/400
Job 272: 190/400
Job 272: 191/400
Job 272: 192/400
Job 272: 193/400
Job 272: 194/400
Job 272: 195/400
Job 272: 196/400
Job 272: 197/400
Job 272: 198/400
Job 272: 199/400
Job 272: 200/400
Job 272: 201/400
Job 272: 202/400
Job 272: 203/400
Job 272: 204/400
Job 272: 205/400
Job 272: 206/400
Job 272: 207/400
Job 272: 208/400
Job 272: 209/400
Job 272: 210/400
Job 272: 211/400
Job 272: 212/400
Job 272: 213/400
Job 272: 214/400
Job 272: 215/400
Job 272: 216/400
Job 272: 217/400
Job 272: 218/400
Job 272: 219/400
Job 272: 220/400
Job 272: 221/400
Job 272: 222/400
Job 272: 223/400
Job 272: 224/400
Job 272: 225/400
Job 272: 226/400
Job 272: 227/400
Job 272: 228/400
Job 272: 229/400
Job 272: 230/400
Job 272: 231/400
Job 272: 232/400
Job 272: 233/400
Job 272: 234/400
Job 272: 235/400
Job 272: 236/400
Job 272: 237/400
Job 272: 238/400
Job 272: 239/400
Job 272: 240/400
Job 272: 241/400
Job 272: 242/400
Job 272: 243/400
Job 272: 244/400
Job 272: 245/400
Job 272: 246/400
Job 272: 247/400
Job 272: 248/400
Job 272: 249/400
Job 272: 250/400
Job 272: 251/400
Job 272: 252/400
Job 272: 253/400
Job 272: 254/400
Job 272: 255/400
Job 272: 256/400
Job 272: 257/400
Job 272: 258/400
Job 272: 259/400
Job 272: 260/400
Job 272: 261/400
Job 272: 262/400
Job 272: 263/400
Job 272: 264/400
Job 272: 265/400
Job 272: 266/400
Job 272: 267/400
Job 272: 268/400
Job 272: 269/400
Job 272: 270/400
Job 272: 271/400
Job 272: 272/400
Job 272: 273/400
Job 272: 274/400
Job 272: 275/400
Job 272: 276/400
Job 272: 277/400
Job 272: 278/400
Job 272: 279/400
Job 272: 280/400
Job 272: 281/400
Job 272: 282/400
Job 272: 283/400
Job 272: 284/400
Job 272: 285/400
Job 272: 286/400
Job 272: 287/400
Job 272: 288/400
Job 272: 289/400
Job 272: 290/400
Job 272: 291/400
Job 272: 292/400
Job 272: 293/400
Job 272: 294/400
Job 272: 295/400
Job 272: 296/400
Job 272: 297/400
Job 272: 298/400
Job 272: 299/400
Job 272: 300/400
Job 272: 301/400
Job 272: 302/400
Job 272: 303/400
Job 272: 304/400
Job 272: 305/400
Job 272: 306/400
Job 272: 307/400
Job 272: 308/400
Job 272: 309/400
Job 272: 310/400
Job 272: 311/400
Job 272: 312/400
Job 272: 313/400
Job 272: 314/400
Job 272: 315/400
Job 272: 316/400
Job 272: 317/400
Job 272: 318/400
Job 272: 319/400
Job 272: 320/400
Job 272: 321/400
Job 272: 322/400
Job 272: 323/400
Job 272: 324/400
Job 272: 325/400
Job 272: 326/400
Job 272: 327/400
Job 272: 328/400
Job 272: 329/400
Job 272: 330/400
Job 272: 331/400
Job 272: 332/400
Job 272: 333/400
Job 272: 334/400
Job 272: 335/400
Job 272: 336/400
Job 272: 337/400
Job 272: 338/400
Job 272: 339/400
Job 272: 340/400
Job 272: 341/400
Job 272: 342/400
Job 272: 343/400
Job 272: 344/400
Job 272: 345/400
Job 272: 346/400
Job 272: 347/400
Job 272: 348/400
Job 272: 349/400
Job 272: 350/400
Job 272: 351/400
Job 272: 352/400
Job 272: 353/400
Job 272: 354/400
Job 272: 355/400
Job 272: 356/400
Job 272: 357/400
Job 272: 358/400
Job 272: 359/400
Job 272: 360/400
Job 272: 361/400
Job 272: 362/400
Job 272: 363/400
Job 272: 364/400
Job 272: 365/400
Job 272: 366/400
Job 272: 367/400
Job 272: 368/400
Job 272: 369/400
Job 272: 370/400
Job 272: 371/400
Job 272: 372/400
Job 272: 373/400
Job 272: 374/400
Job 272: 375/400
Job 272: 376/400
Job 272: 377/400
Job 272: 378/400
Job 272: 379/400
Job 272: 380/400
Job 272: 381/400
Job 272: 382/400
Job 272: 383/400
Job 272: 384/400
Job 272: 385/400
Job 272: 386/400
Job 272: 387/400
Job 272: 388/400
Job 272: 389/400
Job 272: 390/400
Job 272: 391/400
Job 272: 392/400
Job 272: 393/400
Job 272: 394/400
Job 272: 395/400
Job 272: 396/400
Job 272: 397/400
Job 272: 398/400
Job 272: 399/400
Job 272: 400/400
