Registered S3 methods overwritten by 'susieSlide':
  method              from  
  coef.susie          susieR
  predict.susie       susieR
  print.summary.susie susieR
  summary.susie       susieR
Job 253: 1/400
Job 253: 2/400
Job 253: 3/400
Job 253: 4/400
Job 253: 5/400
Job 253: 6/400
Job 253: 7/400
Job 253: 8/400
Job 253: 9/400
Job 253: 10/400
Job 253: 11/400
Job 253: 12/400
Job 253: 13/400
Job 253: 14/400
Job 253: 15/400
Job 253: 16/400
Job 253: 17/400
Job 253: 18/400
Job 253: 19/400
Job 253: 20/400
Job 253: 21/400
Job 253: 22/400
Job 253: 23/400
Job 253: 24/400
Job 253: 25/400
Job 253: 26/400
Job 253: 27/400
Job 253: 28/400
Job 253: 29/400
Job 253: 30/400
Job 253: 31/400
Job 253: 32/400
Job 253: 33/400
Job 253: 34/400
Job 253: 35/400
Job 253: 36/400
Job 253: 37/400
Job 253: 38/400
Job 253: 39/400
Job 253: 40/400
Job 253: 41/400
Job 253: 42/400
Job 253: 43/400
Job 253: 44/400
Job 253: 45/400
Job 253: 46/400
Job 253: 47/400
Job 253: 48/400
Job 253: 49/400
Job 253: 50/400
Job 253: 51/400
Job 253: 52/400
Job 253: 53/400
Job 253: 54/400
Job 253: 55/400
Job 253: 56/400
Job 253: 57/400
Job 253: 58/400
Job 253: 59/400
Job 253: 60/400
Job 253: 61/400
Job 253: 62/400
Job 253: 63/400
Job 253: 64/400
Job 253: 65/400
Job 253: 66/400
Job 253: 67/400
Job 253: 68/400
Job 253: 69/400
Job 253: 70/400
Job 253: 71/400
Job 253: 72/400
Job 253: 73/400
Job 253: 74/400
Job 253: 75/400
Job 253: 76/400
Job 253: 77/400
Job 253: 78/400
Job 253: 79/400
Job 253: 80/400
Job 253: 81/400
Job 253: 82/400
Job 253: 83/400
Job 253: 84/400
Job 253: 85/400
Job 253: 86/400
Job 253: 87/400
Job 253: 88/400
Job 253: 89/400
Job 253: 90/400
Job 253: 91/400
Job 253: 92/400
Job 253: 93/400
Job 253: 94/400
Job 253: 95/400
Job 253: 96/400
Job 253: 97/400
Job 253: 98/400
Job 253: 99/400
Job 253: 100/400
Job 253: 101/400
Job 253: 102/400
Job 253: 103/400
Job 253: 104/400
Job 253: 105/400
Job 253: 106/400
Job 253: 107/400
Job 253: 108/400
Job 253: 109/400
Job 253: 110/400
Job 253: 111/400
Job 253: 112/400
Job 253: 113/400
Job 253: 114/400
Job 253: 115/400
Job 253: 116/400
Job 253: 117/400
Job 253: 118/400
Job 253: 119/400
Job 253: 120/400
Job 253: 121/400
Job 253: 122/400
Job 253: 123/400
Job 253: 124/400
Job 253: 125/400
Job 253: 126/400
Job 253: 127/400
Job 253: 128/400
Job 253: 129/400
Job 253: 130/400
Job 253: 131/400
Job 253: 132/400
Job 253: 133/400
Job 253: 134/400
Job 253: 135/400
Job 253: 136/400
Job 253: 137/400
Job 253: 138/400
Job 253: 139/400
Job 253: 140/400
Job 253: 141/400
Job 253: 142/400
Job 253: 143/400
Job 253: 144/400
Job 253: 145/400
Job 253: 146/400
Job 253: 147/400
Job 253: 148/400
Job 253: 149/400
Job 253: 150/400
Job 253: 151/400
Job 253: 152/400
Job 253: 153/400
Job 253: 154/400
Job 253: 155/400
Job 253: 156/400
Job 253: 157/400
Job 253: 158/400
Job 253: 159/400
Job 253: 160/400
Job 253: 161/400
Job 253: 162/400
Job 253: 163/400
Job 253: 164/400
Job 253: 165/400
Job 253: 166/400
Job 253: 167/400
Job 253: 168/400
Job 253: 169/400
Job 253: 170/400
Job 253: 171/400
Job 253: 172/400
Job 253: 173/400
Job 253: 174/400
Job 253: 175/400
Job 253: 176/400
Job 253: 177/400
Job 253: 178/400
Job 253: 179/400
Job 253: 180/400
Job 253: 181/400
Job 253: 182/400
Job 253: 183/400
Job 253: 184/400
Job 253: 185/400
Job 253: 186/400
Job 253: 187/400
Job 253: 188/400
Job 253: 189/400
Job 253: 190/400
Job 253: 191/400
Job 253: 192/400
Job 253: 193/400
Job 253: 194/400
Job 253: 195/400
Job 253: 196/400
Job 253: 197/400
Job 253: 198/400
Job 253: 199/400
Job 253: 200/400
Job 253: 201/400
Job 253: 202/400
Job 253: 203/400
Job 253: 204/400
Job 253: 205/400
Job 253: 206/400
Job 253: 207/400
Job 253: 208/400
Job 253: 209/400
Job 253: 210/400
Job 253: 211/400
Job 253: 212/400
Job 253: 213/400
Job 253: 214/400
Job 253: 215/400
Job 253: 216/400
Job 253: 217/400
Job 253: 218/400
Job 253: 219/400
Job 253: 220/400
Job 253: 221/400
Job 253: 222/400
Job 253: 223/400
Job 253: 224/400
Job 253: 225/400
Job 253: 226/400
Job 253: 227/400
Job 253: 228/400
Job 253: 229/400
Job 253: 230/400
Job 253: 231/400
Job 253: 232/400
Job 253: 233/400
Job 253: 234/400
Job 253: 235/400
Job 253: 236/400
Job 253: 237/400
Job 253: 238/400
Job 253: 239/400
Job 253: 240/400
Job 253: 241/400
Job 253: 242/400
Job 253: 243/400
Job 253: 244/400
Job 253: 245/400
Job 253: 246/400
Job 253: 247/400
Job 253: 248/400
Job 253: 249/400
Job 253: 250/400
Job 253: 251/400
Job 253: 252/400
Job 253: 253/400
Job 253: 254/400
Job 253: 255/400
Job 253: 256/400
Job 253: 257/400
Job 253: 258/400
Job 253: 259/400
Job 253: 260/400
Job 253: 261/400
Job 253: 262/400
Job 253: 263/400
Job 253: 264/400
Job 253: 265/400
Job 253: 266/400
Job 253: 267/400
Job 253: 268/400
Job 253: 269/400
Job 253: 270/400
Job 253: 271/400
Job 253: 272/400
Job 253: 273/400
Job 253: 274/400
Job 253: 275/400
Job 253: 276/400
Job 253: 277/400
Job 253: 278/400
Job 253: 279/400
Job 253: 280/400
Job 253: 281/400
Job 253: 282/400
Job 253: 283/400
Job 253: 284/400
Job 253: 285/400
Job 253: 286/400
Job 253: 287/400
Job 253: 288/400
Job 253: 289/400
Job 253: 290/400
Job 253: 291/400
Job 253: 292/400
Job 253: 293/400
Job 253: 294/400
Job 253: 295/400
Job 253: 296/400
Job 253: 297/400
Job 253: 298/400
Job 253: 299/400
Job 253: 300/400
Job 253: 301/400
Job 253: 302/400
Job 253: 303/400
Job 253: 304/400
Job 253: 305/400
Job 253: 306/400
Job 253: 307/400
Job 253: 308/400
Job 253: 309/400
Job 253: 310/400
Job 253: 311/400
Job 253: 312/400
Job 253: 313/400
Job 253: 314/400
Job 253: 315/400
Job 253: 316/400 ERROR: Not enough eligible causal SNPs in this locus.
Job 253: 317/400
Job 253: 318/400
Job 253: 319/400
Job 253: 320/400
Job 253: 321/400
Job 253: 322/400
Job 253: 323/400
Job 253: 324/400
Job 253: 325/400
Job 253: 326/400
Job 253: 327/400
Job 253: 328/400
Job 253: 329/400
Job 253: 330/400
Job 253: 331/400
Job 253: 332/400
Job 253: 333/400
Job 253: 334/400
Job 253: 335/400
Job 253: 336/400
Job 253: 337/400
Job 253: 338/400
Job 253: 339/400
Job 253: 340/400
Job 253: 341/400
Job 253: 342/400
Job 253: 343/400
Job 253: 344/400
Job 253: 345/400
Job 253: 346/400
Job 253: 347/400
Job 253: 348/400
Job 253: 349/400
Job 253: 350/400
Job 253: 351/400
Job 253: 352/400
Job 253: 353/400
Job 253: 354/400
Job 253: 355/400
Job 253: 356/400
Job 253: 357/400
Job 253: 358/400
Job 253: 359/400
Job 253: 360/400
Job 253: 361/400
Job 253: 362/400
Job 253: 363/400
Job 253: 364/400
Job 253: 365/400
Job 253: 366/400
Job 253: 367/400
Job 253: 368/400
Job 253: 369/400
Job 253: 370/400
Job 253: 371/400
Job 253: 372/400
Job 253: 373/400
Job 253: 374/400
Job 253: 375/400
Job 253: 376/400
Job 253: 377/400
Job 253: 378/400
Job 253: 379/400
Job 253: 380/400
Job 253: 381/400
Job 253: 382/400
Job 253: 383/400
Job 253: 384/400
Job 253: 385/400
Job 253: 386/400
Job 253: 387/400
Job 253: 388/400
Job 253: 389/400
Job 253: 390/400
Job 253: 391/400
Job 253: 392/400
Job 253: 393/400
Job 253: 394/400
Job 253: 395/400
Job 253: 396/400
Job 253: 397/400
Job 253: 398/400
Job 253: 399/400
Job 253: 400/400
