Registered S3 methods overwritten by 'susieSlide':
  method              from  
  coef.susie          susieR
  predict.susie       susieR
  print.summary.susie susieR
  summary.susie       susieR
Job 361: 1/400
Job 361: 2/400
Job 361: 3/400
Job 361: 4/400
Job 361: 5/400
Job 361: 6/400
Job 361: 7/400
Job 361: 8/400
Job 361: 9/400
Job 361: 10/400
Job 361: 11/400
Job 361: 12/400
Job 361: 13/400
Job 361: 14/400
Job 361: 15/400
Job 361: 16/400
Job 361: 17/400
Job 361: 18/400
Job 361: 19/400
Job 361: 20/400
Job 361: 21/400
Job 361: 22/400
Job 361: 23/400
Job 361: 24/400
Job 361: 25/400
Job 361: 26/400
Job 361: 27/400
Job 361: 28/400
Job 361: 29/400
Job 361: 30/400
Job 361: 31/400
Job 361: 32/400
Job 361: 33/400
Job 361: 34/400
Job 361: 35/400
Job 361: 36/400
Job 361: 37/400
Job 361: 38/400
Job 361: 39/400
Job 361: 40/400
Job 361: 41/400
Job 361: 42/400
Job 361: 43/400
Job 361: 44/400
Job 361: 45/400
Job 361: 46/400
Job 361: 47/400
Job 361: 48/400
Job 361: 49/400
Job 361: 50/400
Job 361: 51/400
Job 361: 52/400
Job 361: 53/400
Job 361: 54/400
Job 361: 55/400
Job 361: 56/400
Job 361: 57/400
Job 361: 58/400
Job 361: 59/400
Job 361: 60/400
Job 361: 61/400
Job 361: 62/400
Job 361: 63/400
Job 361: 64/400
Job 361: 65/400
Job 361: 66/400
Job 361: 67/400
Job 361: 68/400
Job 361: 69/400
Job 361: 70/400
Job 361: 71/400
Job 361: 72/400
Job 361: 73/400
Job 361: 74/400
Job 361: 75/400
Job 361: 76/400
Job 361: 77/400
Job 361: 78/400
Job 361: 79/400 ERROR: object 'target_gene' not found
Job 361: 80/400
Job 361: 81/400
Job 361: 82/400
Job 361: 83/400
Job 361: 84/400
Job 361: 85/400
Job 361: 86/400
Job 361: 87/400
Job 361: 88/400
Job 361: 89/400
Job 361: 90/400
Job 361: 91/400
Job 361: 92/400
Job 361: 93/400
Job 361: 94/400
Job 361: 95/400
Job 361: 96/400
Job 361: 97/400
Job 361: 98/400
Job 361: 99/400
Job 361: 100/400
Job 361: 101/400
Job 361: 102/400
Job 361: 103/400
Job 361: 104/400
Job 361: 105/400
Job 361: 106/400
Job 361: 107/400
Job 361: 108/400
Job 361: 109/400
Job 361: 110/400
Job 361: 111/400
Job 361: 112/400
Job 361: 113/400
Job 361: 114/400
Job 361: 115/400
Job 361: 116/400
Job 361: 117/400
Job 361: 118/400
Job 361: 119/400
Job 361: 120/400
Job 361: 121/400
Job 361: 122/400
Job 361: 123/400
Job 361: 124/400
Job 361: 125/400
Job 361: 126/400
Job 361: 127/400
Job 361: 128/400
Job 361: 129/400
Job 361: 130/400
Job 361: 131/400
Job 361: 132/400
Job 361: 133/400
Job 361: 134/400
Job 361: 135/400
Job 361: 136/400
Job 361: 137/400
Job 361: 138/400
Job 361: 139/400
Job 361: 140/400
Job 361: 141/400
Job 361: 142/400
Job 361: 143/400
Job 361: 144/400
Job 361: 145/400
Job 361: 146/400
Job 361: 147/400
Job 361: 148/400
Job 361: 149/400
Job 361: 150/400
Job 361: 151/400
Job 361: 152/400
Job 361: 153/400
Job 361: 154/400
Job 361: 155/400
Job 361: 156/400
Job 361: 157/400
Job 361: 158/400
Job 361: 159/400
Job 361: 160/400
Job 361: 161/400
Job 361: 162/400
Job 361: 163/400
Job 361: 164/400
Job 361: 165/400
Job 361: 166/400
Job 361: 167/400
Job 361: 168/400
Job 361: 169/400
Job 361: 170/400
Job 361: 171/400
Job 361: 172/400
Job 361: 173/400
Job 361: 174/400
Job 361: 175/400
Job 361: 176/400
Job 361: 177/400
Job 361: 178/400
Job 361: 179/400
Job 361: 180/400
Job 361: 181/400
Job 361: 182/400
Job 361: 183/400
Job 361: 184/400
Job 361: 185/400
Job 361: 186/400
Job 361: 187/400
Job 361: 188/400
Job 361: 189/400
Job 361: 190/400
Job 361: 191/400
Job 361: 192/400
Job 361: 193/400
Job 361: 194/400
Job 361: 195/400
Job 361: 196/400
Job 361: 197/400
Job 361: 198/400
Job 361: 199/400
Job 361: 200/400
Job 361: 201/400
Job 361: 202/400
Job 361: 203/400
Job 361: 204/400
Job 361: 205/400
Job 361: 206/400
Job 361: 207/400
Job 361: 208/400
Job 361: 209/400
Job 361: 210/400
Job 361: 211/400
Job 361: 212/400
Job 361: 213/400
Job 361: 214/400
Job 361: 215/400
Job 361: 216/400
Job 361: 217/400
Job 361: 218/400
Job 361: 219/400
Job 361: 220/400
Job 361: 221/400
Job 361: 222/400
Job 361: 223/400
Job 361: 224/400
Job 361: 225/400
Job 361: 226/400
Job 361: 227/400
Job 361: 228/400
Job 361: 229/400
Job 361: 230/400
Job 361: 231/400
Job 361: 232/400
Job 361: 233/400
Job 361: 234/400
Job 361: 235/400
Job 361: 236/400
Job 361: 237/400
Job 361: 238/400
Job 361: 239/400
Job 361: 240/400
Job 361: 241/400
Job 361: 242/400
Job 361: 243/400
Job 361: 244/400
Job 361: 245/400
Job 361: 246/400
Job 361: 247/400
Job 361: 248/400
Job 361: 249/400
Job 361: 250/400
Job 361: 251/400
Job 361: 252/400
Job 361: 253/400
Job 361: 254/400
Job 361: 255/400
Job 361: 256/400
Job 361: 257/400
Job 361: 258/400
Job 361: 259/400
Job 361: 260/400
Job 361: 261/400
Job 361: 262/400
Job 361: 263/400
Job 361: 264/400
Job 361: 265/400
Job 361: 266/400
Job 361: 267/400
Job 361: 268/400
Job 361: 269/400
Job 361: 270/400
Job 361: 271/400
Job 361: 272/400
Job 361: 273/400
Job 361: 274/400
Job 361: 275/400
Job 361: 276/400
Job 361: 277/400
Job 361: 278/400
Job 361: 279/400
Job 361: 280/400
Job 361: 281/400
Job 361: 282/400
Job 361: 283/400
Job 361: 284/400
Job 361: 285/400
Job 361: 286/400
Job 361: 287/400
Job 361: 288/400
Job 361: 289/400
Job 361: 290/400
Job 361: 291/400
Job 361: 292/400
Job 361: 293/400
Job 361: 294/400
Job 361: 295/400
Job 361: 296/400
Job 361: 297/400
Job 361: 298/400
Job 361: 299/400
Job 361: 300/400
Job 361: 301/400
Job 361: 302/400
Job 361: 303/400
Job 361: 304/400
Job 361: 305/400
Job 361: 306/400
Job 361: 307/400
Job 361: 308/400
Job 361: 309/400
Job 361: 310/400
Job 361: 311/400
Job 361: 312/400
Job 361: 313/400
Job 361: 314/400
Job 361: 315/400
Job 361: 316/400
Job 361: 317/400
Job 361: 318/400
Job 361: 319/400
Job 361: 320/400
Job 361: 321/400
Job 361: 322/400
Job 361: 323/400
Job 361: 324/400
Job 361: 325/400
Job 361: 326/400
Job 361: 327/400
Job 361: 328/400
Job 361: 329/400
Job 361: 330/400
Job 361: 331/400
Job 361: 332/400
Job 361: 333/400
Job 361: 334/400
Job 361: 335/400
Job 361: 336/400
Job 361: 337/400
Job 361: 338/400
Job 361: 339/400
Job 361: 340/400
Job 361: 341/400
Job 361: 342/400
Job 361: 343/400
Job 361: 344/400
Job 361: 345/400
Job 361: 346/400
Job 361: 347/400
Job 361: 348/400
Job 361: 349/400
Job 361: 350/400
Job 361: 351/400
Job 361: 352/400
Job 361: 353/400
Job 361: 354/400
Job 361: 355/400
Job 361: 356/400
Job 361: 357/400
Job 361: 358/400
Job 361: 359/400
Job 361: 360/400
Job 361: 361/400
Job 361: 362/400
Job 361: 363/400
Job 361: 364/400
Job 361: 365/400
Job 361: 366/400
Job 361: 367/400
Job 361: 368/400
Job 361: 369/400
Job 361: 370/400
Job 361: 371/400
Job 361: 372/400
Job 361: 373/400
Job 361: 374/400
Job 361: 375/400
Job 361: 376/400
Job 361: 377/400
Job 361: 378/400
Job 361: 379/400
Job 361: 380/400
Job 361: 381/400
Job 361: 382/400
Job 361: 383/400
Job 361: 384/400
Job 361: 385/400
Job 361: 386/400
Job 361: 387/400
Job 361: 388/400
Job 361: 389/400
Job 361: 390/400
Job 361: 391/400
Job 361: 392/400
Job 361: 393/400
Job 361: 394/400
Job 361: 395/400
Job 361: 396/400
Job 361: 397/400
Job 361: 398/400
Job 361: 399/400
Job 361: 400/400
