Registered S3 methods overwritten by 'susieSlide':
  method              from  
  coef.susie          susieR
  predict.susie       susieR
  print.summary.susie susieR
  summary.susie       susieR
Job 56: 1/400
Job 56: 2/400
Job 56: 3/400
Job 56: 4/400
Job 56: 5/400
Job 56: 6/400
Job 56: 7/400
Job 56: 8/400
Job 56: 9/400
Job 56: 10/400
Job 56: 11/400
Job 56: 12/400
Job 56: 13/400
Job 56: 14/400
Job 56: 15/400
Job 56: 16/400
Job 56: 17/400
Job 56: 18/400
Job 56: 19/400
Job 56: 20/400
Job 56: 21/400
Job 56: 22/400
Job 56: 23/400
Job 56: 24/400
Job 56: 25/400
Job 56: 26/400
Job 56: 27/400
Job 56: 28/400
Job 56: 29/400
Job 56: 30/400
Job 56: 31/400
Job 56: 32/400
Job 56: 33/400
Job 56: 34/400
Job 56: 35/400
Job 56: 36/400
Job 56: 37/400
Job 56: 38/400
Job 56: 39/400
Job 56: 40/400
Job 56: 41/400
Job 56: 42/400
Job 56: 43/400
Job 56: 44/400
Job 56: 45/400
Job 56: 46/400
Job 56: 47/400
Job 56: 48/400
Job 56: 49/400
Job 56: 50/400
Job 56: 51/400
Job 56: 52/400
Job 56: 53/400
Job 56: 54/400
Job 56: 55/400
Job 56: 56/400
Job 56: 57/400
Job 56: 58/400
Job 56: 59/400
Job 56: 60/400
Job 56: 61/400
Job 56: 62/400
Job 56: 63/400
Job 56: 64/400
Job 56: 65/400
Job 56: 66/400
Job 56: 67/400
Job 56: 68/400
Job 56: 69/400
Job 56: 70/400
Job 56: 71/400
Job 56: 72/400
Job 56: 73/400
Job 56: 74/400
Job 56: 75/400
Job 56: 76/400
Job 56: 77/400
Job 56: 78/400
Job 56: 79/400
Job 56: 80/400
Job 56: 81/400
Job 56: 82/400
Job 56: 83/400
Job 56: 84/400
Job 56: 85/400
Job 56: 86/400
Job 56: 87/400
Job 56: 88/400
Job 56: 89/400
Job 56: 90/400
Job 56: 91/400
Job 56: 92/400
Job 56: 93/400
Job 56: 94/400
Job 56: 95/400
Job 56: 96/400
Job 56: 97/400
Job 56: 98/400
Job 56: 99/400
Job 56: 100/400
Job 56: 101/400
Job 56: 102/400
Job 56: 103/400
Job 56: 104/400
Job 56: 105/400
Job 56: 106/400
Job 56: 107/400
Job 56: 108/400
Job 56: 109/400
Job 56: 110/400
Job 56: 111/400
Job 56: 112/400
Job 56: 113/400
Job 56: 114/400
Job 56: 115/400
Job 56: 116/400
Job 56: 117/400
Job 56: 118/400
Job 56: 119/400
Job 56: 120/400
Job 56: 121/400
Job 56: 122/400
Job 56: 123/400
Job 56: 124/400
Job 56: 125/400
Job 56: 126/400
Job 56: 127/400
Job 56: 128/400
Job 56: 129/400
Job 56: 130/400
Job 56: 131/400
Job 56: 132/400
Job 56: 133/400
Job 56: 134/400
Job 56: 135/400
Job 56: 136/400
Job 56: 137/400
Job 56: 138/400
Job 56: 139/400
Job 56: 140/400
Job 56: 141/400
Job 56: 142/400
Job 56: 143/400
Job 56: 144/400
Job 56: 145/400
Job 56: 146/400
Job 56: 147/400
Job 56: 148/400
Job 56: 149/400
Job 56: 150/400
Job 56: 151/400
Job 56: 152/400
Job 56: 153/400
Job 56: 154/400
Job 56: 155/400
Job 56: 156/400
Job 56: 157/400
Job 56: 158/400
Job 56: 159/400
Job 56: 160/400
Job 56: 161/400
Job 56: 162/400
Job 56: 163/400
Job 56: 164/400
Job 56: 165/400
Job 56: 166/400
Job 56: 167/400
Job 56: 168/400
Job 56: 169/400
Job 56: 170/400
Job 56: 171/400
Job 56: 172/400
Job 56: 173/400
Job 56: 174/400
Job 56: 175/400
Job 56: 176/400
Job 56: 177/400
Job 56: 178/400
Job 56: 179/400
Job 56: 180/400
Job 56: 181/400
Job 56: 182/400
Job 56: 183/400
Job 56: 184/400
Job 56: 185/400
Job 56: 186/400
Job 56: 187/400
Job 56: 188/400
Job 56: 189/400
Job 56: 190/400
Job 56: 191/400
Job 56: 192/400
Job 56: 193/400
HINT: nrow(X) = 500 >= 2 * ncol(X) = 86. Consider precomputing sufficient statistics with compute_suff_stat() and fitting with susie_ss() instead -- this avoids holding X in memory at every iteration and lets you reuse XtX across multiple y.
Job 56: 194/400
Job 56: 195/400
Job 56: 196/400
Job 56: 197/400
Job 56: 198/400
Job 56: 199/400
Job 56: 200/400
Job 56: 201/400
Job 56: 202/400
Job 56: 203/400
Job 56: 204/400
Job 56: 205/400
Job 56: 206/400
Job 56: 207/400
Job 56: 208/400
Job 56: 209/400
Job 56: 210/400
Job 56: 211/400
Job 56: 212/400
Job 56: 213/400
Job 56: 214/400
Job 56: 215/400
Job 56: 216/400
Job 56: 217/400
Job 56: 218/400
Job 56: 219/400
Job 56: 220/400
Job 56: 221/400
Job 56: 222/400
Job 56: 223/400
Job 56: 224/400
Job 56: 225/400
Job 56: 226/400
Job 56: 227/400
Job 56: 228/400
Job 56: 229/400
Job 56: 230/400
Job 56: 231/400
Job 56: 232/400
Job 56: 233/400
Job 56: 234/400
Job 56: 235/400
Job 56: 236/400
Job 56: 237/400
Job 56: 238/400
Job 56: 239/400
Job 56: 240/400
Job 56: 241/400
Job 56: 242/400
Job 56: 243/400
Job 56: 244/400
Job 56: 245/400
Job 56: 246/400
Job 56: 247/400
Job 56: 248/400
Job 56: 249/400
Job 56: 250/400
Job 56: 251/400
Job 56: 252/400
Job 56: 253/400
Job 56: 254/400
Job 56: 255/400
Job 56: 256/400
Job 56: 257/400
Job 56: 258/400
Job 56: 259/400
Job 56: 260/400
Job 56: 261/400
Job 56: 262/400
Job 56: 263/400
Job 56: 264/400
Job 56: 265/400
Job 56: 266/400
Job 56: 267/400
Job 56: 268/400
Job 56: 269/400
Job 56: 270/400
Job 56: 271/400
Job 56: 272/400
Job 56: 273/400
Job 56: 274/400
Job 56: 275/400
Job 56: 276/400
Job 56: 277/400
Job 56: 278/400
Job 56: 279/400
Job 56: 280/400
Job 56: 281/400
Job 56: 282/400
Job 56: 283/400
Job 56: 284/400
Job 56: 285/400
Job 56: 286/400
Job 56: 287/400
Job 56: 288/400
Job 56: 289/400
Job 56: 290/400
Job 56: 291/400
Job 56: 292/400
Job 56: 293/400
Job 56: 294/400
Job 56: 295/400
Job 56: 296/400
Job 56: 297/400
Job 56: 298/400
Job 56: 299/400
Job 56: 300/400
Job 56: 301/400
Job 56: 302/400
Job 56: 303/400
Job 56: 304/400
Job 56: 305/400
Job 56: 306/400
Job 56: 307/400
Job 56: 308/400
Job 56: 309/400
Job 56: 310/400
Job 56: 311/400
Job 56: 312/400
Job 56: 313/400
Job 56: 314/400
Job 56: 315/400
Job 56: 316/400
Job 56: 317/400
Job 56: 318/400
Job 56: 319/400
Job 56: 320/400
Job 56: 321/400
Job 56: 322/400
Job 56: 323/400
Job 56: 324/400
Job 56: 325/400
Job 56: 326/400
Job 56: 327/400
Job 56: 328/400
Job 56: 329/400
Job 56: 330/400
Job 56: 331/400
Job 56: 332/400
Job 56: 333/400
Job 56: 334/400
Job 56: 335/400
Job 56: 336/400
Job 56: 337/400
Job 56: 338/400
Job 56: 339/400
Job 56: 340/400
Job 56: 341/400
Job 56: 342/400
Job 56: 343/400
Job 56: 344/400
Job 56: 345/400
Job 56: 346/400
Job 56: 347/400
Job 56: 348/400
Job 56: 349/400
Job 56: 350/400
Job 56: 351/400
Job 56: 352/400
Job 56: 353/400
Job 56: 354/400
Job 56: 355/400
Job 56: 356/400
Job 56: 357/400
Job 56: 358/400
Job 56: 359/400
Job 56: 360/400
Job 56: 361/400
Job 56: 362/400
Job 56: 363/400
Job 56: 364/400
Job 56: 365/400
Job 56: 366/400
Job 56: 367/400
Job 56: 368/400
Job 56: 369/400
Job 56: 370/400
Job 56: 371/400
Job 56: 372/400
Job 56: 373/400
Job 56: 374/400
Job 56: 375/400
Job 56: 376/400
Job 56: 377/400
Job 56: 378/400
Job 56: 379/400
Job 56: 380/400
Job 56: 381/400
Job 56: 382/400
Job 56: 383/400
Job 56: 384/400
Job 56: 385/400
Job 56: 386/400
Job 56: 387/400
Job 56: 388/400
Job 56: 389/400
Job 56: 390/400
Job 56: 391/400
Job 56: 392/400
Job 56: 393/400
Job 56: 394/400
Job 56: 395/400
Job 56: 396/400
Job 56: 397/400
Job 56: 398/400
Job 56: 399/400
Job 56: 400/400
