Registered S3 methods overwritten by 'susieSlide':
  method              from  
  coef.susie          susieR
  predict.susie       susieR
  print.summary.susie susieR
  summary.susie       susieR
Job 352: 1/400
Job 352: 2/400
Job 352: 3/400
Job 352: 4/400
Job 352: 5/400
Job 352: 6/400
Job 352: 7/400
Job 352: 8/400
Job 352: 9/400
Job 352: 10/400
Job 352: 11/400
Job 352: 12/400
Job 352: 13/400
Job 352: 14/400
Job 352: 15/400
Job 352: 16/400
Job 352: 17/400
Job 352: 18/400
Job 352: 19/400
Job 352: 20/400
Job 352: 21/400
Job 352: 22/400
Job 352: 23/400
Job 352: 24/400
Job 352: 25/400
Job 352: 26/400
Job 352: 27/400
Job 352: 28/400
Job 352: 29/400
Job 352: 30/400
Job 352: 31/400
Job 352: 32/400
Job 352: 33/400
Job 352: 34/400
Job 352: 35/400
Job 352: 36/400
Job 352: 37/400
Job 352: 38/400
Job 352: 39/400
Job 352: 40/400
Job 352: 41/400
Job 352: 42/400
Job 352: 43/400
Job 352: 44/400
Job 352: 45/400
Job 352: 46/400
Job 352: 47/400
Job 352: 48/400
Job 352: 49/400
Job 352: 50/400
Job 352: 51/400
Job 352: 52/400
Job 352: 53/400
Job 352: 54/400
Job 352: 55/400
Job 352: 56/400
Job 352: 57/400
Job 352: 58/400
Job 352: 59/400
Job 352: 60/400
Job 352: 61/400
Job 352: 62/400
Job 352: 63/400
Job 352: 64/400
Job 352: 65/400
Job 352: 66/400
Job 352: 67/400
Job 352: 68/400
Job 352: 69/400
Job 352: 70/400
Job 352: 71/400
Job 352: 72/400
Job 352: 73/400
Job 352: 74/400
Job 352: 75/400
Job 352: 76/400
Job 352: 77/400
Job 352: 78/400
Job 352: 79/400
Job 352: 80/400
Job 352: 81/400
Job 352: 82/400
Job 352: 83/400
Job 352: 84/400
Job 352: 85/400
Job 352: 86/400
Job 352: 87/400
Job 352: 88/400
Job 352: 89/400
Job 352: 90/400
Job 352: 91/400
Job 352: 92/400
Job 352: 93/400
Job 352: 94/400
Job 352: 95/400
Job 352: 96/400
Job 352: 97/400
Job 352: 98/400
Job 352: 99/400
Job 352: 100/400
Job 352: 101/400
Job 352: 102/400
Job 352: 103/400
Job 352: 104/400
Job 352: 105/400
Job 352: 106/400
Job 352: 107/400
Job 352: 108/400
Job 352: 109/400
Job 352: 110/400
Job 352: 111/400
Job 352: 112/400
Job 352: 113/400
Job 352: 114/400
Job 352: 115/400
Job 352: 116/400
Job 352: 117/400
Job 352: 118/400
Job 352: 119/400
Job 352: 120/400
Job 352: 121/400
Job 352: 122/400
Job 352: 123/400
Job 352: 124/400
Job 352: 125/400
Job 352: 126/400
Job 352: 127/400
Job 352: 128/400
Job 352: 129/400
Job 352: 130/400
Job 352: 131/400
Job 352: 132/400
Job 352: 133/400
Job 352: 134/400
Job 352: 135/400
Job 352: 136/400
Job 352: 137/400
Job 352: 138/400
Job 352: 139/400
Job 352: 140/400
Job 352: 141/400
Job 352: 142/400
Job 352: 143/400
Job 352: 144/400
Job 352: 145/400
Job 352: 146/400
Job 352: 147/400
Job 352: 148/400
Job 352: 149/400
Job 352: 150/400
Job 352: 151/400
Job 352: 152/400
Job 352: 153/400
Job 352: 154/400
Job 352: 155/400
Job 352: 156/400
Job 352: 157/400
Job 352: 158/400
Job 352: 159/400
Job 352: 160/400
Job 352: 161/400
Job 352: 162/400
Job 352: 163/400
Job 352: 164/400
Job 352: 165/400
Job 352: 166/400
Job 352: 167/400
Job 352: 168/400
Job 352: 169/400
Job 352: 170/400
Job 352: 171/400
Job 352: 172/400
Job 352: 173/400
Job 352: 174/400
Job 352: 175/400
Job 352: 176/400
Job 352: 177/400
Job 352: 178/400
Job 352: 179/400
Job 352: 180/400
Job 352: 181/400
Job 352: 182/400
Job 352: 183/400
Job 352: 184/400
Job 352: 185/400
Job 352: 186/400
Job 352: 187/400
Job 352: 188/400
Job 352: 189/400
Job 352: 190/400
Job 352: 191/400
Job 352: 192/400
Job 352: 193/400
Job 352: 194/400
Job 352: 195/400
Job 352: 196/400
Job 352: 197/400
Job 352: 198/400
Job 352: 199/400
Job 352: 200/400
Job 352: 201/400
Job 352: 202/400
Job 352: 203/400
Job 352: 204/400
Job 352: 205/400
Job 352: 206/400
Job 352: 207/400
Job 352: 208/400
Job 352: 209/400
Job 352: 210/400
Job 352: 211/400
Job 352: 212/400
Job 352: 213/400
Job 352: 214/400
Job 352: 215/400
Job 352: 216/400
Job 352: 217/400
Job 352: 218/400
Job 352: 219/400
Job 352: 220/400
Job 352: 221/400
Job 352: 222/400
Job 352: 223/400
Job 352: 224/400
Job 352: 225/400
Job 352: 226/400
Job 352: 227/400
Job 352: 228/400
Job 352: 229/400
Job 352: 230/400
Job 352: 231/400
Job 352: 232/400
Job 352: 233/400
Job 352: 234/400
Job 352: 235/400
Job 352: 236/400
Job 352: 237/400
Job 352: 238/400
Job 352: 239/400
Job 352: 240/400
Job 352: 241/400
Job 352: 242/400
Job 352: 243/400
Job 352: 244/400
Job 352: 245/400
Job 352: 246/400
Job 352: 247/400
Job 352: 248/400
Job 352: 249/400
Job 352: 250/400
Job 352: 251/400
Job 352: 252/400
Job 352: 253/400
Job 352: 254/400
Job 352: 255/400
Job 352: 256/400
Job 352: 257/400
Job 352: 258/400
Job 352: 259/400
Job 352: 260/400
Job 352: 261/400
Job 352: 262/400
Job 352: 263/400
Job 352: 264/400
Job 352: 265/400
Job 352: 266/400
Job 352: 267/400
Job 352: 268/400
Job 352: 269/400
Job 352: 270/400
Job 352: 271/400
Job 352: 272/400
Job 352: 273/400
Job 352: 274/400
Job 352: 275/400
Job 352: 276/400
Job 352: 277/400
Job 352: 278/400
Job 352: 279/400
Job 352: 280/400
Job 352: 281/400
Job 352: 282/400
Job 352: 283/400
Job 352: 284/400
Job 352: 285/400
Job 352: 286/400
Job 352: 287/400
Job 352: 288/400
Job 352: 289/400
Job 352: 290/400
Job 352: 291/400
Job 352: 292/400
Job 352: 293/400
Job 352: 294/400
Job 352: 295/400
Job 352: 296/400
Job 352: 297/400
Job 352: 298/400
Job 352: 299/400
Job 352: 300/400
Job 352: 301/400
Job 352: 302/400
Job 352: 303/400
Job 352: 304/400
Job 352: 305/400
Job 352: 306/400
Job 352: 307/400
Job 352: 308/400
Job 352: 309/400
Job 352: 310/400
Job 352: 311/400
Job 352: 312/400
Job 352: 313/400
Job 352: 314/400
Job 352: 315/400
Job 352: 316/400
Job 352: 317/400
Job 352: 318/400
Job 352: 319/400
Job 352: 320/400
Job 352: 321/400
Job 352: 322/400
Job 352: 323/400
Job 352: 324/400
Job 352: 325/400
Job 352: 326/400
Job 352: 327/400
Job 352: 328/400
Job 352: 329/400
Job 352: 330/400
Job 352: 331/400
Job 352: 332/400
Job 352: 333/400
Job 352: 334/400
Job 352: 335/400
Job 352: 336/400
Job 352: 337/400
Job 352: 338/400
Job 352: 339/400
Job 352: 340/400
Job 352: 341/400
Job 352: 342/400
Job 352: 343/400
Job 352: 344/400
Job 352: 345/400
Job 352: 346/400
Job 352: 347/400
Job 352: 348/400
Job 352: 349/400
Job 352: 350/400
Job 352: 351/400
Job 352: 352/400
Job 352: 353/400
Job 352: 354/400
Job 352: 355/400
Job 352: 356/400
Job 352: 357/400
Job 352: 358/400
Job 352: 359/400
Job 352: 360/400
Job 352: 361/400
Job 352: 362/400
Job 352: 363/400
Job 352: 364/400
Job 352: 365/400
Job 352: 366/400
Job 352: 367/400
Job 352: 368/400
Job 352: 369/400
Job 352: 370/400
Job 352: 371/400
Job 352: 372/400
Job 352: 373/400
Job 352: 374/400
Job 352: 375/400
Job 352: 376/400
Job 352: 377/400
Job 352: 378/400
Job 352: 379/400
Job 352: 380/400
Job 352: 381/400
Job 352: 382/400
Job 352: 383/400
Job 352: 384/400
Job 352: 385/400
Job 352: 386/400
Job 352: 387/400
Job 352: 388/400
Job 352: 389/400
Job 352: 390/400
Job 352: 391/400
Job 352: 392/400
Job 352: 393/400
Job 352: 394/400
Job 352: 395/400
Job 352: 396/400
Job 352: 397/400
Job 352: 398/400
Job 352: 399/400
Job 352: 400/400
