Registered S3 methods overwritten by 'susieSlide':
  method              from  
  coef.susie          susieR
  predict.susie       susieR
  print.summary.susie susieR
  summary.susie       susieR
Job 380: 1/400
Job 380: 2/400
Job 380: 3/400
Job 380: 4/400
Job 380: 5/400
Job 380: 6/400
Job 380: 7/400
Job 380: 8/400
Job 380: 9/400
Job 380: 10/400
Job 380: 11/400
Job 380: 12/400
Job 380: 13/400
Job 380: 14/400
Job 380: 15/400
Job 380: 16/400
Job 380: 17/400
Job 380: 18/400
Job 380: 19/400
Job 380: 20/400
Job 380: 21/400
Job 380: 22/400
Job 380: 23/400
Job 380: 24/400
Job 380: 25/400
Job 380: 26/400
Job 380: 27/400
Job 380: 28/400
Job 380: 29/400
Job 380: 30/400
Job 380: 31/400
Job 380: 32/400
Job 380: 33/400
Job 380: 34/400
Job 380: 35/400
Job 380: 36/400
Job 380: 37/400
Job 380: 38/400
Job 380: 39/400
Job 380: 40/400
Job 380: 41/400
Job 380: 42/400
Job 380: 43/400
Job 380: 44/400
Job 380: 45/400
Job 380: 46/400
Job 380: 47/400
Job 380: 48/400
Job 380: 49/400
Job 380: 50/400
Job 380: 51/400
Job 380: 52/400
Job 380: 53/400
Job 380: 54/400
Job 380: 55/400
Job 380: 56/400
Job 380: 57/400
Job 380: 58/400
Job 380: 59/400
Job 380: 60/400
Job 380: 61/400
Job 380: 62/400
Job 380: 63/400
Job 380: 64/400
Job 380: 65/400
Job 380: 66/400
Job 380: 67/400
Job 380: 68/400
Job 380: 69/400
Job 380: 70/400
Job 380: 71/400
Job 380: 72/400
Job 380: 73/400
Job 380: 74/400
Job 380: 75/400
Job 380: 76/400
Job 380: 77/400
Job 380: 78/400
Job 380: 79/400
Job 380: 80/400
Job 380: 81/400
Job 380: 82/400
Job 380: 83/400
Job 380: 84/400
Job 380: 85/400
Job 380: 86/400
Job 380: 87/400
Job 380: 88/400
Job 380: 89/400
Job 380: 90/400
Job 380: 91/400
Job 380: 92/400
Job 380: 93/400
Job 380: 94/400
Job 380: 95/400
Job 380: 96/400
Job 380: 97/400
Job 380: 98/400
Job 380: 99/400
Job 380: 100/400
Job 380: 101/400
Job 380: 102/400
Job 380: 103/400
Job 380: 104/400
Job 380: 105/400
Job 380: 106/400
Job 380: 107/400
Job 380: 108/400
Job 380: 109/400
Job 380: 110/400
Job 380: 111/400
Job 380: 112/400
Job 380: 113/400
Job 380: 114/400
Job 380: 115/400
Job 380: 116/400
Job 380: 117/400
Job 380: 118/400
Job 380: 119/400
Job 380: 120/400
Job 380: 121/400
Job 380: 122/400
Job 380: 123/400
Job 380: 124/400
Job 380: 125/400
Job 380: 126/400
Job 380: 127/400
Job 380: 128/400
Job 380: 129/400
Job 380: 130/400
Job 380: 131/400
Job 380: 132/400
Job 380: 133/400
Job 380: 134/400
Job 380: 135/400
Job 380: 136/400
Job 380: 137/400
Job 380: 138/400
Job 380: 139/400
Job 380: 140/400
Job 380: 141/400
Job 380: 142/400
Job 380: 143/400
Job 380: 144/400
Job 380: 145/400
Job 380: 146/400
Job 380: 147/400
Job 380: 148/400
Job 380: 149/400
Job 380: 150/400
Job 380: 151/400
Job 380: 152/400
Job 380: 153/400
Job 380: 154/400
Job 380: 155/400
Job 380: 156/400
Job 380: 157/400
Job 380: 158/400
Job 380: 159/400
Job 380: 160/400
Job 380: 161/400
Job 380: 162/400
Job 380: 163/400
Job 380: 164/400
Job 380: 165/400
Job 380: 166/400
Job 380: 167/400
Job 380: 168/400
Job 380: 169/400
Job 380: 170/400
Job 380: 171/400
Job 380: 172/400
Job 380: 173/400
Job 380: 174/400
Job 380: 175/400
Job 380: 176/400
Job 380: 177/400
Job 380: 178/400
Job 380: 179/400
Job 380: 180/400
Job 380: 181/400
Job 380: 182/400
Job 380: 183/400
Job 380: 184/400
Job 380: 185/400
Job 380: 186/400
Job 380: 187/400
Job 380: 188/400
Job 380: 189/400
Job 380: 190/400
Job 380: 191/400
Job 380: 192/400
Job 380: 193/400
Job 380: 194/400
Job 380: 195/400
Job 380: 196/400
Job 380: 197/400
Job 380: 198/400
Job 380: 199/400
Job 380: 200/400
Job 380: 201/400
Job 380: 202/400
Job 380: 203/400
Job 380: 204/400
Job 380: 205/400
Job 380: 206/400
Job 380: 207/400
Job 380: 208/400
Job 380: 209/400
Job 380: 210/400
Job 380: 211/400
Job 380: 212/400
Job 380: 213/400
Job 380: 214/400
Job 380: 215/400
Job 380: 216/400
Job 380: 217/400
Job 380: 218/400
Job 380: 219/400
Job 380: 220/400
Job 380: 221/400
Job 380: 222/400
Job 380: 223/400
Job 380: 224/400
Job 380: 225/400
Job 380: 226/400
Job 380: 227/400
Job 380: 228/400
Job 380: 229/400
Job 380: 230/400
Job 380: 231/400
Job 380: 232/400
Job 380: 233/400
Job 380: 234/400
Job 380: 235/400
Job 380: 236/400
Job 380: 237/400
Job 380: 238/400
Job 380: 239/400
Job 380: 240/400
Job 380: 241/400
Job 380: 242/400
Job 380: 243/400
Job 380: 244/400
Job 380: 245/400
Job 380: 246/400
Job 380: 247/400
Job 380: 248/400
Job 380: 249/400
Job 380: 250/400
Job 380: 251/400
Job 380: 252/400
Job 380: 253/400
Job 380: 254/400
Job 380: 255/400
Job 380: 256/400
Job 380: 257/400
Job 380: 258/400
Job 380: 259/400
Job 380: 260/400
Job 380: 261/400
Job 380: 262/400
Job 380: 263/400
Job 380: 264/400
Job 380: 265/400
Job 380: 266/400
Job 380: 267/400
Job 380: 268/400
Job 380: 269/400
Job 380: 270/400
Job 380: 271/400
Job 380: 272/400
Job 380: 273/400
Job 380: 274/400
Job 380: 275/400
Job 380: 276/400
Job 380: 277/400
Job 380: 278/400
Job 380: 279/400
Job 380: 280/400
Job 380: 281/400
Job 380: 282/400
Job 380: 283/400
Job 380: 284/400
Job 380: 285/400
Job 380: 286/400
Job 380: 287/400
Job 380: 288/400
Job 380: 289/400
Job 380: 290/400
Job 380: 291/400
Job 380: 292/400
Job 380: 293/400
Job 380: 294/400
Job 380: 295/400
Job 380: 296/400
Job 380: 297/400
Job 380: 298/400
Job 380: 299/400
Job 380: 300/400
Job 380: 301/400
Job 380: 302/400
Job 380: 303/400
Job 380: 304/400
Job 380: 305/400
Job 380: 306/400
Job 380: 307/400
Job 380: 308/400
Job 380: 309/400
Job 380: 310/400
Job 380: 311/400
Job 380: 312/400
Job 380: 313/400
Job 380: 314/400
Job 380: 315/400
Job 380: 316/400
Job 380: 317/400
Job 380: 318/400
Job 380: 319/400
Job 380: 320/400
Job 380: 321/400
Job 380: 322/400
Job 380: 323/400
Job 380: 324/400
Job 380: 325/400
Job 380: 326/400
Job 380: 327/400
Job 380: 328/400
Job 380: 329/400
Job 380: 330/400
Job 380: 331/400
Job 380: 332/400
Job 380: 333/400
Job 380: 334/400
Job 380: 335/400
Job 380: 336/400
Job 380: 337/400
Job 380: 338/400
Job 380: 339/400
Job 380: 340/400
Job 380: 341/400
Job 380: 342/400
Job 380: 343/400
Job 380: 344/400
Job 380: 345/400
Job 380: 346/400
Job 380: 347/400
Job 380: 348/400
Job 380: 349/400
Job 380: 350/400
Job 380: 351/400
Job 380: 352/400
Job 380: 353/400
Job 380: 354/400
Job 380: 355/400
Job 380: 356/400
Job 380: 357/400
Job 380: 358/400
Job 380: 359/400
Job 380: 360/400
Job 380: 361/400
Job 380: 362/400
Job 380: 363/400
Job 380: 364/400
Job 380: 365/400
Job 380: 366/400
Job 380: 367/400
Job 380: 368/400
Job 380: 369/400
Job 380: 370/400
Job 380: 371/400
Job 380: 372/400
Job 380: 373/400
Job 380: 374/400
Job 380: 375/400
Job 380: 376/400
Job 380: 377/400
Job 380: 378/400
Job 380: 379/400
Job 380: 380/400
Job 380: 381/400
Job 380: 382/400
Job 380: 383/400
Job 380: 384/400
Job 380: 385/400
Job 380: 386/400
Job 380: 387/400
Job 380: 388/400
Job 380: 389/400
Job 380: 390/400
Job 380: 391/400
Job 380: 392/400
Job 380: 393/400
Job 380: 394/400
Job 380: 395/400
Job 380: 396/400
Job 380: 397/400
Job 380: 398/400
Job 380: 399/400
Job 380: 400/400
