Registered S3 methods overwritten by 'susieSlide':
  method              from  
  coef.susie          susieR
  predict.susie       susieR
  print.summary.susie susieR
  summary.susie       susieR
Job 33: 1/400
Job 33: 2/400
Job 33: 3/400
Job 33: 4/400
Job 33: 5/400
Job 33: 6/400
Job 33: 7/400
Job 33: 8/400
Job 33: 9/400
Job 33: 10/400
Job 33: 11/400
Job 33: 12/400
Job 33: 13/400
Job 33: 14/400
Job 33: 15/400
Job 33: 16/400
Job 33: 17/400
Job 33: 18/400
Job 33: 19/400
Job 33: 20/400
Job 33: 21/400
Job 33: 22/400
Job 33: 23/400
Job 33: 24/400
Job 33: 25/400
Job 33: 26/400
Job 33: 27/400
Job 33: 28/400
Job 33: 29/400
Job 33: 30/400
Job 33: 31/400
Job 33: 32/400
Job 33: 33/400
Job 33: 34/400
Job 33: 35/400
Job 33: 36/400
Job 33: 37/400
Job 33: 38/400
Job 33: 39/400
Job 33: 40/400
Job 33: 41/400
Job 33: 42/400
Job 33: 43/400
Job 33: 44/400
Job 33: 45/400
Job 33: 46/400
Job 33: 47/400
Job 33: 48/400
Job 33: 49/400
Job 33: 50/400
Job 33: 51/400
Job 33: 52/400
Job 33: 53/400
Job 33: 54/400
Job 33: 55/400
Job 33: 56/400
Job 33: 57/400
Job 33: 58/400
Job 33: 59/400
Job 33: 60/400
Job 33: 61/400
Job 33: 62/400
Job 33: 63/400
Job 33: 64/400
Job 33: 65/400
Job 33: 66/400
Job 33: 67/400
Job 33: 68/400
Job 33: 69/400
Job 33: 70/400
Job 33: 71/400
Job 33: 72/400
Job 33: 73/400
Job 33: 74/400
Job 33: 75/400
Job 33: 76/400
Job 33: 77/400
Job 33: 78/400
Job 33: 79/400
Job 33: 80/400
Job 33: 81/400
Job 33: 82/400
Job 33: 83/400
Job 33: 84/400
Job 33: 85/400
Job 33: 86/400
Job 33: 87/400
Job 33: 88/400
Job 33: 89/400
Job 33: 90/400
Job 33: 91/400
Job 33: 92/400
Job 33: 93/400
Job 33: 94/400
Job 33: 95/400
Job 33: 96/400
Job 33: 97/400
Job 33: 98/400
Job 33: 99/400
Job 33: 100/400
Job 33: 101/400
Job 33: 102/400
Job 33: 103/400
Job 33: 104/400
Job 33: 105/400
Job 33: 106/400
Job 33: 107/400
Job 33: 108/400
Job 33: 109/400
Job 33: 110/400
Job 33: 111/400
Job 33: 112/400
Job 33: 113/400
Job 33: 114/400
Job 33: 115/400
Job 33: 116/400
Job 33: 117/400
Job 33: 118/400
Job 33: 119/400
Job 33: 120/400
Job 33: 121/400
Job 33: 122/400
Job 33: 123/400
Job 33: 124/400
Job 33: 125/400
Job 33: 126/400
Job 33: 127/400
Job 33: 128/400
Job 33: 129/400
Job 33: 130/400
Job 33: 131/400
Job 33: 132/400
Job 33: 133/400
Job 33: 134/400
Job 33: 135/400
Job 33: 136/400
Job 33: 137/400
Job 33: 138/400
Job 33: 139/400
Job 33: 140/400
Job 33: 141/400
Job 33: 142/400
Job 33: 143/400
Job 33: 144/400
Job 33: 145/400
Job 33: 146/400
Job 33: 147/400
Job 33: 148/400
Job 33: 149/400
Job 33: 150/400
Job 33: 151/400
Job 33: 152/400
Job 33: 153/400
Job 33: 154/400
Job 33: 155/400
Job 33: 156/400
Job 33: 157/400
Job 33: 158/400
Job 33: 159/400
Job 33: 160/400
Job 33: 161/400
Job 33: 162/400
Job 33: 163/400
Job 33: 164/400
Job 33: 165/400
Job 33: 166/400
Job 33: 167/400
Job 33: 168/400
Job 33: 169/400
Job 33: 170/400
Job 33: 171/400
Job 33: 172/400
Job 33: 173/400
Job 33: 174/400
Job 33: 175/400
Job 33: 176/400
Job 33: 177/400
Job 33: 178/400
Job 33: 179/400
Job 33: 180/400
Job 33: 181/400
Job 33: 182/400
Job 33: 183/400
Job 33: 184/400
Job 33: 185/400
Job 33: 186/400
Job 33: 187/400
Job 33: 188/400
Job 33: 189/400
Job 33: 190/400
Job 33: 191/400
Job 33: 192/400
Job 33: 193/400
Job 33: 194/400
Job 33: 195/400
Job 33: 196/400
Job 33: 197/400
Job 33: 198/400
Job 33: 199/400
Job 33: 200/400
Job 33: 201/400
Job 33: 202/400
Job 33: 203/400
Job 33: 204/400
Job 33: 205/400
Job 33: 206/400
Job 33: 207/400
Job 33: 208/400
Job 33: 209/400
Job 33: 210/400
Job 33: 211/400
Job 33: 212/400
Job 33: 213/400
Job 33: 214/400
Job 33: 215/400
Job 33: 216/400
Job 33: 217/400
Job 33: 218/400
Job 33: 219/400
Job 33: 220/400
Job 33: 221/400
Job 33: 222/400
Job 33: 223/400
Job 33: 224/400
Job 33: 225/400
Job 33: 226/400
Job 33: 227/400
Job 33: 228/400
Job 33: 229/400
Job 33: 230/400
Job 33: 231/400
Job 33: 232/400
Job 33: 233/400
Job 33: 234/400
Job 33: 235/400
Job 33: 236/400
Job 33: 237/400
Job 33: 238/400
Job 33: 239/400
Job 33: 240/400
Job 33: 241/400
Job 33: 242/400
Job 33: 243/400
Job 33: 244/400
Job 33: 245/400
Job 33: 246/400
Job 33: 247/400
Job 33: 248/400
Job 33: 249/400
Job 33: 250/400
Job 33: 251/400
Job 33: 252/400
Job 33: 253/400
Job 33: 254/400
Job 33: 255/400
Job 33: 256/400
Job 33: 257/400
Job 33: 258/400
Job 33: 259/400
Job 33: 260/400
Job 33: 261/400
Job 33: 262/400
Job 33: 263/400
Job 33: 264/400
Job 33: 265/400
Job 33: 266/400
Job 33: 267/400
Job 33: 268/400
Job 33: 269/400
Job 33: 270/400
Job 33: 271/400
Job 33: 272/400
Job 33: 273/400
Job 33: 274/400
Job 33: 275/400
Job 33: 276/400
Job 33: 277/400
Job 33: 278/400
Job 33: 279/400
Job 33: 280/400
Job 33: 281/400
Job 33: 282/400
Job 33: 283/400
Job 33: 284/400
Job 33: 285/400
Job 33: 286/400
Job 33: 287/400
Job 33: 288/400
Job 33: 289/400
Job 33: 290/400
Job 33: 291/400
Job 33: 292/400
Job 33: 293/400
Job 33: 294/400
Job 33: 295/400
Job 33: 296/400
Job 33: 297/400
Job 33: 298/400
Job 33: 299/400
Job 33: 300/400
Job 33: 301/400
Job 33: 302/400
Job 33: 303/400
Job 33: 304/400
Job 33: 305/400
Job 33: 306/400
Job 33: 307/400
Job 33: 308/400
Job 33: 309/400
Job 33: 310/400
Job 33: 311/400
Job 33: 312/400
Job 33: 313/400
Job 33: 314/400
Job 33: 315/400
Job 33: 316/400
Job 33: 317/400
Job 33: 318/400
Job 33: 319/400
Job 33: 320/400
Job 33: 321/400
Job 33: 322/400
Job 33: 323/400
Job 33: 324/400
Job 33: 325/400
Job 33: 326/400
Job 33: 327/400
Job 33: 328/400
Job 33: 329/400
Job 33: 330/400
Job 33: 331/400
Job 33: 332/400
Job 33: 333/400
Job 33: 334/400
Job 33: 335/400
Job 33: 336/400
Job 33: 337/400
Job 33: 338/400
Job 33: 339/400
Job 33: 340/400
Job 33: 341/400
Job 33: 342/400
Job 33: 343/400
Job 33: 344/400
Job 33: 345/400
Job 33: 346/400
Job 33: 347/400
Job 33: 348/400
Job 33: 349/400
Job 33: 350/400
Job 33: 351/400
Job 33: 352/400
Job 33: 353/400
Job 33: 354/400
Job 33: 355/400
Job 33: 356/400
Job 33: 357/400
Job 33: 358/400
Job 33: 359/400
Job 33: 360/400
Job 33: 361/400
Job 33: 362/400
Job 33: 363/400
Job 33: 364/400
Job 33: 365/400
Job 33: 366/400
Job 33: 367/400
Job 33: 368/400
Job 33: 369/400
Job 33: 370/400
Job 33: 371/400
Job 33: 372/400
Job 33: 373/400
Job 33: 374/400
Job 33: 375/400
Job 33: 376/400
Job 33: 377/400
Job 33: 378/400
Job 33: 379/400
Job 33: 380/400
Job 33: 381/400
Job 33: 382/400
Job 33: 383/400
Job 33: 384/400
Job 33: 385/400
Job 33: 386/400
Job 33: 387/400
Job 33: 388/400
Job 33: 389/400
Job 33: 390/400
Job 33: 391/400
Job 33: 392/400
Job 33: 393/400
Job 33: 394/400
Job 33: 395/400
Job 33: 396/400
Job 33: 397/400
Job 33: 398/400
Job 33: 399/400
Job 33: 400/400
