Registered S3 methods overwritten by 'susieSlide':
  method              from  
  coef.susie          susieR
  predict.susie       susieR
  print.summary.susie susieR
  summary.susie       susieR
Job 518: 1/400
Job 518: 2/400
Job 518: 3/400
Job 518: 4/400
Job 518: 5/400
Job 518: 6/400
Job 518: 7/400
Job 518: 8/400
Job 518: 9/400
Job 518: 10/400
Job 518: 11/400
Job 518: 12/400
Job 518: 13/400
Job 518: 14/400
Job 518: 15/400
Job 518: 16/400
Job 518: 17/400
Job 518: 18/400
Job 518: 19/400
Job 518: 20/400
Job 518: 21/400
Job 518: 22/400
Job 518: 23/400
Job 518: 24/400
Job 518: 25/400
Job 518: 26/400
Job 518: 27/400
Job 518: 28/400
Job 518: 29/400
Job 518: 30/400
Job 518: 31/400
Job 518: 32/400
Job 518: 33/400
Job 518: 34/400
Job 518: 35/400
Job 518: 36/400
Job 518: 37/400
Job 518: 38/400
Job 518: 39/400
Job 518: 40/400
Job 518: 41/400
Job 518: 42/400
Job 518: 43/400
Job 518: 44/400
Job 518: 45/400
Job 518: 46/400
Job 518: 47/400
Job 518: 48/400
Job 518: 49/400
Job 518: 50/400
Job 518: 51/400
Job 518: 52/400
Job 518: 53/400
Job 518: 54/400
Job 518: 55/400
Job 518: 56/400
Job 518: 57/400
Job 518: 58/400
Job 518: 59/400
Job 518: 60/400
Job 518: 61/400
Job 518: 62/400
Job 518: 63/400
Job 518: 64/400
Job 518: 65/400
Job 518: 66/400
Job 518: 67/400
Job 518: 68/400
Job 518: 69/400
Job 518: 70/400
Job 518: 71/400
Job 518: 72/400
Job 518: 73/400
Job 518: 74/400
Job 518: 75/400
Job 518: 76/400
Job 518: 77/400
Job 518: 78/400
Job 518: 79/400
Job 518: 80/400
Job 518: 81/400
Job 518: 82/400
Job 518: 83/400
Job 518: 84/400
Job 518: 85/400
Job 518: 86/400
Job 518: 87/400
Job 518: 88/400
Job 518: 89/400
Job 518: 90/400
Job 518: 91/400
Job 518: 92/400
Job 518: 93/400
Job 518: 94/400
Job 518: 95/400
Job 518: 96/400
Job 518: 97/400
Job 518: 98/400
Job 518: 99/400
Job 518: 100/400
Job 518: 101/400
Job 518: 102/400
Job 518: 103/400
Job 518: 104/400
Job 518: 105/400
Job 518: 106/400
Job 518: 107/400
Job 518: 108/400
Job 518: 109/400
Job 518: 110/400
Job 518: 111/400
Job 518: 112/400
Job 518: 113/400
Job 518: 114/400
Job 518: 115/400
Job 518: 116/400
Job 518: 117/400
Job 518: 118/400
Job 518: 119/400
Job 518: 120/400
Job 518: 121/400
Job 518: 122/400
Job 518: 123/400
Job 518: 124/400
Job 518: 125/400
Job 518: 126/400
Job 518: 127/400
Job 518: 128/400
Job 518: 129/400
Job 518: 130/400
Job 518: 131/400
Job 518: 132/400
Job 518: 133/400
Job 518: 134/400
Job 518: 135/400
Job 518: 136/400
Job 518: 137/400
Job 518: 138/400
Job 518: 139/400
Job 518: 140/400
Job 518: 141/400
Job 518: 142/400
Job 518: 143/400
Job 518: 144/400
Job 518: 145/400
Job 518: 146/400
Job 518: 147/400
Job 518: 148/400
Job 518: 149/400
Job 518: 150/400
Job 518: 151/400
Job 518: 152/400
Job 518: 153/400
Job 518: 154/400
Job 518: 155/400
Job 518: 156/400
Job 518: 157/400
Job 518: 158/400
Job 518: 159/400
Job 518: 160/400
Job 518: 161/400
Job 518: 162/400
Job 518: 163/400
Job 518: 164/400
Job 518: 165/400
Job 518: 166/400
Job 518: 167/400
Job 518: 168/400
Job 518: 169/400
Job 518: 170/400
Job 518: 171/400
Job 518: 172/400
Job 518: 173/400
Job 518: 174/400
Job 518: 175/400
Job 518: 176/400
Job 518: 177/400
Job 518: 178/400
Job 518: 179/400
Job 518: 180/400
Job 518: 181/400
Job 518: 182/400
Job 518: 183/400
Job 518: 184/400
Job 518: 185/400
Job 518: 186/400
Job 518: 187/400
Job 518: 188/400
Job 518: 189/400
Job 518: 190/400
Job 518: 191/400
Job 518: 192/400
Job 518: 193/400
Job 518: 194/400
Job 518: 195/400
Job 518: 196/400
Job 518: 197/400
Job 518: 198/400
Job 518: 199/400
Job 518: 200/400
Job 518: 201/400
Job 518: 202/400
Job 518: 203/400
Job 518: 204/400
Job 518: 205/400
Job 518: 206/400
Job 518: 207/400
Job 518: 208/400
Job 518: 209/400
Job 518: 210/400
Job 518: 211/400
Job 518: 212/400
Job 518: 213/400
Job 518: 214/400
Job 518: 215/400
Job 518: 216/400
Job 518: 217/400
Job 518: 218/400
Job 518: 219/400
Job 518: 220/400
Job 518: 221/400
Job 518: 222/400
Job 518: 223/400
Job 518: 224/400
Job 518: 225/400
Job 518: 226/400
Job 518: 227/400
Job 518: 228/400
Job 518: 229/400
Job 518: 230/400
Job 518: 231/400
Job 518: 232/400
Job 518: 233/400
Job 518: 234/400
Job 518: 235/400
Job 518: 236/400
Job 518: 237/400
Job 518: 238/400
Job 518: 239/400
Job 518: 240/400
Job 518: 241/400
Job 518: 242/400
Job 518: 243/400
Job 518: 244/400
Job 518: 245/400
Job 518: 246/400
Job 518: 247/400
Job 518: 248/400
Job 518: 249/400
Job 518: 250/400
Job 518: 251/400
Job 518: 252/400
Job 518: 253/400
Job 518: 254/400
Job 518: 255/400
Job 518: 256/400
Job 518: 257/400
Job 518: 258/400
Job 518: 259/400
Job 518: 260/400
Job 518: 261/400
Job 518: 262/400
Job 518: 263/400
Job 518: 264/400
Job 518: 265/400
Job 518: 266/400
Job 518: 267/400
Job 518: 268/400
Job 518: 269/400
Job 518: 270/400
Job 518: 271/400
Job 518: 272/400
Job 518: 273/400
Job 518: 274/400
Job 518: 275/400
Job 518: 276/400
Job 518: 277/400
Job 518: 278/400
Job 518: 279/400
Job 518: 280/400
Job 518: 281/400
Job 518: 282/400
Job 518: 283/400
Job 518: 284/400
Job 518: 285/400
Job 518: 286/400
Job 518: 287/400
Job 518: 288/400
Job 518: 289/400
Job 518: 290/400
Job 518: 291/400
Job 518: 292/400
Job 518: 293/400
Job 518: 294/400
Job 518: 295/400
Job 518: 296/400
Job 518: 297/400
Job 518: 298/400
Job 518: 299/400
Job 518: 300/400
Job 518: 301/400
Job 518: 302/400
Job 518: 303/400
Job 518: 304/400
Job 518: 305/400
Job 518: 306/400
Job 518: 307/400
Job 518: 308/400
Job 518: 309/400
Job 518: 310/400
Job 518: 311/400
Job 518: 312/400
Job 518: 313/400
Job 518: 314/400
Job 518: 315/400
Job 518: 316/400
Job 518: 317/400
Job 518: 318/400
Job 518: 319/400
Job 518: 320/400
Job 518: 321/400
Job 518: 322/400
Job 518: 323/400
Job 518: 324/400
Job 518: 325/400
Job 518: 326/400
Job 518: 327/400
Job 518: 328/400
Job 518: 329/400
Job 518: 330/400
Job 518: 331/400
Job 518: 332/400
Job 518: 333/400
Job 518: 334/400
Job 518: 335/400
Job 518: 336/400
Job 518: 337/400
Job 518: 338/400
Job 518: 339/400
Job 518: 340/400
Job 518: 341/400
Job 518: 342/400
Job 518: 343/400
Job 518: 344/400
Job 518: 345/400
Job 518: 346/400
Job 518: 347/400
Job 518: 348/400
Job 518: 349/400
Job 518: 350/400
Job 518: 351/400
Job 518: 352/400
Job 518: 353/400
Job 518: 354/400
Job 518: 355/400
Job 518: 356/400
Job 518: 357/400
Job 518: 358/400
Job 518: 359/400
Job 518: 360/400
Job 518: 361/400
Job 518: 362/400
Job 518: 363/400
Job 518: 364/400
Job 518: 365/400
Job 518: 366/400
Job 518: 367/400
Job 518: 368/400
Job 518: 369/400
Job 518: 370/400
Job 518: 371/400
Job 518: 372/400
Job 518: 373/400
Job 518: 374/400
Job 518: 375/400
Job 518: 376/400
Job 518: 377/400
Job 518: 378/400
Job 518: 379/400
Job 518: 380/400
Job 518: 381/400
Job 518: 382/400
Job 518: 383/400
Job 518: 384/400
Job 518: 385/400
Job 518: 386/400
Job 518: 387/400
Job 518: 388/400
Job 518: 389/400
Job 518: 390/400
Job 518: 391/400
Job 518: 392/400
Job 518: 393/400
Job 518: 394/400
Job 518: 395/400
Job 518: 396/400
Job 518: 397/400
Job 518: 398/400
Job 518: 399/400
Job 518: 400/400
