Registered S3 methods overwritten by 'susieSlide':
  method              from  
  coef.susie          susieR
  predict.susie       susieR
  print.summary.susie susieR
  summary.susie       susieR
Job 695: 1/400
Job 695: 2/400
Job 695: 3/400
Job 695: 4/400
Job 695: 5/400
Job 695: 6/400
Job 695: 7/400
Job 695: 8/400
Job 695: 9/400
Job 695: 10/400
Job 695: 11/400
Job 695: 12/400
Job 695: 13/400
Job 695: 14/400
Job 695: 15/400
Job 695: 16/400
Job 695: 17/400
Job 695: 18/400
Job 695: 19/400
Job 695: 20/400 ERROR: No .raw files found in temp_dir.
Job 695: 21/400 ERROR: No .raw files found in temp_dir.
Job 695: 22/400 ERROR: No .raw files found in temp_dir.
Job 695: 23/400 ERROR: No .raw files found in temp_dir.
Job 695: 24/400 ERROR: No .raw files found in temp_dir.
Job 695: 25/400 ERROR: No .raw files found in temp_dir.
Job 695: 26/400 ERROR: No .raw files found in temp_dir.
Job 695: 27/400 ERROR: No .raw files found in temp_dir.
Job 695: 28/400 ERROR: No .raw files found in temp_dir.
Job 695: 29/400 ERROR: No .raw files found in temp_dir.
Job 695: 30/400 ERROR: No .raw files found in temp_dir.
Job 695: 31/400 ERROR: No .raw files found in temp_dir.
Job 695: 32/400 ERROR: No .raw files found in temp_dir.
Job 695: 33/400 ERROR: No .raw files found in temp_dir.
Job 695: 34/400 ERROR: No .raw files found in temp_dir.
Job 695: 35/400 ERROR: No .raw files found in temp_dir.
Job 695: 36/400 ERROR: No .raw files found in temp_dir.
Job 695: 37/400 ERROR: No .raw files found in temp_dir.
Job 695: 38/400 ERROR: No .raw files found in temp_dir.
Job 695: 39/400 ERROR: No .raw files found in temp_dir.
Job 695: 40/400 ERROR: No .raw files found in temp_dir.
Job 695: 41/400 ERROR: No .raw files found in temp_dir.
Job 695: 42/400 ERROR: No .raw files found in temp_dir.
Job 695: 43/400 ERROR: No .raw files found in temp_dir.
Job 695: 44/400 ERROR: No .raw files found in temp_dir.
Job 695: 45/400 ERROR: No .raw files found in temp_dir.
Job 695: 46/400 ERROR: No .raw files found in temp_dir.
Job 695: 47/400 ERROR: No .raw files found in temp_dir.
Job 695: 48/400 ERROR: No .raw files found in temp_dir.
Job 695: 49/400 ERROR: No .raw files found in temp_dir.
Job 695: 50/400 ERROR: No .raw files found in temp_dir.
Job 695: 51/400 ERROR: No .raw files found in temp_dir.
Job 695: 52/400 ERROR: No .raw files found in temp_dir.
Job 695: 53/400 ERROR: No .raw files found in temp_dir.
Job 695: 54/400 ERROR: No .raw files found in temp_dir.
Job 695: 55/400 ERROR: No .raw files found in temp_dir.
Job 695: 56/400 ERROR: No .raw files found in temp_dir.
Job 695: 57/400 ERROR: No .raw files found in temp_dir.
Job 695: 58/400 ERROR: No .raw files found in temp_dir.
Job 695: 59/400 ERROR: No .raw files found in temp_dir.
Job 695: 60/400 ERROR: No .raw files found in temp_dir.
Job 695: 61/400 ERROR: No .raw files found in temp_dir.
Job 695: 62/400 ERROR: No .raw files found in temp_dir.
Job 695: 63/400 ERROR: No .raw files found in temp_dir.
Job 695: 64/400 ERROR: No .raw files found in temp_dir.
Job 695: 65/400 ERROR: No .raw files found in temp_dir.
Job 695: 66/400 ERROR: No .raw files found in temp_dir.
Job 695: 67/400 ERROR: No .raw files found in temp_dir.
Job 695: 68/400 ERROR: No .raw files found in temp_dir.
Job 695: 69/400 ERROR: No .raw files found in temp_dir.
Job 695: 70/400 ERROR: No .raw files found in temp_dir.
Job 695: 71/400 ERROR: No .raw files found in temp_dir.
Job 695: 72/400 ERROR: No .raw files found in temp_dir.
Job 695: 73/400 ERROR: No .raw files found in temp_dir.
Job 695: 74/400 ERROR: No .raw files found in temp_dir.
Job 695: 75/400 ERROR: No .raw files found in temp_dir.
Job 695: 76/400 ERROR: No .raw files found in temp_dir.
Job 695: 77/400 ERROR: No .raw files found in temp_dir.
Job 695: 78/400 ERROR: No .raw files found in temp_dir.
Job 695: 79/400 ERROR: No .raw files found in temp_dir.
Job 695: 80/400 ERROR: No .raw files found in temp_dir.
Job 695: 81/400 ERROR: No .raw files found in temp_dir.
Job 695: 82/400 ERROR: No .raw files found in temp_dir.
Job 695: 83/400 ERROR: No .raw files found in temp_dir.
Job 695: 84/400 ERROR: No .raw files found in temp_dir.
Job 695: 85/400 ERROR: No .raw files found in temp_dir.
Job 695: 86/400 ERROR: No .raw files found in temp_dir.
Job 695: 87/400 ERROR: No .raw files found in temp_dir.
Job 695: 88/400 ERROR: No .raw files found in temp_dir.
Job 695: 89/400 ERROR: No .raw files found in temp_dir.
Job 695: 90/400 ERROR: No .raw files found in temp_dir.
Job 695: 91/400 ERROR: No .raw files found in temp_dir.
Job 695: 92/400 ERROR: No .raw files found in temp_dir.
Job 695: 93/400 ERROR: No .raw files found in temp_dir.
Job 695: 94/400 ERROR: No .raw files found in temp_dir.
Job 695: 95/400 ERROR: No .raw files found in temp_dir.
Job 695: 96/400 ERROR: No .raw files found in temp_dir.
Job 695: 97/400 ERROR: No .raw files found in temp_dir.
Job 695: 98/400 ERROR: No .raw files found in temp_dir.
Job 695: 99/400 ERROR: No .raw files found in temp_dir.
Job 695: 100/400 ERROR: No .raw files found in temp_dir.
Job 695: 101/400 ERROR: No .raw files found in temp_dir.
Job 695: 102/400 ERROR: Not enough donors for the requested n.
Job 695: 103/400
Job 695: 104/400
Job 695: 105/400
Job 695: 106/400
Job 695: 107/400
Job 695: 108/400
Job 695: 109/400
Job 695: 110/400
Job 695: 111/400
Job 695: 112/400
Job 695: 113/400
Job 695: 114/400
Job 695: 115/400
Job 695: 116/400
Job 695: 117/400
Job 695: 118/400
Job 695: 119/400
Job 695: 120/400
Job 695: 121/400
Job 695: 122/400
Job 695: 123/400
Job 695: 124/400
Job 695: 125/400
Job 695: 126/400
Job 695: 127/400
Job 695: 128/400
Job 695: 129/400 ERROR: No .raw files found in temp_dir.
Job 695: 130/400 ERROR: No .raw files found in temp_dir.
Job 695: 131/400 ERROR: No .raw files found in temp_dir.
Job 695: 132/400 ERROR: No .raw files found in temp_dir.
Job 695: 133/400 ERROR: No .raw files found in temp_dir.
Job 695: 134/400 ERROR: No .raw files found in temp_dir.
Job 695: 135/400 ERROR: No .raw files found in temp_dir.
Job 695: 136/400 ERROR: No .raw files found in temp_dir.
Job 695: 137/400 ERROR: No .raw files found in temp_dir.
Job 695: 138/400 ERROR: No .raw files found in temp_dir.
Job 695: 139/400 ERROR: No .raw files found in temp_dir.
Job 695: 140/400 ERROR: No .raw files found in temp_dir.
Job 695: 141/400 ERROR: No .raw files found in temp_dir.
Job 695: 142/400 ERROR: No .raw files found in temp_dir.
Job 695: 143/400 ERROR: No .raw files found in temp_dir.
Job 695: 144/400 ERROR: No .raw files found in temp_dir.
Job 695: 145/400 ERROR: No .raw files found in temp_dir.
Job 695: 146/400 ERROR: No .raw files found in temp_dir.
Job 695: 147/400 ERROR: No .raw files found in temp_dir.
Job 695: 148/400 ERROR: No .raw files found in temp_dir.
Job 695: 149/400 ERROR: No .raw files found in temp_dir.
Job 695: 150/400 ERROR: No .raw files found in temp_dir.
Job 695: 151/400 ERROR: No .raw files found in temp_dir.
Job 695: 152/400 ERROR: No .raw files found in temp_dir.
Job 695: 153/400 ERROR: No .raw files found in temp_dir.
Job 695: 154/400 ERROR: No .raw files found in temp_dir.
Job 695: 155/400 ERROR: No .raw files found in temp_dir.
Job 695: 156/400 ERROR: No .raw files found in temp_dir.
Job 695: 157/400 ERROR: No .raw files found in temp_dir.
Job 695: 158/400 ERROR: No .raw files found in temp_dir.
Job 695: 159/400 ERROR: No .raw files found in temp_dir.
Job 695: 160/400 ERROR: No .raw files found in temp_dir.
Job 695: 161/400 ERROR: No .raw files found in temp_dir.
Job 695: 162/400 ERROR: No .raw files found in temp_dir.
Job 695: 163/400 ERROR: No .raw files found in temp_dir.
Job 695: 164/400 ERROR: No .raw files found in temp_dir.
Job 695: 165/400 ERROR: No .raw files found in temp_dir.
Job 695: 166/400 ERROR: No .raw files found in temp_dir.
Job 695: 167/400 ERROR: No .raw files found in temp_dir.
Job 695: 168/400 ERROR: No .raw files found in temp_dir.
Job 695: 169/400 ERROR: No .raw files found in temp_dir.
Job 695: 170/400 ERROR: No .raw files found in temp_dir.
Job 695: 171/400 ERROR: No .raw files found in temp_dir.
Job 695: 172/400 ERROR: No .raw files found in temp_dir.
Job 695: 173/400 ERROR: No .raw files found in temp_dir.
Job 695: 174/400 ERROR: No .raw files found in temp_dir.
Job 695: 175/400 ERROR: No .raw files found in temp_dir.
Job 695: 176/400 ERROR: No .raw files found in temp_dir.
Job 695: 177/400 ERROR: No .raw files found in temp_dir.
Job 695: 178/400 ERROR: No .raw files found in temp_dir.
Job 695: 179/400 ERROR: No .raw files found in temp_dir.
Job 695: 180/400 ERROR: No .raw files found in temp_dir.
Job 695: 181/400 ERROR: No .raw files found in temp_dir.
Job 695: 182/400 ERROR: No .raw files found in temp_dir.
Job 695: 183/400 ERROR: No .raw files found in temp_dir.
Job 695: 184/400 ERROR: No .raw files found in temp_dir.
Job 695: 185/400 ERROR: No .raw files found in temp_dir.
Job 695: 186/400 ERROR: No .raw files found in temp_dir.
Job 695: 187/400 ERROR: No .raw files found in temp_dir.
Job 695: 188/400
Job 695: 189/400
Job 695: 190/400
Job 695: 191/400
Job 695: 192/400
Job 695: 193/400
Job 695: 194/400
Job 695: 195/400
Job 695: 196/400
Job 695: 197/400
Job 695: 198/400
Job 695: 199/400
Job 695: 200/400
Job 695: 201/400
Job 695: 202/400
Job 695: 203/400
Job 695: 204/400
Job 695: 205/400
Job 695: 206/400
Job 695: 207/400
Job 695: 208/400
Job 695: 209/400
Job 695: 210/400
Job 695: 211/400
Job 695: 212/400
Job 695: 213/400
Job 695: 214/400
Job 695: 215/400 ERROR: No .raw files found in temp_dir.
Job 695: 216/400 ERROR: No .raw files found in temp_dir.
Job 695: 217/400 ERROR: No .raw files found in temp_dir.
Job 695: 218/400 ERROR: No .raw files found in temp_dir.
Job 695: 219/400 ERROR: No .raw files found in temp_dir.
Job 695: 220/400 ERROR: No .raw files found in temp_dir.
Job 695: 221/400 ERROR: No .raw files found in temp_dir.
Job 695: 222/400 ERROR: No .raw files found in temp_dir.
Job 695: 223/400 ERROR: No .raw files found in temp_dir.
Job 695: 224/400 ERROR: No .raw files found in temp_dir.
Job 695: 225/400 ERROR: No .raw files found in temp_dir.
Job 695: 226/400 ERROR: No .raw files found in temp_dir.
Job 695: 227/400 ERROR: No .raw files found in temp_dir.
Job 695: 228/400 ERROR: No .raw files found in temp_dir.
Job 695: 229/400 ERROR: No .raw files found in temp_dir.
Job 695: 230/400 ERROR: No .raw files found in temp_dir.
Job 695: 231/400 ERROR: No .raw files found in temp_dir.
Job 695: 232/400 ERROR: No .raw files found in temp_dir.
Job 695: 233/400 ERROR: No .raw files found in temp_dir.
Job 695: 234/400 ERROR: No .raw files found in temp_dir.
Job 695: 235/400 ERROR: No .raw files found in temp_dir.
Job 695: 236/400 ERROR: No .raw files found in temp_dir.
Job 695: 237/400 ERROR: No .raw files found in temp_dir.
Job 695: 238/400 ERROR: No .raw files found in temp_dir.
Job 695: 239/400 ERROR: No .raw files found in temp_dir.
Job 695: 240/400 ERROR: No .raw files found in temp_dir.
Job 695: 241/400 ERROR: No .raw files found in temp_dir.
Job 695: 242/400 ERROR: No .raw files found in temp_dir.
Job 695: 243/400 ERROR: No .raw files found in temp_dir.
Job 695: 244/400 ERROR: No .raw files found in temp_dir.
Job 695: 245/400 ERROR: No .raw files found in temp_dir.
Job 695: 246/400 ERROR: No .raw files found in temp_dir.
Job 695: 247/400 ERROR: No .raw files found in temp_dir.
Job 695: 248/400 ERROR: No .raw files found in temp_dir.
Job 695: 249/400 ERROR: No .raw files found in temp_dir.
Job 695: 250/400 ERROR: No .raw files found in temp_dir.
Job 695: 251/400 ERROR: No .raw files found in temp_dir.
Job 695: 252/400 ERROR: No .raw files found in temp_dir.
Job 695: 253/400 ERROR: No .raw files found in temp_dir.
Job 695: 254/400 ERROR: No .raw files found in temp_dir.
Job 695: 255/400 ERROR: No .raw files found in temp_dir.
Job 695: 256/400 ERROR: No .raw files found in temp_dir.
Job 695: 257/400 ERROR: No .raw files found in temp_dir.
Job 695: 258/400 ERROR: No .raw files found in temp_dir.
Job 695: 259/400 ERROR: No .raw files found in temp_dir.
Job 695: 260/400 ERROR: No .raw files found in temp_dir.
Job 695: 261/400 ERROR: No .raw files found in temp_dir.
Job 695: 262/400 ERROR: No .raw files found in temp_dir.
Job 695: 263/400 ERROR: No .raw files found in temp_dir.
Job 695: 264/400 ERROR: No .raw files found in temp_dir.
Job 695: 265/400 ERROR: No .raw files found in temp_dir.
Job 695: 266/400 ERROR: No .raw files found in temp_dir.
Job 695: 267/400 ERROR: No .raw files found in temp_dir.
Job 695: 268/400 ERROR: No .raw files found in temp_dir.
Job 695: 269/400 ERROR: No .raw files found in temp_dir.
Job 695: 270/400 ERROR: No .raw files found in temp_dir.
Job 695: 271/400 ERROR: No .raw files found in temp_dir.
Job 695: 272/400 ERROR: No .raw files found in temp_dir.
Job 695: 273/400 ERROR: No .raw files found in temp_dir.
Job 695: 274/400 ERROR: No .raw files found in temp_dir.
Job 695: 275/400 ERROR: No .raw files found in temp_dir.
Job 695: 276/400 ERROR: No .raw files found in temp_dir.
Job 695: 277/400 ERROR: No .raw files found in temp_dir.
Job 695: 278/400 ERROR: No .raw files found in temp_dir.
Job 695: 279/400 ERROR: No .raw files found in temp_dir.
Job 695: 280/400 ERROR: No .raw files found in temp_dir.
Job 695: 281/400 ERROR: No .raw files found in temp_dir.
Job 695: 282/400 ERROR: No .raw files found in temp_dir.
Job 695: 283/400 ERROR: No .raw files found in temp_dir.
Job 695: 284/400 ERROR: No .raw files found in temp_dir.
Job 695: 285/400 ERROR: No .raw files found in temp_dir.
Job 695: 286/400 ERROR: No .raw files found in temp_dir.
Job 695: 287/400 ERROR: No .raw files found in temp_dir.
Job 695: 288/400 ERROR: No .raw files found in temp_dir.
Job 695: 289/400 ERROR: No .raw files found in temp_dir.
Job 695: 290/400 ERROR: No .raw files found in temp_dir.
Job 695: 291/400 ERROR: No .raw files found in temp_dir.
Job 695: 292/400 ERROR: No .raw files found in temp_dir.
Job 695: 293/400 ERROR: No .raw files found in temp_dir.
Job 695: 294/400 ERROR: No .raw files found in temp_dir.
Job 695: 295/400 ERROR: No .raw files found in temp_dir.
Job 695: 296/400 ERROR: No .raw files found in temp_dir.
Job 695: 297/400 ERROR: No .raw files found in temp_dir.
Job 695: 298/400 ERROR: No .raw files found in temp_dir.
Job 695: 299/400 ERROR: No .raw files found in temp_dir.
Job 695: 300/400 ERROR: No .raw files found in temp_dir.
Job 695: 301/400 ERROR: No .raw files found in temp_dir.
Job 695: 302/400 ERROR: No .raw files found in temp_dir.
Job 695: 303/400 ERROR: No .raw files found in temp_dir.
Job 695: 304/400 ERROR: No .raw files found in temp_dir.
Job 695: 305/400 ERROR: No .raw files found in temp_dir.
Job 695: 306/400 ERROR: No .raw files found in temp_dir.
Job 695: 307/400 ERROR: No .raw files found in temp_dir.
Job 695: 308/400 ERROR: No .raw files found in temp_dir.
Job 695: 309/400 ERROR: No .raw files found in temp_dir.
Job 695: 310/400 ERROR: No .raw files found in temp_dir.
Job 695: 311/400 ERROR: No .raw files found in temp_dir.
Job 695: 312/400 ERROR: No .raw files found in temp_dir.
Job 695: 313/400 ERROR: No .raw files found in temp_dir.
Job 695: 314/400 ERROR: No .raw files found in temp_dir.
Job 695: 315/400 ERROR: No .raw files found in temp_dir.
Job 695: 316/400 ERROR: No .raw files found in temp_dir.
Job 695: 317/400 ERROR: No .raw files found in temp_dir.
Job 695: 318/400 ERROR: No .raw files found in temp_dir.
Job 695: 319/400 ERROR: No .raw files found in temp_dir.
Job 695: 320/400 ERROR: No .raw files found in temp_dir.
Job 695: 321/400 ERROR: No .raw files found in temp_dir.
Job 695: 322/400 ERROR: No .raw files found in temp_dir.
Job 695: 323/400 ERROR: No .raw files found in temp_dir.
Job 695: 324/400 ERROR: No .raw files found in temp_dir.
Job 695: 325/400 ERROR: No .raw files found in temp_dir.
Job 695: 326/400 ERROR: No .raw files found in temp_dir.
Job 695: 327/400 ERROR: No .raw files found in temp_dir.
Job 695: 328/400 ERROR: No .raw files found in temp_dir.
Job 695: 329/400 ERROR: No .raw files found in temp_dir.
Job 695: 330/400 ERROR: No .raw files found in temp_dir.
Job 695: 331/400 ERROR: No .raw files found in temp_dir.
Job 695: 332/400 ERROR: No .raw files found in temp_dir.
Job 695: 333/400 ERROR: No .raw files found in temp_dir.
Job 695: 334/400 ERROR: No .raw files found in temp_dir.
Job 695: 335/400 ERROR: No .raw files found in temp_dir.
Job 695: 336/400 ERROR: No .raw files found in temp_dir.
Job 695: 337/400 ERROR: No .raw files found in temp_dir.
Job 695: 338/400 ERROR: No .raw files found in temp_dir.
Job 695: 339/400 ERROR: No .raw files found in temp_dir.
Job 695: 340/400 ERROR: No .raw files found in temp_dir.
Job 695: 341/400 ERROR: No .raw files found in temp_dir.
Job 695: 342/400 ERROR: No .raw files found in temp_dir.
Job 695: 343/400 ERROR: No .raw files found in temp_dir.
Job 695: 344/400 ERROR: No .raw files found in temp_dir.
Job 695: 345/400 ERROR: No .raw files found in temp_dir.
Job 695: 346/400 ERROR: No .raw files found in temp_dir.
Job 695: 347/400 ERROR: No .raw files found in temp_dir.
Job 695: 348/400 ERROR: No .raw files found in temp_dir.
Job 695: 349/400 ERROR: No .raw files found in temp_dir.
Job 695: 350/400 ERROR: No .raw files found in temp_dir.
Job 695: 351/400 ERROR: No .raw files found in temp_dir.
Job 695: 352/400 ERROR: No .raw files found in temp_dir.
Job 695: 353/400 ERROR: No .raw files found in temp_dir.
Job 695: 354/400 ERROR: No .raw files found in temp_dir.
Job 695: 355/400 ERROR: No .raw files found in temp_dir.
Job 695: 356/400 ERROR: No .raw files found in temp_dir.
Job 695: 357/400 ERROR: No .raw files found in temp_dir.
Job 695: 358/400 ERROR: No .raw files found in temp_dir.
Job 695: 359/400 ERROR: No .raw files found in temp_dir.
Job 695: 360/400 ERROR: No .raw files found in temp_dir.
Job 695: 361/400 ERROR: No .raw files found in temp_dir.
Job 695: 362/400 ERROR: No .raw files found in temp_dir.
Job 695: 363/400 ERROR: No .raw files found in temp_dir.
Job 695: 364/400 ERROR: No .raw files found in temp_dir.
Job 695: 365/400 ERROR: No .raw files found in temp_dir.
Job 695: 366/400 ERROR: No .raw files found in temp_dir.
Job 695: 367/400 ERROR: No .raw files found in temp_dir.
Job 695: 368/400 ERROR: No .raw files found in temp_dir.
Job 695: 369/400 ERROR: No .raw files found in temp_dir.
Job 695: 370/400 ERROR: No .raw files found in temp_dir.
Job 695: 371/400 ERROR: No .raw files found in temp_dir.
Job 695: 372/400 ERROR: No .raw files found in temp_dir.
Job 695: 373/400 ERROR: No .raw files found in temp_dir.
Job 695: 374/400 ERROR: No .raw files found in temp_dir.
Job 695: 375/400 ERROR: No .raw files found in temp_dir.
Job 695: 376/400 ERROR: No .raw files found in temp_dir.
Job 695: 377/400 ERROR: No .raw files found in temp_dir.
Job 695: 378/400 ERROR: No .raw files found in temp_dir.
Job 695: 379/400 ERROR: No .raw files found in temp_dir.
Job 695: 380/400 ERROR: No .raw files found in temp_dir.
Job 695: 381/400 ERROR: No .raw files found in temp_dir.
Job 695: 382/400 ERROR: No .raw files found in temp_dir.
Job 695: 383/400 ERROR: No .raw files found in temp_dir.
Job 695: 384/400 ERROR: No .raw files found in temp_dir.
Job 695: 385/400 ERROR: No .raw files found in temp_dir.
Job 695: 386/400 ERROR: No .raw files found in temp_dir.
Job 695: 387/400 ERROR: No .raw files found in temp_dir.
Job 695: 388/400 ERROR: No .raw files found in temp_dir.
Job 695: 389/400 ERROR: No .raw files found in temp_dir.
Job 695: 390/400 ERROR: No .raw files found in temp_dir.
Job 695: 391/400 ERROR: No .raw files found in temp_dir.
Job 695: 392/400 ERROR: No .raw files found in temp_dir.
Job 695: 393/400 ERROR: No .raw files found in temp_dir.
Job 695: 394/400 ERROR: No .raw files found in temp_dir.
Job 695: 395/400 ERROR: No .raw files found in temp_dir.
Job 695: 396/400 ERROR: No .raw files found in temp_dir.
Job 695: 397/400 ERROR: No .raw files found in temp_dir.
Job 695: 398/400 ERROR: No .raw files found in temp_dir.
Job 695: 399/400 ERROR: No .raw files found in temp_dir.
Job 695: 400/400 ERROR: No .raw files found in temp_dir.
Warning message:
In data.table::fread(raw_file, data.table = FALSE) :
  Discarded single-line footer: <<0	GTEX-17JCI	0	0	0	-9	2	2	2	2	2	0	2	2	2	2	2	2	0	2	2	2	2	2	2	2	2	2	2	2	2	2	2	2	0	2	0	2	2	2	0	2	2	0	2	2	2	2	2	2	2	2	2	2	2	2	2	2	2	2	2	0	2	2	2	2	2	2	2	2	2	2	2	2	2	2	2	2	2	0	2	2	2	0	2	2	2	2	2	2	2	2	2	2	2	2	0	2	2	2	2	2	2	2	2	2	2	2	2	2	0	2	2	2	2	2	2	2	2	0	2	2	2	2	2	2	2	2	2	2	2	2	2	2	2	0	2	2	2	2	2	2	2	2	0	2	0	2	0	2	2	2	2	2	2	2	2	2	2	2	2	2	2	2	2	2	2	2	2	2	2	2	2	2	2	2	2	2	2	2	2	2	2	2	2	2	2	2	2	2	2	2	2	2	2	2	2	2	2	2	2	2	2	2	2	2	2	2	2	2	2	2	2	2	2	2	2	2	2	2	2	2	2	2	2	2	2	2	2	2	2	2	2	2	2	2	2	2	2	2	2	2	2	2	2	>>
