Registered S3 methods overwritten by 'susieSlide':
  method              from  
  coef.susie          susieR
  predict.susie       susieR
  print.summary.susie susieR
  summary.susie       susieR
Job 45: 1/400
Job 45: 2/400
Job 45: 3/400
Job 45: 4/400
Job 45: 5/400
Job 45: 6/400
Job 45: 7/400
Job 45: 8/400
Job 45: 9/400
Job 45: 10/400
Job 45: 11/400
Job 45: 12/400
Job 45: 13/400
Job 45: 14/400
Job 45: 15/400
Job 45: 16/400
Job 45: 17/400
Job 45: 18/400
Job 45: 19/400
Job 45: 20/400
Job 45: 21/400
Job 45: 22/400
Job 45: 23/400
Job 45: 24/400
Job 45: 25/400
Job 45: 26/400
Job 45: 27/400
Job 45: 28/400
Job 45: 29/400
Job 45: 30/400
Job 45: 31/400
Job 45: 32/400
Job 45: 33/400
Job 45: 34/400
Job 45: 35/400
Job 45: 36/400
Job 45: 37/400
Job 45: 38/400
Job 45: 39/400
Job 45: 40/400
Job 45: 41/400
Job 45: 42/400
Job 45: 43/400
Job 45: 44/400
Job 45: 45/400
Job 45: 46/400
Job 45: 47/400
Job 45: 48/400
Job 45: 49/400
Job 45: 50/400
Job 45: 51/400
Job 45: 52/400
Job 45: 53/400
Job 45: 54/400
Job 45: 55/400
Job 45: 56/400
Job 45: 57/400
Job 45: 58/400
Job 45: 59/400
Job 45: 60/400
Job 45: 61/400
Job 45: 62/400
Job 45: 63/400
Job 45: 64/400
Job 45: 65/400
Job 45: 66/400
Job 45: 67/400
Job 45: 68/400
Job 45: 69/400
Job 45: 70/400
Job 45: 71/400
Job 45: 72/400
Job 45: 73/400
Job 45: 74/400
Job 45: 75/400
Job 45: 76/400
Job 45: 77/400
Job 45: 78/400
Job 45: 79/400
Job 45: 80/400
Job 45: 81/400
Job 45: 82/400
Job 45: 83/400
Job 45: 84/400
Job 45: 85/400
Job 45: 86/400
Job 45: 87/400
Job 45: 88/400
Job 45: 89/400
Job 45: 90/400
Job 45: 91/400
Job 45: 92/400
Job 45: 93/400
Job 45: 94/400
Job 45: 95/400
Job 45: 96/400
Job 45: 97/400
Job 45: 98/400
Job 45: 99/400
Job 45: 100/400
Job 45: 101/400
Job 45: 102/400
Job 45: 103/400
Job 45: 104/400
Job 45: 105/400
Job 45: 106/400
Job 45: 107/400
Job 45: 108/400
Job 45: 109/400
Job 45: 110/400
Job 45: 111/400
Job 45: 112/400
Job 45: 113/400
Job 45: 114/400
Job 45: 115/400
Job 45: 116/400
Job 45: 117/400
Job 45: 118/400
Job 45: 119/400
Job 45: 120/400
Job 45: 121/400
Job 45: 122/400
Job 45: 123/400
Job 45: 124/400
Job 45: 125/400
Job 45: 126/400
Job 45: 127/400
Job 45: 128/400
Job 45: 129/400
Job 45: 130/400
Job 45: 131/400
Job 45: 132/400
Job 45: 133/400
Job 45: 134/400
Job 45: 135/400
Job 45: 136/400
Job 45: 137/400
Job 45: 138/400
Job 45: 139/400
Job 45: 140/400
Job 45: 141/400
Job 45: 142/400
Job 45: 143/400
Job 45: 144/400
Job 45: 145/400
Job 45: 146/400
Job 45: 147/400
Job 45: 148/400
Job 45: 149/400
Job 45: 150/400
Job 45: 151/400
Job 45: 152/400
Job 45: 153/400
Job 45: 154/400
Job 45: 155/400
Job 45: 156/400
Job 45: 157/400
Job 45: 158/400
Job 45: 159/400
Job 45: 160/400
Job 45: 161/400
Job 45: 162/400
Job 45: 163/400
Job 45: 164/400
Job 45: 165/400
Job 45: 166/400
Job 45: 167/400
Job 45: 168/400
Job 45: 169/400
Job 45: 170/400
Job 45: 171/400
Job 45: 172/400
Job 45: 173/400
Job 45: 174/400
Job 45: 175/400
Job 45: 176/400
Job 45: 177/400
Job 45: 178/400
Job 45: 179/400
Job 45: 180/400
Job 45: 181/400
Job 45: 182/400
Job 45: 183/400
Job 45: 184/400
Job 45: 185/400
Job 45: 186/400
Job 45: 187/400
Job 45: 188/400
Job 45: 189/400
Job 45: 190/400
Job 45: 191/400
Job 45: 192/400
Job 45: 193/400
Job 45: 194/400
Job 45: 195/400
Job 45: 196/400
Job 45: 197/400
Job 45: 198/400
Job 45: 199/400
Job 45: 200/400
Job 45: 201/400
Job 45: 202/400
Job 45: 203/400
Job 45: 204/400
Job 45: 205/400
Job 45: 206/400
Job 45: 207/400
Job 45: 208/400
Job 45: 209/400
Job 45: 210/400
Job 45: 211/400
Job 45: 212/400
Job 45: 213/400
Job 45: 214/400
Job 45: 215/400
Job 45: 216/400
Job 45: 217/400
Job 45: 218/400
Job 45: 219/400
Job 45: 220/400
Job 45: 221/400
Job 45: 222/400
Job 45: 223/400
Job 45: 224/400
Job 45: 225/400
Job 45: 226/400
Job 45: 227/400
Job 45: 228/400
Job 45: 229/400
Job 45: 230/400
Job 45: 231/400
Job 45: 232/400
Job 45: 233/400
Job 45: 234/400
Job 45: 235/400
Job 45: 236/400
Job 45: 237/400
Job 45: 238/400
Job 45: 239/400
Job 45: 240/400
Job 45: 241/400
Job 45: 242/400
Job 45: 243/400
Job 45: 244/400
Job 45: 245/400
Job 45: 246/400
Job 45: 247/400
Job 45: 248/400
Job 45: 249/400
Job 45: 250/400
Job 45: 251/400
Job 45: 252/400
Job 45: 253/400
Job 45: 254/400
Job 45: 255/400
Job 45: 256/400
Job 45: 257/400
Job 45: 258/400
Job 45: 259/400
Job 45: 260/400
Job 45: 261/400
Job 45: 262/400
Job 45: 263/400
Job 45: 264/400
Job 45: 265/400
Job 45: 266/400
Job 45: 267/400
Job 45: 268/400
Job 45: 269/400
Job 45: 270/400
Job 45: 271/400
Job 45: 272/400
Job 45: 273/400
Job 45: 274/400
Job 45: 275/400
Job 45: 276/400
Job 45: 277/400
Job 45: 278/400
Job 45: 279/400
Job 45: 280/400
Job 45: 281/400
Job 45: 282/400
Job 45: 283/400
Job 45: 284/400
Job 45: 285/400
Job 45: 286/400
Job 45: 287/400
Job 45: 288/400
Job 45: 289/400
Job 45: 290/400
Job 45: 291/400
Job 45: 292/400
Job 45: 293/400
Job 45: 294/400
Job 45: 295/400
Job 45: 296/400
Job 45: 297/400
Job 45: 298/400
Job 45: 299/400
Job 45: 300/400
Job 45: 301/400
Job 45: 302/400
Job 45: 303/400
Job 45: 304/400
Job 45: 305/400
Job 45: 306/400
Job 45: 307/400
Job 45: 308/400
Job 45: 309/400
Job 45: 310/400
Job 45: 311/400
Job 45: 312/400
Job 45: 313/400
Job 45: 314/400
Job 45: 315/400
Job 45: 316/400
Job 45: 317/400
Job 45: 318/400
Job 45: 319/400
Job 45: 320/400
Job 45: 321/400
Job 45: 322/400
Job 45: 323/400
Job 45: 324/400
Job 45: 325/400
Job 45: 326/400
Job 45: 327/400
Job 45: 328/400
Job 45: 329/400
Job 45: 330/400
Job 45: 331/400
Job 45: 332/400
Job 45: 333/400
Job 45: 334/400
Job 45: 335/400
Job 45: 336/400
Job 45: 337/400
Job 45: 338/400
Job 45: 339/400
Job 45: 340/400
Job 45: 341/400
Job 45: 342/400
Job 45: 343/400
Job 45: 344/400
Job 45: 345/400
Job 45: 346/400
Job 45: 347/400
Job 45: 348/400
Job 45: 349/400
Job 45: 350/400
Job 45: 351/400
Job 45: 352/400
Job 45: 353/400
Job 45: 354/400
Job 45: 355/400
Job 45: 356/400
Job 45: 357/400
Job 45: 358/400
Job 45: 359/400
Job 45: 360/400
Job 45: 361/400
Job 45: 362/400
Job 45: 363/400
Job 45: 364/400
Job 45: 365/400
Job 45: 366/400
Job 45: 367/400
Job 45: 368/400
Job 45: 369/400
Job 45: 370/400
Job 45: 371/400
Job 45: 372/400
Job 45: 373/400
Job 45: 374/400
Job 45: 375/400
Job 45: 376/400
Job 45: 377/400
Job 45: 378/400
Job 45: 379/400
Job 45: 380/400
Job 45: 381/400
Job 45: 382/400
Job 45: 383/400
Job 45: 384/400
Job 45: 385/400
Job 45: 386/400
Job 45: 387/400
Job 45: 388/400
Job 45: 389/400
Job 45: 390/400
Job 45: 391/400
Job 45: 392/400
Job 45: 393/400
Job 45: 394/400
Job 45: 395/400
Job 45: 396/400
Job 45: 397/400
Job 45: 398/400
Job 45: 399/400
Job 45: 400/400
