Registered S3 methods overwritten by 'susieSlide':
  method              from  
  coef.susie          susieR
  predict.susie       susieR
  print.summary.susie susieR
  summary.susie       susieR
Job 227: 1/400
Job 227: 2/400
Job 227: 3/400
Job 227: 4/400
Job 227: 5/400
Job 227: 6/400
Job 227: 7/400
Job 227: 8/400
Job 227: 9/400
Job 227: 10/400
Job 227: 11/400
Job 227: 12/400
Job 227: 13/400
Job 227: 14/400
Job 227: 15/400
Job 227: 16/400
Job 227: 17/400
Job 227: 18/400
Job 227: 19/400
Job 227: 20/400
Job 227: 21/400
Job 227: 22/400
Job 227: 23/400
Job 227: 24/400
Job 227: 25/400
Job 227: 26/400
Job 227: 27/400
Job 227: 28/400
Job 227: 29/400
Job 227: 30/400
Job 227: 31/400
Job 227: 32/400
Job 227: 33/400
Job 227: 34/400
Job 227: 35/400
Job 227: 36/400
Job 227: 37/400
Job 227: 38/400
Job 227: 39/400
Job 227: 40/400
Job 227: 41/400
Job 227: 42/400
Job 227: 43/400
Job 227: 44/400
Job 227: 45/400
Job 227: 46/400
Job 227: 47/400
Job 227: 48/400
Job 227: 49/400
Job 227: 50/400
Job 227: 51/400
Job 227: 52/400
Job 227: 53/400
Job 227: 54/400
Job 227: 55/400
Job 227: 56/400
Job 227: 57/400
Job 227: 58/400
Job 227: 59/400
Job 227: 60/400
Job 227: 61/400
Job 227: 62/400
Job 227: 63/400
Job 227: 64/400
Job 227: 65/400
Job 227: 66/400
Job 227: 67/400
Job 227: 68/400
Job 227: 69/400
Job 227: 70/400
Job 227: 71/400
Job 227: 72/400
Job 227: 73/400
Job 227: 74/400
Job 227: 75/400
Job 227: 76/400
Job 227: 77/400
Job 227: 78/400
Job 227: 79/400
Job 227: 80/400
Job 227: 81/400
Job 227: 82/400
Job 227: 83/400
Job 227: 84/400
Job 227: 85/400
Job 227: 86/400
Job 227: 87/400
Job 227: 88/400
Job 227: 89/400
Job 227: 90/400
Job 227: 91/400
Job 227: 92/400
Job 227: 93/400
Job 227: 94/400
Job 227: 95/400
Job 227: 96/400
Job 227: 97/400
Job 227: 98/400
Job 227: 99/400
Job 227: 100/400
Job 227: 101/400
Job 227: 102/400
Job 227: 103/400
Job 227: 104/400
Job 227: 105/400
Job 227: 106/400
Job 227: 107/400
Job 227: 108/400
Job 227: 109/400
Job 227: 110/400
Job 227: 111/400
Job 227: 112/400
Job 227: 113/400
Job 227: 114/400
Job 227: 115/400
Job 227: 116/400
Job 227: 117/400
Job 227: 118/400
Job 227: 119/400
Job 227: 120/400
Job 227: 121/400
Job 227: 122/400
Job 227: 123/400
Job 227: 124/400
Job 227: 125/400
Job 227: 126/400
Job 227: 127/400
Job 227: 128/400
Job 227: 129/400
Job 227: 130/400
Job 227: 131/400
Job 227: 132/400
Job 227: 133/400
Job 227: 134/400
Job 227: 135/400
Job 227: 136/400
Job 227: 137/400
Job 227: 138/400
Job 227: 139/400
Job 227: 140/400
Job 227: 141/400
Job 227: 142/400
Job 227: 143/400
Job 227: 144/400
Job 227: 145/400
Job 227: 146/400
Job 227: 147/400
Job 227: 148/400
Job 227: 149/400
Job 227: 150/400
Job 227: 151/400
Job 227: 152/400
Job 227: 153/400
Job 227: 154/400
Job 227: 155/400
Job 227: 156/400
Job 227: 157/400
Job 227: 158/400
Job 227: 159/400
Job 227: 160/400
Job 227: 161/400
Job 227: 162/400
Job 227: 163/400
Job 227: 164/400
Job 227: 165/400
Job 227: 166/400
Job 227: 167/400
Job 227: 168/400
Job 227: 169/400
Job 227: 170/400
Job 227: 171/400
Job 227: 172/400
Job 227: 173/400
Job 227: 174/400
Job 227: 175/400
Job 227: 176/400
Job 227: 177/400
Job 227: 178/400
Job 227: 179/400
Job 227: 180/400
Job 227: 181/400
Job 227: 182/400
Job 227: 183/400
Job 227: 184/400
Job 227: 185/400
Job 227: 186/400
Job 227: 187/400
Job 227: 188/400
Job 227: 189/400
Job 227: 190/400
Job 227: 191/400
Job 227: 192/400
Job 227: 193/400
Job 227: 194/400
Job 227: 195/400
Job 227: 196/400
Job 227: 197/400
Job 227: 198/400
Job 227: 199/400
Job 227: 200/400
Job 227: 201/400
Job 227: 202/400
Job 227: 203/400
Job 227: 204/400
Job 227: 205/400
Job 227: 206/400
Job 227: 207/400
Job 227: 208/400
Job 227: 209/400
Job 227: 210/400
Job 227: 211/400
Job 227: 212/400
Job 227: 213/400
Job 227: 214/400
Job 227: 215/400
Job 227: 216/400
Job 227: 217/400
Job 227: 218/400
Job 227: 219/400
Job 227: 220/400
Job 227: 221/400
Job 227: 222/400
Job 227: 223/400
Job 227: 224/400
Job 227: 225/400
Job 227: 226/400
Job 227: 227/400
Job 227: 228/400
Job 227: 229/400
Job 227: 230/400
Job 227: 231/400
Job 227: 232/400
Job 227: 233/400
Job 227: 234/400
Job 227: 235/400
Job 227: 236/400
Job 227: 237/400
Job 227: 238/400
Job 227: 239/400
Job 227: 240/400
Job 227: 241/400
Job 227: 242/400
Job 227: 243/400
Job 227: 244/400
Job 227: 245/400
Job 227: 246/400
Job 227: 247/400
Job 227: 248/400
Job 227: 249/400
Job 227: 250/400
Job 227: 251/400
Job 227: 252/400
Job 227: 253/400
Job 227: 254/400
Job 227: 255/400
Job 227: 256/400
Job 227: 257/400
Job 227: 258/400
Job 227: 259/400
Job 227: 260/400
Job 227: 261/400
Job 227: 262/400
Job 227: 263/400
Job 227: 264/400
Job 227: 265/400
Job 227: 266/400
Job 227: 267/400
Job 227: 268/400
Job 227: 269/400
Job 227: 270/400
Job 227: 271/400
Job 227: 272/400
Job 227: 273/400
Job 227: 274/400
Job 227: 275/400
Job 227: 276/400
Job 227: 277/400
Job 227: 278/400
Job 227: 279/400
Job 227: 280/400
Job 227: 281/400
Job 227: 282/400
Job 227: 283/400
Job 227: 284/400
Job 227: 285/400
Job 227: 286/400
Job 227: 287/400
Job 227: 288/400
Job 227: 289/400
Job 227: 290/400
Job 227: 291/400
Job 227: 292/400
Job 227: 293/400
Job 227: 294/400
Job 227: 295/400
Job 227: 296/400
Job 227: 297/400
Job 227: 298/400
Job 227: 299/400
Job 227: 300/400
Job 227: 301/400
Job 227: 302/400
Job 227: 303/400
Job 227: 304/400
Job 227: 305/400
Job 227: 306/400
Job 227: 307/400
Job 227: 308/400
Job 227: 309/400
Job 227: 310/400
Job 227: 311/400
Job 227: 312/400
Job 227: 313/400
Job 227: 314/400
Job 227: 315/400
Job 227: 316/400
Job 227: 317/400
Job 227: 318/400
Job 227: 319/400
Job 227: 320/400
Job 227: 321/400
Job 227: 322/400
Job 227: 323/400
Job 227: 324/400
Job 227: 325/400
Job 227: 326/400
Job 227: 327/400
Job 227: 328/400
Job 227: 329/400
Job 227: 330/400
Job 227: 331/400
Job 227: 332/400
Job 227: 333/400
Job 227: 334/400
Job 227: 335/400
Job 227: 336/400
Job 227: 337/400
Job 227: 338/400
Job 227: 339/400
Job 227: 340/400
Job 227: 341/400
Job 227: 342/400
Job 227: 343/400
Job 227: 344/400
Job 227: 345/400
Job 227: 346/400
Job 227: 347/400
Job 227: 348/400
Job 227: 349/400
Job 227: 350/400
Job 227: 351/400
Job 227: 352/400
Job 227: 353/400
Job 227: 354/400
Job 227: 355/400
Job 227: 356/400
Job 227: 357/400
Job 227: 358/400
Job 227: 359/400
Job 227: 360/400
Job 227: 361/400
Job 227: 362/400
Job 227: 363/400
Job 227: 364/400
Job 227: 365/400
Job 227: 366/400
Job 227: 367/400
Job 227: 368/400
Job 227: 369/400
Job 227: 370/400
Job 227: 371/400
Job 227: 372/400
Job 227: 373/400
Job 227: 374/400
Job 227: 375/400
Job 227: 376/400
Job 227: 377/400
Job 227: 378/400
Job 227: 379/400
Job 227: 380/400
Job 227: 381/400
Job 227: 382/400
Job 227: 383/400
Job 227: 384/400
Job 227: 385/400
Job 227: 386/400
Job 227: 387/400
Job 227: 388/400
Job 227: 389/400
Job 227: 390/400
Job 227: 391/400
Job 227: 392/400
Job 227: 393/400
Job 227: 394/400
Job 227: 395/400
Job 227: 396/400
Job 227: 397/400
Job 227: 398/400
Job 227: 399/400
Job 227: 400/400
