Registered S3 methods overwritten by 'susieSlide':
  method              from  
  coef.susie          susieR
  predict.susie       susieR
  print.summary.susie susieR
  summary.susie       susieR
Job 662: 1/400
Job 662: 2/400
Job 662: 3/400
Job 662: 4/400
Job 662: 5/400
Job 662: 6/400
Job 662: 7/400
Job 662: 8/400
Job 662: 9/400
Job 662: 10/400
Job 662: 11/400
Job 662: 12/400
Job 662: 13/400
Job 662: 14/400
Job 662: 15/400
Job 662: 16/400
Job 662: 17/400
Job 662: 18/400
Job 662: 19/400
Job 662: 20/400
Job 662: 21/400
Job 662: 22/400 ERROR: No .raw files found in temp_dir.
Job 662: 23/400 ERROR: No .raw files found in temp_dir.
Job 662: 24/400 ERROR: No .raw files found in temp_dir.
Job 662: 25/400 ERROR: No .raw files found in temp_dir.
Job 662: 26/400 ERROR: No .raw files found in temp_dir.
Job 662: 27/400 ERROR: No .raw files found in temp_dir.
Job 662: 28/400 ERROR: No .raw files found in temp_dir.
Job 662: 29/400 ERROR: No .raw files found in temp_dir.
Job 662: 30/400 ERROR: No .raw files found in temp_dir.
Job 662: 31/400 ERROR: No .raw files found in temp_dir.
Job 662: 32/400 ERROR: No .raw files found in temp_dir.
Job 662: 33/400 ERROR: No .raw files found in temp_dir.
Job 662: 34/400 ERROR: No .raw files found in temp_dir.
Job 662: 35/400 ERROR: No .raw files found in temp_dir.
Job 662: 36/400 ERROR: No .raw files found in temp_dir.
Job 662: 37/400 ERROR: No .raw files found in temp_dir.
Job 662: 38/400 ERROR: No .raw files found in temp_dir.
Job 662: 39/400 ERROR: No .raw files found in temp_dir.
Job 662: 40/400 ERROR: No .raw files found in temp_dir.
Job 662: 41/400 ERROR: No .raw files found in temp_dir.
Job 662: 42/400 ERROR: No .raw files found in temp_dir.
Job 662: 43/400 ERROR: No .raw files found in temp_dir.
Job 662: 44/400 ERROR: No .raw files found in temp_dir.
Job 662: 45/400 ERROR: No .raw files found in temp_dir.
Job 662: 46/400 ERROR: No .raw files found in temp_dir.
Job 662: 47/400 ERROR: No .raw files found in temp_dir.
Job 662: 48/400 ERROR: No .raw files found in temp_dir.
Job 662: 49/400 ERROR: No .raw files found in temp_dir.
Job 662: 50/400 ERROR: No .raw files found in temp_dir.
Job 662: 51/400 ERROR: No .raw files found in temp_dir.
Job 662: 52/400 ERROR: No .raw files found in temp_dir.
Job 662: 53/400 ERROR: No .raw files found in temp_dir.
Job 662: 54/400 ERROR: No .raw files found in temp_dir.
Job 662: 55/400 ERROR: No .raw files found in temp_dir.
Job 662: 56/400 ERROR: No .raw files found in temp_dir.
Job 662: 57/400 ERROR: No .raw files found in temp_dir.
Job 662: 58/400 ERROR: No .raw files found in temp_dir.
Job 662: 59/400 ERROR: No .raw files found in temp_dir.
Job 662: 60/400 ERROR: No .raw files found in temp_dir.
Job 662: 61/400 ERROR: No .raw files found in temp_dir.
Job 662: 62/400 ERROR: No .raw files found in temp_dir.
Job 662: 63/400 ERROR: No .raw files found in temp_dir.
Job 662: 64/400 ERROR: No .raw files found in temp_dir.
Job 662: 65/400 ERROR: No .raw files found in temp_dir.
Job 662: 66/400 ERROR: No .raw files found in temp_dir.
Job 662: 67/400 ERROR: No .raw files found in temp_dir.
Job 662: 68/400 ERROR: No .raw files found in temp_dir.
Job 662: 69/400 ERROR: No .raw files found in temp_dir.
Job 662: 70/400 ERROR: No .raw files found in temp_dir.
Job 662: 71/400 ERROR: No .raw files found in temp_dir.
Job 662: 72/400 ERROR: No .raw files found in temp_dir.
Job 662: 73/400 ERROR: No .raw files found in temp_dir.
Job 662: 74/400 ERROR: No .raw files found in temp_dir.
Job 662: 75/400 ERROR: No .raw files found in temp_dir.
Job 662: 76/400 ERROR: No .raw files found in temp_dir.
Job 662: 77/400 ERROR: No .raw files found in temp_dir.
Job 662: 78/400 ERROR: No .raw files found in temp_dir.
Job 662: 79/400 ERROR: No .raw files found in temp_dir.
Job 662: 80/400 ERROR: No .raw files found in temp_dir.
Job 662: 81/400 ERROR: No .raw files found in temp_dir.
Job 662: 82/400 ERROR: No .raw files found in temp_dir.
Job 662: 83/400 ERROR: No .raw files found in temp_dir.
Job 662: 84/400 ERROR: No .raw files found in temp_dir.
Job 662: 85/400 ERROR: No .raw files found in temp_dir.
Job 662: 86/400 ERROR: No .raw files found in temp_dir.
Job 662: 87/400 ERROR: No .raw files found in temp_dir.
Job 662: 88/400 ERROR: No .raw files found in temp_dir.
Job 662: 89/400 ERROR: Not enough donors for the requested n.
Job 662: 90/400
Job 662: 91/400
Job 662: 92/400
Job 662: 93/400
Job 662: 94/400
Job 662: 95/400
Job 662: 96/400
Job 662: 97/400
Job 662: 98/400
Job 662: 99/400
Job 662: 100/400
Job 662: 101/400
Job 662: 102/400
Job 662: 103/400
Job 662: 104/400
Job 662: 105/400
Job 662: 106/400
Job 662: 107/400
Job 662: 108/400
Job 662: 109/400
Job 662: 110/400
Job 662: 111/400
Job 662: 112/400
Job 662: 113/400
Job 662: 114/400
Job 662: 115/400
Job 662: 116/400
Job 662: 117/400
Job 662: 118/400 ERROR: No .raw files found in temp_dir.
Job 662: 119/400 ERROR: No .raw files found in temp_dir.
Job 662: 120/400 ERROR: No .raw files found in temp_dir.
Job 662: 121/400 ERROR: No .raw files found in temp_dir.
Job 662: 122/400 ERROR: No .raw files found in temp_dir.
Job 662: 123/400 ERROR: No .raw files found in temp_dir.
Job 662: 124/400 ERROR: No .raw files found in temp_dir.
Job 662: 125/400 ERROR: No .raw files found in temp_dir.
Job 662: 126/400 ERROR: No .raw files found in temp_dir.
Job 662: 127/400 ERROR: No .raw files found in temp_dir.
Job 662: 128/400 ERROR: No .raw files found in temp_dir.
Job 662: 129/400 ERROR: No .raw files found in temp_dir.
Job 662: 130/400 ERROR: No .raw files found in temp_dir.
Job 662: 131/400 ERROR: No .raw files found in temp_dir.
Job 662: 132/400 ERROR: No .raw files found in temp_dir.
Job 662: 133/400 ERROR: No .raw files found in temp_dir.
Job 662: 134/400 ERROR: No .raw files found in temp_dir.
Job 662: 135/400 ERROR: No .raw files found in temp_dir.
Job 662: 136/400 ERROR: No .raw files found in temp_dir.
Job 662: 137/400 ERROR: No .raw files found in temp_dir.
Job 662: 138/400 ERROR: No .raw files found in temp_dir.
Job 662: 139/400 ERROR: No .raw files found in temp_dir.
Job 662: 140/400 ERROR: No .raw files found in temp_dir.
Job 662: 141/400 ERROR: No .raw files found in temp_dir.
Job 662: 142/400 ERROR: No .raw files found in temp_dir.
Job 662: 143/400 ERROR: No .raw files found in temp_dir.
Job 662: 144/400 ERROR: No .raw files found in temp_dir.
Job 662: 145/400 ERROR: No .raw files found in temp_dir.
Job 662: 146/400 ERROR: No .raw files found in temp_dir.
Job 662: 147/400 ERROR: No .raw files found in temp_dir.
Job 662: 148/400 ERROR: No .raw files found in temp_dir.
Job 662: 149/400 ERROR: No .raw files found in temp_dir.
Job 662: 150/400 ERROR: No .raw files found in temp_dir.
Job 662: 151/400 ERROR: No .raw files found in temp_dir.
Job 662: 152/400 ERROR: No .raw files found in temp_dir.
Job 662: 153/400 ERROR: No .raw files found in temp_dir.
Job 662: 154/400 ERROR: No .raw files found in temp_dir.
Job 662: 155/400 ERROR: No .raw files found in temp_dir.
Job 662: 156/400 ERROR: No .raw files found in temp_dir.
Job 662: 157/400 ERROR: No .raw files found in temp_dir.
Job 662: 158/400 ERROR: No .raw files found in temp_dir.
Job 662: 159/400 ERROR: No .raw files found in temp_dir.
Job 662: 160/400 ERROR: No .raw files found in temp_dir.
Job 662: 161/400 ERROR: No .raw files found in temp_dir.
Job 662: 162/400 ERROR: No .raw files found in temp_dir.
Job 662: 163/400 ERROR: No .raw files found in temp_dir.
Job 662: 164/400 ERROR: No .raw files found in temp_dir.
Job 662: 165/400 ERROR: No .raw files found in temp_dir.
Job 662: 166/400 ERROR: No .raw files found in temp_dir.
Job 662: 167/400 ERROR: No .raw files found in temp_dir.
Job 662: 168/400 ERROR: No .raw files found in temp_dir.
Job 662: 169/400 ERROR: No .raw files found in temp_dir.
Job 662: 170/400 ERROR: No .raw files found in temp_dir.
Job 662: 171/400 ERROR: No .raw files found in temp_dir.
Job 662: 172/400 ERROR: No .raw files found in temp_dir.
Job 662: 173/400 ERROR: No .raw files found in temp_dir.
Job 662: 174/400 ERROR: No .raw files found in temp_dir.
Job 662: 175/400
Job 662: 176/400
Job 662: 177/400
Job 662: 178/400
Job 662: 179/400
Job 662: 180/400
Job 662: 181/400
Job 662: 182/400
Job 662: 183/400
Job 662: 184/400
Job 662: 185/400
Job 662: 186/400
Job 662: 187/400
Job 662: 188/400
Job 662: 189/400
Job 662: 190/400
Job 662: 191/400
Job 662: 192/400
Job 662: 193/400
Job 662: 194/400
Job 662: 195/400
Job 662: 196/400
Job 662: 197/400
Job 662: 198/400
Job 662: 199/400
Job 662: 200/400
Job 662: 201/400
Job 662: 202/400
Job 662: 203/400
Job 662: 204/400
Job 662: 205/400
Job 662: 206/400 ERROR: No .raw files found in temp_dir.
Job 662: 207/400 ERROR: No .raw files found in temp_dir.
Job 662: 208/400 ERROR: No .raw files found in temp_dir.
Job 662: 209/400 ERROR: No .raw files found in temp_dir.
Job 662: 210/400 ERROR: No .raw files found in temp_dir.
Job 662: 211/400 ERROR: No .raw files found in temp_dir.
Job 662: 212/400 ERROR: No .raw files found in temp_dir.
Job 662: 213/400 ERROR: No .raw files found in temp_dir.
Job 662: 214/400 ERROR: No .raw files found in temp_dir.
Job 662: 215/400 ERROR: No .raw files found in temp_dir.
Job 662: 216/400 ERROR: No .raw files found in temp_dir.
Job 662: 217/400 ERROR: No .raw files found in temp_dir.
Job 662: 218/400 ERROR: No .raw files found in temp_dir.
Job 662: 219/400 ERROR: No .raw files found in temp_dir.
Job 662: 220/400 ERROR: No .raw files found in temp_dir.
Job 662: 221/400 ERROR: No .raw files found in temp_dir.
Job 662: 222/400 ERROR: No .raw files found in temp_dir.
Job 662: 223/400 ERROR: No .raw files found in temp_dir.
Job 662: 224/400 ERROR: No .raw files found in temp_dir.
Job 662: 225/400 ERROR: No .raw files found in temp_dir.
Job 662: 226/400 ERROR: No .raw files found in temp_dir.
Job 662: 227/400 ERROR: No .raw files found in temp_dir.
Job 662: 228/400 ERROR: No .raw files found in temp_dir.
Job 662: 229/400 ERROR: No .raw files found in temp_dir.
Job 662: 230/400 ERROR: No .raw files found in temp_dir.
Job 662: 231/400 ERROR: No .raw files found in temp_dir.
Job 662: 232/400 ERROR: No .raw files found in temp_dir.
Job 662: 233/400 ERROR: No .raw files found in temp_dir.
Job 662: 234/400 ERROR: No .raw files found in temp_dir.
Job 662: 235/400 ERROR: No .raw files found in temp_dir.
Job 662: 236/400 ERROR: No .raw files found in temp_dir.
Job 662: 237/400 ERROR: No .raw files found in temp_dir.
Job 662: 238/400 ERROR: No .raw files found in temp_dir.
Job 662: 239/400 ERROR: No .raw files found in temp_dir.
Job 662: 240/400 ERROR: No .raw files found in temp_dir.
Job 662: 241/400 ERROR: No .raw files found in temp_dir.
Job 662: 242/400 ERROR: No .raw files found in temp_dir.
Job 662: 243/400 ERROR: No .raw files found in temp_dir.
Job 662: 244/400 ERROR: No .raw files found in temp_dir.
Job 662: 245/400 ERROR: No .raw files found in temp_dir.
Job 662: 246/400 ERROR: No .raw files found in temp_dir.
Job 662: 247/400 ERROR: No .raw files found in temp_dir.
Job 662: 248/400 ERROR: No .raw files found in temp_dir.
Job 662: 249/400 ERROR: No .raw files found in temp_dir.
Job 662: 250/400 ERROR: No .raw files found in temp_dir.
Job 662: 251/400 ERROR: No .raw files found in temp_dir.
Job 662: 252/400 ERROR: No .raw files found in temp_dir.
Job 662: 253/400 ERROR: No .raw files found in temp_dir.
Job 662: 254/400 ERROR: No .raw files found in temp_dir.
Job 662: 255/400 ERROR: No .raw files found in temp_dir.
Job 662: 256/400 ERROR: No .raw files found in temp_dir.
Job 662: 257/400 ERROR: No .raw files found in temp_dir.
Job 662: 258/400 ERROR: No .raw files found in temp_dir.
Job 662: 259/400 ERROR: No .raw files found in temp_dir.
Job 662: 260/400 ERROR: No .raw files found in temp_dir.
Job 662: 261/400 ERROR: No .raw files found in temp_dir.
Job 662: 262/400 ERROR: No .raw files found in temp_dir.
Job 662: 263/400 ERROR: No .raw files found in temp_dir.
Job 662: 264/400 ERROR: No .raw files found in temp_dir.
Job 662: 265/400 ERROR: No .raw files found in temp_dir.
Job 662: 266/400 ERROR: No .raw files found in temp_dir.
Job 662: 267/400 ERROR: No .raw files found in temp_dir.
Job 662: 268/400 ERROR: No .raw files found in temp_dir.
Job 662: 269/400 ERROR: No .raw files found in temp_dir.
Job 662: 270/400 ERROR: No .raw files found in temp_dir.
Job 662: 271/400 ERROR: No .raw files found in temp_dir.
Job 662: 272/400 ERROR: No .raw files found in temp_dir.
Job 662: 273/400 ERROR: No .raw files found in temp_dir.
Job 662: 274/400 ERROR: No .raw files found in temp_dir.
Job 662: 275/400 ERROR: No .raw files found in temp_dir.
Job 662: 276/400 ERROR: No .raw files found in temp_dir.
Job 662: 277/400 ERROR: No .raw files found in temp_dir.
Job 662: 278/400 ERROR: No .raw files found in temp_dir.
Job 662: 279/400 ERROR: No .raw files found in temp_dir.
Job 662: 280/400 ERROR: No .raw files found in temp_dir.
Job 662: 281/400 ERROR: No .raw files found in temp_dir.
Job 662: 282/400 ERROR: No .raw files found in temp_dir.
Job 662: 283/400 ERROR: No .raw files found in temp_dir.
Job 662: 284/400 ERROR: No .raw files found in temp_dir.
Job 662: 285/400 ERROR: No .raw files found in temp_dir.
Job 662: 286/400 ERROR: No .raw files found in temp_dir.
Job 662: 287/400 ERROR: No .raw files found in temp_dir.
Job 662: 288/400 ERROR: No .raw files found in temp_dir.
Job 662: 289/400 ERROR: No .raw files found in temp_dir.
Job 662: 290/400 ERROR: No .raw files found in temp_dir.
Job 662: 291/400 ERROR: No .raw files found in temp_dir.
Job 662: 292/400 ERROR: No .raw files found in temp_dir.
Job 662: 293/400 ERROR: No .raw files found in temp_dir.
Job 662: 294/400 ERROR: No .raw files found in temp_dir.
Job 662: 295/400 ERROR: No .raw files found in temp_dir.
Job 662: 296/400 ERROR: No .raw files found in temp_dir.
Job 662: 297/400 ERROR: No .raw files found in temp_dir.
Job 662: 298/400 ERROR: No .raw files found in temp_dir.
Job 662: 299/400 ERROR: No .raw files found in temp_dir.
Job 662: 300/400 ERROR: No .raw files found in temp_dir.
Job 662: 301/400 ERROR: No .raw files found in temp_dir.
Job 662: 302/400 ERROR: No .raw files found in temp_dir.
Job 662: 303/400 ERROR: No .raw files found in temp_dir.
Job 662: 304/400 ERROR: No .raw files found in temp_dir.
Job 662: 305/400 ERROR: No .raw files found in temp_dir.
Job 662: 306/400 ERROR: No .raw files found in temp_dir.
Job 662: 307/400 ERROR: No .raw files found in temp_dir.
Job 662: 308/400 ERROR: No .raw files found in temp_dir.
Job 662: 309/400 ERROR: No .raw files found in temp_dir.
Job 662: 310/400 ERROR: No .raw files found in temp_dir.
Job 662: 311/400 ERROR: No .raw files found in temp_dir.
Job 662: 312/400 ERROR: No .raw files found in temp_dir.
Job 662: 313/400 ERROR: No .raw files found in temp_dir.
Job 662: 314/400 ERROR: No .raw files found in temp_dir.
Job 662: 315/400 ERROR: No .raw files found in temp_dir.
Job 662: 316/400 ERROR: No .raw files found in temp_dir.
Job 662: 317/400 ERROR: No .raw files found in temp_dir.
Job 662: 318/400 ERROR: No .raw files found in temp_dir.
Job 662: 319/400 ERROR: No .raw files found in temp_dir.
Job 662: 320/400 ERROR: No .raw files found in temp_dir.
Job 662: 321/400 ERROR: No .raw files found in temp_dir.
Job 662: 322/400 ERROR: No .raw files found in temp_dir.
Job 662: 323/400 ERROR: No .raw files found in temp_dir.
Job 662: 324/400 ERROR: No .raw files found in temp_dir.
Job 662: 325/400 ERROR: No .raw files found in temp_dir.
Job 662: 326/400 ERROR: No .raw files found in temp_dir.
Job 662: 327/400 ERROR: No .raw files found in temp_dir.
Job 662: 328/400 ERROR: No .raw files found in temp_dir.
Job 662: 329/400 ERROR: No .raw files found in temp_dir.
Job 662: 330/400 ERROR: No .raw files found in temp_dir.
Job 662: 331/400 ERROR: No .raw files found in temp_dir.
Job 662: 332/400 ERROR: No .raw files found in temp_dir.
Job 662: 333/400 ERROR: No .raw files found in temp_dir.
Job 662: 334/400 ERROR: No .raw files found in temp_dir.
Job 662: 335/400 ERROR: No .raw files found in temp_dir.
Job 662: 336/400 ERROR: No .raw files found in temp_dir.
Job 662: 337/400 ERROR: No .raw files found in temp_dir.
Job 662: 338/400 ERROR: No .raw files found in temp_dir.
Job 662: 339/400 ERROR: No .raw files found in temp_dir.
Job 662: 340/400 ERROR: No .raw files found in temp_dir.
Job 662: 341/400 ERROR: No .raw files found in temp_dir.
Job 662: 342/400 ERROR: No .raw files found in temp_dir.
Job 662: 343/400 ERROR: No .raw files found in temp_dir.
Job 662: 344/400 ERROR: No .raw files found in temp_dir.
Job 662: 345/400 ERROR: No .raw files found in temp_dir.
Job 662: 346/400 ERROR: No .raw files found in temp_dir.
Job 662: 347/400 ERROR: No .raw files found in temp_dir.
Job 662: 348/400 ERROR: No .raw files found in temp_dir.
Job 662: 349/400 ERROR: No .raw files found in temp_dir.
Job 662: 350/400 ERROR: No .raw files found in temp_dir.
Job 662: 351/400 ERROR: No .raw files found in temp_dir.
Job 662: 352/400 ERROR: No .raw files found in temp_dir.
Job 662: 353/400 ERROR: No .raw files found in temp_dir.
Job 662: 354/400 ERROR: No .raw files found in temp_dir.
Job 662: 355/400 ERROR: No .raw files found in temp_dir.
Job 662: 356/400 ERROR: No .raw files found in temp_dir.
Job 662: 357/400 ERROR: No .raw files found in temp_dir.
Job 662: 358/400 ERROR: No .raw files found in temp_dir.
Job 662: 359/400 ERROR: No .raw files found in temp_dir.
Job 662: 360/400 ERROR: No .raw files found in temp_dir.
Job 662: 361/400 ERROR: No .raw files found in temp_dir.
Job 662: 362/400 ERROR: No .raw files found in temp_dir.
Job 662: 363/400 ERROR: No .raw files found in temp_dir.
Job 662: 364/400 ERROR: No .raw files found in temp_dir.
Job 662: 365/400 ERROR: No .raw files found in temp_dir.
Job 662: 366/400 ERROR: No .raw files found in temp_dir.
Job 662: 367/400 ERROR: No .raw files found in temp_dir.
Job 662: 368/400 ERROR: No .raw files found in temp_dir.
Job 662: 369/400 ERROR: No .raw files found in temp_dir.
Job 662: 370/400 ERROR: No .raw files found in temp_dir.
Job 662: 371/400 ERROR: No .raw files found in temp_dir.
Job 662: 372/400 ERROR: No .raw files found in temp_dir.
Job 662: 373/400 ERROR: No .raw files found in temp_dir.
Job 662: 374/400 ERROR: No .raw files found in temp_dir.
Job 662: 375/400 ERROR: No .raw files found in temp_dir.
Job 662: 376/400 ERROR: No .raw files found in temp_dir.
Job 662: 377/400 ERROR: No .raw files found in temp_dir.
Job 662: 378/400 ERROR: No .raw files found in temp_dir.
Job 662: 379/400 ERROR: No .raw files found in temp_dir.
Job 662: 380/400 ERROR: No .raw files found in temp_dir.
Job 662: 381/400 ERROR: No .raw files found in temp_dir.
Job 662: 382/400 ERROR: No .raw files found in temp_dir.
Job 662: 383/400 ERROR: No .raw files found in temp_dir.
Job 662: 384/400 ERROR: No .raw files found in temp_dir.
Job 662: 385/400 ERROR: No .raw files found in temp_dir.
Job 662: 386/400 ERROR: No .raw files found in temp_dir.
Job 662: 387/400 ERROR: No .raw files found in temp_dir.
Job 662: 388/400 ERROR: No .raw files found in temp_dir.
Job 662: 389/400 ERROR: No .raw files found in temp_dir.
Job 662: 390/400 ERROR: No .raw files found in temp_dir.
Job 662: 391/400 ERROR: No .raw files found in temp_dir.
Job 662: 392/400 ERROR: No .raw files found in temp_dir.
Job 662: 393/400 ERROR: No .raw files found in temp_dir.
Job 662: 394/400 ERROR: No .raw files found in temp_dir.
Job 662: 395/400 ERROR: No .raw files found in temp_dir.
Job 662: 396/400 ERROR: No .raw files found in temp_dir.
Job 662: 397/400 ERROR: No .raw files found in temp_dir.
Job 662: 398/400 ERROR: No .raw files found in temp_dir.
Job 662: 399/400 ERROR: No .raw files found in temp_dir.
Job 662: 400/400 ERROR: No .raw files found in temp_dir.
Warning messages:
1: In data.table::fread(raw_file, data.table = FALSE) :
  Discarded single-line footer: <<0	GTEX-183FY	0	0	0	-9	2	2	2	2	1	0	2	2	2	2	1	2	1	2	2	2	2	2	2	2	2	2	2	2	2	2	2	2	0	2	0	2	1	2	1	2	1	0	2	2	2	1	2	1	2	2	2	2	1	2	2	1	2	2	2	0	2	2	2	2	2	1	2	2	2	2	1	2	2	2	2	2	2	1	2	2	2	0	2	2	2	2	2	2	2	2	2	2	2	2	0	1	2	2	2	1	2	2	2	2	2	2	2	2	0	2	2	2	2	2	2	2	2	1	2	2	2	1	2	2	2	2	2	2	2	1	2	2	2	0	2	2	2	2	1	2	1	2	0	2	0	2	1	2	2	2	2	2	2	2	2	2	2	2	2	2	2	1	1	2	2	1	2	2	1	1	2	2	2	2	2	2	1	2	2	2	2	2	2	2	2	2	2	2	2	1	2	2	2	2	2	1	2	2	2	2	2	2	2	2	2	2	2	2	2	2	2	2	2	2	2	2	2	2	2	2	2	2	2	2	2	2	2	1	2	2	2	2	2	2	2	2	2	1	2	2	2	2	2	>>
2: In data.table::fread(raw_file, data.table = FALSE) :
  Discarded single-line footer: <<0	GTEX-Y3I4	0	0	0	-9	2	2	2	2	2	2	2	2	2	2	2	2	2	2	2	2	2	2	2	2	2	2	2	2	2	2	2	2	2	2	2	2	2	2	2	2	2	2	2	2	2	2	2	2	2	2	2	2	2	2	2	2	2	2	2	2	2	2	2	2	2	2	2	2	2	2	2	2	2	2	2	2	2	2	2	2	1	2	2	2	2	2	2	2	2	2	2	2	2	2	2	2	2	2	2	2	2	2	2	2	2	2	2	2	2	2	2	2	2	2	NA	2	2	2	2	2	2	2	2	2	2	2	2	2	2	2	2	2	2	2	2	2	2	2	2	2	2	2	2	2	2	2	2	2	2	2	2	2	2	2	2	2	2	2	2	2	2	2	2	2	2	2	2	2	2	2	2	2	2	2	2	2	2	2	2	2	2	2	2	2	2	2	2	2	2	2	2	2	2	0	2	2	2	2	2	2	2	2	2	2	2	2	2	2	2	2	2	2	2	2	2	2	2	2	1	2	2	2	2	2	2	2	2	2	2	2	2	2	2	2	2	2	2	2	2	2	2	2	2	>>
