Registered S3 methods overwritten by 'susieSlide':
  method              from  
  coef.susie          susieR
  predict.susie       susieR
  print.summary.susie susieR
  summary.susie       susieR
Job 487: 1/400
Job 487: 2/400
Job 487: 3/400
Job 487: 4/400
Job 487: 5/400
Job 487: 6/400
Job 487: 7/400
Job 487: 8/400
Job 487: 9/400
Job 487: 10/400
Job 487: 11/400
Job 487: 12/400
Job 487: 13/400
Job 487: 14/400
Job 487: 15/400
Job 487: 16/400
Job 487: 17/400
Job 487: 18/400
Job 487: 19/400
Job 487: 20/400
Job 487: 21/400
Job 487: 22/400
Job 487: 23/400
Job 487: 24/400
Job 487: 25/400
Job 487: 26/400
Job 487: 27/400
Job 487: 28/400
Job 487: 29/400
Job 487: 30/400
Job 487: 31/400
Job 487: 32/400
Job 487: 33/400
Job 487: 34/400
Job 487: 35/400
Job 487: 36/400
Job 487: 37/400
Job 487: 38/400
Job 487: 39/400
Job 487: 40/400
Job 487: 41/400
Job 487: 42/400
Job 487: 43/400
Job 487: 44/400
Job 487: 45/400
Job 487: 46/400
Job 487: 47/400
Job 487: 48/400
Job 487: 49/400
Job 487: 50/400
Job 487: 51/400
Job 487: 52/400
Job 487: 53/400
Job 487: 54/400
Job 487: 55/400
Job 487: 56/400
Job 487: 57/400
Job 487: 58/400
Job 487: 59/400
Job 487: 60/400
Job 487: 61/400
Job 487: 62/400
Job 487: 63/400
Job 487: 64/400
Job 487: 65/400
Job 487: 66/400
Job 487: 67/400
Job 487: 68/400
Job 487: 69/400
Job 487: 70/400
Job 487: 71/400
Job 487: 72/400
Job 487: 73/400
Job 487: 74/400
Job 487: 75/400
Job 487: 76/400
Job 487: 77/400
Job 487: 78/400
Job 487: 79/400
Job 487: 80/400
Job 487: 81/400
Job 487: 82/400
Job 487: 83/400
Job 487: 84/400
Job 487: 85/400
Job 487: 86/400
Job 487: 87/400
Job 487: 88/400
Job 487: 89/400
Job 487: 90/400
Job 487: 91/400
Job 487: 92/400
Job 487: 93/400
Job 487: 94/400
Job 487: 95/400
Job 487: 96/400
Job 487: 97/400
Job 487: 98/400
Job 487: 99/400
Job 487: 100/400
Job 487: 101/400
Job 487: 102/400
Job 487: 103/400
Job 487: 104/400
Job 487: 105/400
Job 487: 106/400
Job 487: 107/400
Job 487: 108/400
Job 487: 109/400
Job 487: 110/400
Job 487: 111/400
Job 487: 112/400
Job 487: 113/400
Job 487: 114/400
Job 487: 115/400
Job 487: 116/400
Job 487: 117/400
Job 487: 118/400
Job 487: 119/400
Job 487: 120/400
Job 487: 121/400
Job 487: 122/400
Job 487: 123/400
Job 487: 124/400
Job 487: 125/400
Job 487: 126/400
Job 487: 127/400
Job 487: 128/400
Job 487: 129/400
Job 487: 130/400
Job 487: 131/400
Job 487: 132/400
Job 487: 133/400
Job 487: 134/400
Job 487: 135/400
Job 487: 136/400
Job 487: 137/400
Job 487: 138/400
Job 487: 139/400
Job 487: 140/400
Job 487: 141/400
Job 487: 142/400
Job 487: 143/400
Job 487: 144/400
Job 487: 145/400
Job 487: 146/400
Job 487: 147/400
Job 487: 148/400
Job 487: 149/400
Job 487: 150/400
Job 487: 151/400
Job 487: 152/400
Job 487: 153/400
Job 487: 154/400
Job 487: 155/400
Job 487: 156/400
Job 487: 157/400
Job 487: 158/400
Job 487: 159/400
Job 487: 160/400
Job 487: 161/400
Job 487: 162/400
Job 487: 163/400
Job 487: 164/400
Job 487: 165/400
Job 487: 166/400
Job 487: 167/400
Job 487: 168/400
Job 487: 169/400
Job 487: 170/400
Job 487: 171/400
Job 487: 172/400
Job 487: 173/400
Job 487: 174/400
Job 487: 175/400
Job 487: 176/400
Job 487: 177/400
Job 487: 178/400
Job 487: 179/400
Job 487: 180/400
Job 487: 181/400
Job 487: 182/400
Job 487: 183/400
Job 487: 184/400
Job 487: 185/400
Job 487: 186/400
Job 487: 187/400
Job 487: 188/400
Job 487: 189/400
Job 487: 190/400
Job 487: 191/400
Job 487: 192/400
Job 487: 193/400
Job 487: 194/400
Job 487: 195/400
Job 487: 196/400
Job 487: 197/400
Job 487: 198/400
Job 487: 199/400
Job 487: 200/400
Job 487: 201/400
Job 487: 202/400
Job 487: 203/400
Job 487: 204/400
Job 487: 205/400
Job 487: 206/400
Job 487: 207/400
Job 487: 208/400
Job 487: 209/400
Job 487: 210/400
Job 487: 211/400
Job 487: 212/400
Job 487: 213/400
Job 487: 214/400
Job 487: 215/400
Job 487: 216/400
Job 487: 217/400
Job 487: 218/400
Job 487: 219/400
Job 487: 220/400
Job 487: 221/400
Job 487: 222/400
Job 487: 223/400
Job 487: 224/400
Job 487: 225/400
Job 487: 226/400
Job 487: 227/400
Job 487: 228/400
Job 487: 229/400
Job 487: 230/400
Job 487: 231/400
Job 487: 232/400
Job 487: 233/400
Job 487: 234/400
Job 487: 235/400
Job 487: 236/400
Job 487: 237/400
Job 487: 238/400
Job 487: 239/400
Job 487: 240/400
Job 487: 241/400
Job 487: 242/400
Job 487: 243/400
Job 487: 244/400
Job 487: 245/400
Job 487: 246/400
Job 487: 247/400
Job 487: 248/400
Job 487: 249/400
Job 487: 250/400
Job 487: 251/400
Job 487: 252/400
Job 487: 253/400
Job 487: 254/400
Job 487: 255/400
Job 487: 256/400
Job 487: 257/400
Job 487: 258/400
Job 487: 259/400
Job 487: 260/400
Job 487: 261/400
Job 487: 262/400
Job 487: 263/400
Job 487: 264/400
Job 487: 265/400
Job 487: 266/400
Job 487: 267/400
Job 487: 268/400
Job 487: 269/400
Job 487: 270/400
Job 487: 271/400
Job 487: 272/400
Job 487: 273/400
Job 487: 274/400
Job 487: 275/400
Job 487: 276/400
Job 487: 277/400
Job 487: 278/400
Job 487: 279/400
Job 487: 280/400
Job 487: 281/400
Job 487: 282/400
Job 487: 283/400
Job 487: 284/400
Job 487: 285/400
Job 487: 286/400
Job 487: 287/400
Job 487: 288/400
Job 487: 289/400
Job 487: 290/400
Job 487: 291/400
Job 487: 292/400
Job 487: 293/400
Job 487: 294/400
Job 487: 295/400
Job 487: 296/400
Job 487: 297/400
Job 487: 298/400
Job 487: 299/400
Job 487: 300/400
Job 487: 301/400
Job 487: 302/400
Job 487: 303/400
Job 487: 304/400
Job 487: 305/400
Job 487: 306/400
Job 487: 307/400
Job 487: 308/400
Job 487: 309/400
Job 487: 310/400
Job 487: 311/400
Job 487: 312/400
Job 487: 313/400
Job 487: 314/400
Job 487: 315/400
Job 487: 316/400
Job 487: 317/400
Job 487: 318/400
Job 487: 319/400
Job 487: 320/400
Job 487: 321/400
Job 487: 322/400
Job 487: 323/400
Job 487: 324/400
Job 487: 325/400
Job 487: 326/400
Job 487: 327/400
Job 487: 328/400
Job 487: 329/400
Job 487: 330/400
Job 487: 331/400
Job 487: 332/400
Job 487: 333/400
Job 487: 334/400
Job 487: 335/400
Job 487: 336/400
Job 487: 337/400
Job 487: 338/400
Job 487: 339/400
Job 487: 340/400
Job 487: 341/400
Job 487: 342/400
Job 487: 343/400
Job 487: 344/400
Job 487: 345/400
Job 487: 346/400
Job 487: 347/400
Job 487: 348/400
Job 487: 349/400
Job 487: 350/400
Job 487: 351/400
Job 487: 352/400
Job 487: 353/400
Job 487: 354/400
Job 487: 355/400
Job 487: 356/400
Job 487: 357/400
Job 487: 358/400
Job 487: 359/400
Job 487: 360/400
Job 487: 361/400
Job 487: 362/400
Job 487: 363/400
Job 487: 364/400
Job 487: 365/400
Job 487: 366/400
Job 487: 367/400
Job 487: 368/400
Job 487: 369/400
Job 487: 370/400
Job 487: 371/400
Job 487: 372/400
Job 487: 373/400
Job 487: 374/400
Job 487: 375/400
Job 487: 376/400
Job 487: 377/400
Job 487: 378/400
Job 487: 379/400
Job 487: 380/400
Job 487: 381/400
Job 487: 382/400
Job 487: 383/400
Job 487: 384/400
Job 487: 385/400
Job 487: 386/400
Job 487: 387/400
Job 487: 388/400
Job 487: 389/400
Job 487: 390/400
Job 487: 391/400
Job 487: 392/400
Job 487: 393/400
Job 487: 394/400
Job 487: 395/400
Job 487: 396/400
Job 487: 397/400
Job 487: 398/400
Job 487: 399/400
Job 487: 400/400
