Registered S3 methods overwritten by 'susieSlide':
  method              from  
  coef.susie          susieR
  predict.susie       susieR
  print.summary.susie susieR
  summary.susie       susieR
Job 474: 1/400
Job 474: 2/400
Job 474: 3/400
Job 474: 4/400
Job 474: 5/400
Job 474: 6/400
Job 474: 7/400
Job 474: 8/400
Job 474: 9/400
Job 474: 10/400
Job 474: 11/400
Job 474: 12/400
Job 474: 13/400
Job 474: 14/400
Job 474: 15/400
Job 474: 16/400
Job 474: 17/400
Job 474: 18/400
Job 474: 19/400
Job 474: 20/400
Job 474: 21/400
Job 474: 22/400
Job 474: 23/400
Job 474: 24/400
Job 474: 25/400
Job 474: 26/400
Job 474: 27/400
Job 474: 28/400
Job 474: 29/400
Job 474: 30/400
Job 474: 31/400
Job 474: 32/400
Job 474: 33/400
Job 474: 34/400
Job 474: 35/400
Job 474: 36/400
Job 474: 37/400
Job 474: 38/400
Job 474: 39/400
Job 474: 40/400
Job 474: 41/400
Job 474: 42/400
Job 474: 43/400
Job 474: 44/400
Job 474: 45/400
Job 474: 46/400
Job 474: 47/400
Job 474: 48/400
Job 474: 49/400
Job 474: 50/400
Job 474: 51/400
Job 474: 52/400
Job 474: 53/400
Job 474: 54/400
Job 474: 55/400
Job 474: 56/400
Job 474: 57/400
Job 474: 58/400
Job 474: 59/400
Job 474: 60/400
Job 474: 61/400
Job 474: 62/400
Job 474: 63/400
Job 474: 64/400
Job 474: 65/400
Job 474: 66/400
Job 474: 67/400
Job 474: 68/400
Job 474: 69/400
Job 474: 70/400
Job 474: 71/400
Job 474: 72/400
Job 474: 73/400
Job 474: 74/400
Job 474: 75/400
Job 474: 76/400
Job 474: 77/400
Job 474: 78/400
Job 474: 79/400
Job 474: 80/400
Job 474: 81/400
Job 474: 82/400
Job 474: 83/400
Job 474: 84/400
Job 474: 85/400
Job 474: 86/400
Job 474: 87/400
Job 474: 88/400
Job 474: 89/400
Job 474: 90/400
Job 474: 91/400
Job 474: 92/400
Job 474: 93/400
Job 474: 94/400
Job 474: 95/400
Job 474: 96/400
Job 474: 97/400
Job 474: 98/400
Job 474: 99/400
Job 474: 100/400
Job 474: 101/400
Job 474: 102/400
Job 474: 103/400
Job 474: 104/400
Job 474: 105/400
Job 474: 106/400
Job 474: 107/400
Job 474: 108/400
Job 474: 109/400
Job 474: 110/400
Job 474: 111/400
Job 474: 112/400
Job 474: 113/400
Job 474: 114/400
Job 474: 115/400
Job 474: 116/400
Job 474: 117/400
Job 474: 118/400
Job 474: 119/400
Job 474: 120/400
Job 474: 121/400
Job 474: 122/400
Job 474: 123/400
Job 474: 124/400
Job 474: 125/400
Job 474: 126/400
Job 474: 127/400
Job 474: 128/400
Job 474: 129/400
Job 474: 130/400
Job 474: 131/400
Job 474: 132/400
Job 474: 133/400
Job 474: 134/400
Job 474: 135/400
Job 474: 136/400
Job 474: 137/400
Job 474: 138/400
Job 474: 139/400
Job 474: 140/400
Job 474: 141/400
Job 474: 142/400
Job 474: 143/400
Job 474: 144/400
Job 474: 145/400
Job 474: 146/400
Job 474: 147/400
Job 474: 148/400
Job 474: 149/400
Job 474: 150/400
Job 474: 151/400
Job 474: 152/400
Job 474: 153/400
Job 474: 154/400
Job 474: 155/400
Job 474: 156/400
Job 474: 157/400
Job 474: 158/400
Job 474: 159/400
Job 474: 160/400
Job 474: 161/400
Job 474: 162/400
Job 474: 163/400
Job 474: 164/400
Job 474: 165/400
Job 474: 166/400
Job 474: 167/400
Job 474: 168/400
Job 474: 169/400
Job 474: 170/400
Job 474: 171/400
Job 474: 172/400
Job 474: 173/400
Job 474: 174/400
Job 474: 175/400
Job 474: 176/400
Job 474: 177/400
Job 474: 178/400
Job 474: 179/400
Job 474: 180/400
Job 474: 181/400
Job 474: 182/400
Job 474: 183/400
Job 474: 184/400
Job 474: 185/400
Job 474: 186/400
Job 474: 187/400
Job 474: 188/400
Job 474: 189/400
Job 474: 190/400
Job 474: 191/400
Job 474: 192/400
Job 474: 193/400
Job 474: 194/400
Job 474: 195/400
Job 474: 196/400
Job 474: 197/400
Job 474: 198/400
Job 474: 199/400
Job 474: 200/400
Job 474: 201/400
Job 474: 202/400
Job 474: 203/400
Job 474: 204/400
Job 474: 205/400
Job 474: 206/400
Job 474: 207/400
Job 474: 208/400
Job 474: 209/400
Job 474: 210/400
Job 474: 211/400
Job 474: 212/400
Job 474: 213/400
Job 474: 214/400
Job 474: 215/400
Job 474: 216/400
Job 474: 217/400
Job 474: 218/400
Job 474: 219/400
Job 474: 220/400
Job 474: 221/400
Job 474: 222/400
Job 474: 223/400
Job 474: 224/400
Job 474: 225/400
Job 474: 226/400
Job 474: 227/400
Job 474: 228/400
Job 474: 229/400
Job 474: 230/400
Job 474: 231/400
Job 474: 232/400
Job 474: 233/400
Job 474: 234/400
Job 474: 235/400
Job 474: 236/400
Job 474: 237/400
Job 474: 238/400
Job 474: 239/400
Job 474: 240/400
Job 474: 241/400
Job 474: 242/400
Job 474: 243/400
Job 474: 244/400
Job 474: 245/400
Job 474: 246/400
Job 474: 247/400
Job 474: 248/400
Job 474: 249/400
Job 474: 250/400
Job 474: 251/400
Job 474: 252/400
Job 474: 253/400
Job 474: 254/400
Job 474: 255/400
Job 474: 256/400
Job 474: 257/400
Job 474: 258/400
Job 474: 259/400
Job 474: 260/400
Job 474: 261/400
Job 474: 262/400
Job 474: 263/400
Job 474: 264/400
Job 474: 265/400
Job 474: 266/400
Job 474: 267/400
Job 474: 268/400
Job 474: 269/400
Job 474: 270/400
Job 474: 271/400
Job 474: 272/400
Job 474: 273/400
Job 474: 274/400
Job 474: 275/400
Job 474: 276/400
Job 474: 277/400
Job 474: 278/400
Job 474: 279/400
Job 474: 280/400
Job 474: 281/400
Job 474: 282/400
Job 474: 283/400
Job 474: 284/400
Job 474: 285/400
Job 474: 286/400
Job 474: 287/400
Job 474: 288/400
Job 474: 289/400
Job 474: 290/400
Job 474: 291/400
Job 474: 292/400
Job 474: 293/400
Job 474: 294/400
Job 474: 295/400
Job 474: 296/400
Job 474: 297/400
Job 474: 298/400
Job 474: 299/400
Job 474: 300/400
Job 474: 301/400
Job 474: 302/400
Job 474: 303/400
Job 474: 304/400
Job 474: 305/400
Job 474: 306/400
Job 474: 307/400
Job 474: 308/400
Job 474: 309/400
Job 474: 310/400
Job 474: 311/400
Job 474: 312/400
Job 474: 313/400
Job 474: 314/400
Job 474: 315/400
Job 474: 316/400
Job 474: 317/400
Job 474: 318/400
Job 474: 319/400
Job 474: 320/400
Job 474: 321/400
Job 474: 322/400
Job 474: 323/400
Job 474: 324/400
Job 474: 325/400
Job 474: 326/400
Job 474: 327/400
Job 474: 328/400
Job 474: 329/400
Job 474: 330/400
Job 474: 331/400
Job 474: 332/400
Job 474: 333/400
Job 474: 334/400
Job 474: 335/400
Job 474: 336/400
Job 474: 337/400
Job 474: 338/400
Job 474: 339/400
Job 474: 340/400
Job 474: 341/400
Job 474: 342/400
Job 474: 343/400
Job 474: 344/400
Job 474: 345/400
Job 474: 346/400
Job 474: 347/400
Job 474: 348/400
Job 474: 349/400
Job 474: 350/400
Job 474: 351/400
Job 474: 352/400
Job 474: 353/400
Job 474: 354/400
Job 474: 355/400
Job 474: 356/400
Job 474: 357/400
Job 474: 358/400
Job 474: 359/400
Job 474: 360/400
Job 474: 361/400
Job 474: 362/400
Job 474: 363/400
Job 474: 364/400
Job 474: 365/400
Job 474: 366/400
Job 474: 367/400
Job 474: 368/400
Job 474: 369/400
Job 474: 370/400
Job 474: 371/400
Job 474: 372/400
Job 474: 373/400
Job 474: 374/400
Job 474: 375/400
Job 474: 376/400
Job 474: 377/400
Job 474: 378/400
Job 474: 379/400
Job 474: 380/400
Job 474: 381/400
Job 474: 382/400
Job 474: 383/400
Job 474: 384/400
Job 474: 385/400
Job 474: 386/400
Job 474: 387/400
Job 474: 388/400
Job 474: 389/400
Job 474: 390/400
Job 474: 391/400
Job 474: 392/400
Job 474: 393/400
Job 474: 394/400
Job 474: 395/400
Job 474: 396/400
Job 474: 397/400
Job 474: 398/400
Job 474: 399/400
Job 474: 400/400
