Registered S3 methods overwritten by 'susieSlide':
  method              from  
  coef.susie          susieR
  predict.susie       susieR
  print.summary.susie susieR
  summary.susie       susieR
Job 581: 1/400
Job 581: 2/400
Job 581: 3/400
Job 581: 4/400
Job 581: 5/400
Job 581: 6/400
Job 581: 7/400
Job 581: 8/400
Job 581: 9/400
Job 581: 10/400
Job 581: 11/400
Job 581: 12/400
Job 581: 13/400
Job 581: 14/400
Job 581: 15/400
Job 581: 16/400
Job 581: 17/400
Job 581: 18/400
Job 581: 19/400
Job 581: 20/400
Job 581: 21/400
Job 581: 22/400
Job 581: 23/400
Job 581: 24/400
Job 581: 25/400
Job 581: 26/400
Job 581: 27/400
Job 581: 28/400
Job 581: 29/400
Job 581: 30/400
Job 581: 31/400
Job 581: 32/400
Job 581: 33/400
Job 581: 34/400
Job 581: 35/400
Job 581: 36/400
Job 581: 37/400
Job 581: 38/400
Job 581: 39/400
Job 581: 40/400
Job 581: 41/400
Job 581: 42/400
Job 581: 43/400
Job 581: 44/400
Job 581: 45/400
Job 581: 46/400
Job 581: 47/400
Job 581: 48/400
Job 581: 49/400
Job 581: 50/400
Job 581: 51/400
Job 581: 52/400
Job 581: 53/400
Job 581: 54/400
Job 581: 55/400
Job 581: 56/400
Job 581: 57/400
Job 581: 58/400
Job 581: 59/400
Job 581: 60/400
Job 581: 61/400
Job 581: 62/400
Job 581: 63/400
Job 581: 64/400
Job 581: 65/400
Job 581: 66/400
Job 581: 67/400
Job 581: 68/400
Job 581: 69/400
Job 581: 70/400
Job 581: 71/400
Job 581: 72/400
Job 581: 73/400
Job 581: 74/400
Job 581: 75/400
Job 581: 76/400
Job 581: 77/400
Job 581: 78/400
Job 581: 79/400
Job 581: 80/400
Job 581: 81/400
Job 581: 82/400
Job 581: 83/400
Job 581: 84/400
Job 581: 85/400
Job 581: 86/400
Job 581: 87/400
Job 581: 88/400
Job 581: 89/400
Job 581: 90/400
Job 581: 91/400
Job 581: 92/400
Job 581: 93/400
Job 581: 94/400
Job 581: 95/400
Job 581: 96/400
Job 581: 97/400
Job 581: 98/400
Job 581: 99/400
Job 581: 100/400
Job 581: 101/400
Job 581: 102/400
Job 581: 103/400
Job 581: 104/400
Job 581: 105/400
Job 581: 106/400
Job 581: 107/400
Job 581: 108/400
Job 581: 109/400
Job 581: 110/400
Job 581: 111/400
Job 581: 112/400
Job 581: 113/400
Job 581: 114/400
Job 581: 115/400
Job 581: 116/400
Job 581: 117/400
Job 581: 118/400
Job 581: 119/400
Job 581: 120/400
Job 581: 121/400
Job 581: 122/400
Job 581: 123/400
Job 581: 124/400
Job 581: 125/400
Job 581: 126/400
Job 581: 127/400
Job 581: 128/400
Job 581: 129/400
Job 581: 130/400
Job 581: 131/400
Job 581: 132/400
Job 581: 133/400
Job 581: 134/400
Job 581: 135/400
Job 581: 136/400
Job 581: 137/400
Job 581: 138/400
Job 581: 139/400
Job 581: 140/400
Job 581: 141/400
Job 581: 142/400
Job 581: 143/400
Job 581: 144/400
Job 581: 145/400
Job 581: 146/400
Job 581: 147/400
Job 581: 148/400
Job 581: 149/400
Job 581: 150/400
Job 581: 151/400
Job 581: 152/400
Job 581: 153/400
Job 581: 154/400
Job 581: 155/400
Job 581: 156/400
Job 581: 157/400
Job 581: 158/400
Job 581: 159/400
Job 581: 160/400
Job 581: 161/400
Job 581: 162/400
Job 581: 163/400
Job 581: 164/400
Job 581: 165/400
Job 581: 166/400
Job 581: 167/400
Job 581: 168/400
Job 581: 169/400
Job 581: 170/400
Job 581: 171/400
Job 581: 172/400
Job 581: 173/400
Job 581: 174/400
Job 581: 175/400
Job 581: 176/400
Job 581: 177/400
Job 581: 178/400
Job 581: 179/400
Job 581: 180/400
Job 581: 181/400
Job 581: 182/400
Job 581: 183/400
Job 581: 184/400
Job 581: 185/400
Job 581: 186/400
Job 581: 187/400
Job 581: 188/400
Job 581: 189/400
Job 581: 190/400
Job 581: 191/400
Job 581: 192/400
Job 581: 193/400
Job 581: 194/400
Job 581: 195/400
Job 581: 196/400
Job 581: 197/400
Job 581: 198/400
Job 581: 199/400
Job 581: 200/400
Job 581: 201/400
Job 581: 202/400
Job 581: 203/400
Job 581: 204/400
Job 581: 205/400
Job 581: 206/400
Job 581: 207/400
Job 581: 208/400
Job 581: 209/400
Job 581: 210/400
Job 581: 211/400
Job 581: 212/400
Job 581: 213/400
Job 581: 214/400
Job 581: 215/400
Job 581: 216/400
Job 581: 217/400
Job 581: 218/400
Job 581: 219/400
Job 581: 220/400
Job 581: 221/400
Job 581: 222/400
Job 581: 223/400
Job 581: 224/400
Job 581: 225/400
Job 581: 226/400
Job 581: 227/400
Job 581: 228/400
Job 581: 229/400
Job 581: 230/400
Job 581: 231/400
Job 581: 232/400
Job 581: 233/400
Job 581: 234/400
Job 581: 235/400
Job 581: 236/400
Job 581: 237/400
Job 581: 238/400
Job 581: 239/400
Job 581: 240/400
Job 581: 241/400
Job 581: 242/400
Job 581: 243/400
Job 581: 244/400
Job 581: 245/400
Job 581: 246/400
Job 581: 247/400
Job 581: 248/400
Job 581: 249/400
Job 581: 250/400
Job 581: 251/400
Job 581: 252/400
Job 581: 253/400
Job 581: 254/400
Job 581: 255/400
Job 581: 256/400
Job 581: 257/400
Job 581: 258/400
Job 581: 259/400
Job 581: 260/400
Job 581: 261/400
Job 581: 262/400
Job 581: 263/400
Job 581: 264/400
Job 581: 265/400
Job 581: 266/400
Job 581: 267/400
Job 581: 268/400
Job 581: 269/400
Job 581: 270/400
Job 581: 271/400
Job 581: 272/400
Job 581: 273/400
Job 581: 274/400
Job 581: 275/400
Job 581: 276/400
Job 581: 277/400
Job 581: 278/400
Job 581: 279/400
Job 581: 280/400
Job 581: 281/400
Job 581: 282/400
Job 581: 283/400
Job 581: 284/400
Job 581: 285/400
Job 581: 286/400
Job 581: 287/400
Job 581: 288/400
Job 581: 289/400
Job 581: 290/400
Job 581: 291/400
Job 581: 292/400
Job 581: 293/400
Job 581: 294/400
Job 581: 295/400
Job 581: 296/400
Job 581: 297/400
Job 581: 298/400
Job 581: 299/400
Job 581: 300/400
Job 581: 301/400
Job 581: 302/400
Job 581: 303/400
Job 581: 304/400
Job 581: 305/400
Job 581: 306/400
Job 581: 307/400
Job 581: 308/400
Job 581: 309/400
Job 581: 310/400
Job 581: 311/400
Job 581: 312/400
Job 581: 313/400
Job 581: 314/400
Job 581: 315/400
Job 581: 316/400
Job 581: 317/400
Job 581: 318/400
Job 581: 319/400
Job 581: 320/400
Job 581: 321/400
Job 581: 322/400
Job 581: 323/400
Job 581: 324/400
Job 581: 325/400
Job 581: 326/400
Job 581: 327/400
Job 581: 328/400
Job 581: 329/400
Job 581: 330/400
Job 581: 331/400
Job 581: 332/400
Job 581: 333/400
Job 581: 334/400
Job 581: 335/400
Job 581: 336/400
Job 581: 337/400
Job 581: 338/400
Job 581: 339/400
Job 581: 340/400
Job 581: 341/400
Job 581: 342/400
Job 581: 343/400
Job 581: 344/400
Job 581: 345/400
Job 581: 346/400
Job 581: 347/400
Job 581: 348/400
Job 581: 349/400
Job 581: 350/400
Job 581: 351/400
Job 581: 352/400
Job 581: 353/400
Job 581: 354/400
Job 581: 355/400
Job 581: 356/400
Job 581: 357/400
Job 581: 358/400
Job 581: 359/400
Job 581: 360/400
Job 581: 361/400
Job 581: 362/400
Job 581: 363/400
Job 581: 364/400
Job 581: 365/400
Job 581: 366/400
Job 581: 367/400
Job 581: 368/400
Job 581: 369/400
Job 581: 370/400
Job 581: 371/400
Job 581: 372/400
Job 581: 373/400
Job 581: 374/400
Job 581: 375/400
Job 581: 376/400
Job 581: 377/400
Job 581: 378/400
Job 581: 379/400
Job 581: 380/400
Job 581: 381/400
Job 581: 382/400
Job 581: 383/400
Job 581: 384/400
Job 581: 385/400
Job 581: 386/400
Job 581: 387/400
Job 581: 388/400
Job 581: 389/400
Job 581: 390/400
Job 581: 391/400
Job 581: 392/400
Job 581: 393/400
Job 581: 394/400
Job 581: 395/400
Job 581: 396/400
Job 581: 397/400
Job 581: 398/400
Job 581: 399/400
Job 581: 400/400
