Registered S3 methods overwritten by 'susieSlide':
  method              from  
  coef.susie          susieR
  predict.susie       susieR
  print.summary.susie susieR
  summary.susie       susieR
Job 105: 1/400
Job 105: 2/400
Job 105: 3/400
Job 105: 4/400
Job 105: 5/400
Job 105: 6/400
Job 105: 7/400
Job 105: 8/400
Job 105: 9/400
Job 105: 10/400
Job 105: 11/400
Job 105: 12/400
Job 105: 13/400
Job 105: 14/400
Job 105: 15/400
Job 105: 16/400
Job 105: 17/400
Job 105: 18/400
Job 105: 19/400
Job 105: 20/400
Job 105: 21/400
Job 105: 22/400
Job 105: 23/400
Job 105: 24/400
Job 105: 25/400
Job 105: 26/400
Job 105: 27/400
Job 105: 28/400
Job 105: 29/400
Job 105: 30/400
Job 105: 31/400
Job 105: 32/400
Job 105: 33/400
Job 105: 34/400
Job 105: 35/400
Job 105: 36/400
Job 105: 37/400
Job 105: 38/400
Job 105: 39/400
Job 105: 40/400
Job 105: 41/400
Job 105: 42/400
Job 105: 43/400
Job 105: 44/400
Job 105: 45/400
Job 105: 46/400
Job 105: 47/400
Job 105: 48/400
Job 105: 49/400
Job 105: 50/400
Job 105: 51/400
Job 105: 52/400
Job 105: 53/400
Job 105: 54/400
Job 105: 55/400
Job 105: 56/400
Job 105: 57/400
Job 105: 58/400
Job 105: 59/400
Job 105: 60/400
Job 105: 61/400
Job 105: 62/400
Job 105: 63/400
Job 105: 64/400
Job 105: 65/400
Job 105: 66/400
Job 105: 67/400
Job 105: 68/400
Job 105: 69/400
Job 105: 70/400
Job 105: 71/400
Job 105: 72/400
Job 105: 73/400
Job 105: 74/400
Job 105: 75/400
Job 105: 76/400
Job 105: 77/400
Job 105: 78/400
Job 105: 79/400
Job 105: 80/400
Job 105: 81/400
Job 105: 82/400
Job 105: 83/400
Job 105: 84/400
Job 105: 85/400
Job 105: 86/400
Job 105: 87/400
Job 105: 88/400
Job 105: 89/400
Job 105: 90/400
Job 105: 91/400
Job 105: 92/400
Job 105: 93/400
Job 105: 94/400
Job 105: 95/400
Job 105: 96/400
Job 105: 97/400
Job 105: 98/400
Job 105: 99/400
Job 105: 100/400
Job 105: 101/400
Job 105: 102/400
Job 105: 103/400
Job 105: 104/400
Job 105: 105/400
Job 105: 106/400
Job 105: 107/400
Job 105: 108/400
Job 105: 109/400
Job 105: 110/400
Job 105: 111/400
Job 105: 112/400
Job 105: 113/400
Job 105: 114/400
Job 105: 115/400
Job 105: 116/400
Job 105: 117/400
Job 105: 118/400
Job 105: 119/400
Job 105: 120/400
Job 105: 121/400
Job 105: 122/400
Job 105: 123/400
Job 105: 124/400
Job 105: 125/400
Job 105: 126/400
Job 105: 127/400
Job 105: 128/400
Job 105: 129/400
Job 105: 130/400
Job 105: 131/400
Job 105: 132/400
Job 105: 133/400
Job 105: 134/400
Job 105: 135/400
Job 105: 136/400
Job 105: 137/400
Job 105: 138/400
Job 105: 139/400
Job 105: 140/400
Job 105: 141/400
Job 105: 142/400
Job 105: 143/400
Job 105: 144/400
Job 105: 145/400
Job 105: 146/400
Job 105: 147/400
Job 105: 148/400
Job 105: 149/400
Job 105: 150/400
Job 105: 151/400
Job 105: 152/400
Job 105: 153/400
Job 105: 154/400
Job 105: 155/400
Job 105: 156/400
Job 105: 157/400
Job 105: 158/400
Job 105: 159/400
Job 105: 160/400
Job 105: 161/400
Job 105: 162/400
Job 105: 163/400
Job 105: 164/400
Job 105: 165/400
Job 105: 166/400
Job 105: 167/400
Job 105: 168/400
Job 105: 169/400
Job 105: 170/400
Job 105: 171/400
Job 105: 172/400
Job 105: 173/400
Job 105: 174/400
Job 105: 175/400
Job 105: 176/400
Job 105: 177/400
Job 105: 178/400
Job 105: 179/400
Job 105: 180/400
Job 105: 181/400
Job 105: 182/400
Job 105: 183/400
Job 105: 184/400
Job 105: 185/400
Job 105: 186/400
Job 105: 187/400
Job 105: 188/400
Job 105: 189/400
Job 105: 190/400
Job 105: 191/400
Job 105: 192/400
Job 105: 193/400
Job 105: 194/400
Job 105: 195/400
Job 105: 196/400
Job 105: 197/400
Job 105: 198/400
Job 105: 199/400
Job 105: 200/400
Job 105: 201/400
Job 105: 202/400
Job 105: 203/400
Job 105: 204/400
Job 105: 205/400
Job 105: 206/400
Job 105: 207/400
Job 105: 208/400
Job 105: 209/400
Job 105: 210/400
Job 105: 211/400
Job 105: 212/400
Job 105: 213/400
Job 105: 214/400
Job 105: 215/400
Job 105: 216/400
Job 105: 217/400
Job 105: 218/400
Job 105: 219/400
Job 105: 220/400
Job 105: 221/400
Job 105: 222/400
Job 105: 223/400
Job 105: 224/400
Job 105: 225/400
Job 105: 226/400
Job 105: 227/400
Job 105: 228/400
Job 105: 229/400
Job 105: 230/400
Job 105: 231/400
Job 105: 232/400
Job 105: 233/400
Job 105: 234/400
Job 105: 235/400
Job 105: 236/400
Job 105: 237/400
Job 105: 238/400
Job 105: 239/400
Job 105: 240/400
Job 105: 241/400
Job 105: 242/400
Job 105: 243/400
Job 105: 244/400
Job 105: 245/400
Job 105: 246/400
Job 105: 247/400
Job 105: 248/400
Job 105: 249/400
Job 105: 250/400
Job 105: 251/400
Job 105: 252/400
Job 105: 253/400
Job 105: 254/400
Job 105: 255/400
Job 105: 256/400
Job 105: 257/400
Job 105: 258/400
Job 105: 259/400
Job 105: 260/400
Job 105: 261/400
Job 105: 262/400
Job 105: 263/400
Job 105: 264/400
Job 105: 265/400
Job 105: 266/400
Job 105: 267/400
Job 105: 268/400
Job 105: 269/400
Job 105: 270/400
Job 105: 271/400
Job 105: 272/400
Job 105: 273/400
Job 105: 274/400
Job 105: 275/400
Job 105: 276/400
Job 105: 277/400
Job 105: 278/400
Job 105: 279/400
Job 105: 280/400
Job 105: 281/400
Job 105: 282/400
Job 105: 283/400
Job 105: 284/400
Job 105: 285/400
Job 105: 286/400
Job 105: 287/400
Job 105: 288/400
Job 105: 289/400
Job 105: 290/400
Job 105: 291/400
Job 105: 292/400
Job 105: 293/400
Job 105: 294/400
Job 105: 295/400
Job 105: 296/400
Job 105: 297/400
Job 105: 298/400
Job 105: 299/400
Job 105: 300/400
Job 105: 301/400
Job 105: 302/400
Job 105: 303/400
Job 105: 304/400
Job 105: 305/400
Job 105: 306/400
Job 105: 307/400
Job 105: 308/400
Job 105: 309/400
Job 105: 310/400
Job 105: 311/400
Job 105: 312/400
Job 105: 313/400
Job 105: 314/400
Job 105: 315/400
Job 105: 316/400
Job 105: 317/400
Job 105: 318/400
Job 105: 319/400
Job 105: 320/400
Job 105: 321/400
Job 105: 322/400
Job 105: 323/400
Job 105: 324/400
Job 105: 325/400
Job 105: 326/400
Job 105: 327/400
Job 105: 328/400
Job 105: 329/400
Job 105: 330/400
Job 105: 331/400
Job 105: 332/400
Job 105: 333/400
Job 105: 334/400
Job 105: 335/400
Job 105: 336/400
Job 105: 337/400
Job 105: 338/400
Job 105: 339/400
Job 105: 340/400
Job 105: 341/400
Job 105: 342/400
Job 105: 343/400
Job 105: 344/400
Job 105: 345/400
Job 105: 346/400
Job 105: 347/400
Job 105: 348/400
Job 105: 349/400
Job 105: 350/400
Job 105: 351/400
Job 105: 352/400
Job 105: 353/400
Job 105: 354/400
Job 105: 355/400
Job 105: 356/400
Job 105: 357/400
Job 105: 358/400
Job 105: 359/400
Job 105: 360/400
Job 105: 361/400
Job 105: 362/400
Job 105: 363/400
Job 105: 364/400
Job 105: 365/400
Job 105: 366/400
Job 105: 367/400
Job 105: 368/400
Job 105: 369/400
Job 105: 370/400
Job 105: 371/400
Job 105: 372/400
Job 105: 373/400
Job 105: 374/400
Job 105: 375/400
Job 105: 376/400
Job 105: 377/400
Job 105: 378/400
Job 105: 379/400
Job 105: 380/400
Job 105: 381/400
Job 105: 382/400
Job 105: 383/400
Job 105: 384/400
Job 105: 385/400
Job 105: 386/400
Job 105: 387/400
Job 105: 388/400
Job 105: 389/400
Job 105: 390/400
Job 105: 391/400
Job 105: 392/400
Job 105: 393/400
Job 105: 394/400
Job 105: 395/400
Job 105: 396/400
Job 105: 397/400
Job 105: 398/400
Job 105: 399/400
Job 105: 400/400
