Registered S3 methods overwritten by 'susieSlide':
  method              from  
  coef.susie          susieR
  predict.susie       susieR
  print.summary.susie susieR
  summary.susie       susieR
Job 17: 1/400
Job 17: 2/400
Job 17: 3/400
Job 17: 4/400
Job 17: 5/400
Job 17: 6/400
Job 17: 7/400
Job 17: 8/400
Job 17: 9/400
Job 17: 10/400
Job 17: 11/400
Job 17: 12/400
Job 17: 13/400
Job 17: 14/400
Job 17: 15/400
Job 17: 16/400
Job 17: 17/400
Job 17: 18/400
Job 17: 19/400
Job 17: 20/400
Job 17: 21/400
Job 17: 22/400
Job 17: 23/400
Job 17: 24/400
Job 17: 25/400
Job 17: 26/400
Job 17: 27/400
Job 17: 28/400
Job 17: 29/400
Job 17: 30/400
Job 17: 31/400
Job 17: 32/400
Job 17: 33/400
Job 17: 34/400
Job 17: 35/400
Job 17: 36/400
Job 17: 37/400
Job 17: 38/400
Job 17: 39/400
Job 17: 40/400
Job 17: 41/400
Job 17: 42/400
Job 17: 43/400
Job 17: 44/400
Job 17: 45/400
Job 17: 46/400
Job 17: 47/400
Job 17: 48/400
Job 17: 49/400
Job 17: 50/400
Job 17: 51/400
Job 17: 52/400
Job 17: 53/400
Job 17: 54/400
Job 17: 55/400
Job 17: 56/400
Job 17: 57/400
Job 17: 58/400
Job 17: 59/400
Job 17: 60/400
Job 17: 61/400
Job 17: 62/400
Job 17: 63/400
Job 17: 64/400
Job 17: 65/400
Job 17: 66/400
Job 17: 67/400
Job 17: 68/400
Job 17: 69/400
Job 17: 70/400
Job 17: 71/400
Job 17: 72/400
Job 17: 73/400
Job 17: 74/400
Job 17: 75/400
Job 17: 76/400
Job 17: 77/400
Job 17: 78/400
Job 17: 79/400
Job 17: 80/400
Job 17: 81/400
Job 17: 82/400
Job 17: 83/400
Job 17: 84/400
Job 17: 85/400
Job 17: 86/400
Job 17: 87/400
Job 17: 88/400
Job 17: 89/400
Job 17: 90/400
Job 17: 91/400
Job 17: 92/400
Job 17: 93/400
Job 17: 94/400
Job 17: 95/400
Job 17: 96/400
Job 17: 97/400
Job 17: 98/400
Job 17: 99/400
Job 17: 100/400
Job 17: 101/400
Job 17: 102/400
Job 17: 103/400
Job 17: 104/400
Job 17: 105/400
Job 17: 106/400
Job 17: 107/400
Job 17: 108/400
Job 17: 109/400
Job 17: 110/400
Job 17: 111/400
Job 17: 112/400
Job 17: 113/400
Job 17: 114/400
Job 17: 115/400
Job 17: 116/400
Job 17: 117/400
Job 17: 118/400
Job 17: 119/400
Job 17: 120/400
Job 17: 121/400
Job 17: 122/400
Job 17: 123/400
Job 17: 124/400
Job 17: 125/400
Job 17: 126/400
Job 17: 127/400
Job 17: 128/400
Job 17: 129/400
Job 17: 130/400
Job 17: 131/400
Job 17: 132/400
Job 17: 133/400
Job 17: 134/400
Job 17: 135/400
Job 17: 136/400
Job 17: 137/400
Job 17: 138/400
Job 17: 139/400
Job 17: 140/400
Job 17: 141/400
Job 17: 142/400
Job 17: 143/400
Job 17: 144/400
Job 17: 145/400
Job 17: 146/400
Job 17: 147/400
Job 17: 148/400
Job 17: 149/400
Job 17: 150/400
Job 17: 151/400
Job 17: 152/400
Job 17: 153/400
Job 17: 154/400
Job 17: 155/400
Job 17: 156/400
Job 17: 157/400
Job 17: 158/400
Job 17: 159/400
Job 17: 160/400
Job 17: 161/400
Job 17: 162/400
Job 17: 163/400
Job 17: 164/400
Job 17: 165/400
Job 17: 166/400
Job 17: 167/400
Job 17: 168/400
Job 17: 169/400
Job 17: 170/400
Job 17: 171/400
Job 17: 172/400
Job 17: 173/400
Job 17: 174/400
Job 17: 175/400
Job 17: 176/400
Job 17: 177/400
Job 17: 178/400
Job 17: 179/400
Job 17: 180/400
Job 17: 181/400
Job 17: 182/400
Job 17: 183/400
Job 17: 184/400
Job 17: 185/400
Job 17: 186/400
Job 17: 187/400
Job 17: 188/400
Job 17: 189/400
Job 17: 190/400
Job 17: 191/400
Job 17: 192/400
Job 17: 193/400
Job 17: 194/400
Job 17: 195/400
Job 17: 196/400
Job 17: 197/400
Job 17: 198/400
Job 17: 199/400
Job 17: 200/400
Job 17: 201/400
Job 17: 202/400
Job 17: 203/400
Job 17: 204/400
Job 17: 205/400
Job 17: 206/400
Job 17: 207/400
Job 17: 208/400
Job 17: 209/400
Job 17: 210/400
Job 17: 211/400
Job 17: 212/400
Job 17: 213/400
Job 17: 214/400
Job 17: 215/400
Job 17: 216/400
Job 17: 217/400
Job 17: 218/400
Job 17: 219/400
Job 17: 220/400
Job 17: 221/400
Job 17: 222/400
Job 17: 223/400
Job 17: 224/400
Job 17: 225/400
Job 17: 226/400
Job 17: 227/400
Job 17: 228/400
Job 17: 229/400
Job 17: 230/400
Job 17: 231/400
Job 17: 232/400
Job 17: 233/400
Job 17: 234/400
Job 17: 235/400
Job 17: 236/400
Job 17: 237/400
Job 17: 238/400
Job 17: 239/400
Job 17: 240/400
Job 17: 241/400
Job 17: 242/400
Job 17: 243/400
Job 17: 244/400
Job 17: 245/400
Job 17: 246/400
Job 17: 247/400
Job 17: 248/400
Job 17: 249/400
Job 17: 250/400
Job 17: 251/400
Job 17: 252/400
Job 17: 253/400
Job 17: 254/400
Job 17: 255/400
Job 17: 256/400
Job 17: 257/400
Job 17: 258/400
Job 17: 259/400
Job 17: 260/400
Job 17: 261/400
Job 17: 262/400
Job 17: 263/400
Job 17: 264/400
Job 17: 265/400
Job 17: 266/400
Job 17: 267/400
Job 17: 268/400
Job 17: 269/400
Job 17: 270/400
Job 17: 271/400
Job 17: 272/400
Job 17: 273/400
Job 17: 274/400
Job 17: 275/400
Job 17: 276/400
Job 17: 277/400
Job 17: 278/400
Job 17: 279/400
Job 17: 280/400
Job 17: 281/400
Job 17: 282/400
Job 17: 283/400
Job 17: 284/400
Job 17: 285/400
Job 17: 286/400
Job 17: 287/400
Job 17: 288/400
Job 17: 289/400
Job 17: 290/400
Job 17: 291/400
Job 17: 292/400
Job 17: 293/400
Job 17: 294/400
Job 17: 295/400
Job 17: 296/400
Job 17: 297/400
Job 17: 298/400
Job 17: 299/400
Job 17: 300/400
Job 17: 301/400
Job 17: 302/400
Job 17: 303/400
Job 17: 304/400
Job 17: 305/400
Job 17: 306/400
Job 17: 307/400
Job 17: 308/400
Job 17: 309/400
Job 17: 310/400
Job 17: 311/400
Job 17: 312/400
Job 17: 313/400
Job 17: 314/400
Job 17: 315/400
Job 17: 316/400
Job 17: 317/400
Job 17: 318/400
Job 17: 319/400
Job 17: 320/400
Job 17: 321/400
Job 17: 322/400
Job 17: 323/400
Job 17: 324/400
Job 17: 325/400
Job 17: 326/400
Job 17: 327/400
Job 17: 328/400
Job 17: 329/400
Job 17: 330/400
Job 17: 331/400
Job 17: 332/400
Job 17: 333/400
Job 17: 334/400
Job 17: 335/400
Job 17: 336/400
Job 17: 337/400
Job 17: 338/400
Job 17: 339/400
Job 17: 340/400
Job 17: 341/400
Job 17: 342/400
Job 17: 343/400
Job 17: 344/400
Job 17: 345/400
Job 17: 346/400
Job 17: 347/400
Job 17: 348/400
Job 17: 349/400
Job 17: 350/400
Job 17: 351/400
Job 17: 352/400
Job 17: 353/400
Job 17: 354/400
Job 17: 355/400
Job 17: 356/400
Job 17: 357/400
Job 17: 358/400
Job 17: 359/400
Job 17: 360/400
Job 17: 361/400
Job 17: 362/400
Job 17: 363/400
Job 17: 364/400
Job 17: 365/400
Job 17: 366/400
Job 17: 367/400
Job 17: 368/400
Job 17: 369/400
Job 17: 370/400
Job 17: 371/400
Job 17: 372/400
Job 17: 373/400
Job 17: 374/400
Job 17: 375/400
Job 17: 376/400
Job 17: 377/400
Job 17: 378/400
Job 17: 379/400
Job 17: 380/400
Job 17: 381/400
Job 17: 382/400
Job 17: 383/400
Job 17: 384/400
Job 17: 385/400
Job 17: 386/400
Job 17: 387/400
Job 17: 388/400
Job 17: 389/400
Job 17: 390/400
Job 17: 391/400
Job 17: 392/400
Job 17: 393/400
Job 17: 394/400
Job 17: 395/400
Job 17: 396/400
Job 17: 397/400
Job 17: 398/400
Job 17: 399/400
Job 17: 400/400
