Registered S3 methods overwritten by 'susieSlide':
  method              from  
  coef.susie          susieR
  predict.susie       susieR
  print.summary.susie susieR
  summary.susie       susieR
Job 219: 1/400
Job 219: 2/400
Job 219: 3/400
Job 219: 4/400
Job 219: 5/400
Job 219: 6/400
Job 219: 7/400
Job 219: 8/400
Job 219: 9/400
Job 219: 10/400
Job 219: 11/400
Job 219: 12/400
Job 219: 13/400
Job 219: 14/400
Job 219: 15/400
Job 219: 16/400
Job 219: 17/400
Job 219: 18/400
Job 219: 19/400
Job 219: 20/400
Job 219: 21/400
Job 219: 22/400
Job 219: 23/400
Job 219: 24/400
Job 219: 25/400
Job 219: 26/400
Job 219: 27/400
Job 219: 28/400
Job 219: 29/400
Job 219: 30/400
Job 219: 31/400
Job 219: 32/400
Job 219: 33/400
Job 219: 34/400
Job 219: 35/400
Job 219: 36/400
Job 219: 37/400
Job 219: 38/400
Job 219: 39/400
Job 219: 40/400
Job 219: 41/400
Job 219: 42/400
Job 219: 43/400
Job 219: 44/400
Job 219: 45/400
Job 219: 46/400
Job 219: 47/400
Job 219: 48/400
Job 219: 49/400
Job 219: 50/400
Job 219: 51/400
Job 219: 52/400
Job 219: 53/400
Job 219: 54/400
Job 219: 55/400
Job 219: 56/400
Job 219: 57/400
Job 219: 58/400
Job 219: 59/400
Job 219: 60/400
Job 219: 61/400
Job 219: 62/400
Job 219: 63/400
Job 219: 64/400
Job 219: 65/400
Job 219: 66/400
Job 219: 67/400
Job 219: 68/400
Job 219: 69/400
Job 219: 70/400
Job 219: 71/400
Job 219: 72/400
Job 219: 73/400
Job 219: 74/400
Job 219: 75/400
Job 219: 76/400
Job 219: 77/400
Job 219: 78/400
Job 219: 79/400
Job 219: 80/400
Job 219: 81/400
Job 219: 82/400
Job 219: 83/400
Job 219: 84/400
Job 219: 85/400
Job 219: 86/400
Job 219: 87/400
Job 219: 88/400
Job 219: 89/400
Job 219: 90/400
Job 219: 91/400
Job 219: 92/400
Job 219: 93/400
Job 219: 94/400
Job 219: 95/400
Job 219: 96/400
Job 219: 97/400
Job 219: 98/400
Job 219: 99/400
Job 219: 100/400
Job 219: 101/400
Job 219: 102/400
Job 219: 103/400
Job 219: 104/400
Job 219: 105/400
Job 219: 106/400
Job 219: 107/400
Job 219: 108/400
Job 219: 109/400
Job 219: 110/400
Job 219: 111/400
Job 219: 112/400
Job 219: 113/400
Job 219: 114/400
Job 219: 115/400
Job 219: 116/400
Job 219: 117/400
Job 219: 118/400
Job 219: 119/400
Job 219: 120/400
Job 219: 121/400
Job 219: 122/400
Job 219: 123/400
Job 219: 124/400
Job 219: 125/400
Job 219: 126/400
Job 219: 127/400
Job 219: 128/400
Job 219: 129/400
Job 219: 130/400
Job 219: 131/400
Job 219: 132/400
Job 219: 133/400
Job 219: 134/400
Job 219: 135/400
Job 219: 136/400
Job 219: 137/400
Job 219: 138/400
Job 219: 139/400
Job 219: 140/400
Job 219: 141/400
Job 219: 142/400
Job 219: 143/400
Job 219: 144/400
Job 219: 145/400
Job 219: 146/400
Job 219: 147/400
Job 219: 148/400
Job 219: 149/400
Job 219: 150/400
Job 219: 151/400
Job 219: 152/400
Job 219: 153/400
Job 219: 154/400
Job 219: 155/400
Job 219: 156/400
Job 219: 157/400
Job 219: 158/400
Job 219: 159/400
Job 219: 160/400
Job 219: 161/400
Job 219: 162/400
Job 219: 163/400
Job 219: 164/400
Job 219: 165/400
Job 219: 166/400
Job 219: 167/400
Job 219: 168/400
Job 219: 169/400
Job 219: 170/400
Job 219: 171/400
Job 219: 172/400
Job 219: 173/400
Job 219: 174/400
Job 219: 175/400
Job 219: 176/400
Job 219: 177/400
Job 219: 178/400
Job 219: 179/400
Job 219: 180/400
Job 219: 181/400
Job 219: 182/400
Job 219: 183/400
Job 219: 184/400
Job 219: 185/400
Job 219: 186/400
Job 219: 187/400
Job 219: 188/400
Job 219: 189/400
Job 219: 190/400
Job 219: 191/400
Job 219: 192/400
Job 219: 193/400
Job 219: 194/400
Job 219: 195/400
Job 219: 196/400
Job 219: 197/400
Job 219: 198/400
Job 219: 199/400
Job 219: 200/400
Job 219: 201/400
Job 219: 202/400
Job 219: 203/400
Job 219: 204/400
Job 219: 205/400
Job 219: 206/400
Job 219: 207/400
Job 219: 208/400
Job 219: 209/400
Job 219: 210/400
Job 219: 211/400
Job 219: 212/400
Job 219: 213/400
Job 219: 214/400
Job 219: 215/400
Job 219: 216/400
Job 219: 217/400
Job 219: 218/400
Job 219: 219/400
Job 219: 220/400
Job 219: 221/400
Job 219: 222/400
Job 219: 223/400
Job 219: 224/400
Job 219: 225/400
Job 219: 226/400
Job 219: 227/400
Job 219: 228/400
Job 219: 229/400
Job 219: 230/400
Job 219: 231/400
Job 219: 232/400
Job 219: 233/400
Job 219: 234/400
Job 219: 235/400
Job 219: 236/400
Job 219: 237/400
Job 219: 238/400
Job 219: 239/400
Job 219: 240/400
Job 219: 241/400
Job 219: 242/400
Job 219: 243/400
Job 219: 244/400
Job 219: 245/400
Job 219: 246/400
Job 219: 247/400
Job 219: 248/400
Job 219: 249/400
Job 219: 250/400
Job 219: 251/400
Job 219: 252/400
Job 219: 253/400
Job 219: 254/400
Job 219: 255/400
Job 219: 256/400
Job 219: 257/400
Job 219: 258/400
Job 219: 259/400
Job 219: 260/400
Job 219: 261/400
Job 219: 262/400
Job 219: 263/400
Job 219: 264/400
Job 219: 265/400
Job 219: 266/400
Job 219: 267/400
Job 219: 268/400
Job 219: 269/400
Job 219: 270/400
Job 219: 271/400
Job 219: 272/400
Job 219: 273/400
Job 219: 274/400
Job 219: 275/400
Job 219: 276/400
Job 219: 277/400
Job 219: 278/400
Job 219: 279/400
Job 219: 280/400
Job 219: 281/400
Job 219: 282/400
Job 219: 283/400
Job 219: 284/400
Job 219: 285/400
Job 219: 286/400
Job 219: 287/400
Job 219: 288/400
Job 219: 289/400
Job 219: 290/400
Job 219: 291/400
Job 219: 292/400
Job 219: 293/400
Job 219: 294/400
Job 219: 295/400
Job 219: 296/400
Job 219: 297/400
Job 219: 298/400
Job 219: 299/400
Job 219: 300/400
Job 219: 301/400
Job 219: 302/400
Job 219: 303/400
Job 219: 304/400
Job 219: 305/400
Job 219: 306/400
Job 219: 307/400
Job 219: 308/400
Job 219: 309/400
Job 219: 310/400
Job 219: 311/400
Job 219: 312/400
Job 219: 313/400
Job 219: 314/400
Job 219: 315/400
Job 219: 316/400
Job 219: 317/400
Job 219: 318/400
Job 219: 319/400
Job 219: 320/400
Job 219: 321/400
Job 219: 322/400
Job 219: 323/400
Job 219: 324/400
Job 219: 325/400
Job 219: 326/400
Job 219: 327/400
Job 219: 328/400
Job 219: 329/400
Job 219: 330/400
Job 219: 331/400
Job 219: 332/400
Job 219: 333/400
Job 219: 334/400
Job 219: 335/400
Job 219: 336/400
Job 219: 337/400
Job 219: 338/400
Job 219: 339/400
Job 219: 340/400
Job 219: 341/400
Job 219: 342/400
Job 219: 343/400
Job 219: 344/400
Job 219: 345/400
Job 219: 346/400
Job 219: 347/400
Job 219: 348/400
Job 219: 349/400
Job 219: 350/400
Job 219: 351/400
Job 219: 352/400
Job 219: 353/400
Job 219: 354/400
Job 219: 355/400
Job 219: 356/400
Job 219: 357/400
Job 219: 358/400
Job 219: 359/400
Job 219: 360/400
Job 219: 361/400
Job 219: 362/400
Job 219: 363/400
Job 219: 364/400
Job 219: 365/400
Job 219: 366/400
Job 219: 367/400
Job 219: 368/400
Job 219: 369/400
Job 219: 370/400
Job 219: 371/400
Job 219: 372/400
Job 219: 373/400
Job 219: 374/400
Job 219: 375/400
Job 219: 376/400
Job 219: 377/400
Job 219: 378/400
Job 219: 379/400
Job 219: 380/400
Job 219: 381/400
Job 219: 382/400
Job 219: 383/400
Job 219: 384/400
Job 219: 385/400
Job 219: 386/400
Job 219: 387/400
Job 219: 388/400
Job 219: 389/400
Job 219: 390/400
Job 219: 391/400
Job 219: 392/400
Job 219: 393/400
Job 219: 394/400
Job 219: 395/400
Job 219: 396/400
Job 219: 397/400
Job 219: 398/400
Job 219: 399/400
Job 219: 400/400
