Registered S3 methods overwritten by 'susieSlide':
  method              from  
  coef.susie          susieR
  predict.susie       susieR
  print.summary.susie susieR
  summary.susie       susieR
Job 652: 1/400
Job 652: 2/400
Job 652: 3/400
Job 652: 4/400
Job 652: 5/400
Job 652: 6/400
Job 652: 7/400
Job 652: 8/400
Job 652: 9/400
Job 652: 10/400
Job 652: 11/400
Job 652: 12/400
Job 652: 13/400
Job 652: 14/400
Job 652: 15/400
Job 652: 16/400
Job 652: 17/400
Job 652: 18/400
Job 652: 19/400
Job 652: 20/400
Job 652: 21/400 ERROR: No .raw files found in temp_dir.
Job 652: 22/400 ERROR: No .raw files found in temp_dir.
Job 652: 23/400 ERROR: No .raw files found in temp_dir.
Job 652: 24/400 ERROR: No .raw files found in temp_dir.
Job 652: 25/400 ERROR: No .raw files found in temp_dir.
Job 652: 26/400 ERROR: No .raw files found in temp_dir.
Job 652: 27/400 ERROR: No .raw files found in temp_dir.
Job 652: 28/400 ERROR: No .raw files found in temp_dir.
Job 652: 29/400 ERROR: No .raw files found in temp_dir.
Job 652: 30/400 ERROR: No .raw files found in temp_dir.
Job 652: 31/400 ERROR: No .raw files found in temp_dir.
Job 652: 32/400 ERROR: No .raw files found in temp_dir.
Job 652: 33/400 ERROR: No .raw files found in temp_dir.
Job 652: 34/400 ERROR: No .raw files found in temp_dir.
Job 652: 35/400 ERROR: No .raw files found in temp_dir.
Job 652: 36/400 ERROR: No .raw files found in temp_dir.
Job 652: 37/400 ERROR: No .raw files found in temp_dir.
Job 652: 38/400 ERROR: No .raw files found in temp_dir.
Job 652: 39/400 ERROR: No .raw files found in temp_dir.
Job 652: 40/400 ERROR: No .raw files found in temp_dir.
Job 652: 41/400 ERROR: No .raw files found in temp_dir.
Job 652: 42/400 ERROR: No .raw files found in temp_dir.
Job 652: 43/400 ERROR: No .raw files found in temp_dir.
Job 652: 44/400 ERROR: No .raw files found in temp_dir.
Job 652: 45/400 ERROR: No .raw files found in temp_dir.
Job 652: 46/400 ERROR: No .raw files found in temp_dir.
Job 652: 47/400 ERROR: No .raw files found in temp_dir.
Job 652: 48/400 ERROR: No .raw files found in temp_dir.
Job 652: 49/400 ERROR: No .raw files found in temp_dir.
Job 652: 50/400 ERROR: No .raw files found in temp_dir.
Job 652: 51/400 ERROR: No .raw files found in temp_dir.
Job 652: 52/400 ERROR: No .raw files found in temp_dir.
Job 652: 53/400 ERROR: No .raw files found in temp_dir.
Job 652: 54/400 ERROR: No .raw files found in temp_dir.
Job 652: 55/400 ERROR: No .raw files found in temp_dir.
Job 652: 56/400 ERROR: No .raw files found in temp_dir.
Job 652: 57/400 ERROR: No .raw files found in temp_dir.
Job 652: 58/400 ERROR: No .raw files found in temp_dir.
Job 652: 59/400 ERROR: No .raw files found in temp_dir.
Job 652: 60/400 ERROR: No .raw files found in temp_dir.
Job 652: 61/400 ERROR: No .raw files found in temp_dir.
Job 652: 62/400 ERROR: No .raw files found in temp_dir.
Job 652: 63/400 ERROR: No .raw files found in temp_dir.
Job 652: 64/400 ERROR: No .raw files found in temp_dir.
Job 652: 65/400 ERROR: No .raw files found in temp_dir.
Job 652: 66/400 ERROR: No .raw files found in temp_dir.
Job 652: 67/400 ERROR: No .raw files found in temp_dir.
Job 652: 68/400 ERROR: No .raw files found in temp_dir.
Job 652: 69/400 ERROR: No .raw files found in temp_dir.
Job 652: 70/400 ERROR: No .raw files found in temp_dir.
Job 652: 71/400 ERROR: No .raw files found in temp_dir.
Job 652: 72/400 ERROR: No .raw files found in temp_dir.
Job 652: 73/400 ERROR: No .raw files found in temp_dir.
Job 652: 74/400 ERROR: No .raw files found in temp_dir.
Job 652: 75/400 ERROR: No .raw files found in temp_dir.
Job 652: 76/400 ERROR: No .raw files found in temp_dir.
Job 652: 77/400 ERROR: No .raw files found in temp_dir.
Job 652: 78/400 ERROR: No .raw files found in temp_dir.
Job 652: 79/400 ERROR: No .raw files found in temp_dir.
Job 652: 80/400 ERROR: No .raw files found in temp_dir.
Job 652: 81/400 ERROR: No .raw files found in temp_dir.
Job 652: 82/400 ERROR: No .raw files found in temp_dir.
Job 652: 83/400 ERROR: No .raw files found in temp_dir.
Job 652: 84/400 ERROR: No .raw files found in temp_dir.
Job 652: 85/400 ERROR: No .raw files found in temp_dir.
Job 652: 86/400 ERROR: No .raw files found in temp_dir.
Job 652: 87/400 ERROR: No .raw files found in temp_dir.
Job 652: 88/400 ERROR: No .raw files found in temp_dir.
Job 652: 89/400 ERROR: No .raw files found in temp_dir.
Job 652: 90/400 ERROR: No .raw files found in temp_dir.
Job 652: 91/400 ERROR: No .raw files found in temp_dir.
Job 652: 92/400 ERROR: No .raw files found in temp_dir.
Job 652: 93/400 ERROR: No .raw files found in temp_dir.
Job 652: 94/400 ERROR: Not enough donors for the requested n.
Job 652: 95/400
Job 652: 96/400
Job 652: 97/400
Job 652: 98/400
Job 652: 99/400
Job 652: 100/400
Job 652: 101/400
Job 652: 102/400
Job 652: 103/400
Job 652: 104/400
Job 652: 105/400
Job 652: 106/400
Job 652: 107/400
Job 652: 108/400
Job 652: 109/400
Job 652: 110/400
Job 652: 111/400
Job 652: 112/400
Job 652: 113/400
Job 652: 114/400
Job 652: 115/400
Job 652: 116/400
Job 652: 117/400
Job 652: 118/400
Job 652: 119/400
Job 652: 120/400
Job 652: 121/400
Job 652: 122/400
Job 652: 123/400 ERROR: No .raw files found in temp_dir.
Job 652: 124/400 ERROR: No .raw files found in temp_dir.
Job 652: 125/400 ERROR: No .raw files found in temp_dir.
Job 652: 126/400 ERROR: No .raw files found in temp_dir.
Job 652: 127/400 ERROR: No .raw files found in temp_dir.
Job 652: 128/400 ERROR: No .raw files found in temp_dir.
Job 652: 129/400 ERROR: No .raw files found in temp_dir.
Job 652: 130/400 ERROR: No .raw files found in temp_dir.
Job 652: 131/400 ERROR: No .raw files found in temp_dir.
Job 652: 132/400 ERROR: No .raw files found in temp_dir.
Job 652: 133/400 ERROR: No .raw files found in temp_dir.
Job 652: 134/400 ERROR: No .raw files found in temp_dir.
Job 652: 135/400 ERROR: No .raw files found in temp_dir.
Job 652: 136/400 ERROR: No .raw files found in temp_dir.
Job 652: 137/400 ERROR: No .raw files found in temp_dir.
Job 652: 138/400 ERROR: No .raw files found in temp_dir.
Job 652: 139/400 ERROR: No .raw files found in temp_dir.
Job 652: 140/400 ERROR: No .raw files found in temp_dir.
Job 652: 141/400 ERROR: No .raw files found in temp_dir.
Job 652: 142/400 ERROR: No .raw files found in temp_dir.
Job 652: 143/400 ERROR: No .raw files found in temp_dir.
Job 652: 144/400 ERROR: No .raw files found in temp_dir.
Job 652: 145/400 ERROR: No .raw files found in temp_dir.
Job 652: 146/400 ERROR: No .raw files found in temp_dir.
Job 652: 147/400 ERROR: No .raw files found in temp_dir.
Job 652: 148/400 ERROR: No .raw files found in temp_dir.
Job 652: 149/400 ERROR: No .raw files found in temp_dir.
Job 652: 150/400 ERROR: No .raw files found in temp_dir.
Job 652: 151/400 ERROR: No .raw files found in temp_dir.
Job 652: 152/400 ERROR: No .raw files found in temp_dir.
Job 652: 153/400 ERROR: No .raw files found in temp_dir.
Job 652: 154/400 ERROR: No .raw files found in temp_dir.
Job 652: 155/400 ERROR: No .raw files found in temp_dir.
Job 652: 156/400 ERROR: No .raw files found in temp_dir.
Job 652: 157/400 ERROR: No .raw files found in temp_dir.
Job 652: 158/400 ERROR: No .raw files found in temp_dir.
Job 652: 159/400 ERROR: No .raw files found in temp_dir.
Job 652: 160/400 ERROR: No .raw files found in temp_dir.
Job 652: 161/400 ERROR: No .raw files found in temp_dir.
Job 652: 162/400 ERROR: No .raw files found in temp_dir.
Job 652: 163/400 ERROR: No .raw files found in temp_dir.
Job 652: 164/400 ERROR: No .raw files found in temp_dir.
Job 652: 165/400 ERROR: No .raw files found in temp_dir.
Job 652: 166/400 ERROR: No .raw files found in temp_dir.
Job 652: 167/400 ERROR: No .raw files found in temp_dir.
Job 652: 168/400 ERROR: No .raw files found in temp_dir.
Job 652: 169/400 ERROR: No .raw files found in temp_dir.
Job 652: 170/400 ERROR: No .raw files found in temp_dir.
Job 652: 171/400 ERROR: No .raw files found in temp_dir.
Job 652: 172/400 ERROR: No .raw files found in temp_dir.
Job 652: 173/400 ERROR: No .raw files found in temp_dir.
Job 652: 174/400 ERROR: No .raw files found in temp_dir.
Job 652: 175/400 ERROR: No .raw files found in temp_dir.
Job 652: 176/400 ERROR: No .raw files found in temp_dir.
Job 652: 177/400 ERROR: No .raw files found in temp_dir.
Job 652: 178/400
Job 652: 179/400
Job 652: 180/400
Job 652: 181/400
Job 652: 182/400
Job 652: 183/400
Job 652: 184/400
Job 652: 185/400
Job 652: 186/400
Job 652: 187/400
Job 652: 188/400
Job 652: 189/400
Job 652: 190/400
Job 652: 191/400
Job 652: 192/400
Job 652: 193/400
Job 652: 194/400
Job 652: 195/400
Job 652: 196/400
Job 652: 197/400
Job 652: 198/400
Job 652: 199/400
Job 652: 200/400
Job 652: 201/400
Job 652: 202/400
Job 652: 203/400
Job 652: 204/400
Job 652: 205/400
Job 652: 206/400
Job 652: 207/400
Job 652: 208/400
Job 652: 209/400 ERROR: No .raw files found in temp_dir.
Job 652: 210/400 ERROR: No .raw files found in temp_dir.
Job 652: 211/400 ERROR: No .raw files found in temp_dir.
Job 652: 212/400 ERROR: No .raw files found in temp_dir.
Job 652: 213/400 ERROR: No .raw files found in temp_dir.
Job 652: 214/400 ERROR: No .raw files found in temp_dir.
Job 652: 215/400 ERROR: No .raw files found in temp_dir.
Job 652: 216/400 ERROR: No .raw files found in temp_dir.
Job 652: 217/400 ERROR: No .raw files found in temp_dir.
Job 652: 218/400 ERROR: No .raw files found in temp_dir.
Job 652: 219/400 ERROR: No .raw files found in temp_dir.
Job 652: 220/400 ERROR: No .raw files found in temp_dir.
Job 652: 221/400 ERROR: No .raw files found in temp_dir.
Job 652: 222/400 ERROR: No .raw files found in temp_dir.
Job 652: 223/400 ERROR: No .raw files found in temp_dir.
Job 652: 224/400 ERROR: No .raw files found in temp_dir.
Job 652: 225/400 ERROR: No .raw files found in temp_dir.
Job 652: 226/400 ERROR: No .raw files found in temp_dir.
Job 652: 227/400 ERROR: No .raw files found in temp_dir.
Job 652: 228/400 ERROR: No .raw files found in temp_dir.
Job 652: 229/400 ERROR: No .raw files found in temp_dir.
Job 652: 230/400 ERROR: No .raw files found in temp_dir.
Job 652: 231/400 ERROR: No .raw files found in temp_dir.
Job 652: 232/400 ERROR: No .raw files found in temp_dir.
Job 652: 233/400 ERROR: No .raw files found in temp_dir.
Job 652: 234/400 ERROR: No .raw files found in temp_dir.
Job 652: 235/400 ERROR: No .raw files found in temp_dir.
Job 652: 236/400 ERROR: No .raw files found in temp_dir.
Job 652: 237/400 ERROR: No .raw files found in temp_dir.
Job 652: 238/400 ERROR: No .raw files found in temp_dir.
Job 652: 239/400 ERROR: No .raw files found in temp_dir.
Job 652: 240/400 ERROR: No .raw files found in temp_dir.
Job 652: 241/400 ERROR: No .raw files found in temp_dir.
Job 652: 242/400 ERROR: No .raw files found in temp_dir.
Job 652: 243/400 ERROR: No .raw files found in temp_dir.
Job 652: 244/400 ERROR: No .raw files found in temp_dir.
Job 652: 245/400 ERROR: No .raw files found in temp_dir.
Job 652: 246/400 ERROR: No .raw files found in temp_dir.
Job 652: 247/400 ERROR: No .raw files found in temp_dir.
Job 652: 248/400 ERROR: No .raw files found in temp_dir.
Job 652: 249/400 ERROR: No .raw files found in temp_dir.
Job 652: 250/400 ERROR: No .raw files found in temp_dir.
Job 652: 251/400 ERROR: No .raw files found in temp_dir.
Job 652: 252/400 ERROR: No .raw files found in temp_dir.
Job 652: 253/400 ERROR: No .raw files found in temp_dir.
Job 652: 254/400 ERROR: No .raw files found in temp_dir.
Job 652: 255/400 ERROR: No .raw files found in temp_dir.
Job 652: 256/400 ERROR: No .raw files found in temp_dir.
Job 652: 257/400 ERROR: No .raw files found in temp_dir.
Job 652: 258/400 ERROR: No .raw files found in temp_dir.
Job 652: 259/400 ERROR: No .raw files found in temp_dir.
Job 652: 260/400 ERROR: No .raw files found in temp_dir.
Job 652: 261/400 ERROR: No .raw files found in temp_dir.
Job 652: 262/400 ERROR: No .raw files found in temp_dir.
Job 652: 263/400 ERROR: No .raw files found in temp_dir.
Job 652: 264/400 ERROR: No .raw files found in temp_dir.
Job 652: 265/400 ERROR: No .raw files found in temp_dir.
Job 652: 266/400 ERROR: No .raw files found in temp_dir.
Job 652: 267/400 ERROR: No .raw files found in temp_dir.
Job 652: 268/400 ERROR: No .raw files found in temp_dir.
Job 652: 269/400 ERROR: No .raw files found in temp_dir.
Job 652: 270/400 ERROR: No .raw files found in temp_dir.
Job 652: 271/400 ERROR: No .raw files found in temp_dir.
Job 652: 272/400 ERROR: No .raw files found in temp_dir.
Job 652: 273/400 ERROR: No .raw files found in temp_dir.
Job 652: 274/400 ERROR: No .raw files found in temp_dir.
Job 652: 275/400 ERROR: No .raw files found in temp_dir.
Job 652: 276/400 ERROR: No .raw files found in temp_dir.
Job 652: 277/400 ERROR: No .raw files found in temp_dir.
Job 652: 278/400 ERROR: No .raw files found in temp_dir.
Job 652: 279/400 ERROR: No .raw files found in temp_dir.
Job 652: 280/400 ERROR: No .raw files found in temp_dir.
Job 652: 281/400 ERROR: No .raw files found in temp_dir.
Job 652: 282/400 ERROR: No .raw files found in temp_dir.
Job 652: 283/400 ERROR: No .raw files found in temp_dir.
Job 652: 284/400 ERROR: No .raw files found in temp_dir.
Job 652: 285/400 ERROR: No .raw files found in temp_dir.
Job 652: 286/400 ERROR: No .raw files found in temp_dir.
Job 652: 287/400 ERROR: No .raw files found in temp_dir.
Job 652: 288/400 ERROR: No .raw files found in temp_dir.
Job 652: 289/400 ERROR: No .raw files found in temp_dir.
Job 652: 290/400 ERROR: No .raw files found in temp_dir.
Job 652: 291/400 ERROR: No .raw files found in temp_dir.
Job 652: 292/400 ERROR: No .raw files found in temp_dir.
Job 652: 293/400 ERROR: No .raw files found in temp_dir.
Job 652: 294/400 ERROR: No .raw files found in temp_dir.
Job 652: 295/400 ERROR: No .raw files found in temp_dir.
Job 652: 296/400 ERROR: No .raw files found in temp_dir.
Job 652: 297/400 ERROR: No .raw files found in temp_dir.
Job 652: 298/400 ERROR: No .raw files found in temp_dir.
Job 652: 299/400 ERROR: No .raw files found in temp_dir.
Job 652: 300/400 ERROR: No .raw files found in temp_dir.
Job 652: 301/400 ERROR: No .raw files found in temp_dir.
Job 652: 302/400 ERROR: No .raw files found in temp_dir.
Job 652: 303/400 ERROR: No .raw files found in temp_dir.
Job 652: 304/400 ERROR: No .raw files found in temp_dir.
Job 652: 305/400 ERROR: No .raw files found in temp_dir.
Job 652: 306/400 ERROR: No .raw files found in temp_dir.
Job 652: 307/400 ERROR: No .raw files found in temp_dir.
Job 652: 308/400 ERROR: No .raw files found in temp_dir.
Job 652: 309/400 ERROR: No .raw files found in temp_dir.
Job 652: 310/400 ERROR: No .raw files found in temp_dir.
Job 652: 311/400 ERROR: No .raw files found in temp_dir.
Job 652: 312/400 ERROR: No .raw files found in temp_dir.
Job 652: 313/400 ERROR: No .raw files found in temp_dir.
Job 652: 314/400 ERROR: No .raw files found in temp_dir.
Job 652: 315/400 ERROR: No .raw files found in temp_dir.
Job 652: 316/400 ERROR: No .raw files found in temp_dir.
Job 652: 317/400 ERROR: No .raw files found in temp_dir.
Job 652: 318/400 ERROR: No .raw files found in temp_dir.
Job 652: 319/400 ERROR: No .raw files found in temp_dir.
Job 652: 320/400 ERROR: No .raw files found in temp_dir.
Job 652: 321/400 ERROR: No .raw files found in temp_dir.
Job 652: 322/400 ERROR: No .raw files found in temp_dir.
Job 652: 323/400 ERROR: No .raw files found in temp_dir.
Job 652: 324/400 ERROR: No .raw files found in temp_dir.
Job 652: 325/400 ERROR: No .raw files found in temp_dir.
Job 652: 326/400 ERROR: No .raw files found in temp_dir.
Job 652: 327/400 ERROR: No .raw files found in temp_dir.
Job 652: 328/400 ERROR: No .raw files found in temp_dir.
Job 652: 329/400 ERROR: No .raw files found in temp_dir.
Job 652: 330/400 ERROR: No .raw files found in temp_dir.
Job 652: 331/400 ERROR: No .raw files found in temp_dir.
Job 652: 332/400 ERROR: No .raw files found in temp_dir.
Job 652: 333/400 ERROR: No .raw files found in temp_dir.
Job 652: 334/400 ERROR: No .raw files found in temp_dir.
Job 652: 335/400 ERROR: No .raw files found in temp_dir.
Job 652: 336/400 ERROR: No .raw files found in temp_dir.
Job 652: 337/400 ERROR: No .raw files found in temp_dir.
Job 652: 338/400 ERROR: No .raw files found in temp_dir.
Job 652: 339/400 ERROR: No .raw files found in temp_dir.
Job 652: 340/400 ERROR: No .raw files found in temp_dir.
Job 652: 341/400 ERROR: No .raw files found in temp_dir.
Job 652: 342/400 ERROR: No .raw files found in temp_dir.
Job 652: 343/400 ERROR: No .raw files found in temp_dir.
Job 652: 344/400 ERROR: No .raw files found in temp_dir.
Job 652: 345/400 ERROR: No .raw files found in temp_dir.
Job 652: 346/400 ERROR: No .raw files found in temp_dir.
Job 652: 347/400 ERROR: No .raw files found in temp_dir.
Job 652: 348/400 ERROR: No .raw files found in temp_dir.
Job 652: 349/400 ERROR: No .raw files found in temp_dir.
Job 652: 350/400 ERROR: No .raw files found in temp_dir.
Job 652: 351/400 ERROR: No .raw files found in temp_dir.
Job 652: 352/400 ERROR: No .raw files found in temp_dir.
Job 652: 353/400 ERROR: No .raw files found in temp_dir.
Job 652: 354/400 ERROR: No .raw files found in temp_dir.
Job 652: 355/400 ERROR: No .raw files found in temp_dir.
Job 652: 356/400 ERROR: No .raw files found in temp_dir.
Job 652: 357/400 ERROR: No .raw files found in temp_dir.
Job 652: 358/400 ERROR: No .raw files found in temp_dir.
Job 652: 359/400 ERROR: No .raw files found in temp_dir.
Job 652: 360/400 ERROR: No .raw files found in temp_dir.
Job 652: 361/400 ERROR: No .raw files found in temp_dir.
Job 652: 362/400 ERROR: No .raw files found in temp_dir.
Job 652: 363/400 ERROR: No .raw files found in temp_dir.
Job 652: 364/400 ERROR: No .raw files found in temp_dir.
Job 652: 365/400 ERROR: No .raw files found in temp_dir.
Job 652: 366/400 ERROR: No .raw files found in temp_dir.
Job 652: 367/400 ERROR: No .raw files found in temp_dir.
Job 652: 368/400 ERROR: No .raw files found in temp_dir.
Job 652: 369/400 ERROR: No .raw files found in temp_dir.
Job 652: 370/400 ERROR: No .raw files found in temp_dir.
Job 652: 371/400 ERROR: No .raw files found in temp_dir.
Job 652: 372/400 ERROR: No .raw files found in temp_dir.
Job 652: 373/400 ERROR: No .raw files found in temp_dir.
Job 652: 374/400 ERROR: No .raw files found in temp_dir.
Job 652: 375/400 ERROR: No .raw files found in temp_dir.
Job 652: 376/400 ERROR: No .raw files found in temp_dir.
Job 652: 377/400 ERROR: No .raw files found in temp_dir.
Job 652: 378/400 ERROR: No .raw files found in temp_dir.
Job 652: 379/400 ERROR: No .raw files found in temp_dir.
Job 652: 380/400 ERROR: No .raw files found in temp_dir.
Job 652: 381/400 ERROR: No .raw files found in temp_dir.
Job 652: 382/400 ERROR: No .raw files found in temp_dir.
Job 652: 383/400 ERROR: No .raw files found in temp_dir.
Job 652: 384/400 ERROR: No .raw files found in temp_dir.
Job 652: 385/400 ERROR: No .raw files found in temp_dir.
Job 652: 386/400 ERROR: No .raw files found in temp_dir.
Job 652: 387/400 ERROR: No .raw files found in temp_dir.
Job 652: 388/400 ERROR: No .raw files found in temp_dir.
Job 652: 389/400 ERROR: No .raw files found in temp_dir.
Job 652: 390/400 ERROR: No .raw files found in temp_dir.
Job 652: 391/400 ERROR: No .raw files found in temp_dir.
Job 652: 392/400 ERROR: No .raw files found in temp_dir.
Job 652: 393/400 ERROR: No .raw files found in temp_dir.
Job 652: 394/400 ERROR: No .raw files found in temp_dir.
Job 652: 395/400 ERROR: No .raw files found in temp_dir.
Job 652: 396/400 ERROR: No .raw files found in temp_dir.
Job 652: 397/400 ERROR: No .raw files found in temp_dir.
Job 652: 398/400 ERROR: No .raw files found in temp_dir.
Job 652: 399/400 ERROR: No .raw files found in temp_dir.
Job 652: 400/400 ERROR: No .raw files found in temp_dir.
Warning message:
In data.table::fread(raw_file, data.table = FALSE) :
  Discarded single-line footer: <<0	GTEX-169BO	0	0	0	-9	2	2	2	2	2	1	2	2	1	2	2	2	1	2	2	2	2	2	2	2	2	2	2	2	2	2	2	2	0	2	0	2	2	2	1	2	2	0	2	2	2	2	2	2	2	2	2	2	2	2	2	2	2	2	2	0	2	2	2	2	2	2	2	2	2	2	2	2	2	2	1	2	2	1	2	2	2	0	2	2	2	2	2	2	2	2	2	2	2	2	0	2	2	2	1	2	2	2	2	2	2	2	2	2	0	2	2	2	2	2	2	2	2	1	2	2	2	2	2	2	2	2	2	2	2	2	2	2	2	0	2	2	2	2	2	2	2	2	1	2	1	2	1	2	2	2	2	2	2	2	2	2	2	2	2	2	2	2	2	2	2	2	2	2	2	2	2	2	2	2	2	2	2	2	2	2	2	2	2	2	2	2	2	2	2	2	2	2	2	2	2	2	2	2	2	2	2	2	2	2	2	2	2	2	2	2	2	2	2	2	2	2	2	2	2	2	2	2	2	2	2	2	2	2	2	2	2	2	2	2	2	2	2	2	2	2	2	2	2	>>
