Registered S3 methods overwritten by 'susieSlide':
  method              from  
  coef.susie          susieR
  predict.susie       susieR
  print.summary.susie susieR
  summary.susie       susieR
Job 285: 1/400
Job 285: 2/400
Job 285: 3/400
Job 285: 4/400
Job 285: 5/400
Job 285: 6/400
Job 285: 7/400
Job 285: 8/400
Job 285: 9/400
Job 285: 10/400
Job 285: 11/400
Job 285: 12/400
Job 285: 13/400
Job 285: 14/400
Job 285: 15/400
Job 285: 16/400
Job 285: 17/400
Job 285: 18/400
Job 285: 19/400
Job 285: 20/400
Job 285: 21/400
Job 285: 22/400
Job 285: 23/400
Job 285: 24/400
Job 285: 25/400
Job 285: 26/400
Job 285: 27/400
Job 285: 28/400
Job 285: 29/400
Job 285: 30/400
Job 285: 31/400
Job 285: 32/400
Job 285: 33/400
Job 285: 34/400
Job 285: 35/400
Job 285: 36/400
Job 285: 37/400
Job 285: 38/400
Job 285: 39/400
Job 285: 40/400
Job 285: 41/400
Job 285: 42/400
Job 285: 43/400
Job 285: 44/400
Job 285: 45/400
Job 285: 46/400
Job 285: 47/400
Job 285: 48/400
Job 285: 49/400
Job 285: 50/400
Job 285: 51/400
Job 285: 52/400
Job 285: 53/400
Job 285: 54/400
Job 285: 55/400
Job 285: 56/400
Job 285: 57/400
Job 285: 58/400
Job 285: 59/400
Job 285: 60/400
Job 285: 61/400
Job 285: 62/400
Job 285: 63/400
Job 285: 64/400
Job 285: 65/400
Job 285: 66/400
Job 285: 67/400
Job 285: 68/400
Job 285: 69/400
Job 285: 70/400
Job 285: 71/400
Job 285: 72/400
Job 285: 73/400
Job 285: 74/400
Job 285: 75/400
Job 285: 76/400
Job 285: 77/400
Job 285: 78/400
Job 285: 79/400
Job 285: 80/400
Job 285: 81/400
Job 285: 82/400
Job 285: 83/400
Job 285: 84/400
Job 285: 85/400
Job 285: 86/400
Job 285: 87/400
Job 285: 88/400
Job 285: 89/400
Job 285: 90/400
Job 285: 91/400
Job 285: 92/400
Job 285: 93/400
Job 285: 94/400
Job 285: 95/400
Job 285: 96/400
Job 285: 97/400
Job 285: 98/400
Job 285: 99/400
Job 285: 100/400
Job 285: 101/400
Job 285: 102/400
Job 285: 103/400
Job 285: 104/400
Job 285: 105/400
Job 285: 106/400
Job 285: 107/400
Job 285: 108/400
Job 285: 109/400
Job 285: 110/400
Job 285: 111/400
Job 285: 112/400
Job 285: 113/400
Job 285: 114/400
Job 285: 115/400
Job 285: 116/400
Job 285: 117/400
Job 285: 118/400
Job 285: 119/400
Job 285: 120/400
Job 285: 121/400
Job 285: 122/400
Job 285: 123/400
Job 285: 124/400
Job 285: 125/400
Job 285: 126/400
Job 285: 127/400
Job 285: 128/400
Job 285: 129/400
Job 285: 130/400
Job 285: 131/400
Job 285: 132/400
Job 285: 133/400
Job 285: 134/400
Job 285: 135/400
Job 285: 136/400
Job 285: 137/400
Job 285: 138/400
Job 285: 139/400
Job 285: 140/400
Job 285: 141/400
Job 285: 142/400
Job 285: 143/400
Job 285: 144/400
Job 285: 145/400
Job 285: 146/400
Job 285: 147/400
Job 285: 148/400
Job 285: 149/400
Job 285: 150/400
Job 285: 151/400
Job 285: 152/400
Job 285: 153/400
Job 285: 154/400
Job 285: 155/400
Job 285: 156/400
Job 285: 157/400
Job 285: 158/400
Job 285: 159/400
Job 285: 160/400
Job 285: 161/400
Job 285: 162/400
Job 285: 163/400
Job 285: 164/400
Job 285: 165/400
Job 285: 166/400
Job 285: 167/400
Job 285: 168/400
Job 285: 169/400
Job 285: 170/400
Job 285: 171/400
Job 285: 172/400
Job 285: 173/400
Job 285: 174/400
Job 285: 175/400
Job 285: 176/400
Job 285: 177/400
Job 285: 178/400
Job 285: 179/400
Job 285: 180/400
Job 285: 181/400
Job 285: 182/400
Job 285: 183/400
Job 285: 184/400
Job 285: 185/400
Job 285: 186/400
Job 285: 187/400
Job 285: 188/400
Job 285: 189/400
Job 285: 190/400
Job 285: 191/400
Job 285: 192/400
Job 285: 193/400
Job 285: 194/400
Job 285: 195/400
Job 285: 196/400
Job 285: 197/400
Job 285: 198/400
Job 285: 199/400
Job 285: 200/400
Job 285: 201/400
Job 285: 202/400
Job 285: 203/400
Job 285: 204/400
Job 285: 205/400
Job 285: 206/400
Job 285: 207/400
Job 285: 208/400
Job 285: 209/400
Job 285: 210/400
Job 285: 211/400
Job 285: 212/400
Job 285: 213/400
Job 285: 214/400
Job 285: 215/400
Job 285: 216/400
Job 285: 217/400
Job 285: 218/400
Job 285: 219/400
Job 285: 220/400
Job 285: 221/400
Job 285: 222/400
Job 285: 223/400
Job 285: 224/400
Job 285: 225/400
Job 285: 226/400
Job 285: 227/400
Job 285: 228/400
Job 285: 229/400
Job 285: 230/400
Job 285: 231/400
Job 285: 232/400
Job 285: 233/400
Job 285: 234/400
Job 285: 235/400
Job 285: 236/400
Job 285: 237/400
Job 285: 238/400
Job 285: 239/400
Job 285: 240/400
Job 285: 241/400
Job 285: 242/400
Job 285: 243/400
Job 285: 244/400
Job 285: 245/400
Job 285: 246/400
Job 285: 247/400
Job 285: 248/400
Job 285: 249/400
Job 285: 250/400
Job 285: 251/400
Job 285: 252/400
Job 285: 253/400
Job 285: 254/400
Job 285: 255/400
Job 285: 256/400
Job 285: 257/400
Job 285: 258/400
Job 285: 259/400
Job 285: 260/400
Job 285: 261/400
Job 285: 262/400
Job 285: 263/400
Job 285: 264/400
Job 285: 265/400
Job 285: 266/400
Job 285: 267/400
Job 285: 268/400
Job 285: 269/400
Job 285: 270/400
Job 285: 271/400
Job 285: 272/400
Job 285: 273/400
Job 285: 274/400
Job 285: 275/400
Job 285: 276/400
Job 285: 277/400
Job 285: 278/400
Job 285: 279/400
Job 285: 280/400
Job 285: 281/400
Job 285: 282/400
Job 285: 283/400
Job 285: 284/400
Job 285: 285/400
Job 285: 286/400
Job 285: 287/400
Job 285: 288/400
Job 285: 289/400
Job 285: 290/400
Job 285: 291/400
Job 285: 292/400
Job 285: 293/400
Job 285: 294/400
Job 285: 295/400
Job 285: 296/400
Job 285: 297/400
Job 285: 298/400
Job 285: 299/400
Job 285: 300/400
Job 285: 301/400
Job 285: 302/400
Job 285: 303/400
Job 285: 304/400
Job 285: 305/400
Job 285: 306/400
Job 285: 307/400
Job 285: 308/400
Job 285: 309/400
Job 285: 310/400
Job 285: 311/400
Job 285: 312/400
Job 285: 313/400
Job 285: 314/400
Job 285: 315/400
Job 285: 316/400
Job 285: 317/400
Job 285: 318/400
Job 285: 319/400
Job 285: 320/400
Job 285: 321/400
Job 285: 322/400
Job 285: 323/400
Job 285: 324/400
Job 285: 325/400
Job 285: 326/400
Job 285: 327/400
Job 285: 328/400
Job 285: 329/400
Job 285: 330/400
Job 285: 331/400
Job 285: 332/400
Job 285: 333/400
Job 285: 334/400
Job 285: 335/400
Job 285: 336/400
Job 285: 337/400
Job 285: 338/400
Job 285: 339/400
Job 285: 340/400
Job 285: 341/400
Job 285: 342/400
Job 285: 343/400
Job 285: 344/400
Job 285: 345/400
Job 285: 346/400
Job 285: 347/400
Job 285: 348/400
Job 285: 349/400
Job 285: 350/400
Job 285: 351/400
Job 285: 352/400
Job 285: 353/400
Job 285: 354/400
Job 285: 355/400
Job 285: 356/400
Job 285: 357/400
Job 285: 358/400
Job 285: 359/400
Job 285: 360/400
Job 285: 361/400
Job 285: 362/400
Job 285: 363/400
Job 285: 364/400
Job 285: 365/400
Job 285: 366/400
Job 285: 367/400
Job 285: 368/400
Job 285: 369/400
Job 285: 370/400
Job 285: 371/400
Job 285: 372/400
Job 285: 373/400
Job 285: 374/400
Job 285: 375/400
Job 285: 376/400
Job 285: 377/400
Job 285: 378/400
Job 285: 379/400
Job 285: 380/400
Job 285: 381/400
Job 285: 382/400
Job 285: 383/400
Job 285: 384/400
Job 285: 385/400
Job 285: 386/400
Job 285: 387/400
Job 285: 388/400
Job 285: 389/400
Job 285: 390/400
Job 285: 391/400
Job 285: 392/400
Job 285: 393/400
Job 285: 394/400
Job 285: 395/400
Job 285: 396/400
Job 285: 397/400
Job 285: 398/400
Job 285: 399/400
Job 285: 400/400
