Registered S3 methods overwritten by 'susieSlide':
  method              from  
  coef.susie          susieR
  predict.susie       susieR
  print.summary.susie susieR
  summary.susie       susieR
Job 284: 1/400
Job 284: 2/400
Job 284: 3/400
Job 284: 4/400
Job 284: 5/400
Job 284: 6/400
Job 284: 7/400
Job 284: 8/400
Job 284: 9/400
Job 284: 10/400
Job 284: 11/400
Job 284: 12/400
Job 284: 13/400
Job 284: 14/400
Job 284: 15/400
Job 284: 16/400
Job 284: 17/400
Job 284: 18/400
Job 284: 19/400
Job 284: 20/400
Job 284: 21/400
Job 284: 22/400
Job 284: 23/400
Job 284: 24/400
Job 284: 25/400
Job 284: 26/400
Job 284: 27/400
Job 284: 28/400
Job 284: 29/400
Job 284: 30/400
Job 284: 31/400
Job 284: 32/400
Job 284: 33/400
Job 284: 34/400
Job 284: 35/400
Job 284: 36/400
Job 284: 37/400
Job 284: 38/400
Job 284: 39/400
Job 284: 40/400
Job 284: 41/400
Job 284: 42/400
Job 284: 43/400
Job 284: 44/400
Job 284: 45/400
Job 284: 46/400
Job 284: 47/400
Job 284: 48/400
Job 284: 49/400
Job 284: 50/400
Job 284: 51/400
Job 284: 52/400
Job 284: 53/400
Job 284: 54/400
Job 284: 55/400
Job 284: 56/400
Job 284: 57/400
Job 284: 58/400
Job 284: 59/400
Job 284: 60/400
Job 284: 61/400
Job 284: 62/400
Job 284: 63/400
Job 284: 64/400
Job 284: 65/400
Job 284: 66/400
Job 284: 67/400
Job 284: 68/400
Job 284: 69/400
Job 284: 70/400
Job 284: 71/400
Job 284: 72/400
Job 284: 73/400
Job 284: 74/400
Job 284: 75/400
Job 284: 76/400
Job 284: 77/400
Job 284: 78/400
Job 284: 79/400
Job 284: 80/400
Job 284: 81/400
Job 284: 82/400
Job 284: 83/400
Job 284: 84/400
Job 284: 85/400
Job 284: 86/400
Job 284: 87/400
Job 284: 88/400
Job 284: 89/400
Job 284: 90/400
Job 284: 91/400
Job 284: 92/400
Job 284: 93/400
Job 284: 94/400
Job 284: 95/400
Job 284: 96/400
Job 284: 97/400
Job 284: 98/400
Job 284: 99/400
Job 284: 100/400
Job 284: 101/400
Job 284: 102/400
Job 284: 103/400
Job 284: 104/400
Job 284: 105/400
Job 284: 106/400
Job 284: 107/400
Job 284: 108/400
Job 284: 109/400
Job 284: 110/400
Job 284: 111/400
Job 284: 112/400
Job 284: 113/400
Job 284: 114/400
Job 284: 115/400
Job 284: 116/400
Job 284: 117/400
Job 284: 118/400
Job 284: 119/400
Job 284: 120/400
Job 284: 121/400
Job 284: 122/400
Job 284: 123/400
Job 284: 124/400
Job 284: 125/400
Job 284: 126/400
Job 284: 127/400
Job 284: 128/400
Job 284: 129/400
Job 284: 130/400
Job 284: 131/400
Job 284: 132/400
Job 284: 133/400
Job 284: 134/400
Job 284: 135/400
Job 284: 136/400
Job 284: 137/400
Job 284: 138/400
Job 284: 139/400
Job 284: 140/400
Job 284: 141/400
Job 284: 142/400
Job 284: 143/400
Job 284: 144/400
Job 284: 145/400
Job 284: 146/400
Job 284: 147/400
Job 284: 148/400
Job 284: 149/400
Job 284: 150/400
Job 284: 151/400
Job 284: 152/400
Job 284: 153/400
Job 284: 154/400
Job 284: 155/400
Job 284: 156/400
Job 284: 157/400
Job 284: 158/400
Job 284: 159/400
Job 284: 160/400
Job 284: 161/400
Job 284: 162/400
Job 284: 163/400
Job 284: 164/400
Job 284: 165/400
Job 284: 166/400
Job 284: 167/400
Job 284: 168/400
Job 284: 169/400
Job 284: 170/400
Job 284: 171/400
Job 284: 172/400
Job 284: 173/400
Job 284: 174/400
Job 284: 175/400
Job 284: 176/400
Job 284: 177/400
Job 284: 178/400
Job 284: 179/400
Job 284: 180/400
Job 284: 181/400
Job 284: 182/400
Job 284: 183/400
Job 284: 184/400
Job 284: 185/400
Job 284: 186/400
Job 284: 187/400
Job 284: 188/400
Job 284: 189/400
Job 284: 190/400
Job 284: 191/400
Job 284: 192/400
Job 284: 193/400
Job 284: 194/400
Job 284: 195/400
Job 284: 196/400
Job 284: 197/400
Job 284: 198/400
Job 284: 199/400
Job 284: 200/400
Job 284: 201/400
Job 284: 202/400
Job 284: 203/400
Job 284: 204/400
Job 284: 205/400
Job 284: 206/400
Job 284: 207/400
Job 284: 208/400
Job 284: 209/400
Job 284: 210/400
Job 284: 211/400
Job 284: 212/400
Job 284: 213/400
Job 284: 214/400
Job 284: 215/400
Job 284: 216/400
Job 284: 217/400
Job 284: 218/400
Job 284: 219/400
Job 284: 220/400
Job 284: 221/400
Job 284: 222/400
Job 284: 223/400
Job 284: 224/400
Job 284: 225/400
Job 284: 226/400
Job 284: 227/400
Job 284: 228/400
Job 284: 229/400
Job 284: 230/400
Job 284: 231/400
Job 284: 232/400
Job 284: 233/400
Job 284: 234/400
Job 284: 235/400
Job 284: 236/400
Job 284: 237/400
Job 284: 238/400
Job 284: 239/400
Job 284: 240/400
Job 284: 241/400
Job 284: 242/400
Job 284: 243/400
Job 284: 244/400
Job 284: 245/400
Job 284: 246/400
Job 284: 247/400
Job 284: 248/400
Job 284: 249/400
Job 284: 250/400
Job 284: 251/400
Job 284: 252/400
Job 284: 253/400
Job 284: 254/400
Job 284: 255/400
Job 284: 256/400
Job 284: 257/400
Job 284: 258/400
Job 284: 259/400
Job 284: 260/400
Job 284: 261/400
Job 284: 262/400
Job 284: 263/400
Job 284: 264/400
Job 284: 265/400
Job 284: 266/400
Job 284: 267/400
Job 284: 268/400
Job 284: 269/400
Job 284: 270/400
Job 284: 271/400
Job 284: 272/400
Job 284: 273/400
Job 284: 274/400
Job 284: 275/400
Job 284: 276/400
Job 284: 277/400
Job 284: 278/400
Job 284: 279/400
Job 284: 280/400
Job 284: 281/400
Job 284: 282/400
Job 284: 283/400
Job 284: 284/400
Job 284: 285/400
Job 284: 286/400
Job 284: 287/400
Job 284: 288/400
Job 284: 289/400
Job 284: 290/400
Job 284: 291/400
Job 284: 292/400
Job 284: 293/400
Job 284: 294/400
Job 284: 295/400
Job 284: 296/400
Job 284: 297/400
Job 284: 298/400
Job 284: 299/400
Job 284: 300/400
Job 284: 301/400
Job 284: 302/400
Job 284: 303/400
Job 284: 304/400
Job 284: 305/400
Job 284: 306/400
Job 284: 307/400
Job 284: 308/400
Job 284: 309/400
Job 284: 310/400
Job 284: 311/400
Job 284: 312/400
Job 284: 313/400
Job 284: 314/400
Job 284: 315/400
Job 284: 316/400
Job 284: 317/400
Job 284: 318/400
Job 284: 319/400
Job 284: 320/400
Job 284: 321/400
Job 284: 322/400
Job 284: 323/400
Job 284: 324/400
Job 284: 325/400
Job 284: 326/400
Job 284: 327/400
Job 284: 328/400
Job 284: 329/400
Job 284: 330/400
Job 284: 331/400
Job 284: 332/400
Job 284: 333/400
Job 284: 334/400
Job 284: 335/400
Job 284: 336/400
Job 284: 337/400
Job 284: 338/400
Job 284: 339/400
Job 284: 340/400
Job 284: 341/400
Job 284: 342/400
Job 284: 343/400
Job 284: 344/400
Job 284: 345/400
Job 284: 346/400
Job 284: 347/400
Job 284: 348/400
Job 284: 349/400
Job 284: 350/400
Job 284: 351/400
Job 284: 352/400
Job 284: 353/400
Job 284: 354/400
Job 284: 355/400
Job 284: 356/400
Job 284: 357/400
Job 284: 358/400
Job 284: 359/400
Job 284: 360/400
Job 284: 361/400
Job 284: 362/400
Job 284: 363/400
Job 284: 364/400
Job 284: 365/400
Job 284: 366/400
Job 284: 367/400
Job 284: 368/400
Job 284: 369/400
Job 284: 370/400
Job 284: 371/400
Job 284: 372/400
Job 284: 373/400
Job 284: 374/400
Job 284: 375/400
Job 284: 376/400
Job 284: 377/400
Job 284: 378/400
Job 284: 379/400
Job 284: 380/400
Job 284: 381/400
Job 284: 382/400
Job 284: 383/400
Job 284: 384/400
Job 284: 385/400
Job 284: 386/400
Job 284: 387/400
Job 284: 388/400
Job 284: 389/400
Job 284: 390/400
Job 284: 391/400
Job 284: 392/400
Job 284: 393/400
Job 284: 394/400
Job 284: 395/400
Job 284: 396/400
Job 284: 397/400
Job 284: 398/400
Job 284: 399/400
Job 284: 400/400
