Registered S3 methods overwritten by 'susieSlide':
  method              from  
  coef.susie          susieR
  predict.susie       susieR
  print.summary.susie susieR
  summary.susie       susieR
Job 24: 1/400
Job 24: 2/400
Job 24: 3/400
Job 24: 4/400
Job 24: 5/400
Job 24: 6/400
Job 24: 7/400
Job 24: 8/400
Job 24: 9/400
Job 24: 10/400
Job 24: 11/400
Job 24: 12/400
Job 24: 13/400
Job 24: 14/400
Job 24: 15/400
Job 24: 16/400
Job 24: 17/400
Job 24: 18/400
Job 24: 19/400
Job 24: 20/400
Job 24: 21/400
Job 24: 22/400
Job 24: 23/400
Job 24: 24/400
Job 24: 25/400
Job 24: 26/400
Job 24: 27/400
Job 24: 28/400
Job 24: 29/400
Job 24: 30/400
Job 24: 31/400
Job 24: 32/400
Job 24: 33/400
Job 24: 34/400
Job 24: 35/400
Job 24: 36/400
Job 24: 37/400
Job 24: 38/400
Job 24: 39/400
Job 24: 40/400
Job 24: 41/400
Job 24: 42/400
Job 24: 43/400
Job 24: 44/400
Job 24: 45/400
Job 24: 46/400
Job 24: 47/400
Job 24: 48/400
Job 24: 49/400
Job 24: 50/400
Job 24: 51/400
Job 24: 52/400
Job 24: 53/400
Job 24: 54/400
Job 24: 55/400
Job 24: 56/400
Job 24: 57/400
Job 24: 58/400
Job 24: 59/400
Job 24: 60/400
Job 24: 61/400
Job 24: 62/400
Job 24: 63/400
Job 24: 64/400
Job 24: 65/400
Job 24: 66/400
Job 24: 67/400
Job 24: 68/400
Job 24: 69/400
Job 24: 70/400
Job 24: 71/400
Job 24: 72/400
Job 24: 73/400
Job 24: 74/400
Job 24: 75/400
Job 24: 76/400
Job 24: 77/400
Job 24: 78/400
Job 24: 79/400
Job 24: 80/400
Job 24: 81/400
Job 24: 82/400
Job 24: 83/400
Job 24: 84/400
Job 24: 85/400
Job 24: 86/400
Job 24: 87/400
Job 24: 88/400
Job 24: 89/400
Job 24: 90/400
Job 24: 91/400
Job 24: 92/400
Job 24: 93/400
Job 24: 94/400
Job 24: 95/400
Job 24: 96/400
Job 24: 97/400
Job 24: 98/400
Job 24: 99/400
Job 24: 100/400
Job 24: 101/400
Job 24: 102/400
Job 24: 103/400
Job 24: 104/400
Job 24: 105/400
Job 24: 106/400
Job 24: 107/400
Job 24: 108/400
Job 24: 109/400
Job 24: 110/400
Job 24: 111/400
Job 24: 112/400
Job 24: 113/400
Job 24: 114/400
Job 24: 115/400
Job 24: 116/400
Job 24: 117/400
Job 24: 118/400
Job 24: 119/400
Job 24: 120/400
Job 24: 121/400
Job 24: 122/400
Job 24: 123/400
Job 24: 124/400
Job 24: 125/400
Job 24: 126/400
Job 24: 127/400
Job 24: 128/400
Job 24: 129/400
Job 24: 130/400
Job 24: 131/400
Job 24: 132/400
Job 24: 133/400
Job 24: 134/400
Job 24: 135/400
Job 24: 136/400
Job 24: 137/400
Job 24: 138/400
Job 24: 139/400
Job 24: 140/400
Job 24: 141/400
Job 24: 142/400
Job 24: 143/400
Job 24: 144/400
Job 24: 145/400
Job 24: 146/400
Job 24: 147/400
Job 24: 148/400
Job 24: 149/400
Job 24: 150/400
Job 24: 151/400
Job 24: 152/400
Job 24: 153/400
Job 24: 154/400
Job 24: 155/400
Job 24: 156/400
Job 24: 157/400
Job 24: 158/400
Job 24: 159/400
Job 24: 160/400
Job 24: 161/400
Job 24: 162/400
Job 24: 163/400
Job 24: 164/400
Job 24: 165/400
Job 24: 166/400
Job 24: 167/400
Job 24: 168/400
Job 24: 169/400
Job 24: 170/400
Job 24: 171/400
Job 24: 172/400
Job 24: 173/400
Job 24: 174/400
Job 24: 175/400
Job 24: 176/400
Job 24: 177/400
Job 24: 178/400
Job 24: 179/400
Job 24: 180/400
Job 24: 181/400
Job 24: 182/400
Job 24: 183/400
Job 24: 184/400
Job 24: 185/400
Job 24: 186/400
Job 24: 187/400
Job 24: 188/400
Job 24: 189/400
Job 24: 190/400
Job 24: 191/400
Job 24: 192/400
Job 24: 193/400
Job 24: 194/400
Job 24: 195/400
Job 24: 196/400
Job 24: 197/400
Job 24: 198/400
Job 24: 199/400
Job 24: 200/400
Job 24: 201/400
Job 24: 202/400
Job 24: 203/400
Job 24: 204/400
Job 24: 205/400
Job 24: 206/400
Job 24: 207/400
Job 24: 208/400
Job 24: 209/400
Job 24: 210/400
Job 24: 211/400
Job 24: 212/400
Job 24: 213/400
Job 24: 214/400
Job 24: 215/400
Job 24: 216/400
Job 24: 217/400
Job 24: 218/400
Job 24: 219/400
Job 24: 220/400
Job 24: 221/400
Job 24: 222/400
Job 24: 223/400
Job 24: 224/400
Job 24: 225/400
Job 24: 226/400
Job 24: 227/400
Job 24: 228/400
Job 24: 229/400
Job 24: 230/400
Job 24: 231/400
Job 24: 232/400
Job 24: 233/400
Job 24: 234/400
Job 24: 235/400
Job 24: 236/400
Job 24: 237/400
Job 24: 238/400
Job 24: 239/400
Job 24: 240/400
Job 24: 241/400
Job 24: 242/400
Job 24: 243/400
Job 24: 244/400
Job 24: 245/400
Job 24: 246/400
Job 24: 247/400
Job 24: 248/400
Job 24: 249/400
Job 24: 250/400
Job 24: 251/400
Job 24: 252/400
Job 24: 253/400
Job 24: 254/400
Job 24: 255/400
Job 24: 256/400
Job 24: 257/400
Job 24: 258/400
Job 24: 259/400
Job 24: 260/400
Job 24: 261/400
Job 24: 262/400
Job 24: 263/400
Job 24: 264/400
Job 24: 265/400
Job 24: 266/400
Job 24: 267/400
Job 24: 268/400
Job 24: 269/400
Job 24: 270/400
Job 24: 271/400
Job 24: 272/400
Job 24: 273/400
Job 24: 274/400
Job 24: 275/400
Job 24: 276/400
Job 24: 277/400
Job 24: 278/400
Job 24: 279/400
Job 24: 280/400
Job 24: 281/400
Job 24: 282/400
Job 24: 283/400
Job 24: 284/400
Job 24: 285/400
Job 24: 286/400
Job 24: 287/400
Job 24: 288/400
Job 24: 289/400
Job 24: 290/400
Job 24: 291/400
Job 24: 292/400
Job 24: 293/400
Job 24: 294/400
Job 24: 295/400
Job 24: 296/400
Job 24: 297/400
Job 24: 298/400
Job 24: 299/400
Job 24: 300/400
Job 24: 301/400
Job 24: 302/400
Job 24: 303/400
Job 24: 304/400
Job 24: 305/400
Job 24: 306/400
Job 24: 307/400
Job 24: 308/400
Job 24: 309/400
Job 24: 310/400
Job 24: 311/400
Job 24: 312/400
Job 24: 313/400
Job 24: 314/400
Job 24: 315/400
Job 24: 316/400
Job 24: 317/400
Job 24: 318/400
Job 24: 319/400
Job 24: 320/400
Job 24: 321/400
Job 24: 322/400
Job 24: 323/400
Job 24: 324/400
Job 24: 325/400
Job 24: 326/400
Job 24: 327/400
Job 24: 328/400
Job 24: 329/400
Job 24: 330/400
Job 24: 331/400
Job 24: 332/400
Job 24: 333/400
Job 24: 334/400
Job 24: 335/400
Job 24: 336/400
Job 24: 337/400
Job 24: 338/400
Job 24: 339/400
Job 24: 340/400
Job 24: 341/400
Job 24: 342/400
Job 24: 343/400
Job 24: 344/400
Job 24: 345/400
Job 24: 346/400
Job 24: 347/400
Job 24: 348/400
Job 24: 349/400
Job 24: 350/400
Job 24: 351/400
Job 24: 352/400
Job 24: 353/400
Job 24: 354/400
Job 24: 355/400
Job 24: 356/400
Job 24: 357/400
Job 24: 358/400
Job 24: 359/400
Job 24: 360/400
Job 24: 361/400
Job 24: 362/400
Job 24: 363/400
Job 24: 364/400
Job 24: 365/400
Job 24: 366/400
Job 24: 367/400
Job 24: 368/400
Job 24: 369/400
Job 24: 370/400
Job 24: 371/400
Job 24: 372/400
Job 24: 373/400
Job 24: 374/400
Job 24: 375/400
Job 24: 376/400
Job 24: 377/400
Job 24: 378/400
Job 24: 379/400
Job 24: 380/400
Job 24: 381/400
Job 24: 382/400
Job 24: 383/400
Job 24: 384/400
Job 24: 385/400
Job 24: 386/400
Job 24: 387/400
Job 24: 388/400
Job 24: 389/400
Job 24: 390/400
Job 24: 391/400
Job 24: 392/400
Job 24: 393/400
Job 24: 394/400
Job 24: 395/400
Job 24: 396/400
Job 24: 397/400
Job 24: 398/400
Job 24: 399/400
Job 24: 400/400
