Registered S3 methods overwritten by 'susieSlide':
  method              from  
  coef.susie          susieR
  predict.susie       susieR
  print.summary.susie susieR
  summary.susie       susieR
Job 157: 1/400
Job 157: 2/400
Job 157: 3/400
Job 157: 4/400
Job 157: 5/400
Job 157: 6/400
Job 157: 7/400
Job 157: 8/400
Job 157: 9/400
Job 157: 10/400
Job 157: 11/400
Job 157: 12/400
Job 157: 13/400
Job 157: 14/400
Job 157: 15/400
Job 157: 16/400
Job 157: 17/400
Job 157: 18/400
Job 157: 19/400
Job 157: 20/400
Job 157: 21/400
Job 157: 22/400
Job 157: 23/400
Job 157: 24/400
Job 157: 25/400
Job 157: 26/400
Job 157: 27/400
Job 157: 28/400
Job 157: 29/400
Job 157: 30/400
Job 157: 31/400
Job 157: 32/400
Job 157: 33/400
Job 157: 34/400
Job 157: 35/400
Job 157: 36/400
Job 157: 37/400
Job 157: 38/400
Job 157: 39/400
Job 157: 40/400
Job 157: 41/400
Job 157: 42/400
Job 157: 43/400
Job 157: 44/400
Job 157: 45/400
Job 157: 46/400
Job 157: 47/400
Job 157: 48/400
Job 157: 49/400
Job 157: 50/400
Job 157: 51/400
Job 157: 52/400
Job 157: 53/400
Job 157: 54/400
Job 157: 55/400
Job 157: 56/400
Job 157: 57/400
Job 157: 58/400
Job 157: 59/400
Job 157: 60/400
Job 157: 61/400
Job 157: 62/400
Job 157: 63/400
Job 157: 64/400
Job 157: 65/400
Job 157: 66/400
Job 157: 67/400
Job 157: 68/400
Job 157: 69/400
Job 157: 70/400
Job 157: 71/400
Job 157: 72/400
Job 157: 73/400
Job 157: 74/400
Job 157: 75/400
Job 157: 76/400
Job 157: 77/400
Job 157: 78/400
Job 157: 79/400
Job 157: 80/400
Job 157: 81/400
Job 157: 82/400
Job 157: 83/400
Job 157: 84/400
Job 157: 85/400
Job 157: 86/400
Job 157: 87/400
Job 157: 88/400
Job 157: 89/400
Job 157: 90/400
Job 157: 91/400
Job 157: 92/400
Job 157: 93/400
Job 157: 94/400
Job 157: 95/400
Job 157: 96/400
Job 157: 97/400
Job 157: 98/400
Job 157: 99/400
Job 157: 100/400
Job 157: 101/400
Job 157: 102/400
Job 157: 103/400
Job 157: 104/400
Job 157: 105/400
Job 157: 106/400
Job 157: 107/400
Job 157: 108/400
Job 157: 109/400
Job 157: 110/400
Job 157: 111/400
Job 157: 112/400
Job 157: 113/400
Job 157: 114/400
Job 157: 115/400
Job 157: 116/400
Job 157: 117/400
Job 157: 118/400
Job 157: 119/400
Job 157: 120/400
Job 157: 121/400
Job 157: 122/400
Job 157: 123/400
Job 157: 124/400
Job 157: 125/400
Job 157: 126/400
Job 157: 127/400
Job 157: 128/400
Job 157: 129/400
Job 157: 130/400
Job 157: 131/400
Job 157: 132/400
Job 157: 133/400
Job 157: 134/400
Job 157: 135/400
Job 157: 136/400
Job 157: 137/400
Job 157: 138/400
Job 157: 139/400
Job 157: 140/400
Job 157: 141/400
Job 157: 142/400
Job 157: 143/400
Job 157: 144/400
Job 157: 145/400
Job 157: 146/400
Job 157: 147/400
Job 157: 148/400
Job 157: 149/400
Job 157: 150/400
Job 157: 151/400
Job 157: 152/400
Job 157: 153/400
Job 157: 154/400
Job 157: 155/400
Job 157: 156/400
Job 157: 157/400
Job 157: 158/400
Job 157: 159/400
Job 157: 160/400
Job 157: 161/400
Job 157: 162/400
Job 157: 163/400
Job 157: 164/400
Job 157: 165/400
Job 157: 166/400
Job 157: 167/400
Job 157: 168/400
Job 157: 169/400
Job 157: 170/400
Job 157: 171/400
Job 157: 172/400
Job 157: 173/400
Job 157: 174/400
Job 157: 175/400
Job 157: 176/400
Job 157: 177/400
Job 157: 178/400
Job 157: 179/400
Job 157: 180/400
Job 157: 181/400
Job 157: 182/400
Job 157: 183/400
Job 157: 184/400
Job 157: 185/400
Job 157: 186/400
Job 157: 187/400
Job 157: 188/400
Job 157: 189/400
Job 157: 190/400
Job 157: 191/400
Job 157: 192/400
Job 157: 193/400
Job 157: 194/400
Job 157: 195/400
Job 157: 196/400
Job 157: 197/400
Job 157: 198/400
Job 157: 199/400
Job 157: 200/400
Job 157: 201/400
Job 157: 202/400
Job 157: 203/400
Job 157: 204/400
Job 157: 205/400
Job 157: 206/400
Job 157: 207/400
Job 157: 208/400
Job 157: 209/400
Job 157: 210/400
Job 157: 211/400
Job 157: 212/400
Job 157: 213/400
Job 157: 214/400
Job 157: 215/400
Job 157: 216/400
Job 157: 217/400
Job 157: 218/400
Job 157: 219/400
Job 157: 220/400
Job 157: 221/400
Job 157: 222/400
Job 157: 223/400
Job 157: 224/400
Job 157: 225/400
Job 157: 226/400
Job 157: 227/400
Job 157: 228/400
Job 157: 229/400
Job 157: 230/400
Job 157: 231/400
Job 157: 232/400
Job 157: 233/400
Job 157: 234/400
Job 157: 235/400
Job 157: 236/400
Job 157: 237/400
Job 157: 238/400
Job 157: 239/400
Job 157: 240/400
Job 157: 241/400
Job 157: 242/400
Job 157: 243/400
Job 157: 244/400
Job 157: 245/400
Job 157: 246/400
Job 157: 247/400
Job 157: 248/400
Job 157: 249/400
Job 157: 250/400
Job 157: 251/400
Job 157: 252/400
Job 157: 253/400
Job 157: 254/400
Job 157: 255/400
Job 157: 256/400
Job 157: 257/400
Job 157: 258/400
Job 157: 259/400
Job 157: 260/400
Job 157: 261/400
Job 157: 262/400
Job 157: 263/400
Job 157: 264/400
Job 157: 265/400
Job 157: 266/400
Job 157: 267/400
Job 157: 268/400
Job 157: 269/400
Job 157: 270/400
Job 157: 271/400
Job 157: 272/400
Job 157: 273/400
Job 157: 274/400
Job 157: 275/400
Job 157: 276/400
Job 157: 277/400
Job 157: 278/400
Job 157: 279/400
Job 157: 280/400
Job 157: 281/400
Job 157: 282/400
Job 157: 283/400
Job 157: 284/400
Job 157: 285/400
Job 157: 286/400
Job 157: 287/400
Job 157: 288/400
Job 157: 289/400
Job 157: 290/400
Job 157: 291/400
Job 157: 292/400
Job 157: 293/400
Job 157: 294/400
Job 157: 295/400
Job 157: 296/400
Job 157: 297/400
Job 157: 298/400
Job 157: 299/400
Job 157: 300/400
Job 157: 301/400
Job 157: 302/400
Job 157: 303/400
Job 157: 304/400
Job 157: 305/400
Job 157: 306/400
Job 157: 307/400
Job 157: 308/400
Job 157: 309/400
Job 157: 310/400
Job 157: 311/400
Job 157: 312/400
Job 157: 313/400
Job 157: 314/400
Job 157: 315/400
Job 157: 316/400
Job 157: 317/400
Job 157: 318/400
Job 157: 319/400
Job 157: 320/400
Job 157: 321/400
Job 157: 322/400
Job 157: 323/400
Job 157: 324/400
Job 157: 325/400
Job 157: 326/400
Job 157: 327/400
Job 157: 328/400
Job 157: 329/400
Job 157: 330/400
Job 157: 331/400
Job 157: 332/400
Job 157: 333/400
Job 157: 334/400
Job 157: 335/400
Job 157: 336/400
Job 157: 337/400
Job 157: 338/400
Job 157: 339/400
Job 157: 340/400
Job 157: 341/400
Job 157: 342/400
Job 157: 343/400
Job 157: 344/400
Job 157: 345/400
Job 157: 346/400
Job 157: 347/400
Job 157: 348/400
Job 157: 349/400
Job 157: 350/400
Job 157: 351/400
Job 157: 352/400
Job 157: 353/400
Job 157: 354/400
Job 157: 355/400
Job 157: 356/400
Job 157: 357/400
Job 157: 358/400
Job 157: 359/400
Job 157: 360/400
Job 157: 361/400
Job 157: 362/400
Job 157: 363/400
Job 157: 364/400
Job 157: 365/400
Job 157: 366/400
Job 157: 367/400
Job 157: 368/400
Job 157: 369/400
Job 157: 370/400
Job 157: 371/400
Job 157: 372/400
Job 157: 373/400
Job 157: 374/400
Job 157: 375/400
Job 157: 376/400
Job 157: 377/400
Job 157: 378/400
Job 157: 379/400
Job 157: 380/400
Job 157: 381/400
Job 157: 382/400
Job 157: 383/400
Job 157: 384/400
Job 157: 385/400
Job 157: 386/400
Job 157: 387/400
Job 157: 388/400
Job 157: 389/400
Job 157: 390/400
Job 157: 391/400
Job 157: 392/400
Job 157: 393/400
Job 157: 394/400
Job 157: 395/400
Job 157: 396/400
Job 157: 397/400
Job 157: 398/400
Job 157: 399/400
Job 157: 400/400
