Registered S3 methods overwritten by 'susieSlide':
  method              from  
  coef.susie          susieR
  predict.susie       susieR
  print.summary.susie susieR
  summary.susie       susieR
Job 677: 1/400
Job 677: 2/400
Job 677: 3/400
Job 677: 4/400
Job 677: 5/400
Job 677: 6/400
Job 677: 7/400
Job 677: 8/400
Job 677: 9/400
Job 677: 10/400
Job 677: 11/400
Job 677: 12/400
Job 677: 13/400
Job 677: 14/400
Job 677: 15/400
Job 677: 16/400
Job 677: 17/400
Job 677: 18/400
Job 677: 19/400
Job 677: 20/400
Job 677: 21/400
Job 677: 22/400
Job 677: 23/400 ERROR: No .raw files found in temp_dir.
Job 677: 24/400 ERROR: No .raw files found in temp_dir.
Job 677: 25/400 ERROR: No .raw files found in temp_dir.
Job 677: 26/400 ERROR: No .raw files found in temp_dir.
Job 677: 27/400 ERROR: No .raw files found in temp_dir.
Job 677: 28/400 ERROR: No .raw files found in temp_dir.
Job 677: 29/400 ERROR: No .raw files found in temp_dir.
Job 677: 30/400 ERROR: No .raw files found in temp_dir.
Job 677: 31/400 ERROR: No .raw files found in temp_dir.
Job 677: 32/400 ERROR: No .raw files found in temp_dir.
Job 677: 33/400 ERROR: No .raw files found in temp_dir.
Job 677: 34/400 ERROR: No .raw files found in temp_dir.
Job 677: 35/400 ERROR: No .raw files found in temp_dir.
Job 677: 36/400 ERROR: No .raw files found in temp_dir.
Job 677: 37/400 ERROR: No .raw files found in temp_dir.
Job 677: 38/400 ERROR: No .raw files found in temp_dir.
Job 677: 39/400 ERROR: No .raw files found in temp_dir.
Job 677: 40/400 ERROR: No .raw files found in temp_dir.
Job 677: 41/400 ERROR: No .raw files found in temp_dir.
Job 677: 42/400 ERROR: No .raw files found in temp_dir.
Job 677: 43/400 ERROR: No .raw files found in temp_dir.
Job 677: 44/400 ERROR: No .raw files found in temp_dir.
Job 677: 45/400 ERROR: No .raw files found in temp_dir.
Job 677: 46/400 ERROR: No .raw files found in temp_dir.
Job 677: 47/400 ERROR: No .raw files found in temp_dir.
Job 677: 48/400 ERROR: No .raw files found in temp_dir.
Job 677: 49/400 ERROR: No .raw files found in temp_dir.
Job 677: 50/400 ERROR: No .raw files found in temp_dir.
Job 677: 51/400 ERROR: No .raw files found in temp_dir.
Job 677: 52/400 ERROR: No .raw files found in temp_dir.
Job 677: 53/400 ERROR: No .raw files found in temp_dir.
Job 677: 54/400 ERROR: No .raw files found in temp_dir.
Job 677: 55/400 ERROR: No .raw files found in temp_dir.
Job 677: 56/400 ERROR: No .raw files found in temp_dir.
Job 677: 57/400 ERROR: No .raw files found in temp_dir.
Job 677: 58/400 ERROR: No .raw files found in temp_dir.
Job 677: 59/400 ERROR: No .raw files found in temp_dir.
Job 677: 60/400 ERROR: No .raw files found in temp_dir.
Job 677: 61/400 ERROR: No .raw files found in temp_dir.
Job 677: 62/400 ERROR: No .raw files found in temp_dir.
Job 677: 63/400 ERROR: No .raw files found in temp_dir.
Job 677: 64/400 ERROR: No .raw files found in temp_dir.
Job 677: 65/400 ERROR: No .raw files found in temp_dir.
Job 677: 66/400 ERROR: No .raw files found in temp_dir.
Job 677: 67/400 ERROR: No .raw files found in temp_dir.
Job 677: 68/400 ERROR: No .raw files found in temp_dir.
Job 677: 69/400 ERROR: No .raw files found in temp_dir.
Job 677: 70/400 ERROR: No .raw files found in temp_dir.
Job 677: 71/400 ERROR: No .raw files found in temp_dir.
Job 677: 72/400 ERROR: No .raw files found in temp_dir.
Job 677: 73/400 ERROR: No .raw files found in temp_dir.
Job 677: 74/400 ERROR: No .raw files found in temp_dir.
Job 677: 75/400 ERROR: No .raw files found in temp_dir.
Job 677: 76/400 ERROR: No .raw files found in temp_dir.
Job 677: 77/400 ERROR: No .raw files found in temp_dir.
Job 677: 78/400 ERROR: No .raw files found in temp_dir.
Job 677: 79/400 ERROR: No .raw files found in temp_dir.
Job 677: 80/400 ERROR: No .raw files found in temp_dir.
Job 677: 81/400 ERROR: No .raw files found in temp_dir.
Job 677: 82/400 ERROR: No .raw files found in temp_dir.
Job 677: 83/400 ERROR: No .raw files found in temp_dir.
Job 677: 84/400 ERROR: No .raw files found in temp_dir.
Job 677: 85/400 ERROR: No .raw files found in temp_dir.
Job 677: 86/400 ERROR: No .raw files found in temp_dir.
Job 677: 87/400 ERROR: No .raw files found in temp_dir.
Job 677: 88/400 ERROR: Not enough donors for the requested n.
Job 677: 89/400 ERROR: Not enough donors for the requested n.
Job 677: 90/400
Job 677: 91/400
Job 677: 92/400
Job 677: 93/400
Job 677: 94/400
Job 677: 95/400
Job 677: 96/400
Job 677: 97/400
Job 677: 98/400
Job 677: 99/400
Job 677: 100/400
Job 677: 101/400
Job 677: 102/400
Job 677: 103/400
Job 677: 104/400
Job 677: 105/400
Job 677: 106/400
Job 677: 107/400
Job 677: 108/400
Job 677: 109/400
Job 677: 110/400
Job 677: 111/400
Job 677: 112/400
Job 677: 113/400
Job 677: 114/400
Job 677: 115/400
Job 677: 116/400
Job 677: 117/400
Job 677: 118/400
Job 677: 119/400 ERROR: No .raw files found in temp_dir.
Job 677: 120/400 ERROR: No .raw files found in temp_dir.
Job 677: 121/400 ERROR: No .raw files found in temp_dir.
Job 677: 122/400 ERROR: No .raw files found in temp_dir.
Job 677: 123/400 ERROR: No .raw files found in temp_dir.
Job 677: 124/400 ERROR: No .raw files found in temp_dir.
Job 677: 125/400 ERROR: No .raw files found in temp_dir.
Job 677: 126/400 ERROR: No .raw files found in temp_dir.
Job 677: 127/400 ERROR: No .raw files found in temp_dir.
Job 677: 128/400 ERROR: No .raw files found in temp_dir.
Job 677: 129/400 ERROR: No .raw files found in temp_dir.
Job 677: 130/400 ERROR: No .raw files found in temp_dir.
Job 677: 131/400 ERROR: No .raw files found in temp_dir.
Job 677: 132/400 ERROR: No .raw files found in temp_dir.
Job 677: 133/400 ERROR: No .raw files found in temp_dir.
Job 677: 134/400 ERROR: No .raw files found in temp_dir.
Job 677: 135/400 ERROR: No .raw files found in temp_dir.
Job 677: 136/400 ERROR: No .raw files found in temp_dir.
Job 677: 137/400 ERROR: No .raw files found in temp_dir.
Job 677: 138/400 ERROR: No .raw files found in temp_dir.
Job 677: 139/400 ERROR: No .raw files found in temp_dir.
Job 677: 140/400 ERROR: No .raw files found in temp_dir.
Job 677: 141/400 ERROR: No .raw files found in temp_dir.
Job 677: 142/400 ERROR: No .raw files found in temp_dir.
Job 677: 143/400 ERROR: No .raw files found in temp_dir.
Job 677: 144/400 ERROR: No .raw files found in temp_dir.
Job 677: 145/400 ERROR: No .raw files found in temp_dir.
Job 677: 146/400 ERROR: No .raw files found in temp_dir.
Job 677: 147/400 ERROR: No .raw files found in temp_dir.
Job 677: 148/400 ERROR: No .raw files found in temp_dir.
Job 677: 149/400 ERROR: No .raw files found in temp_dir.
Job 677: 150/400 ERROR: No .raw files found in temp_dir.
Job 677: 151/400 ERROR: No .raw files found in temp_dir.
Job 677: 152/400 ERROR: No .raw files found in temp_dir.
Job 677: 153/400 ERROR: No .raw files found in temp_dir.
Job 677: 154/400 ERROR: No .raw files found in temp_dir.
Job 677: 155/400 ERROR: No .raw files found in temp_dir.
Job 677: 156/400 ERROR: No .raw files found in temp_dir.
Job 677: 157/400 ERROR: No .raw files found in temp_dir.
Job 677: 158/400 ERROR: No .raw files found in temp_dir.
Job 677: 159/400 ERROR: No .raw files found in temp_dir.
Job 677: 160/400 ERROR: No .raw files found in temp_dir.
Job 677: 161/400 ERROR: No .raw files found in temp_dir.
Job 677: 162/400 ERROR: No .raw files found in temp_dir.
Job 677: 163/400 ERROR: No .raw files found in temp_dir.
Job 677: 164/400 ERROR: No .raw files found in temp_dir.
Job 677: 165/400 ERROR: Not enough donors for the requested n.
Job 677: 166/400
Job 677: 167/400
Job 677: 168/400
Job 677: 169/400
Job 677: 170/400
Job 677: 171/400
Job 677: 172/400
Job 677: 173/400
Job 677: 174/400
Job 677: 175/400
Job 677: 176/400
Job 677: 177/400
Job 677: 178/400
Job 677: 179/400
Job 677: 180/400
Job 677: 181/400
Job 677: 182/400
Job 677: 183/400
Job 677: 184/400
Job 677: 185/400
Job 677: 186/400
Job 677: 187/400
Job 677: 188/400
Job 677: 189/400
Job 677: 190/400
Job 677: 191/400
Job 677: 192/400
Job 677: 193/400
Job 677: 194/400
Job 677: 195/400
Job 677: 196/400 ERROR: No .raw files found in temp_dir.
Job 677: 197/400 ERROR: No .raw files found in temp_dir.
Job 677: 198/400 ERROR: No .raw files found in temp_dir.
Job 677: 199/400 ERROR: No .raw files found in temp_dir.
Job 677: 200/400 ERROR: No .raw files found in temp_dir.
Job 677: 201/400 ERROR: No .raw files found in temp_dir.
Job 677: 202/400 ERROR: No .raw files found in temp_dir.
Job 677: 203/400 ERROR: No .raw files found in temp_dir.
Job 677: 204/400 ERROR: No .raw files found in temp_dir.
Job 677: 205/400 ERROR: No .raw files found in temp_dir.
Job 677: 206/400 ERROR: No .raw files found in temp_dir.
Job 677: 207/400 ERROR: No .raw files found in temp_dir.
Job 677: 208/400 ERROR: No .raw files found in temp_dir.
Job 677: 209/400 ERROR: No .raw files found in temp_dir.
Job 677: 210/400 ERROR: No .raw files found in temp_dir.
Job 677: 211/400 ERROR: No .raw files found in temp_dir.
Job 677: 212/400 ERROR: No .raw files found in temp_dir.
Job 677: 213/400 ERROR: No .raw files found in temp_dir.
Job 677: 214/400 ERROR: No .raw files found in temp_dir.
Job 677: 215/400 ERROR: No .raw files found in temp_dir.
Job 677: 216/400 ERROR: No .raw files found in temp_dir.
Job 677: 217/400 ERROR: No .raw files found in temp_dir.
Job 677: 218/400 ERROR: No .raw files found in temp_dir.
Job 677: 219/400 ERROR: No .raw files found in temp_dir.
Job 677: 220/400 ERROR: No .raw files found in temp_dir.
Job 677: 221/400 ERROR: No .raw files found in temp_dir.
Job 677: 222/400 ERROR: No .raw files found in temp_dir.
Job 677: 223/400 ERROR: No .raw files found in temp_dir.
Job 677: 224/400 ERROR: No .raw files found in temp_dir.
Job 677: 225/400 ERROR: No .raw files found in temp_dir.
Job 677: 226/400 ERROR: No .raw files found in temp_dir.
Job 677: 227/400 ERROR: No .raw files found in temp_dir.
Job 677: 228/400 ERROR: No .raw files found in temp_dir.
Job 677: 229/400 ERROR: No .raw files found in temp_dir.
Job 677: 230/400 ERROR: No .raw files found in temp_dir.
Job 677: 231/400 ERROR: No .raw files found in temp_dir.
Job 677: 232/400 ERROR: No .raw files found in temp_dir.
Job 677: 233/400 ERROR: No .raw files found in temp_dir.
Job 677: 234/400 ERROR: No .raw files found in temp_dir.
Job 677: 235/400 ERROR: No .raw files found in temp_dir.
Job 677: 236/400 ERROR: No .raw files found in temp_dir.
Job 677: 237/400 ERROR: No .raw files found in temp_dir.
Job 677: 238/400 ERROR: No .raw files found in temp_dir.
Job 677: 239/400 ERROR: No .raw files found in temp_dir.
Job 677: 240/400 ERROR: No .raw files found in temp_dir.
Job 677: 241/400 ERROR: No .raw files found in temp_dir.
Job 677: 242/400 ERROR: No .raw files found in temp_dir.
Job 677: 243/400 ERROR: No .raw files found in temp_dir.
Job 677: 244/400 ERROR: No .raw files found in temp_dir.
Job 677: 245/400 ERROR: No .raw files found in temp_dir.
Job 677: 246/400 ERROR: No .raw files found in temp_dir.
Job 677: 247/400 ERROR: No .raw files found in temp_dir.
Job 677: 248/400 ERROR: No .raw files found in temp_dir.
Job 677: 249/400 ERROR: No .raw files found in temp_dir.
Job 677: 250/400 ERROR: No .raw files found in temp_dir.
Job 677: 251/400 ERROR: No .raw files found in temp_dir.
Job 677: 252/400 ERROR: No .raw files found in temp_dir.
Job 677: 253/400 ERROR: No .raw files found in temp_dir.
Job 677: 254/400 ERROR: No .raw files found in temp_dir.
Job 677: 255/400 ERROR: No .raw files found in temp_dir.
Job 677: 256/400 ERROR: No .raw files found in temp_dir.
Job 677: 257/400 ERROR: No .raw files found in temp_dir.
Job 677: 258/400 ERROR: No .raw files found in temp_dir.
Job 677: 259/400 ERROR: No .raw files found in temp_dir.
Job 677: 260/400 ERROR: No .raw files found in temp_dir.
Job 677: 261/400 ERROR: No .raw files found in temp_dir.
Job 677: 262/400 ERROR: No .raw files found in temp_dir.
Job 677: 263/400 ERROR: No .raw files found in temp_dir.
Job 677: 264/400 ERROR: No .raw files found in temp_dir.
Job 677: 265/400 ERROR: No .raw files found in temp_dir.
Job 677: 266/400 ERROR: No .raw files found in temp_dir.
Job 677: 267/400 ERROR: No .raw files found in temp_dir.
Job 677: 268/400 ERROR: No .raw files found in temp_dir.
Job 677: 269/400 ERROR: No .raw files found in temp_dir.
Job 677: 270/400 ERROR: No .raw files found in temp_dir.
Job 677: 271/400 ERROR: No .raw files found in temp_dir.
Job 677: 272/400 ERROR: No .raw files found in temp_dir.
Job 677: 273/400 ERROR: No .raw files found in temp_dir.
Job 677: 274/400 ERROR: No .raw files found in temp_dir.
Job 677: 275/400 ERROR: No .raw files found in temp_dir.
Job 677: 276/400 ERROR: No .raw files found in temp_dir.
Job 677: 277/400 ERROR: No .raw files found in temp_dir.
Job 677: 278/400 ERROR: No .raw files found in temp_dir.
Job 677: 279/400 ERROR: No .raw files found in temp_dir.
Job 677: 280/400 ERROR: No .raw files found in temp_dir.
Job 677: 281/400 ERROR: No .raw files found in temp_dir.
Job 677: 282/400 ERROR: No .raw files found in temp_dir.
Job 677: 283/400 ERROR: No .raw files found in temp_dir.
Job 677: 284/400 ERROR: No .raw files found in temp_dir.
Job 677: 285/400 ERROR: No .raw files found in temp_dir.
Job 677: 286/400 ERROR: No .raw files found in temp_dir.
Job 677: 287/400 ERROR: No .raw files found in temp_dir.
Job 677: 288/400 ERROR: No .raw files found in temp_dir.
Job 677: 289/400 ERROR: No .raw files found in temp_dir.
Job 677: 290/400 ERROR: No .raw files found in temp_dir.
Job 677: 291/400 ERROR: No .raw files found in temp_dir.
Job 677: 292/400 ERROR: No .raw files found in temp_dir.
Job 677: 293/400 ERROR: No .raw files found in temp_dir.
Job 677: 294/400 ERROR: No .raw files found in temp_dir.
Job 677: 295/400 ERROR: No .raw files found in temp_dir.
Job 677: 296/400 ERROR: No .raw files found in temp_dir.
Job 677: 297/400 ERROR: No .raw files found in temp_dir.
Job 677: 298/400 ERROR: No .raw files found in temp_dir.
Job 677: 299/400 ERROR: No .raw files found in temp_dir.
Job 677: 300/400 ERROR: No .raw files found in temp_dir.
Job 677: 301/400 ERROR: No .raw files found in temp_dir.
Job 677: 302/400 ERROR: No .raw files found in temp_dir.
Job 677: 303/400 ERROR: No .raw files found in temp_dir.
Job 677: 304/400 ERROR: No .raw files found in temp_dir.
Job 677: 305/400 ERROR: No .raw files found in temp_dir.
Job 677: 306/400 ERROR: No .raw files found in temp_dir.
Job 677: 307/400 ERROR: No .raw files found in temp_dir.
Job 677: 308/400 ERROR: No .raw files found in temp_dir.
Job 677: 309/400 ERROR: No .raw files found in temp_dir.
Job 677: 310/400 ERROR: No .raw files found in temp_dir.
Job 677: 311/400 ERROR: No .raw files found in temp_dir.
Job 677: 312/400 ERROR: No .raw files found in temp_dir.
Job 677: 313/400 ERROR: No .raw files found in temp_dir.
Job 677: 314/400 ERROR: No .raw files found in temp_dir.
Job 677: 315/400 ERROR: No .raw files found in temp_dir.
Job 677: 316/400 ERROR: No .raw files found in temp_dir.
Job 677: 317/400 ERROR: No .raw files found in temp_dir.
Job 677: 318/400 ERROR: No .raw files found in temp_dir.
Job 677: 319/400 ERROR: No .raw files found in temp_dir.
Job 677: 320/400 ERROR: No .raw files found in temp_dir.
Job 677: 321/400 ERROR: No .raw files found in temp_dir.
Job 677: 322/400 ERROR: No .raw files found in temp_dir.
Job 677: 323/400 ERROR: No .raw files found in temp_dir.
Job 677: 324/400 ERROR: No .raw files found in temp_dir.
Job 677: 325/400 ERROR: No .raw files found in temp_dir.
Job 677: 326/400 ERROR: No .raw files found in temp_dir.
Job 677: 327/400 ERROR: No .raw files found in temp_dir.
Job 677: 328/400 ERROR: No .raw files found in temp_dir.
Job 677: 329/400 ERROR: No .raw files found in temp_dir.
Job 677: 330/400 ERROR: No .raw files found in temp_dir.
Job 677: 331/400 ERROR: No .raw files found in temp_dir.
Job 677: 332/400 ERROR: No .raw files found in temp_dir.
Job 677: 333/400 ERROR: No .raw files found in temp_dir.
Job 677: 334/400 ERROR: No .raw files found in temp_dir.
Job 677: 335/400 ERROR: No .raw files found in temp_dir.
Job 677: 336/400 ERROR: No .raw files found in temp_dir.
Job 677: 337/400 ERROR: No .raw files found in temp_dir.
Job 677: 338/400 ERROR: No .raw files found in temp_dir.
Job 677: 339/400 ERROR: No .raw files found in temp_dir.
Job 677: 340/400 ERROR: No .raw files found in temp_dir.
Job 677: 341/400 ERROR: No .raw files found in temp_dir.
Job 677: 342/400 ERROR: No .raw files found in temp_dir.
Job 677: 343/400 ERROR: No .raw files found in temp_dir.
Job 677: 344/400 ERROR: No .raw files found in temp_dir.
Job 677: 345/400 ERROR: No .raw files found in temp_dir.
Job 677: 346/400 ERROR: No .raw files found in temp_dir.
Job 677: 347/400 ERROR: No .raw files found in temp_dir.
Job 677: 348/400 ERROR: No .raw files found in temp_dir.
Job 677: 349/400 ERROR: No .raw files found in temp_dir.
Job 677: 350/400 ERROR: No .raw files found in temp_dir.
Job 677: 351/400 ERROR: No .raw files found in temp_dir.
Job 677: 352/400 ERROR: No .raw files found in temp_dir.
Job 677: 353/400 ERROR: No .raw files found in temp_dir.
Job 677: 354/400 ERROR: No .raw files found in temp_dir.
Job 677: 355/400 ERROR: No .raw files found in temp_dir.
Job 677: 356/400 ERROR: No .raw files found in temp_dir.
Job 677: 357/400 ERROR: No .raw files found in temp_dir.
Job 677: 358/400 ERROR: No .raw files found in temp_dir.
Job 677: 359/400 ERROR: No .raw files found in temp_dir.
Job 677: 360/400 ERROR: No .raw files found in temp_dir.
Job 677: 361/400 ERROR: No .raw files found in temp_dir.
Job 677: 362/400 ERROR: No .raw files found in temp_dir.
Job 677: 363/400 ERROR: No .raw files found in temp_dir.
Job 677: 364/400 ERROR: No .raw files found in temp_dir.
Job 677: 365/400 ERROR: No .raw files found in temp_dir.
Job 677: 366/400 ERROR: No .raw files found in temp_dir.
Job 677: 367/400 ERROR: No .raw files found in temp_dir.
Job 677: 368/400 ERROR: No .raw files found in temp_dir.
Job 677: 369/400 ERROR: No .raw files found in temp_dir.
Job 677: 370/400 ERROR: No .raw files found in temp_dir.
Job 677: 371/400 ERROR: No .raw files found in temp_dir.
Job 677: 372/400 ERROR: No .raw files found in temp_dir.
Job 677: 373/400 ERROR: No .raw files found in temp_dir.
Job 677: 374/400 ERROR: No .raw files found in temp_dir.
Job 677: 375/400 ERROR: No .raw files found in temp_dir.
Job 677: 376/400 ERROR: No .raw files found in temp_dir.
Job 677: 377/400 ERROR: No .raw files found in temp_dir.
Job 677: 378/400 ERROR: No .raw files found in temp_dir.
Job 677: 379/400 ERROR: No .raw files found in temp_dir.
Job 677: 380/400 ERROR: No .raw files found in temp_dir.
Job 677: 381/400 ERROR: No .raw files found in temp_dir.
Job 677: 382/400 ERROR: No .raw files found in temp_dir.
Job 677: 383/400 ERROR: No .raw files found in temp_dir.
Job 677: 384/400 ERROR: No .raw files found in temp_dir.
Job 677: 385/400 ERROR: No .raw files found in temp_dir.
Job 677: 386/400 ERROR: No .raw files found in temp_dir.
Job 677: 387/400 ERROR: No .raw files found in temp_dir.
Job 677: 388/400 ERROR: No .raw files found in temp_dir.
Job 677: 389/400 ERROR: No .raw files found in temp_dir.
Job 677: 390/400 ERROR: No .raw files found in temp_dir.
Job 677: 391/400 ERROR: No .raw files found in temp_dir.
Job 677: 392/400 ERROR: No .raw files found in temp_dir.
Job 677: 393/400 ERROR: No .raw files found in temp_dir.
Job 677: 394/400 ERROR: No .raw files found in temp_dir.
Job 677: 395/400 ERROR: No .raw files found in temp_dir.
Job 677: 396/400 ERROR: No .raw files found in temp_dir.
Job 677: 397/400 ERROR: No .raw files found in temp_dir.
Job 677: 398/400 ERROR: No .raw files found in temp_dir.
Job 677: 399/400 ERROR: No .raw files found in temp_dir.
Job 677: 400/400 ERROR: No .raw files found in temp_dir.
Warning messages:
1: In data.table::fread(raw_file, data.table = FALSE) :
  Discarded single-line footer: <<0	GTEX-132NY	0	0	0	-9	2	2	2	2	2	1	2	2	2	2	2	2	1	2	2	2	2	2	2	2	2	2	2	2	2	2	2	2	0	2	0	2	2	2	1	2	2	0	2	2	2	2	2	2	2	2	2	2	2	2	2	2	2	2	2	0	2	2	2	2	2	2	2	2	2	2	2	2	2	2	2	2	2	1	2	2	2	0	2	2	2	2	2	2	2	2	2	2	2	2	0	2	2	2	2	2	2	2	2	2	2	2	2	2	0	2	2	2	2	2	2	2	2	1	2	2	2	2	2	2	2	2	2	2	2	2	2	2	2	0	2	2	2	2	2	2	2	2	1	2	1	2	1	2	2	2	2	2	2	2	2	2	2	2	2	2	2	2	2	2	2	2	2	2	2	2	2	2	2	2	2	2	2	2	2	2	2	2	2	2	2	2	2	2	2	2	2	2	2	2	2	2	2	2	2	2	2	2	2	2	2	2	2	2	2	2	2	2	2	2	2	2	2	2	2	2	2	2	2	2	2	2	2	2	2	2	2	2	2	2	2	2	2	2	2	2	2	2	2	>>
2: In data.table::fread(raw_file, data.table = FALSE) :
  Discarded single-line footer: <<0	GTEX-1MCYP	0	0	0	-9	2	2	2	2	2	0	2	2	2	2	2	2	1	1	2	2	2	2	2	2	2	2	2	1	2	2	2	2	0	2	0	2	2	2	0	2	2	0	2	2	2	2	2	2	2	2	2	2	1	2	2	2	2	2	2	0	2	2	2	2	2	2	2	2	2	2	2	2	2	2	2	2	2	1	2	2	2	0	2	2	2	2	2	2	2	2	2	2	2	2	0	2	2	2	2	2	2	2	2	2	2	2	2	2	0	2	2	2	1	2	2	2	2	1	2	2	2	2	2	2	2	2	2	2	2	2	2	1	2	0	2	2	2	2	1	2	1	2	0	1	0	2	1	2	2	2	2	2	2	2	2	2	2	2	2	2	2	2	2	2	2	2	2	2	2	2	2	2	2	2	2	2	2	2	2	2	2	2	2	2	2	2	2	2	2	2	2	2	2	2	2	2	2	2	2	2	2	2	2	2	2	2	2	2	2	2	2	2	2	2	2	2	2	2	2	2	2	2	2	2	2	2	2	2	2	2	2	2	2	2	2	2	2	2	2	2	2	2	2	>>
3: In data.table::fread(raw_file, data.table = FALSE) :
  Discarded single-line footer: <<0	GTEX-14DAQ	0	0	0	-9	2	2	1	2	2	2	2	2	2	2	2	2	2	2	2	2	2	2	2	2	2	2	2	1	1	2	2	2	2	2	1	2	2	2	2	1	2	2	2	2	2	2	2	2	2	2	2	2	2	2	2	2	1	2	2	2	2	2	2	2	2	2	2	1	2	2	2	2	2	2	2	2	2	2	2	2	2	1	2	2	2	2	2	2	2	2	2	2	2	2	2	2	2	2	1	2	2	2	2	2	2	2	2	1	2	1	2	2	2	2	2	2	2	2	2	2	2	2	2	2	NA	NA	NA	2	2	1	2	2	2	2	2	2	2	2	2	1	2	2	2	2	2	2	2	2	2	2	2	2	1	NA	NA	1	2	2	2	2	2	2	2	2	1	2	2	2	1	2	2	2	1	2	2	2	2	2	2	2	2	2	2	2	2	2	1	2	2	2	2	2	0	0	2	2	2	2	2	2	2	2	2	2	2	2	2	2	2	2	2	1	2	2	2	2	2	2	1	2	2	2	2	2	2	2	1	2	2	2	2	2	2	2	2	2	2	2	2	2	2>>
