Registered S3 methods overwritten by 'susieSlide':
  method              from  
  coef.susie          susieR
  predict.susie       susieR
  print.summary.susie susieR
  summary.susie       susieR
Job 370: 1/400
Job 370: 2/400
Job 370: 3/400
Job 370: 4/400
Job 370: 5/400
Job 370: 6/400
Job 370: 7/400
Job 370: 8/400
Job 370: 9/400
Job 370: 10/400
Job 370: 11/400
Job 370: 12/400
Job 370: 13/400
Job 370: 14/400
Job 370: 15/400
Job 370: 16/400
Job 370: 17/400
Job 370: 18/400
Job 370: 19/400
Job 370: 20/400
Job 370: 21/400
Job 370: 22/400
Job 370: 23/400
Job 370: 24/400
Job 370: 25/400
Job 370: 26/400
Job 370: 27/400
Job 370: 28/400
Job 370: 29/400
Job 370: 30/400
Job 370: 31/400
Job 370: 32/400
Job 370: 33/400
Job 370: 34/400
Job 370: 35/400
Job 370: 36/400
Job 370: 37/400
Job 370: 38/400
Job 370: 39/400
Job 370: 40/400
Job 370: 41/400
Job 370: 42/400
Job 370: 43/400
Job 370: 44/400
Job 370: 45/400
Job 370: 46/400
Job 370: 47/400
Job 370: 48/400
Job 370: 49/400
Job 370: 50/400
Job 370: 51/400
Job 370: 52/400
Job 370: 53/400
Job 370: 54/400
Job 370: 55/400
Job 370: 56/400
Job 370: 57/400
Job 370: 58/400
Job 370: 59/400
Job 370: 60/400
Job 370: 61/400
Job 370: 62/400
Job 370: 63/400
Job 370: 64/400
Job 370: 65/400
Job 370: 66/400
Job 370: 67/400
Job 370: 68/400
Job 370: 69/400
Job 370: 70/400
Job 370: 71/400
Job 370: 72/400
Job 370: 73/400
Job 370: 74/400
Job 370: 75/400
Job 370: 76/400
Job 370: 77/400
Job 370: 78/400
Job 370: 79/400
Job 370: 80/400
Job 370: 81/400
Job 370: 82/400
Job 370: 83/400
Job 370: 84/400
Job 370: 85/400
Job 370: 86/400
Job 370: 87/400
Job 370: 88/400
Job 370: 89/400
Job 370: 90/400
Job 370: 91/400
Job 370: 92/400
Job 370: 93/400
Job 370: 94/400
Job 370: 95/400
Job 370: 96/400
Job 370: 97/400
Job 370: 98/400
Job 370: 99/400
Job 370: 100/400
Job 370: 101/400
Job 370: 102/400
Job 370: 103/400
Job 370: 104/400
Job 370: 105/400
Job 370: 106/400
Job 370: 107/400
Job 370: 108/400
Job 370: 109/400
Job 370: 110/400
Job 370: 111/400
Job 370: 112/400
Job 370: 113/400
Job 370: 114/400
Job 370: 115/400
Job 370: 116/400
Job 370: 117/400
Job 370: 118/400
Job 370: 119/400
Job 370: 120/400
Job 370: 121/400
Job 370: 122/400
Job 370: 123/400
Job 370: 124/400
Job 370: 125/400
Job 370: 126/400
Job 370: 127/400
Job 370: 128/400
Job 370: 129/400
Job 370: 130/400
Job 370: 131/400
Job 370: 132/400
Job 370: 133/400
Job 370: 134/400
Job 370: 135/400
Job 370: 136/400
Job 370: 137/400
Job 370: 138/400
Job 370: 139/400
Job 370: 140/400
Job 370: 141/400
Job 370: 142/400
Job 370: 143/400
Job 370: 144/400
Job 370: 145/400
Job 370: 146/400
Job 370: 147/400
Job 370: 148/400
Job 370: 149/400
Job 370: 150/400
Job 370: 151/400
Job 370: 152/400
Job 370: 153/400
Job 370: 154/400
Job 370: 155/400
Job 370: 156/400
Job 370: 157/400
Job 370: 158/400
Job 370: 159/400
Job 370: 160/400
Job 370: 161/400
Job 370: 162/400
Job 370: 163/400
Job 370: 164/400
Job 370: 165/400
Job 370: 166/400
Job 370: 167/400
Job 370: 168/400
Job 370: 169/400
Job 370: 170/400
Job 370: 171/400
Job 370: 172/400
Job 370: 173/400
Job 370: 174/400
Job 370: 175/400
Job 370: 176/400
Job 370: 177/400
Job 370: 178/400
Job 370: 179/400
Job 370: 180/400
Job 370: 181/400
Job 370: 182/400
Job 370: 183/400
Job 370: 184/400
Job 370: 185/400
Job 370: 186/400
Job 370: 187/400
Job 370: 188/400
Job 370: 189/400
Job 370: 190/400
Job 370: 191/400
Job 370: 192/400
Job 370: 193/400
Job 370: 194/400
Job 370: 195/400
Job 370: 196/400
Job 370: 197/400
Job 370: 198/400
Job 370: 199/400
Job 370: 200/400
Job 370: 201/400
Job 370: 202/400
Job 370: 203/400
Job 370: 204/400
Job 370: 205/400
Job 370: 206/400
Job 370: 207/400
Job 370: 208/400
Job 370: 209/400
Job 370: 210/400
Job 370: 211/400
Job 370: 212/400
Job 370: 213/400
Job 370: 214/400
Job 370: 215/400
Job 370: 216/400
Job 370: 217/400
Job 370: 218/400
Job 370: 219/400
Job 370: 220/400
Job 370: 221/400
Job 370: 222/400
Job 370: 223/400
Job 370: 224/400
Job 370: 225/400
Job 370: 226/400
Job 370: 227/400
Job 370: 228/400
Job 370: 229/400
Job 370: 230/400
Job 370: 231/400
Job 370: 232/400
Job 370: 233/400
Job 370: 234/400
Job 370: 235/400
Job 370: 236/400
Job 370: 237/400
Job 370: 238/400
Job 370: 239/400
Job 370: 240/400
Job 370: 241/400
Job 370: 242/400
Job 370: 243/400
Job 370: 244/400
Job 370: 245/400
Job 370: 246/400
Job 370: 247/400
Job 370: 248/400
Job 370: 249/400
Job 370: 250/400
Job 370: 251/400
Job 370: 252/400
Job 370: 253/400
Job 370: 254/400
Job 370: 255/400
Job 370: 256/400
Job 370: 257/400
Job 370: 258/400
Job 370: 259/400
Job 370: 260/400
Job 370: 261/400
Job 370: 262/400
Job 370: 263/400
Job 370: 264/400
Job 370: 265/400
Job 370: 266/400
Job 370: 267/400
Job 370: 268/400
Job 370: 269/400
Job 370: 270/400
Job 370: 271/400
Job 370: 272/400
Job 370: 273/400
Job 370: 274/400
Job 370: 275/400
Job 370: 276/400
Job 370: 277/400
Job 370: 278/400
Job 370: 279/400
Job 370: 280/400
Job 370: 281/400
Job 370: 282/400
Job 370: 283/400
Job 370: 284/400
Job 370: 285/400
Job 370: 286/400
Job 370: 287/400
Job 370: 288/400
Job 370: 289/400
Job 370: 290/400
Job 370: 291/400
Job 370: 292/400
Job 370: 293/400
Job 370: 294/400
Job 370: 295/400
Job 370: 296/400
Job 370: 297/400
Job 370: 298/400
Job 370: 299/400
Job 370: 300/400
Job 370: 301/400
Job 370: 302/400
Job 370: 303/400
Job 370: 304/400
Job 370: 305/400
Job 370: 306/400
Job 370: 307/400
Job 370: 308/400
Job 370: 309/400
Job 370: 310/400
Job 370: 311/400
Job 370: 312/400
Job 370: 313/400
Job 370: 314/400
Job 370: 315/400
Job 370: 316/400
Job 370: 317/400
Job 370: 318/400
Job 370: 319/400
Job 370: 320/400
Job 370: 321/400
Job 370: 322/400
Job 370: 323/400
Job 370: 324/400
Job 370: 325/400
Job 370: 326/400
Job 370: 327/400
Job 370: 328/400
Job 370: 329/400
Job 370: 330/400
Job 370: 331/400
Job 370: 332/400
Job 370: 333/400
Job 370: 334/400
Job 370: 335/400
Job 370: 336/400
Job 370: 337/400
Job 370: 338/400
Job 370: 339/400
Job 370: 340/400
Job 370: 341/400
Job 370: 342/400
Job 370: 343/400
Job 370: 344/400
Job 370: 345/400
Job 370: 346/400
Job 370: 347/400
Job 370: 348/400
Job 370: 349/400
Job 370: 350/400
Job 370: 351/400
Job 370: 352/400
Job 370: 353/400
Job 370: 354/400
Job 370: 355/400
Job 370: 356/400
Job 370: 357/400
Job 370: 358/400
Job 370: 359/400
Job 370: 360/400
Job 370: 361/400
Job 370: 362/400
Job 370: 363/400
Job 370: 364/400
Job 370: 365/400
Job 370: 366/400
Job 370: 367/400
Job 370: 368/400
Job 370: 369/400
Job 370: 370/400
Job 370: 371/400
Job 370: 372/400
Job 370: 373/400
Job 370: 374/400
Job 370: 375/400
Job 370: 376/400
Job 370: 377/400
Job 370: 378/400
Job 370: 379/400
Job 370: 380/400
Job 370: 381/400
Job 370: 382/400
Job 370: 383/400
Job 370: 384/400
Job 370: 385/400
Job 370: 386/400
Job 370: 387/400
Job 370: 388/400
Job 370: 389/400
Job 370: 390/400
Job 370: 391/400
Job 370: 392/400
Job 370: 393/400
Job 370: 394/400
Job 370: 395/400
Job 370: 396/400
Job 370: 397/400
Job 370: 398/400
Job 370: 399/400
Job 370: 400/400
