Registered S3 methods overwritten by 'susieSlide':
  method              from  
  coef.susie          susieR
  predict.susie       susieR
  print.summary.susie susieR
  summary.susie       susieR
Job 653: 1/400
Job 653: 2/400
Job 653: 3/400
Job 653: 4/400
Job 653: 5/400
Job 653: 6/400
Job 653: 7/400
Job 653: 8/400
Job 653: 9/400
Job 653: 10/400
Job 653: 11/400
Job 653: 12/400
Job 653: 13/400
Job 653: 14/400
Job 653: 15/400
Job 653: 16/400
Job 653: 17/400
Job 653: 18/400
Job 653: 19/400
Job 653: 20/400
Job 653: 21/400
Job 653: 22/400 ERROR: No .raw files found in temp_dir.
Job 653: 23/400 ERROR: No .raw files found in temp_dir.
Job 653: 24/400 ERROR: No .raw files found in temp_dir.
Job 653: 25/400 ERROR: No .raw files found in temp_dir.
Job 653: 26/400 ERROR: No .raw files found in temp_dir.
Job 653: 27/400 ERROR: No .raw files found in temp_dir.
Job 653: 28/400 ERROR: No .raw files found in temp_dir.
Job 653: 29/400 ERROR: No .raw files found in temp_dir.
Job 653: 30/400 ERROR: No .raw files found in temp_dir.
Job 653: 31/400 ERROR: No .raw files found in temp_dir.
Job 653: 32/400 ERROR: No .raw files found in temp_dir.
Job 653: 33/400 ERROR: No .raw files found in temp_dir.
Job 653: 34/400 ERROR: No .raw files found in temp_dir.
Job 653: 35/400 ERROR: No .raw files found in temp_dir.
Job 653: 36/400 ERROR: No .raw files found in temp_dir.
Job 653: 37/400 ERROR: No .raw files found in temp_dir.
Job 653: 38/400 ERROR: No .raw files found in temp_dir.
Job 653: 39/400 ERROR: No .raw files found in temp_dir.
Job 653: 40/400 ERROR: No .raw files found in temp_dir.
Job 653: 41/400 ERROR: No .raw files found in temp_dir.
Job 653: 42/400 ERROR: No .raw files found in temp_dir.
Job 653: 43/400 ERROR: No .raw files found in temp_dir.
Job 653: 44/400 ERROR: No .raw files found in temp_dir.
Job 653: 45/400 ERROR: No .raw files found in temp_dir.
Job 653: 46/400 ERROR: No .raw files found in temp_dir.
Job 653: 47/400 ERROR: No .raw files found in temp_dir.
Job 653: 48/400 ERROR: No .raw files found in temp_dir.
Job 653: 49/400 ERROR: No .raw files found in temp_dir.
Job 653: 50/400 ERROR: No .raw files found in temp_dir.
Job 653: 51/400 ERROR: No .raw files found in temp_dir.
Job 653: 52/400 ERROR: No .raw files found in temp_dir.
Job 653: 53/400 ERROR: No .raw files found in temp_dir.
Job 653: 54/400 ERROR: No .raw files found in temp_dir.
Job 653: 55/400 ERROR: No .raw files found in temp_dir.
Job 653: 56/400 ERROR: No .raw files found in temp_dir.
Job 653: 57/400 ERROR: No .raw files found in temp_dir.
Job 653: 58/400 ERROR: No .raw files found in temp_dir.
Job 653: 59/400 ERROR: No .raw files found in temp_dir.
Job 653: 60/400 ERROR: No .raw files found in temp_dir.
Job 653: 61/400 ERROR: No .raw files found in temp_dir.
Job 653: 62/400 ERROR: No .raw files found in temp_dir.
Job 653: 63/400 ERROR: No .raw files found in temp_dir.
Job 653: 64/400 ERROR: No .raw files found in temp_dir.
Job 653: 65/400 ERROR: No .raw files found in temp_dir.
Job 653: 66/400 ERROR: No .raw files found in temp_dir.
Job 653: 67/400 ERROR: No .raw files found in temp_dir.
Job 653: 68/400 ERROR: No .raw files found in temp_dir.
Job 653: 69/400 ERROR: No .raw files found in temp_dir.
Job 653: 70/400 ERROR: No .raw files found in temp_dir.
Job 653: 71/400 ERROR: No .raw files found in temp_dir.
Job 653: 72/400 ERROR: No .raw files found in temp_dir.
Job 653: 73/400 ERROR: No .raw files found in temp_dir.
Job 653: 74/400 ERROR: No .raw files found in temp_dir.
Job 653: 75/400 ERROR: No .raw files found in temp_dir.
Job 653: 76/400 ERROR: No .raw files found in temp_dir.
Job 653: 77/400 ERROR: No .raw files found in temp_dir.
Job 653: 78/400 ERROR: No .raw files found in temp_dir.
Job 653: 79/400 ERROR: No .raw files found in temp_dir.
Job 653: 80/400 ERROR: No .raw files found in temp_dir.
Job 653: 81/400 ERROR: No .raw files found in temp_dir.
Job 653: 82/400 ERROR: No .raw files found in temp_dir.
Job 653: 83/400 ERROR: No .raw files found in temp_dir.
Job 653: 84/400 ERROR: No .raw files found in temp_dir.
Job 653: 85/400 ERROR: No .raw files found in temp_dir.
Job 653: 86/400 ERROR: No .raw files found in temp_dir.
Job 653: 87/400 ERROR: No .raw files found in temp_dir.
Job 653: 88/400 ERROR: No .raw files found in temp_dir.
Job 653: 89/400 ERROR: No .raw files found in temp_dir.
Job 653: 90/400 ERROR: No .raw files found in temp_dir.
Job 653: 91/400 ERROR: No .raw files found in temp_dir.
Job 653: 92/400 ERROR: No .raw files found in temp_dir.
Job 653: 93/400 ERROR: No .raw files found in temp_dir.
Job 653: 94/400 ERROR: No .raw files found in temp_dir.
Job 653: 95/400 ERROR: No .raw files found in temp_dir.
Job 653: 96/400 ERROR: No .raw files found in temp_dir.
Job 653: 97/400 ERROR: No .raw files found in temp_dir.
Job 653: 98/400 ERROR: No .raw files found in temp_dir.
Job 653: 99/400 ERROR: No .raw files found in temp_dir.
Job 653: 100/400 ERROR: No .raw files found in temp_dir.
Job 653: 101/400 ERROR: No .raw files found in temp_dir.
Job 653: 102/400 ERROR: Not enough donors for the requested n.
Job 653: 103/400
Job 653: 104/400
Job 653: 105/400
Job 653: 106/400
Job 653: 107/400
Job 653: 108/400
Job 653: 109/400
Job 653: 110/400
Job 653: 111/400
Job 653: 112/400
Job 653: 113/400
Job 653: 114/400
Job 653: 115/400
Job 653: 116/400
Job 653: 117/400
Job 653: 118/400
Job 653: 119/400
Job 653: 120/400
Job 653: 121/400
Job 653: 122/400
Job 653: 123/400
Job 653: 124/400
Job 653: 125/400
Job 653: 126/400
Job 653: 127/400
Job 653: 128/400 ERROR: No .raw files found in temp_dir.
Job 653: 129/400 ERROR: No .raw files found in temp_dir.
Job 653: 130/400 ERROR: No .raw files found in temp_dir.
Job 653: 131/400 ERROR: No .raw files found in temp_dir.
Job 653: 132/400 ERROR: No .raw files found in temp_dir.
Job 653: 133/400 ERROR: No .raw files found in temp_dir.
Job 653: 134/400 ERROR: No .raw files found in temp_dir.
Job 653: 135/400 ERROR: No .raw files found in temp_dir.
Job 653: 136/400 ERROR: No .raw files found in temp_dir.
Job 653: 137/400 ERROR: No .raw files found in temp_dir.
Job 653: 138/400 ERROR: No .raw files found in temp_dir.
Job 653: 139/400 ERROR: No .raw files found in temp_dir.
Job 653: 140/400 ERROR: No .raw files found in temp_dir.
Job 653: 141/400 ERROR: No .raw files found in temp_dir.
Job 653: 142/400 ERROR: No .raw files found in temp_dir.
Job 653: 143/400 ERROR: No .raw files found in temp_dir.
Job 653: 144/400 ERROR: No .raw files found in temp_dir.
Job 653: 145/400 ERROR: No .raw files found in temp_dir.
Job 653: 146/400 ERROR: No .raw files found in temp_dir.
Job 653: 147/400 ERROR: No .raw files found in temp_dir.
Job 653: 148/400 ERROR: No .raw files found in temp_dir.
Job 653: 149/400 ERROR: No .raw files found in temp_dir.
Job 653: 150/400 ERROR: No .raw files found in temp_dir.
Job 653: 151/400 ERROR: No .raw files found in temp_dir.
Job 653: 152/400 ERROR: No .raw files found in temp_dir.
Job 653: 153/400 ERROR: No .raw files found in temp_dir.
Job 653: 154/400 ERROR: No .raw files found in temp_dir.
Job 653: 155/400 ERROR: No .raw files found in temp_dir.
Job 653: 156/400 ERROR: No .raw files found in temp_dir.
Job 653: 157/400 ERROR: No .raw files found in temp_dir.
Job 653: 158/400 ERROR: No .raw files found in temp_dir.
Job 653: 159/400 ERROR: No .raw files found in temp_dir.
Job 653: 160/400 ERROR: No .raw files found in temp_dir.
Job 653: 161/400 ERROR: No .raw files found in temp_dir.
Job 653: 162/400 ERROR: No .raw files found in temp_dir.
Job 653: 163/400 ERROR: No .raw files found in temp_dir.
Job 653: 164/400 ERROR: No .raw files found in temp_dir.
Job 653: 165/400 ERROR: No .raw files found in temp_dir.
Job 653: 166/400 ERROR: No .raw files found in temp_dir.
Job 653: 167/400 ERROR: No .raw files found in temp_dir.
Job 653: 168/400 ERROR: No .raw files found in temp_dir.
Job 653: 169/400 ERROR: No .raw files found in temp_dir.
Job 653: 170/400 ERROR: No .raw files found in temp_dir.
Job 653: 171/400 ERROR: No .raw files found in temp_dir.
Job 653: 172/400 ERROR: No .raw files found in temp_dir.
Job 653: 173/400 ERROR: No .raw files found in temp_dir.
Job 653: 174/400 ERROR: No .raw files found in temp_dir.
Job 653: 175/400 ERROR: No .raw files found in temp_dir.
Job 653: 176/400 ERROR: No .raw files found in temp_dir.
Job 653: 177/400 ERROR: No .raw files found in temp_dir.
Job 653: 178/400 ERROR: No .raw files found in temp_dir.
Job 653: 179/400 ERROR: No .raw files found in temp_dir.
Job 653: 180/400 ERROR: No .raw files found in temp_dir.
Job 653: 181/400 ERROR: No .raw files found in temp_dir.
Job 653: 182/400 ERROR: No .raw files found in temp_dir.
Job 653: 183/400 ERROR: No .raw files found in temp_dir.
Job 653: 184/400 ERROR: No .raw files found in temp_dir.
Job 653: 185/400 ERROR: No .raw files found in temp_dir.
Job 653: 186/400 ERROR: No .raw files found in temp_dir.
Job 653: 187/400 ERROR: No .raw files found in temp_dir.
Job 653: 188/400
Job 653: 189/400
Job 653: 190/400
Job 653: 191/400
Job 653: 192/400
Job 653: 193/400
Job 653: 194/400
Job 653: 195/400
Job 653: 196/400
Job 653: 197/400
Job 653: 198/400
Job 653: 199/400
Job 653: 200/400
Job 653: 201/400
Job 653: 202/400
Job 653: 203/400
Job 653: 204/400
Job 653: 205/400
Job 653: 206/400
Job 653: 207/400
Job 653: 208/400
Job 653: 209/400
Job 653: 210/400
Job 653: 211/400
Job 653: 212/400
Job 653: 213/400
Job 653: 214/400 ERROR: No .raw files found in temp_dir.
Job 653: 215/400 ERROR: No .raw files found in temp_dir.
Job 653: 216/400 ERROR: No .raw files found in temp_dir.
Job 653: 217/400 ERROR: No .raw files found in temp_dir.
Job 653: 218/400 ERROR: No .raw files found in temp_dir.
Job 653: 219/400 ERROR: No .raw files found in temp_dir.
Job 653: 220/400 ERROR: No .raw files found in temp_dir.
Job 653: 221/400 ERROR: No .raw files found in temp_dir.
Job 653: 222/400 ERROR: No .raw files found in temp_dir.
Job 653: 223/400 ERROR: No .raw files found in temp_dir.
Job 653: 224/400 ERROR: No .raw files found in temp_dir.
Job 653: 225/400 ERROR: No .raw files found in temp_dir.
Job 653: 226/400 ERROR: No .raw files found in temp_dir.
Job 653: 227/400 ERROR: No .raw files found in temp_dir.
Job 653: 228/400 ERROR: No .raw files found in temp_dir.
Job 653: 229/400 ERROR: No .raw files found in temp_dir.
Job 653: 230/400 ERROR: No .raw files found in temp_dir.
Job 653: 231/400 ERROR: No .raw files found in temp_dir.
Job 653: 232/400 ERROR: No .raw files found in temp_dir.
Job 653: 233/400 ERROR: No .raw files found in temp_dir.
Job 653: 234/400 ERROR: No .raw files found in temp_dir.
Job 653: 235/400 ERROR: No .raw files found in temp_dir.
Job 653: 236/400 ERROR: No .raw files found in temp_dir.
Job 653: 237/400 ERROR: No .raw files found in temp_dir.
Job 653: 238/400 ERROR: No .raw files found in temp_dir.
Job 653: 239/400 ERROR: No .raw files found in temp_dir.
Job 653: 240/400 ERROR: No .raw files found in temp_dir.
Job 653: 241/400 ERROR: No .raw files found in temp_dir.
Job 653: 242/400 ERROR: No .raw files found in temp_dir.
Job 653: 243/400 ERROR: No .raw files found in temp_dir.
Job 653: 244/400 ERROR: No .raw files found in temp_dir.
Job 653: 245/400 ERROR: No .raw files found in temp_dir.
Job 653: 246/400 ERROR: No .raw files found in temp_dir.
Job 653: 247/400 ERROR: No .raw files found in temp_dir.
Job 653: 248/400 ERROR: No .raw files found in temp_dir.
Job 653: 249/400 ERROR: No .raw files found in temp_dir.
Job 653: 250/400 ERROR: No .raw files found in temp_dir.
Job 653: 251/400 ERROR: No .raw files found in temp_dir.
Job 653: 252/400 ERROR: No .raw files found in temp_dir.
Job 653: 253/400 ERROR: No .raw files found in temp_dir.
Job 653: 254/400 ERROR: No .raw files found in temp_dir.
Job 653: 255/400 ERROR: No .raw files found in temp_dir.
Job 653: 256/400 ERROR: No .raw files found in temp_dir.
Job 653: 257/400 ERROR: No .raw files found in temp_dir.
Job 653: 258/400 ERROR: No .raw files found in temp_dir.
Job 653: 259/400 ERROR: No .raw files found in temp_dir.
Job 653: 260/400 ERROR: No .raw files found in temp_dir.
Job 653: 261/400 ERROR: No .raw files found in temp_dir.
Job 653: 262/400 ERROR: No .raw files found in temp_dir.
Job 653: 263/400 ERROR: No .raw files found in temp_dir.
Job 653: 264/400 ERROR: No .raw files found in temp_dir.
Job 653: 265/400 ERROR: No .raw files found in temp_dir.
Job 653: 266/400 ERROR: No .raw files found in temp_dir.
Job 653: 267/400 ERROR: No .raw files found in temp_dir.
Job 653: 268/400 ERROR: No .raw files found in temp_dir.
Job 653: 269/400 ERROR: No .raw files found in temp_dir.
Job 653: 270/400 ERROR: No .raw files found in temp_dir.
Job 653: 271/400 ERROR: No .raw files found in temp_dir.
Job 653: 272/400 ERROR: No .raw files found in temp_dir.
Job 653: 273/400 ERROR: No .raw files found in temp_dir.
Job 653: 274/400 ERROR: No .raw files found in temp_dir.
Job 653: 275/400 ERROR: No .raw files found in temp_dir.
Job 653: 276/400 ERROR: No .raw files found in temp_dir.
Job 653: 277/400 ERROR: No .raw files found in temp_dir.
Job 653: 278/400 ERROR: No .raw files found in temp_dir.
Job 653: 279/400 ERROR: No .raw files found in temp_dir.
Job 653: 280/400 ERROR: No .raw files found in temp_dir.
Job 653: 281/400 ERROR: No .raw files found in temp_dir.
Job 653: 282/400 ERROR: No .raw files found in temp_dir.
Job 653: 283/400 ERROR: No .raw files found in temp_dir.
Job 653: 284/400 ERROR: No .raw files found in temp_dir.
Job 653: 285/400 ERROR: No .raw files found in temp_dir.
Job 653: 286/400 ERROR: No .raw files found in temp_dir.
Job 653: 287/400 ERROR: No .raw files found in temp_dir.
Job 653: 288/400 ERROR: No .raw files found in temp_dir.
Job 653: 289/400 ERROR: No .raw files found in temp_dir.
Job 653: 290/400 ERROR: No .raw files found in temp_dir.
Job 653: 291/400 ERROR: No .raw files found in temp_dir.
Job 653: 292/400 ERROR: No .raw files found in temp_dir.
Job 653: 293/400 ERROR: No .raw files found in temp_dir.
Job 653: 294/400 ERROR: No .raw files found in temp_dir.
Job 653: 295/400 ERROR: No .raw files found in temp_dir.
Job 653: 296/400 ERROR: No .raw files found in temp_dir.
Job 653: 297/400 ERROR: No .raw files found in temp_dir.
Job 653: 298/400 ERROR: No .raw files found in temp_dir.
Job 653: 299/400 ERROR: No .raw files found in temp_dir.
Job 653: 300/400 ERROR: No .raw files found in temp_dir.
Job 653: 301/400 ERROR: No .raw files found in temp_dir.
Job 653: 302/400 ERROR: No .raw files found in temp_dir.
Job 653: 303/400 ERROR: No .raw files found in temp_dir.
Job 653: 304/400 ERROR: No .raw files found in temp_dir.
Job 653: 305/400 ERROR: No .raw files found in temp_dir.
Job 653: 306/400 ERROR: No .raw files found in temp_dir.
Job 653: 307/400 ERROR: No .raw files found in temp_dir.
Job 653: 308/400 ERROR: No .raw files found in temp_dir.
Job 653: 309/400 ERROR: No .raw files found in temp_dir.
Job 653: 310/400 ERROR: No .raw files found in temp_dir.
Job 653: 311/400 ERROR: No .raw files found in temp_dir.
Job 653: 312/400 ERROR: No .raw files found in temp_dir.
Job 653: 313/400 ERROR: No .raw files found in temp_dir.
Job 653: 314/400 ERROR: No .raw files found in temp_dir.
Job 653: 315/400 ERROR: No .raw files found in temp_dir.
Job 653: 316/400 ERROR: No .raw files found in temp_dir.
Job 653: 317/400 ERROR: No .raw files found in temp_dir.
Job 653: 318/400 ERROR: No .raw files found in temp_dir.
Job 653: 319/400 ERROR: No .raw files found in temp_dir.
Job 653: 320/400 ERROR: No .raw files found in temp_dir.
Job 653: 321/400 ERROR: No .raw files found in temp_dir.
Job 653: 322/400 ERROR: No .raw files found in temp_dir.
Job 653: 323/400 ERROR: No .raw files found in temp_dir.
Job 653: 324/400 ERROR: No .raw files found in temp_dir.
Job 653: 325/400 ERROR: No .raw files found in temp_dir.
Job 653: 326/400 ERROR: No .raw files found in temp_dir.
Job 653: 327/400 ERROR: No .raw files found in temp_dir.
Job 653: 328/400 ERROR: No .raw files found in temp_dir.
Job 653: 329/400 ERROR: No .raw files found in temp_dir.
Job 653: 330/400 ERROR: No .raw files found in temp_dir.
Job 653: 331/400 ERROR: No .raw files found in temp_dir.
Job 653: 332/400 ERROR: No .raw files found in temp_dir.
Job 653: 333/400 ERROR: No .raw files found in temp_dir.
Job 653: 334/400 ERROR: No .raw files found in temp_dir.
Job 653: 335/400 ERROR: No .raw files found in temp_dir.
Job 653: 336/400 ERROR: No .raw files found in temp_dir.
Job 653: 337/400 ERROR: No .raw files found in temp_dir.
Job 653: 338/400 ERROR: No .raw files found in temp_dir.
Job 653: 339/400 ERROR: No .raw files found in temp_dir.
Job 653: 340/400 ERROR: No .raw files found in temp_dir.
Job 653: 341/400 ERROR: No .raw files found in temp_dir.
Job 653: 342/400 ERROR: No .raw files found in temp_dir.
Job 653: 343/400 ERROR: No .raw files found in temp_dir.
Job 653: 344/400 ERROR: No .raw files found in temp_dir.
Job 653: 345/400 ERROR: No .raw files found in temp_dir.
Job 653: 346/400 ERROR: No .raw files found in temp_dir.
Job 653: 347/400 ERROR: No .raw files found in temp_dir.
Job 653: 348/400 ERROR: No .raw files found in temp_dir.
Job 653: 349/400 ERROR: No .raw files found in temp_dir.
Job 653: 350/400 ERROR: No .raw files found in temp_dir.
Job 653: 351/400 ERROR: No .raw files found in temp_dir.
Job 653: 352/400 ERROR: No .raw files found in temp_dir.
Job 653: 353/400 ERROR: No .raw files found in temp_dir.
Job 653: 354/400 ERROR: No .raw files found in temp_dir.
Job 653: 355/400 ERROR: No .raw files found in temp_dir.
Job 653: 356/400 ERROR: No .raw files found in temp_dir.
Job 653: 357/400 ERROR: No .raw files found in temp_dir.
Job 653: 358/400 ERROR: No .raw files found in temp_dir.
Job 653: 359/400 ERROR: No .raw files found in temp_dir.
Job 653: 360/400 ERROR: No .raw files found in temp_dir.
Job 653: 361/400 ERROR: No .raw files found in temp_dir.
Job 653: 362/400 ERROR: No .raw files found in temp_dir.
Job 653: 363/400 ERROR: No .raw files found in temp_dir.
Job 653: 364/400 ERROR: No .raw files found in temp_dir.
Job 653: 365/400 ERROR: No .raw files found in temp_dir.
Job 653: 366/400 ERROR: No .raw files found in temp_dir.
Job 653: 367/400 ERROR: No .raw files found in temp_dir.
Job 653: 368/400 ERROR: No .raw files found in temp_dir.
Job 653: 369/400 ERROR: No .raw files found in temp_dir.
Job 653: 370/400 ERROR: No .raw files found in temp_dir.
Job 653: 371/400 ERROR: No .raw files found in temp_dir.
Job 653: 372/400 ERROR: No .raw files found in temp_dir.
Job 653: 373/400 ERROR: No .raw files found in temp_dir.
Job 653: 374/400 ERROR: No .raw files found in temp_dir.
Job 653: 375/400 ERROR: No .raw files found in temp_dir.
Job 653: 376/400 ERROR: No .raw files found in temp_dir.
Job 653: 377/400 ERROR: No .raw files found in temp_dir.
Job 653: 378/400 ERROR: No .raw files found in temp_dir.
Job 653: 379/400 ERROR: No .raw files found in temp_dir.
Job 653: 380/400 ERROR: No .raw files found in temp_dir.
Job 653: 381/400 ERROR: No .raw files found in temp_dir.
Job 653: 382/400 ERROR: No .raw files found in temp_dir.
Job 653: 383/400 ERROR: No .raw files found in temp_dir.
Job 653: 384/400 ERROR: No .raw files found in temp_dir.
Job 653: 385/400 ERROR: No .raw files found in temp_dir.
Job 653: 386/400 ERROR: No .raw files found in temp_dir.
Job 653: 387/400 ERROR: No .raw files found in temp_dir.
Job 653: 388/400 ERROR: No .raw files found in temp_dir.
Job 653: 389/400 ERROR: No .raw files found in temp_dir.
Job 653: 390/400 ERROR: No .raw files found in temp_dir.
Job 653: 391/400 ERROR: No .raw files found in temp_dir.
Job 653: 392/400 ERROR: No .raw files found in temp_dir.
Job 653: 393/400 ERROR: No .raw files found in temp_dir.
Job 653: 394/400 ERROR: No .raw files found in temp_dir.
Job 653: 395/400 ERROR: No .raw files found in temp_dir.
Job 653: 396/400 ERROR: No .raw files found in temp_dir.
Job 653: 397/400 ERROR: No .raw files found in temp_dir.
Job 653: 398/400 ERROR: No .raw files found in temp_dir.
Job 653: 399/400 ERROR: No .raw files found in temp_dir.
Job 653: 400/400 ERROR: No .raw files found in temp_dir.
Warning messages:
1: In data.table::fread(raw_file, data.table = FALSE) :
  Discarded single-line footer: <<0	GTEX-139UC	0	0	0	-9	2	2	2	2	1	0	2	2	2	2	2	2	1	2	2	2	2	2	2	2	2	2	2	2	2	2	2	2	0	2	0	2	1	2	1	2	1	0	2	2	2	1	2	1	2	2	2	2	1	2	2	1	2	2	2	0	2	2	2	2	2	1	2	2	2	2	1	2	2	2	2	2	2	1	2	2	2	0	2	2	2	2	2	2	2	2	2	2	2	2	0	1	2	2	2	1	2	2	2	2	2	2	2	2	0	2	2	2	2	2	2	2	2	1	2	2	2	1	2	2	2	2	2	2	2	1	2	2	2	0	2	2	2	2	1	2	1	2	0	2	0	2	1	2	2	2	2	2	2	2	2	2	2	2	2	2	2	1	1	2	2	1	2	2	1	1	2	2	2	2	2	2	1	2	2	2	2	2	2	2	2	2	2	2	2	1	2	2	2	2	2	1	2	2	2	2	2	2	2	2	2	2	2	2	2	2	2	2	2	2	2	2	2	2	2	2	2	2	2	2	2	2	2	1	2	2	1	2	2	2	2	2	2	1	2	2	2	2	2	>>
2: In data.table::fread(raw_file, data.table = FALSE) :
  Discarded single-line footer: <<0	GTEX-1RLM8	0	0	0	-9	2	2	2	2	1	0	2	2	1	2	2	2	1	2	2	2	2	2	2	2	2	2	2	2	2	2	2	2	0	2	0	2	1	2	1	2	1	0	2	2	2	1	2	1	2	2	2	2	1	2	2	1	2	2	2	0	2	2	2	2	2	1	2	2	2	2	1	2	2	2	1	2	2	1	2	2	2	0	2	2	2	2	2	2	2	2	2	2	2	2	0	1	2	2	2	1	2	2	2	2	2	2	2	2	0	2	2	2	2	2	2	2	2	1	2	2	2	1	2	2	2	2	2	2	2	1	2	2	2	0	2	2	2	2	1	2	1	2	0	2	0	2	1	2	2	2	2	2	2	2	2	2	2	2	2	2	2	1	1	2	2	1	2	2	1	1	2	2	2	2	2	2	1	2	2	2	2	2	2	2	2	2	2	2	2	1	2	2	2	2	2	1	2	2	2	2	2	2	2	2	2	2	2	2	2	2	2	2	2	2	2	2	2	2	2	2	2	2	2	2	2	2	2	1	2	2	2	2	2	2	2	2	2	1	2	2	2	2	2	>>
