Registered S3 methods overwritten by 'susieSlide':
  method              from  
  coef.susie          susieR
  predict.susie       susieR
  print.summary.susie susieR
  summary.susie       susieR
Job 449: 1/400
Job 449: 2/400
Job 449: 3/400
Job 449: 4/400
Job 449: 5/400
Job 449: 6/400
Job 449: 7/400
Job 449: 8/400
Job 449: 9/400
Job 449: 10/400
Job 449: 11/400
Job 449: 12/400
Job 449: 13/400
Job 449: 14/400
Job 449: 15/400
Job 449: 16/400
Job 449: 17/400
Job 449: 18/400
Job 449: 19/400
Job 449: 20/400
Job 449: 21/400
Job 449: 22/400
Job 449: 23/400
Job 449: 24/400
Job 449: 25/400
Job 449: 26/400
Job 449: 27/400
Job 449: 28/400
Job 449: 29/400
Job 449: 30/400
Job 449: 31/400
Job 449: 32/400
Job 449: 33/400
Job 449: 34/400
Job 449: 35/400
Job 449: 36/400
Job 449: 37/400
Job 449: 38/400
Job 449: 39/400
Job 449: 40/400
Job 449: 41/400
Job 449: 42/400
Job 449: 43/400
Job 449: 44/400
Job 449: 45/400
Job 449: 46/400
Job 449: 47/400
Job 449: 48/400
Job 449: 49/400
Job 449: 50/400
Job 449: 51/400
Job 449: 52/400
Job 449: 53/400
Job 449: 54/400
Job 449: 55/400
Job 449: 56/400
Job 449: 57/400
Job 449: 58/400
Job 449: 59/400
Job 449: 60/400
Job 449: 61/400
Job 449: 62/400
Job 449: 63/400
Job 449: 64/400
Job 449: 65/400
Job 449: 66/400
Job 449: 67/400
Job 449: 68/400
Job 449: 69/400
Job 449: 70/400
Job 449: 71/400
Job 449: 72/400
Job 449: 73/400
Job 449: 74/400
Job 449: 75/400
Job 449: 76/400
Job 449: 77/400
Job 449: 78/400
Job 449: 79/400
Job 449: 80/400
Job 449: 81/400
Job 449: 82/400
Job 449: 83/400
Job 449: 84/400
Job 449: 85/400
Job 449: 86/400
Job 449: 87/400
Job 449: 88/400
Job 449: 89/400
Job 449: 90/400
Job 449: 91/400
Job 449: 92/400
Job 449: 93/400
Job 449: 94/400
Job 449: 95/400
Job 449: 96/400
Job 449: 97/400
Job 449: 98/400
Job 449: 99/400
Job 449: 100/400
Job 449: 101/400
Job 449: 102/400
Job 449: 103/400
Job 449: 104/400
Job 449: 105/400
Job 449: 106/400
Job 449: 107/400
Job 449: 108/400
Job 449: 109/400
Job 449: 110/400
Job 449: 111/400
Job 449: 112/400
Job 449: 113/400
Job 449: 114/400
Job 449: 115/400
Job 449: 116/400
Job 449: 117/400
Job 449: 118/400
Job 449: 119/400
Job 449: 120/400
Job 449: 121/400
Job 449: 122/400
Job 449: 123/400
Job 449: 124/400
Job 449: 125/400
Job 449: 126/400
Job 449: 127/400
Job 449: 128/400
Job 449: 129/400
Job 449: 130/400
Job 449: 131/400
Job 449: 132/400
Job 449: 133/400
Job 449: 134/400
Job 449: 135/400
Job 449: 136/400
Job 449: 137/400
Job 449: 138/400
Job 449: 139/400
Job 449: 140/400
Job 449: 141/400
Job 449: 142/400
Job 449: 143/400
Job 449: 144/400
Job 449: 145/400
Job 449: 146/400
Job 449: 147/400
Job 449: 148/400
Job 449: 149/400
Job 449: 150/400
Job 449: 151/400
Job 449: 152/400
Job 449: 153/400
Job 449: 154/400
Job 449: 155/400
Job 449: 156/400
Job 449: 157/400
Job 449: 158/400
Job 449: 159/400
Job 449: 160/400
Job 449: 161/400
Job 449: 162/400
Job 449: 163/400
Job 449: 164/400
Job 449: 165/400
Job 449: 166/400
Job 449: 167/400
Job 449: 168/400
Job 449: 169/400
Job 449: 170/400
Job 449: 171/400
Job 449: 172/400
Job 449: 173/400
Job 449: 174/400
Job 449: 175/400
Job 449: 176/400
Job 449: 177/400
Job 449: 178/400
Job 449: 179/400
Job 449: 180/400
Job 449: 181/400
Job 449: 182/400
Job 449: 183/400
Job 449: 184/400
Job 449: 185/400
Job 449: 186/400
Job 449: 187/400
Job 449: 188/400
Job 449: 189/400
Job 449: 190/400
Job 449: 191/400
Job 449: 192/400
Job 449: 193/400
Job 449: 194/400
Job 449: 195/400
Job 449: 196/400
Job 449: 197/400
Job 449: 198/400
Job 449: 199/400
Job 449: 200/400
Job 449: 201/400
Job 449: 202/400
Job 449: 203/400
Job 449: 204/400
Job 449: 205/400
Job 449: 206/400
Job 449: 207/400
Job 449: 208/400
Job 449: 209/400
Job 449: 210/400
Job 449: 211/400
Job 449: 212/400
Job 449: 213/400
Job 449: 214/400
Job 449: 215/400
Job 449: 216/400
Job 449: 217/400
Job 449: 218/400
Job 449: 219/400
Job 449: 220/400
Job 449: 221/400
Job 449: 222/400
Job 449: 223/400
Job 449: 224/400
Job 449: 225/400
Job 449: 226/400
Job 449: 227/400
Job 449: 228/400
Job 449: 229/400
Job 449: 230/400
Job 449: 231/400
Job 449: 232/400
Job 449: 233/400
Job 449: 234/400
Job 449: 235/400
Job 449: 236/400
Job 449: 237/400
Job 449: 238/400
Job 449: 239/400
Job 449: 240/400
Job 449: 241/400
Job 449: 242/400
Job 449: 243/400
Job 449: 244/400
Job 449: 245/400
Job 449: 246/400
Job 449: 247/400
Job 449: 248/400
Job 449: 249/400
Job 449: 250/400
Job 449: 251/400
Job 449: 252/400
Job 449: 253/400
Job 449: 254/400
Job 449: 255/400
Job 449: 256/400
Job 449: 257/400
Job 449: 258/400
Job 449: 259/400
Job 449: 260/400
Job 449: 261/400
Job 449: 262/400
Job 449: 263/400
Job 449: 264/400
Job 449: 265/400
Job 449: 266/400
Job 449: 267/400
Job 449: 268/400
Job 449: 269/400
Job 449: 270/400
Job 449: 271/400
Job 449: 272/400
Job 449: 273/400
Job 449: 274/400
Job 449: 275/400
Job 449: 276/400
Job 449: 277/400
Job 449: 278/400
Job 449: 279/400
Job 449: 280/400
Job 449: 281/400
Job 449: 282/400
Job 449: 283/400
Job 449: 284/400
Job 449: 285/400
Job 449: 286/400
Job 449: 287/400
Job 449: 288/400
Job 449: 289/400
Job 449: 290/400
Job 449: 291/400
Job 449: 292/400
Job 449: 293/400
Job 449: 294/400
Job 449: 295/400
Job 449: 296/400
Job 449: 297/400
Job 449: 298/400
Job 449: 299/400
Job 449: 300/400
Job 449: 301/400
Job 449: 302/400
Job 449: 303/400
Job 449: 304/400
Job 449: 305/400
Job 449: 306/400
Job 449: 307/400
Job 449: 308/400
Job 449: 309/400
Job 449: 310/400
Job 449: 311/400
Job 449: 312/400
Job 449: 313/400
Job 449: 314/400
Job 449: 315/400
Job 449: 316/400
Job 449: 317/400
Job 449: 318/400
Job 449: 319/400
Job 449: 320/400
Job 449: 321/400
Job 449: 322/400
Job 449: 323/400
Job 449: 324/400
Job 449: 325/400
Job 449: 326/400
Job 449: 327/400
Job 449: 328/400
Job 449: 329/400
Job 449: 330/400
Job 449: 331/400
Job 449: 332/400
Job 449: 333/400
Job 449: 334/400
Job 449: 335/400
Job 449: 336/400
Job 449: 337/400
Job 449: 338/400
Job 449: 339/400
Job 449: 340/400
Job 449: 341/400
Job 449: 342/400
Job 449: 343/400
Job 449: 344/400
Job 449: 345/400
Job 449: 346/400
Job 449: 347/400
Job 449: 348/400
Job 449: 349/400
Job 449: 350/400
Job 449: 351/400
Job 449: 352/400
Job 449: 353/400
Job 449: 354/400
Job 449: 355/400
Job 449: 356/400
Job 449: 357/400
Job 449: 358/400
Job 449: 359/400
Job 449: 360/400
Job 449: 361/400
Job 449: 362/400
Job 449: 363/400
Job 449: 364/400
Job 449: 365/400
Job 449: 366/400
Job 449: 367/400
Job 449: 368/400
Job 449: 369/400
Job 449: 370/400
Job 449: 371/400
Job 449: 372/400
Job 449: 373/400
Job 449: 374/400
Job 449: 375/400
Job 449: 376/400
Job 449: 377/400
Job 449: 378/400
Job 449: 379/400
Job 449: 380/400
Job 449: 381/400
Job 449: 382/400
Job 449: 383/400
Job 449: 384/400
Job 449: 385/400
Job 449: 386/400
Job 449: 387/400
Job 449: 388/400
Job 449: 389/400
Job 449: 390/400
Job 449: 391/400
Job 449: 392/400
Job 449: 393/400
Job 449: 394/400
Job 449: 395/400
Job 449: 396/400
Job 449: 397/400
Job 449: 398/400
Job 449: 399/400
Job 449: 400/400
