Registered S3 methods overwritten by 'susieSlide':
  method              from  
  coef.susie          susieR
  predict.susie       susieR
  print.summary.susie susieR
  summary.susie       susieR
Job 403: 1/400
Job 403: 2/400
Job 403: 3/400
Job 403: 4/400
Job 403: 5/400
Job 403: 6/400
Job 403: 7/400
Job 403: 8/400
Job 403: 9/400
Job 403: 10/400
Job 403: 11/400
Job 403: 12/400
Job 403: 13/400
Job 403: 14/400
Job 403: 15/400
Job 403: 16/400
Job 403: 17/400
Job 403: 18/400
Job 403: 19/400
Job 403: 20/400
Job 403: 21/400
Job 403: 22/400
Job 403: 23/400
Job 403: 24/400
Job 403: 25/400
Job 403: 26/400
Job 403: 27/400
Job 403: 28/400
Job 403: 29/400
Job 403: 30/400
Job 403: 31/400
Job 403: 32/400
Job 403: 33/400
Job 403: 34/400
Job 403: 35/400
Job 403: 36/400
Job 403: 37/400
Job 403: 38/400
Job 403: 39/400
Job 403: 40/400
Job 403: 41/400
Job 403: 42/400
Job 403: 43/400
Job 403: 44/400
Job 403: 45/400
Job 403: 46/400
Job 403: 47/400
Job 403: 48/400
Job 403: 49/400
Job 403: 50/400
Job 403: 51/400
Job 403: 52/400
Job 403: 53/400
Job 403: 54/400
Job 403: 55/400
Job 403: 56/400
Job 403: 57/400
Job 403: 58/400
Job 403: 59/400
Job 403: 60/400
Job 403: 61/400
Job 403: 62/400
Job 403: 63/400
Job 403: 64/400
Job 403: 65/400
Job 403: 66/400
Job 403: 67/400
Job 403: 68/400
Job 403: 69/400
Job 403: 70/400
Job 403: 71/400
Job 403: 72/400
Job 403: 73/400
Job 403: 74/400
Job 403: 75/400
Job 403: 76/400
Job 403: 77/400
Job 403: 78/400
Job 403: 79/400
Job 403: 80/400
Job 403: 81/400
Job 403: 82/400
Job 403: 83/400
Job 403: 84/400
Job 403: 85/400
Job 403: 86/400
Job 403: 87/400
Job 403: 88/400
Job 403: 89/400
Job 403: 90/400
Job 403: 91/400
Job 403: 92/400
Job 403: 93/400
Job 403: 94/400
Job 403: 95/400
Job 403: 96/400
Job 403: 97/400
Job 403: 98/400
Job 403: 99/400
Job 403: 100/400
Job 403: 101/400
Job 403: 102/400
Job 403: 103/400
Job 403: 104/400
Job 403: 105/400
Job 403: 106/400
Job 403: 107/400
Job 403: 108/400
Job 403: 109/400
Job 403: 110/400
Job 403: 111/400
Job 403: 112/400
Job 403: 113/400
Job 403: 114/400
Job 403: 115/400
Job 403: 116/400
Job 403: 117/400
Job 403: 118/400
Job 403: 119/400
Job 403: 120/400
Job 403: 121/400
Job 403: 122/400
Job 403: 123/400
Job 403: 124/400
Job 403: 125/400
Job 403: 126/400
Job 403: 127/400
Job 403: 128/400
Job 403: 129/400
Job 403: 130/400
Job 403: 131/400
Job 403: 132/400
Job 403: 133/400
Job 403: 134/400
Job 403: 135/400
Job 403: 136/400
Job 403: 137/400
Job 403: 138/400
Job 403: 139/400
Job 403: 140/400
Job 403: 141/400
Job 403: 142/400
Job 403: 143/400
Job 403: 144/400
Job 403: 145/400
Job 403: 146/400
Job 403: 147/400
Job 403: 148/400
Job 403: 149/400
Job 403: 150/400
Job 403: 151/400
Job 403: 152/400
Job 403: 153/400
Job 403: 154/400
Job 403: 155/400
Job 403: 156/400
Job 403: 157/400
Job 403: 158/400
Job 403: 159/400
Job 403: 160/400
Job 403: 161/400
Job 403: 162/400
Job 403: 163/400
Job 403: 164/400
Job 403: 165/400
Job 403: 166/400
Job 403: 167/400
Job 403: 168/400
Job 403: 169/400
Job 403: 170/400
Job 403: 171/400
Job 403: 172/400
Job 403: 173/400
Job 403: 174/400
Job 403: 175/400
Job 403: 176/400
Job 403: 177/400
Job 403: 178/400
Job 403: 179/400
Job 403: 180/400
Job 403: 181/400
Job 403: 182/400
Job 403: 183/400
Job 403: 184/400
Job 403: 185/400
Job 403: 186/400
Job 403: 187/400
Job 403: 188/400
Job 403: 189/400
Job 403: 190/400
Job 403: 191/400
Job 403: 192/400
Job 403: 193/400
Job 403: 194/400
Job 403: 195/400
Job 403: 196/400
Job 403: 197/400
Job 403: 198/400
Job 403: 199/400
Job 403: 200/400
Job 403: 201/400
Job 403: 202/400
Job 403: 203/400
Job 403: 204/400
Job 403: 205/400
Job 403: 206/400
Job 403: 207/400
Job 403: 208/400
Job 403: 209/400
Job 403: 210/400
Job 403: 211/400
Job 403: 212/400
Job 403: 213/400
Job 403: 214/400
Job 403: 215/400
Job 403: 216/400
Job 403: 217/400
Job 403: 218/400
Job 403: 219/400
Job 403: 220/400
Job 403: 221/400
Job 403: 222/400
Job 403: 223/400
Job 403: 224/400
Job 403: 225/400
Job 403: 226/400
Job 403: 227/400
Job 403: 228/400
Job 403: 229/400
Job 403: 230/400
Job 403: 231/400
Job 403: 232/400
Job 403: 233/400
Job 403: 234/400
Job 403: 235/400
Job 403: 236/400
Job 403: 237/400
Job 403: 238/400
Job 403: 239/400
Job 403: 240/400
Job 403: 241/400
Job 403: 242/400
Job 403: 243/400
Job 403: 244/400
Job 403: 245/400
Job 403: 246/400
Job 403: 247/400
Job 403: 248/400
Job 403: 249/400
Job 403: 250/400
Job 403: 251/400
Job 403: 252/400
Job 403: 253/400
Job 403: 254/400
Job 403: 255/400
Job 403: 256/400
Job 403: 257/400
Job 403: 258/400
Job 403: 259/400
Job 403: 260/400
Job 403: 261/400
Job 403: 262/400
Job 403: 263/400
Job 403: 264/400
Job 403: 265/400
Job 403: 266/400
Job 403: 267/400
Job 403: 268/400
Job 403: 269/400
Job 403: 270/400
Job 403: 271/400
Job 403: 272/400
Job 403: 273/400
Job 403: 274/400
Job 403: 275/400
Job 403: 276/400
Job 403: 277/400
Job 403: 278/400
Job 403: 279/400
Job 403: 280/400
Job 403: 281/400
Job 403: 282/400
Job 403: 283/400
Job 403: 284/400
Job 403: 285/400
Job 403: 286/400
Job 403: 287/400
Job 403: 288/400
Job 403: 289/400
Job 403: 290/400
Job 403: 291/400
Job 403: 292/400
Job 403: 293/400
Job 403: 294/400
Job 403: 295/400
Job 403: 296/400
Job 403: 297/400
Job 403: 298/400
Job 403: 299/400
Job 403: 300/400
Job 403: 301/400
Job 403: 302/400
Job 403: 303/400
Job 403: 304/400
Job 403: 305/400
Job 403: 306/400
Job 403: 307/400
Job 403: 308/400
Job 403: 309/400
Job 403: 310/400
Job 403: 311/400
Job 403: 312/400
Job 403: 313/400
Job 403: 314/400
Job 403: 315/400
Job 403: 316/400
Job 403: 317/400
Job 403: 318/400
Job 403: 319/400
Job 403: 320/400
Job 403: 321/400
Job 403: 322/400
Job 403: 323/400
Job 403: 324/400
Job 403: 325/400
Job 403: 326/400
Job 403: 327/400
Job 403: 328/400
Job 403: 329/400
Job 403: 330/400
Job 403: 331/400
Job 403: 332/400
Job 403: 333/400
Job 403: 334/400
Job 403: 335/400
Job 403: 336/400
Job 403: 337/400
Job 403: 338/400
Job 403: 339/400
Job 403: 340/400
Job 403: 341/400
Job 403: 342/400
Job 403: 343/400
Job 403: 344/400
Job 403: 345/400
Job 403: 346/400
Job 403: 347/400
Job 403: 348/400
Job 403: 349/400
Job 403: 350/400
Job 403: 351/400
Job 403: 352/400
Job 403: 353/400
Job 403: 354/400
Job 403: 355/400
Job 403: 356/400
Job 403: 357/400
Job 403: 358/400
Job 403: 359/400
Job 403: 360/400
Job 403: 361/400
Job 403: 362/400
Job 403: 363/400
Job 403: 364/400
Job 403: 365/400
Job 403: 366/400
Job 403: 367/400
Job 403: 368/400
Job 403: 369/400
Job 403: 370/400
Job 403: 371/400
Job 403: 372/400
Job 403: 373/400
Job 403: 374/400
Job 403: 375/400
Job 403: 376/400
Job 403: 377/400
Job 403: 378/400
Job 403: 379/400
Job 403: 380/400
Job 403: 381/400
Job 403: 382/400
Job 403: 383/400
Job 403: 384/400
Job 403: 385/400
Job 403: 386/400
Job 403: 387/400
Job 403: 388/400
Job 403: 389/400
Job 403: 390/400
Job 403: 391/400
Job 403: 392/400
Job 403: 393/400
Job 403: 394/400
Job 403: 395/400
Job 403: 396/400
Job 403: 397/400
Job 403: 398/400
Job 403: 399/400
Job 403: 400/400
