Registered S3 methods overwritten by 'susieSlide':
  method              from  
  coef.susie          susieR
  predict.susie       susieR
  print.summary.susie susieR
  summary.susie       susieR
Job 32: 1/400
Job 32: 2/400
Job 32: 3/400
Job 32: 4/400
Job 32: 5/400
Job 32: 6/400
Job 32: 7/400
Job 32: 8/400
Job 32: 9/400
Job 32: 10/400
Job 32: 11/400
Job 32: 12/400
Job 32: 13/400
Job 32: 14/400
Job 32: 15/400
Job 32: 16/400
Job 32: 17/400
Job 32: 18/400
Job 32: 19/400
Job 32: 20/400
Job 32: 21/400
Job 32: 22/400
Job 32: 23/400
Job 32: 24/400
Job 32: 25/400
Job 32: 26/400
Job 32: 27/400
Job 32: 28/400
Job 32: 29/400
Job 32: 30/400
Job 32: 31/400
Job 32: 32/400
Job 32: 33/400
Job 32: 34/400
Job 32: 35/400
Job 32: 36/400
Job 32: 37/400
Job 32: 38/400
Job 32: 39/400
Job 32: 40/400
Job 32: 41/400
Job 32: 42/400
Job 32: 43/400
Job 32: 44/400
Job 32: 45/400
Job 32: 46/400
Job 32: 47/400
Job 32: 48/400
Job 32: 49/400
Job 32: 50/400
Job 32: 51/400
Job 32: 52/400
Job 32: 53/400
Job 32: 54/400
Job 32: 55/400
Job 32: 56/400
Job 32: 57/400
Job 32: 58/400
Job 32: 59/400
Job 32: 60/400
Job 32: 61/400
Job 32: 62/400
Job 32: 63/400
Job 32: 64/400
Job 32: 65/400
Job 32: 66/400
Job 32: 67/400
Job 32: 68/400
Job 32: 69/400
Job 32: 70/400
Job 32: 71/400
Job 32: 72/400
Job 32: 73/400
Job 32: 74/400
Job 32: 75/400
Job 32: 76/400
Job 32: 77/400
Job 32: 78/400
Job 32: 79/400
Job 32: 80/400
Job 32: 81/400
Job 32: 82/400
Job 32: 83/400
Job 32: 84/400
Job 32: 85/400
Job 32: 86/400
Job 32: 87/400
Job 32: 88/400
Job 32: 89/400
Job 32: 90/400
Job 32: 91/400
Job 32: 92/400
Job 32: 93/400
Job 32: 94/400
Job 32: 95/400
Job 32: 96/400
Job 32: 97/400
Job 32: 98/400
Job 32: 99/400
Job 32: 100/400
Job 32: 101/400
Job 32: 102/400
Job 32: 103/400
Job 32: 104/400
Job 32: 105/400
Job 32: 106/400
Job 32: 107/400
Job 32: 108/400
Job 32: 109/400
Job 32: 110/400
Job 32: 111/400
Job 32: 112/400
Job 32: 113/400
Job 32: 114/400
Job 32: 115/400
Job 32: 116/400
Job 32: 117/400
Job 32: 118/400
Job 32: 119/400
Job 32: 120/400
Job 32: 121/400
Job 32: 122/400
Job 32: 123/400
Job 32: 124/400
Job 32: 125/400
Job 32: 126/400
Job 32: 127/400
Job 32: 128/400
Job 32: 129/400
Job 32: 130/400
Job 32: 131/400
Job 32: 132/400
Job 32: 133/400
Job 32: 134/400
Job 32: 135/400
Job 32: 136/400
Job 32: 137/400
Job 32: 138/400
Job 32: 139/400
Job 32: 140/400
Job 32: 141/400
Job 32: 142/400
Job 32: 143/400
Job 32: 144/400
Job 32: 145/400
Job 32: 146/400
Job 32: 147/400
Job 32: 148/400
Job 32: 149/400
Job 32: 150/400
Job 32: 151/400
Job 32: 152/400
Job 32: 153/400
Job 32: 154/400
Job 32: 155/400
Job 32: 156/400
Job 32: 157/400
Job 32: 158/400
Job 32: 159/400
Job 32: 160/400
Job 32: 161/400
Job 32: 162/400
Job 32: 163/400
Job 32: 164/400
Job 32: 165/400
Job 32: 166/400
Job 32: 167/400
Job 32: 168/400
Job 32: 169/400
Job 32: 170/400
Job 32: 171/400
Job 32: 172/400
Job 32: 173/400
Job 32: 174/400
Job 32: 175/400
Job 32: 176/400
Job 32: 177/400
Job 32: 178/400
Job 32: 179/400
Job 32: 180/400
Job 32: 181/400
Job 32: 182/400
Job 32: 183/400
Job 32: 184/400
Job 32: 185/400
Job 32: 186/400
Job 32: 187/400
Job 32: 188/400
Job 32: 189/400
Job 32: 190/400
Job 32: 191/400
Job 32: 192/400
Job 32: 193/400
Job 32: 194/400
Job 32: 195/400
Job 32: 196/400
Job 32: 197/400
Job 32: 198/400
Job 32: 199/400
Job 32: 200/400
Job 32: 201/400
Job 32: 202/400
Job 32: 203/400
Job 32: 204/400
Job 32: 205/400
Job 32: 206/400
Job 32: 207/400
Job 32: 208/400
Job 32: 209/400
Job 32: 210/400
Job 32: 211/400
Job 32: 212/400
Job 32: 213/400
Job 32: 214/400
Job 32: 215/400
Job 32: 216/400
Job 32: 217/400
Job 32: 218/400
Job 32: 219/400
Job 32: 220/400
Job 32: 221/400
Job 32: 222/400
Job 32: 223/400
Job 32: 224/400
Job 32: 225/400
Job 32: 226/400
Job 32: 227/400
Job 32: 228/400
Job 32: 229/400
Job 32: 230/400
Job 32: 231/400
Job 32: 232/400
Job 32: 233/400
Job 32: 234/400
Job 32: 235/400
Job 32: 236/400
Job 32: 237/400
Job 32: 238/400
Job 32: 239/400
Job 32: 240/400
Job 32: 241/400
Job 32: 242/400
Job 32: 243/400
Job 32: 244/400
Job 32: 245/400
Job 32: 246/400
Job 32: 247/400
Job 32: 248/400
Job 32: 249/400
Job 32: 250/400
Job 32: 251/400
Job 32: 252/400
Job 32: 253/400
Job 32: 254/400
Job 32: 255/400
Job 32: 256/400
Job 32: 257/400
Job 32: 258/400
Job 32: 259/400
Job 32: 260/400
Job 32: 261/400
Job 32: 262/400
Job 32: 263/400
Job 32: 264/400
Job 32: 265/400
Job 32: 266/400
Job 32: 267/400
Job 32: 268/400
Job 32: 269/400
Job 32: 270/400
Job 32: 271/400
Job 32: 272/400
Job 32: 273/400
Job 32: 274/400
Job 32: 275/400
Job 32: 276/400
Job 32: 277/400
Job 32: 278/400
Job 32: 279/400
Job 32: 280/400
Job 32: 281/400
Job 32: 282/400
Job 32: 283/400
Job 32: 284/400
Job 32: 285/400
Job 32: 286/400
Job 32: 287/400
Job 32: 288/400
Job 32: 289/400
Job 32: 290/400
Job 32: 291/400
Job 32: 292/400
Job 32: 293/400
Job 32: 294/400
Job 32: 295/400
Job 32: 296/400
Job 32: 297/400
Job 32: 298/400
Job 32: 299/400
Job 32: 300/400
Job 32: 301/400
Job 32: 302/400
Job 32: 303/400
Job 32: 304/400
Job 32: 305/400
Job 32: 306/400
Job 32: 307/400
Job 32: 308/400
Job 32: 309/400
Job 32: 310/400
Job 32: 311/400
Job 32: 312/400
Job 32: 313/400
Job 32: 314/400
Job 32: 315/400
Job 32: 316/400
Job 32: 317/400
Job 32: 318/400
Job 32: 319/400
Job 32: 320/400
Job 32: 321/400
Job 32: 322/400
Job 32: 323/400
Job 32: 324/400
Job 32: 325/400
Job 32: 326/400
Job 32: 327/400
Job 32: 328/400
Job 32: 329/400
Job 32: 330/400
Job 32: 331/400
Job 32: 332/400
Job 32: 333/400
Job 32: 334/400
Job 32: 335/400
Job 32: 336/400
Job 32: 337/400
Job 32: 338/400
Job 32: 339/400
Job 32: 340/400
Job 32: 341/400
Job 32: 342/400
Job 32: 343/400
Job 32: 344/400
Job 32: 345/400
Job 32: 346/400
Job 32: 347/400
Job 32: 348/400
Job 32: 349/400
Job 32: 350/400
Job 32: 351/400
Job 32: 352/400
Job 32: 353/400
Job 32: 354/400
Job 32: 355/400
Job 32: 356/400
Job 32: 357/400
Job 32: 358/400
Job 32: 359/400
Job 32: 360/400
Job 32: 361/400
Job 32: 362/400
Job 32: 363/400
Job 32: 364/400
Job 32: 365/400
Job 32: 366/400
Job 32: 367/400
Job 32: 368/400
Job 32: 369/400
Job 32: 370/400
Job 32: 371/400
Job 32: 372/400
Job 32: 373/400
Job 32: 374/400
Job 32: 375/400
Job 32: 376/400
Job 32: 377/400
Job 32: 378/400
Job 32: 379/400
Job 32: 380/400
Job 32: 381/400
Job 32: 382/400
Job 32: 383/400
Job 32: 384/400
Job 32: 385/400
Job 32: 386/400
Job 32: 387/400
Job 32: 388/400
Job 32: 389/400
Job 32: 390/400
Job 32: 391/400
Job 32: 392/400
Job 32: 393/400
Job 32: 394/400
Job 32: 395/400
Job 32: 396/400
Job 32: 397/400
Job 32: 398/400
Job 32: 399/400
Job 32: 400/400
