Registered S3 methods overwritten by 'susieSlide':
  method              from  
  coef.susie          susieR
  predict.susie       susieR
  print.summary.susie susieR
  summary.susie       susieR
Job 585: 1/400
Job 585: 2/400
Job 585: 3/400
Job 585: 4/400
Job 585: 5/400
Job 585: 6/400
Job 585: 7/400
Job 585: 8/400
Job 585: 9/400
Job 585: 10/400
Job 585: 11/400
Job 585: 12/400
Job 585: 13/400
Job 585: 14/400
Job 585: 15/400
Job 585: 16/400
Job 585: 17/400
Job 585: 18/400
Job 585: 19/400
Job 585: 20/400
Job 585: 21/400
Job 585: 22/400
Job 585: 23/400
Job 585: 24/400
Job 585: 25/400
Job 585: 26/400
Job 585: 27/400
Job 585: 28/400
Job 585: 29/400
Job 585: 30/400
Job 585: 31/400
Job 585: 32/400
Job 585: 33/400
Job 585: 34/400
Job 585: 35/400
Job 585: 36/400
Job 585: 37/400
Job 585: 38/400
Job 585: 39/400
Job 585: 40/400
Job 585: 41/400
Job 585: 42/400
Job 585: 43/400
Job 585: 44/400
Job 585: 45/400
Job 585: 46/400
Job 585: 47/400
Job 585: 48/400
Job 585: 49/400
Job 585: 50/400
Job 585: 51/400
Job 585: 52/400
Job 585: 53/400
Job 585: 54/400
Job 585: 55/400
Job 585: 56/400
Job 585: 57/400
Job 585: 58/400
Job 585: 59/400
Job 585: 60/400
Job 585: 61/400
Job 585: 62/400
Job 585: 63/400
Job 585: 64/400
Job 585: 65/400
Job 585: 66/400
Job 585: 67/400
Job 585: 68/400
Job 585: 69/400
Job 585: 70/400
Job 585: 71/400
Job 585: 72/400
Job 585: 73/400
Job 585: 74/400
Job 585: 75/400
Job 585: 76/400
Job 585: 77/400
Job 585: 78/400
Job 585: 79/400
Job 585: 80/400
Job 585: 81/400
Job 585: 82/400
Job 585: 83/400
Job 585: 84/400
Job 585: 85/400
Job 585: 86/400
Job 585: 87/400
Job 585: 88/400
Job 585: 89/400
Job 585: 90/400
Job 585: 91/400
Job 585: 92/400
Job 585: 93/400
Job 585: 94/400
Job 585: 95/400
Job 585: 96/400
Job 585: 97/400
Job 585: 98/400
Job 585: 99/400
Job 585: 100/400
Job 585: 101/400
Job 585: 102/400
Job 585: 103/400
Job 585: 104/400
Job 585: 105/400
Job 585: 106/400
Job 585: 107/400
Job 585: 108/400
Job 585: 109/400
Job 585: 110/400
Job 585: 111/400
Job 585: 112/400
Job 585: 113/400
Job 585: 114/400
Job 585: 115/400
Job 585: 116/400
Job 585: 117/400
Job 585: 118/400
Job 585: 119/400
Job 585: 120/400
Job 585: 121/400
Job 585: 122/400
Job 585: 123/400
Job 585: 124/400
Job 585: 125/400
Job 585: 126/400
Job 585: 127/400
Job 585: 128/400
Job 585: 129/400
Job 585: 130/400
Job 585: 131/400
Job 585: 132/400
Job 585: 133/400
Job 585: 134/400
Job 585: 135/400
Job 585: 136/400
Job 585: 137/400
Job 585: 138/400
Job 585: 139/400
Job 585: 140/400
Job 585: 141/400
Job 585: 142/400
Job 585: 143/400
Job 585: 144/400
Job 585: 145/400
Job 585: 146/400
Job 585: 147/400
Job 585: 148/400
Job 585: 149/400
Job 585: 150/400
Job 585: 151/400
Job 585: 152/400
Job 585: 153/400
Job 585: 154/400
Job 585: 155/400
Job 585: 156/400
Job 585: 157/400
Job 585: 158/400
Job 585: 159/400
Job 585: 160/400
Job 585: 161/400
Job 585: 162/400
Job 585: 163/400
Job 585: 164/400
Job 585: 165/400
Job 585: 166/400
Job 585: 167/400
Job 585: 168/400
Job 585: 169/400
Job 585: 170/400
Job 585: 171/400
Job 585: 172/400
Job 585: 173/400
Job 585: 174/400
Job 585: 175/400
Job 585: 176/400
Job 585: 177/400
Job 585: 178/400
Job 585: 179/400
Job 585: 180/400
Job 585: 181/400
Job 585: 182/400
Job 585: 183/400
Job 585: 184/400
Job 585: 185/400
Job 585: 186/400
Job 585: 187/400
Job 585: 188/400
Job 585: 189/400
Job 585: 190/400
Job 585: 191/400
Job 585: 192/400
Job 585: 193/400
Job 585: 194/400
Job 585: 195/400
Job 585: 196/400
Job 585: 197/400
Job 585: 198/400
Job 585: 199/400
Job 585: 200/400
Job 585: 201/400
Job 585: 202/400
Job 585: 203/400
Job 585: 204/400
Job 585: 205/400
Job 585: 206/400
Job 585: 207/400
Job 585: 208/400
Job 585: 209/400
Job 585: 210/400
Job 585: 211/400
Job 585: 212/400
Job 585: 213/400
Job 585: 214/400
Job 585: 215/400
Job 585: 216/400
Job 585: 217/400
Job 585: 218/400
Job 585: 219/400
Job 585: 220/400
Job 585: 221/400
Job 585: 222/400
Job 585: 223/400
Job 585: 224/400
Job 585: 225/400
Job 585: 226/400
Job 585: 227/400
Job 585: 228/400
Job 585: 229/400
Job 585: 230/400
Job 585: 231/400
Job 585: 232/400
Job 585: 233/400
Job 585: 234/400
Job 585: 235/400
Job 585: 236/400
Job 585: 237/400
Job 585: 238/400
Job 585: 239/400
Job 585: 240/400
Job 585: 241/400
Job 585: 242/400
Job 585: 243/400
Job 585: 244/400
Job 585: 245/400
Job 585: 246/400
Job 585: 247/400
Job 585: 248/400
Job 585: 249/400
Job 585: 250/400
Job 585: 251/400
Job 585: 252/400
Job 585: 253/400
Job 585: 254/400
Job 585: 255/400
Job 585: 256/400
Job 585: 257/400
Job 585: 258/400
Job 585: 259/400
Job 585: 260/400
Job 585: 261/400
Job 585: 262/400
Job 585: 263/400
Job 585: 264/400
Job 585: 265/400
Job 585: 266/400
Job 585: 267/400
Job 585: 268/400
Job 585: 269/400
Job 585: 270/400
Job 585: 271/400
Job 585: 272/400
Job 585: 273/400
Job 585: 274/400
Job 585: 275/400
Job 585: 276/400
Job 585: 277/400
Job 585: 278/400
Job 585: 279/400
Job 585: 280/400
Job 585: 281/400
Job 585: 282/400
Job 585: 283/400
Job 585: 284/400
Job 585: 285/400
Job 585: 286/400
Job 585: 287/400
Job 585: 288/400
Job 585: 289/400
Job 585: 290/400
Job 585: 291/400
Job 585: 292/400
Job 585: 293/400
Job 585: 294/400
Job 585: 295/400
Job 585: 296/400
Job 585: 297/400
Job 585: 298/400
Job 585: 299/400
Job 585: 300/400
Job 585: 301/400
Job 585: 302/400
Job 585: 303/400
Job 585: 304/400
Job 585: 305/400
Job 585: 306/400
Job 585: 307/400
Job 585: 308/400
Job 585: 309/400
Job 585: 310/400
Job 585: 311/400
Job 585: 312/400
Job 585: 313/400
Job 585: 314/400
Job 585: 315/400
Job 585: 316/400
Job 585: 317/400
Job 585: 318/400
Job 585: 319/400
Job 585: 320/400
Job 585: 321/400
Job 585: 322/400
Job 585: 323/400
Job 585: 324/400
Job 585: 325/400
Job 585: 326/400
Job 585: 327/400
Job 585: 328/400
Job 585: 329/400
Job 585: 330/400
Job 585: 331/400
Job 585: 332/400
Job 585: 333/400
Job 585: 334/400
Job 585: 335/400
Job 585: 336/400
Job 585: 337/400
Job 585: 338/400
Job 585: 339/400
Job 585: 340/400
Job 585: 341/400
Job 585: 342/400
Job 585: 343/400
Job 585: 344/400
Job 585: 345/400
Job 585: 346/400
Job 585: 347/400
Job 585: 348/400
Job 585: 349/400
Job 585: 350/400
Job 585: 351/400
Job 585: 352/400
Job 585: 353/400
Job 585: 354/400
Job 585: 355/400
Job 585: 356/400
Job 585: 357/400
Job 585: 358/400
Job 585: 359/400
Job 585: 360/400
Job 585: 361/400
Job 585: 362/400
Job 585: 363/400
Job 585: 364/400
Job 585: 365/400
Job 585: 366/400
Job 585: 367/400
Job 585: 368/400
Job 585: 369/400
Job 585: 370/400
Job 585: 371/400
Job 585: 372/400
Job 585: 373/400
Job 585: 374/400
Job 585: 375/400
Job 585: 376/400
Job 585: 377/400
Job 585: 378/400
Job 585: 379/400
Job 585: 380/400
Job 585: 381/400
Job 585: 382/400
Job 585: 383/400
Job 585: 384/400
Job 585: 385/400
Job 585: 386/400
Job 585: 387/400
Job 585: 388/400
Job 585: 389/400
Job 585: 390/400
Job 585: 391/400
Job 585: 392/400
Job 585: 393/400
Job 585: 394/400
Job 585: 395/400
Job 585: 396/400
Job 585: 397/400
Job 585: 398/400
Job 585: 399/400
Job 585: 400/400
