Registered S3 methods overwritten by 'susieSlide':
  method              from  
  coef.susie          susieR
  predict.susie       susieR
  print.summary.susie susieR
  summary.susie       susieR
Job 637: 1/400
Job 637: 2/400
Job 637: 3/400
Job 637: 4/400
Job 637: 5/400
Job 637: 6/400
Job 637: 7/400
Job 637: 8/400
Job 637: 9/400 ERROR: No .raw files found in temp_dir.
Job 637: 10/400 ERROR: No .raw files found in temp_dir.
Job 637: 11/400 ERROR: No .raw files found in temp_dir.
Job 637: 12/400 ERROR: No .raw files found in temp_dir.
Job 637: 13/400 ERROR: No .raw files found in temp_dir.
Job 637: 14/400 ERROR: No .raw files found in temp_dir.
Job 637: 15/400 ERROR: No .raw files found in temp_dir.
Job 637: 16/400 ERROR: No .raw files found in temp_dir.
Job 637: 17/400 ERROR: No .raw files found in temp_dir.
Job 637: 18/400 ERROR: No .raw files found in temp_dir.
Job 637: 19/400 ERROR: No .raw files found in temp_dir.
Job 637: 20/400 ERROR: No .raw files found in temp_dir.
Job 637: 21/400 ERROR: No .raw files found in temp_dir.
Job 637: 22/400 ERROR: No .raw files found in temp_dir.
Job 637: 23/400 ERROR: No .raw files found in temp_dir.
Job 637: 24/400 ERROR: No .raw files found in temp_dir.
Job 637: 25/400 ERROR: No .raw files found in temp_dir.
Job 637: 26/400 ERROR: No .raw files found in temp_dir.
Job 637: 27/400 ERROR: No .raw files found in temp_dir.
Job 637: 28/400 ERROR: No .raw files found in temp_dir.
Job 637: 29/400 ERROR: No .raw files found in temp_dir.
Job 637: 30/400 ERROR: No .raw files found in temp_dir.
Job 637: 31/400 ERROR: No .raw files found in temp_dir.
Job 637: 32/400 ERROR: No .raw files found in temp_dir.
Job 637: 33/400 ERROR: No .raw files found in temp_dir.
Job 637: 34/400 ERROR: No .raw files found in temp_dir.
Job 637: 35/400 ERROR: No .raw files found in temp_dir.
Job 637: 36/400 ERROR: No .raw files found in temp_dir.
Job 637: 37/400 ERROR: No .raw files found in temp_dir.
Job 637: 38/400 ERROR: No .raw files found in temp_dir.
Job 637: 39/400 ERROR: No .raw files found in temp_dir.
Job 637: 40/400 ERROR: No .raw files found in temp_dir.
Job 637: 41/400 ERROR: No .raw files found in temp_dir.
Job 637: 42/400 ERROR: No .raw files found in temp_dir.
Job 637: 43/400 ERROR: No .raw files found in temp_dir.
Job 637: 44/400 ERROR: No .raw files found in temp_dir.
Job 637: 45/400 ERROR: No .raw files found in temp_dir.
Job 637: 46/400 ERROR: No .raw files found in temp_dir.
Job 637: 47/400 ERROR: No .raw files found in temp_dir.
Job 637: 48/400 ERROR: No .raw files found in temp_dir.
Job 637: 49/400 ERROR: No .raw files found in temp_dir.
Job 637: 50/400 ERROR: No .raw files found in temp_dir.
Job 637: 51/400 ERROR: No .raw files found in temp_dir.
Job 637: 52/400 ERROR: No .raw files found in temp_dir.
Job 637: 53/400 ERROR: No .raw files found in temp_dir.
Job 637: 54/400 ERROR: No .raw files found in temp_dir.
Job 637: 55/400 ERROR: No .raw files found in temp_dir.
Job 637: 56/400 ERROR: No .raw files found in temp_dir.
Job 637: 57/400 ERROR: No .raw files found in temp_dir.
Job 637: 58/400 ERROR: No .raw files found in temp_dir.
Job 637: 59/400 ERROR: No .raw files found in temp_dir.
Job 637: 60/400 ERROR: No .raw files found in temp_dir.
Job 637: 61/400 ERROR: No .raw files found in temp_dir.
Job 637: 62/400 ERROR: No .raw files found in temp_dir.
Job 637: 63/400 ERROR: No .raw files found in temp_dir.
Job 637: 64/400 ERROR: No .raw files found in temp_dir.
Job 637: 65/400 ERROR: No .raw files found in temp_dir.
Job 637: 66/400 ERROR: No .raw files found in temp_dir.
Job 637: 67/400 ERROR: No .raw files found in temp_dir.
Job 637: 68/400 ERROR: No .raw files found in temp_dir.
Job 637: 69/400 ERROR: No .raw files found in temp_dir.
Job 637: 70/400 ERROR: No .raw files found in temp_dir.
Job 637: 71/400 ERROR: No .raw files found in temp_dir.
Job 637: 72/400 ERROR: No .raw files found in temp_dir.
Job 637: 73/400 ERROR: Not enough donors for the requested n.
Job 637: 74/400
Job 637: 75/400
Job 637: 76/400
Job 637: 77/400
Job 637: 78/400
Job 637: 79/400
Job 637: 80/400
Job 637: 81/400
Job 637: 82/400
Job 637: 83/400
Job 637: 84/400
Job 637: 85/400
Job 637: 86/400 ERROR: No .raw files found in temp_dir.
Job 637: 87/400 ERROR: No .raw files found in temp_dir.
Job 637: 88/400 ERROR: No .raw files found in temp_dir.
Job 637: 89/400 ERROR: No .raw files found in temp_dir.
Job 637: 90/400 ERROR: No .raw files found in temp_dir.
Job 637: 91/400 ERROR: No .raw files found in temp_dir.
Job 637: 92/400 ERROR: No .raw files found in temp_dir.
Job 637: 93/400 ERROR: No .raw files found in temp_dir.
Job 637: 94/400 ERROR: No .raw files found in temp_dir.
Job 637: 95/400 ERROR: No .raw files found in temp_dir.
Job 637: 96/400 ERROR: No .raw files found in temp_dir.
Job 637: 97/400 ERROR: No .raw files found in temp_dir.
Job 637: 98/400 ERROR: No .raw files found in temp_dir.
Job 637: 99/400 ERROR: No .raw files found in temp_dir.
Job 637: 100/400 ERROR: No .raw files found in temp_dir.
Job 637: 101/400 ERROR: No .raw files found in temp_dir.
Job 637: 102/400 ERROR: No .raw files found in temp_dir.
Job 637: 103/400 ERROR: No .raw files found in temp_dir.
Job 637: 104/400 ERROR: No .raw files found in temp_dir.
Job 637: 105/400 ERROR: No .raw files found in temp_dir.
Job 637: 106/400 ERROR: No .raw files found in temp_dir.
Job 637: 107/400 ERROR: No .raw files found in temp_dir.
Job 637: 108/400 ERROR: No .raw files found in temp_dir.
Job 637: 109/400 ERROR: No .raw files found in temp_dir.
Job 637: 110/400 ERROR: No .raw files found in temp_dir.
Job 637: 111/400 ERROR: No .raw files found in temp_dir.
Job 637: 112/400 ERROR: No .raw files found in temp_dir.
Job 637: 113/400 ERROR: No .raw files found in temp_dir.
Job 637: 114/400 ERROR: No .raw files found in temp_dir.
Job 637: 115/400 ERROR: No .raw files found in temp_dir.
Job 637: 116/400 ERROR: No .raw files found in temp_dir.
Job 637: 117/400 ERROR: No .raw files found in temp_dir.
Job 637: 118/400 ERROR: No .raw files found in temp_dir.
Job 637: 119/400 ERROR: No .raw files found in temp_dir.
Job 637: 120/400 ERROR: No .raw files found in temp_dir.
Job 637: 121/400 ERROR: No .raw files found in temp_dir.
Job 637: 122/400 ERROR: No .raw files found in temp_dir.
Job 637: 123/400 ERROR: No .raw files found in temp_dir.
Job 637: 124/400 ERROR: No .raw files found in temp_dir.
Job 637: 125/400 ERROR: No .raw files found in temp_dir.
Job 637: 126/400
Job 637: 127/400
Job 637: 128/400
Job 637: 129/400
Job 637: 130/400
Job 637: 131/400
Job 637: 132/400
Job 637: 133/400
Job 637: 134/400
Job 637: 135/400
Job 637: 136/400
Job 637: 137/400
Job 637: 138/400 ERROR: No .raw files found in temp_dir.
Job 637: 139/400 ERROR: No .raw files found in temp_dir.
Job 637: 140/400 ERROR: No .raw files found in temp_dir.
Job 637: 141/400 ERROR: No .raw files found in temp_dir.
Job 637: 142/400 ERROR: No .raw files found in temp_dir.
Job 637: 143/400 ERROR: No .raw files found in temp_dir.
Job 637: 144/400 ERROR: No .raw files found in temp_dir.
Job 637: 145/400 ERROR: No .raw files found in temp_dir.
Job 637: 146/400 ERROR: No .raw files found in temp_dir.
Job 637: 147/400 ERROR: No .raw files found in temp_dir.
Job 637: 148/400 ERROR: No .raw files found in temp_dir.
Job 637: 149/400 ERROR: No .raw files found in temp_dir.
Job 637: 150/400 ERROR: No .raw files found in temp_dir.
Job 637: 151/400 ERROR: No .raw files found in temp_dir.
Job 637: 152/400 ERROR: No .raw files found in temp_dir.
Job 637: 153/400 ERROR: No .raw files found in temp_dir.
Job 637: 154/400 ERROR: No .raw files found in temp_dir.
Job 637: 155/400 ERROR: No .raw files found in temp_dir.
Job 637: 156/400 ERROR: No .raw files found in temp_dir.
Job 637: 157/400 ERROR: No .raw files found in temp_dir.
Job 637: 158/400 ERROR: No .raw files found in temp_dir.
Job 637: 159/400 ERROR: No .raw files found in temp_dir.
Job 637: 160/400 ERROR: No .raw files found in temp_dir.
Job 637: 161/400 ERROR: No .raw files found in temp_dir.
Job 637: 162/400 ERROR: No .raw files found in temp_dir.
Job 637: 163/400 ERROR: No .raw files found in temp_dir.
Job 637: 164/400 ERROR: No .raw files found in temp_dir.
Job 637: 165/400 ERROR: No .raw files found in temp_dir.
Job 637: 166/400 ERROR: No .raw files found in temp_dir.
Job 637: 167/400 ERROR: No .raw files found in temp_dir.
Job 637: 168/400 ERROR: No .raw files found in temp_dir.
Job 637: 169/400 ERROR: No .raw files found in temp_dir.
Job 637: 170/400 ERROR: No .raw files found in temp_dir.
Job 637: 171/400 ERROR: No .raw files found in temp_dir.
Job 637: 172/400 ERROR: No .raw files found in temp_dir.
Job 637: 173/400 ERROR: No .raw files found in temp_dir.
Job 637: 174/400 ERROR: No .raw files found in temp_dir.
Job 637: 175/400 ERROR: No .raw files found in temp_dir.
Job 637: 176/400 ERROR: No .raw files found in temp_dir.
Job 637: 177/400 ERROR: No .raw files found in temp_dir.
Job 637: 178/400 ERROR: No .raw files found in temp_dir.
Job 637: 179/400 ERROR: No .raw files found in temp_dir.
Job 637: 180/400 ERROR: No .raw files found in temp_dir.
Job 637: 181/400 ERROR: No .raw files found in temp_dir.
Job 637: 182/400 ERROR: No .raw files found in temp_dir.
Job 637: 183/400 ERROR: No .raw files found in temp_dir.
Job 637: 184/400 ERROR: No .raw files found in temp_dir.
Job 637: 185/400 ERROR: No .raw files found in temp_dir.
Job 637: 186/400 ERROR: No .raw files found in temp_dir.
Job 637: 187/400 ERROR: No .raw files found in temp_dir.
Job 637: 188/400 ERROR: No .raw files found in temp_dir.
Job 637: 189/400 ERROR: No .raw files found in temp_dir.
Job 637: 190/400 ERROR: No .raw files found in temp_dir.
Job 637: 191/400 ERROR: No .raw files found in temp_dir.
Job 637: 192/400 ERROR: No .raw files found in temp_dir.
Job 637: 193/400 ERROR: No .raw files found in temp_dir.
Job 637: 194/400 ERROR: No .raw files found in temp_dir.
Job 637: 195/400 ERROR: No .raw files found in temp_dir.
Job 637: 196/400 ERROR: No .raw files found in temp_dir.
Job 637: 197/400 ERROR: No .raw files found in temp_dir.
Job 637: 198/400 ERROR: No .raw files found in temp_dir.
Job 637: 199/400 ERROR: No .raw files found in temp_dir.
Job 637: 200/400 ERROR: No .raw files found in temp_dir.
Job 637: 201/400 ERROR: No .raw files found in temp_dir.
Job 637: 202/400 ERROR: No .raw files found in temp_dir.
Job 637: 203/400 ERROR: No .raw files found in temp_dir.
Job 637: 204/400 ERROR: No .raw files found in temp_dir.
Job 637: 205/400 ERROR: No .raw files found in temp_dir.
Job 637: 206/400 ERROR: No .raw files found in temp_dir.
Job 637: 207/400 ERROR: No .raw files found in temp_dir.
Job 637: 208/400 ERROR: No .raw files found in temp_dir.
Job 637: 209/400 ERROR: No .raw files found in temp_dir.
Job 637: 210/400 ERROR: No .raw files found in temp_dir.
Job 637: 211/400 ERROR: No .raw files found in temp_dir.
Job 637: 212/400 ERROR: No .raw files found in temp_dir.
Job 637: 213/400 ERROR: No .raw files found in temp_dir.
Job 637: 214/400 ERROR: No .raw files found in temp_dir.
Job 637: 215/400 ERROR: No .raw files found in temp_dir.
Job 637: 216/400 ERROR: No .raw files found in temp_dir.
Job 637: 217/400 ERROR: No .raw files found in temp_dir.
Job 637: 218/400 ERROR: No .raw files found in temp_dir.
Job 637: 219/400 ERROR: No .raw files found in temp_dir.
Job 637: 220/400 ERROR: No .raw files found in temp_dir.
Job 637: 221/400 ERROR: No .raw files found in temp_dir.
Job 637: 222/400 ERROR: No .raw files found in temp_dir.
Job 637: 223/400 ERROR: No .raw files found in temp_dir.
Job 637: 224/400 ERROR: No .raw files found in temp_dir.
Job 637: 225/400 ERROR: No .raw files found in temp_dir.
Job 637: 226/400 ERROR: No .raw files found in temp_dir.
Job 637: 227/400 ERROR: No .raw files found in temp_dir.
Job 637: 228/400 ERROR: No .raw files found in temp_dir.
Job 637: 229/400 ERROR: No .raw files found in temp_dir.
Job 637: 230/400 ERROR: No .raw files found in temp_dir.
Job 637: 231/400 ERROR: No .raw files found in temp_dir.
Job 637: 232/400 ERROR: No .raw files found in temp_dir.
Job 637: 233/400 ERROR: No .raw files found in temp_dir.
Job 637: 234/400 ERROR: No .raw files found in temp_dir.
Job 637: 235/400 ERROR: No .raw files found in temp_dir.
Job 637: 236/400 ERROR: No .raw files found in temp_dir.
Job 637: 237/400 ERROR: No .raw files found in temp_dir.
Job 637: 238/400 ERROR: No .raw files found in temp_dir.
Job 637: 239/400 ERROR: No .raw files found in temp_dir.
Job 637: 240/400 ERROR: No .raw files found in temp_dir.
Job 637: 241/400 ERROR: No .raw files found in temp_dir.
Job 637: 242/400 ERROR: No .raw files found in temp_dir.
Job 637: 243/400 ERROR: No .raw files found in temp_dir.
Job 637: 244/400 ERROR: No .raw files found in temp_dir.
Job 637: 245/400 ERROR: No .raw files found in temp_dir.
Job 637: 246/400 ERROR: No .raw files found in temp_dir.
Job 637: 247/400 ERROR: No .raw files found in temp_dir.
Job 637: 248/400 ERROR: No .raw files found in temp_dir.
Job 637: 249/400 ERROR: No .raw files found in temp_dir.
Job 637: 250/400 ERROR: No .raw files found in temp_dir.
Job 637: 251/400 ERROR: No .raw files found in temp_dir.
Job 637: 252/400 ERROR: No .raw files found in temp_dir.
Job 637: 253/400 ERROR: No .raw files found in temp_dir.
Job 637: 254/400 ERROR: No .raw files found in temp_dir.
Job 637: 255/400 ERROR: No .raw files found in temp_dir.
Job 637: 256/400 ERROR: No .raw files found in temp_dir.
Job 637: 257/400 ERROR: No .raw files found in temp_dir.
Job 637: 258/400 ERROR: No .raw files found in temp_dir.
Job 637: 259/400 ERROR: No .raw files found in temp_dir.
Job 637: 260/400 ERROR: No .raw files found in temp_dir.
Job 637: 261/400 ERROR: No .raw files found in temp_dir.
Job 637: 262/400 ERROR: No .raw files found in temp_dir.
Job 637: 263/400 ERROR: No .raw files found in temp_dir.
Job 637: 264/400 ERROR: No .raw files found in temp_dir.
Job 637: 265/400 ERROR: No .raw files found in temp_dir.
Job 637: 266/400 ERROR: No .raw files found in temp_dir.
Job 637: 267/400 ERROR: No .raw files found in temp_dir.
Job 637: 268/400 ERROR: No .raw files found in temp_dir.
Job 637: 269/400 ERROR: No .raw files found in temp_dir.
Job 637: 270/400 ERROR: No .raw files found in temp_dir.
Job 637: 271/400 ERROR: No .raw files found in temp_dir.
Job 637: 272/400 ERROR: No .raw files found in temp_dir.
Job 637: 273/400 ERROR: No .raw files found in temp_dir.
Job 637: 274/400 ERROR: No .raw files found in temp_dir.
Job 637: 275/400 ERROR: No .raw files found in temp_dir.
Job 637: 276/400 ERROR: No .raw files found in temp_dir.
Job 637: 277/400 ERROR: No .raw files found in temp_dir.
Job 637: 278/400 ERROR: No .raw files found in temp_dir.
Job 637: 279/400 ERROR: No .raw files found in temp_dir.
Job 637: 280/400 ERROR: No .raw files found in temp_dir.
Job 637: 281/400 ERROR: No .raw files found in temp_dir.
Job 637: 282/400 ERROR: No .raw files found in temp_dir.
Job 637: 283/400 ERROR: No .raw files found in temp_dir.
Job 637: 284/400 ERROR: No .raw files found in temp_dir.
Job 637: 285/400 ERROR: No .raw files found in temp_dir.
Job 637: 286/400 ERROR: No .raw files found in temp_dir.
Job 637: 287/400 ERROR: No .raw files found in temp_dir.
Job 637: 288/400 ERROR: No .raw files found in temp_dir.
Job 637: 289/400 ERROR: No .raw files found in temp_dir.
Job 637: 290/400 ERROR: No .raw files found in temp_dir.
Job 637: 291/400 ERROR: No .raw files found in temp_dir.
Job 637: 292/400 ERROR: No .raw files found in temp_dir.
Job 637: 293/400 ERROR: No .raw files found in temp_dir.
Job 637: 294/400 ERROR: No .raw files found in temp_dir.
Job 637: 295/400 ERROR: No .raw files found in temp_dir.
Job 637: 296/400 ERROR: No .raw files found in temp_dir.
Job 637: 297/400 ERROR: No .raw files found in temp_dir.
Job 637: 298/400 ERROR: No .raw files found in temp_dir.
Job 637: 299/400 ERROR: No .raw files found in temp_dir.
Job 637: 300/400 ERROR: No .raw files found in temp_dir.
Job 637: 301/400 ERROR: No .raw files found in temp_dir.
Job 637: 302/400 ERROR: No .raw files found in temp_dir.
Job 637: 303/400 ERROR: No .raw files found in temp_dir.
Job 637: 304/400 ERROR: No .raw files found in temp_dir.
Job 637: 305/400 ERROR: No .raw files found in temp_dir.
Job 637: 306/400 ERROR: No .raw files found in temp_dir.
Job 637: 307/400 ERROR: No .raw files found in temp_dir.
Job 637: 308/400 ERROR: No .raw files found in temp_dir.
Job 637: 309/400 ERROR: No .raw files found in temp_dir.
Job 637: 310/400 ERROR: No .raw files found in temp_dir.
Job 637: 311/400 ERROR: No .raw files found in temp_dir.
Job 637: 312/400 ERROR: No .raw files found in temp_dir.
Job 637: 313/400 ERROR: No .raw files found in temp_dir.
Job 637: 314/400 ERROR: No .raw files found in temp_dir.
Job 637: 315/400 ERROR: No .raw files found in temp_dir.
Job 637: 316/400 ERROR: No .raw files found in temp_dir.
Job 637: 317/400 ERROR: No .raw files found in temp_dir.
Job 637: 318/400 ERROR: No .raw files found in temp_dir.
Job 637: 319/400 ERROR: No .raw files found in temp_dir.
Job 637: 320/400 ERROR: No .raw files found in temp_dir.
Job 637: 321/400 ERROR: No .raw files found in temp_dir.
Job 637: 322/400 ERROR: No .raw files found in temp_dir.
Job 637: 323/400 ERROR: No .raw files found in temp_dir.
Job 637: 324/400 ERROR: No .raw files found in temp_dir.
Job 637: 325/400 ERROR: No .raw files found in temp_dir.
Job 637: 326/400 ERROR: No .raw files found in temp_dir.
Job 637: 327/400 ERROR: No .raw files found in temp_dir.
Job 637: 328/400 ERROR: No .raw files found in temp_dir.
Job 637: 329/400 ERROR: No .raw files found in temp_dir.
Job 637: 330/400 ERROR: No .raw files found in temp_dir.
Job 637: 331/400 ERROR: No .raw files found in temp_dir.
Job 637: 332/400 ERROR: No .raw files found in temp_dir.
Job 637: 333/400 ERROR: No .raw files found in temp_dir.
Job 637: 334/400 ERROR: No .raw files found in temp_dir.
Job 637: 335/400 ERROR: No .raw files found in temp_dir.
Job 637: 336/400 ERROR: No .raw files found in temp_dir.
Job 637: 337/400 ERROR: No .raw files found in temp_dir.
Job 637: 338/400 ERROR: No .raw files found in temp_dir.
Job 637: 339/400 ERROR: No .raw files found in temp_dir.
Job 637: 340/400 ERROR: No .raw files found in temp_dir.
Job 637: 341/400 ERROR: No .raw files found in temp_dir.
Job 637: 342/400 ERROR: No .raw files found in temp_dir.
Job 637: 343/400 ERROR: No .raw files found in temp_dir.
Job 637: 344/400 ERROR: No .raw files found in temp_dir.
Job 637: 345/400 ERROR: No .raw files found in temp_dir.
Job 637: 346/400 ERROR: No .raw files found in temp_dir.
Job 637: 347/400 ERROR: No .raw files found in temp_dir.
Job 637: 348/400 ERROR: No .raw files found in temp_dir.
Job 637: 349/400 ERROR: No .raw files found in temp_dir.
Job 637: 350/400 ERROR: No .raw files found in temp_dir.
Job 637: 351/400 ERROR: No .raw files found in temp_dir.
Job 637: 352/400 ERROR: No .raw files found in temp_dir.
Job 637: 353/400 ERROR: No .raw files found in temp_dir.
Job 637: 354/400 ERROR: No .raw files found in temp_dir.
Job 637: 355/400 ERROR: No .raw files found in temp_dir.
Job 637: 356/400 ERROR: No .raw files found in temp_dir.
Job 637: 357/400 ERROR: No .raw files found in temp_dir.
Job 637: 358/400 ERROR: No .raw files found in temp_dir.
Job 637: 359/400 ERROR: No .raw files found in temp_dir.
Job 637: 360/400 ERROR: No .raw files found in temp_dir.
Job 637: 361/400 ERROR: No .raw files found in temp_dir.
Job 637: 362/400 ERROR: No .raw files found in temp_dir.
Job 637: 363/400 ERROR: No .raw files found in temp_dir.
Job 637: 364/400 ERROR: No .raw files found in temp_dir.
Job 637: 365/400 ERROR: No .raw files found in temp_dir.
Job 637: 366/400 ERROR: No .raw files found in temp_dir.
Job 637: 367/400 ERROR: No .raw files found in temp_dir.
Job 637: 368/400 ERROR: No .raw files found in temp_dir.
Job 637: 369/400 ERROR: No .raw files found in temp_dir.
Job 637: 370/400 ERROR: No .raw files found in temp_dir.
Job 637: 371/400 ERROR: No .raw files found in temp_dir.
Job 637: 372/400 ERROR: No .raw files found in temp_dir.
Job 637: 373/400 ERROR: No .raw files found in temp_dir.
Job 637: 374/400 ERROR: No .raw files found in temp_dir.
Job 637: 375/400 ERROR: No .raw files found in temp_dir.
Job 637: 376/400 ERROR: No .raw files found in temp_dir.
Job 637: 377/400 ERROR: No .raw files found in temp_dir.
Job 637: 378/400 ERROR: No .raw files found in temp_dir.
Job 637: 379/400 ERROR: No .raw files found in temp_dir.
Job 637: 380/400 ERROR: No .raw files found in temp_dir.
Job 637: 381/400 ERROR: No .raw files found in temp_dir.
Job 637: 382/400 ERROR: No .raw files found in temp_dir.
Job 637: 383/400 ERROR: No .raw files found in temp_dir.
Job 637: 384/400 ERROR: No .raw files found in temp_dir.
Job 637: 385/400 ERROR: No .raw files found in temp_dir.
Job 637: 386/400 ERROR: No .raw files found in temp_dir.
Job 637: 387/400 ERROR: No .raw files found in temp_dir.
Job 637: 388/400 ERROR: No .raw files found in temp_dir.
Job 637: 389/400 ERROR: No .raw files found in temp_dir.
Job 637: 390/400 ERROR: No .raw files found in temp_dir.
Job 637: 391/400 ERROR: No .raw files found in temp_dir.
Job 637: 392/400 ERROR: No .raw files found in temp_dir.
Job 637: 393/400 ERROR: No .raw files found in temp_dir.
Job 637: 394/400 ERROR: No .raw files found in temp_dir.
Job 637: 395/400 ERROR: No .raw files found in temp_dir.
Job 637: 396/400 ERROR: No .raw files found in temp_dir.
Job 637: 397/400 ERROR: No .raw files found in temp_dir.
Job 637: 398/400 ERROR: No .raw files found in temp_dir.
Job 637: 399/400 ERROR: No .raw files found in temp_dir.
Job 637: 400/400 ERROR: No .raw files found in temp_dir.
Warning messages:
1: In data.table::fread(raw_file, data.table = FALSE) :
  Discarded single-line footer: <<0	GTEX-13FLW	0	0	0	-9	2	2	2	2	2	0	2	2	2	2	2	2	1	1	2	2	2	2	2	2	2	2	2	2	2	2	2	2	0	2	0	2	2	2	0	2	2	0	2	2	2	2	2	2	2	2	2	2	1	2	2	2	2	2	2	0	2	2	2	2	2	2	2	2	2	2	2	2	2	2	2	1	2	1	2	2	2	0	2	2	2	2	2	2	2	2	2	2	2	2	0	2	2	2	2	2	2	2	2	2	2	2	2	2	0	2	2	2	1	2	2	2	2	1	2	2	2	2	2	2	2	2	2	2	2	2	2	1	2	0	2	2	2	2	1	2	1	2	0	2	0	2	1	2	2	2	2	2	2	2	2	2	2	2	2	2	2	2	2	2	2	2	2	2	2	2	2	2	2	2	1	2	2	2	2	1	2	2	2	2	2	2	2	2	2	2	2	2	2	2	2	2	1	2	2	2	2	2	2	2	2	2	2	2	2	2	2	2	2	2	2	2	2	2	2	2	2	2	2	2	2	2	2	2	2	2	2	2	2	1	2	2	2	2	2	2	2	2	2	>>
2: In data.table::fread(raw_file, data.table = FALSE) :
  Discarded single-line footer: <<0	GTEX-ZUA1	0	0	0	-9	2	2	1	2	2	2	2	2	2	2	2	2	2	2	2	2	2	2	2	2	2	2	1	1	1	2	2	2	2	2	1	2	2	2	2	2	2	2	2	2	2	2	2	2	2	2	2	2	2	2	2	2	1	2	2	2	2	2	2	2	2	2	2	2	2	2	2	2	2	2	2	2	2	2	2	2	2	1	2	2	2	2	2	2	2	2	2	2	2	2	2	2	2	2	1	2	2	2	2	2	2	2	2	1	2	1	2	2	2	2	NA	2	2	2	2	2	2	2	2	2	2	2	2	2	2	2	2	2	2	2	2	2	2	2	2	1	2	2	2	2	2	2	2	2	2	2	2	2	1	2	2	1	2	2	1	2	2	2	2	2	2	2	2	2	1	2	2	2	2	2	2	2	2	2	2	2	2	2	2	2	2	2	1	2	2	2	2	2	1	0	2	2	2	2	2	2	2	2	2	2	2	2	2	2	2	2	2	NA	2	2	2	2	2	2	1	2	2	2	2	2	2	2	2	2	2	2	2	2	2	2	2	2	2	2	2	2	2	2	2>>
