Registered S3 methods overwritten by 'susieSlide':
  method              from  
  coef.susie          susieR
  predict.susie       susieR
  print.summary.susie susieR
  summary.susie       susieR
Job 626: 1/400
Job 626: 2/400
Job 626: 3/400
Job 626: 4/400
Job 626: 5/400
Job 626: 6/400
Job 626: 7/400
Job 626: 8/400
Job 626: 9/400
Job 626: 10/400
Job 626: 11/400
Job 626: 12/400
Job 626: 13/400
Job 626: 14/400
Job 626: 15/400
Job 626: 16/400
Job 626: 17/400
Job 626: 18/400
Job 626: 19/400
Job 626: 20/400
Job 626: 21/400
Job 626: 22/400
Job 626: 23/400
Job 626: 24/400 ERROR: No .raw files found in temp_dir.
Job 626: 25/400 ERROR: No .raw files found in temp_dir.
Job 626: 26/400 ERROR: No .raw files found in temp_dir.
Job 626: 27/400 ERROR: No .raw files found in temp_dir.
Job 626: 28/400 ERROR: No .raw files found in temp_dir.
Job 626: 29/400 ERROR: No .raw files found in temp_dir.
Job 626: 30/400 ERROR: No .raw files found in temp_dir.
Job 626: 31/400 ERROR: No .raw files found in temp_dir.
Job 626: 32/400 ERROR: No .raw files found in temp_dir.
Job 626: 33/400 ERROR: No .raw files found in temp_dir.
Job 626: 34/400 ERROR: No .raw files found in temp_dir.
Job 626: 35/400 ERROR: No .raw files found in temp_dir.
Job 626: 36/400 ERROR: No .raw files found in temp_dir.
Job 626: 37/400 ERROR: No .raw files found in temp_dir.
Job 626: 38/400 ERROR: No .raw files found in temp_dir.
Job 626: 39/400 ERROR: No .raw files found in temp_dir.
Job 626: 40/400 ERROR: No .raw files found in temp_dir.
Job 626: 41/400 ERROR: No .raw files found in temp_dir.
Job 626: 42/400 ERROR: No .raw files found in temp_dir.
Job 626: 43/400 ERROR: No .raw files found in temp_dir.
Job 626: 44/400 ERROR: No .raw files found in temp_dir.
Job 626: 45/400 ERROR: No .raw files found in temp_dir.
Job 626: 46/400 ERROR: No .raw files found in temp_dir.
Job 626: 47/400 ERROR: No .raw files found in temp_dir.
Job 626: 48/400 ERROR: No .raw files found in temp_dir.
Job 626: 49/400 ERROR: No .raw files found in temp_dir.
Job 626: 50/400 ERROR: No .raw files found in temp_dir.
Job 626: 51/400 ERROR: No .raw files found in temp_dir.
Job 626: 52/400 ERROR: No .raw files found in temp_dir.
Job 626: 53/400 ERROR: No .raw files found in temp_dir.
Job 626: 54/400 ERROR: No .raw files found in temp_dir.
Job 626: 55/400 ERROR: No .raw files found in temp_dir.
Job 626: 56/400 ERROR: No .raw files found in temp_dir.
Job 626: 57/400 ERROR: No .raw files found in temp_dir.
Job 626: 58/400 ERROR: No .raw files found in temp_dir.
Job 626: 59/400 ERROR: No .raw files found in temp_dir.
Job 626: 60/400 ERROR: No .raw files found in temp_dir.
Job 626: 61/400 ERROR: No .raw files found in temp_dir.
Job 626: 62/400 ERROR: No .raw files found in temp_dir.
Job 626: 63/400 ERROR: No .raw files found in temp_dir.
Job 626: 64/400 ERROR: No .raw files found in temp_dir.
Job 626: 65/400 ERROR: No .raw files found in temp_dir.
Job 626: 66/400 ERROR: No .raw files found in temp_dir.
Job 626: 67/400 ERROR: No .raw files found in temp_dir.
Job 626: 68/400 ERROR: No .raw files found in temp_dir.
Job 626: 69/400 ERROR: No .raw files found in temp_dir.
Job 626: 70/400 ERROR: No .raw files found in temp_dir.
Job 626: 71/400 ERROR: No .raw files found in temp_dir.
Job 626: 72/400 ERROR: No .raw files found in temp_dir.
Job 626: 73/400 ERROR: No .raw files found in temp_dir.
Job 626: 74/400 ERROR: No .raw files found in temp_dir.
Job 626: 75/400 ERROR: No .raw files found in temp_dir.
Job 626: 76/400 ERROR: No .raw files found in temp_dir.
Job 626: 77/400 ERROR: No .raw files found in temp_dir.
Job 626: 78/400 ERROR: No .raw files found in temp_dir.
Job 626: 79/400 ERROR: No .raw files found in temp_dir.
Job 626: 80/400 ERROR: No .raw files found in temp_dir.
Job 626: 81/400 ERROR: No .raw files found in temp_dir.
Job 626: 82/400 ERROR: No .raw files found in temp_dir.
Job 626: 83/400 ERROR: No .raw files found in temp_dir.
Job 626: 84/400 ERROR: No .raw files found in temp_dir.
Job 626: 85/400 ERROR: No .raw files found in temp_dir.
Job 626: 86/400 ERROR: No .raw files found in temp_dir.
Job 626: 87/400 ERROR: No .raw files found in temp_dir.
Job 626: 88/400 ERROR: No .raw files found in temp_dir.
Job 626: 89/400 ERROR: Not enough donors for the requested n.
Job 626: 90/400 ERROR: Not enough donors for the requested n.
Job 626: 91/400
Job 626: 92/400
Job 626: 93/400
Job 626: 94/400
Job 626: 95/400
Job 626: 96/400
Job 626: 97/400
Job 626: 98/400
Job 626: 99/400
Job 626: 100/400
Job 626: 101/400
Job 626: 102/400
Job 626: 103/400
Job 626: 104/400
Job 626: 105/400
Job 626: 106/400
Job 626: 107/400
Job 626: 108/400
Job 626: 109/400
Job 626: 110/400
Job 626: 111/400
Job 626: 112/400
Job 626: 113/400
Job 626: 114/400
Job 626: 115/400
Job 626: 116/400
Job 626: 117/400
Job 626: 118/400
Job 626: 119/400 ERROR: No .raw files found in temp_dir.
Job 626: 120/400 ERROR: No .raw files found in temp_dir.
Job 626: 121/400 ERROR: No .raw files found in temp_dir.
Job 626: 122/400 ERROR: No .raw files found in temp_dir.
Job 626: 123/400 ERROR: No .raw files found in temp_dir.
Job 626: 124/400 ERROR: No .raw files found in temp_dir.
Job 626: 125/400 ERROR: No .raw files found in temp_dir.
Job 626: 126/400 ERROR: No .raw files found in temp_dir.
Job 626: 127/400 ERROR: No .raw files found in temp_dir.
Job 626: 128/400 ERROR: No .raw files found in temp_dir.
Job 626: 129/400 ERROR: No .raw files found in temp_dir.
Job 626: 130/400 ERROR: No .raw files found in temp_dir.
Job 626: 131/400 ERROR: No .raw files found in temp_dir.
Job 626: 132/400 ERROR: No .raw files found in temp_dir.
Job 626: 133/400 ERROR: No .raw files found in temp_dir.
Job 626: 134/400 ERROR: No .raw files found in temp_dir.
Job 626: 135/400 ERROR: No .raw files found in temp_dir.
Job 626: 136/400 ERROR: No .raw files found in temp_dir.
Job 626: 137/400 ERROR: No .raw files found in temp_dir.
Job 626: 138/400 ERROR: No .raw files found in temp_dir.
Job 626: 139/400 ERROR: No .raw files found in temp_dir.
Job 626: 140/400 ERROR: No .raw files found in temp_dir.
Job 626: 141/400 ERROR: No .raw files found in temp_dir.
Job 626: 142/400 ERROR: No .raw files found in temp_dir.
Job 626: 143/400 ERROR: No .raw files found in temp_dir.
Job 626: 144/400 ERROR: No .raw files found in temp_dir.
Job 626: 145/400 ERROR: No .raw files found in temp_dir.
Job 626: 146/400 ERROR: No .raw files found in temp_dir.
Job 626: 147/400 ERROR: No .raw files found in temp_dir.
Job 626: 148/400 ERROR: No .raw files found in temp_dir.
Job 626: 149/400 ERROR: No .raw files found in temp_dir.
Job 626: 150/400 ERROR: No .raw files found in temp_dir.
Job 626: 151/400 ERROR: No .raw files found in temp_dir.
Job 626: 152/400 ERROR: No .raw files found in temp_dir.
Job 626: 153/400 ERROR: No .raw files found in temp_dir.
Job 626: 154/400 ERROR: No .raw files found in temp_dir.
Job 626: 155/400 ERROR: No .raw files found in temp_dir.
Job 626: 156/400 ERROR: No .raw files found in temp_dir.
Job 626: 157/400 ERROR: No .raw files found in temp_dir.
Job 626: 158/400 ERROR: No .raw files found in temp_dir.
Job 626: 159/400 ERROR: No .raw files found in temp_dir.
Job 626: 160/400 ERROR: No .raw files found in temp_dir.
Job 626: 161/400 ERROR: No .raw files found in temp_dir.
Job 626: 162/400 ERROR: No .raw files found in temp_dir.
Job 626: 163/400 ERROR: No .raw files found in temp_dir.
Job 626: 164/400 ERROR: No .raw files found in temp_dir.
Job 626: 165/400 ERROR: No .raw files found in temp_dir.
Job 626: 166/400 ERROR: No .raw files found in temp_dir.
Job 626: 167/400 ERROR: No .raw files found in temp_dir.
Job 626: 168/400 ERROR: No .raw files found in temp_dir.
Job 626: 169/400 ERROR: No .raw files found in temp_dir.
Job 626: 170/400 ERROR: No .raw files found in temp_dir.
Job 626: 171/400 ERROR: No .raw files found in temp_dir.
Job 626: 172/400 ERROR: No .raw files found in temp_dir.
Job 626: 173/400 ERROR: No .raw files found in temp_dir.
Job 626: 174/400 ERROR: No .raw files found in temp_dir.
Job 626: 175/400 ERROR: No .raw files found in temp_dir.
Job 626: 176/400 ERROR: No .raw files found in temp_dir.
Job 626: 177/400 ERROR: No .raw files found in temp_dir.
Job 626: 178/400 ERROR: No .raw files found in temp_dir.
Job 626: 179/400 ERROR: No .raw files found in temp_dir.
Job 626: 180/400
Job 626: 181/400
Job 626: 182/400
Job 626: 183/400
Job 626: 184/400
Job 626: 185/400
Job 626: 186/400
Job 626: 187/400
Job 626: 188/400
Job 626: 189/400
Job 626: 190/400
Job 626: 191/400
Job 626: 192/400
Job 626: 193/400
Job 626: 194/400
Job 626: 195/400
Job 626: 196/400
Job 626: 197/400
Job 626: 198/400
Job 626: 199/400
Job 626: 200/400
Job 626: 201/400
Job 626: 202/400
Job 626: 203/400
Job 626: 204/400
Job 626: 205/400
Job 626: 206/400
Job 626: 207/400
Job 626: 208/400
Job 626: 209/400
Job 626: 210/400
Job 626: 211/400 ERROR: No .raw files found in temp_dir.
Job 626: 212/400 ERROR: No .raw files found in temp_dir.
Job 626: 213/400 ERROR: No .raw files found in temp_dir.
Job 626: 214/400 ERROR: No .raw files found in temp_dir.
Job 626: 215/400 ERROR: No .raw files found in temp_dir.
Job 626: 216/400 ERROR: No .raw files found in temp_dir.
Job 626: 217/400 ERROR: No .raw files found in temp_dir.
Job 626: 218/400 ERROR: No .raw files found in temp_dir.
Job 626: 219/400 ERROR: No .raw files found in temp_dir.
Job 626: 220/400 ERROR: No .raw files found in temp_dir.
Job 626: 221/400 ERROR: No .raw files found in temp_dir.
Job 626: 222/400 ERROR: No .raw files found in temp_dir.
Job 626: 223/400 ERROR: No .raw files found in temp_dir.
Job 626: 224/400 ERROR: No .raw files found in temp_dir.
Job 626: 225/400 ERROR: No .raw files found in temp_dir.
Job 626: 226/400 ERROR: No .raw files found in temp_dir.
Job 626: 227/400 ERROR: No .raw files found in temp_dir.
Job 626: 228/400 ERROR: No .raw files found in temp_dir.
Job 626: 229/400 ERROR: No .raw files found in temp_dir.
Job 626: 230/400 ERROR: No .raw files found in temp_dir.
Job 626: 231/400 ERROR: No .raw files found in temp_dir.
Job 626: 232/400 ERROR: No .raw files found in temp_dir.
Job 626: 233/400 ERROR: No .raw files found in temp_dir.
Job 626: 234/400 ERROR: No .raw files found in temp_dir.
Job 626: 235/400 ERROR: No .raw files found in temp_dir.
Job 626: 236/400 ERROR: No .raw files found in temp_dir.
Job 626: 237/400 ERROR: No .raw files found in temp_dir.
Job 626: 238/400 ERROR: No .raw files found in temp_dir.
Job 626: 239/400 ERROR: No .raw files found in temp_dir.
Job 626: 240/400 ERROR: No .raw files found in temp_dir.
Job 626: 241/400 ERROR: No .raw files found in temp_dir.
Job 626: 242/400 ERROR: No .raw files found in temp_dir.
Job 626: 243/400 ERROR: No .raw files found in temp_dir.
Job 626: 244/400 ERROR: No .raw files found in temp_dir.
Job 626: 245/400 ERROR: No .raw files found in temp_dir.
Job 626: 246/400 ERROR: No .raw files found in temp_dir.
Job 626: 247/400 ERROR: No .raw files found in temp_dir.
Job 626: 248/400 ERROR: No .raw files found in temp_dir.
Job 626: 249/400 ERROR: No .raw files found in temp_dir.
Job 626: 250/400 ERROR: No .raw files found in temp_dir.
Job 626: 251/400 ERROR: No .raw files found in temp_dir.
Job 626: 252/400 ERROR: No .raw files found in temp_dir.
Job 626: 253/400 ERROR: No .raw files found in temp_dir.
Job 626: 254/400 ERROR: No .raw files found in temp_dir.
Job 626: 255/400 ERROR: No .raw files found in temp_dir.
Job 626: 256/400 ERROR: No .raw files found in temp_dir.
Job 626: 257/400 ERROR: No .raw files found in temp_dir.
Job 626: 258/400 ERROR: No .raw files found in temp_dir.
Job 626: 259/400 ERROR: No .raw files found in temp_dir.
Job 626: 260/400 ERROR: No .raw files found in temp_dir.
Job 626: 261/400 ERROR: No .raw files found in temp_dir.
Job 626: 262/400 ERROR: No .raw files found in temp_dir.
Job 626: 263/400 ERROR: No .raw files found in temp_dir.
Job 626: 264/400 ERROR: No .raw files found in temp_dir.
Job 626: 265/400 ERROR: No .raw files found in temp_dir.
Job 626: 266/400 ERROR: No .raw files found in temp_dir.
Job 626: 267/400 ERROR: No .raw files found in temp_dir.
Job 626: 268/400 ERROR: No .raw files found in temp_dir.
Job 626: 269/400 ERROR: No .raw files found in temp_dir.
Job 626: 270/400 ERROR: No .raw files found in temp_dir.
Job 626: 271/400 ERROR: No .raw files found in temp_dir.
Job 626: 272/400 ERROR: No .raw files found in temp_dir.
Job 626: 273/400 ERROR: No .raw files found in temp_dir.
Job 626: 274/400 ERROR: No .raw files found in temp_dir.
Job 626: 275/400 ERROR: No .raw files found in temp_dir.
Job 626: 276/400 ERROR: No .raw files found in temp_dir.
Job 626: 277/400 ERROR: No .raw files found in temp_dir.
Job 626: 278/400 ERROR: No .raw files found in temp_dir.
Job 626: 279/400 ERROR: No .raw files found in temp_dir.
Job 626: 280/400 ERROR: No .raw files found in temp_dir.
Job 626: 281/400 ERROR: No .raw files found in temp_dir.
Job 626: 282/400 ERROR: No .raw files found in temp_dir.
Job 626: 283/400 ERROR: No .raw files found in temp_dir.
Job 626: 284/400 ERROR: No .raw files found in temp_dir.
Job 626: 285/400 ERROR: No .raw files found in temp_dir.
Job 626: 286/400 ERROR: No .raw files found in temp_dir.
Job 626: 287/400 ERROR: No .raw files found in temp_dir.
Job 626: 288/400 ERROR: No .raw files found in temp_dir.
Job 626: 289/400 ERROR: No .raw files found in temp_dir.
Job 626: 290/400 ERROR: No .raw files found in temp_dir.
Job 626: 291/400 ERROR: No .raw files found in temp_dir.
Job 626: 292/400 ERROR: No .raw files found in temp_dir.
Job 626: 293/400 ERROR: No .raw files found in temp_dir.
Job 626: 294/400 ERROR: No .raw files found in temp_dir.
Job 626: 295/400 ERROR: No .raw files found in temp_dir.
Job 626: 296/400 ERROR: No .raw files found in temp_dir.
Job 626: 297/400 ERROR: No .raw files found in temp_dir.
Job 626: 298/400 ERROR: No .raw files found in temp_dir.
Job 626: 299/400 ERROR: No .raw files found in temp_dir.
Job 626: 300/400 ERROR: No .raw files found in temp_dir.
Job 626: 301/400 ERROR: No .raw files found in temp_dir.
Job 626: 302/400 ERROR: No .raw files found in temp_dir.
Job 626: 303/400 ERROR: No .raw files found in temp_dir.
Job 626: 304/400 ERROR: No .raw files found in temp_dir.
Job 626: 305/400 ERROR: No .raw files found in temp_dir.
Job 626: 306/400 ERROR: No .raw files found in temp_dir.
Job 626: 307/400 ERROR: No .raw files found in temp_dir.
Job 626: 308/400 ERROR: No .raw files found in temp_dir.
Job 626: 309/400 ERROR: No .raw files found in temp_dir.
Job 626: 310/400 ERROR: No .raw files found in temp_dir.
Job 626: 311/400 ERROR: No .raw files found in temp_dir.
Job 626: 312/400 ERROR: No .raw files found in temp_dir.
Job 626: 313/400 ERROR: No .raw files found in temp_dir.
Job 626: 314/400 ERROR: No .raw files found in temp_dir.
Job 626: 315/400 ERROR: No .raw files found in temp_dir.
Job 626: 316/400 ERROR: No .raw files found in temp_dir.
Job 626: 317/400 ERROR: No .raw files found in temp_dir.
Job 626: 318/400 ERROR: No .raw files found in temp_dir.
Job 626: 319/400 ERROR: No .raw files found in temp_dir.
Job 626: 320/400 ERROR: No .raw files found in temp_dir.
Job 626: 321/400 ERROR: No .raw files found in temp_dir.
Job 626: 322/400 ERROR: No .raw files found in temp_dir.
Job 626: 323/400 ERROR: No .raw files found in temp_dir.
Job 626: 324/400 ERROR: No .raw files found in temp_dir.
Job 626: 325/400 ERROR: No .raw files found in temp_dir.
Job 626: 326/400 ERROR: No .raw files found in temp_dir.
Job 626: 327/400 ERROR: No .raw files found in temp_dir.
Job 626: 328/400 ERROR: No .raw files found in temp_dir.
Job 626: 329/400 ERROR: No .raw files found in temp_dir.
Job 626: 330/400 ERROR: No .raw files found in temp_dir.
Job 626: 331/400 ERROR: No .raw files found in temp_dir.
Job 626: 332/400 ERROR: No .raw files found in temp_dir.
Job 626: 333/400 ERROR: No .raw files found in temp_dir.
Job 626: 334/400 ERROR: No .raw files found in temp_dir.
Job 626: 335/400 ERROR: No .raw files found in temp_dir.
Job 626: 336/400 ERROR: No .raw files found in temp_dir.
Job 626: 337/400 ERROR: No .raw files found in temp_dir.
Job 626: 338/400 ERROR: No .raw files found in temp_dir.
Job 626: 339/400 ERROR: No .raw files found in temp_dir.
Job 626: 340/400 ERROR: No .raw files found in temp_dir.
Job 626: 341/400 ERROR: No .raw files found in temp_dir.
Job 626: 342/400 ERROR: No .raw files found in temp_dir.
Job 626: 343/400 ERROR: No .raw files found in temp_dir.
Job 626: 344/400 ERROR: No .raw files found in temp_dir.
Job 626: 345/400 ERROR: No .raw files found in temp_dir.
Job 626: 346/400 ERROR: No .raw files found in temp_dir.
Job 626: 347/400 ERROR: No .raw files found in temp_dir.
Job 626: 348/400 ERROR: No .raw files found in temp_dir.
Job 626: 349/400 ERROR: No .raw files found in temp_dir.
Job 626: 350/400 ERROR: No .raw files found in temp_dir.
Job 626: 351/400 ERROR: No .raw files found in temp_dir.
Job 626: 352/400 ERROR: No .raw files found in temp_dir.
Job 626: 353/400 ERROR: No .raw files found in temp_dir.
Job 626: 354/400 ERROR: No .raw files found in temp_dir.
Job 626: 355/400 ERROR: No .raw files found in temp_dir.
Job 626: 356/400 ERROR: No .raw files found in temp_dir.
Job 626: 357/400 ERROR: No .raw files found in temp_dir.
Job 626: 358/400 ERROR: No .raw files found in temp_dir.
Job 626: 359/400 ERROR: No .raw files found in temp_dir.
Job 626: 360/400 ERROR: No .raw files found in temp_dir.
Job 626: 361/400 ERROR: No .raw files found in temp_dir.
Job 626: 362/400 ERROR: No .raw files found in temp_dir.
Job 626: 363/400 ERROR: No .raw files found in temp_dir.
Job 626: 364/400 ERROR: No .raw files found in temp_dir.
Job 626: 365/400 ERROR: No .raw files found in temp_dir.
Job 626: 366/400 ERROR: No .raw files found in temp_dir.
Job 626: 367/400 ERROR: No .raw files found in temp_dir.
Job 626: 368/400 ERROR: No .raw files found in temp_dir.
Job 626: 369/400 ERROR: No .raw files found in temp_dir.
Job 626: 370/400 ERROR: No .raw files found in temp_dir.
Job 626: 371/400 ERROR: No .raw files found in temp_dir.
Job 626: 372/400 ERROR: No .raw files found in temp_dir.
Job 626: 373/400 ERROR: No .raw files found in temp_dir.
Job 626: 374/400 ERROR: No .raw files found in temp_dir.
Job 626: 375/400 ERROR: No .raw files found in temp_dir.
Job 626: 376/400 ERROR: No .raw files found in temp_dir.
Job 626: 377/400 ERROR: No .raw files found in temp_dir.
Job 626: 378/400 ERROR: No .raw files found in temp_dir.
Job 626: 379/400 ERROR: No .raw files found in temp_dir.
Job 626: 380/400 ERROR: No .raw files found in temp_dir.
Job 626: 381/400 ERROR: No .raw files found in temp_dir.
Job 626: 382/400 ERROR: No .raw files found in temp_dir.
Job 626: 383/400 ERROR: No .raw files found in temp_dir.
Job 626: 384/400 ERROR: No .raw files found in temp_dir.
Job 626: 385/400 ERROR: No .raw files found in temp_dir.
Job 626: 386/400 ERROR: No .raw files found in temp_dir.
Job 626: 387/400 ERROR: No .raw files found in temp_dir.
Job 626: 388/400 ERROR: No .raw files found in temp_dir.
Job 626: 389/400 ERROR: No .raw files found in temp_dir.
Job 626: 390/400 ERROR: No .raw files found in temp_dir.
Job 626: 391/400 ERROR: No .raw files found in temp_dir.
Job 626: 392/400 ERROR: No .raw files found in temp_dir.
Job 626: 393/400 ERROR: No .raw files found in temp_dir.
Job 626: 394/400 ERROR: No .raw files found in temp_dir.
Job 626: 395/400 ERROR: No .raw files found in temp_dir.
Job 626: 396/400 ERROR: No .raw files found in temp_dir.
Job 626: 397/400 ERROR: No .raw files found in temp_dir.
Job 626: 398/400 ERROR: No .raw files found in temp_dir.
Job 626: 399/400 ERROR: No .raw files found in temp_dir.
Job 626: 400/400 ERROR: No .raw files found in temp_dir.
Warning messages:
1: In data.table::fread(raw_file, data.table = FALSE) :
  Discarded single-line footer: <<0	GTEX-11ZVC	0	0	0	-9	2	2	2	2	2	1	2	2	2	2	2	2	1	2	2	2	2	2	2	2	2	2	2	2	2	2	2	2	0	2	0	2	2	2	1	2	2	0	2	2	2	2	2	2	2	2	2	2	2	2	2	2	2	2	2	0	2	2	2	2	2	2	2	2	2	2	2	2	2	2	1	2	2	1	2	2	2	0	2	2	2	2	2	2	2	2	2	2	2	2	0	2	2	2	2	2	2	2	2	2	2	2	2	2	0	2	2	2	2	2	2	2	2	1	2	2	2	2	2	2	2	2	2	2	2	2	2	2	2	0	2	2	2	2	2	2	2	2	1	2	1	2	1	2	2	2	2	2	2	2	2	2	2	2	2	2	2	2	2	2	2	2	2	2	2	2	2	2	2	2	2	2	2	2	2	2	2	2	2	2	2	2	2	2	2	2	2	2	2	2	2	2	2	2	2	2	2	2	2	2	2	2	2	2	2	2	2	2	2	2	2	2	2	2	2	2	2	2	2	2	2	2	2	2	2	2	2	2	2	2	2	2	2	2	2	2	2	2	2	>>
2: In data.table::fread(raw_file, data.table = FALSE) :
  Discarded single-line footer: <<0	GTEX-1LVA9	0	0	0	-9	2	2	2	2	2	0	2	2	2	2	2	2	0	2	2	2	2	2	2	2	2	2	2	2	2	2	2	2	0	2	0	2	2	2	0	2	2	0	2	2	2	2	2	2	2	2	2	2	2	2	2	2	2	2	2	0	2	2	2	2	2	2	2	2	2	2	2	2	2	2	2	2	2	0	2	2	2	0	2	2	2	2	2	2	2	2	2	2	2	2	0	2	2	2	2	2	2	2	2	2	2	2	2	2	0	2	2	2	2	2	2	2	2	0	2	2	2	2	2	2	2	2	2	2	2	2	2	2	2	0	2	2	2	2	2	2	2	2	0	2	0	2	0	2	2	2	2	2	2	2	2	2	2	2	2	2	2	2	2	2	2	2	2	2	2	2	2	2	2	2	2	2	2	2	2	2	2	2	2	2	2	2	2	2	2	2	2	2	2	2	2	2	2	2	2	2	2	2	2	2	2	2	2	2	2	2	2	2	2	2	2	2	2	2	2	2	2	2	2	2	2	2	2	2	2	2	2	2	2	2	2	2	2	2	2	2	2	2	2	>>
