Registered S3 methods overwritten by 'susieSlide':
  method              from  
  coef.susie          susieR
  predict.susie       susieR
  print.summary.susie susieR
  summary.susie       susieR
Job 673: 1/400
Job 673: 2/400
Job 673: 3/400
Job 673: 4/400
Job 673: 5/400
Job 673: 6/400
Job 673: 7/400
Job 673: 8/400
Job 673: 9/400
Job 673: 10/400
Job 673: 11/400
Job 673: 12/400
Job 673: 13/400
Job 673: 14/400
Job 673: 15/400
Job 673: 16/400
Job 673: 17/400
Job 673: 18/400
Job 673: 19/400
Job 673: 20/400 ERROR: No .raw files found in temp_dir.
Job 673: 21/400 ERROR: No .raw files found in temp_dir.
Job 673: 22/400 ERROR: No .raw files found in temp_dir.
Job 673: 23/400 ERROR: No .raw files found in temp_dir.
Job 673: 24/400 ERROR: No .raw files found in temp_dir.
Job 673: 25/400 ERROR: No .raw files found in temp_dir.
Job 673: 26/400 ERROR: No .raw files found in temp_dir.
Job 673: 27/400 ERROR: No .raw files found in temp_dir.
Job 673: 28/400 ERROR: No .raw files found in temp_dir.
Job 673: 29/400 ERROR: No .raw files found in temp_dir.
Job 673: 30/400 ERROR: No .raw files found in temp_dir.
Job 673: 31/400 ERROR: No .raw files found in temp_dir.
Job 673: 32/400 ERROR: No .raw files found in temp_dir.
Job 673: 33/400 ERROR: No .raw files found in temp_dir.
Job 673: 34/400 ERROR: No .raw files found in temp_dir.
Job 673: 35/400 ERROR: No .raw files found in temp_dir.
Job 673: 36/400 ERROR: No .raw files found in temp_dir.
Job 673: 37/400 ERROR: No .raw files found in temp_dir.
Job 673: 38/400 ERROR: No .raw files found in temp_dir.
Job 673: 39/400 ERROR: No .raw files found in temp_dir.
Job 673: 40/400 ERROR: No .raw files found in temp_dir.
Job 673: 41/400 ERROR: No .raw files found in temp_dir.
Job 673: 42/400 ERROR: No .raw files found in temp_dir.
Job 673: 43/400 ERROR: No .raw files found in temp_dir.
Job 673: 44/400 ERROR: No .raw files found in temp_dir.
Job 673: 45/400 ERROR: No .raw files found in temp_dir.
Job 673: 46/400 ERROR: No .raw files found in temp_dir.
Job 673: 47/400 ERROR: No .raw files found in temp_dir.
Job 673: 48/400 ERROR: No .raw files found in temp_dir.
Job 673: 49/400 ERROR: No .raw files found in temp_dir.
Job 673: 50/400 ERROR: No .raw files found in temp_dir.
Job 673: 51/400 ERROR: No .raw files found in temp_dir.
Job 673: 52/400 ERROR: No .raw files found in temp_dir.
Job 673: 53/400 ERROR: No .raw files found in temp_dir.
Job 673: 54/400 ERROR: No .raw files found in temp_dir.
Job 673: 55/400 ERROR: No .raw files found in temp_dir.
Job 673: 56/400 ERROR: No .raw files found in temp_dir.
Job 673: 57/400 ERROR: No .raw files found in temp_dir.
Job 673: 58/400 ERROR: No .raw files found in temp_dir.
Job 673: 59/400 ERROR: No .raw files found in temp_dir.
Job 673: 60/400 ERROR: No .raw files found in temp_dir.
Job 673: 61/400 ERROR: No .raw files found in temp_dir.
Job 673: 62/400 ERROR: No .raw files found in temp_dir.
Job 673: 63/400 ERROR: No .raw files found in temp_dir.
Job 673: 64/400 ERROR: No .raw files found in temp_dir.
Job 673: 65/400 ERROR: No .raw files found in temp_dir.
Job 673: 66/400 ERROR: No .raw files found in temp_dir.
Job 673: 67/400 ERROR: No .raw files found in temp_dir.
Job 673: 68/400 ERROR: No .raw files found in temp_dir.
Job 673: 69/400 ERROR: No .raw files found in temp_dir.
Job 673: 70/400 ERROR: No .raw files found in temp_dir.
Job 673: 71/400 ERROR: No .raw files found in temp_dir.
Job 673: 72/400 ERROR: No .raw files found in temp_dir.
Job 673: 73/400 ERROR: No .raw files found in temp_dir.
Job 673: 74/400 ERROR: No .raw files found in temp_dir.
Job 673: 75/400 ERROR: No .raw files found in temp_dir.
Job 673: 76/400 ERROR: No .raw files found in temp_dir.
Job 673: 77/400 ERROR: No .raw files found in temp_dir.
Job 673: 78/400 ERROR: No .raw files found in temp_dir.
Job 673: 79/400 ERROR: No .raw files found in temp_dir.
Job 673: 80/400 ERROR: No .raw files found in temp_dir.
Job 673: 81/400 ERROR: No .raw files found in temp_dir.
Job 673: 82/400 ERROR: No .raw files found in temp_dir.
Job 673: 83/400 ERROR: No .raw files found in temp_dir.
Job 673: 84/400 ERROR: No .raw files found in temp_dir.
Job 673: 85/400 ERROR: No .raw files found in temp_dir.
Job 673: 86/400 ERROR: No .raw files found in temp_dir.
Job 673: 87/400 ERROR: No .raw files found in temp_dir.
Job 673: 88/400 ERROR: No .raw files found in temp_dir.
Job 673: 89/400 ERROR: No .raw files found in temp_dir.
Job 673: 90/400 ERROR: No .raw files found in temp_dir.
Job 673: 91/400 ERROR: No .raw files found in temp_dir.
Job 673: 92/400 ERROR: No .raw files found in temp_dir.
Job 673: 93/400 ERROR: No .raw files found in temp_dir.
Job 673: 94/400 ERROR: No .raw files found in temp_dir.
Job 673: 95/400 ERROR: No .raw files found in temp_dir.
Job 673: 96/400 ERROR: No .raw files found in temp_dir.
Job 673: 97/400 ERROR: No .raw files found in temp_dir.
Job 673: 98/400 ERROR: No .raw files found in temp_dir.
Job 673: 99/400 ERROR: No .raw files found in temp_dir.
Job 673: 100/400 ERROR: No .raw files found in temp_dir.
Job 673: 101/400 ERROR: No .raw files found in temp_dir.
Job 673: 102/400 ERROR: No .raw files found in temp_dir.
Job 673: 103/400 ERROR: No .raw files found in temp_dir.
Job 673: 104/400 ERROR: No .raw files found in temp_dir.
Job 673: 105/400 ERROR: No .raw files found in temp_dir.
Job 673: 106/400 ERROR: Not enough donors for the requested n.
Job 673: 107/400
Job 673: 108/400
Job 673: 109/400
Job 673: 110/400
Job 673: 111/400
Job 673: 112/400
Job 673: 113/400
Job 673: 114/400
Job 673: 115/400
Job 673: 116/400
Job 673: 117/400
Job 673: 118/400
Job 673: 119/400
Job 673: 120/400
Job 673: 121/400
Job 673: 122/400
Job 673: 123/400
Job 673: 124/400
Job 673: 125/400
Job 673: 126/400
Job 673: 127/400
Job 673: 128/400
Job 673: 129/400 ERROR: No .raw files found in temp_dir.
Job 673: 130/400 ERROR: No .raw files found in temp_dir.
Job 673: 131/400 ERROR: No .raw files found in temp_dir.
Job 673: 132/400 ERROR: No .raw files found in temp_dir.
Job 673: 133/400 ERROR: No .raw files found in temp_dir.
Job 673: 134/400 ERROR: No .raw files found in temp_dir.
Job 673: 135/400 ERROR: No .raw files found in temp_dir.
Job 673: 136/400 ERROR: No .raw files found in temp_dir.
Job 673: 137/400 ERROR: No .raw files found in temp_dir.
Job 673: 138/400 ERROR: No .raw files found in temp_dir.
Job 673: 139/400 ERROR: No .raw files found in temp_dir.
Job 673: 140/400 ERROR: No .raw files found in temp_dir.
Job 673: 141/400 ERROR: No .raw files found in temp_dir.
Job 673: 142/400 ERROR: No .raw files found in temp_dir.
Job 673: 143/400 ERROR: No .raw files found in temp_dir.
Job 673: 144/400 ERROR: No .raw files found in temp_dir.
Job 673: 145/400 ERROR: No .raw files found in temp_dir.
Job 673: 146/400 ERROR: No .raw files found in temp_dir.
Job 673: 147/400 ERROR: No .raw files found in temp_dir.
Job 673: 148/400 ERROR: No .raw files found in temp_dir.
Job 673: 149/400 ERROR: No .raw files found in temp_dir.
Job 673: 150/400 ERROR: No .raw files found in temp_dir.
Job 673: 151/400 ERROR: No .raw files found in temp_dir.
Job 673: 152/400 ERROR: No .raw files found in temp_dir.
Job 673: 153/400 ERROR: No .raw files found in temp_dir.
Job 673: 154/400 ERROR: No .raw files found in temp_dir.
Job 673: 155/400 ERROR: No .raw files found in temp_dir.
Job 673: 156/400 ERROR: No .raw files found in temp_dir.
Job 673: 157/400 ERROR: No .raw files found in temp_dir.
Job 673: 158/400 ERROR: No .raw files found in temp_dir.
Job 673: 159/400 ERROR: No .raw files found in temp_dir.
Job 673: 160/400 ERROR: No .raw files found in temp_dir.
Job 673: 161/400 ERROR: No .raw files found in temp_dir.
Job 673: 162/400 ERROR: No .raw files found in temp_dir.
Job 673: 163/400 ERROR: No .raw files found in temp_dir.
Job 673: 164/400 ERROR: No .raw files found in temp_dir.
Job 673: 165/400 ERROR: No .raw files found in temp_dir.
Job 673: 166/400 ERROR: No .raw files found in temp_dir.
Job 673: 167/400 ERROR: No .raw files found in temp_dir.
Job 673: 168/400 ERROR: No .raw files found in temp_dir.
Job 673: 169/400 ERROR: No .raw files found in temp_dir.
Job 673: 170/400 ERROR: No .raw files found in temp_dir.
Job 673: 171/400 ERROR: No .raw files found in temp_dir.
Job 673: 172/400 ERROR: No .raw files found in temp_dir.
Job 673: 173/400 ERROR: No .raw files found in temp_dir.
Job 673: 174/400 ERROR: No .raw files found in temp_dir.
Job 673: 175/400 ERROR: No .raw files found in temp_dir.
Job 673: 176/400 ERROR: No .raw files found in temp_dir.
Job 673: 177/400 ERROR: No .raw files found in temp_dir.
Job 673: 178/400 ERROR: No .raw files found in temp_dir.
Job 673: 179/400 ERROR: No .raw files found in temp_dir.
Job 673: 180/400 ERROR: No .raw files found in temp_dir.
Job 673: 181/400 ERROR: No .raw files found in temp_dir.
Job 673: 182/400 ERROR: No .raw files found in temp_dir.
Job 673: 183/400 ERROR: No .raw files found in temp_dir.
Job 673: 184/400 ERROR: No .raw files found in temp_dir.
Job 673: 185/400 ERROR: No .raw files found in temp_dir.
Job 673: 186/400 ERROR: No .raw files found in temp_dir.
Job 673: 187/400 ERROR: No .raw files found in temp_dir.
Job 673: 188/400 ERROR: No .raw files found in temp_dir.
Job 673: 189/400 ERROR: No .raw files found in temp_dir.
Job 673: 190/400 ERROR: No .raw files found in temp_dir.
Job 673: 191/400 ERROR: No .raw files found in temp_dir.
Job 673: 192/400 ERROR: No .raw files found in temp_dir.
Job 673: 193/400
Job 673: 194/400
Job 673: 195/400
Job 673: 196/400
Job 673: 197/400
Job 673: 198/400
Job 673: 199/400
Job 673: 200/400
Job 673: 201/400
Job 673: 202/400
Job 673: 203/400
Job 673: 204/400
Job 673: 205/400
Job 673: 206/400
Job 673: 207/400
Job 673: 208/400
Job 673: 209/400
Job 673: 210/400
Job 673: 211/400
Job 673: 212/400
Job 673: 213/400
Job 673: 214/400
Job 673: 215/400
Job 673: 216/400
Job 673: 217/400
Job 673: 218/400
Job 673: 219/400 ERROR: No .raw files found in temp_dir.
Job 673: 220/400 ERROR: No .raw files found in temp_dir.
Job 673: 221/400 ERROR: No .raw files found in temp_dir.
Job 673: 222/400 ERROR: No .raw files found in temp_dir.
Job 673: 223/400 ERROR: No .raw files found in temp_dir.
Job 673: 224/400 ERROR: No .raw files found in temp_dir.
Job 673: 225/400 ERROR: No .raw files found in temp_dir.
Job 673: 226/400 ERROR: No .raw files found in temp_dir.
Job 673: 227/400 ERROR: No .raw files found in temp_dir.
Job 673: 228/400 ERROR: No .raw files found in temp_dir.
Job 673: 229/400 ERROR: No .raw files found in temp_dir.
Job 673: 230/400 ERROR: No .raw files found in temp_dir.
Job 673: 231/400 ERROR: No .raw files found in temp_dir.
Job 673: 232/400 ERROR: No .raw files found in temp_dir.
Job 673: 233/400 ERROR: No .raw files found in temp_dir.
Job 673: 234/400 ERROR: No .raw files found in temp_dir.
Job 673: 235/400 ERROR: No .raw files found in temp_dir.
Job 673: 236/400 ERROR: No .raw files found in temp_dir.
Job 673: 237/400 ERROR: No .raw files found in temp_dir.
Job 673: 238/400 ERROR: No .raw files found in temp_dir.
Job 673: 239/400 ERROR: No .raw files found in temp_dir.
Job 673: 240/400 ERROR: No .raw files found in temp_dir.
Job 673: 241/400 ERROR: No .raw files found in temp_dir.
Job 673: 242/400 ERROR: No .raw files found in temp_dir.
Job 673: 243/400 ERROR: No .raw files found in temp_dir.
Job 673: 244/400 ERROR: No .raw files found in temp_dir.
Job 673: 245/400 ERROR: No .raw files found in temp_dir.
Job 673: 246/400 ERROR: No .raw files found in temp_dir.
Job 673: 247/400 ERROR: No .raw files found in temp_dir.
Job 673: 248/400 ERROR: No .raw files found in temp_dir.
Job 673: 249/400 ERROR: No .raw files found in temp_dir.
Job 673: 250/400 ERROR: No .raw files found in temp_dir.
Job 673: 251/400 ERROR: No .raw files found in temp_dir.
Job 673: 252/400 ERROR: No .raw files found in temp_dir.
Job 673: 253/400 ERROR: No .raw files found in temp_dir.
Job 673: 254/400 ERROR: No .raw files found in temp_dir.
Job 673: 255/400 ERROR: No .raw files found in temp_dir.
Job 673: 256/400 ERROR: No .raw files found in temp_dir.
Job 673: 257/400 ERROR: No .raw files found in temp_dir.
Job 673: 258/400 ERROR: No .raw files found in temp_dir.
Job 673: 259/400 ERROR: No .raw files found in temp_dir.
Job 673: 260/400 ERROR: No .raw files found in temp_dir.
Job 673: 261/400 ERROR: No .raw files found in temp_dir.
Job 673: 262/400 ERROR: No .raw files found in temp_dir.
Job 673: 263/400 ERROR: No .raw files found in temp_dir.
Job 673: 264/400 ERROR: No .raw files found in temp_dir.
Job 673: 265/400 ERROR: No .raw files found in temp_dir.
Job 673: 266/400 ERROR: No .raw files found in temp_dir.
Job 673: 267/400 ERROR: No .raw files found in temp_dir.
Job 673: 268/400 ERROR: No .raw files found in temp_dir.
Job 673: 269/400 ERROR: No .raw files found in temp_dir.
Job 673: 270/400 ERROR: No .raw files found in temp_dir.
Job 673: 271/400 ERROR: No .raw files found in temp_dir.
Job 673: 272/400 ERROR: No .raw files found in temp_dir.
Job 673: 273/400 ERROR: No .raw files found in temp_dir.
Job 673: 274/400 ERROR: No .raw files found in temp_dir.
Job 673: 275/400 ERROR: No .raw files found in temp_dir.
Job 673: 276/400 ERROR: No .raw files found in temp_dir.
Job 673: 277/400 ERROR: No .raw files found in temp_dir.
Job 673: 278/400 ERROR: No .raw files found in temp_dir.
Job 673: 279/400 ERROR: No .raw files found in temp_dir.
Job 673: 280/400 ERROR: No .raw files found in temp_dir.
Job 673: 281/400 ERROR: No .raw files found in temp_dir.
Job 673: 282/400 ERROR: No .raw files found in temp_dir.
Job 673: 283/400 ERROR: No .raw files found in temp_dir.
Job 673: 284/400 ERROR: No .raw files found in temp_dir.
Job 673: 285/400 ERROR: No .raw files found in temp_dir.
Job 673: 286/400 ERROR: No .raw files found in temp_dir.
Job 673: 287/400 ERROR: No .raw files found in temp_dir.
Job 673: 288/400 ERROR: No .raw files found in temp_dir.
Job 673: 289/400 ERROR: No .raw files found in temp_dir.
Job 673: 290/400 ERROR: No .raw files found in temp_dir.
Job 673: 291/400 ERROR: No .raw files found in temp_dir.
Job 673: 292/400 ERROR: No .raw files found in temp_dir.
Job 673: 293/400 ERROR: No .raw files found in temp_dir.
Job 673: 294/400 ERROR: No .raw files found in temp_dir.
Job 673: 295/400 ERROR: No .raw files found in temp_dir.
Job 673: 296/400 ERROR: No .raw files found in temp_dir.
Job 673: 297/400 ERROR: No .raw files found in temp_dir.
Job 673: 298/400 ERROR: No .raw files found in temp_dir.
Job 673: 299/400 ERROR: No .raw files found in temp_dir.
Job 673: 300/400 ERROR: No .raw files found in temp_dir.
Job 673: 301/400 ERROR: No .raw files found in temp_dir.
Job 673: 302/400 ERROR: No .raw files found in temp_dir.
Job 673: 303/400 ERROR: No .raw files found in temp_dir.
Job 673: 304/400 ERROR: No .raw files found in temp_dir.
Job 673: 305/400 ERROR: No .raw files found in temp_dir.
Job 673: 306/400 ERROR: No .raw files found in temp_dir.
Job 673: 307/400 ERROR: No .raw files found in temp_dir.
Job 673: 308/400 ERROR: No .raw files found in temp_dir.
Job 673: 309/400 ERROR: No .raw files found in temp_dir.
Job 673: 310/400 ERROR: No .raw files found in temp_dir.
Job 673: 311/400 ERROR: No .raw files found in temp_dir.
Job 673: 312/400 ERROR: No .raw files found in temp_dir.
Job 673: 313/400 ERROR: No .raw files found in temp_dir.
Job 673: 314/400 ERROR: No .raw files found in temp_dir.
Job 673: 315/400 ERROR: No .raw files found in temp_dir.
Job 673: 316/400 ERROR: No .raw files found in temp_dir.
Job 673: 317/400 ERROR: No .raw files found in temp_dir.
Job 673: 318/400 ERROR: No .raw files found in temp_dir.
Job 673: 319/400 ERROR: No .raw files found in temp_dir.
Job 673: 320/400 ERROR: No .raw files found in temp_dir.
Job 673: 321/400 ERROR: No .raw files found in temp_dir.
Job 673: 322/400 ERROR: No .raw files found in temp_dir.
Job 673: 323/400 ERROR: No .raw files found in temp_dir.
Job 673: 324/400 ERROR: No .raw files found in temp_dir.
Job 673: 325/400 ERROR: No .raw files found in temp_dir.
Job 673: 326/400 ERROR: No .raw files found in temp_dir.
Job 673: 327/400 ERROR: No .raw files found in temp_dir.
Job 673: 328/400 ERROR: No .raw files found in temp_dir.
Job 673: 329/400 ERROR: No .raw files found in temp_dir.
Job 673: 330/400 ERROR: No .raw files found in temp_dir.
Job 673: 331/400 ERROR: No .raw files found in temp_dir.
Job 673: 332/400 ERROR: No .raw files found in temp_dir.
Job 673: 333/400 ERROR: No .raw files found in temp_dir.
Job 673: 334/400 ERROR: No .raw files found in temp_dir.
Job 673: 335/400 ERROR: No .raw files found in temp_dir.
Job 673: 336/400 ERROR: No .raw files found in temp_dir.
Job 673: 337/400 ERROR: No .raw files found in temp_dir.
Job 673: 338/400 ERROR: No .raw files found in temp_dir.
Job 673: 339/400 ERROR: No .raw files found in temp_dir.
Job 673: 340/400 ERROR: No .raw files found in temp_dir.
Job 673: 341/400 ERROR: No .raw files found in temp_dir.
Job 673: 342/400 ERROR: No .raw files found in temp_dir.
Job 673: 343/400 ERROR: No .raw files found in temp_dir.
Job 673: 344/400 ERROR: No .raw files found in temp_dir.
Job 673: 345/400 ERROR: No .raw files found in temp_dir.
Job 673: 346/400 ERROR: No .raw files found in temp_dir.
Job 673: 347/400 ERROR: No .raw files found in temp_dir.
Job 673: 348/400 ERROR: No .raw files found in temp_dir.
Job 673: 349/400 ERROR: No .raw files found in temp_dir.
Job 673: 350/400 ERROR: No .raw files found in temp_dir.
Job 673: 351/400 ERROR: No .raw files found in temp_dir.
Job 673: 352/400 ERROR: No .raw files found in temp_dir.
Job 673: 353/400 ERROR: No .raw files found in temp_dir.
Job 673: 354/400 ERROR: No .raw files found in temp_dir.
Job 673: 355/400 ERROR: No .raw files found in temp_dir.
Job 673: 356/400 ERROR: No .raw files found in temp_dir.
Job 673: 357/400 ERROR: No .raw files found in temp_dir.
Job 673: 358/400 ERROR: No .raw files found in temp_dir.
Job 673: 359/400 ERROR: No .raw files found in temp_dir.
Job 673: 360/400 ERROR: No .raw files found in temp_dir.
Job 673: 361/400 ERROR: No .raw files found in temp_dir.
Job 673: 362/400 ERROR: No .raw files found in temp_dir.
Job 673: 363/400 ERROR: No .raw files found in temp_dir.
Job 673: 364/400 ERROR: No .raw files found in temp_dir.
Job 673: 365/400 ERROR: No .raw files found in temp_dir.
Job 673: 366/400 ERROR: No .raw files found in temp_dir.
Job 673: 367/400 ERROR: No .raw files found in temp_dir.
Job 673: 368/400 ERROR: No .raw files found in temp_dir.
Job 673: 369/400 ERROR: No .raw files found in temp_dir.
Job 673: 370/400 ERROR: No .raw files found in temp_dir.
Job 673: 371/400 ERROR: No .raw files found in temp_dir.
Job 673: 372/400 ERROR: No .raw files found in temp_dir.
Job 673: 373/400 ERROR: No .raw files found in temp_dir.
Job 673: 374/400 ERROR: No .raw files found in temp_dir.
Job 673: 375/400 ERROR: No .raw files found in temp_dir.
Job 673: 376/400 ERROR: No .raw files found in temp_dir.
Job 673: 377/400 ERROR: No .raw files found in temp_dir.
Job 673: 378/400 ERROR: No .raw files found in temp_dir.
Job 673: 379/400 ERROR: No .raw files found in temp_dir.
Job 673: 380/400 ERROR: No .raw files found in temp_dir.
Job 673: 381/400 ERROR: No .raw files found in temp_dir.
Job 673: 382/400 ERROR: No .raw files found in temp_dir.
Job 673: 383/400 ERROR: No .raw files found in temp_dir.
Job 673: 384/400 ERROR: No .raw files found in temp_dir.
Job 673: 385/400 ERROR: No .raw files found in temp_dir.
Job 673: 386/400 ERROR: No .raw files found in temp_dir.
Job 673: 387/400 ERROR: No .raw files found in temp_dir.
Job 673: 388/400 ERROR: No .raw files found in temp_dir.
Job 673: 389/400 ERROR: No .raw files found in temp_dir.
Job 673: 390/400 ERROR: No .raw files found in temp_dir.
Job 673: 391/400 ERROR: No .raw files found in temp_dir.
Job 673: 392/400 ERROR: No .raw files found in temp_dir.
Job 673: 393/400 ERROR: No .raw files found in temp_dir.
Job 673: 394/400 ERROR: No .raw files found in temp_dir.
Job 673: 395/400 ERROR: No .raw files found in temp_dir.
Job 673: 396/400 ERROR: No .raw files found in temp_dir.
Job 673: 397/400 ERROR: No .raw files found in temp_dir.
Job 673: 398/400 ERROR: No .raw files found in temp_dir.
Job 673: 399/400 ERROR: No .raw files found in temp_dir.
Job 673: 400/400 ERROR: No .raw files found in temp_dir.
Warning messages:
1: In data.table::fread(raw_file, data.table = FALSE) :
  Discarded single-line footer: <<0	GTEX-14PJO	0	0	0	-9	2	2	2	2	2	0	2	2	2	2	2	2	0	2	2	2	2	2	2	2	2	2	2	2	2	2	2	2	0	2	0	2	2	2	0	2	2	0	2	2	2	2	2	2	2	2	2	2	2	2	2	2	2	2	2	0	2	2	2	2	2	2	2	2	2	2	2	2	2	2	2	2	2	0	2	2	2	0	2	2	2	2	2	2	2	2	2	2	2	2	0	2	2	2	2	2	2	2	2	2	2	2	2	2	0	2	2	2	2	2	2	2	2	0	2	2	2	2	2	2	2	2	2	2	2	2	2	2	2	0	2	2	2	2	2	2	2	2	0	2	0	2	0	2	2	2	2	2	2	2	2	2	2	2	2	2	2	2	2	2	2	2	2	2	2	2	2	2	2	2	2	2	2	2	2	2	2	2	2	2	2	2	2	2	2	2	2	2	2	2	2	2	2	2	2	2	2	2	2	2	2	2	2	2	2	2	2	2	2	2	2	2	2	2	2	2	2	2	2	2	2	2	2	2	2	2	2	2	2	2	2	2	2	2	2	2	2	2	2	>>
2: In data.table::fread(raw_file, data.table = FALSE) :
  Discarded single-line footer: <<0	GTEX-P4PP	0	0	0	-9	2	2	0	2	2	2	2	2	2	2	2	2	2	2	2	2	2	2	2	2	2	2	2	0	0	2	2	2	2	2	0	2	2	2	2	0	2	2	2	2	2	2	2	2	2	2	2	2	2	2	2	2	0	2	2	2	2	2	2	2	2	2	2	2	2	2	2	2	2	2	2	2	2	2	2	2	2	0	2	2	2	2	2	2	2	2	2	2	2	2	2	2	2	2	0	2	2	2	2	2	2	2	2	0	2	0	2	2	2	2	2	2	2	2	2	2	2	2	2	2	1	2	2	2	2	1	2	2	2	2	2	2	2	2	2	0	2	2	2	2	2	2	2	2	2	2	2	2	0	2	2	0	2	2	2	2	2	2	2	2	2	2	2	2	0	2	2	2	1	2	2	2	2	2	2	2	2	2	2	2	2	2	2	2	2	2	2	2	0	0	2	2	2	2	2	2	2	2	2	2	2	2	2	2	2	2	2	2	2	2	1	1	2	2	0	2	2	2	2	2	2	2	0	2	2	2	2	2	2	2	2	2	2	1	2	2	1	2	2	2>>
