Registered S3 methods overwritten by 'susieSlide':
  method              from  
  coef.susie          susieR
  predict.susie       susieR
  print.summary.susie susieR
  summary.susie       susieR
Job 588: 1/400
Job 588: 2/400
Job 588: 3/400
Job 588: 4/400
Job 588: 5/400
Job 588: 6/400
Job 588: 7/400
Job 588: 8/400
Job 588: 9/400
Job 588: 10/400
Job 588: 11/400
Job 588: 12/400
Job 588: 13/400
Job 588: 14/400
Job 588: 15/400
Job 588: 16/400
Job 588: 17/400
Job 588: 18/400
Job 588: 19/400
Job 588: 20/400
Job 588: 21/400
Job 588: 22/400
Job 588: 23/400
Job 588: 24/400
Job 588: 25/400
Job 588: 26/400
Job 588: 27/400
Job 588: 28/400
Job 588: 29/400
Job 588: 30/400
Job 588: 31/400
Job 588: 32/400
Job 588: 33/400
Job 588: 34/400
Job 588: 35/400
Job 588: 36/400
Job 588: 37/400
Job 588: 38/400
Job 588: 39/400
Job 588: 40/400
Job 588: 41/400
Job 588: 42/400
Job 588: 43/400
Job 588: 44/400
Job 588: 45/400
Job 588: 46/400
Job 588: 47/400
Job 588: 48/400
Job 588: 49/400
Job 588: 50/400
Job 588: 51/400
Job 588: 52/400
Job 588: 53/400
Job 588: 54/400
Job 588: 55/400
Job 588: 56/400
Job 588: 57/400
Job 588: 58/400
Job 588: 59/400
Job 588: 60/400
Job 588: 61/400
Job 588: 62/400
Job 588: 63/400
Job 588: 64/400
Job 588: 65/400
Job 588: 66/400
Job 588: 67/400
Job 588: 68/400
Job 588: 69/400
Job 588: 70/400
Job 588: 71/400
Job 588: 72/400
Job 588: 73/400
Job 588: 74/400
Job 588: 75/400
Job 588: 76/400
Job 588: 77/400
Job 588: 78/400
Job 588: 79/400
Job 588: 80/400
Job 588: 81/400
Job 588: 82/400
Job 588: 83/400
Job 588: 84/400
Job 588: 85/400
Job 588: 86/400
Job 588: 87/400
Job 588: 88/400
Job 588: 89/400
Job 588: 90/400
Job 588: 91/400
Job 588: 92/400
Job 588: 93/400
Job 588: 94/400
Job 588: 95/400
Job 588: 96/400
Job 588: 97/400
Job 588: 98/400
Job 588: 99/400
Job 588: 100/400
Job 588: 101/400
Job 588: 102/400
Job 588: 103/400
Job 588: 104/400
Job 588: 105/400
Job 588: 106/400
Job 588: 107/400
Job 588: 108/400
Job 588: 109/400
Job 588: 110/400
Job 588: 111/400
Job 588: 112/400
Job 588: 113/400
Job 588: 114/400
Job 588: 115/400
Job 588: 116/400
Job 588: 117/400
Job 588: 118/400
Job 588: 119/400
Job 588: 120/400
Job 588: 121/400
Job 588: 122/400
Job 588: 123/400
Job 588: 124/400
Job 588: 125/400
Job 588: 126/400
Job 588: 127/400
Job 588: 128/400
Job 588: 129/400
Job 588: 130/400
Job 588: 131/400
Job 588: 132/400
Job 588: 133/400
Job 588: 134/400
Job 588: 135/400
Job 588: 136/400
Job 588: 137/400
Job 588: 138/400
Job 588: 139/400
Job 588: 140/400
Job 588: 141/400
Job 588: 142/400
Job 588: 143/400
Job 588: 144/400
Job 588: 145/400
Job 588: 146/400
Job 588: 147/400
Job 588: 148/400
Job 588: 149/400
Job 588: 150/400
Job 588: 151/400
Job 588: 152/400
Job 588: 153/400
Job 588: 154/400
Job 588: 155/400
Job 588: 156/400
Job 588: 157/400
Job 588: 158/400
Job 588: 159/400
Job 588: 160/400
Job 588: 161/400
Job 588: 162/400
Job 588: 163/400
Job 588: 164/400
Job 588: 165/400
Job 588: 166/400
Job 588: 167/400
Job 588: 168/400
Job 588: 169/400
Job 588: 170/400
Job 588: 171/400
Job 588: 172/400
Job 588: 173/400
Job 588: 174/400
Job 588: 175/400
Job 588: 176/400
Job 588: 177/400
Job 588: 178/400
Job 588: 179/400
Job 588: 180/400
Job 588: 181/400
Job 588: 182/400
Job 588: 183/400
Job 588: 184/400
Job 588: 185/400
Job 588: 186/400
Job 588: 187/400
Job 588: 188/400
Job 588: 189/400
Job 588: 190/400
Job 588: 191/400
Job 588: 192/400
Job 588: 193/400
Job 588: 194/400
Job 588: 195/400
Job 588: 196/400
Job 588: 197/400
Job 588: 198/400
Job 588: 199/400
Job 588: 200/400
Job 588: 201/400
Job 588: 202/400
Job 588: 203/400
Job 588: 204/400
Job 588: 205/400
Job 588: 206/400
Job 588: 207/400
Job 588: 208/400
Job 588: 209/400
Job 588: 210/400
Job 588: 211/400
Job 588: 212/400
Job 588: 213/400
Job 588: 214/400
Job 588: 215/400
Job 588: 216/400
Job 588: 217/400
Job 588: 218/400
Job 588: 219/400
Job 588: 220/400
Job 588: 221/400
Job 588: 222/400
Job 588: 223/400
Job 588: 224/400
Job 588: 225/400
Job 588: 226/400
Job 588: 227/400
Job 588: 228/400
Job 588: 229/400
Job 588: 230/400
Job 588: 231/400
Job 588: 232/400
Job 588: 233/400
Job 588: 234/400
Job 588: 235/400
Job 588: 236/400
Job 588: 237/400
Job 588: 238/400
Job 588: 239/400
Job 588: 240/400
Job 588: 241/400
Job 588: 242/400
Job 588: 243/400
Job 588: 244/400
Job 588: 245/400
Job 588: 246/400
Job 588: 247/400
Job 588: 248/400
Job 588: 249/400
Job 588: 250/400
Job 588: 251/400
Job 588: 252/400
Job 588: 253/400
Job 588: 254/400
Job 588: 255/400
Job 588: 256/400
Job 588: 257/400
Job 588: 258/400
Job 588: 259/400
Job 588: 260/400
Job 588: 261/400
Job 588: 262/400
Job 588: 263/400
Job 588: 264/400
Job 588: 265/400
Job 588: 266/400
Job 588: 267/400
Job 588: 268/400
Job 588: 269/400
Job 588: 270/400
Job 588: 271/400
Job 588: 272/400
Job 588: 273/400
Job 588: 274/400
Job 588: 275/400
Job 588: 276/400
Job 588: 277/400
Job 588: 278/400
Job 588: 279/400
Job 588: 280/400
Job 588: 281/400
Job 588: 282/400
Job 588: 283/400
Job 588: 284/400
Job 588: 285/400
Job 588: 286/400
Job 588: 287/400
Job 588: 288/400
Job 588: 289/400
Job 588: 290/400
Job 588: 291/400
Job 588: 292/400
Job 588: 293/400
Job 588: 294/400
Job 588: 295/400
Job 588: 296/400
Job 588: 297/400
Job 588: 298/400
Job 588: 299/400
Job 588: 300/400
Job 588: 301/400
Job 588: 302/400
Job 588: 303/400
Job 588: 304/400
Job 588: 305/400
Job 588: 306/400
Job 588: 307/400
Job 588: 308/400
Job 588: 309/400
Job 588: 310/400
Job 588: 311/400
Job 588: 312/400
Job 588: 313/400
Job 588: 314/400
Job 588: 315/400
Job 588: 316/400
Job 588: 317/400
Job 588: 318/400
Job 588: 319/400
Job 588: 320/400
Job 588: 321/400
Job 588: 322/400
Job 588: 323/400
Job 588: 324/400
Job 588: 325/400
Job 588: 326/400
Job 588: 327/400
Job 588: 328/400
Job 588: 329/400
Job 588: 330/400
Job 588: 331/400
Job 588: 332/400
Job 588: 333/400
Job 588: 334/400
Job 588: 335/400
Job 588: 336/400
Job 588: 337/400
Job 588: 338/400
Job 588: 339/400
Job 588: 340/400
Job 588: 341/400
Job 588: 342/400
Job 588: 343/400
Job 588: 344/400
Job 588: 345/400
Job 588: 346/400
Job 588: 347/400
Job 588: 348/400
Job 588: 349/400
Job 588: 350/400
Job 588: 351/400
Job 588: 352/400
Job 588: 353/400
Job 588: 354/400
Job 588: 355/400
Job 588: 356/400
Job 588: 357/400
Job 588: 358/400
Job 588: 359/400
Job 588: 360/400
Job 588: 361/400
Job 588: 362/400
Job 588: 363/400
Job 588: 364/400
Job 588: 365/400
Job 588: 366/400
Job 588: 367/400
Job 588: 368/400
Job 588: 369/400
Job 588: 370/400
Job 588: 371/400
Job 588: 372/400
Job 588: 373/400
Job 588: 374/400
Job 588: 375/400
Job 588: 376/400
Job 588: 377/400
Job 588: 378/400
Job 588: 379/400
Job 588: 380/400
Job 588: 381/400
Job 588: 382/400
Job 588: 383/400
Job 588: 384/400
Job 588: 385/400
Job 588: 386/400
Job 588: 387/400
Job 588: 388/400
Job 588: 389/400
Job 588: 390/400
Job 588: 391/400
Job 588: 392/400
Job 588: 393/400
Job 588: 394/400
Job 588: 395/400
Job 588: 396/400
Job 588: 397/400
Job 588: 398/400
Job 588: 399/400
Job 588: 400/400
