Registered S3 methods overwritten by 'susieSlide':
  method              from  
  coef.susie          susieR
  predict.susie       susieR
  print.summary.susie susieR
  summary.susie       susieR
Job 633: 1/400
Job 633: 2/400
Job 633: 3/400
Job 633: 4/400
Job 633: 5/400
Job 633: 6/400
Job 633: 7/400
Job 633: 8/400
Job 633: 9/400 ERROR: No .raw files found in temp_dir.
Job 633: 10/400 ERROR: No .raw files found in temp_dir.
Job 633: 11/400 ERROR: No .raw files found in temp_dir.
Job 633: 12/400 ERROR: No .raw files found in temp_dir.
Job 633: 13/400 ERROR: No .raw files found in temp_dir.
Job 633: 14/400 ERROR: No .raw files found in temp_dir.
Job 633: 15/400 ERROR: No .raw files found in temp_dir.
Job 633: 16/400 ERROR: No .raw files found in temp_dir.
Job 633: 17/400 ERROR: No .raw files found in temp_dir.
Job 633: 18/400 ERROR: No .raw files found in temp_dir.
Job 633: 19/400 ERROR: No .raw files found in temp_dir.
Job 633: 20/400 ERROR: No .raw files found in temp_dir.
Job 633: 21/400 ERROR: No .raw files found in temp_dir.
Job 633: 22/400 ERROR: No .raw files found in temp_dir.
Job 633: 23/400 ERROR: No .raw files found in temp_dir.
Job 633: 24/400 ERROR: No .raw files found in temp_dir.
Job 633: 25/400 ERROR: No .raw files found in temp_dir.
Job 633: 26/400 ERROR: No .raw files found in temp_dir.
Job 633: 27/400 ERROR: No .raw files found in temp_dir.
Job 633: 28/400 ERROR: No .raw files found in temp_dir.
Job 633: 29/400 ERROR: No .raw files found in temp_dir.
Job 633: 30/400 ERROR: No .raw files found in temp_dir.
Job 633: 31/400 ERROR: No .raw files found in temp_dir.
Job 633: 32/400 ERROR: No .raw files found in temp_dir.
Job 633: 33/400 ERROR: No .raw files found in temp_dir.
Job 633: 34/400 ERROR: No .raw files found in temp_dir.
Job 633: 35/400 ERROR: No .raw files found in temp_dir.
Job 633: 36/400 ERROR: No .raw files found in temp_dir.
Job 633: 37/400 ERROR: No .raw files found in temp_dir.
Job 633: 38/400 ERROR: No .raw files found in temp_dir.
Job 633: 39/400 ERROR: No .raw files found in temp_dir.
Job 633: 40/400 ERROR: No .raw files found in temp_dir.
Job 633: 41/400 ERROR: No .raw files found in temp_dir.
Job 633: 42/400 ERROR: No .raw files found in temp_dir.
Job 633: 43/400 ERROR: No .raw files found in temp_dir.
Job 633: 44/400 ERROR: No .raw files found in temp_dir.
Job 633: 45/400 ERROR: No .raw files found in temp_dir.
Job 633: 46/400 ERROR: No .raw files found in temp_dir.
Job 633: 47/400 ERROR: No .raw files found in temp_dir.
Job 633: 48/400 ERROR: No .raw files found in temp_dir.
Job 633: 49/400 ERROR: No .raw files found in temp_dir.
Job 633: 50/400 ERROR: No .raw files found in temp_dir.
Job 633: 51/400 ERROR: No .raw files found in temp_dir.
Job 633: 52/400 ERROR: No .raw files found in temp_dir.
Job 633: 53/400 ERROR: No .raw files found in temp_dir.
Job 633: 54/400 ERROR: No .raw files found in temp_dir.
Job 633: 55/400 ERROR: No .raw files found in temp_dir.
Job 633: 56/400 ERROR: No .raw files found in temp_dir.
Job 633: 57/400 ERROR: No .raw files found in temp_dir.
Job 633: 58/400 ERROR: No .raw files found in temp_dir.
Job 633: 59/400 ERROR: No .raw files found in temp_dir.
Job 633: 60/400 ERROR: No .raw files found in temp_dir.
Job 633: 61/400 ERROR: No .raw files found in temp_dir.
Job 633: 62/400 ERROR: No .raw files found in temp_dir.
Job 633: 63/400 ERROR: No .raw files found in temp_dir.
Job 633: 64/400 ERROR: No .raw files found in temp_dir.
Job 633: 65/400 ERROR: No .raw files found in temp_dir.
Job 633: 66/400 ERROR: No .raw files found in temp_dir.
Job 633: 67/400 ERROR: Not enough donors for the requested n.
Job 633: 68/400
Job 633: 69/400
Job 633: 70/400
Job 633: 71/400
Job 633: 72/400
Job 633: 73/400
Job 633: 74/400
Job 633: 75/400
Job 633: 76/400
Job 633: 77/400
Job 633: 78/400 ERROR: No .raw files found in temp_dir.
Job 633: 79/400 ERROR: No .raw files found in temp_dir.
Job 633: 80/400 ERROR: No .raw files found in temp_dir.
Job 633: 81/400 ERROR: No .raw files found in temp_dir.
Job 633: 82/400 ERROR: No .raw files found in temp_dir.
Job 633: 83/400 ERROR: No .raw files found in temp_dir.
Job 633: 84/400 ERROR: No .raw files found in temp_dir.
Job 633: 85/400 ERROR: No .raw files found in temp_dir.
Job 633: 86/400 ERROR: No .raw files found in temp_dir.
Job 633: 87/400 ERROR: No .raw files found in temp_dir.
Job 633: 88/400 ERROR: No .raw files found in temp_dir.
Job 633: 89/400 ERROR: No .raw files found in temp_dir.
Job 633: 90/400 ERROR: No .raw files found in temp_dir.
Job 633: 91/400 ERROR: No .raw files found in temp_dir.
Job 633: 92/400 ERROR: No .raw files found in temp_dir.
Job 633: 93/400 ERROR: No .raw files found in temp_dir.
Job 633: 94/400 ERROR: No .raw files found in temp_dir.
Job 633: 95/400 ERROR: No .raw files found in temp_dir.
Job 633: 96/400 ERROR: No .raw files found in temp_dir.
Job 633: 97/400 ERROR: No .raw files found in temp_dir.
Job 633: 98/400 ERROR: No .raw files found in temp_dir.
Job 633: 99/400 ERROR: No .raw files found in temp_dir.
Job 633: 100/400 ERROR: No .raw files found in temp_dir.
Job 633: 101/400 ERROR: No .raw files found in temp_dir.
Job 633: 102/400 ERROR: No .raw files found in temp_dir.
Job 633: 103/400 ERROR: No .raw files found in temp_dir.
Job 633: 104/400 ERROR: No .raw files found in temp_dir.
Job 633: 105/400 ERROR: No .raw files found in temp_dir.
Job 633: 106/400 ERROR: No .raw files found in temp_dir.
Job 633: 107/400 ERROR: No .raw files found in temp_dir.
Job 633: 108/400 ERROR: No .raw files found in temp_dir.
Job 633: 109/400 ERROR: No .raw files found in temp_dir.
Job 633: 110/400 ERROR: No .raw files found in temp_dir.
Job 633: 111/400 ERROR: No .raw files found in temp_dir.
Job 633: 112/400 ERROR: No .raw files found in temp_dir.
Job 633: 113/400 ERROR: No .raw files found in temp_dir.
Job 633: 114/400 ERROR: No .raw files found in temp_dir.
Job 633: 115/400 ERROR: No .raw files found in temp_dir.
Job 633: 116/400 ERROR: No .raw files found in temp_dir.
Job 633: 117/400 ERROR: No .raw files found in temp_dir.
Job 633: 118/400 ERROR: No .raw files found in temp_dir.
Job 633: 119/400 ERROR: No .raw files found in temp_dir.
Job 633: 120/400 ERROR: No .raw files found in temp_dir.
Job 633: 121/400 ERROR: No .raw files found in temp_dir.
Job 633: 122/400 ERROR: No .raw files found in temp_dir.
Job 633: 123/400 ERROR: No .raw files found in temp_dir.
Job 633: 124/400 ERROR: No .raw files found in temp_dir.
Job 633: 125/400 ERROR: No .raw files found in temp_dir.
Job 633: 126/400 ERROR: No .raw files found in temp_dir.
Job 633: 127/400 ERROR: No .raw files found in temp_dir.
Job 633: 128/400 ERROR: No .raw files found in temp_dir.
Job 633: 129/400 ERROR: No .raw files found in temp_dir.
Job 633: 130/400 ERROR: No .raw files found in temp_dir.
Job 633: 131/400
Job 633: 132/400
Job 633: 133/400
Job 633: 134/400
Job 633: 135/400
Job 633: 136/400
Job 633: 137/400
Job 633: 138/400
Job 633: 139/400
Job 633: 140/400
Job 633: 141/400
Job 633: 142/400 ERROR: No .raw files found in temp_dir.
Job 633: 143/400 ERROR: No .raw files found in temp_dir.
Job 633: 144/400 ERROR: No .raw files found in temp_dir.
Job 633: 145/400 ERROR: No .raw files found in temp_dir.
Job 633: 146/400 ERROR: No .raw files found in temp_dir.
Job 633: 147/400 ERROR: No .raw files found in temp_dir.
Job 633: 148/400 ERROR: No .raw files found in temp_dir.
Job 633: 149/400 ERROR: No .raw files found in temp_dir.
Job 633: 150/400 ERROR: No .raw files found in temp_dir.
Job 633: 151/400 ERROR: No .raw files found in temp_dir.
Job 633: 152/400 ERROR: No .raw files found in temp_dir.
Job 633: 153/400 ERROR: No .raw files found in temp_dir.
Job 633: 154/400 ERROR: No .raw files found in temp_dir.
Job 633: 155/400 ERROR: No .raw files found in temp_dir.
Job 633: 156/400 ERROR: No .raw files found in temp_dir.
Job 633: 157/400 ERROR: No .raw files found in temp_dir.
Job 633: 158/400 ERROR: No .raw files found in temp_dir.
Job 633: 159/400 ERROR: No .raw files found in temp_dir.
Job 633: 160/400 ERROR: No .raw files found in temp_dir.
Job 633: 161/400 ERROR: No .raw files found in temp_dir.
Job 633: 162/400 ERROR: No .raw files found in temp_dir.
Job 633: 163/400 ERROR: No .raw files found in temp_dir.
Job 633: 164/400 ERROR: No .raw files found in temp_dir.
Job 633: 165/400 ERROR: No .raw files found in temp_dir.
Job 633: 166/400 ERROR: No .raw files found in temp_dir.
Job 633: 167/400 ERROR: No .raw files found in temp_dir.
Job 633: 168/400 ERROR: No .raw files found in temp_dir.
Job 633: 169/400 ERROR: No .raw files found in temp_dir.
Job 633: 170/400 ERROR: No .raw files found in temp_dir.
Job 633: 171/400 ERROR: No .raw files found in temp_dir.
Job 633: 172/400 ERROR: No .raw files found in temp_dir.
Job 633: 173/400 ERROR: No .raw files found in temp_dir.
Job 633: 174/400 ERROR: No .raw files found in temp_dir.
Job 633: 175/400 ERROR: No .raw files found in temp_dir.
Job 633: 176/400 ERROR: No .raw files found in temp_dir.
Job 633: 177/400 ERROR: No .raw files found in temp_dir.
Job 633: 178/400 ERROR: No .raw files found in temp_dir.
Job 633: 179/400 ERROR: No .raw files found in temp_dir.
Job 633: 180/400 ERROR: No .raw files found in temp_dir.
Job 633: 181/400 ERROR: No .raw files found in temp_dir.
Job 633: 182/400 ERROR: No .raw files found in temp_dir.
Job 633: 183/400 ERROR: No .raw files found in temp_dir.
Job 633: 184/400 ERROR: No .raw files found in temp_dir.
Job 633: 185/400 ERROR: No .raw files found in temp_dir.
Job 633: 186/400 ERROR: No .raw files found in temp_dir.
Job 633: 187/400 ERROR: No .raw files found in temp_dir.
Job 633: 188/400 ERROR: No .raw files found in temp_dir.
Job 633: 189/400 ERROR: No .raw files found in temp_dir.
Job 633: 190/400 ERROR: No .raw files found in temp_dir.
Job 633: 191/400 ERROR: No .raw files found in temp_dir.
Job 633: 192/400 ERROR: No .raw files found in temp_dir.
Job 633: 193/400 ERROR: No .raw files found in temp_dir.
Job 633: 194/400 ERROR: No .raw files found in temp_dir.
Job 633: 195/400 ERROR: No .raw files found in temp_dir.
Job 633: 196/400 ERROR: No .raw files found in temp_dir.
Job 633: 197/400 ERROR: No .raw files found in temp_dir.
Job 633: 198/400 ERROR: No .raw files found in temp_dir.
Job 633: 199/400 ERROR: No .raw files found in temp_dir.
Job 633: 200/400 ERROR: No .raw files found in temp_dir.
Job 633: 201/400 ERROR: No .raw files found in temp_dir.
Job 633: 202/400 ERROR: No .raw files found in temp_dir.
Job 633: 203/400 ERROR: No .raw files found in temp_dir.
Job 633: 204/400 ERROR: No .raw files found in temp_dir.
Job 633: 205/400 ERROR: No .raw files found in temp_dir.
Job 633: 206/400 ERROR: No .raw files found in temp_dir.
Job 633: 207/400 ERROR: No .raw files found in temp_dir.
Job 633: 208/400 ERROR: No .raw files found in temp_dir.
Job 633: 209/400 ERROR: No .raw files found in temp_dir.
Job 633: 210/400 ERROR: No .raw files found in temp_dir.
Job 633: 211/400 ERROR: No .raw files found in temp_dir.
Job 633: 212/400 ERROR: No .raw files found in temp_dir.
Job 633: 213/400 ERROR: No .raw files found in temp_dir.
Job 633: 214/400 ERROR: No .raw files found in temp_dir.
Job 633: 215/400 ERROR: No .raw files found in temp_dir.
Job 633: 216/400 ERROR: No .raw files found in temp_dir.
Job 633: 217/400 ERROR: No .raw files found in temp_dir.
Job 633: 218/400 ERROR: No .raw files found in temp_dir.
Job 633: 219/400 ERROR: No .raw files found in temp_dir.
Job 633: 220/400 ERROR: No .raw files found in temp_dir.
Job 633: 221/400 ERROR: No .raw files found in temp_dir.
Job 633: 222/400 ERROR: No .raw files found in temp_dir.
Job 633: 223/400 ERROR: No .raw files found in temp_dir.
Job 633: 224/400 ERROR: No .raw files found in temp_dir.
Job 633: 225/400 ERROR: No .raw files found in temp_dir.
Job 633: 226/400 ERROR: No .raw files found in temp_dir.
Job 633: 227/400 ERROR: No .raw files found in temp_dir.
Job 633: 228/400 ERROR: No .raw files found in temp_dir.
Job 633: 229/400 ERROR: No .raw files found in temp_dir.
Job 633: 230/400 ERROR: No .raw files found in temp_dir.
Job 633: 231/400 ERROR: No .raw files found in temp_dir.
Job 633: 232/400 ERROR: No .raw files found in temp_dir.
Job 633: 233/400 ERROR: No .raw files found in temp_dir.
Job 633: 234/400 ERROR: No .raw files found in temp_dir.
Job 633: 235/400 ERROR: No .raw files found in temp_dir.
Job 633: 236/400 ERROR: No .raw files found in temp_dir.
Job 633: 237/400 ERROR: No .raw files found in temp_dir.
Job 633: 238/400 ERROR: No .raw files found in temp_dir.
Job 633: 239/400 ERROR: No .raw files found in temp_dir.
Job 633: 240/400 ERROR: No .raw files found in temp_dir.
Job 633: 241/400 ERROR: No .raw files found in temp_dir.
Job 633: 242/400 ERROR: No .raw files found in temp_dir.
Job 633: 243/400 ERROR: No .raw files found in temp_dir.
Job 633: 244/400 ERROR: No .raw files found in temp_dir.
Job 633: 245/400 ERROR: No .raw files found in temp_dir.
Job 633: 246/400 ERROR: No .raw files found in temp_dir.
Job 633: 247/400 ERROR: No .raw files found in temp_dir.
Job 633: 248/400 ERROR: No .raw files found in temp_dir.
Job 633: 249/400 ERROR: No .raw files found in temp_dir.
Job 633: 250/400 ERROR: No .raw files found in temp_dir.
Job 633: 251/400 ERROR: No .raw files found in temp_dir.
Job 633: 252/400 ERROR: No .raw files found in temp_dir.
Job 633: 253/400 ERROR: No .raw files found in temp_dir.
Job 633: 254/400 ERROR: No .raw files found in temp_dir.
Job 633: 255/400 ERROR: No .raw files found in temp_dir.
Job 633: 256/400 ERROR: No .raw files found in temp_dir.
Job 633: 257/400 ERROR: No .raw files found in temp_dir.
Job 633: 258/400 ERROR: No .raw files found in temp_dir.
Job 633: 259/400 ERROR: No .raw files found in temp_dir.
Job 633: 260/400 ERROR: No .raw files found in temp_dir.
Job 633: 261/400 ERROR: No .raw files found in temp_dir.
Job 633: 262/400 ERROR: No .raw files found in temp_dir.
Job 633: 263/400 ERROR: No .raw files found in temp_dir.
Job 633: 264/400 ERROR: No .raw files found in temp_dir.
Job 633: 265/400 ERROR: No .raw files found in temp_dir.
Job 633: 266/400 ERROR: No .raw files found in temp_dir.
Job 633: 267/400 ERROR: No .raw files found in temp_dir.
Job 633: 268/400 ERROR: No .raw files found in temp_dir.
Job 633: 269/400 ERROR: No .raw files found in temp_dir.
Job 633: 270/400 ERROR: No .raw files found in temp_dir.
Job 633: 271/400 ERROR: No .raw files found in temp_dir.
Job 633: 272/400 ERROR: No .raw files found in temp_dir.
Job 633: 273/400 ERROR: No .raw files found in temp_dir.
Job 633: 274/400 ERROR: No .raw files found in temp_dir.
Job 633: 275/400 ERROR: No .raw files found in temp_dir.
Job 633: 276/400 ERROR: No .raw files found in temp_dir.
Job 633: 277/400 ERROR: No .raw files found in temp_dir.
Job 633: 278/400 ERROR: No .raw files found in temp_dir.
Job 633: 279/400 ERROR: No .raw files found in temp_dir.
Job 633: 280/400 ERROR: No .raw files found in temp_dir.
Job 633: 281/400 ERROR: No .raw files found in temp_dir.
Job 633: 282/400 ERROR: No .raw files found in temp_dir.
Job 633: 283/400 ERROR: No .raw files found in temp_dir.
Job 633: 284/400 ERROR: No .raw files found in temp_dir.
Job 633: 285/400 ERROR: No .raw files found in temp_dir.
Job 633: 286/400 ERROR: No .raw files found in temp_dir.
Job 633: 287/400 ERROR: No .raw files found in temp_dir.
Job 633: 288/400 ERROR: No .raw files found in temp_dir.
Job 633: 289/400 ERROR: No .raw files found in temp_dir.
Job 633: 290/400 ERROR: No .raw files found in temp_dir.
Job 633: 291/400 ERROR: No .raw files found in temp_dir.
Job 633: 292/400 ERROR: No .raw files found in temp_dir.
Job 633: 293/400 ERROR: No .raw files found in temp_dir.
Job 633: 294/400 ERROR: No .raw files found in temp_dir.
Job 633: 295/400 ERROR: No .raw files found in temp_dir.
Job 633: 296/400 ERROR: No .raw files found in temp_dir.
Job 633: 297/400 ERROR: No .raw files found in temp_dir.
Job 633: 298/400 ERROR: No .raw files found in temp_dir.
Job 633: 299/400 ERROR: No .raw files found in temp_dir.
Job 633: 300/400 ERROR: No .raw files found in temp_dir.
Job 633: 301/400 ERROR: No .raw files found in temp_dir.
Job 633: 302/400 ERROR: No .raw files found in temp_dir.
Job 633: 303/400 ERROR: No .raw files found in temp_dir.
Job 633: 304/400 ERROR: No .raw files found in temp_dir.
Job 633: 305/400 ERROR: No .raw files found in temp_dir.
Job 633: 306/400 ERROR: No .raw files found in temp_dir.
Job 633: 307/400 ERROR: No .raw files found in temp_dir.
Job 633: 308/400 ERROR: No .raw files found in temp_dir.
Job 633: 309/400 ERROR: No .raw files found in temp_dir.
Job 633: 310/400 ERROR: No .raw files found in temp_dir.
Job 633: 311/400 ERROR: No .raw files found in temp_dir.
Job 633: 312/400 ERROR: No .raw files found in temp_dir.
Job 633: 313/400 ERROR: No .raw files found in temp_dir.
Job 633: 314/400 ERROR: No .raw files found in temp_dir.
Job 633: 315/400 ERROR: No .raw files found in temp_dir.
Job 633: 316/400 ERROR: No .raw files found in temp_dir.
Job 633: 317/400 ERROR: No .raw files found in temp_dir.
Job 633: 318/400 ERROR: No .raw files found in temp_dir.
Job 633: 319/400 ERROR: No .raw files found in temp_dir.
Job 633: 320/400 ERROR: No .raw files found in temp_dir.
Job 633: 321/400 ERROR: No .raw files found in temp_dir.
Job 633: 322/400 ERROR: No .raw files found in temp_dir.
Job 633: 323/400 ERROR: No .raw files found in temp_dir.
Job 633: 324/400 ERROR: No .raw files found in temp_dir.
Job 633: 325/400 ERROR: No .raw files found in temp_dir.
Job 633: 326/400 ERROR: No .raw files found in temp_dir.
Job 633: 327/400 ERROR: No .raw files found in temp_dir.
Job 633: 328/400 ERROR: No .raw files found in temp_dir.
Job 633: 329/400 ERROR: No .raw files found in temp_dir.
Job 633: 330/400 ERROR: No .raw files found in temp_dir.
Job 633: 331/400 ERROR: No .raw files found in temp_dir.
Job 633: 332/400 ERROR: No .raw files found in temp_dir.
Job 633: 333/400 ERROR: No .raw files found in temp_dir.
Job 633: 334/400 ERROR: No .raw files found in temp_dir.
Job 633: 335/400 ERROR: No .raw files found in temp_dir.
Job 633: 336/400 ERROR: No .raw files found in temp_dir.
Job 633: 337/400 ERROR: No .raw files found in temp_dir.
Job 633: 338/400 ERROR: No .raw files found in temp_dir.
Job 633: 339/400 ERROR: No .raw files found in temp_dir.
Job 633: 340/400 ERROR: No .raw files found in temp_dir.
Job 633: 341/400 ERROR: No .raw files found in temp_dir.
Job 633: 342/400 ERROR: No .raw files found in temp_dir.
Job 633: 343/400 ERROR: No .raw files found in temp_dir.
Job 633: 344/400 ERROR: No .raw files found in temp_dir.
Job 633: 345/400 ERROR: No .raw files found in temp_dir.
Job 633: 346/400 ERROR: No .raw files found in temp_dir.
Job 633: 347/400 ERROR: No .raw files found in temp_dir.
Job 633: 348/400 ERROR: No .raw files found in temp_dir.
Job 633: 349/400 ERROR: No .raw files found in temp_dir.
Job 633: 350/400 ERROR: No .raw files found in temp_dir.
Job 633: 351/400 ERROR: No .raw files found in temp_dir.
Job 633: 352/400 ERROR: No .raw files found in temp_dir.
Job 633: 353/400 ERROR: No .raw files found in temp_dir.
Job 633: 354/400 ERROR: No .raw files found in temp_dir.
Job 633: 355/400 ERROR: No .raw files found in temp_dir.
Job 633: 356/400 ERROR: No .raw files found in temp_dir.
Job 633: 357/400 ERROR: No .raw files found in temp_dir.
Job 633: 358/400 ERROR: No .raw files found in temp_dir.
Job 633: 359/400 ERROR: No .raw files found in temp_dir.
Job 633: 360/400 ERROR: No .raw files found in temp_dir.
Job 633: 361/400 ERROR: No .raw files found in temp_dir.
Job 633: 362/400 ERROR: No .raw files found in temp_dir.
Job 633: 363/400 ERROR: No .raw files found in temp_dir.
Job 633: 364/400 ERROR: No .raw files found in temp_dir.
Job 633: 365/400 ERROR: No .raw files found in temp_dir.
Job 633: 366/400 ERROR: No .raw files found in temp_dir.
Job 633: 367/400 ERROR: No .raw files found in temp_dir.
Job 633: 368/400 ERROR: No .raw files found in temp_dir.
Job 633: 369/400 ERROR: No .raw files found in temp_dir.
Job 633: 370/400 ERROR: No .raw files found in temp_dir.
Job 633: 371/400 ERROR: No .raw files found in temp_dir.
Job 633: 372/400 ERROR: No .raw files found in temp_dir.
Job 633: 373/400 ERROR: No .raw files found in temp_dir.
Job 633: 374/400 ERROR: No .raw files found in temp_dir.
Job 633: 375/400 ERROR: No .raw files found in temp_dir.
Job 633: 376/400 ERROR: No .raw files found in temp_dir.
Job 633: 377/400 ERROR: No .raw files found in temp_dir.
Job 633: 378/400 ERROR: No .raw files found in temp_dir.
Job 633: 379/400 ERROR: No .raw files found in temp_dir.
Job 633: 380/400 ERROR: No .raw files found in temp_dir.
Job 633: 381/400 ERROR: No .raw files found in temp_dir.
Job 633: 382/400 ERROR: No .raw files found in temp_dir.
Job 633: 383/400 ERROR: No .raw files found in temp_dir.
Job 633: 384/400 ERROR: No .raw files found in temp_dir.
Job 633: 385/400 ERROR: No .raw files found in temp_dir.
Job 633: 386/400 ERROR: No .raw files found in temp_dir.
Job 633: 387/400 ERROR: No .raw files found in temp_dir.
Job 633: 388/400 ERROR: No .raw files found in temp_dir.
Job 633: 389/400 ERROR: No .raw files found in temp_dir.
Job 633: 390/400 ERROR: No .raw files found in temp_dir.
Job 633: 391/400 ERROR: No .raw files found in temp_dir.
Job 633: 392/400 ERROR: No .raw files found in temp_dir.
Job 633: 393/400 ERROR: No .raw files found in temp_dir.
Job 633: 394/400 ERROR: No .raw files found in temp_dir.
Job 633: 395/400 ERROR: No .raw files found in temp_dir.
Job 633: 396/400 ERROR: No .raw files found in temp_dir.
Job 633: 397/400 ERROR: No .raw files found in temp_dir.
Job 633: 398/400 ERROR: No .raw files found in temp_dir.
Job 633: 399/400 ERROR: No .raw files found in temp_dir.
Job 633: 400/400 ERROR: No .raw files found in temp_dir.
Warning messages:
1: In data.table::fread(raw_file, data.table = FALSE) :
  Discarded single-line footer: <<0	GTEX-13QJ3	0	0	0	-9	2	2	2	2	2	0	2	2	2	2	2	2	2	0	2	2	2	2	2	2	2	2	2	2	2	2	2	2	0	2	0	2	2	2	0	2	2	0	2	2	2	2	2	2	2	2	2	2	0	2	2	2	2	2	2	0	2	2	2	2	2	2	1	2	2	2	2	2	2	2	2	2	2	2	2	2	2	0	2	2	2	2	2	2	2	2	2	2	2	2	0	2	2	2	2	2	2	2	2	2	2	2	2	2	0	2	2	2	0	2	2	2	2	2	2	2	2	2	2	2	2	2	2	2	2	2	2	0	2	0	2	2	2	2	0	2	0	2	0	0	0	2	2	2	2	2	2	2	2	2	2	2	2	2	2	2	2	2	2	2	2	2	2	2	2	2	2	2	2	2	2	2	2	2	2	2	2	2	2	2	2	2	2	2	2	2	2	0	2	2	2	2	2	2	2	2	2	2	2	2	2	2	2	2	2	2	2	2	2	2	2	2	2	2	2	2	2	2	2	2	2	2	2	2	2	2	2	2	2	2	2	2	2	2	2	2	2	2	2	>>
2: In data.table::fread(raw_file, data.table = FALSE) :
  Discarded single-line footer: <<0	GTEX-PW2O	0	0	0	-9	2	2	1	2	2	2	2	2	2	2	2	2	2	2	2	2	2	2	2	2	2	2	2	1	1	2	2	2	2	2	1	2	2	2	2	1	2	2	2	2	2	2	2	2	2	2	2	2	2	2	2	2	1	2	2	2	2	2	2	2	2	2	2	2	2	2	2	2	2	2	2	2	2	2	2	2	2	1	2	2	2	2	2	2	2	2	2	2	2	2	2	2	2	2	1	2	2	2	2	2	2	2	2	1	2	1	2	2	2	2	2	2	2	2	2	2	2	2	2	2	1	2	2	2	2	1	2	2	2	2	2	2	2	2	2	1	2	2	2	2	2	2	2	2	2	2	2	2	1	2	2	1	2	2	2	2	2	2	2	2	2	2	2	2	1	2	2	1	1	2	2	2	2	2	2	2	2	2	2	2	2	2	2	2	2	2	2	2	1	0	2	2	2	2	2	2	2	2	2	2	2	2	2	2	2	2	2	2	2	2	2	2	2	2	0	2	2	2	2	2	2	2	1	2	2	2	2	2	2	2	2	2	2	2	2	2	2	2	2	2>>
