Registered S3 methods overwritten by 'susieSlide':
  method              from  
  coef.susie          susieR
  predict.susie       susieR
  print.summary.susie susieR
  summary.susie       susieR
Job 320: 1/400
Job 320: 2/400
Job 320: 3/400
Job 320: 4/400
Job 320: 5/400
Job 320: 6/400
Job 320: 7/400
Job 320: 8/400
Job 320: 9/400
Job 320: 10/400
Job 320: 11/400
Job 320: 12/400
Job 320: 13/400
Job 320: 14/400
Job 320: 15/400
Job 320: 16/400
Job 320: 17/400
Job 320: 18/400
Job 320: 19/400
Job 320: 20/400
Job 320: 21/400
Job 320: 22/400
Job 320: 23/400
Job 320: 24/400
Job 320: 25/400
Job 320: 26/400
Job 320: 27/400
Job 320: 28/400
Job 320: 29/400
Job 320: 30/400
Job 320: 31/400
Job 320: 32/400
Job 320: 33/400
Job 320: 34/400
Job 320: 35/400
Job 320: 36/400
Job 320: 37/400
Job 320: 38/400
Job 320: 39/400
Job 320: 40/400
Job 320: 41/400
Job 320: 42/400
Job 320: 43/400
Job 320: 44/400
Job 320: 45/400
Job 320: 46/400
Job 320: 47/400
Job 320: 48/400
Job 320: 49/400
Job 320: 50/400
Job 320: 51/400
Job 320: 52/400
Job 320: 53/400
Job 320: 54/400
Job 320: 55/400
Job 320: 56/400
Job 320: 57/400
Job 320: 58/400
Job 320: 59/400
Job 320: 60/400
Job 320: 61/400
Job 320: 62/400
Job 320: 63/400
Job 320: 64/400
Job 320: 65/400
Job 320: 66/400
Job 320: 67/400
Job 320: 68/400
Job 320: 69/400
Job 320: 70/400
Job 320: 71/400
Job 320: 72/400
Job 320: 73/400
Job 320: 74/400
Job 320: 75/400
Job 320: 76/400
Job 320: 77/400
Job 320: 78/400
Job 320: 79/400
Job 320: 80/400
Job 320: 81/400
Job 320: 82/400
Job 320: 83/400
Job 320: 84/400
Job 320: 85/400
Job 320: 86/400
Job 320: 87/400
Job 320: 88/400
Job 320: 89/400
Job 320: 90/400
Job 320: 91/400
Job 320: 92/400
Job 320: 93/400
Job 320: 94/400
Job 320: 95/400
Job 320: 96/400
Job 320: 97/400
Job 320: 98/400
Job 320: 99/400
Job 320: 100/400
Job 320: 101/400
Job 320: 102/400
Job 320: 103/400
Job 320: 104/400
Job 320: 105/400
Job 320: 106/400
Job 320: 107/400
Job 320: 108/400
Job 320: 109/400
Job 320: 110/400
Job 320: 111/400
Job 320: 112/400
Job 320: 113/400
Job 320: 114/400
Job 320: 115/400
Job 320: 116/400
Job 320: 117/400
Job 320: 118/400
Job 320: 119/400
Job 320: 120/400
Job 320: 121/400
Job 320: 122/400
Job 320: 123/400
Job 320: 124/400
Job 320: 125/400
Job 320: 126/400
Job 320: 127/400
Job 320: 128/400
Job 320: 129/400
Job 320: 130/400
Job 320: 131/400
Job 320: 132/400
Job 320: 133/400
Job 320: 134/400
Job 320: 135/400
Job 320: 136/400
Job 320: 137/400
Job 320: 138/400
Job 320: 139/400
Job 320: 140/400
Job 320: 141/400
Job 320: 142/400
Job 320: 143/400
Job 320: 144/400
Job 320: 145/400
Job 320: 146/400
Job 320: 147/400
Job 320: 148/400
Job 320: 149/400
Job 320: 150/400
Job 320: 151/400
Job 320: 152/400
Job 320: 153/400
Job 320: 154/400
Job 320: 155/400
Job 320: 156/400
Job 320: 157/400
Job 320: 158/400
Job 320: 159/400
Job 320: 160/400
Job 320: 161/400
Job 320: 162/400
Job 320: 163/400
Job 320: 164/400
Job 320: 165/400
Job 320: 166/400
Job 320: 167/400
Job 320: 168/400
Job 320: 169/400
Job 320: 170/400
Job 320: 171/400
Job 320: 172/400
Job 320: 173/400
Job 320: 174/400
Job 320: 175/400
Job 320: 176/400
Job 320: 177/400
Job 320: 178/400
Job 320: 179/400
Job 320: 180/400
Job 320: 181/400
Job 320: 182/400
Job 320: 183/400
Job 320: 184/400
Job 320: 185/400
Job 320: 186/400
Job 320: 187/400
Job 320: 188/400
Job 320: 189/400
Job 320: 190/400
Job 320: 191/400
Job 320: 192/400
Job 320: 193/400
Job 320: 194/400
Job 320: 195/400
Job 320: 196/400
Job 320: 197/400
Job 320: 198/400
Job 320: 199/400
Job 320: 200/400
Job 320: 201/400
Job 320: 202/400
Job 320: 203/400
Job 320: 204/400
Job 320: 205/400
Job 320: 206/400
Job 320: 207/400
Job 320: 208/400
Job 320: 209/400
Job 320: 210/400
Job 320: 211/400
Job 320: 212/400
Job 320: 213/400
Job 320: 214/400
Job 320: 215/400
Job 320: 216/400
Job 320: 217/400
Job 320: 218/400
Job 320: 219/400
Job 320: 220/400
Job 320: 221/400
Job 320: 222/400
Job 320: 223/400
Job 320: 224/400
Job 320: 225/400
Job 320: 226/400
Job 320: 227/400
Job 320: 228/400
Job 320: 229/400
Job 320: 230/400
Job 320: 231/400
Job 320: 232/400
Job 320: 233/400
Job 320: 234/400
Job 320: 235/400
Job 320: 236/400
Job 320: 237/400
Job 320: 238/400
Job 320: 239/400
Job 320: 240/400
Job 320: 241/400
Job 320: 242/400
Job 320: 243/400
Job 320: 244/400
Job 320: 245/400
Job 320: 246/400
Job 320: 247/400
Job 320: 248/400
Job 320: 249/400
Job 320: 250/400
Job 320: 251/400
Job 320: 252/400
Job 320: 253/400
Job 320: 254/400
Job 320: 255/400
Job 320: 256/400
Job 320: 257/400
Job 320: 258/400
Job 320: 259/400
Job 320: 260/400
Job 320: 261/400
Job 320: 262/400
Job 320: 263/400
Job 320: 264/400
Job 320: 265/400
Job 320: 266/400
Job 320: 267/400
Job 320: 268/400
Job 320: 269/400
Job 320: 270/400
Job 320: 271/400
Job 320: 272/400
Job 320: 273/400
Job 320: 274/400
Job 320: 275/400
Job 320: 276/400
Job 320: 277/400
Job 320: 278/400
Job 320: 279/400
Job 320: 280/400
Job 320: 281/400
Job 320: 282/400
Job 320: 283/400
Job 320: 284/400
Job 320: 285/400
Job 320: 286/400
Job 320: 287/400
Job 320: 288/400
Job 320: 289/400
Job 320: 290/400
Job 320: 291/400
Job 320: 292/400
Job 320: 293/400
Job 320: 294/400
Job 320: 295/400
Job 320: 296/400
Job 320: 297/400
Job 320: 298/400
Job 320: 299/400
Job 320: 300/400
Job 320: 301/400
Job 320: 302/400
Job 320: 303/400
Job 320: 304/400
Job 320: 305/400
Job 320: 306/400
Job 320: 307/400
Job 320: 308/400
Job 320: 309/400
Job 320: 310/400
Job 320: 311/400
Job 320: 312/400
Job 320: 313/400
Job 320: 314/400
Job 320: 315/400
Job 320: 316/400
Job 320: 317/400
Job 320: 318/400
Job 320: 319/400
Job 320: 320/400
Job 320: 321/400
Job 320: 322/400
Job 320: 323/400
Job 320: 324/400
Job 320: 325/400
Job 320: 326/400
Job 320: 327/400
Job 320: 328/400
Job 320: 329/400
Job 320: 330/400
Job 320: 331/400
Job 320: 332/400
Job 320: 333/400
Job 320: 334/400
Job 320: 335/400
Job 320: 336/400
Job 320: 337/400
Job 320: 338/400
Job 320: 339/400
Job 320: 340/400
Job 320: 341/400
Job 320: 342/400
Job 320: 343/400
Job 320: 344/400
Job 320: 345/400
Job 320: 346/400
Job 320: 347/400
Job 320: 348/400
Job 320: 349/400
Job 320: 350/400
Job 320: 351/400
Job 320: 352/400
Job 320: 353/400
Job 320: 354/400
Job 320: 355/400
Job 320: 356/400
Job 320: 357/400
Job 320: 358/400
Job 320: 359/400
Job 320: 360/400
Job 320: 361/400
Job 320: 362/400
Job 320: 363/400
Job 320: 364/400
Job 320: 365/400
Job 320: 366/400
Job 320: 367/400
Job 320: 368/400
Job 320: 369/400
Job 320: 370/400
Job 320: 371/400
Job 320: 372/400
Job 320: 373/400
Job 320: 374/400
Job 320: 375/400
Job 320: 376/400
Job 320: 377/400
Job 320: 378/400
Job 320: 379/400
Job 320: 380/400
Job 320: 381/400
Job 320: 382/400
Job 320: 383/400
Job 320: 384/400
Job 320: 385/400
Job 320: 386/400
Job 320: 387/400
Job 320: 388/400
Job 320: 389/400
Job 320: 390/400
Job 320: 391/400
Job 320: 392/400
Job 320: 393/400
Job 320: 394/400
Job 320: 395/400
Job 320: 396/400
Job 320: 397/400
Job 320: 398/400
Job 320: 399/400
Job 320: 400/400
