Registered S3 methods overwritten by 'susieSlide':
  method              from  
  coef.susie          susieR
  predict.susie       susieR
  print.summary.susie susieR
  summary.susie       susieR
Job 134: 1/400
Job 134: 2/400
Job 134: 3/400
Job 134: 4/400
Job 134: 5/400
Job 134: 6/400
Job 134: 7/400
Job 134: 8/400
Job 134: 9/400
Job 134: 10/400
Job 134: 11/400
Job 134: 12/400
Job 134: 13/400
Job 134: 14/400
Job 134: 15/400
Job 134: 16/400
Job 134: 17/400
Job 134: 18/400
Job 134: 19/400
Job 134: 20/400
Job 134: 21/400
Job 134: 22/400
Job 134: 23/400
Job 134: 24/400
Job 134: 25/400
Job 134: 26/400
Job 134: 27/400
Job 134: 28/400
Job 134: 29/400
Job 134: 30/400
Job 134: 31/400
Job 134: 32/400
Job 134: 33/400
Job 134: 34/400
Job 134: 35/400
Job 134: 36/400
Job 134: 37/400
Job 134: 38/400
Job 134: 39/400
Job 134: 40/400
Job 134: 41/400
Job 134: 42/400
Job 134: 43/400
Job 134: 44/400
Job 134: 45/400
Job 134: 46/400
Job 134: 47/400
Job 134: 48/400
Job 134: 49/400
Job 134: 50/400
Job 134: 51/400
Job 134: 52/400
Job 134: 53/400
Job 134: 54/400
Job 134: 55/400
Job 134: 56/400
Job 134: 57/400
Job 134: 58/400
Job 134: 59/400
Job 134: 60/400
Job 134: 61/400
Job 134: 62/400
Job 134: 63/400
Job 134: 64/400
Job 134: 65/400
Job 134: 66/400
Job 134: 67/400
Job 134: 68/400
Job 134: 69/400
Job 134: 70/400
Job 134: 71/400
Job 134: 72/400
Job 134: 73/400
Job 134: 74/400
Job 134: 75/400
Job 134: 76/400
Job 134: 77/400
Job 134: 78/400
Job 134: 79/400
Job 134: 80/400
Job 134: 81/400
Job 134: 82/400
Job 134: 83/400
Job 134: 84/400
Job 134: 85/400
Job 134: 86/400
Job 134: 87/400
Job 134: 88/400
Job 134: 89/400
Job 134: 90/400
Job 134: 91/400
Job 134: 92/400
Job 134: 93/400
Job 134: 94/400
Job 134: 95/400
Job 134: 96/400
Job 134: 97/400
Job 134: 98/400
Job 134: 99/400
Job 134: 100/400
Job 134: 101/400
Job 134: 102/400
Job 134: 103/400
Job 134: 104/400
Job 134: 105/400
Job 134: 106/400
Job 134: 107/400
Job 134: 108/400
Job 134: 109/400
Job 134: 110/400
Job 134: 111/400
Job 134: 112/400
Job 134: 113/400
Job 134: 114/400
Job 134: 115/400
Job 134: 116/400
Job 134: 117/400
Job 134: 118/400
Job 134: 119/400
Job 134: 120/400
Job 134: 121/400
Job 134: 122/400
Job 134: 123/400
Job 134: 124/400
Job 134: 125/400
Job 134: 126/400
Job 134: 127/400
Job 134: 128/400
Job 134: 129/400
Job 134: 130/400
Job 134: 131/400
Job 134: 132/400
Job 134: 133/400
Job 134: 134/400
Job 134: 135/400
Job 134: 136/400
Job 134: 137/400
Job 134: 138/400
Job 134: 139/400
Job 134: 140/400
Job 134: 141/400
Job 134: 142/400
Job 134: 143/400
Job 134: 144/400
Job 134: 145/400
Job 134: 146/400
Job 134: 147/400
Job 134: 148/400
Job 134: 149/400
Job 134: 150/400
Job 134: 151/400
Job 134: 152/400
Job 134: 153/400
Job 134: 154/400
Job 134: 155/400
Job 134: 156/400
Job 134: 157/400
Job 134: 158/400
Job 134: 159/400
Job 134: 160/400
Job 134: 161/400
Job 134: 162/400
Job 134: 163/400
Job 134: 164/400
Job 134: 165/400
Job 134: 166/400
Job 134: 167/400
Job 134: 168/400
Job 134: 169/400
Job 134: 170/400
Job 134: 171/400
Job 134: 172/400
Job 134: 173/400
Job 134: 174/400
Job 134: 175/400
Job 134: 176/400
Job 134: 177/400
Job 134: 178/400
Job 134: 179/400
Job 134: 180/400
Job 134: 181/400
Job 134: 182/400
Job 134: 183/400
Job 134: 184/400
Job 134: 185/400
Job 134: 186/400
Job 134: 187/400
Job 134: 188/400
Job 134: 189/400
Job 134: 190/400
Job 134: 191/400
Job 134: 192/400
Job 134: 193/400
Job 134: 194/400
Job 134: 195/400
Job 134: 196/400
Job 134: 197/400
Job 134: 198/400
Job 134: 199/400
Job 134: 200/400
Job 134: 201/400
Job 134: 202/400
Job 134: 203/400
Job 134: 204/400
Job 134: 205/400
Job 134: 206/400
Job 134: 207/400
Job 134: 208/400
Job 134: 209/400
Job 134: 210/400
Job 134: 211/400
Job 134: 212/400
Job 134: 213/400
Job 134: 214/400
Job 134: 215/400
Job 134: 216/400
Job 134: 217/400
Job 134: 218/400
Job 134: 219/400
Job 134: 220/400
Job 134: 221/400
Job 134: 222/400
Job 134: 223/400
Job 134: 224/400
Job 134: 225/400
Job 134: 226/400
Job 134: 227/400
Job 134: 228/400
Job 134: 229/400
Job 134: 230/400
Job 134: 231/400
Job 134: 232/400
Job 134: 233/400
Job 134: 234/400
Job 134: 235/400
Job 134: 236/400
Job 134: 237/400
Job 134: 238/400
Job 134: 239/400
Job 134: 240/400
Job 134: 241/400
Job 134: 242/400
Job 134: 243/400
Job 134: 244/400
Job 134: 245/400
Job 134: 246/400
Job 134: 247/400
Job 134: 248/400
Job 134: 249/400
Job 134: 250/400
Job 134: 251/400
Job 134: 252/400
Job 134: 253/400
Job 134: 254/400
Job 134: 255/400
Job 134: 256/400
Job 134: 257/400
Job 134: 258/400
Job 134: 259/400
Job 134: 260/400
Job 134: 261/400
Job 134: 262/400
Job 134: 263/400
Job 134: 264/400
Job 134: 265/400
Job 134: 266/400
Job 134: 267/400
Job 134: 268/400
Job 134: 269/400
Job 134: 270/400
Job 134: 271/400
Job 134: 272/400
Job 134: 273/400
Job 134: 274/400
Job 134: 275/400
Job 134: 276/400
Job 134: 277/400
Job 134: 278/400
Job 134: 279/400
Job 134: 280/400
Job 134: 281/400
Job 134: 282/400
Job 134: 283/400
Job 134: 284/400
Job 134: 285/400
Job 134: 286/400
Job 134: 287/400
Job 134: 288/400
Job 134: 289/400
Job 134: 290/400
Job 134: 291/400
Job 134: 292/400
Job 134: 293/400
Job 134: 294/400
Job 134: 295/400
Job 134: 296/400
Job 134: 297/400
Job 134: 298/400
Job 134: 299/400
Job 134: 300/400
Job 134: 301/400
Job 134: 302/400
Job 134: 303/400
Job 134: 304/400
Job 134: 305/400
Job 134: 306/400
Job 134: 307/400
Job 134: 308/400
Job 134: 309/400
Job 134: 310/400
Job 134: 311/400
Job 134: 312/400
Job 134: 313/400
Job 134: 314/400
Job 134: 315/400
Job 134: 316/400
Job 134: 317/400
Job 134: 318/400
Job 134: 319/400
Job 134: 320/400
Job 134: 321/400
Job 134: 322/400
Job 134: 323/400
Job 134: 324/400
Job 134: 325/400
Job 134: 326/400
Job 134: 327/400
Job 134: 328/400
Job 134: 329/400
Job 134: 330/400
Job 134: 331/400
Job 134: 332/400
Job 134: 333/400
Job 134: 334/400
Job 134: 335/400
Job 134: 336/400
Job 134: 337/400
Job 134: 338/400
Job 134: 339/400
Job 134: 340/400
Job 134: 341/400
Job 134: 342/400
Job 134: 343/400
Job 134: 344/400
Job 134: 345/400
Job 134: 346/400
Job 134: 347/400
Job 134: 348/400
Job 134: 349/400
Job 134: 350/400
Job 134: 351/400
Job 134: 352/400
Job 134: 353/400
Job 134: 354/400
Job 134: 355/400
Job 134: 356/400
Job 134: 357/400
Job 134: 358/400
Job 134: 359/400
Job 134: 360/400
Job 134: 361/400
Job 134: 362/400
Job 134: 363/400
Job 134: 364/400
Job 134: 365/400
Job 134: 366/400
Job 134: 367/400
Job 134: 368/400
Job 134: 369/400
Job 134: 370/400
Job 134: 371/400
Job 134: 372/400
Job 134: 373/400
Job 134: 374/400
Job 134: 375/400
Job 134: 376/400
Job 134: 377/400
Job 134: 378/400
Job 134: 379/400
Job 134: 380/400
Job 134: 381/400
Job 134: 382/400
Job 134: 383/400
Job 134: 384/400
Job 134: 385/400
Job 134: 386/400
Job 134: 387/400
Job 134: 388/400
Job 134: 389/400
Job 134: 390/400
Job 134: 391/400
Job 134: 392/400
Job 134: 393/400
Job 134: 394/400
Job 134: 395/400
Job 134: 396/400
Job 134: 397/400
Job 134: 398/400
Job 134: 399/400
Job 134: 400/400
