Registered S3 methods overwritten by 'susieSlide':
  method              from  
  coef.susie          susieR
  predict.susie       susieR
  print.summary.susie susieR
  summary.susie       susieR
Job 202: 1/400
Job 202: 2/400
Job 202: 3/400
Job 202: 4/400
Job 202: 5/400
Job 202: 6/400
Job 202: 7/400
Job 202: 8/400
Job 202: 9/400
Job 202: 10/400
Job 202: 11/400
Job 202: 12/400
Job 202: 13/400
Job 202: 14/400
Job 202: 15/400
Job 202: 16/400
Job 202: 17/400
Job 202: 18/400
Job 202: 19/400
Job 202: 20/400
Job 202: 21/400
Job 202: 22/400
Job 202: 23/400
Job 202: 24/400
Job 202: 25/400
Job 202: 26/400
Job 202: 27/400
Job 202: 28/400
Job 202: 29/400
Job 202: 30/400
Job 202: 31/400
Job 202: 32/400
Job 202: 33/400
Job 202: 34/400
Job 202: 35/400
Job 202: 36/400
Job 202: 37/400
Job 202: 38/400
Job 202: 39/400
Job 202: 40/400
Job 202: 41/400
Job 202: 42/400
Job 202: 43/400
Job 202: 44/400
Job 202: 45/400
Job 202: 46/400
Job 202: 47/400
Job 202: 48/400
Job 202: 49/400
Job 202: 50/400
Job 202: 51/400
Job 202: 52/400
Job 202: 53/400
Job 202: 54/400
Job 202: 55/400
Job 202: 56/400
Job 202: 57/400
Job 202: 58/400
Job 202: 59/400
Job 202: 60/400
Job 202: 61/400
Job 202: 62/400
Job 202: 63/400
Job 202: 64/400
Job 202: 65/400
Job 202: 66/400
Job 202: 67/400
Job 202: 68/400
Job 202: 69/400
Job 202: 70/400
Job 202: 71/400
Job 202: 72/400
Job 202: 73/400
Job 202: 74/400
Job 202: 75/400
Job 202: 76/400
Job 202: 77/400
Job 202: 78/400
Job 202: 79/400
Job 202: 80/400
Job 202: 81/400
Job 202: 82/400
Job 202: 83/400
Job 202: 84/400
Job 202: 85/400
Job 202: 86/400
Job 202: 87/400
Job 202: 88/400
Job 202: 89/400
Job 202: 90/400
Job 202: 91/400
Job 202: 92/400
Job 202: 93/400
Job 202: 94/400
Job 202: 95/400
Job 202: 96/400
Job 202: 97/400
Job 202: 98/400
Job 202: 99/400
Job 202: 100/400
Job 202: 101/400
Job 202: 102/400
Job 202: 103/400
Job 202: 104/400
Job 202: 105/400
Job 202: 106/400
Job 202: 107/400
Job 202: 108/400
Job 202: 109/400
Job 202: 110/400
Job 202: 111/400
Job 202: 112/400
Job 202: 113/400
Job 202: 114/400
Job 202: 115/400
Job 202: 116/400
Job 202: 117/400
Job 202: 118/400
Job 202: 119/400
Job 202: 120/400
Job 202: 121/400
Job 202: 122/400
Job 202: 123/400
Job 202: 124/400
Job 202: 125/400
Job 202: 126/400
Job 202: 127/400
Job 202: 128/400
Job 202: 129/400
Job 202: 130/400
Job 202: 131/400
Job 202: 132/400
Job 202: 133/400
Job 202: 134/400
Job 202: 135/400
Job 202: 136/400
Job 202: 137/400
Job 202: 138/400
Job 202: 139/400
Job 202: 140/400
Job 202: 141/400
Job 202: 142/400
Job 202: 143/400
Job 202: 144/400
Job 202: 145/400
Job 202: 146/400
Job 202: 147/400
Job 202: 148/400
Job 202: 149/400
Job 202: 150/400
Job 202: 151/400
Job 202: 152/400
Job 202: 153/400
Job 202: 154/400
Job 202: 155/400
Job 202: 156/400
Job 202: 157/400
Job 202: 158/400
Job 202: 159/400
Job 202: 160/400
Job 202: 161/400
Job 202: 162/400
Job 202: 163/400
Job 202: 164/400
Job 202: 165/400
Job 202: 166/400
Job 202: 167/400
Job 202: 168/400
Job 202: 169/400
Job 202: 170/400
Job 202: 171/400
Job 202: 172/400
Job 202: 173/400
Job 202: 174/400
Job 202: 175/400
Job 202: 176/400
Job 202: 177/400
Job 202: 178/400
Job 202: 179/400
Job 202: 180/400
Job 202: 181/400
Job 202: 182/400
Job 202: 183/400
Job 202: 184/400
Job 202: 185/400
Job 202: 186/400
Job 202: 187/400
Job 202: 188/400
Job 202: 189/400
Job 202: 190/400
Job 202: 191/400
Job 202: 192/400
Job 202: 193/400
Job 202: 194/400
Job 202: 195/400
Job 202: 196/400
Job 202: 197/400
Job 202: 198/400
Job 202: 199/400
Job 202: 200/400
Job 202: 201/400
Job 202: 202/400
Job 202: 203/400
Job 202: 204/400
Job 202: 205/400
Job 202: 206/400
Job 202: 207/400
Job 202: 208/400
Job 202: 209/400
Job 202: 210/400
Job 202: 211/400
Job 202: 212/400
Job 202: 213/400
Job 202: 214/400
Job 202: 215/400
Job 202: 216/400
Job 202: 217/400
Job 202: 218/400
Job 202: 219/400
Job 202: 220/400
Job 202: 221/400
Job 202: 222/400
Job 202: 223/400
Job 202: 224/400
Job 202: 225/400
Job 202: 226/400
Job 202: 227/400
Job 202: 228/400
Job 202: 229/400
Job 202: 230/400
Job 202: 231/400
Job 202: 232/400
Job 202: 233/400
Job 202: 234/400
Job 202: 235/400
Job 202: 236/400
Job 202: 237/400
Job 202: 238/400
Job 202: 239/400
Job 202: 240/400
Job 202: 241/400
Job 202: 242/400
Job 202: 243/400
Job 202: 244/400
Job 202: 245/400
Job 202: 246/400
Job 202: 247/400
Job 202: 248/400
Job 202: 249/400
Job 202: 250/400
Job 202: 251/400
Job 202: 252/400
Job 202: 253/400
Job 202: 254/400
Job 202: 255/400
Job 202: 256/400
Job 202: 257/400
Job 202: 258/400
Job 202: 259/400
Job 202: 260/400
Job 202: 261/400
Job 202: 262/400
Job 202: 263/400
Job 202: 264/400
Job 202: 265/400
Job 202: 266/400
Job 202: 267/400
Job 202: 268/400
Job 202: 269/400
Job 202: 270/400
Job 202: 271/400
Job 202: 272/400
Job 202: 273/400
Job 202: 274/400
Job 202: 275/400
Job 202: 276/400
Job 202: 277/400
Job 202: 278/400
Job 202: 279/400
Job 202: 280/400
Job 202: 281/400
Job 202: 282/400
Job 202: 283/400
Job 202: 284/400
Job 202: 285/400
Job 202: 286/400
Job 202: 287/400
Job 202: 288/400
Job 202: 289/400
Job 202: 290/400
Job 202: 291/400
Job 202: 292/400
Job 202: 293/400
Job 202: 294/400
Job 202: 295/400
Job 202: 296/400
Job 202: 297/400
Job 202: 298/400
Job 202: 299/400
Job 202: 300/400
Job 202: 301/400
Job 202: 302/400
Job 202: 303/400
Job 202: 304/400
Job 202: 305/400
Job 202: 306/400
Job 202: 307/400
Job 202: 308/400
Job 202: 309/400
Job 202: 310/400
Job 202: 311/400
Job 202: 312/400
Job 202: 313/400
Job 202: 314/400
Job 202: 315/400
Job 202: 316/400
Job 202: 317/400
Job 202: 318/400
Job 202: 319/400
Job 202: 320/400
Job 202: 321/400
Job 202: 322/400
Job 202: 323/400
Job 202: 324/400
Job 202: 325/400
Job 202: 326/400
Job 202: 327/400
Job 202: 328/400
Job 202: 329/400
Job 202: 330/400
Job 202: 331/400
Job 202: 332/400
Job 202: 333/400
Job 202: 334/400
Job 202: 335/400
Job 202: 336/400
Job 202: 337/400
Job 202: 338/400
Job 202: 339/400
Job 202: 340/400
Job 202: 341/400
Job 202: 342/400
Job 202: 343/400
Job 202: 344/400
Job 202: 345/400
Job 202: 346/400
Job 202: 347/400
Job 202: 348/400
Job 202: 349/400
Job 202: 350/400
Job 202: 351/400
Job 202: 352/400
Job 202: 353/400
Job 202: 354/400
Job 202: 355/400
Job 202: 356/400
Job 202: 357/400
Job 202: 358/400
Job 202: 359/400
Job 202: 360/400
Job 202: 361/400
Job 202: 362/400
Job 202: 363/400
Job 202: 364/400
Job 202: 365/400
Job 202: 366/400
Job 202: 367/400
Job 202: 368/400
Job 202: 369/400
Job 202: 370/400
Job 202: 371/400
Job 202: 372/400
Job 202: 373/400
Job 202: 374/400
Job 202: 375/400
Job 202: 376/400
Job 202: 377/400
Job 202: 378/400
Job 202: 379/400
Job 202: 380/400
Job 202: 381/400
Job 202: 382/400
Job 202: 383/400
Job 202: 384/400
Job 202: 385/400
Job 202: 386/400
Job 202: 387/400
Job 202: 388/400
Job 202: 389/400
Job 202: 390/400
Job 202: 391/400
Job 202: 392/400
Job 202: 393/400
Job 202: 394/400
Job 202: 395/400
Job 202: 396/400
Job 202: 397/400
Job 202: 398/400
Job 202: 399/400
Job 202: 400/400
