Registered S3 methods overwritten by 'susieSlide':
  method              from  
  coef.susie          susieR
  predict.susie       susieR
  print.summary.susie susieR
  summary.susie       susieR
Job 641: 1/400
Job 641: 2/400
Job 641: 3/400
Job 641: 4/400
Job 641: 5/400
Job 641: 6/400
Job 641: 7/400
Job 641: 8/400
Job 641: 9/400
Job 641: 10/400
Job 641: 11/400
Job 641: 12/400
Job 641: 13/400
Job 641: 14/400
Job 641: 15/400
Job 641: 16/400
Job 641: 17/400
Job 641: 18/400
Job 641: 19/400
Job 641: 20/400
Job 641: 21/400
Job 641: 22/400
Job 641: 23/400
Job 641: 24/400 ERROR: No .raw files found in temp_dir.
Job 641: 25/400 ERROR: No .raw files found in temp_dir.
Job 641: 26/400 ERROR: No .raw files found in temp_dir.
Job 641: 27/400 ERROR: No .raw files found in temp_dir.
Job 641: 28/400 ERROR: No .raw files found in temp_dir.
Job 641: 29/400 ERROR: No .raw files found in temp_dir.
Job 641: 30/400 ERROR: No .raw files found in temp_dir.
Job 641: 31/400 ERROR: No .raw files found in temp_dir.
Job 641: 32/400 ERROR: No .raw files found in temp_dir.
Job 641: 33/400 ERROR: No .raw files found in temp_dir.
Job 641: 34/400 ERROR: No .raw files found in temp_dir.
Job 641: 35/400 ERROR: No .raw files found in temp_dir.
Job 641: 36/400 ERROR: No .raw files found in temp_dir.
Job 641: 37/400 ERROR: No .raw files found in temp_dir.
Job 641: 38/400 ERROR: No .raw files found in temp_dir.
Job 641: 39/400 ERROR: No .raw files found in temp_dir.
Job 641: 40/400 ERROR: No .raw files found in temp_dir.
Job 641: 41/400 ERROR: No .raw files found in temp_dir.
Job 641: 42/400 ERROR: No .raw files found in temp_dir.
Job 641: 43/400 ERROR: No .raw files found in temp_dir.
Job 641: 44/400 ERROR: No .raw files found in temp_dir.
Job 641: 45/400 ERROR: No .raw files found in temp_dir.
Job 641: 46/400 ERROR: No .raw files found in temp_dir.
Job 641: 47/400 ERROR: No .raw files found in temp_dir.
Job 641: 48/400 ERROR: No .raw files found in temp_dir.
Job 641: 49/400 ERROR: No .raw files found in temp_dir.
Job 641: 50/400 ERROR: No .raw files found in temp_dir.
Job 641: 51/400 ERROR: No .raw files found in temp_dir.
Job 641: 52/400 ERROR: No .raw files found in temp_dir.
Job 641: 53/400 ERROR: No .raw files found in temp_dir.
Job 641: 54/400 ERROR: No .raw files found in temp_dir.
Job 641: 55/400 ERROR: No .raw files found in temp_dir.
Job 641: 56/400 ERROR: No .raw files found in temp_dir.
Job 641: 57/400 ERROR: No .raw files found in temp_dir.
Job 641: 58/400 ERROR: No .raw files found in temp_dir.
Job 641: 59/400 ERROR: No .raw files found in temp_dir.
Job 641: 60/400 ERROR: No .raw files found in temp_dir.
Job 641: 61/400 ERROR: No .raw files found in temp_dir.
Job 641: 62/400 ERROR: No .raw files found in temp_dir.
Job 641: 63/400 ERROR: No .raw files found in temp_dir.
Job 641: 64/400 ERROR: No .raw files found in temp_dir.
Job 641: 65/400 ERROR: No .raw files found in temp_dir.
Job 641: 66/400 ERROR: No .raw files found in temp_dir.
Job 641: 67/400 ERROR: No .raw files found in temp_dir.
Job 641: 68/400 ERROR: No .raw files found in temp_dir.
Job 641: 69/400 ERROR: No .raw files found in temp_dir.
Job 641: 70/400 ERROR: No .raw files found in temp_dir.
Job 641: 71/400 ERROR: No .raw files found in temp_dir.
Job 641: 72/400 ERROR: No .raw files found in temp_dir.
Job 641: 73/400 ERROR: No .raw files found in temp_dir.
Job 641: 74/400 ERROR: No .raw files found in temp_dir.
Job 641: 75/400 ERROR: No .raw files found in temp_dir.
Job 641: 76/400 ERROR: No .raw files found in temp_dir.
Job 641: 77/400 ERROR: No .raw files found in temp_dir.
Job 641: 78/400 ERROR: No .raw files found in temp_dir.
Job 641: 79/400 ERROR: No .raw files found in temp_dir.
Job 641: 80/400 ERROR: No .raw files found in temp_dir.
Job 641: 81/400 ERROR: No .raw files found in temp_dir.
Job 641: 82/400 ERROR: No .raw files found in temp_dir.
Job 641: 83/400 ERROR: No .raw files found in temp_dir.
Job 641: 84/400 ERROR: No .raw files found in temp_dir.
Job 641: 85/400 ERROR: No .raw files found in temp_dir.
Job 641: 86/400 ERROR: No .raw files found in temp_dir.
Job 641: 87/400 ERROR: No .raw files found in temp_dir.
Job 641: 88/400 ERROR: No .raw files found in temp_dir.
Job 641: 89/400 ERROR: No .raw files found in temp_dir.
Job 641: 90/400 ERROR: No .raw files found in temp_dir.
Job 641: 91/400 ERROR: No .raw files found in temp_dir.
Job 641: 92/400 ERROR: No .raw files found in temp_dir.
Job 641: 93/400 ERROR: No .raw files found in temp_dir.
Job 641: 94/400 ERROR: No .raw files found in temp_dir.
Job 641: 95/400 ERROR: No .raw files found in temp_dir.
Job 641: 96/400 ERROR: No .raw files found in temp_dir.
Job 641: 97/400 ERROR: No .raw files found in temp_dir.
Job 641: 98/400 ERROR: No .raw files found in temp_dir.
Job 641: 99/400 ERROR: No .raw files found in temp_dir.
Job 641: 100/400 ERROR: Not enough donors for the requested n.
Job 641: 101/400
Job 641: 102/400
Job 641: 103/400
Job 641: 104/400
Job 641: 105/400
Job 641: 106/400
Job 641: 107/400
Job 641: 108/400
Job 641: 109/400
Job 641: 110/400
Job 641: 111/400
Job 641: 112/400
Job 641: 113/400
Job 641: 114/400
Job 641: 115/400
Job 641: 116/400
Job 641: 117/400
Job 641: 118/400
Job 641: 119/400
Job 641: 120/400
Job 641: 121/400
Job 641: 122/400
Job 641: 123/400
Job 641: 124/400
Job 641: 125/400
Job 641: 126/400
Job 641: 127/400
Job 641: 128/400
Job 641: 129/400
Job 641: 130/400 ERROR: No .raw files found in temp_dir.
Job 641: 131/400 ERROR: No .raw files found in temp_dir.
Job 641: 132/400 ERROR: No .raw files found in temp_dir.
Job 641: 133/400 ERROR: No .raw files found in temp_dir.
Job 641: 134/400 ERROR: No .raw files found in temp_dir.
Job 641: 135/400 ERROR: No .raw files found in temp_dir.
Job 641: 136/400 ERROR: No .raw files found in temp_dir.
Job 641: 137/400 ERROR: No .raw files found in temp_dir.
Job 641: 138/400 ERROR: No .raw files found in temp_dir.
Job 641: 139/400 ERROR: No .raw files found in temp_dir.
Job 641: 140/400 ERROR: No .raw files found in temp_dir.
Job 641: 141/400 ERROR: No .raw files found in temp_dir.
Job 641: 142/400 ERROR: No .raw files found in temp_dir.
Job 641: 143/400 ERROR: No .raw files found in temp_dir.
Job 641: 144/400 ERROR: No .raw files found in temp_dir.
Job 641: 145/400 ERROR: No .raw files found in temp_dir.
Job 641: 146/400 ERROR: No .raw files found in temp_dir.
Job 641: 147/400 ERROR: No .raw files found in temp_dir.
Job 641: 148/400 ERROR: No .raw files found in temp_dir.
Job 641: 149/400 ERROR: No .raw files found in temp_dir.
Job 641: 150/400 ERROR: No .raw files found in temp_dir.
Job 641: 151/400 ERROR: No .raw files found in temp_dir.
Job 641: 152/400 ERROR: No .raw files found in temp_dir.
Job 641: 153/400 ERROR: No .raw files found in temp_dir.
Job 641: 154/400 ERROR: No .raw files found in temp_dir.
Job 641: 155/400 ERROR: No .raw files found in temp_dir.
Job 641: 156/400 ERROR: No .raw files found in temp_dir.
Job 641: 157/400 ERROR: No .raw files found in temp_dir.
Job 641: 158/400 ERROR: No .raw files found in temp_dir.
Job 641: 159/400 ERROR: No .raw files found in temp_dir.
Job 641: 160/400 ERROR: No .raw files found in temp_dir.
Job 641: 161/400 ERROR: No .raw files found in temp_dir.
Job 641: 162/400 ERROR: No .raw files found in temp_dir.
Job 641: 163/400 ERROR: No .raw files found in temp_dir.
Job 641: 164/400 ERROR: No .raw files found in temp_dir.
Job 641: 165/400 ERROR: No .raw files found in temp_dir.
Job 641: 166/400 ERROR: No .raw files found in temp_dir.
Job 641: 167/400 ERROR: No .raw files found in temp_dir.
Job 641: 168/400 ERROR: No .raw files found in temp_dir.
Job 641: 169/400 ERROR: No .raw files found in temp_dir.
Job 641: 170/400 ERROR: No .raw files found in temp_dir.
Job 641: 171/400 ERROR: No .raw files found in temp_dir.
Job 641: 172/400 ERROR: No .raw files found in temp_dir.
Job 641: 173/400 ERROR: No .raw files found in temp_dir.
Job 641: 174/400 ERROR: No .raw files found in temp_dir.
Job 641: 175/400 ERROR: No .raw files found in temp_dir.
Job 641: 176/400 ERROR: No .raw files found in temp_dir.
Job 641: 177/400 ERROR: No .raw files found in temp_dir.
Job 641: 178/400 ERROR: No .raw files found in temp_dir.
Job 641: 179/400 ERROR: No .raw files found in temp_dir.
Job 641: 180/400 ERROR: No .raw files found in temp_dir.
Job 641: 181/400 ERROR: No .raw files found in temp_dir.
Job 641: 182/400 ERROR: No .raw files found in temp_dir.
Job 641: 183/400 ERROR: No .raw files found in temp_dir.
Job 641: 184/400 ERROR: No .raw files found in temp_dir.
Job 641: 185/400 ERROR: No .raw files found in temp_dir.
Job 641: 186/400
Job 641: 187/400
Job 641: 188/400
Job 641: 189/400
Job 641: 190/400
Job 641: 191/400
Job 641: 192/400
Job 641: 193/400
Job 641: 194/400
Job 641: 195/400
Job 641: 196/400
Job 641: 197/400
Job 641: 198/400
Job 641: 199/400
Job 641: 200/400
Job 641: 201/400
Job 641: 202/400
Job 641: 203/400
Job 641: 204/400
Job 641: 205/400
Job 641: 206/400
Job 641: 207/400
Job 641: 208/400
Job 641: 209/400
Job 641: 210/400
Job 641: 211/400
Job 641: 212/400
Job 641: 213/400
Job 641: 214/400
Job 641: 215/400
Job 641: 216/400
Job 641: 217/400
Job 641: 218/400 ERROR: No .raw files found in temp_dir.
Job 641: 219/400 ERROR: No .raw files found in temp_dir.
Job 641: 220/400 ERROR: No .raw files found in temp_dir.
Job 641: 221/400 ERROR: No .raw files found in temp_dir.
Job 641: 222/400 ERROR: No .raw files found in temp_dir.
Job 641: 223/400 ERROR: No .raw files found in temp_dir.
Job 641: 224/400 ERROR: No .raw files found in temp_dir.
Job 641: 225/400 ERROR: No .raw files found in temp_dir.
Job 641: 226/400 ERROR: No .raw files found in temp_dir.
Job 641: 227/400 ERROR: No .raw files found in temp_dir.
Job 641: 228/400 ERROR: No .raw files found in temp_dir.
Job 641: 229/400 ERROR: No .raw files found in temp_dir.
Job 641: 230/400 ERROR: No .raw files found in temp_dir.
Job 641: 231/400 ERROR: No .raw files found in temp_dir.
Job 641: 232/400 ERROR: No .raw files found in temp_dir.
Job 641: 233/400 ERROR: No .raw files found in temp_dir.
Job 641: 234/400 ERROR: No .raw files found in temp_dir.
Job 641: 235/400 ERROR: No .raw files found in temp_dir.
Job 641: 236/400 ERROR: No .raw files found in temp_dir.
Job 641: 237/400 ERROR: No .raw files found in temp_dir.
Job 641: 238/400 ERROR: No .raw files found in temp_dir.
Job 641: 239/400 ERROR: No .raw files found in temp_dir.
Job 641: 240/400 ERROR: No .raw files found in temp_dir.
Job 641: 241/400 ERROR: No .raw files found in temp_dir.
Job 641: 242/400 ERROR: No .raw files found in temp_dir.
Job 641: 243/400 ERROR: No .raw files found in temp_dir.
Job 641: 244/400 ERROR: No .raw files found in temp_dir.
Job 641: 245/400 ERROR: No .raw files found in temp_dir.
Job 641: 246/400 ERROR: No .raw files found in temp_dir.
Job 641: 247/400 ERROR: No .raw files found in temp_dir.
Job 641: 248/400 ERROR: No .raw files found in temp_dir.
Job 641: 249/400 ERROR: No .raw files found in temp_dir.
Job 641: 250/400 ERROR: No .raw files found in temp_dir.
Job 641: 251/400 ERROR: No .raw files found in temp_dir.
Job 641: 252/400 ERROR: No .raw files found in temp_dir.
Job 641: 253/400 ERROR: No .raw files found in temp_dir.
Job 641: 254/400 ERROR: No .raw files found in temp_dir.
Job 641: 255/400 ERROR: No .raw files found in temp_dir.
Job 641: 256/400 ERROR: No .raw files found in temp_dir.
Job 641: 257/400 ERROR: No .raw files found in temp_dir.
Job 641: 258/400 ERROR: No .raw files found in temp_dir.
Job 641: 259/400 ERROR: No .raw files found in temp_dir.
Job 641: 260/400 ERROR: No .raw files found in temp_dir.
Job 641: 261/400 ERROR: No .raw files found in temp_dir.
Job 641: 262/400 ERROR: No .raw files found in temp_dir.
Job 641: 263/400 ERROR: No .raw files found in temp_dir.
Job 641: 264/400 ERROR: No .raw files found in temp_dir.
Job 641: 265/400 ERROR: No .raw files found in temp_dir.
Job 641: 266/400 ERROR: No .raw files found in temp_dir.
Job 641: 267/400 ERROR: No .raw files found in temp_dir.
Job 641: 268/400 ERROR: No .raw files found in temp_dir.
Job 641: 269/400 ERROR: No .raw files found in temp_dir.
Job 641: 270/400 ERROR: No .raw files found in temp_dir.
Job 641: 271/400 ERROR: No .raw files found in temp_dir.
Job 641: 272/400 ERROR: No .raw files found in temp_dir.
Job 641: 273/400 ERROR: No .raw files found in temp_dir.
Job 641: 274/400 ERROR: No .raw files found in temp_dir.
Job 641: 275/400 ERROR: No .raw files found in temp_dir.
Job 641: 276/400 ERROR: No .raw files found in temp_dir.
Job 641: 277/400 ERROR: No .raw files found in temp_dir.
Job 641: 278/400 ERROR: No .raw files found in temp_dir.
Job 641: 279/400 ERROR: No .raw files found in temp_dir.
Job 641: 280/400 ERROR: No .raw files found in temp_dir.
Job 641: 281/400 ERROR: No .raw files found in temp_dir.
Job 641: 282/400 ERROR: No .raw files found in temp_dir.
Job 641: 283/400 ERROR: No .raw files found in temp_dir.
Job 641: 284/400 ERROR: No .raw files found in temp_dir.
Job 641: 285/400 ERROR: No .raw files found in temp_dir.
Job 641: 286/400 ERROR: No .raw files found in temp_dir.
Job 641: 287/400 ERROR: No .raw files found in temp_dir.
Job 641: 288/400 ERROR: No .raw files found in temp_dir.
Job 641: 289/400 ERROR: No .raw files found in temp_dir.
Job 641: 290/400 ERROR: No .raw files found in temp_dir.
Job 641: 291/400 ERROR: No .raw files found in temp_dir.
Job 641: 292/400 ERROR: No .raw files found in temp_dir.
Job 641: 293/400 ERROR: No .raw files found in temp_dir.
Job 641: 294/400 ERROR: No .raw files found in temp_dir.
Job 641: 295/400 ERROR: No .raw files found in temp_dir.
Job 641: 296/400 ERROR: No .raw files found in temp_dir.
Job 641: 297/400 ERROR: No .raw files found in temp_dir.
Job 641: 298/400 ERROR: No .raw files found in temp_dir.
Job 641: 299/400 ERROR: No .raw files found in temp_dir.
Job 641: 300/400 ERROR: No .raw files found in temp_dir.
Job 641: 301/400 ERROR: No .raw files found in temp_dir.
Job 641: 302/400 ERROR: No .raw files found in temp_dir.
Job 641: 303/400 ERROR: No .raw files found in temp_dir.
Job 641: 304/400 ERROR: No .raw files found in temp_dir.
Job 641: 305/400 ERROR: No .raw files found in temp_dir.
Job 641: 306/400 ERROR: No .raw files found in temp_dir.
Job 641: 307/400 ERROR: No .raw files found in temp_dir.
Job 641: 308/400 ERROR: No .raw files found in temp_dir.
Job 641: 309/400 ERROR: No .raw files found in temp_dir.
Job 641: 310/400 ERROR: No .raw files found in temp_dir.
Job 641: 311/400 ERROR: No .raw files found in temp_dir.
Job 641: 312/400 ERROR: No .raw files found in temp_dir.
Job 641: 313/400 ERROR: No .raw files found in temp_dir.
Job 641: 314/400 ERROR: No .raw files found in temp_dir.
Job 641: 315/400 ERROR: No .raw files found in temp_dir.
Job 641: 316/400 ERROR: No .raw files found in temp_dir.
Job 641: 317/400 ERROR: No .raw files found in temp_dir.
Job 641: 318/400 ERROR: No .raw files found in temp_dir.
Job 641: 319/400 ERROR: No .raw files found in temp_dir.
Job 641: 320/400 ERROR: No .raw files found in temp_dir.
Job 641: 321/400 ERROR: No .raw files found in temp_dir.
Job 641: 322/400 ERROR: No .raw files found in temp_dir.
Job 641: 323/400 ERROR: No .raw files found in temp_dir.
Job 641: 324/400 ERROR: No .raw files found in temp_dir.
Job 641: 325/400 ERROR: No .raw files found in temp_dir.
Job 641: 326/400 ERROR: No .raw files found in temp_dir.
Job 641: 327/400 ERROR: No .raw files found in temp_dir.
Job 641: 328/400 ERROR: No .raw files found in temp_dir.
Job 641: 329/400 ERROR: No .raw files found in temp_dir.
Job 641: 330/400 ERROR: No .raw files found in temp_dir.
Job 641: 331/400 ERROR: No .raw files found in temp_dir.
Job 641: 332/400 ERROR: No .raw files found in temp_dir.
Job 641: 333/400 ERROR: No .raw files found in temp_dir.
Job 641: 334/400 ERROR: No .raw files found in temp_dir.
Job 641: 335/400 ERROR: No .raw files found in temp_dir.
Job 641: 336/400 ERROR: No .raw files found in temp_dir.
Job 641: 337/400 ERROR: No .raw files found in temp_dir.
Job 641: 338/400 ERROR: No .raw files found in temp_dir.
Job 641: 339/400 ERROR: No .raw files found in temp_dir.
Job 641: 340/400 ERROR: No .raw files found in temp_dir.
Job 641: 341/400 ERROR: No .raw files found in temp_dir.
Job 641: 342/400 ERROR: No .raw files found in temp_dir.
Job 641: 343/400 ERROR: No .raw files found in temp_dir.
Job 641: 344/400 ERROR: No .raw files found in temp_dir.
Job 641: 345/400 ERROR: No .raw files found in temp_dir.
Job 641: 346/400 ERROR: No .raw files found in temp_dir.
Job 641: 347/400 ERROR: No .raw files found in temp_dir.
Job 641: 348/400 ERROR: No .raw files found in temp_dir.
Job 641: 349/400 ERROR: No .raw files found in temp_dir.
Job 641: 350/400 ERROR: No .raw files found in temp_dir.
Job 641: 351/400 ERROR: No .raw files found in temp_dir.
Job 641: 352/400 ERROR: No .raw files found in temp_dir.
Job 641: 353/400 ERROR: No .raw files found in temp_dir.
Job 641: 354/400 ERROR: No .raw files found in temp_dir.
Job 641: 355/400 ERROR: No .raw files found in temp_dir.
Job 641: 356/400 ERROR: No .raw files found in temp_dir.
Job 641: 357/400 ERROR: No .raw files found in temp_dir.
Job 641: 358/400 ERROR: No .raw files found in temp_dir.
Job 641: 359/400 ERROR: No .raw files found in temp_dir.
Job 641: 360/400 ERROR: No .raw files found in temp_dir.
Job 641: 361/400 ERROR: No .raw files found in temp_dir.
Job 641: 362/400 ERROR: No .raw files found in temp_dir.
Job 641: 363/400 ERROR: No .raw files found in temp_dir.
Job 641: 364/400 ERROR: No .raw files found in temp_dir.
Job 641: 365/400 ERROR: No .raw files found in temp_dir.
Job 641: 366/400 ERROR: No .raw files found in temp_dir.
Job 641: 367/400 ERROR: No .raw files found in temp_dir.
Job 641: 368/400 ERROR: No .raw files found in temp_dir.
Job 641: 369/400 ERROR: No .raw files found in temp_dir.
Job 641: 370/400 ERROR: No .raw files found in temp_dir.
Job 641: 371/400 ERROR: No .raw files found in temp_dir.
Job 641: 372/400 ERROR: No .raw files found in temp_dir.
Job 641: 373/400 ERROR: No .raw files found in temp_dir.
Job 641: 374/400 ERROR: No .raw files found in temp_dir.
Job 641: 375/400 ERROR: No .raw files found in temp_dir.
Job 641: 376/400 ERROR: No .raw files found in temp_dir.
Job 641: 377/400 ERROR: No .raw files found in temp_dir.
Job 641: 378/400 ERROR: No .raw files found in temp_dir.
Job 641: 379/400 ERROR: No .raw files found in temp_dir.
Job 641: 380/400 ERROR: No .raw files found in temp_dir.
Job 641: 381/400 ERROR: No .raw files found in temp_dir.
Job 641: 382/400 ERROR: No .raw files found in temp_dir.
Job 641: 383/400 ERROR: No .raw files found in temp_dir.
Job 641: 384/400 ERROR: No .raw files found in temp_dir.
Job 641: 385/400 ERROR: No .raw files found in temp_dir.
Job 641: 386/400 ERROR: No .raw files found in temp_dir.
Job 641: 387/400 ERROR: No .raw files found in temp_dir.
Job 641: 388/400 ERROR: No .raw files found in temp_dir.
Job 641: 389/400 ERROR: No .raw files found in temp_dir.
Job 641: 390/400 ERROR: No .raw files found in temp_dir.
Job 641: 391/400 ERROR: No .raw files found in temp_dir.
Job 641: 392/400 ERROR: No .raw files found in temp_dir.
Job 641: 393/400 ERROR: No .raw files found in temp_dir.
Job 641: 394/400 ERROR: No .raw files found in temp_dir.
Job 641: 395/400 ERROR: No .raw files found in temp_dir.
Job 641: 396/400 ERROR: No .raw files found in temp_dir.
Job 641: 397/400 ERROR: No .raw files found in temp_dir.
Job 641: 398/400 ERROR: No .raw files found in temp_dir.
Job 641: 399/400 ERROR: No .raw files found in temp_dir.
Job 641: 400/400 ERROR: No .raw files found in temp_dir.
Warning messages:
1: In data.table::fread(raw_file, data.table = FALSE) :
  Discarded single-line footer: <<0	GTEX-139UC	0	0	0	-9	2	2	2	2	1	0	2	2	2	2	2	2	1	2	2	2	2	2	2	2	2	2	2	2	2	2	2	2	0	2	0	2	1	2	1	2	1	0	2	2	2	1	2	1	2	2	2	2	1	2	2	1	2	2	2	0	2	2	2	2	2	1	2	2	2	2	1	2	2	2	2	2	2	1	2	2	2	0	2	2	2	2	2	2	2	2	2	2	2	2	0	1	2	2	2	1	2	2	2	2	2	2	2	2	0	2	2	2	2	2	2	2	2	1	2	2	2	1	2	2	2	2	2	2	2	1	2	2	2	0	2	2	2	2	1	2	1	2	0	2	0	2	1	2	2	2	2	2	2	2	2	2	2	2	2	2	2	1	1	2	2	1	2	2	1	1	2	2	2	2	2	2	1	2	2	2	2	2	2	2	2	2	2	2	2	1	2	2	2	2	2	1	2	2	2	2	2	2	2	2	2	2	2	2	2	2	2	2	2	2	2	2	2	2	2	2	2	2	2	2	2	2	2	1	2	2	1	2	2	2	2	2	2	1	2	2	2	2	2	>>
2: In data.table::fread(raw_file, data.table = FALSE) :
  Discarded single-line footer: <<0	GTEX-POMQ	0	0	0	-9	2	2	2	2	2	0	2	2	2	2	2	2	0	2	2	2	2	2	2	2	2	2	2	2	2	2	2	2	0	2	0	2	2	2	0	2	2	0	2	2	2	2	2	2	2	2	2	2	2	2	2	2	2	2	2	0	2	2	2	2	2	2	2	2	2	2	2	2	2	2	2	2	2	0	2	2	2	0	2	2	2	2	2	2	2	2	2	2	2	2	0	2	2	2	2	2	2	2	2	2	2	2	2	2	0	2	2	2	2	2	2	2	2	0	2	2	2	2	2	2	2	2	2	2	2	2	2	2	2	0	2	2	2	2	2	2	2	2	0	2	0	2	0	2	2	2	2	2	2	2	2	2	2	2	2	2	2	2	2	2	2	2	2	2	2	2	2	2	2	2	2	2	2	2	2	2	2	2	2	2	2	2	2	2	2	2	2	2	2	2	2	2	2	2	2	2	2	2	2	2	2	2	2	2	2	2	2	2	2	2	2	2	2	2	2	2	2	2	2	2	2	2	2	2	2	2	2	2	2	2	2	2	2	2	2	2	2	2	2	2>>
3: In data.table::fread(raw_file, data.table = FALSE) :
  Discarded single-line footer: <<0	GTEX-ZQG8	0	0	0	-9	2	2	2	2	2	2	2	2	2	2	2	2	2	2	2	2	2	2	2	2	2	2	2	2	2	2	2	2	2	2	2	2	2	2	2	2	2	2	2	2	2	2	2	2	2	2	2	2	2	2	2	2	2	2	2	2	2	2	2	2	2	2	2	2	2	2	2	2	2	2	2	2	2	2	2	2	2	2	2	2	2	2	2	2	2	2	2	2	2	2	2	2	2	2	2	2	2	2	2	2	2	2	2	2	2	2	2	2	2	2	2	1	2	2	2	2	2	2	2	2	1	1	2	2	2	2	2	2	2	2	2	1	2	2	2	2	2	2	2	2	2	2	2	2	2	2	2	2	2	2	1	2	2	2	2	2	2	2	2	2	2	2	2	2	2	2	2	2	2	2	2	2	2	2	2	2	2	2	2	2	2	2	2	2	2	2	2	2	2	0	2	2	2	2	2	2	2	2	2	2	2	2	2	2	2	2	2	2	2	2	2	2	2	2	0	2	2	2	2	2	2	2	2	2	2	2	2	2	2	2	2	2	2	2	2	2	2	2	2	2>>
