Registered S3 methods overwritten by 'susieSlide':
  method              from  
  coef.susie          susieR
  predict.susie       susieR
  print.summary.susie susieR
  summary.susie       susieR
Job 420: 1/400
Job 420: 2/400
Job 420: 3/400
Job 420: 4/400
Job 420: 5/400
Job 420: 6/400
Job 420: 7/400
Job 420: 8/400
Job 420: 9/400
Job 420: 10/400
Job 420: 11/400
Job 420: 12/400
Job 420: 13/400
Job 420: 14/400
Job 420: 15/400
Job 420: 16/400
Job 420: 17/400
Job 420: 18/400
Job 420: 19/400
Job 420: 20/400
Job 420: 21/400
Job 420: 22/400
Job 420: 23/400
Job 420: 24/400
Job 420: 25/400
Job 420: 26/400
Job 420: 27/400
Job 420: 28/400
Job 420: 29/400
Job 420: 30/400
Job 420: 31/400
Job 420: 32/400
Job 420: 33/400
Job 420: 34/400
Job 420: 35/400
Job 420: 36/400
Job 420: 37/400
Job 420: 38/400
Job 420: 39/400
Job 420: 40/400
Job 420: 41/400
Job 420: 42/400
Job 420: 43/400
Job 420: 44/400
Job 420: 45/400
Job 420: 46/400
Job 420: 47/400
Job 420: 48/400
Job 420: 49/400
Job 420: 50/400
Job 420: 51/400
Job 420: 52/400
Job 420: 53/400
Job 420: 54/400
Job 420: 55/400
Job 420: 56/400
Job 420: 57/400
Job 420: 58/400
Job 420: 59/400
Job 420: 60/400
Job 420: 61/400
Job 420: 62/400
Job 420: 63/400
Job 420: 64/400
Job 420: 65/400
Job 420: 66/400
Job 420: 67/400
Job 420: 68/400
Job 420: 69/400
Job 420: 70/400
Job 420: 71/400
Job 420: 72/400
Job 420: 73/400
Job 420: 74/400
Job 420: 75/400
Job 420: 76/400
Job 420: 77/400
Job 420: 78/400
Job 420: 79/400
Job 420: 80/400
Job 420: 81/400
Job 420: 82/400
Job 420: 83/400
Job 420: 84/400
Job 420: 85/400
Job 420: 86/400
Job 420: 87/400
Job 420: 88/400
Job 420: 89/400
Job 420: 90/400
Job 420: 91/400
Job 420: 92/400
Job 420: 93/400
Job 420: 94/400
Job 420: 95/400
Job 420: 96/400
Job 420: 97/400
Job 420: 98/400
Job 420: 99/400
Job 420: 100/400
Job 420: 101/400
Job 420: 102/400
Job 420: 103/400
Job 420: 104/400
Job 420: 105/400
Job 420: 106/400
Job 420: 107/400
Job 420: 108/400
Job 420: 109/400
Job 420: 110/400
Job 420: 111/400
Job 420: 112/400
Job 420: 113/400
Job 420: 114/400
Job 420: 115/400
Job 420: 116/400
Job 420: 117/400
Job 420: 118/400
Job 420: 119/400
Job 420: 120/400
Job 420: 121/400
Job 420: 122/400
Job 420: 123/400
Job 420: 124/400
Job 420: 125/400
Job 420: 126/400
Job 420: 127/400
Job 420: 128/400
Job 420: 129/400
Job 420: 130/400
Job 420: 131/400
Job 420: 132/400
Job 420: 133/400
Job 420: 134/400
Job 420: 135/400
Job 420: 136/400
Job 420: 137/400
Job 420: 138/400
Job 420: 139/400
Job 420: 140/400
Job 420: 141/400
Job 420: 142/400
Job 420: 143/400
Job 420: 144/400
Job 420: 145/400
Job 420: 146/400
Job 420: 147/400
Job 420: 148/400
Job 420: 149/400
Job 420: 150/400
Job 420: 151/400
Job 420: 152/400
Job 420: 153/400
Job 420: 154/400
Job 420: 155/400
Job 420: 156/400
Job 420: 157/400
Job 420: 158/400
Job 420: 159/400
Job 420: 160/400
Job 420: 161/400
Job 420: 162/400
Job 420: 163/400
Job 420: 164/400
Job 420: 165/400
Job 420: 166/400
Job 420: 167/400
Job 420: 168/400
Job 420: 169/400
Job 420: 170/400
Job 420: 171/400
Job 420: 172/400
Job 420: 173/400
Job 420: 174/400
Job 420: 175/400
Job 420: 176/400
Job 420: 177/400
Job 420: 178/400
Job 420: 179/400
Job 420: 180/400
Job 420: 181/400
Job 420: 182/400
Job 420: 183/400
Job 420: 184/400
Job 420: 185/400
Job 420: 186/400
Job 420: 187/400
Job 420: 188/400
Job 420: 189/400
Job 420: 190/400
Job 420: 191/400
Job 420: 192/400
Job 420: 193/400
Job 420: 194/400
Job 420: 195/400
Job 420: 196/400
Job 420: 197/400
Job 420: 198/400
Job 420: 199/400
Job 420: 200/400
Job 420: 201/400
Job 420: 202/400
Job 420: 203/400
Job 420: 204/400
Job 420: 205/400
Job 420: 206/400
Job 420: 207/400
Job 420: 208/400
Job 420: 209/400
Job 420: 210/400
Job 420: 211/400
Job 420: 212/400
Job 420: 213/400
Job 420: 214/400
Job 420: 215/400
Job 420: 216/400
Job 420: 217/400
Job 420: 218/400
Job 420: 219/400
Job 420: 220/400
Job 420: 221/400
Job 420: 222/400
Job 420: 223/400
Job 420: 224/400
Job 420: 225/400
Job 420: 226/400
Job 420: 227/400
Job 420: 228/400
Job 420: 229/400
Job 420: 230/400
Job 420: 231/400
Job 420: 232/400
Job 420: 233/400
Job 420: 234/400
Job 420: 235/400
Job 420: 236/400
Job 420: 237/400
Job 420: 238/400
Job 420: 239/400
Job 420: 240/400
Job 420: 241/400
Job 420: 242/400
Job 420: 243/400
Job 420: 244/400
Job 420: 245/400
Job 420: 246/400
Job 420: 247/400
Job 420: 248/400
Job 420: 249/400
Job 420: 250/400
Job 420: 251/400
Job 420: 252/400
Job 420: 253/400
Job 420: 254/400
Job 420: 255/400
Job 420: 256/400
Job 420: 257/400
Job 420: 258/400
Job 420: 259/400
Job 420: 260/400
Job 420: 261/400
Job 420: 262/400
Job 420: 263/400
Job 420: 264/400
Job 420: 265/400
Job 420: 266/400
Job 420: 267/400
Job 420: 268/400
Job 420: 269/400
Job 420: 270/400
Job 420: 271/400
Job 420: 272/400
Job 420: 273/400
Job 420: 274/400
Job 420: 275/400
Job 420: 276/400
Job 420: 277/400
Job 420: 278/400
Job 420: 279/400
Job 420: 280/400
Job 420: 281/400
Job 420: 282/400
Job 420: 283/400
Job 420: 284/400
Job 420: 285/400
Job 420: 286/400
Job 420: 287/400
Job 420: 288/400
Job 420: 289/400
Job 420: 290/400
Job 420: 291/400
Job 420: 292/400
Job 420: 293/400
Job 420: 294/400
Job 420: 295/400
Job 420: 296/400
Job 420: 297/400
Job 420: 298/400
Job 420: 299/400
Job 420: 300/400
Job 420: 301/400
Job 420: 302/400
Job 420: 303/400
Job 420: 304/400
Job 420: 305/400
Job 420: 306/400
Job 420: 307/400
Job 420: 308/400
Job 420: 309/400
Job 420: 310/400
Job 420: 311/400
Job 420: 312/400
Job 420: 313/400
Job 420: 314/400
Job 420: 315/400
Job 420: 316/400
Job 420: 317/400
Job 420: 318/400
Job 420: 319/400
Job 420: 320/400
Job 420: 321/400
Job 420: 322/400
Job 420: 323/400
Job 420: 324/400
Job 420: 325/400
Job 420: 326/400
Job 420: 327/400
Job 420: 328/400
Job 420: 329/400
Job 420: 330/400
Job 420: 331/400
Job 420: 332/400
Job 420: 333/400
Job 420: 334/400
Job 420: 335/400
Job 420: 336/400
Job 420: 337/400
Job 420: 338/400
Job 420: 339/400
Job 420: 340/400
Job 420: 341/400
Job 420: 342/400
Job 420: 343/400
Job 420: 344/400
Job 420: 345/400
Job 420: 346/400
Job 420: 347/400
Job 420: 348/400
Job 420: 349/400
Job 420: 350/400
Job 420: 351/400
Job 420: 352/400
Job 420: 353/400
Job 420: 354/400
Job 420: 355/400
Job 420: 356/400
Job 420: 357/400
Job 420: 358/400
Job 420: 359/400
Job 420: 360/400
Job 420: 361/400
Job 420: 362/400
Job 420: 363/400
Job 420: 364/400
Job 420: 365/400
Job 420: 366/400
Job 420: 367/400
Job 420: 368/400
Job 420: 369/400
Job 420: 370/400
Job 420: 371/400
Job 420: 372/400
Job 420: 373/400
Job 420: 374/400
Job 420: 375/400
Job 420: 376/400
Job 420: 377/400
Job 420: 378/400
Job 420: 379/400
Job 420: 380/400
Job 420: 381/400
Job 420: 382/400
Job 420: 383/400
Job 420: 384/400
Job 420: 385/400
Job 420: 386/400
Job 420: 387/400
Job 420: 388/400
Job 420: 389/400
Job 420: 390/400
Job 420: 391/400
Job 420: 392/400
Job 420: 393/400
Job 420: 394/400
Job 420: 395/400
Job 420: 396/400
Job 420: 397/400
Job 420: 398/400
Job 420: 399/400
Job 420: 400/400
