Registered S3 methods overwritten by 'susieSlide':
  method              from  
  coef.susie          susieR
  predict.susie       susieR
  print.summary.susie susieR
  summary.susie       susieR
Job 345: 1/400
Job 345: 2/400
Job 345: 3/400
Job 345: 4/400
Job 345: 5/400
Job 345: 6/400
Job 345: 7/400
Job 345: 8/400
Job 345: 9/400
Job 345: 10/400
Job 345: 11/400
Job 345: 12/400
Job 345: 13/400
Job 345: 14/400
Job 345: 15/400
Job 345: 16/400
Job 345: 17/400
Job 345: 18/400
Job 345: 19/400
Job 345: 20/400
Job 345: 21/400
Job 345: 22/400
Job 345: 23/400
Job 345: 24/400
Job 345: 25/400
Job 345: 26/400
Job 345: 27/400
Job 345: 28/400
Job 345: 29/400
Job 345: 30/400
Job 345: 31/400
Job 345: 32/400
Job 345: 33/400
Job 345: 34/400
Job 345: 35/400
Job 345: 36/400
Job 345: 37/400
Job 345: 38/400
Job 345: 39/400
Job 345: 40/400
Job 345: 41/400
Job 345: 42/400
Job 345: 43/400
Job 345: 44/400
Job 345: 45/400
Job 345: 46/400
Job 345: 47/400
Job 345: 48/400
Job 345: 49/400
Job 345: 50/400
Job 345: 51/400
Job 345: 52/400
Job 345: 53/400
Job 345: 54/400
Job 345: 55/400
Job 345: 56/400
Job 345: 57/400
Job 345: 58/400
Job 345: 59/400
Job 345: 60/400
Job 345: 61/400
Job 345: 62/400
Job 345: 63/400
Job 345: 64/400
Job 345: 65/400
Job 345: 66/400
Job 345: 67/400
Job 345: 68/400
Job 345: 69/400
Job 345: 70/400
Job 345: 71/400
Job 345: 72/400
Job 345: 73/400
Job 345: 74/400
Job 345: 75/400
Job 345: 76/400
Job 345: 77/400
Job 345: 78/400
Job 345: 79/400
Job 345: 80/400
Job 345: 81/400
Job 345: 82/400
Job 345: 83/400
Job 345: 84/400
Job 345: 85/400
Job 345: 86/400
Job 345: 87/400
Job 345: 88/400
Job 345: 89/400
Job 345: 90/400
Job 345: 91/400
Job 345: 92/400
Job 345: 93/400
Job 345: 94/400
Job 345: 95/400
Job 345: 96/400
Job 345: 97/400
Job 345: 98/400
Job 345: 99/400
Job 345: 100/400
Job 345: 101/400
Job 345: 102/400
Job 345: 103/400
Job 345: 104/400
Job 345: 105/400
Job 345: 106/400
Job 345: 107/400
Job 345: 108/400
Job 345: 109/400
Job 345: 110/400
Job 345: 111/400
Job 345: 112/400
Job 345: 113/400
Job 345: 114/400
Job 345: 115/400
Job 345: 116/400
Job 345: 117/400
Job 345: 118/400
Job 345: 119/400
Job 345: 120/400
Job 345: 121/400
Job 345: 122/400
Job 345: 123/400
Job 345: 124/400
Job 345: 125/400
Job 345: 126/400
Job 345: 127/400
Job 345: 128/400
Job 345: 129/400
Job 345: 130/400
Job 345: 131/400
Job 345: 132/400
Job 345: 133/400
Job 345: 134/400
Job 345: 135/400
Job 345: 136/400
Job 345: 137/400
Job 345: 138/400
Job 345: 139/400
Job 345: 140/400
Job 345: 141/400
Job 345: 142/400
Job 345: 143/400
Job 345: 144/400
Job 345: 145/400
Job 345: 146/400
Job 345: 147/400
Job 345: 148/400
Job 345: 149/400
Job 345: 150/400
Job 345: 151/400
Job 345: 152/400
Job 345: 153/400
Job 345: 154/400
Job 345: 155/400
Job 345: 156/400
Job 345: 157/400
Job 345: 158/400
Job 345: 159/400
Job 345: 160/400
Job 345: 161/400
Job 345: 162/400
Job 345: 163/400
Job 345: 164/400
Job 345: 165/400
Job 345: 166/400
Job 345: 167/400
Job 345: 168/400
Job 345: 169/400
Job 345: 170/400
Job 345: 171/400
Job 345: 172/400
Job 345: 173/400
Job 345: 174/400
Job 345: 175/400
Job 345: 176/400
Job 345: 177/400
Job 345: 178/400
Job 345: 179/400
Job 345: 180/400
Job 345: 181/400
Job 345: 182/400
Job 345: 183/400
Job 345: 184/400
Job 345: 185/400
Job 345: 186/400
Job 345: 187/400
Job 345: 188/400
Job 345: 189/400
Job 345: 190/400
Job 345: 191/400
Job 345: 192/400
Job 345: 193/400
Job 345: 194/400
Job 345: 195/400
Job 345: 196/400
Job 345: 197/400
Job 345: 198/400
Job 345: 199/400
Job 345: 200/400
Job 345: 201/400
Job 345: 202/400
Job 345: 203/400
Job 345: 204/400
Job 345: 205/400
Job 345: 206/400
Job 345: 207/400
Job 345: 208/400
Job 345: 209/400
Job 345: 210/400
Job 345: 211/400
Job 345: 212/400
Job 345: 213/400
Job 345: 214/400
Job 345: 215/400
Job 345: 216/400
Job 345: 217/400
Job 345: 218/400
Job 345: 219/400
Job 345: 220/400
Job 345: 221/400
Job 345: 222/400
Job 345: 223/400
Job 345: 224/400
Job 345: 225/400
Job 345: 226/400
Job 345: 227/400
Job 345: 228/400
Job 345: 229/400
Job 345: 230/400
Job 345: 231/400
Job 345: 232/400
Job 345: 233/400
Job 345: 234/400
Job 345: 235/400
Job 345: 236/400
Job 345: 237/400
Job 345: 238/400
Job 345: 239/400
Job 345: 240/400
Job 345: 241/400
Job 345: 242/400
Job 345: 243/400
Job 345: 244/400
Job 345: 245/400
Job 345: 246/400
Job 345: 247/400
Job 345: 248/400
Job 345: 249/400
Job 345: 250/400
Job 345: 251/400
Job 345: 252/400
Job 345: 253/400
Job 345: 254/400
Job 345: 255/400
Job 345: 256/400
Job 345: 257/400
Job 345: 258/400
Job 345: 259/400
Job 345: 260/400
Job 345: 261/400
Job 345: 262/400
Job 345: 263/400
Job 345: 264/400
Job 345: 265/400
Job 345: 266/400
Job 345: 267/400
Job 345: 268/400
Job 345: 269/400
Job 345: 270/400
Job 345: 271/400
Job 345: 272/400
Job 345: 273/400
Job 345: 274/400
Job 345: 275/400
Job 345: 276/400
Job 345: 277/400
Job 345: 278/400
Job 345: 279/400
Job 345: 280/400
Job 345: 281/400
Job 345: 282/400
Job 345: 283/400
Job 345: 284/400
Job 345: 285/400
Job 345: 286/400
Job 345: 287/400
Job 345: 288/400
Job 345: 289/400
Job 345: 290/400
Job 345: 291/400
Job 345: 292/400
Job 345: 293/400
Job 345: 294/400
Job 345: 295/400
Job 345: 296/400
Job 345: 297/400
Job 345: 298/400
Job 345: 299/400
Job 345: 300/400
Job 345: 301/400
Job 345: 302/400
Job 345: 303/400
Job 345: 304/400
Job 345: 305/400
Job 345: 306/400
Job 345: 307/400
Job 345: 308/400
Job 345: 309/400
Job 345: 310/400
Job 345: 311/400
Job 345: 312/400
Job 345: 313/400
Job 345: 314/400
Job 345: 315/400
Job 345: 316/400
Job 345: 317/400
Job 345: 318/400
Job 345: 319/400
Job 345: 320/400
Job 345: 321/400
Job 345: 322/400
Job 345: 323/400
Job 345: 324/400
Job 345: 325/400
Job 345: 326/400
Job 345: 327/400
Job 345: 328/400
Job 345: 329/400
Job 345: 330/400
Job 345: 331/400
Job 345: 332/400
Job 345: 333/400
Job 345: 334/400
Job 345: 335/400
Job 345: 336/400
Job 345: 337/400
Job 345: 338/400
Job 345: 339/400
Job 345: 340/400
Job 345: 341/400
Job 345: 342/400
Job 345: 343/400
Job 345: 344/400
Job 345: 345/400
Job 345: 346/400
Job 345: 347/400
Job 345: 348/400
Job 345: 349/400
Job 345: 350/400
Job 345: 351/400
Job 345: 352/400
Job 345: 353/400
Job 345: 354/400
Job 345: 355/400
Job 345: 356/400
Job 345: 357/400
Job 345: 358/400
Job 345: 359/400
Job 345: 360/400
Job 345: 361/400
Job 345: 362/400
Job 345: 363/400
Job 345: 364/400
Job 345: 365/400
Job 345: 366/400
Job 345: 367/400
Job 345: 368/400
Job 345: 369/400
Job 345: 370/400
Job 345: 371/400
Job 345: 372/400
Job 345: 373/400
Job 345: 374/400
Job 345: 375/400
Job 345: 376/400
Job 345: 377/400
Job 345: 378/400
Job 345: 379/400
Job 345: 380/400
Job 345: 381/400
Job 345: 382/400
Job 345: 383/400
Job 345: 384/400
Job 345: 385/400
Job 345: 386/400
Job 345: 387/400
Job 345: 388/400
Job 345: 389/400
Job 345: 390/400
Job 345: 391/400
Job 345: 392/400
Job 345: 393/400
Job 345: 394/400
Job 345: 395/400
Job 345: 396/400
Job 345: 397/400
Job 345: 398/400
Job 345: 399/400
Job 345: 400/400
