Registered S3 methods overwritten by 'susieSlide':
  method              from  
  coef.susie          susieR
  predict.susie       susieR
  print.summary.susie susieR
  summary.susie       susieR
Job 658: 1/400
Job 658: 2/400
Job 658: 3/400
Job 658: 4/400
Job 658: 5/400
Job 658: 6/400
Job 658: 7/400
Job 658: 8/400
Job 658: 9/400
Job 658: 10/400
Job 658: 11/400
Job 658: 12/400
Job 658: 13/400
Job 658: 14/400
Job 658: 15/400
Job 658: 16/400
Job 658: 17/400
Job 658: 18/400
Job 658: 19/400
Job 658: 20/400 ERROR: No .raw files found in temp_dir.
Job 658: 21/400 ERROR: No .raw files found in temp_dir.
Job 658: 22/400 ERROR: No .raw files found in temp_dir.
Job 658: 23/400 ERROR: No .raw files found in temp_dir.
Job 658: 24/400 ERROR: No .raw files found in temp_dir.
Job 658: 25/400 ERROR: No .raw files found in temp_dir.
Job 658: 26/400 ERROR: No .raw files found in temp_dir.
Job 658: 27/400 ERROR: No .raw files found in temp_dir.
Job 658: 28/400 ERROR: No .raw files found in temp_dir.
Job 658: 29/400 ERROR: No .raw files found in temp_dir.
Job 658: 30/400 ERROR: No .raw files found in temp_dir.
Job 658: 31/400 ERROR: No .raw files found in temp_dir.
Job 658: 32/400 ERROR: No .raw files found in temp_dir.
Job 658: 33/400 ERROR: No .raw files found in temp_dir.
Job 658: 34/400 ERROR: No .raw files found in temp_dir.
Job 658: 35/400 ERROR: No .raw files found in temp_dir.
Job 658: 36/400 ERROR: No .raw files found in temp_dir.
Job 658: 37/400 ERROR: No .raw files found in temp_dir.
Job 658: 38/400 ERROR: No .raw files found in temp_dir.
Job 658: 39/400 ERROR: No .raw files found in temp_dir.
Job 658: 40/400 ERROR: No .raw files found in temp_dir.
Job 658: 41/400 ERROR: No .raw files found in temp_dir.
Job 658: 42/400 ERROR: No .raw files found in temp_dir.
Job 658: 43/400 ERROR: No .raw files found in temp_dir.
Job 658: 44/400 ERROR: No .raw files found in temp_dir.
Job 658: 45/400 ERROR: No .raw files found in temp_dir.
Job 658: 46/400 ERROR: No .raw files found in temp_dir.
Job 658: 47/400 ERROR: No .raw files found in temp_dir.
Job 658: 48/400 ERROR: No .raw files found in temp_dir.
Job 658: 49/400 ERROR: No .raw files found in temp_dir.
Job 658: 50/400 ERROR: No .raw files found in temp_dir.
Job 658: 51/400 ERROR: No .raw files found in temp_dir.
Job 658: 52/400 ERROR: No .raw files found in temp_dir.
Job 658: 53/400 ERROR: No .raw files found in temp_dir.
Job 658: 54/400 ERROR: No .raw files found in temp_dir.
Job 658: 55/400 ERROR: No .raw files found in temp_dir.
Job 658: 56/400 ERROR: No .raw files found in temp_dir.
Job 658: 57/400 ERROR: No .raw files found in temp_dir.
Job 658: 58/400 ERROR: No .raw files found in temp_dir.
Job 658: 59/400 ERROR: No .raw files found in temp_dir.
Job 658: 60/400 ERROR: No .raw files found in temp_dir.
Job 658: 61/400 ERROR: No .raw files found in temp_dir.
Job 658: 62/400 ERROR: No .raw files found in temp_dir.
Job 658: 63/400 ERROR: No .raw files found in temp_dir.
Job 658: 64/400 ERROR: No .raw files found in temp_dir.
Job 658: 65/400 ERROR: No .raw files found in temp_dir.
Job 658: 66/400 ERROR: No .raw files found in temp_dir.
Job 658: 67/400 ERROR: No .raw files found in temp_dir.
Job 658: 68/400 ERROR: No .raw files found in temp_dir.
Job 658: 69/400 ERROR: No .raw files found in temp_dir.
Job 658: 70/400 ERROR: No .raw files found in temp_dir.
Job 658: 71/400 ERROR: No .raw files found in temp_dir.
Job 658: 72/400 ERROR: No .raw files found in temp_dir.
Job 658: 73/400 ERROR: No .raw files found in temp_dir.
Job 658: 74/400 ERROR: No .raw files found in temp_dir.
Job 658: 75/400 ERROR: No .raw files found in temp_dir.
Job 658: 76/400 ERROR: No .raw files found in temp_dir.
Job 658: 77/400 ERROR: No .raw files found in temp_dir.
Job 658: 78/400 ERROR: No .raw files found in temp_dir.
Job 658: 79/400 ERROR: No .raw files found in temp_dir.
Job 658: 80/400 ERROR: No .raw files found in temp_dir.
Job 658: 81/400 ERROR: No .raw files found in temp_dir.
Job 658: 82/400 ERROR: No .raw files found in temp_dir.
Job 658: 83/400 ERROR: No .raw files found in temp_dir.
Job 658: 84/400 ERROR: No .raw files found in temp_dir.
Job 658: 85/400 ERROR: No .raw files found in temp_dir.
Job 658: 86/400 ERROR: No .raw files found in temp_dir.
Job 658: 87/400 ERROR: No .raw files found in temp_dir.
Job 658: 88/400 ERROR: No .raw files found in temp_dir.
Job 658: 89/400 ERROR: No .raw files found in temp_dir.
Job 658: 90/400 ERROR: Not enough donors for the requested n.
Job 658: 91/400
Job 658: 92/400
Job 658: 93/400
Job 658: 94/400
Job 658: 95/400
Job 658: 96/400
Job 658: 97/400
Job 658: 98/400
Job 658: 99/400
Job 658: 100/400
Job 658: 101/400
Job 658: 102/400
Job 658: 103/400
Job 658: 104/400
Job 658: 105/400
Job 658: 106/400
Job 658: 107/400
Job 658: 108/400
Job 658: 109/400
Job 658: 110/400
Job 658: 111/400
Job 658: 112/400
Job 658: 113/400
Job 658: 114/400
Job 658: 115/400 ERROR: No .raw files found in temp_dir.
Job 658: 116/400 ERROR: No .raw files found in temp_dir.
Job 658: 117/400 ERROR: No .raw files found in temp_dir.
Job 658: 118/400 ERROR: No .raw files found in temp_dir.
Job 658: 119/400 ERROR: No .raw files found in temp_dir.
Job 658: 120/400 ERROR: No .raw files found in temp_dir.
Job 658: 121/400 ERROR: No .raw files found in temp_dir.
Job 658: 122/400 ERROR: No .raw files found in temp_dir.
Job 658: 123/400 ERROR: No .raw files found in temp_dir.
Job 658: 124/400 ERROR: No .raw files found in temp_dir.
Job 658: 125/400 ERROR: No .raw files found in temp_dir.
Job 658: 126/400 ERROR: No .raw files found in temp_dir.
Job 658: 127/400 ERROR: No .raw files found in temp_dir.
Job 658: 128/400 ERROR: No .raw files found in temp_dir.
Job 658: 129/400 ERROR: No .raw files found in temp_dir.
Job 658: 130/400 ERROR: No .raw files found in temp_dir.
Job 658: 131/400 ERROR: No .raw files found in temp_dir.
Job 658: 132/400 ERROR: No .raw files found in temp_dir.
Job 658: 133/400 ERROR: No .raw files found in temp_dir.
Job 658: 134/400 ERROR: No .raw files found in temp_dir.
Job 658: 135/400 ERROR: No .raw files found in temp_dir.
Job 658: 136/400 ERROR: No .raw files found in temp_dir.
Job 658: 137/400 ERROR: No .raw files found in temp_dir.
Job 658: 138/400 ERROR: No .raw files found in temp_dir.
Job 658: 139/400 ERROR: No .raw files found in temp_dir.
Job 658: 140/400 ERROR: No .raw files found in temp_dir.
Job 658: 141/400 ERROR: No .raw files found in temp_dir.
Job 658: 142/400 ERROR: No .raw files found in temp_dir.
Job 658: 143/400 ERROR: No .raw files found in temp_dir.
Job 658: 144/400 ERROR: No .raw files found in temp_dir.
Job 658: 145/400 ERROR: No .raw files found in temp_dir.
Job 658: 146/400 ERROR: No .raw files found in temp_dir.
Job 658: 147/400 ERROR: No .raw files found in temp_dir.
Job 658: 148/400 ERROR: No .raw files found in temp_dir.
Job 658: 149/400 ERROR: No .raw files found in temp_dir.
Job 658: 150/400 ERROR: No .raw files found in temp_dir.
Job 658: 151/400 ERROR: No .raw files found in temp_dir.
Job 658: 152/400 ERROR: No .raw files found in temp_dir.
Job 658: 153/400 ERROR: No .raw files found in temp_dir.
Job 658: 154/400 ERROR: No .raw files found in temp_dir.
Job 658: 155/400 ERROR: No .raw files found in temp_dir.
Job 658: 156/400 ERROR: No .raw files found in temp_dir.
Job 658: 157/400 ERROR: No .raw files found in temp_dir.
Job 658: 158/400 ERROR: No .raw files found in temp_dir.
Job 658: 159/400 ERROR: No .raw files found in temp_dir.
Job 658: 160/400 ERROR: No .raw files found in temp_dir.
Job 658: 161/400 ERROR: No .raw files found in temp_dir.
Job 658: 162/400 ERROR: No .raw files found in temp_dir.
Job 658: 163/400 ERROR: No .raw files found in temp_dir.
Job 658: 164/400 ERROR: No .raw files found in temp_dir.
Job 658: 165/400 ERROR: No .raw files found in temp_dir.
Job 658: 166/400 ERROR: No .raw files found in temp_dir.
Job 658: 167/400 ERROR: No .raw files found in temp_dir.
Job 658: 168/400 ERROR: No .raw files found in temp_dir.
Job 658: 169/400 ERROR: No .raw files found in temp_dir.
Job 658: 170/400 ERROR: No .raw files found in temp_dir.
Job 658: 171/400 ERROR: No .raw files found in temp_dir.
Job 658: 172/400 ERROR: No .raw files found in temp_dir.
Job 658: 173/400 ERROR: No .raw files found in temp_dir.
Job 658: 174/400 ERROR: No .raw files found in temp_dir.
Job 658: 175/400
Job 658: 176/400
Job 658: 177/400
Job 658: 178/400
Job 658: 179/400
Job 658: 180/400
Job 658: 181/400
Job 658: 182/400
Job 658: 183/400
Job 658: 184/400
Job 658: 185/400
Job 658: 186/400
Job 658: 187/400
Job 658: 188/400
Job 658: 189/400
Job 658: 190/400
Job 658: 191/400
Job 658: 192/400
Job 658: 193/400
Job 658: 194/400
Job 658: 195/400
Job 658: 196/400
Job 658: 197/400
Job 658: 198/400
Job 658: 199/400
Job 658: 200/400
Job 658: 201/400
Job 658: 202/400
Job 658: 203/400 ERROR: No .raw files found in temp_dir.
Job 658: 204/400 ERROR: No .raw files found in temp_dir.
Job 658: 205/400 ERROR: No .raw files found in temp_dir.
Job 658: 206/400 ERROR: No .raw files found in temp_dir.
Job 658: 207/400 ERROR: No .raw files found in temp_dir.
Job 658: 208/400 ERROR: No .raw files found in temp_dir.
Job 658: 209/400 ERROR: No .raw files found in temp_dir.
Job 658: 210/400 ERROR: No .raw files found in temp_dir.
Job 658: 211/400 ERROR: No .raw files found in temp_dir.
Job 658: 212/400 ERROR: No .raw files found in temp_dir.
Job 658: 213/400 ERROR: No .raw files found in temp_dir.
Job 658: 214/400 ERROR: No .raw files found in temp_dir.
Job 658: 215/400 ERROR: No .raw files found in temp_dir.
Job 658: 216/400 ERROR: No .raw files found in temp_dir.
Job 658: 217/400 ERROR: No .raw files found in temp_dir.
Job 658: 218/400 ERROR: No .raw files found in temp_dir.
Job 658: 219/400 ERROR: No .raw files found in temp_dir.
Job 658: 220/400 ERROR: No .raw files found in temp_dir.
Job 658: 221/400 ERROR: No .raw files found in temp_dir.
Job 658: 222/400 ERROR: No .raw files found in temp_dir.
Job 658: 223/400 ERROR: No .raw files found in temp_dir.
Job 658: 224/400 ERROR: No .raw files found in temp_dir.
Job 658: 225/400 ERROR: No .raw files found in temp_dir.
Job 658: 226/400 ERROR: No .raw files found in temp_dir.
Job 658: 227/400 ERROR: No .raw files found in temp_dir.
Job 658: 228/400 ERROR: No .raw files found in temp_dir.
Job 658: 229/400 ERROR: No .raw files found in temp_dir.
Job 658: 230/400 ERROR: No .raw files found in temp_dir.
Job 658: 231/400 ERROR: No .raw files found in temp_dir.
Job 658: 232/400 ERROR: No .raw files found in temp_dir.
Job 658: 233/400 ERROR: No .raw files found in temp_dir.
Job 658: 234/400 ERROR: No .raw files found in temp_dir.
Job 658: 235/400 ERROR: No .raw files found in temp_dir.
Job 658: 236/400 ERROR: No .raw files found in temp_dir.
Job 658: 237/400 ERROR: No .raw files found in temp_dir.
Job 658: 238/400 ERROR: No .raw files found in temp_dir.
Job 658: 239/400 ERROR: No .raw files found in temp_dir.
Job 658: 240/400 ERROR: No .raw files found in temp_dir.
Job 658: 241/400 ERROR: No .raw files found in temp_dir.
Job 658: 242/400 ERROR: No .raw files found in temp_dir.
Job 658: 243/400 ERROR: No .raw files found in temp_dir.
Job 658: 244/400 ERROR: No .raw files found in temp_dir.
Job 658: 245/400 ERROR: No .raw files found in temp_dir.
Job 658: 246/400 ERROR: No .raw files found in temp_dir.
Job 658: 247/400 ERROR: No .raw files found in temp_dir.
Job 658: 248/400 ERROR: No .raw files found in temp_dir.
Job 658: 249/400 ERROR: No .raw files found in temp_dir.
Job 658: 250/400 ERROR: No .raw files found in temp_dir.
Job 658: 251/400 ERROR: No .raw files found in temp_dir.
Job 658: 252/400 ERROR: No .raw files found in temp_dir.
Job 658: 253/400 ERROR: No .raw files found in temp_dir.
Job 658: 254/400 ERROR: No .raw files found in temp_dir.
Job 658: 255/400 ERROR: No .raw files found in temp_dir.
Job 658: 256/400 ERROR: No .raw files found in temp_dir.
Job 658: 257/400 ERROR: No .raw files found in temp_dir.
Job 658: 258/400 ERROR: No .raw files found in temp_dir.
Job 658: 259/400 ERROR: No .raw files found in temp_dir.
Job 658: 260/400 ERROR: No .raw files found in temp_dir.
Job 658: 261/400 ERROR: No .raw files found in temp_dir.
Job 658: 262/400 ERROR: No .raw files found in temp_dir.
Job 658: 263/400 ERROR: No .raw files found in temp_dir.
Job 658: 264/400 ERROR: No .raw files found in temp_dir.
Job 658: 265/400 ERROR: No .raw files found in temp_dir.
Job 658: 266/400 ERROR: No .raw files found in temp_dir.
Job 658: 267/400 ERROR: No .raw files found in temp_dir.
Job 658: 268/400 ERROR: No .raw files found in temp_dir.
Job 658: 269/400 ERROR: No .raw files found in temp_dir.
Job 658: 270/400 ERROR: No .raw files found in temp_dir.
Job 658: 271/400 ERROR: No .raw files found in temp_dir.
Job 658: 272/400 ERROR: No .raw files found in temp_dir.
Job 658: 273/400 ERROR: No .raw files found in temp_dir.
Job 658: 274/400 ERROR: No .raw files found in temp_dir.
Job 658: 275/400 ERROR: No .raw files found in temp_dir.
Job 658: 276/400 ERROR: No .raw files found in temp_dir.
Job 658: 277/400 ERROR: No .raw files found in temp_dir.
Job 658: 278/400 ERROR: No .raw files found in temp_dir.
Job 658: 279/400 ERROR: No .raw files found in temp_dir.
Job 658: 280/400 ERROR: No .raw files found in temp_dir.
Job 658: 281/400 ERROR: No .raw files found in temp_dir.
Job 658: 282/400 ERROR: No .raw files found in temp_dir.
Job 658: 283/400 ERROR: No .raw files found in temp_dir.
Job 658: 284/400 ERROR: No .raw files found in temp_dir.
Job 658: 285/400 ERROR: No .raw files found in temp_dir.
Job 658: 286/400 ERROR: No .raw files found in temp_dir.
Job 658: 287/400 ERROR: No .raw files found in temp_dir.
Job 658: 288/400 ERROR: No .raw files found in temp_dir.
Job 658: 289/400 ERROR: No .raw files found in temp_dir.
Job 658: 290/400 ERROR: No .raw files found in temp_dir.
Job 658: 291/400 ERROR: No .raw files found in temp_dir.
Job 658: 292/400 ERROR: No .raw files found in temp_dir.
Job 658: 293/400 ERROR: No .raw files found in temp_dir.
Job 658: 294/400 ERROR: No .raw files found in temp_dir.
Job 658: 295/400 ERROR: No .raw files found in temp_dir.
Job 658: 296/400 ERROR: No .raw files found in temp_dir.
Job 658: 297/400 ERROR: No .raw files found in temp_dir.
Job 658: 298/400 ERROR: No .raw files found in temp_dir.
Job 658: 299/400 ERROR: No .raw files found in temp_dir.
Job 658: 300/400 ERROR: No .raw files found in temp_dir.
Job 658: 301/400 ERROR: No .raw files found in temp_dir.
Job 658: 302/400 ERROR: No .raw files found in temp_dir.
Job 658: 303/400 ERROR: No .raw files found in temp_dir.
Job 658: 304/400 ERROR: No .raw files found in temp_dir.
Job 658: 305/400 ERROR: No .raw files found in temp_dir.
Job 658: 306/400 ERROR: No .raw files found in temp_dir.
Job 658: 307/400 ERROR: No .raw files found in temp_dir.
Job 658: 308/400 ERROR: No .raw files found in temp_dir.
Job 658: 309/400 ERROR: No .raw files found in temp_dir.
Job 658: 310/400 ERROR: No .raw files found in temp_dir.
Job 658: 311/400 ERROR: No .raw files found in temp_dir.
Job 658: 312/400 ERROR: No .raw files found in temp_dir.
Job 658: 313/400 ERROR: No .raw files found in temp_dir.
Job 658: 314/400 ERROR: No .raw files found in temp_dir.
Job 658: 315/400 ERROR: No .raw files found in temp_dir.
Job 658: 316/400 ERROR: No .raw files found in temp_dir.
Job 658: 317/400 ERROR: No .raw files found in temp_dir.
Job 658: 318/400 ERROR: No .raw files found in temp_dir.
Job 658: 319/400 ERROR: No .raw files found in temp_dir.
Job 658: 320/400 ERROR: No .raw files found in temp_dir.
Job 658: 321/400 ERROR: No .raw files found in temp_dir.
Job 658: 322/400 ERROR: No .raw files found in temp_dir.
Job 658: 323/400 ERROR: No .raw files found in temp_dir.
Job 658: 324/400 ERROR: No .raw files found in temp_dir.
Job 658: 325/400 ERROR: No .raw files found in temp_dir.
Job 658: 326/400 ERROR: No .raw files found in temp_dir.
Job 658: 327/400 ERROR: No .raw files found in temp_dir.
Job 658: 328/400 ERROR: No .raw files found in temp_dir.
Job 658: 329/400 ERROR: No .raw files found in temp_dir.
Job 658: 330/400 ERROR: No .raw files found in temp_dir.
Job 658: 331/400 ERROR: No .raw files found in temp_dir.
Job 658: 332/400 ERROR: No .raw files found in temp_dir.
Job 658: 333/400 ERROR: No .raw files found in temp_dir.
Job 658: 334/400 ERROR: No .raw files found in temp_dir.
Job 658: 335/400 ERROR: No .raw files found in temp_dir.
Job 658: 336/400 ERROR: No .raw files found in temp_dir.
Job 658: 337/400 ERROR: No .raw files found in temp_dir.
Job 658: 338/400 ERROR: No .raw files found in temp_dir.
Job 658: 339/400 ERROR: No .raw files found in temp_dir.
Job 658: 340/400 ERROR: No .raw files found in temp_dir.
Job 658: 341/400 ERROR: No .raw files found in temp_dir.
Job 658: 342/400 ERROR: No .raw files found in temp_dir.
Job 658: 343/400 ERROR: No .raw files found in temp_dir.
Job 658: 344/400 ERROR: No .raw files found in temp_dir.
Job 658: 345/400 ERROR: No .raw files found in temp_dir.
Job 658: 346/400 ERROR: No .raw files found in temp_dir.
Job 658: 347/400 ERROR: No .raw files found in temp_dir.
Job 658: 348/400 ERROR: No .raw files found in temp_dir.
Job 658: 349/400 ERROR: No .raw files found in temp_dir.
Job 658: 350/400 ERROR: No .raw files found in temp_dir.
Job 658: 351/400 ERROR: No .raw files found in temp_dir.
Job 658: 352/400 ERROR: No .raw files found in temp_dir.
Job 658: 353/400 ERROR: No .raw files found in temp_dir.
Job 658: 354/400 ERROR: No .raw files found in temp_dir.
Job 658: 355/400 ERROR: No .raw files found in temp_dir.
Job 658: 356/400 ERROR: No .raw files found in temp_dir.
Job 658: 357/400 ERROR: No .raw files found in temp_dir.
Job 658: 358/400 ERROR: No .raw files found in temp_dir.
Job 658: 359/400 ERROR: No .raw files found in temp_dir.
Job 658: 360/400 ERROR: No .raw files found in temp_dir.
Job 658: 361/400 ERROR: No .raw files found in temp_dir.
Job 658: 362/400 ERROR: No .raw files found in temp_dir.
Job 658: 363/400 ERROR: No .raw files found in temp_dir.
Job 658: 364/400 ERROR: No .raw files found in temp_dir.
Job 658: 365/400 ERROR: No .raw files found in temp_dir.
Job 658: 366/400 ERROR: No .raw files found in temp_dir.
Job 658: 367/400 ERROR: No .raw files found in temp_dir.
Job 658: 368/400 ERROR: No .raw files found in temp_dir.
Job 658: 369/400 ERROR: No .raw files found in temp_dir.
Job 658: 370/400 ERROR: No .raw files found in temp_dir.
Job 658: 371/400 ERROR: No .raw files found in temp_dir.
Job 658: 372/400 ERROR: No .raw files found in temp_dir.
Job 658: 373/400 ERROR: No .raw files found in temp_dir.
Job 658: 374/400 ERROR: No .raw files found in temp_dir.
Job 658: 375/400 ERROR: No .raw files found in temp_dir.
Job 658: 376/400 ERROR: No .raw files found in temp_dir.
Job 658: 377/400 ERROR: No .raw files found in temp_dir.
Job 658: 378/400 ERROR: No .raw files found in temp_dir.
Job 658: 379/400 ERROR: No .raw files found in temp_dir.
Job 658: 380/400 ERROR: No .raw files found in temp_dir.
Job 658: 381/400 ERROR: No .raw files found in temp_dir.
Job 658: 382/400 ERROR: No .raw files found in temp_dir.
Job 658: 383/400 ERROR: No .raw files found in temp_dir.
Job 658: 384/400 ERROR: No .raw files found in temp_dir.
Job 658: 385/400 ERROR: No .raw files found in temp_dir.
Job 658: 386/400 ERROR: No .raw files found in temp_dir.
Job 658: 387/400 ERROR: No .raw files found in temp_dir.
Job 658: 388/400 ERROR: No .raw files found in temp_dir.
Job 658: 389/400 ERROR: No .raw files found in temp_dir.
Job 658: 390/400 ERROR: No .raw files found in temp_dir.
Job 658: 391/400 ERROR: No .raw files found in temp_dir.
Job 658: 392/400 ERROR: No .raw files found in temp_dir.
Job 658: 393/400 ERROR: No .raw files found in temp_dir.
Job 658: 394/400 ERROR: No .raw files found in temp_dir.
Job 658: 395/400 ERROR: No .raw files found in temp_dir.
Job 658: 396/400 ERROR: No .raw files found in temp_dir.
Job 658: 397/400 ERROR: No .raw files found in temp_dir.
Job 658: 398/400 ERROR: No .raw files found in temp_dir.
Job 658: 399/400 ERROR: No .raw files found in temp_dir.
Job 658: 400/400 ERROR: No .raw files found in temp_dir.
Warning messages:
1: In data.table::fread(raw_file, data.table = FALSE) :
  Discarded single-line footer: <<0	GTEX-17JCI	0	0	0	-9	2	2	2	2	2	0	2	2	2	2	2	2	0	2	2	2	2	2	2	2	2	2	2	2	2	2	2	2	0	2	0	2	2	2	0	2	2	0	2	2	2	2	2	2	2	2	2	2	2	2	2	2	2	2	2	0	2	2	2	2	2	2	2	2	2	2	2	2	2	2	2	2	2	0	2	2	2	0	2	2	2	2	2	2	2	2	2	2	2	2	0	2	2	2	2	2	2	2	2	2	2	2	2	2	0	2	2	2	2	2	2	2	2	0	2	2	2	2	2	2	2	2	2	2	2	2	2	2	2	0	2	2	2	2	2	2	2	2	0	2	0	2	0	2	2	2	2	2	2	2	2	2	2	2	2	2	2	2	2	2	2	2	2	2	2	2	2	2	2	2	2	2	2	2	2	2	2	2	2	2	2	2	2	2	2	2	2	2	2	2	2	2	2	2	2	2	2	2	2	2	2	2	2	2	2	2	2	2	2	2	2	2	2	2	2	2	2	2	2	2	2	2	2	2	2	2	2	2	2	2	2	2	2	2	2	2	2	2	2	>>
2: In data.table::fread(raw_file, data.table = FALSE) :
  Discarded single-line footer: <<0	GTEX-X638	0	0	0	-9	2	2	1	2	2	2	2	2	2	2	2	2	2	2	2	2	2	2	2	2	2	2	1	1	1	2	2	2	2	2	1	2	2	2	2	2	2	2	2	2	2	2	2	2	2	2	2	2	2	2	2	2	1	2	2	2	2	2	2	2	2	2	2	2	2	2	2	2	2	2	2	2	2	2	2	2	2	1	2	2	2	2	2	2	2	2	2	2	2	2	2	2	2	2	1	2	2	2	2	2	2	2	2	1	2	1	2	2	2	2	2	2	2	2	2	2	2	2	2	2	2	2	2	2	2	2	2	2	2	2	2	2	2	2	2	1	2	2	2	2	2	2	2	2	2	2	2	2	1	2	1	1	2	2	2	2	2	2	2	2	2	2	2	2	1	2	2	2	2	2	2	2	2	2	2	2	2	2	2	2	2	2	1	2	2	1	2	2	1	0	2	2	2	2	2	2	2	2	2	2	2	2	2	2	2	2	2	2	2	2	2	2	2	2	1	2	2	2	2	2	2	2	1	2	2	2	2	2	2	2	2	2	2	2	2	2	2	2	2	2>>
