Registered S3 methods overwritten by 'susieSlide':
  method              from  
  coef.susie          susieR
  predict.susie       susieR
  print.summary.susie susieR
  summary.susie       susieR
Job 106: 1/400
Job 106: 2/400
Job 106: 3/400
Job 106: 4/400
Job 106: 5/400
Job 106: 6/400
Job 106: 7/400
Job 106: 8/400
Job 106: 9/400
Job 106: 10/400
Job 106: 11/400
Job 106: 12/400
Job 106: 13/400
Job 106: 14/400
Job 106: 15/400
Job 106: 16/400
Job 106: 17/400
Job 106: 18/400
Job 106: 19/400
Job 106: 20/400
Job 106: 21/400
Job 106: 22/400
Job 106: 23/400
Job 106: 24/400
Job 106: 25/400
Job 106: 26/400
Job 106: 27/400
Job 106: 28/400
Job 106: 29/400
Job 106: 30/400
Job 106: 31/400
Job 106: 32/400
Job 106: 33/400
Job 106: 34/400
Job 106: 35/400
Job 106: 36/400
Job 106: 37/400
Job 106: 38/400
Job 106: 39/400
Job 106: 40/400
Job 106: 41/400
Job 106: 42/400
Job 106: 43/400
Job 106: 44/400
Job 106: 45/400
Job 106: 46/400
Job 106: 47/400
Job 106: 48/400
Job 106: 49/400
Job 106: 50/400
Job 106: 51/400
Job 106: 52/400
Job 106: 53/400
Job 106: 54/400
Job 106: 55/400
Job 106: 56/400
Job 106: 57/400
Job 106: 58/400
Job 106: 59/400
Job 106: 60/400
Job 106: 61/400
Job 106: 62/400
Job 106: 63/400
Job 106: 64/400
Job 106: 65/400
Job 106: 66/400
Job 106: 67/400
Job 106: 68/400
Job 106: 69/400
Job 106: 70/400
Job 106: 71/400
Job 106: 72/400
Job 106: 73/400
Job 106: 74/400
Job 106: 75/400
Job 106: 76/400
Job 106: 77/400
Job 106: 78/400
Job 106: 79/400
Job 106: 80/400
Job 106: 81/400
Job 106: 82/400
Job 106: 83/400
Job 106: 84/400
Job 106: 85/400
Job 106: 86/400
Job 106: 87/400
Job 106: 88/400
Job 106: 89/400
Job 106: 90/400
Job 106: 91/400
Job 106: 92/400
Job 106: 93/400
Job 106: 94/400
Job 106: 95/400
Job 106: 96/400
Job 106: 97/400
Job 106: 98/400
Job 106: 99/400
Job 106: 100/400
Job 106: 101/400
Job 106: 102/400
Job 106: 103/400
Job 106: 104/400
Job 106: 105/400
Job 106: 106/400
Job 106: 107/400
Job 106: 108/400
Job 106: 109/400
Job 106: 110/400
Job 106: 111/400
Job 106: 112/400
Job 106: 113/400
Job 106: 114/400
Job 106: 115/400
Job 106: 116/400
Job 106: 117/400
Job 106: 118/400
Job 106: 119/400
Job 106: 120/400
Job 106: 121/400
Job 106: 122/400
Job 106: 123/400
Job 106: 124/400
Job 106: 125/400
Job 106: 126/400
Job 106: 127/400
Job 106: 128/400
Job 106: 129/400
Job 106: 130/400
Job 106: 131/400
Job 106: 132/400
Job 106: 133/400
Job 106: 134/400
Job 106: 135/400
Job 106: 136/400
Job 106: 137/400
Job 106: 138/400
Job 106: 139/400
Job 106: 140/400
Job 106: 141/400
Job 106: 142/400
Job 106: 143/400
Job 106: 144/400
Job 106: 145/400
Job 106: 146/400
Job 106: 147/400
Job 106: 148/400
Job 106: 149/400
Job 106: 150/400
Job 106: 151/400
Job 106: 152/400
Job 106: 153/400
Job 106: 154/400
Job 106: 155/400
Job 106: 156/400
Job 106: 157/400
Job 106: 158/400
Job 106: 159/400
Job 106: 160/400
Job 106: 161/400
Job 106: 162/400
Job 106: 163/400
Job 106: 164/400
Job 106: 165/400
Job 106: 166/400
Job 106: 167/400
Job 106: 168/400
Job 106: 169/400
Job 106: 170/400
Job 106: 171/400
Job 106: 172/400
Job 106: 173/400
Job 106: 174/400
Job 106: 175/400
Job 106: 176/400
Job 106: 177/400
Job 106: 178/400
Job 106: 179/400
Job 106: 180/400
Job 106: 181/400
Job 106: 182/400
Job 106: 183/400
Job 106: 184/400
Job 106: 185/400
Job 106: 186/400
Job 106: 187/400
Job 106: 188/400
Job 106: 189/400
Job 106: 190/400
Job 106: 191/400
Job 106: 192/400
Job 106: 193/400
Job 106: 194/400
Job 106: 195/400
Job 106: 196/400
Job 106: 197/400
Job 106: 198/400
Job 106: 199/400
Job 106: 200/400
Job 106: 201/400
Job 106: 202/400
Job 106: 203/400
Job 106: 204/400
Job 106: 205/400
Job 106: 206/400
Job 106: 207/400
Job 106: 208/400
Job 106: 209/400
Job 106: 210/400
Job 106: 211/400
Job 106: 212/400
Job 106: 213/400
Job 106: 214/400
Job 106: 215/400
Job 106: 216/400
Job 106: 217/400
Job 106: 218/400
Job 106: 219/400
Job 106: 220/400
Job 106: 221/400
Job 106: 222/400
Job 106: 223/400
Job 106: 224/400
Job 106: 225/400
Job 106: 226/400
Job 106: 227/400
Job 106: 228/400
Job 106: 229/400
Job 106: 230/400
Job 106: 231/400
Job 106: 232/400
Job 106: 233/400
Job 106: 234/400
Job 106: 235/400
Job 106: 236/400
Job 106: 237/400
Job 106: 238/400
Job 106: 239/400
Job 106: 240/400
Job 106: 241/400
Job 106: 242/400
Job 106: 243/400
Job 106: 244/400
Job 106: 245/400
Job 106: 246/400
Job 106: 247/400
Job 106: 248/400
Job 106: 249/400
Job 106: 250/400
Job 106: 251/400
Job 106: 252/400
Job 106: 253/400
Job 106: 254/400
Job 106: 255/400
Job 106: 256/400
Job 106: 257/400
Job 106: 258/400
Job 106: 259/400
Job 106: 260/400
Job 106: 261/400
Job 106: 262/400
Job 106: 263/400
Job 106: 264/400
Job 106: 265/400
Job 106: 266/400
Job 106: 267/400
Job 106: 268/400
Job 106: 269/400
Job 106: 270/400
Job 106: 271/400
Job 106: 272/400
Job 106: 273/400
Job 106: 274/400
Job 106: 275/400
Job 106: 276/400
Job 106: 277/400
Job 106: 278/400
Job 106: 279/400
Job 106: 280/400
Job 106: 281/400
Job 106: 282/400
Job 106: 283/400
Job 106: 284/400
Job 106: 285/400
Job 106: 286/400
Job 106: 287/400
Job 106: 288/400
Job 106: 289/400
Job 106: 290/400
Job 106: 291/400
Job 106: 292/400
Job 106: 293/400
Job 106: 294/400
Job 106: 295/400
Job 106: 296/400
Job 106: 297/400
Job 106: 298/400
Job 106: 299/400
Job 106: 300/400
Job 106: 301/400
Job 106: 302/400
Job 106: 303/400
Job 106: 304/400
Job 106: 305/400
Job 106: 306/400
Job 106: 307/400
Job 106: 308/400
Job 106: 309/400
Job 106: 310/400
Job 106: 311/400
Job 106: 312/400
Job 106: 313/400
Job 106: 314/400
Job 106: 315/400
Job 106: 316/400
Job 106: 317/400
Job 106: 318/400
Job 106: 319/400
Job 106: 320/400
Job 106: 321/400
Job 106: 322/400
Job 106: 323/400
Job 106: 324/400
Job 106: 325/400
Job 106: 326/400
Job 106: 327/400
Job 106: 328/400
Job 106: 329/400
Job 106: 330/400
Job 106: 331/400
Job 106: 332/400
Job 106: 333/400
Job 106: 334/400
Job 106: 335/400
Job 106: 336/400
Job 106: 337/400
Job 106: 338/400
Job 106: 339/400
Job 106: 340/400
Job 106: 341/400
Job 106: 342/400
Job 106: 343/400
Job 106: 344/400
Job 106: 345/400
Job 106: 346/400
Job 106: 347/400
Job 106: 348/400
Job 106: 349/400
Job 106: 350/400
Job 106: 351/400
Job 106: 352/400
Job 106: 353/400
Job 106: 354/400
Job 106: 355/400
Job 106: 356/400
Job 106: 357/400
Job 106: 358/400
Job 106: 359/400
Job 106: 360/400
Job 106: 361/400
Job 106: 362/400
Job 106: 363/400
Job 106: 364/400
Job 106: 365/400
Job 106: 366/400
Job 106: 367/400
Job 106: 368/400
Job 106: 369/400
Job 106: 370/400
Job 106: 371/400
Job 106: 372/400
Job 106: 373/400
Job 106: 374/400
Job 106: 375/400
Job 106: 376/400
Job 106: 377/400
Job 106: 378/400
Job 106: 379/400
Job 106: 380/400
Job 106: 381/400
Job 106: 382/400
Job 106: 383/400
Job 106: 384/400
Job 106: 385/400
Job 106: 386/400
Job 106: 387/400
Job 106: 388/400
Job 106: 389/400
Job 106: 390/400
Job 106: 391/400
Job 106: 392/400
Job 106: 393/400
Job 106: 394/400
Job 106: 395/400
Job 106: 396/400
Job 106: 397/400
Job 106: 398/400
Job 106: 399/400
Job 106: 400/400
