Registered S3 methods overwritten by 'susieSlide':
  method              from  
  coef.susie          susieR
  predict.susie       susieR
  print.summary.susie susieR
  summary.susie       susieR
Job 186: 1/400
Job 186: 2/400
Job 186: 3/400
Job 186: 4/400
Job 186: 5/400
Job 186: 6/400
Job 186: 7/400
Job 186: 8/400
Job 186: 9/400
Job 186: 10/400
Job 186: 11/400
Job 186: 12/400
Job 186: 13/400
Job 186: 14/400
Job 186: 15/400
Job 186: 16/400
Job 186: 17/400
Job 186: 18/400
Job 186: 19/400
Job 186: 20/400
Job 186: 21/400
Job 186: 22/400
Job 186: 23/400
Job 186: 24/400
Job 186: 25/400
Job 186: 26/400
Job 186: 27/400
Job 186: 28/400
Job 186: 29/400
Job 186: 30/400
Job 186: 31/400
Job 186: 32/400
Job 186: 33/400
Job 186: 34/400
Job 186: 35/400
Job 186: 36/400
Job 186: 37/400
Job 186: 38/400
Job 186: 39/400
Job 186: 40/400
Job 186: 41/400
Job 186: 42/400
Job 186: 43/400
Job 186: 44/400
Job 186: 45/400
Job 186: 46/400
Job 186: 47/400
Job 186: 48/400
Job 186: 49/400
Job 186: 50/400
Job 186: 51/400
Job 186: 52/400
Job 186: 53/400
Job 186: 54/400
Job 186: 55/400
Job 186: 56/400
Job 186: 57/400
Job 186: 58/400
Job 186: 59/400
Job 186: 60/400
Job 186: 61/400
Job 186: 62/400
Job 186: 63/400
Job 186: 64/400
Job 186: 65/400
Job 186: 66/400
Job 186: 67/400
Job 186: 68/400
Job 186: 69/400
Job 186: 70/400
Job 186: 71/400
Job 186: 72/400
Job 186: 73/400
Job 186: 74/400
Job 186: 75/400
Job 186: 76/400
Job 186: 77/400
Job 186: 78/400
Job 186: 79/400
Job 186: 80/400
Job 186: 81/400
Job 186: 82/400
Job 186: 83/400
Job 186: 84/400
Job 186: 85/400
Job 186: 86/400
Job 186: 87/400
Job 186: 88/400
Job 186: 89/400
Job 186: 90/400
Job 186: 91/400
Job 186: 92/400
Job 186: 93/400
Job 186: 94/400
Job 186: 95/400
Job 186: 96/400
Job 186: 97/400
Job 186: 98/400
Job 186: 99/400
Job 186: 100/400
Job 186: 101/400
Job 186: 102/400
Job 186: 103/400
Job 186: 104/400
Job 186: 105/400
Job 186: 106/400
Job 186: 107/400
Job 186: 108/400
Job 186: 109/400
Job 186: 110/400
Job 186: 111/400
Job 186: 112/400
Job 186: 113/400
Job 186: 114/400
Job 186: 115/400
Job 186: 116/400
Job 186: 117/400
Job 186: 118/400
Job 186: 119/400
Job 186: 120/400
Job 186: 121/400
Job 186: 122/400
Job 186: 123/400
Job 186: 124/400
Job 186: 125/400
Job 186: 126/400
Job 186: 127/400
Job 186: 128/400
Job 186: 129/400
Job 186: 130/400
Job 186: 131/400
Job 186: 132/400
Job 186: 133/400
Job 186: 134/400
Job 186: 135/400
Job 186: 136/400
Job 186: 137/400
Job 186: 138/400
Job 186: 139/400
Job 186: 140/400
Job 186: 141/400
Job 186: 142/400
Job 186: 143/400
Job 186: 144/400
Job 186: 145/400
Job 186: 146/400
Job 186: 147/400
Job 186: 148/400
Job 186: 149/400
Job 186: 150/400
Job 186: 151/400
Job 186: 152/400
Job 186: 153/400
Job 186: 154/400
Job 186: 155/400
Job 186: 156/400
Job 186: 157/400
Job 186: 158/400
Job 186: 159/400
Job 186: 160/400
Job 186: 161/400
Job 186: 162/400
Job 186: 163/400
Job 186: 164/400
Job 186: 165/400
Job 186: 166/400
Job 186: 167/400
Job 186: 168/400
Job 186: 169/400
Job 186: 170/400
Job 186: 171/400
Job 186: 172/400
Job 186: 173/400
Job 186: 174/400
Job 186: 175/400
Job 186: 176/400
Job 186: 177/400
Job 186: 178/400
Job 186: 179/400
Job 186: 180/400
Job 186: 181/400
Job 186: 182/400
Job 186: 183/400
Job 186: 184/400
Job 186: 185/400
Job 186: 186/400
Job 186: 187/400
Job 186: 188/400
Job 186: 189/400
Job 186: 190/400
Job 186: 191/400
Job 186: 192/400
Job 186: 193/400
Job 186: 194/400
Job 186: 195/400
Job 186: 196/400
Job 186: 197/400
Job 186: 198/400
Job 186: 199/400
Job 186: 200/400
Job 186: 201/400
Job 186: 202/400
Job 186: 203/400
Job 186: 204/400
Job 186: 205/400
Job 186: 206/400
Job 186: 207/400
Job 186: 208/400
Job 186: 209/400
Job 186: 210/400
Job 186: 211/400
Job 186: 212/400
Job 186: 213/400
Job 186: 214/400
Job 186: 215/400
Job 186: 216/400
Job 186: 217/400
Job 186: 218/400
Job 186: 219/400
Job 186: 220/400
Job 186: 221/400
Job 186: 222/400
Job 186: 223/400
Job 186: 224/400
Job 186: 225/400
Job 186: 226/400
Job 186: 227/400
Job 186: 228/400
Job 186: 229/400
Job 186: 230/400
Job 186: 231/400
Job 186: 232/400
Job 186: 233/400
Job 186: 234/400
Job 186: 235/400
Job 186: 236/400
Job 186: 237/400
Job 186: 238/400
Job 186: 239/400
Job 186: 240/400
Job 186: 241/400
Job 186: 242/400
Job 186: 243/400
Job 186: 244/400
Job 186: 245/400
Job 186: 246/400
Job 186: 247/400
Job 186: 248/400
Job 186: 249/400
Job 186: 250/400
Job 186: 251/400
Job 186: 252/400
Job 186: 253/400
Job 186: 254/400
Job 186: 255/400
Job 186: 256/400
Job 186: 257/400
Job 186: 258/400
Job 186: 259/400
Job 186: 260/400
Job 186: 261/400
Job 186: 262/400
Job 186: 263/400
Job 186: 264/400
Job 186: 265/400
Job 186: 266/400
Job 186: 267/400
Job 186: 268/400
Job 186: 269/400
Job 186: 270/400
Job 186: 271/400
Job 186: 272/400
Job 186: 273/400
Job 186: 274/400
Job 186: 275/400
Job 186: 276/400
Job 186: 277/400
Job 186: 278/400
Job 186: 279/400
Job 186: 280/400
Job 186: 281/400
Job 186: 282/400
Job 186: 283/400
Job 186: 284/400
Job 186: 285/400
Job 186: 286/400
Job 186: 287/400
Job 186: 288/400
Job 186: 289/400
Job 186: 290/400
Job 186: 291/400
Job 186: 292/400
Job 186: 293/400
Job 186: 294/400
Job 186: 295/400
Job 186: 296/400
Job 186: 297/400
Job 186: 298/400
Job 186: 299/400
Job 186: 300/400
Job 186: 301/400
Job 186: 302/400
Job 186: 303/400
Job 186: 304/400
Job 186: 305/400
Job 186: 306/400
Job 186: 307/400
Job 186: 308/400
Job 186: 309/400
Job 186: 310/400
Job 186: 311/400
Job 186: 312/400
Job 186: 313/400
Job 186: 314/400
Job 186: 315/400
Job 186: 316/400
Job 186: 317/400
Job 186: 318/400
Job 186: 319/400
Job 186: 320/400
Job 186: 321/400
Job 186: 322/400
Job 186: 323/400
Job 186: 324/400
Job 186: 325/400
Job 186: 326/400
Job 186: 327/400
Job 186: 328/400
Job 186: 329/400
Job 186: 330/400
Job 186: 331/400
Job 186: 332/400
Job 186: 333/400
Job 186: 334/400
Job 186: 335/400
Job 186: 336/400
Job 186: 337/400
Job 186: 338/400
Job 186: 339/400
Job 186: 340/400
Job 186: 341/400
Job 186: 342/400
Job 186: 343/400
Job 186: 344/400
Job 186: 345/400
Job 186: 346/400
Job 186: 347/400
Job 186: 348/400
Job 186: 349/400
Job 186: 350/400
Job 186: 351/400
Job 186: 352/400
Job 186: 353/400
Job 186: 354/400
Job 186: 355/400
Job 186: 356/400
Job 186: 357/400
Job 186: 358/400
Job 186: 359/400
Job 186: 360/400
Job 186: 361/400
Job 186: 362/400
Job 186: 363/400
Job 186: 364/400
Job 186: 365/400
Job 186: 366/400
Job 186: 367/400
Job 186: 368/400
Job 186: 369/400
Job 186: 370/400
Job 186: 371/400
Job 186: 372/400
Job 186: 373/400
Job 186: 374/400
Job 186: 375/400
Job 186: 376/400
Job 186: 377/400
Job 186: 378/400
Job 186: 379/400
Job 186: 380/400
Job 186: 381/400
Job 186: 382/400
Job 186: 383/400
Job 186: 384/400
Job 186: 385/400
Job 186: 386/400
Job 186: 387/400
Job 186: 388/400
Job 186: 389/400
Job 186: 390/400
Job 186: 391/400
Job 186: 392/400
Job 186: 393/400
Job 186: 394/400
Job 186: 395/400
Job 186: 396/400
Job 186: 397/400
Job 186: 398/400
Job 186: 399/400
Job 186: 400/400
