Registered S3 methods overwritten by 'susieSlide':
  method              from  
  coef.susie          susieR
  predict.susie       susieR
  print.summary.susie susieR
  summary.susie       susieR
Job 187: 1/400
Job 187: 2/400
Job 187: 3/400
Job 187: 4/400
Job 187: 5/400
Job 187: 6/400
Job 187: 7/400
Job 187: 8/400
Job 187: 9/400
Job 187: 10/400
Job 187: 11/400
Job 187: 12/400
Job 187: 13/400
Job 187: 14/400
Job 187: 15/400
Job 187: 16/400
Job 187: 17/400
Job 187: 18/400
Job 187: 19/400
Job 187: 20/400
Job 187: 21/400
Job 187: 22/400
Job 187: 23/400
Job 187: 24/400
Job 187: 25/400
Job 187: 26/400
Job 187: 27/400
Job 187: 28/400
Job 187: 29/400
Job 187: 30/400
Job 187: 31/400
Job 187: 32/400
Job 187: 33/400
Job 187: 34/400
Job 187: 35/400
Job 187: 36/400
Job 187: 37/400
Job 187: 38/400
Job 187: 39/400
Job 187: 40/400
Job 187: 41/400
Job 187: 42/400
Job 187: 43/400
Job 187: 44/400
Job 187: 45/400
Job 187: 46/400
Job 187: 47/400
Job 187: 48/400
Job 187: 49/400
Job 187: 50/400
Job 187: 51/400
Job 187: 52/400
Job 187: 53/400
Job 187: 54/400
Job 187: 55/400
Job 187: 56/400
Job 187: 57/400
Job 187: 58/400
Job 187: 59/400
Job 187: 60/400
Job 187: 61/400
Job 187: 62/400
Job 187: 63/400
Job 187: 64/400
Job 187: 65/400
Job 187: 66/400
Job 187: 67/400
Job 187: 68/400
Job 187: 69/400
Job 187: 70/400
Job 187: 71/400
Job 187: 72/400
Job 187: 73/400
Job 187: 74/400
Job 187: 75/400
Job 187: 76/400
Job 187: 77/400
Job 187: 78/400
Job 187: 79/400
Job 187: 80/400
Job 187: 81/400
Job 187: 82/400
Job 187: 83/400
Job 187: 84/400
Job 187: 85/400
Job 187: 86/400
Job 187: 87/400
Job 187: 88/400
Job 187: 89/400
Job 187: 90/400
Job 187: 91/400
Job 187: 92/400
Job 187: 93/400
Job 187: 94/400
Job 187: 95/400
Job 187: 96/400
Job 187: 97/400
Job 187: 98/400
Job 187: 99/400
Job 187: 100/400
Job 187: 101/400
Job 187: 102/400
Job 187: 103/400
Job 187: 104/400
Job 187: 105/400
Job 187: 106/400
Job 187: 107/400
Job 187: 108/400
Job 187: 109/400
Job 187: 110/400
Job 187: 111/400
Job 187: 112/400
Job 187: 113/400
Job 187: 114/400
Job 187: 115/400
Job 187: 116/400
Job 187: 117/400
Job 187: 118/400
Job 187: 119/400
Job 187: 120/400
Job 187: 121/400
Job 187: 122/400
Job 187: 123/400
Job 187: 124/400
Job 187: 125/400
Job 187: 126/400
Job 187: 127/400
Job 187: 128/400
Job 187: 129/400
Job 187: 130/400
Job 187: 131/400
Job 187: 132/400
Job 187: 133/400
Job 187: 134/400
Job 187: 135/400
Job 187: 136/400
Job 187: 137/400
Job 187: 138/400
Job 187: 139/400
Job 187: 140/400
Job 187: 141/400
Job 187: 142/400
Job 187: 143/400
Job 187: 144/400
Job 187: 145/400
Job 187: 146/400
Job 187: 147/400
Job 187: 148/400
Job 187: 149/400
Job 187: 150/400
Job 187: 151/400
Job 187: 152/400
Job 187: 153/400
Job 187: 154/400
Job 187: 155/400
Job 187: 156/400
Job 187: 157/400
Job 187: 158/400
Job 187: 159/400
Job 187: 160/400
Job 187: 161/400
Job 187: 162/400
Job 187: 163/400
Job 187: 164/400
Job 187: 165/400
Job 187: 166/400
Job 187: 167/400
Job 187: 168/400
Job 187: 169/400
Job 187: 170/400
Job 187: 171/400
Job 187: 172/400
Job 187: 173/400
Job 187: 174/400
Job 187: 175/400
Job 187: 176/400
Job 187: 177/400
Job 187: 178/400
Job 187: 179/400
Job 187: 180/400
Job 187: 181/400
Job 187: 182/400
Job 187: 183/400
Job 187: 184/400
Job 187: 185/400
Job 187: 186/400
Job 187: 187/400
Job 187: 188/400
Job 187: 189/400
Job 187: 190/400
Job 187: 191/400
Job 187: 192/400
Job 187: 193/400
Job 187: 194/400
Job 187: 195/400
Job 187: 196/400
Job 187: 197/400
Job 187: 198/400
Job 187: 199/400
Job 187: 200/400
Job 187: 201/400
Job 187: 202/400
Job 187: 203/400
Job 187: 204/400
Job 187: 205/400
Job 187: 206/400
Job 187: 207/400
Job 187: 208/400
Job 187: 209/400
Job 187: 210/400
Job 187: 211/400
Job 187: 212/400
Job 187: 213/400
Job 187: 214/400
Job 187: 215/400
Job 187: 216/400
Job 187: 217/400
Job 187: 218/400
Job 187: 219/400
Job 187: 220/400
Job 187: 221/400
Job 187: 222/400
Job 187: 223/400
Job 187: 224/400
Job 187: 225/400
Job 187: 226/400
Job 187: 227/400
Job 187: 228/400
Job 187: 229/400
Job 187: 230/400
Job 187: 231/400
Job 187: 232/400
Job 187: 233/400
Job 187: 234/400
Job 187: 235/400
Job 187: 236/400
Job 187: 237/400
Job 187: 238/400
Job 187: 239/400
Job 187: 240/400
Job 187: 241/400
Job 187: 242/400
Job 187: 243/400
Job 187: 244/400
Job 187: 245/400
Job 187: 246/400
Job 187: 247/400
Job 187: 248/400
Job 187: 249/400
Job 187: 250/400
Job 187: 251/400
Job 187: 252/400
Job 187: 253/400
Job 187: 254/400
Job 187: 255/400
Job 187: 256/400
Job 187: 257/400
Job 187: 258/400
Job 187: 259/400
Job 187: 260/400
Job 187: 261/400
Job 187: 262/400
Job 187: 263/400
Job 187: 264/400
Job 187: 265/400
Job 187: 266/400
Job 187: 267/400
Job 187: 268/400
Job 187: 269/400
Job 187: 270/400
Job 187: 271/400
Job 187: 272/400
Job 187: 273/400
Job 187: 274/400
Job 187: 275/400
Job 187: 276/400
Job 187: 277/400
Job 187: 278/400
Job 187: 279/400
Job 187: 280/400
Job 187: 281/400
Job 187: 282/400
Job 187: 283/400
Job 187: 284/400
Job 187: 285/400
Job 187: 286/400
Job 187: 287/400
Job 187: 288/400
Job 187: 289/400
Job 187: 290/400
Job 187: 291/400
Job 187: 292/400
Job 187: 293/400
Job 187: 294/400
Job 187: 295/400
Job 187: 296/400
Job 187: 297/400
Job 187: 298/400
Job 187: 299/400
Job 187: 300/400
Job 187: 301/400
Job 187: 302/400
Job 187: 303/400
Job 187: 304/400
Job 187: 305/400
Job 187: 306/400
Job 187: 307/400
Job 187: 308/400
Job 187: 309/400
Job 187: 310/400
Job 187: 311/400
Job 187: 312/400
Job 187: 313/400
Job 187: 314/400
Job 187: 315/400
Job 187: 316/400
Job 187: 317/400
Job 187: 318/400
Job 187: 319/400
Job 187: 320/400
Job 187: 321/400
Job 187: 322/400
Job 187: 323/400
Job 187: 324/400
Job 187: 325/400
Job 187: 326/400
Job 187: 327/400
Job 187: 328/400
Job 187: 329/400
Job 187: 330/400
Job 187: 331/400
Job 187: 332/400
Job 187: 333/400
Job 187: 334/400
Job 187: 335/400
Job 187: 336/400
Job 187: 337/400
Job 187: 338/400
Job 187: 339/400
Job 187: 340/400
Job 187: 341/400
Job 187: 342/400
Job 187: 343/400
Job 187: 344/400
Job 187: 345/400
Job 187: 346/400
Job 187: 347/400
Job 187: 348/400
Job 187: 349/400
Job 187: 350/400
Job 187: 351/400
Job 187: 352/400
Job 187: 353/400
Job 187: 354/400
Job 187: 355/400
Job 187: 356/400
Job 187: 357/400
Job 187: 358/400
Job 187: 359/400
Job 187: 360/400
Job 187: 361/400
Job 187: 362/400
Job 187: 363/400
Job 187: 364/400
Job 187: 365/400
Job 187: 366/400
Job 187: 367/400
Job 187: 368/400
Job 187: 369/400
Job 187: 370/400
Job 187: 371/400
Job 187: 372/400
Job 187: 373/400
Job 187: 374/400
Job 187: 375/400
Job 187: 376/400
Job 187: 377/400
Job 187: 378/400
Job 187: 379/400
Job 187: 380/400
Job 187: 381/400
Job 187: 382/400
Job 187: 383/400
Job 187: 384/400
Job 187: 385/400
Job 187: 386/400
Job 187: 387/400
Job 187: 388/400
Job 187: 389/400
Job 187: 390/400
Job 187: 391/400
Job 187: 392/400
Job 187: 393/400
Job 187: 394/400
Job 187: 395/400
Job 187: 396/400
Job 187: 397/400
Job 187: 398/400
Job 187: 399/400
Job 187: 400/400
