Registered S3 methods overwritten by 'susieSlide':
  method              from  
  coef.susie          susieR
  predict.susie       susieR
  print.summary.susie susieR
  summary.susie       susieR
Job 116: 1/400
Job 116: 2/400
Job 116: 3/400
Job 116: 4/400
Job 116: 5/400
Job 116: 6/400
Job 116: 7/400
Job 116: 8/400
Job 116: 9/400
Job 116: 10/400
Job 116: 11/400
Job 116: 12/400
Job 116: 13/400
Job 116: 14/400
Job 116: 15/400
Job 116: 16/400
Job 116: 17/400
Job 116: 18/400
Job 116: 19/400
Job 116: 20/400
Job 116: 21/400
Job 116: 22/400
Job 116: 23/400
Job 116: 24/400
Job 116: 25/400
Job 116: 26/400
Job 116: 27/400
Job 116: 28/400
Job 116: 29/400
Job 116: 30/400
Job 116: 31/400
Job 116: 32/400
Job 116: 33/400
Job 116: 34/400
Job 116: 35/400
Job 116: 36/400
Job 116: 37/400
Job 116: 38/400
Job 116: 39/400
Job 116: 40/400
Job 116: 41/400
Job 116: 42/400
Job 116: 43/400
Job 116: 44/400
Job 116: 45/400
Job 116: 46/400
Job 116: 47/400
Job 116: 48/400
Job 116: 49/400
Job 116: 50/400
Job 116: 51/400
Job 116: 52/400
Job 116: 53/400
Job 116: 54/400
Job 116: 55/400
Job 116: 56/400
Job 116: 57/400
Job 116: 58/400
Job 116: 59/400
Job 116: 60/400
Job 116: 61/400
Job 116: 62/400
Job 116: 63/400
Job 116: 64/400
Job 116: 65/400
Job 116: 66/400
Job 116: 67/400
Job 116: 68/400
Job 116: 69/400
Job 116: 70/400
Job 116: 71/400
Job 116: 72/400
Job 116: 73/400
Job 116: 74/400
Job 116: 75/400
Job 116: 76/400
Job 116: 77/400
Job 116: 78/400
Job 116: 79/400
Job 116: 80/400
Job 116: 81/400
Job 116: 82/400
Job 116: 83/400
Job 116: 84/400
Job 116: 85/400
Job 116: 86/400
Job 116: 87/400
Job 116: 88/400
Job 116: 89/400
Job 116: 90/400
Job 116: 91/400
Job 116: 92/400
Job 116: 93/400
Job 116: 94/400
Job 116: 95/400
Job 116: 96/400
Job 116: 97/400
Job 116: 98/400
Job 116: 99/400
Job 116: 100/400
Job 116: 101/400
Job 116: 102/400
Job 116: 103/400
Job 116: 104/400
Job 116: 105/400
Job 116: 106/400
Job 116: 107/400
Job 116: 108/400
Job 116: 109/400
Job 116: 110/400
Job 116: 111/400
Job 116: 112/400
Job 116: 113/400
Job 116: 114/400
Job 116: 115/400
Job 116: 116/400
Job 116: 117/400
Job 116: 118/400
Job 116: 119/400
Job 116: 120/400
Job 116: 121/400
Job 116: 122/400
Job 116: 123/400
Job 116: 124/400
Job 116: 125/400
Job 116: 126/400
Job 116: 127/400
Job 116: 128/400
Job 116: 129/400
Job 116: 130/400
Job 116: 131/400
Job 116: 132/400
Job 116: 133/400
Job 116: 134/400
Job 116: 135/400
Job 116: 136/400
Job 116: 137/400
Job 116: 138/400
Job 116: 139/400
Job 116: 140/400
Job 116: 141/400
Job 116: 142/400
Job 116: 143/400
Job 116: 144/400
Job 116: 145/400
Job 116: 146/400
Job 116: 147/400
Job 116: 148/400
Job 116: 149/400
Job 116: 150/400
Job 116: 151/400
Job 116: 152/400
Job 116: 153/400
Job 116: 154/400
Job 116: 155/400
Job 116: 156/400
Job 116: 157/400
Job 116: 158/400
Job 116: 159/400
Job 116: 160/400
Job 116: 161/400
Job 116: 162/400
Job 116: 163/400
Job 116: 164/400
Job 116: 165/400
Job 116: 166/400
Job 116: 167/400
Job 116: 168/400
Job 116: 169/400
Job 116: 170/400
Job 116: 171/400
Job 116: 172/400
Job 116: 173/400
Job 116: 174/400
Job 116: 175/400
Job 116: 176/400
Job 116: 177/400
Job 116: 178/400
Job 116: 179/400
Job 116: 180/400
Job 116: 181/400
Job 116: 182/400
Job 116: 183/400
Job 116: 184/400
Job 116: 185/400
Job 116: 186/400
Job 116: 187/400
Job 116: 188/400
Job 116: 189/400
Job 116: 190/400
Job 116: 191/400
Job 116: 192/400
Job 116: 193/400
Job 116: 194/400
Job 116: 195/400
Job 116: 196/400
Job 116: 197/400
Job 116: 198/400
Job 116: 199/400
Job 116: 200/400
Job 116: 201/400
Job 116: 202/400
Job 116: 203/400
Job 116: 204/400
Job 116: 205/400
Job 116: 206/400
Job 116: 207/400
Job 116: 208/400
Job 116: 209/400
Job 116: 210/400
Job 116: 211/400
Job 116: 212/400
Job 116: 213/400
Job 116: 214/400
Job 116: 215/400
Job 116: 216/400
Job 116: 217/400
Job 116: 218/400
Job 116: 219/400
Job 116: 220/400
Job 116: 221/400
Job 116: 222/400
Job 116: 223/400
Job 116: 224/400
Job 116: 225/400
Job 116: 226/400
Job 116: 227/400
Job 116: 228/400
Job 116: 229/400
Job 116: 230/400
Job 116: 231/400
Job 116: 232/400
Job 116: 233/400
Job 116: 234/400
Job 116: 235/400
Job 116: 236/400
Job 116: 237/400
Job 116: 238/400
Job 116: 239/400
Job 116: 240/400
Job 116: 241/400
Job 116: 242/400
Job 116: 243/400
Job 116: 244/400
Job 116: 245/400
Job 116: 246/400
Job 116: 247/400
Job 116: 248/400
Job 116: 249/400
Job 116: 250/400
Job 116: 251/400
Job 116: 252/400
Job 116: 253/400
Job 116: 254/400
Job 116: 255/400
Job 116: 256/400
Job 116: 257/400
Job 116: 258/400
Job 116: 259/400
Job 116: 260/400
Job 116: 261/400
Job 116: 262/400
Job 116: 263/400
Job 116: 264/400
Job 116: 265/400
Job 116: 266/400
Job 116: 267/400
Job 116: 268/400
Job 116: 269/400
Job 116: 270/400
Job 116: 271/400
Job 116: 272/400
Job 116: 273/400
Job 116: 274/400
Job 116: 275/400
Job 116: 276/400
Job 116: 277/400
Job 116: 278/400
Job 116: 279/400
Job 116: 280/400
Job 116: 281/400
Job 116: 282/400
Job 116: 283/400
Job 116: 284/400
Job 116: 285/400
Job 116: 286/400
Job 116: 287/400
Job 116: 288/400
Job 116: 289/400
Job 116: 290/400
Job 116: 291/400
Job 116: 292/400
Job 116: 293/400
Job 116: 294/400
Job 116: 295/400
Job 116: 296/400
Job 116: 297/400
Job 116: 298/400
Job 116: 299/400
Job 116: 300/400
Job 116: 301/400
Job 116: 302/400
Job 116: 303/400
Job 116: 304/400
Job 116: 305/400
Job 116: 306/400
Job 116: 307/400
Job 116: 308/400
Job 116: 309/400
Job 116: 310/400
Job 116: 311/400
Job 116: 312/400
Job 116: 313/400
Job 116: 314/400
Job 116: 315/400
Job 116: 316/400
Job 116: 317/400
Job 116: 318/400
Job 116: 319/400
Job 116: 320/400
Job 116: 321/400
Job 116: 322/400
Job 116: 323/400
Job 116: 324/400
Job 116: 325/400
Job 116: 326/400
Job 116: 327/400
Job 116: 328/400
Job 116: 329/400
Job 116: 330/400
Job 116: 331/400
Job 116: 332/400
Job 116: 333/400
Job 116: 334/400
Job 116: 335/400
Job 116: 336/400
Job 116: 337/400
Job 116: 338/400
Job 116: 339/400
Job 116: 340/400
Job 116: 341/400
Job 116: 342/400
Job 116: 343/400
Job 116: 344/400
Job 116: 345/400
Job 116: 346/400
Job 116: 347/400
Job 116: 348/400
Job 116: 349/400
Job 116: 350/400
Job 116: 351/400
Job 116: 352/400
Job 116: 353/400
Job 116: 354/400
Job 116: 355/400
Job 116: 356/400
Job 116: 357/400
Job 116: 358/400
Job 116: 359/400
Job 116: 360/400
Job 116: 361/400
Job 116: 362/400
Job 116: 363/400
Job 116: 364/400
Job 116: 365/400
Job 116: 366/400
Job 116: 367/400
Job 116: 368/400
Job 116: 369/400
Job 116: 370/400
Job 116: 371/400
Job 116: 372/400
Job 116: 373/400
Job 116: 374/400
Job 116: 375/400
Job 116: 376/400
Job 116: 377/400
Job 116: 378/400
Job 116: 379/400
Job 116: 380/400
Job 116: 381/400
Job 116: 382/400
Job 116: 383/400
Job 116: 384/400
Job 116: 385/400
Job 116: 386/400
Job 116: 387/400
Job 116: 388/400
Job 116: 389/400
Job 116: 390/400
Job 116: 391/400
Job 116: 392/400
Job 116: 393/400
Job 116: 394/400
Job 116: 395/400
Job 116: 396/400
Job 116: 397/400
Job 116: 398/400
Job 116: 399/400
Job 116: 400/400
