Registered S3 methods overwritten by 'susieSlide':
  method              from  
  coef.susie          susieR
  predict.susie       susieR
  print.summary.susie susieR
  summary.susie       susieR
Job 228: 1/400
Job 228: 2/400
Job 228: 3/400
Job 228: 4/400
Job 228: 5/400
Job 228: 6/400
Job 228: 7/400
Job 228: 8/400
Job 228: 9/400
Job 228: 10/400
Job 228: 11/400
Job 228: 12/400
Job 228: 13/400
Job 228: 14/400
Job 228: 15/400
Job 228: 16/400
Job 228: 17/400
Job 228: 18/400
Job 228: 19/400
Job 228: 20/400
Job 228: 21/400
Job 228: 22/400
Job 228: 23/400
Job 228: 24/400
Job 228: 25/400
Job 228: 26/400
Job 228: 27/400
Job 228: 28/400
Job 228: 29/400
Job 228: 30/400
Job 228: 31/400
Job 228: 32/400
Job 228: 33/400
Job 228: 34/400
Job 228: 35/400
Job 228: 36/400
Job 228: 37/400
Job 228: 38/400
Job 228: 39/400
Job 228: 40/400
Job 228: 41/400
Job 228: 42/400
Job 228: 43/400
Job 228: 44/400
Job 228: 45/400
Job 228: 46/400
Job 228: 47/400
Job 228: 48/400
Job 228: 49/400
Job 228: 50/400
Job 228: 51/400
Job 228: 52/400
Job 228: 53/400
Job 228: 54/400
Job 228: 55/400
Job 228: 56/400
Job 228: 57/400
Job 228: 58/400
Job 228: 59/400
Job 228: 60/400
Job 228: 61/400
Job 228: 62/400
Job 228: 63/400
Job 228: 64/400
Job 228: 65/400
Job 228: 66/400
Job 228: 67/400
Job 228: 68/400
Job 228: 69/400
Job 228: 70/400
Job 228: 71/400
Job 228: 72/400
Job 228: 73/400
Job 228: 74/400
Job 228: 75/400
Job 228: 76/400
Job 228: 77/400
Job 228: 78/400
Job 228: 79/400
Job 228: 80/400
Job 228: 81/400
Job 228: 82/400
Job 228: 83/400
Job 228: 84/400
Job 228: 85/400
Job 228: 86/400
Job 228: 87/400
Job 228: 88/400
Job 228: 89/400
Job 228: 90/400
Job 228: 91/400
Job 228: 92/400
Job 228: 93/400
Job 228: 94/400
Job 228: 95/400
Job 228: 96/400
Job 228: 97/400
Job 228: 98/400
Job 228: 99/400
Job 228: 100/400
Job 228: 101/400
Job 228: 102/400
Job 228: 103/400
Job 228: 104/400
Job 228: 105/400
Job 228: 106/400
Job 228: 107/400
Job 228: 108/400
Job 228: 109/400
Job 228: 110/400
Job 228: 111/400
Job 228: 112/400
Job 228: 113/400
Job 228: 114/400
Job 228: 115/400
Job 228: 116/400
Job 228: 117/400
Job 228: 118/400
Job 228: 119/400
Job 228: 120/400
Job 228: 121/400
Job 228: 122/400
Job 228: 123/400
Job 228: 124/400
Job 228: 125/400
Job 228: 126/400
Job 228: 127/400
Job 228: 128/400
Job 228: 129/400
Job 228: 130/400
Job 228: 131/400
Job 228: 132/400
Job 228: 133/400
Job 228: 134/400
Job 228: 135/400
Job 228: 136/400
Job 228: 137/400
Job 228: 138/400
Job 228: 139/400
Job 228: 140/400
Job 228: 141/400
Job 228: 142/400
Job 228: 143/400
Job 228: 144/400
Job 228: 145/400
Job 228: 146/400
Job 228: 147/400
Job 228: 148/400
Job 228: 149/400
Job 228: 150/400
Job 228: 151/400
Job 228: 152/400
Job 228: 153/400
Job 228: 154/400
Job 228: 155/400
Job 228: 156/400
Job 228: 157/400
Job 228: 158/400
Job 228: 159/400
Job 228: 160/400
Job 228: 161/400
Job 228: 162/400
Job 228: 163/400
Job 228: 164/400
Job 228: 165/400
Job 228: 166/400
Job 228: 167/400
Job 228: 168/400
Job 228: 169/400
Job 228: 170/400
Job 228: 171/400
Job 228: 172/400
Job 228: 173/400
Job 228: 174/400
Job 228: 175/400
Job 228: 176/400
Job 228: 177/400
Job 228: 178/400
Job 228: 179/400
Job 228: 180/400
Job 228: 181/400
Job 228: 182/400
Job 228: 183/400
Job 228: 184/400
Job 228: 185/400
Job 228: 186/400
Job 228: 187/400
Job 228: 188/400
Job 228: 189/400
Job 228: 190/400
Job 228: 191/400
Job 228: 192/400
Job 228: 193/400
Job 228: 194/400
Job 228: 195/400
Job 228: 196/400
Job 228: 197/400
Job 228: 198/400
Job 228: 199/400
Job 228: 200/400
Job 228: 201/400
Job 228: 202/400
Job 228: 203/400
Job 228: 204/400
Job 228: 205/400
Job 228: 206/400
Job 228: 207/400
Job 228: 208/400
Job 228: 209/400
Job 228: 210/400
Job 228: 211/400
Job 228: 212/400
Job 228: 213/400
Job 228: 214/400
Job 228: 215/400
Job 228: 216/400
Job 228: 217/400
Job 228: 218/400
Job 228: 219/400
Job 228: 220/400
Job 228: 221/400
Job 228: 222/400
Job 228: 223/400
Job 228: 224/400
Job 228: 225/400
Job 228: 226/400
Job 228: 227/400
Job 228: 228/400
Job 228: 229/400
Job 228: 230/400
Job 228: 231/400
Job 228: 232/400
Job 228: 233/400
Job 228: 234/400
Job 228: 235/400
Job 228: 236/400
Job 228: 237/400
Job 228: 238/400
Job 228: 239/400
Job 228: 240/400
Job 228: 241/400
Job 228: 242/400
Job 228: 243/400
Job 228: 244/400
Job 228: 245/400
Job 228: 246/400
Job 228: 247/400
Job 228: 248/400
Job 228: 249/400
Job 228: 250/400
Job 228: 251/400
Job 228: 252/400
Job 228: 253/400
Job 228: 254/400
Job 228: 255/400
Job 228: 256/400
Job 228: 257/400
Job 228: 258/400
Job 228: 259/400
Job 228: 260/400
Job 228: 261/400
Job 228: 262/400
Job 228: 263/400
Job 228: 264/400
Job 228: 265/400
Job 228: 266/400
Job 228: 267/400
Job 228: 268/400
Job 228: 269/400
Job 228: 270/400
Job 228: 271/400
Job 228: 272/400
Job 228: 273/400
Job 228: 274/400
Job 228: 275/400
Job 228: 276/400
Job 228: 277/400
Job 228: 278/400
Job 228: 279/400
Job 228: 280/400
Job 228: 281/400
Job 228: 282/400
Job 228: 283/400
Job 228: 284/400
Job 228: 285/400
Job 228: 286/400
Job 228: 287/400
Job 228: 288/400
Job 228: 289/400
Job 228: 290/400
Job 228: 291/400
Job 228: 292/400
Job 228: 293/400
Job 228: 294/400
Job 228: 295/400
Job 228: 296/400
Job 228: 297/400
Job 228: 298/400
Job 228: 299/400
Job 228: 300/400
Job 228: 301/400
Job 228: 302/400
Job 228: 303/400
Job 228: 304/400
Job 228: 305/400
Job 228: 306/400
Job 228: 307/400
Job 228: 308/400
Job 228: 309/400
Job 228: 310/400
Job 228: 311/400
Job 228: 312/400
Job 228: 313/400
Job 228: 314/400
Job 228: 315/400
Job 228: 316/400
Job 228: 317/400
Job 228: 318/400
Job 228: 319/400
Job 228: 320/400
Job 228: 321/400
Job 228: 322/400
Job 228: 323/400
Job 228: 324/400
Job 228: 325/400
Job 228: 326/400
Job 228: 327/400
Job 228: 328/400
Job 228: 329/400
Job 228: 330/400
Job 228: 331/400
Job 228: 332/400
Job 228: 333/400
Job 228: 334/400
Job 228: 335/400
Job 228: 336/400
Job 228: 337/400
Job 228: 338/400
Job 228: 339/400
Job 228: 340/400
Job 228: 341/400
Job 228: 342/400
Job 228: 343/400
Job 228: 344/400
Job 228: 345/400
Job 228: 346/400
Job 228: 347/400
Job 228: 348/400
Job 228: 349/400
Job 228: 350/400
Job 228: 351/400
Job 228: 352/400
Job 228: 353/400
Job 228: 354/400
Job 228: 355/400
Job 228: 356/400
Job 228: 357/400
Job 228: 358/400
Job 228: 359/400
Job 228: 360/400
Job 228: 361/400
Job 228: 362/400
Job 228: 363/400
Job 228: 364/400
Job 228: 365/400
Job 228: 366/400
Job 228: 367/400
Job 228: 368/400
Job 228: 369/400
Job 228: 370/400
Job 228: 371/400
Job 228: 372/400
Job 228: 373/400
Job 228: 374/400
Job 228: 375/400
Job 228: 376/400
Job 228: 377/400
Job 228: 378/400
Job 228: 379/400
Job 228: 380/400
Job 228: 381/400
Job 228: 382/400
Job 228: 383/400
Job 228: 384/400
Job 228: 385/400
Job 228: 386/400
Job 228: 387/400
Job 228: 388/400
Job 228: 389/400
Job 228: 390/400
Job 228: 391/400
Job 228: 392/400
Job 228: 393/400
Job 228: 394/400
Job 228: 395/400
Job 228: 396/400
Job 228: 397/400
Job 228: 398/400
Job 228: 399/400
Job 228: 400/400
