Registered S3 methods overwritten by 'susieSlide':
  method              from  
  coef.susie          susieR
  predict.susie       susieR
  print.summary.susie susieR
  summary.susie       susieR
Job 44: 1/400
Job 44: 2/400
Job 44: 3/400
Job 44: 4/400
Job 44: 5/400
Job 44: 6/400
Job 44: 7/400
Job 44: 8/400
Job 44: 9/400
Job 44: 10/400
Job 44: 11/400
Job 44: 12/400
Job 44: 13/400
Job 44: 14/400
Job 44: 15/400
Job 44: 16/400
Job 44: 17/400
Job 44: 18/400
Job 44: 19/400
Job 44: 20/400
Job 44: 21/400
Job 44: 22/400
Job 44: 23/400
Job 44: 24/400
Job 44: 25/400
Job 44: 26/400
Job 44: 27/400
Job 44: 28/400
Job 44: 29/400
Job 44: 30/400
Job 44: 31/400
Job 44: 32/400
Job 44: 33/400
Job 44: 34/400
Job 44: 35/400
Job 44: 36/400
Job 44: 37/400
Job 44: 38/400
Job 44: 39/400
Job 44: 40/400
Job 44: 41/400
Job 44: 42/400
Job 44: 43/400
Job 44: 44/400
Job 44: 45/400
Job 44: 46/400
Job 44: 47/400
Job 44: 48/400
Job 44: 49/400
Job 44: 50/400
Job 44: 51/400
Job 44: 52/400
Job 44: 53/400
Job 44: 54/400
Job 44: 55/400
Job 44: 56/400
Job 44: 57/400
Job 44: 58/400
Job 44: 59/400
Job 44: 60/400
Job 44: 61/400
Job 44: 62/400
Job 44: 63/400
Job 44: 64/400
Job 44: 65/400
Job 44: 66/400
Job 44: 67/400
Job 44: 68/400
Job 44: 69/400
Job 44: 70/400
Job 44: 71/400
Job 44: 72/400
Job 44: 73/400
Job 44: 74/400
Job 44: 75/400
Job 44: 76/400
Job 44: 77/400
Job 44: 78/400
Job 44: 79/400
Job 44: 80/400
Job 44: 81/400
Job 44: 82/400
Job 44: 83/400
Job 44: 84/400
Job 44: 85/400
Job 44: 86/400
Job 44: 87/400
Job 44: 88/400
Job 44: 89/400
Job 44: 90/400
Job 44: 91/400
Job 44: 92/400
Job 44: 93/400
Job 44: 94/400
Job 44: 95/400
Job 44: 96/400
Job 44: 97/400
Job 44: 98/400
Job 44: 99/400
Job 44: 100/400
Job 44: 101/400
Job 44: 102/400
Job 44: 103/400
Job 44: 104/400
Job 44: 105/400
Job 44: 106/400
Job 44: 107/400
Job 44: 108/400
Job 44: 109/400
Job 44: 110/400
Job 44: 111/400
Job 44: 112/400
Job 44: 113/400
Job 44: 114/400
Job 44: 115/400
Job 44: 116/400
Job 44: 117/400
Job 44: 118/400
Job 44: 119/400
Job 44: 120/400
Job 44: 121/400
Job 44: 122/400
Job 44: 123/400
Job 44: 124/400
Job 44: 125/400
Job 44: 126/400
Job 44: 127/400
Job 44: 128/400
Job 44: 129/400
Job 44: 130/400
Job 44: 131/400
Job 44: 132/400
Job 44: 133/400
Job 44: 134/400
Job 44: 135/400
Job 44: 136/400
Job 44: 137/400
Job 44: 138/400
Job 44: 139/400
Job 44: 140/400
Job 44: 141/400
Job 44: 142/400
Job 44: 143/400
Job 44: 144/400
Job 44: 145/400
Job 44: 146/400
Job 44: 147/400
Job 44: 148/400
Job 44: 149/400
Job 44: 150/400
Job 44: 151/400
Job 44: 152/400
Job 44: 153/400
Job 44: 154/400
Job 44: 155/400
Job 44: 156/400
Job 44: 157/400
Job 44: 158/400
Job 44: 159/400
Job 44: 160/400
Job 44: 161/400
Job 44: 162/400
Job 44: 163/400
Job 44: 164/400
Job 44: 165/400
Job 44: 166/400
Job 44: 167/400
Job 44: 168/400
Job 44: 169/400
Job 44: 170/400
Job 44: 171/400
Job 44: 172/400
Job 44: 173/400
Job 44: 174/400
Job 44: 175/400
Job 44: 176/400
Job 44: 177/400
Job 44: 178/400
Job 44: 179/400
Job 44: 180/400
Job 44: 181/400
Job 44: 182/400
Job 44: 183/400
Job 44: 184/400
Job 44: 185/400
Job 44: 186/400
Job 44: 187/400
Job 44: 188/400
Job 44: 189/400
Job 44: 190/400
Job 44: 191/400
Job 44: 192/400
Job 44: 193/400
Job 44: 194/400
Job 44: 195/400
Job 44: 196/400
Job 44: 197/400
Job 44: 198/400
Job 44: 199/400
Job 44: 200/400
Job 44: 201/400
Job 44: 202/400
Job 44: 203/400
Job 44: 204/400
Job 44: 205/400
Job 44: 206/400
Job 44: 207/400
Job 44: 208/400
Job 44: 209/400
Job 44: 210/400
Job 44: 211/400
Job 44: 212/400
Job 44: 213/400
Job 44: 214/400
Job 44: 215/400
Job 44: 216/400
Job 44: 217/400
Job 44: 218/400
Job 44: 219/400
Job 44: 220/400
Job 44: 221/400
Job 44: 222/400
Job 44: 223/400
Job 44: 224/400
Job 44: 225/400
Job 44: 226/400
Job 44: 227/400
Job 44: 228/400
Job 44: 229/400
Job 44: 230/400
Job 44: 231/400
Job 44: 232/400
Job 44: 233/400
Job 44: 234/400
Job 44: 235/400
Job 44: 236/400
Job 44: 237/400
Job 44: 238/400
Job 44: 239/400
Job 44: 240/400
Job 44: 241/400
Job 44: 242/400
Job 44: 243/400
Job 44: 244/400
Job 44: 245/400
Job 44: 246/400
Job 44: 247/400
Job 44: 248/400
Job 44: 249/400
Job 44: 250/400
Job 44: 251/400
Job 44: 252/400
Job 44: 253/400
Job 44: 254/400
Job 44: 255/400
Job 44: 256/400
Job 44: 257/400
Job 44: 258/400
Job 44: 259/400
Job 44: 260/400
Job 44: 261/400
Job 44: 262/400
Job 44: 263/400
Job 44: 264/400
Job 44: 265/400
Job 44: 266/400
Job 44: 267/400
Job 44: 268/400
Job 44: 269/400
Job 44: 270/400
Job 44: 271/400
Job 44: 272/400
Job 44: 273/400
Job 44: 274/400
Job 44: 275/400
Job 44: 276/400
Job 44: 277/400
Job 44: 278/400
Job 44: 279/400
Job 44: 280/400
Job 44: 281/400
Job 44: 282/400
Job 44: 283/400
Job 44: 284/400
Job 44: 285/400
Job 44: 286/400
Job 44: 287/400
Job 44: 288/400
Job 44: 289/400
Job 44: 290/400
Job 44: 291/400
Job 44: 292/400
Job 44: 293/400
Job 44: 294/400
Job 44: 295/400
Job 44: 296/400
Job 44: 297/400
Job 44: 298/400
Job 44: 299/400
Job 44: 300/400
Job 44: 301/400
Job 44: 302/400
Job 44: 303/400
Job 44: 304/400
Job 44: 305/400
Job 44: 306/400
Job 44: 307/400
Job 44: 308/400
Job 44: 309/400
Job 44: 310/400
Job 44: 311/400
Job 44: 312/400
Job 44: 313/400
Job 44: 314/400
Job 44: 315/400
Job 44: 316/400
Job 44: 317/400
Job 44: 318/400
Job 44: 319/400
Job 44: 320/400
Job 44: 321/400
Job 44: 322/400
Job 44: 323/400
Job 44: 324/400
Job 44: 325/400
Job 44: 326/400
Job 44: 327/400
Job 44: 328/400
Job 44: 329/400
Job 44: 330/400
Job 44: 331/400
Job 44: 332/400
Job 44: 333/400
Job 44: 334/400
Job 44: 335/400
Job 44: 336/400
Job 44: 337/400
Job 44: 338/400
Job 44: 339/400
Job 44: 340/400
Job 44: 341/400
Job 44: 342/400
Job 44: 343/400
Job 44: 344/400
Job 44: 345/400
Job 44: 346/400
Job 44: 347/400
Job 44: 348/400
Job 44: 349/400
Job 44: 350/400
Job 44: 351/400
Job 44: 352/400
Job 44: 353/400
Job 44: 354/400
Job 44: 355/400
Job 44: 356/400
Job 44: 357/400
Job 44: 358/400
Job 44: 359/400
Job 44: 360/400
Job 44: 361/400
Job 44: 362/400
Job 44: 363/400
Job 44: 364/400
Job 44: 365/400
Job 44: 366/400
Job 44: 367/400
Job 44: 368/400
Job 44: 369/400
Job 44: 370/400
Job 44: 371/400
Job 44: 372/400
Job 44: 373/400
Job 44: 374/400
Job 44: 375/400
Job 44: 376/400
Job 44: 377/400
Job 44: 378/400
Job 44: 379/400
Job 44: 380/400
Job 44: 381/400
Job 44: 382/400
Job 44: 383/400
Job 44: 384/400
Job 44: 385/400
Job 44: 386/400
Job 44: 387/400
Job 44: 388/400
Job 44: 389/400
Job 44: 390/400
Job 44: 391/400
Job 44: 392/400
Job 44: 393/400
Job 44: 394/400
Job 44: 395/400
Job 44: 396/400
Job 44: 397/400
Job 44: 398/400
Job 44: 399/400
Job 44: 400/400
