Registered S3 methods overwritten by 'susieSlide':
  method              from  
  coef.susie          susieR
  predict.susie       susieR
  print.summary.susie susieR
  summary.susie       susieR
Job 452: 1/400
Job 452: 2/400
Job 452: 3/400
Job 452: 4/400
Job 452: 5/400
Job 452: 6/400
Job 452: 7/400
Job 452: 8/400
Job 452: 9/400
Job 452: 10/400
Job 452: 11/400
Job 452: 12/400
Job 452: 13/400
Job 452: 14/400
Job 452: 15/400
Job 452: 16/400
Job 452: 17/400
Job 452: 18/400
Job 452: 19/400
Job 452: 20/400
Job 452: 21/400
Job 452: 22/400
Job 452: 23/400
Job 452: 24/400
Job 452: 25/400
Job 452: 26/400
Job 452: 27/400
Job 452: 28/400
Job 452: 29/400
Job 452: 30/400
Job 452: 31/400
Job 452: 32/400
Job 452: 33/400
Job 452: 34/400
Job 452: 35/400
Job 452: 36/400
Job 452: 37/400
Job 452: 38/400
Job 452: 39/400
Job 452: 40/400
Job 452: 41/400
Job 452: 42/400
Job 452: 43/400
Job 452: 44/400
Job 452: 45/400
Job 452: 46/400
Job 452: 47/400
Job 452: 48/400
Job 452: 49/400
Job 452: 50/400
Job 452: 51/400
Job 452: 52/400
Job 452: 53/400
Job 452: 54/400
Job 452: 55/400
Job 452: 56/400
Job 452: 57/400
Job 452: 58/400
Job 452: 59/400
Job 452: 60/400
Job 452: 61/400
Job 452: 62/400
Job 452: 63/400
Job 452: 64/400
Job 452: 65/400
Job 452: 66/400
Job 452: 67/400
Job 452: 68/400
Job 452: 69/400
Job 452: 70/400
Job 452: 71/400
Job 452: 72/400
Job 452: 73/400
Job 452: 74/400
Job 452: 75/400
Job 452: 76/400
Job 452: 77/400
Job 452: 78/400
Job 452: 79/400
Job 452: 80/400
Job 452: 81/400
Job 452: 82/400
Job 452: 83/400
Job 452: 84/400
Job 452: 85/400
Job 452: 86/400
Job 452: 87/400
Job 452: 88/400
Job 452: 89/400
Job 452: 90/400
Job 452: 91/400
Job 452: 92/400
Job 452: 93/400
Job 452: 94/400
Job 452: 95/400
Job 452: 96/400
Job 452: 97/400
Job 452: 98/400
Job 452: 99/400
Job 452: 100/400
Job 452: 101/400
Job 452: 102/400
Job 452: 103/400
Job 452: 104/400
Job 452: 105/400
Job 452: 106/400
Job 452: 107/400
Job 452: 108/400
Job 452: 109/400
Job 452: 110/400
Job 452: 111/400
Job 452: 112/400
Job 452: 113/400
Job 452: 114/400
Job 452: 115/400
Job 452: 116/400
Job 452: 117/400
Job 452: 118/400
Job 452: 119/400
Job 452: 120/400
Job 452: 121/400
Job 452: 122/400
Job 452: 123/400
Job 452: 124/400
Job 452: 125/400
Job 452: 126/400
Job 452: 127/400
Job 452: 128/400
Job 452: 129/400
Job 452: 130/400
Job 452: 131/400
Job 452: 132/400
Job 452: 133/400
Job 452: 134/400
Job 452: 135/400
Job 452: 136/400
Job 452: 137/400
Job 452: 138/400
Job 452: 139/400
Job 452: 140/400
Job 452: 141/400
Job 452: 142/400
Job 452: 143/400
Job 452: 144/400
Job 452: 145/400
Job 452: 146/400
Job 452: 147/400
Job 452: 148/400
Job 452: 149/400
Job 452: 150/400
Job 452: 151/400
Job 452: 152/400
Job 452: 153/400
Job 452: 154/400
Job 452: 155/400
Job 452: 156/400
Job 452: 157/400
Job 452: 158/400
Job 452: 159/400
Job 452: 160/400
Job 452: 161/400
Job 452: 162/400
Job 452: 163/400
Job 452: 164/400
Job 452: 165/400
Job 452: 166/400
Job 452: 167/400
Job 452: 168/400
Job 452: 169/400
Job 452: 170/400
Job 452: 171/400
Job 452: 172/400
Job 452: 173/400
Job 452: 174/400
Job 452: 175/400
Job 452: 176/400
Job 452: 177/400
Job 452: 178/400
Job 452: 179/400
Job 452: 180/400
Job 452: 181/400
Job 452: 182/400
Job 452: 183/400
Job 452: 184/400
Job 452: 185/400
Job 452: 186/400
Job 452: 187/400
Job 452: 188/400
Job 452: 189/400
Job 452: 190/400
Job 452: 191/400
Job 452: 192/400
Job 452: 193/400
Job 452: 194/400
Job 452: 195/400
Job 452: 196/400
Job 452: 197/400
Job 452: 198/400
Job 452: 199/400
Job 452: 200/400
Job 452: 201/400
Job 452: 202/400
Job 452: 203/400
Job 452: 204/400
Job 452: 205/400
Job 452: 206/400
Job 452: 207/400
Job 452: 208/400
Job 452: 209/400
Job 452: 210/400
Job 452: 211/400
Job 452: 212/400
Job 452: 213/400
Job 452: 214/400
Job 452: 215/400
Job 452: 216/400
Job 452: 217/400
Job 452: 218/400
Job 452: 219/400
Job 452: 220/400
Job 452: 221/400
Job 452: 222/400
Job 452: 223/400
Job 452: 224/400
Job 452: 225/400
Job 452: 226/400
Job 452: 227/400
Job 452: 228/400
Job 452: 229/400
Job 452: 230/400
Job 452: 231/400
Job 452: 232/400
Job 452: 233/400
Job 452: 234/400
Job 452: 235/400
Job 452: 236/400
Job 452: 237/400
Job 452: 238/400
Job 452: 239/400
Job 452: 240/400
Job 452: 241/400
Job 452: 242/400
Job 452: 243/400
Job 452: 244/400
Job 452: 245/400
Job 452: 246/400
Job 452: 247/400
Job 452: 248/400
Job 452: 249/400
Job 452: 250/400
Job 452: 251/400
Job 452: 252/400
Job 452: 253/400
Job 452: 254/400
Job 452: 255/400
Job 452: 256/400
Job 452: 257/400
Job 452: 258/400
Job 452: 259/400
Job 452: 260/400
Job 452: 261/400
Job 452: 262/400
Job 452: 263/400
Job 452: 264/400
Job 452: 265/400
Job 452: 266/400
Job 452: 267/400
Job 452: 268/400
Job 452: 269/400
Job 452: 270/400
Job 452: 271/400
Job 452: 272/400
Job 452: 273/400
Job 452: 274/400
Job 452: 275/400
Job 452: 276/400
Job 452: 277/400
Job 452: 278/400
Job 452: 279/400
Job 452: 280/400
Job 452: 281/400
Job 452: 282/400
Job 452: 283/400
Job 452: 284/400
Job 452: 285/400
Job 452: 286/400
Job 452: 287/400
Job 452: 288/400
Job 452: 289/400
Job 452: 290/400
Job 452: 291/400
Job 452: 292/400
Job 452: 293/400
Job 452: 294/400
Job 452: 295/400
Job 452: 296/400
Job 452: 297/400
Job 452: 298/400
Job 452: 299/400
Job 452: 300/400
Job 452: 301/400
Job 452: 302/400
Job 452: 303/400
Job 452: 304/400
Job 452: 305/400
Job 452: 306/400
Job 452: 307/400
Job 452: 308/400
Job 452: 309/400
Job 452: 310/400
Job 452: 311/400
Job 452: 312/400
Job 452: 313/400
Job 452: 314/400
Job 452: 315/400
Job 452: 316/400
Job 452: 317/400
Job 452: 318/400
Job 452: 319/400
Job 452: 320/400
Job 452: 321/400
Job 452: 322/400
Job 452: 323/400
Job 452: 324/400
Job 452: 325/400
Job 452: 326/400
Job 452: 327/400
Job 452: 328/400
Job 452: 329/400
Job 452: 330/400
Job 452: 331/400
Job 452: 332/400
Job 452: 333/400
Job 452: 334/400
Job 452: 335/400
Job 452: 336/400
Job 452: 337/400
Job 452: 338/400
Job 452: 339/400
Job 452: 340/400
Job 452: 341/400
Job 452: 342/400
Job 452: 343/400
Job 452: 344/400
Job 452: 345/400
Job 452: 346/400
Job 452: 347/400
Job 452: 348/400
Job 452: 349/400
Job 452: 350/400
Job 452: 351/400
Job 452: 352/400
Job 452: 353/400
Job 452: 354/400
Job 452: 355/400
Job 452: 356/400
Job 452: 357/400
Job 452: 358/400
Job 452: 359/400
Job 452: 360/400
Job 452: 361/400
Job 452: 362/400
Job 452: 363/400
Job 452: 364/400
Job 452: 365/400
Job 452: 366/400
Job 452: 367/400
Job 452: 368/400
Job 452: 369/400
Job 452: 370/400
Job 452: 371/400
Job 452: 372/400
Job 452: 373/400
Job 452: 374/400
Job 452: 375/400
Job 452: 376/400
Job 452: 377/400
Job 452: 378/400
Job 452: 379/400
Job 452: 380/400
Job 452: 381/400
Job 452: 382/400
Job 452: 383/400
Job 452: 384/400
Job 452: 385/400
Job 452: 386/400
Job 452: 387/400
Job 452: 388/400
Job 452: 389/400
Job 452: 390/400
Job 452: 391/400
Job 452: 392/400
Job 452: 393/400
Job 452: 394/400
Job 452: 395/400
Job 452: 396/400
Job 452: 397/400
Job 452: 398/400
Job 452: 399/400
Job 452: 400/400
