Registered S3 methods overwritten by 'susieSlide':
  method              from  
  coef.susie          susieR
  predict.susie       susieR
  print.summary.susie susieR
  summary.susie       susieR
Job 126: 1/400
Job 126: 2/400
Job 126: 3/400
Job 126: 4/400
Job 126: 5/400
Job 126: 6/400
Job 126: 7/400
Job 126: 8/400
Job 126: 9/400
Job 126: 10/400
Job 126: 11/400
Job 126: 12/400
Job 126: 13/400
Job 126: 14/400
Job 126: 15/400
Job 126: 16/400
Job 126: 17/400
Job 126: 18/400
Job 126: 19/400
Job 126: 20/400
Job 126: 21/400
Job 126: 22/400
Job 126: 23/400
Job 126: 24/400
Job 126: 25/400
Job 126: 26/400
Job 126: 27/400
Job 126: 28/400
Job 126: 29/400
Job 126: 30/400
Job 126: 31/400
Job 126: 32/400
Job 126: 33/400
Job 126: 34/400
Job 126: 35/400
Job 126: 36/400
Job 126: 37/400
Job 126: 38/400
Job 126: 39/400
Job 126: 40/400
Job 126: 41/400
Job 126: 42/400
Job 126: 43/400
Job 126: 44/400
Job 126: 45/400
Job 126: 46/400
Job 126: 47/400
Job 126: 48/400
Job 126: 49/400
Job 126: 50/400
Job 126: 51/400
Job 126: 52/400
Job 126: 53/400
Job 126: 54/400
Job 126: 55/400
Job 126: 56/400
Job 126: 57/400
Job 126: 58/400
Job 126: 59/400
Job 126: 60/400
Job 126: 61/400
Job 126: 62/400
Job 126: 63/400
Job 126: 64/400
Job 126: 65/400
Job 126: 66/400
Job 126: 67/400
Job 126: 68/400
Job 126: 69/400
Job 126: 70/400
Job 126: 71/400
Job 126: 72/400
Job 126: 73/400
Job 126: 74/400
Job 126: 75/400
Job 126: 76/400
Job 126: 77/400
Job 126: 78/400
Job 126: 79/400
Job 126: 80/400
Job 126: 81/400
Job 126: 82/400
Job 126: 83/400
Job 126: 84/400
Job 126: 85/400
Job 126: 86/400
Job 126: 87/400
Job 126: 88/400
Job 126: 89/400
Job 126: 90/400
Job 126: 91/400
Job 126: 92/400
Job 126: 93/400
Job 126: 94/400
Job 126: 95/400
Job 126: 96/400
Job 126: 97/400
Job 126: 98/400
Job 126: 99/400
Job 126: 100/400
Job 126: 101/400
Job 126: 102/400
Job 126: 103/400
Job 126: 104/400
Job 126: 105/400
Job 126: 106/400
Job 126: 107/400
Job 126: 108/400
Job 126: 109/400
Job 126: 110/400
Job 126: 111/400
Job 126: 112/400
Job 126: 113/400
Job 126: 114/400
Job 126: 115/400
Job 126: 116/400
Job 126: 117/400
Job 126: 118/400
Job 126: 119/400
Job 126: 120/400
Job 126: 121/400
Job 126: 122/400
Job 126: 123/400
Job 126: 124/400
Job 126: 125/400
Job 126: 126/400
Job 126: 127/400
Job 126: 128/400
Job 126: 129/400
Job 126: 130/400
Job 126: 131/400
Job 126: 132/400
Job 126: 133/400
Job 126: 134/400
Job 126: 135/400
Job 126: 136/400
Job 126: 137/400
Job 126: 138/400
Job 126: 139/400
Job 126: 140/400
Job 126: 141/400
Job 126: 142/400
Job 126: 143/400
Job 126: 144/400
Job 126: 145/400
Job 126: 146/400
Job 126: 147/400
Job 126: 148/400
Job 126: 149/400
Job 126: 150/400
Job 126: 151/400
Job 126: 152/400
Job 126: 153/400
Job 126: 154/400
Job 126: 155/400
Job 126: 156/400
Job 126: 157/400
Job 126: 158/400
Job 126: 159/400
Job 126: 160/400
Job 126: 161/400
Job 126: 162/400
Job 126: 163/400
Job 126: 164/400
Job 126: 165/400
Job 126: 166/400
Job 126: 167/400
Job 126: 168/400
Job 126: 169/400
Job 126: 170/400
Job 126: 171/400
Job 126: 172/400
Job 126: 173/400
Job 126: 174/400
Job 126: 175/400
Job 126: 176/400
Job 126: 177/400
Job 126: 178/400
Job 126: 179/400
Job 126: 180/400
Job 126: 181/400
Job 126: 182/400
Job 126: 183/400
Job 126: 184/400
Job 126: 185/400
Job 126: 186/400
Job 126: 187/400
Job 126: 188/400
Job 126: 189/400
Job 126: 190/400
Job 126: 191/400
Job 126: 192/400
Job 126: 193/400
Job 126: 194/400
Job 126: 195/400
Job 126: 196/400
Job 126: 197/400
Job 126: 198/400
Job 126: 199/400
Job 126: 200/400
Job 126: 201/400
Job 126: 202/400
Job 126: 203/400
Job 126: 204/400
Job 126: 205/400
Job 126: 206/400
Job 126: 207/400
Job 126: 208/400
Job 126: 209/400
Job 126: 210/400
Job 126: 211/400
Job 126: 212/400
Job 126: 213/400
Job 126: 214/400
Job 126: 215/400
Job 126: 216/400
Job 126: 217/400
Job 126: 218/400
Job 126: 219/400
Job 126: 220/400
Job 126: 221/400
Job 126: 222/400
Job 126: 223/400
Job 126: 224/400
Job 126: 225/400
Job 126: 226/400
Job 126: 227/400
Job 126: 228/400
Job 126: 229/400
Job 126: 230/400
Job 126: 231/400
Job 126: 232/400
Job 126: 233/400
Job 126: 234/400
Job 126: 235/400
Job 126: 236/400
Job 126: 237/400
Job 126: 238/400
Job 126: 239/400
Job 126: 240/400
Job 126: 241/400
Job 126: 242/400
Job 126: 243/400
Job 126: 244/400
Job 126: 245/400
Job 126: 246/400
Job 126: 247/400
Job 126: 248/400
Job 126: 249/400
Job 126: 250/400
Job 126: 251/400
Job 126: 252/400
Job 126: 253/400
Job 126: 254/400
Job 126: 255/400
Job 126: 256/400
Job 126: 257/400
Job 126: 258/400
Job 126: 259/400
Job 126: 260/400
Job 126: 261/400
Job 126: 262/400
Job 126: 263/400
Job 126: 264/400
Job 126: 265/400
Job 126: 266/400
Job 126: 267/400
Job 126: 268/400
Job 126: 269/400
Job 126: 270/400
Job 126: 271/400
Job 126: 272/400
Job 126: 273/400
Job 126: 274/400
Job 126: 275/400
Job 126: 276/400
Job 126: 277/400
Job 126: 278/400
Job 126: 279/400
Job 126: 280/400
Job 126: 281/400
Job 126: 282/400
Job 126: 283/400
Job 126: 284/400
Job 126: 285/400
Job 126: 286/400
Job 126: 287/400
Job 126: 288/400
Job 126: 289/400
Job 126: 290/400
Job 126: 291/400
Job 126: 292/400
Job 126: 293/400
Job 126: 294/400
Job 126: 295/400
Job 126: 296/400
Job 126: 297/400
Job 126: 298/400
Job 126: 299/400
Job 126: 300/400
Job 126: 301/400
Job 126: 302/400
Job 126: 303/400
Job 126: 304/400
Job 126: 305/400
Job 126: 306/400
Job 126: 307/400
Job 126: 308/400
Job 126: 309/400
Job 126: 310/400
Job 126: 311/400
Job 126: 312/400
Job 126: 313/400
Job 126: 314/400
Job 126: 315/400
Job 126: 316/400
Job 126: 317/400
Job 126: 318/400
Job 126: 319/400
Job 126: 320/400
Job 126: 321/400
Job 126: 322/400
Job 126: 323/400
Job 126: 324/400
Job 126: 325/400
Job 126: 326/400
Job 126: 327/400
Job 126: 328/400
Job 126: 329/400
Job 126: 330/400
Job 126: 331/400
Job 126: 332/400
Job 126: 333/400
Job 126: 334/400
Job 126: 335/400
Job 126: 336/400
Job 126: 337/400
Job 126: 338/400
Job 126: 339/400
Job 126: 340/400
Job 126: 341/400
Job 126: 342/400
Job 126: 343/400
Job 126: 344/400
Job 126: 345/400
Job 126: 346/400
Job 126: 347/400
Job 126: 348/400
Job 126: 349/400
Job 126: 350/400
Job 126: 351/400
Job 126: 352/400
Job 126: 353/400
Job 126: 354/400
Job 126: 355/400
Job 126: 356/400
Job 126: 357/400
Job 126: 358/400
Job 126: 359/400
Job 126: 360/400
Job 126: 361/400
Job 126: 362/400
Job 126: 363/400
Job 126: 364/400
Job 126: 365/400
Job 126: 366/400
Job 126: 367/400
Job 126: 368/400
Job 126: 369/400
Job 126: 370/400
Job 126: 371/400
Job 126: 372/400
Job 126: 373/400
Job 126: 374/400
Job 126: 375/400
Job 126: 376/400
Job 126: 377/400
Job 126: 378/400
Job 126: 379/400
Job 126: 380/400
Job 126: 381/400
Job 126: 382/400
Job 126: 383/400
Job 126: 384/400
Job 126: 385/400
Job 126: 386/400
Job 126: 387/400
Job 126: 388/400
Job 126: 389/400
Job 126: 390/400
Job 126: 391/400
Job 126: 392/400
Job 126: 393/400
Job 126: 394/400
Job 126: 395/400
Job 126: 396/400
Job 126: 397/400
Job 126: 398/400
Job 126: 399/400
Job 126: 400/400
