Registered S3 methods overwritten by 'susieSlide':
  method              from  
  coef.susie          susieR
  predict.susie       susieR
  print.summary.susie susieR
  summary.susie       susieR
Job 93: 1/400
Job 93: 2/400
Job 93: 3/400
Job 93: 4/400
Job 93: 5/400
Job 93: 6/400
Job 93: 7/400
Job 93: 8/400
Job 93: 9/400
Job 93: 10/400
Job 93: 11/400
Job 93: 12/400
Job 93: 13/400
Job 93: 14/400
Job 93: 15/400
Job 93: 16/400
Job 93: 17/400
Job 93: 18/400
Job 93: 19/400
Job 93: 20/400
Job 93: 21/400
Job 93: 22/400
Job 93: 23/400
Job 93: 24/400
Job 93: 25/400
Job 93: 26/400
Job 93: 27/400
Job 93: 28/400
Job 93: 29/400
Job 93: 30/400
Job 93: 31/400
Job 93: 32/400
Job 93: 33/400
Job 93: 34/400
Job 93: 35/400
Job 93: 36/400
Job 93: 37/400
Job 93: 38/400
Job 93: 39/400
Job 93: 40/400
Job 93: 41/400
Job 93: 42/400
Job 93: 43/400
Job 93: 44/400
Job 93: 45/400
Job 93: 46/400
Job 93: 47/400
Job 93: 48/400
Job 93: 49/400
Job 93: 50/400
Job 93: 51/400
Job 93: 52/400
Job 93: 53/400
Job 93: 54/400
Job 93: 55/400
Job 93: 56/400
Job 93: 57/400
Job 93: 58/400
Job 93: 59/400
Job 93: 60/400
Job 93: 61/400
Job 93: 62/400
Job 93: 63/400
Job 93: 64/400
Job 93: 65/400
Job 93: 66/400
Job 93: 67/400
Job 93: 68/400
Job 93: 69/400
Job 93: 70/400
Job 93: 71/400
Job 93: 72/400
Job 93: 73/400
Job 93: 74/400
Job 93: 75/400
Job 93: 76/400
Job 93: 77/400
Job 93: 78/400
Job 93: 79/400
Job 93: 80/400
Job 93: 81/400
Job 93: 82/400
Job 93: 83/400
Job 93: 84/400
Job 93: 85/400
Job 93: 86/400
Job 93: 87/400
Job 93: 88/400
Job 93: 89/400
Job 93: 90/400
Job 93: 91/400
Job 93: 92/400
Job 93: 93/400
Job 93: 94/400
Job 93: 95/400
Job 93: 96/400
Job 93: 97/400
Job 93: 98/400
Job 93: 99/400
Job 93: 100/400
Job 93: 101/400
Job 93: 102/400
Job 93: 103/400
Job 93: 104/400
Job 93: 105/400
Job 93: 106/400
Job 93: 107/400
Job 93: 108/400
Job 93: 109/400
Job 93: 110/400
Job 93: 111/400
Job 93: 112/400
Job 93: 113/400
Job 93: 114/400
Job 93: 115/400
Job 93: 116/400
Job 93: 117/400
Job 93: 118/400
Job 93: 119/400
Job 93: 120/400
Job 93: 121/400
Job 93: 122/400
Job 93: 123/400
Job 93: 124/400
Job 93: 125/400
Job 93: 126/400
Job 93: 127/400
Job 93: 128/400
Job 93: 129/400
Job 93: 130/400
Job 93: 131/400
Job 93: 132/400
Job 93: 133/400
Job 93: 134/400
Job 93: 135/400
Job 93: 136/400
Job 93: 137/400
Job 93: 138/400
Job 93: 139/400
Job 93: 140/400
Job 93: 141/400
Job 93: 142/400
Job 93: 143/400
Job 93: 144/400
Job 93: 145/400
Job 93: 146/400
Job 93: 147/400
Job 93: 148/400
Job 93: 149/400
Job 93: 150/400
Job 93: 151/400
Job 93: 152/400
Job 93: 153/400
Job 93: 154/400
Job 93: 155/400
Job 93: 156/400
Job 93: 157/400
Job 93: 158/400
Job 93: 159/400
Job 93: 160/400
Job 93: 161/400
Job 93: 162/400
Job 93: 163/400
Job 93: 164/400
Job 93: 165/400
Job 93: 166/400
Job 93: 167/400
Job 93: 168/400
Job 93: 169/400
Job 93: 170/400
Job 93: 171/400
Job 93: 172/400
Job 93: 173/400
Job 93: 174/400
Job 93: 175/400
Job 93: 176/400
Job 93: 177/400
Job 93: 178/400
Job 93: 179/400
Job 93: 180/400
Job 93: 181/400
Job 93: 182/400
Job 93: 183/400
Job 93: 184/400
Job 93: 185/400
Job 93: 186/400
Job 93: 187/400
Job 93: 188/400
Job 93: 189/400
Job 93: 190/400
Job 93: 191/400
Job 93: 192/400
Job 93: 193/400
Job 93: 194/400
Job 93: 195/400
Job 93: 196/400
Job 93: 197/400
Job 93: 198/400
Job 93: 199/400
Job 93: 200/400
Job 93: 201/400
Job 93: 202/400
Job 93: 203/400
Job 93: 204/400
Job 93: 205/400
Job 93: 206/400
Job 93: 207/400
Job 93: 208/400
Job 93: 209/400
Job 93: 210/400
Job 93: 211/400
Job 93: 212/400
Job 93: 213/400
Job 93: 214/400
Job 93: 215/400
Job 93: 216/400
Job 93: 217/400
Job 93: 218/400
Job 93: 219/400
Job 93: 220/400
Job 93: 221/400
Job 93: 222/400
Job 93: 223/400
Job 93: 224/400
Job 93: 225/400
Job 93: 226/400
Job 93: 227/400
Job 93: 228/400
Job 93: 229/400
Job 93: 230/400
Job 93: 231/400
Job 93: 232/400
Job 93: 233/400
Job 93: 234/400
Job 93: 235/400
Job 93: 236/400
Job 93: 237/400
Job 93: 238/400
Job 93: 239/400
Job 93: 240/400
Job 93: 241/400
Job 93: 242/400
Job 93: 243/400
Job 93: 244/400
Job 93: 245/400
Job 93: 246/400
Job 93: 247/400
Job 93: 248/400
Job 93: 249/400
Job 93: 250/400
Job 93: 251/400
Job 93: 252/400
Job 93: 253/400
Job 93: 254/400
Job 93: 255/400
Job 93: 256/400
Job 93: 257/400
Job 93: 258/400
Job 93: 259/400
Job 93: 260/400
Job 93: 261/400
Job 93: 262/400
Job 93: 263/400
Job 93: 264/400
Job 93: 265/400
Job 93: 266/400
Job 93: 267/400
Job 93: 268/400
Job 93: 269/400
Job 93: 270/400
Job 93: 271/400
Job 93: 272/400
Job 93: 273/400
Job 93: 274/400
Job 93: 275/400
Job 93: 276/400
Job 93: 277/400
Job 93: 278/400
Job 93: 279/400
Job 93: 280/400
Job 93: 281/400
Job 93: 282/400
Job 93: 283/400
Job 93: 284/400
Job 93: 285/400
Job 93: 286/400
Job 93: 287/400
Job 93: 288/400
Job 93: 289/400
Job 93: 290/400
Job 93: 291/400
Job 93: 292/400
Job 93: 293/400
Job 93: 294/400
Job 93: 295/400
Job 93: 296/400
Job 93: 297/400
Job 93: 298/400
Job 93: 299/400
Job 93: 300/400
Job 93: 301/400
Job 93: 302/400
Job 93: 303/400
Job 93: 304/400
Job 93: 305/400
Job 93: 306/400
Job 93: 307/400
Job 93: 308/400
Job 93: 309/400
Job 93: 310/400
Job 93: 311/400
Job 93: 312/400
Job 93: 313/400
Job 93: 314/400
Job 93: 315/400
Job 93: 316/400
Job 93: 317/400
Job 93: 318/400
Job 93: 319/400
Job 93: 320/400
Job 93: 321/400
Job 93: 322/400
Job 93: 323/400
Job 93: 324/400
Job 93: 325/400
Job 93: 326/400
Job 93: 327/400
Job 93: 328/400
Job 93: 329/400
Job 93: 330/400
Job 93: 331/400
Job 93: 332/400
Job 93: 333/400
Job 93: 334/400
Job 93: 335/400
Job 93: 336/400
Job 93: 337/400
Job 93: 338/400
Job 93: 339/400
Job 93: 340/400
Job 93: 341/400
Job 93: 342/400
Job 93: 343/400
Job 93: 344/400
Job 93: 345/400
Job 93: 346/400
Job 93: 347/400
Job 93: 348/400
Job 93: 349/400
Job 93: 350/400
Job 93: 351/400
Job 93: 352/400
Job 93: 353/400
Job 93: 354/400
Job 93: 355/400
Job 93: 356/400
Job 93: 357/400
Job 93: 358/400
Job 93: 359/400
Job 93: 360/400
Job 93: 361/400
Job 93: 362/400
Job 93: 363/400
Job 93: 364/400
Job 93: 365/400
Job 93: 366/400
Job 93: 367/400
Job 93: 368/400
Job 93: 369/400
Job 93: 370/400
Job 93: 371/400
Job 93: 372/400
Job 93: 373/400
Job 93: 374/400
Job 93: 375/400
Job 93: 376/400
Job 93: 377/400
Job 93: 378/400
Job 93: 379/400
Job 93: 380/400
Job 93: 381/400
Job 93: 382/400
Job 93: 383/400
Job 93: 384/400
Job 93: 385/400
Job 93: 386/400
Job 93: 387/400
Job 93: 388/400
Job 93: 389/400
Job 93: 390/400
Job 93: 391/400
Job 93: 392/400
Job 93: 393/400
Job 93: 394/400
Job 93: 395/400
Job 93: 396/400
Job 93: 397/400
Job 93: 398/400
Job 93: 399/400
Job 93: 400/400 ERROR: Not enough donors for the requested n.
Warning message:
In data.table::fread(raw_file, data.table = FALSE) :
  Discarded single-line footer: <<0	GTEX-17EUY	0	0	0	-9	2	2	1	2	1	1	2	1	2	2	2	1	2	2	2	2	2	2	2	2	2	2	2	2	2	2	2	2	2	2	2	2	2	2	2	2	1	2	2	2	2	2	2	2	2	2	1	2	2	2	1	2	2	2	2	2	2	2	2	2	2	2	2	2	2	2	1	2	2	2	2	2	2	2	2	2	2	2	2	2	2	2	2	2	2	2	2	2	2	2	2	2	2	2	2	2	2	2	2	2	2	2	2	2	2	2	2	2	2	2	2	2	2	2	2	2	2	2	2	2	0	2	2	1	2	2	2	2	2	1	2	2	2	2	2	2	2	2	2	2	2	2	2	2	2	2	0	2	2	2	2	2	2	2	2	2	2	2	1	2	2	2	2	0	2	2	2	2	2	2	2	2	2	2	2	2	2	2	2	2	2	2	2	2	2	2	2	2	1	2	2	2	2	1	2	2	1	2	2	2	2	2	2	2	2	2	2	2	2	2	1	2	2	2	2	2	2	2	2	2	1	2	2	2	2	2	2	1	2	2	2	2	2	2	2	2	2	2	2	>>
