Registered S3 methods overwritten by 'susieSlide':
  method              from  
  coef.susie          susieR
  predict.susie       susieR
  print.summary.susie susieR
  summary.susie       susieR
Job 203: 1/400
Job 203: 2/400
Job 203: 3/400
Job 203: 4/400
Job 203: 5/400
Job 203: 6/400
Job 203: 7/400
Job 203: 8/400
Job 203: 9/400
Job 203: 10/400
Job 203: 11/400
Job 203: 12/400
Job 203: 13/400
Job 203: 14/400
Job 203: 15/400
Job 203: 16/400
Job 203: 17/400
Job 203: 18/400
Job 203: 19/400
Job 203: 20/400
Job 203: 21/400
Job 203: 22/400
Job 203: 23/400
Job 203: 24/400
Job 203: 25/400
Job 203: 26/400
Job 203: 27/400
Job 203: 28/400
Job 203: 29/400
Job 203: 30/400
Job 203: 31/400
Job 203: 32/400
Job 203: 33/400
Job 203: 34/400
Job 203: 35/400
Job 203: 36/400
Job 203: 37/400
Job 203: 38/400
Job 203: 39/400
Job 203: 40/400
Job 203: 41/400
Job 203: 42/400
Job 203: 43/400
Job 203: 44/400
Job 203: 45/400
Job 203: 46/400
Job 203: 47/400
Job 203: 48/400
Job 203: 49/400
Job 203: 50/400
Job 203: 51/400
Job 203: 52/400
Job 203: 53/400
Job 203: 54/400
Job 203: 55/400
Job 203: 56/400
Job 203: 57/400
Job 203: 58/400
Job 203: 59/400
Job 203: 60/400
Job 203: 61/400
Job 203: 62/400
Job 203: 63/400
Job 203: 64/400
Job 203: 65/400
Job 203: 66/400
Job 203: 67/400
Job 203: 68/400
Job 203: 69/400
Job 203: 70/400
Job 203: 71/400
Job 203: 72/400
Job 203: 73/400
Job 203: 74/400
Job 203: 75/400
Job 203: 76/400
Job 203: 77/400
Job 203: 78/400
Job 203: 79/400
Job 203: 80/400
Job 203: 81/400
Job 203: 82/400
Job 203: 83/400
Job 203: 84/400
Job 203: 85/400
Job 203: 86/400
Job 203: 87/400
Job 203: 88/400
Job 203: 89/400
Job 203: 90/400
Job 203: 91/400
Job 203: 92/400
Job 203: 93/400
Job 203: 94/400
Job 203: 95/400
Job 203: 96/400
Job 203: 97/400
Job 203: 98/400
Job 203: 99/400
Job 203: 100/400
Job 203: 101/400
Job 203: 102/400
Job 203: 103/400
Job 203: 104/400
Job 203: 105/400
Job 203: 106/400
Job 203: 107/400
Job 203: 108/400
Job 203: 109/400
Job 203: 110/400
Job 203: 111/400
Job 203: 112/400
Job 203: 113/400
Job 203: 114/400
Job 203: 115/400
Job 203: 116/400
Job 203: 117/400
Job 203: 118/400
Job 203: 119/400
Job 203: 120/400
Job 203: 121/400
Job 203: 122/400
Job 203: 123/400
Job 203: 124/400
Job 203: 125/400
Job 203: 126/400
Job 203: 127/400
Job 203: 128/400
Job 203: 129/400
Job 203: 130/400
Job 203: 131/400
Job 203: 132/400
Job 203: 133/400
Job 203: 134/400
Job 203: 135/400
Job 203: 136/400
Job 203: 137/400
Job 203: 138/400
Job 203: 139/400
Job 203: 140/400
Job 203: 141/400
Job 203: 142/400
Job 203: 143/400
Job 203: 144/400
Job 203: 145/400
Job 203: 146/400
Job 203: 147/400
Job 203: 148/400
Job 203: 149/400
Job 203: 150/400
Job 203: 151/400
Job 203: 152/400
Job 203: 153/400
Job 203: 154/400
Job 203: 155/400
Job 203: 156/400
Job 203: 157/400
Job 203: 158/400
Job 203: 159/400
Job 203: 160/400
Job 203: 161/400
Job 203: 162/400
Job 203: 163/400
Job 203: 164/400
Job 203: 165/400
Job 203: 166/400
Job 203: 167/400
Job 203: 168/400
Job 203: 169/400
Job 203: 170/400
Job 203: 171/400
Job 203: 172/400
Job 203: 173/400
Job 203: 174/400
Job 203: 175/400
Job 203: 176/400
Job 203: 177/400
Job 203: 178/400
Job 203: 179/400
Job 203: 180/400
Job 203: 181/400
Job 203: 182/400
Job 203: 183/400
Job 203: 184/400
Job 203: 185/400
Job 203: 186/400
Job 203: 187/400
Job 203: 188/400
Job 203: 189/400
Job 203: 190/400
Job 203: 191/400
Job 203: 192/400
Job 203: 193/400
Job 203: 194/400
Job 203: 195/400
Job 203: 196/400
Job 203: 197/400
Job 203: 198/400
Job 203: 199/400
Job 203: 200/400
Job 203: 201/400
Job 203: 202/400
Job 203: 203/400
Job 203: 204/400
Job 203: 205/400
Job 203: 206/400
Job 203: 207/400
Job 203: 208/400
Job 203: 209/400
Job 203: 210/400
Job 203: 211/400
Job 203: 212/400
Job 203: 213/400
Job 203: 214/400
Job 203: 215/400
Job 203: 216/400
Job 203: 217/400
Job 203: 218/400
Job 203: 219/400
Job 203: 220/400
Job 203: 221/400
Job 203: 222/400
Job 203: 223/400
Job 203: 224/400
Job 203: 225/400
Job 203: 226/400
Job 203: 227/400
Job 203: 228/400
Job 203: 229/400
Job 203: 230/400
Job 203: 231/400
Job 203: 232/400
Job 203: 233/400
Job 203: 234/400
Job 203: 235/400
Job 203: 236/400
Job 203: 237/400
Job 203: 238/400
Job 203: 239/400
Job 203: 240/400
Job 203: 241/400
Job 203: 242/400
Job 203: 243/400
Job 203: 244/400
Job 203: 245/400
Job 203: 246/400
Job 203: 247/400
Job 203: 248/400
Job 203: 249/400
Job 203: 250/400
Job 203: 251/400
Job 203: 252/400
Job 203: 253/400
Job 203: 254/400
Job 203: 255/400
Job 203: 256/400
Job 203: 257/400
Job 203: 258/400
Job 203: 259/400
Job 203: 260/400
Job 203: 261/400
Job 203: 262/400
Job 203: 263/400
Job 203: 264/400
Job 203: 265/400
Job 203: 266/400
Job 203: 267/400
Job 203: 268/400
Job 203: 269/400
Job 203: 270/400
Job 203: 271/400
Job 203: 272/400
Job 203: 273/400
Job 203: 274/400
Job 203: 275/400
Job 203: 276/400
Job 203: 277/400
Job 203: 278/400
Job 203: 279/400
Job 203: 280/400
Job 203: 281/400
Job 203: 282/400
Job 203: 283/400
Job 203: 284/400
Job 203: 285/400
Job 203: 286/400
Job 203: 287/400
Job 203: 288/400
Job 203: 289/400
Job 203: 290/400
Job 203: 291/400
Job 203: 292/400
Job 203: 293/400
Job 203: 294/400
Job 203: 295/400
Job 203: 296/400
Job 203: 297/400
Job 203: 298/400
Job 203: 299/400
Job 203: 300/400
Job 203: 301/400
Job 203: 302/400
Job 203: 303/400
Job 203: 304/400
Job 203: 305/400
Job 203: 306/400
Job 203: 307/400
Job 203: 308/400
Job 203: 309/400
Job 203: 310/400
Job 203: 311/400
Job 203: 312/400
Job 203: 313/400
Job 203: 314/400
Job 203: 315/400
Job 203: 316/400
Job 203: 317/400
Job 203: 318/400
Job 203: 319/400
Job 203: 320/400
Job 203: 321/400
Job 203: 322/400
Job 203: 323/400
Job 203: 324/400
Job 203: 325/400
Job 203: 326/400
Job 203: 327/400
Job 203: 328/400
Job 203: 329/400
Job 203: 330/400
Job 203: 331/400
Job 203: 332/400
Job 203: 333/400
Job 203: 334/400
Job 203: 335/400
Job 203: 336/400
Job 203: 337/400
Job 203: 338/400
Job 203: 339/400
Job 203: 340/400
Job 203: 341/400
Job 203: 342/400
Job 203: 343/400
Job 203: 344/400
Job 203: 345/400
Job 203: 346/400
Job 203: 347/400
Job 203: 348/400
Job 203: 349/400
Job 203: 350/400
Job 203: 351/400
Job 203: 352/400
Job 203: 353/400
Job 203: 354/400
Job 203: 355/400
Job 203: 356/400
Job 203: 357/400
Job 203: 358/400
Job 203: 359/400
Job 203: 360/400
Job 203: 361/400
Job 203: 362/400
Job 203: 363/400
Job 203: 364/400
Job 203: 365/400
Job 203: 366/400
Job 203: 367/400
Job 203: 368/400
Job 203: 369/400
Job 203: 370/400
Job 203: 371/400
Job 203: 372/400
Job 203: 373/400
Job 203: 374/400
Job 203: 375/400
Job 203: 376/400
Job 203: 377/400
Job 203: 378/400
Job 203: 379/400
Job 203: 380/400
Job 203: 381/400
Job 203: 382/400
Job 203: 383/400
Job 203: 384/400
Job 203: 385/400
Job 203: 386/400
Job 203: 387/400
Job 203: 388/400
Job 203: 389/400
Job 203: 390/400
Job 203: 391/400
Job 203: 392/400
Job 203: 393/400
Job 203: 394/400
Job 203: 395/400
Job 203: 396/400
Job 203: 397/400
Job 203: 398/400
Job 203: 399/400
Job 203: 400/400
