Registered S3 methods overwritten by 'susieSlide':
  method              from  
  coef.susie          susieR
  predict.susie       susieR
  print.summary.susie susieR
  summary.susie       susieR
Job 86: 1/400
Job 86: 2/400
Job 86: 3/400
Job 86: 4/400
Job 86: 5/400
Job 86: 6/400
Job 86: 7/400
Job 86: 8/400
Job 86: 9/400
Job 86: 10/400
Job 86: 11/400
Job 86: 12/400
Job 86: 13/400
Job 86: 14/400
Job 86: 15/400
Job 86: 16/400
Job 86: 17/400
Job 86: 18/400
Job 86: 19/400
Job 86: 20/400
Job 86: 21/400
Job 86: 22/400
Job 86: 23/400
Job 86: 24/400
Job 86: 25/400
Job 86: 26/400
Job 86: 27/400
Job 86: 28/400
Job 86: 29/400
Job 86: 30/400
Job 86: 31/400
Job 86: 32/400
Job 86: 33/400
Job 86: 34/400
Job 86: 35/400
Job 86: 36/400
Job 86: 37/400
Job 86: 38/400
Job 86: 39/400
Job 86: 40/400
Job 86: 41/400
Job 86: 42/400
Job 86: 43/400
Job 86: 44/400
Job 86: 45/400
Job 86: 46/400
Job 86: 47/400
Job 86: 48/400
Job 86: 49/400
Job 86: 50/400
Job 86: 51/400
Job 86: 52/400
Job 86: 53/400
Job 86: 54/400
Job 86: 55/400
Job 86: 56/400
Job 86: 57/400
Job 86: 58/400
Job 86: 59/400
Job 86: 60/400
Job 86: 61/400
Job 86: 62/400
Job 86: 63/400
Job 86: 64/400
Job 86: 65/400
Job 86: 66/400
Job 86: 67/400
Job 86: 68/400
Job 86: 69/400
Job 86: 70/400
Job 86: 71/400
Job 86: 72/400
Job 86: 73/400
Job 86: 74/400
Job 86: 75/400
Job 86: 76/400
Job 86: 77/400
Job 86: 78/400
Job 86: 79/400
Job 86: 80/400
Job 86: 81/400
Job 86: 82/400
Job 86: 83/400
Job 86: 84/400
Job 86: 85/400
Job 86: 86/400
Job 86: 87/400
Job 86: 88/400
Job 86: 89/400
Job 86: 90/400
Job 86: 91/400
Job 86: 92/400
Job 86: 93/400
Job 86: 94/400
Job 86: 95/400
Job 86: 96/400
Job 86: 97/400
Job 86: 98/400
Job 86: 99/400
Job 86: 100/400
Job 86: 101/400
Job 86: 102/400
Job 86: 103/400
Job 86: 104/400
Job 86: 105/400
Job 86: 106/400
Job 86: 107/400
Job 86: 108/400
Job 86: 109/400
Job 86: 110/400
Job 86: 111/400
Job 86: 112/400
Job 86: 113/400
Job 86: 114/400
Job 86: 115/400
Job 86: 116/400
Job 86: 117/400
Job 86: 118/400
Job 86: 119/400
Job 86: 120/400
Job 86: 121/400
Job 86: 122/400
Job 86: 123/400
Job 86: 124/400
Job 86: 125/400
Job 86: 126/400
Job 86: 127/400
Job 86: 128/400
Job 86: 129/400
Job 86: 130/400
Job 86: 131/400
Job 86: 132/400
Job 86: 133/400
Job 86: 134/400
Job 86: 135/400
Job 86: 136/400
Job 86: 137/400
Job 86: 138/400
Job 86: 139/400
Job 86: 140/400
Job 86: 141/400
Job 86: 142/400
Job 86: 143/400
Job 86: 144/400
Job 86: 145/400
Job 86: 146/400
Job 86: 147/400
Job 86: 148/400
Job 86: 149/400
Job 86: 150/400
Job 86: 151/400
Job 86: 152/400
Job 86: 153/400
Job 86: 154/400
Job 86: 155/400
Job 86: 156/400
Job 86: 157/400
Job 86: 158/400
Job 86: 159/400
Job 86: 160/400
Job 86: 161/400
Job 86: 162/400
Job 86: 163/400
Job 86: 164/400
Job 86: 165/400
Job 86: 166/400
Job 86: 167/400
Job 86: 168/400
Job 86: 169/400
Job 86: 170/400
Job 86: 171/400
Job 86: 172/400
Job 86: 173/400
Job 86: 174/400
Job 86: 175/400
Job 86: 176/400
Job 86: 177/400
Job 86: 178/400
Job 86: 179/400
Job 86: 180/400
Job 86: 181/400
Job 86: 182/400
Job 86: 183/400
Job 86: 184/400
Job 86: 185/400
Job 86: 186/400
Job 86: 187/400
Job 86: 188/400
Job 86: 189/400
Job 86: 190/400
Job 86: 191/400
Job 86: 192/400
Job 86: 193/400
Job 86: 194/400
Job 86: 195/400
Job 86: 196/400
Job 86: 197/400
Job 86: 198/400
Job 86: 199/400
Job 86: 200/400
Job 86: 201/400
Job 86: 202/400
Job 86: 203/400
Job 86: 204/400
Job 86: 205/400
Job 86: 206/400
Job 86: 207/400
Job 86: 208/400
Job 86: 209/400
Job 86: 210/400
Job 86: 211/400
Job 86: 212/400
Job 86: 213/400
Job 86: 214/400
Job 86: 215/400
Job 86: 216/400
Job 86: 217/400
Job 86: 218/400
Job 86: 219/400
Job 86: 220/400
Job 86: 221/400
Job 86: 222/400
Job 86: 223/400
Job 86: 224/400
Job 86: 225/400
Job 86: 226/400
Job 86: 227/400
Job 86: 228/400
Job 86: 229/400
Job 86: 230/400
Job 86: 231/400
Job 86: 232/400
Job 86: 233/400
Job 86: 234/400
Job 86: 235/400
Job 86: 236/400
Job 86: 237/400
Job 86: 238/400
Job 86: 239/400
Job 86: 240/400
Job 86: 241/400
Job 86: 242/400
Job 86: 243/400
Job 86: 244/400
Job 86: 245/400
Job 86: 246/400
Job 86: 247/400
Job 86: 248/400
Job 86: 249/400
Job 86: 250/400
Job 86: 251/400
Job 86: 252/400
Job 86: 253/400
Job 86: 254/400
Job 86: 255/400
Job 86: 256/400
Job 86: 257/400
Job 86: 258/400
Job 86: 259/400
Job 86: 260/400
Job 86: 261/400
Job 86: 262/400
Job 86: 263/400
Job 86: 264/400
Job 86: 265/400
Job 86: 266/400
Job 86: 267/400
Job 86: 268/400
Job 86: 269/400
Job 86: 270/400
Job 86: 271/400
Job 86: 272/400
Job 86: 273/400
Job 86: 274/400
Job 86: 275/400
Job 86: 276/400
Job 86: 277/400
Job 86: 278/400
Job 86: 279/400
Job 86: 280/400
Job 86: 281/400
Job 86: 282/400
Job 86: 283/400
Job 86: 284/400
Job 86: 285/400
Job 86: 286/400
Job 86: 287/400
Job 86: 288/400
Job 86: 289/400
Job 86: 290/400
Job 86: 291/400
Job 86: 292/400
Job 86: 293/400
Job 86: 294/400
Job 86: 295/400
Job 86: 296/400
Job 86: 297/400
Job 86: 298/400
Job 86: 299/400
Job 86: 300/400
Job 86: 301/400
Job 86: 302/400
Job 86: 303/400
Job 86: 304/400
Job 86: 305/400
Job 86: 306/400
Job 86: 307/400
Job 86: 308/400
Job 86: 309/400
Job 86: 310/400
Job 86: 311/400
Job 86: 312/400
Job 86: 313/400
Job 86: 314/400
Job 86: 315/400
Job 86: 316/400
Job 86: 317/400
Job 86: 318/400
Job 86: 319/400
Job 86: 320/400
Job 86: 321/400
Job 86: 322/400
Job 86: 323/400
Job 86: 324/400
Job 86: 325/400
Job 86: 326/400
Job 86: 327/400
Job 86: 328/400
Job 86: 329/400
Job 86: 330/400
Job 86: 331/400
Job 86: 332/400
Job 86: 333/400
Job 86: 334/400
Job 86: 335/400
Job 86: 336/400
Job 86: 337/400
Job 86: 338/400
Job 86: 339/400
Job 86: 340/400
Job 86: 341/400
Job 86: 342/400
Job 86: 343/400
Job 86: 344/400
Job 86: 345/400
Job 86: 346/400
Job 86: 347/400
Job 86: 348/400
Job 86: 349/400
Job 86: 350/400
Job 86: 351/400
Job 86: 352/400
Job 86: 353/400
Job 86: 354/400
Job 86: 355/400
Job 86: 356/400
Job 86: 357/400
Job 86: 358/400
Job 86: 359/400
Job 86: 360/400
Job 86: 361/400
Job 86: 362/400
Job 86: 363/400
Job 86: 364/400
Job 86: 365/400
Job 86: 366/400
Job 86: 367/400
Job 86: 368/400
Job 86: 369/400
Job 86: 370/400
Job 86: 371/400
Job 86: 372/400
Job 86: 373/400
Job 86: 374/400
Job 86: 375/400
Job 86: 376/400
Job 86: 377/400
Job 86: 378/400
Job 86: 379/400
Job 86: 380/400
Job 86: 381/400
Job 86: 382/400
Job 86: 383/400
Job 86: 384/400
Job 86: 385/400
Job 86: 386/400
Job 86: 387/400
Job 86: 388/400
Job 86: 389/400
Job 86: 390/400
Job 86: 391/400
Job 86: 392/400
Job 86: 393/400
Job 86: 394/400
Job 86: 395/400
Job 86: 396/400
Job 86: 397/400
Job 86: 398/400
Job 86: 399/400
Job 86: 400/400
