Registered S3 methods overwritten by 'susieSlide':
  method              from  
  coef.susie          susieR
  predict.susie       susieR
  print.summary.susie susieR
  summary.susie       susieR
Job 676: 1/400
Job 676: 2/400
Job 676: 3/400
Job 676: 4/400
Job 676: 5/400
Job 676: 6/400
Job 676: 7/400
Job 676: 8/400
Job 676: 9/400
Job 676: 10/400
Job 676: 11/400
Job 676: 12/400
Job 676: 13/400
Job 676: 14/400
Job 676: 15/400
Job 676: 16/400
Job 676: 17/400
Job 676: 18/400
Job 676: 19/400
Job 676: 20/400
Job 676: 21/400
Job 676: 22/400
Job 676: 23/400
Job 676: 24/400
Job 676: 25/400 ERROR: No .raw files found in temp_dir.
Job 676: 26/400 ERROR: No .raw files found in temp_dir.
Job 676: 27/400 ERROR: No .raw files found in temp_dir.
Job 676: 28/400 ERROR: No .raw files found in temp_dir.
Job 676: 29/400 ERROR: No .raw files found in temp_dir.
Job 676: 30/400 ERROR: No .raw files found in temp_dir.
Job 676: 31/400 ERROR: No .raw files found in temp_dir.
Job 676: 32/400 ERROR: No .raw files found in temp_dir.
Job 676: 33/400 ERROR: No .raw files found in temp_dir.
Job 676: 34/400 ERROR: No .raw files found in temp_dir.
Job 676: 35/400 ERROR: No .raw files found in temp_dir.
Job 676: 36/400 ERROR: No .raw files found in temp_dir.
Job 676: 37/400 ERROR: No .raw files found in temp_dir.
Job 676: 38/400 ERROR: No .raw files found in temp_dir.
Job 676: 39/400 ERROR: No .raw files found in temp_dir.
Job 676: 40/400 ERROR: No .raw files found in temp_dir.
Job 676: 41/400 ERROR: No .raw files found in temp_dir.
Job 676: 42/400 ERROR: No .raw files found in temp_dir.
Job 676: 43/400 ERROR: No .raw files found in temp_dir.
Job 676: 44/400 ERROR: No .raw files found in temp_dir.
Job 676: 45/400 ERROR: No .raw files found in temp_dir.
Job 676: 46/400 ERROR: No .raw files found in temp_dir.
Job 676: 47/400 ERROR: No .raw files found in temp_dir.
Job 676: 48/400 ERROR: No .raw files found in temp_dir.
Job 676: 49/400 ERROR: No .raw files found in temp_dir.
Job 676: 50/400 ERROR: No .raw files found in temp_dir.
Job 676: 51/400 ERROR: No .raw files found in temp_dir.
Job 676: 52/400 ERROR: No .raw files found in temp_dir.
Job 676: 53/400 ERROR: No .raw files found in temp_dir.
Job 676: 54/400 ERROR: No .raw files found in temp_dir.
Job 676: 55/400 ERROR: No .raw files found in temp_dir.
Job 676: 56/400 ERROR: No .raw files found in temp_dir.
Job 676: 57/400 ERROR: No .raw files found in temp_dir.
Job 676: 58/400 ERROR: No .raw files found in temp_dir.
Job 676: 59/400 ERROR: No .raw files found in temp_dir.
Job 676: 60/400 ERROR: No .raw files found in temp_dir.
Job 676: 61/400 ERROR: No .raw files found in temp_dir.
Job 676: 62/400 ERROR: No .raw files found in temp_dir.
Job 676: 63/400 ERROR: No .raw files found in temp_dir.
Job 676: 64/400 ERROR: No .raw files found in temp_dir.
Job 676: 65/400 ERROR: No .raw files found in temp_dir.
Job 676: 66/400 ERROR: No .raw files found in temp_dir.
Job 676: 67/400 ERROR: No .raw files found in temp_dir.
Job 676: 68/400 ERROR: No .raw files found in temp_dir.
Job 676: 69/400 ERROR: No .raw files found in temp_dir.
Job 676: 70/400 ERROR: No .raw files found in temp_dir.
Job 676: 71/400 ERROR: No .raw files found in temp_dir.
Job 676: 72/400 ERROR: No .raw files found in temp_dir.
Job 676: 73/400 ERROR: No .raw files found in temp_dir.
Job 676: 74/400 ERROR: No .raw files found in temp_dir.
Job 676: 75/400 ERROR: No .raw files found in temp_dir.
Job 676: 76/400 ERROR: No .raw files found in temp_dir.
Job 676: 77/400 ERROR: No .raw files found in temp_dir.
Job 676: 78/400 ERROR: No .raw files found in temp_dir.
Job 676: 79/400 ERROR: No .raw files found in temp_dir.
Job 676: 80/400 ERROR: No .raw files found in temp_dir.
Job 676: 81/400 ERROR: No .raw files found in temp_dir.
Job 676: 82/400 ERROR: No .raw files found in temp_dir.
Job 676: 83/400 ERROR: No .raw files found in temp_dir.
Job 676: 84/400 ERROR: No .raw files found in temp_dir.
Job 676: 85/400 ERROR: No .raw files found in temp_dir.
Job 676: 86/400 ERROR: No .raw files found in temp_dir.
Job 676: 87/400 ERROR: No .raw files found in temp_dir.
Job 676: 88/400 ERROR: No .raw files found in temp_dir.
Job 676: 89/400 ERROR: No .raw files found in temp_dir.
Job 676: 90/400 ERROR: No .raw files found in temp_dir.
Job 676: 91/400 ERROR: No .raw files found in temp_dir.
Job 676: 92/400 ERROR: No .raw files found in temp_dir.
Job 676: 93/400 ERROR: No .raw files found in temp_dir.
Job 676: 94/400 ERROR: No .raw files found in temp_dir.
Job 676: 95/400 ERROR: Not enough donors for the requested n.
Job 676: 96/400
Job 676: 97/400
Job 676: 98/400
Job 676: 99/400
Job 676: 100/400
Job 676: 101/400
Job 676: 102/400
Job 676: 103/400
Job 676: 104/400
Job 676: 105/400
Job 676: 106/400
Job 676: 107/400
Job 676: 108/400
Job 676: 109/400
Job 676: 110/400
Job 676: 111/400
Job 676: 112/400
Job 676: 113/400
Job 676: 114/400
Job 676: 115/400
Job 676: 116/400
Job 676: 117/400
Job 676: 118/400
Job 676: 119/400
Job 676: 120/400
Job 676: 121/400
Job 676: 122/400
Job 676: 123/400
Job 676: 124/400
Job 676: 125/400
Job 676: 126/400 ERROR: No .raw files found in temp_dir.
Job 676: 127/400 ERROR: No .raw files found in temp_dir.
Job 676: 128/400 ERROR: No .raw files found in temp_dir.
Job 676: 129/400 ERROR: No .raw files found in temp_dir.
Job 676: 130/400 ERROR: No .raw files found in temp_dir.
Job 676: 131/400 ERROR: No .raw files found in temp_dir.
Job 676: 132/400 ERROR: No .raw files found in temp_dir.
Job 676: 133/400 ERROR: No .raw files found in temp_dir.
Job 676: 134/400 ERROR: No .raw files found in temp_dir.
Job 676: 135/400 ERROR: No .raw files found in temp_dir.
Job 676: 136/400 ERROR: No .raw files found in temp_dir.
Job 676: 137/400 ERROR: No .raw files found in temp_dir.
Job 676: 138/400 ERROR: No .raw files found in temp_dir.
Job 676: 139/400 ERROR: No .raw files found in temp_dir.
Job 676: 140/400 ERROR: No .raw files found in temp_dir.
Job 676: 141/400 ERROR: No .raw files found in temp_dir.
Job 676: 142/400 ERROR: No .raw files found in temp_dir.
Job 676: 143/400 ERROR: No .raw files found in temp_dir.
Job 676: 144/400 ERROR: No .raw files found in temp_dir.
Job 676: 145/400 ERROR: No .raw files found in temp_dir.
Job 676: 146/400 ERROR: No .raw files found in temp_dir.
Job 676: 147/400 ERROR: No .raw files found in temp_dir.
Job 676: 148/400 ERROR: No .raw files found in temp_dir.
Job 676: 149/400 ERROR: No .raw files found in temp_dir.
Job 676: 150/400 ERROR: No .raw files found in temp_dir.
Job 676: 151/400 ERROR: No .raw files found in temp_dir.
Job 676: 152/400 ERROR: No .raw files found in temp_dir.
Job 676: 153/400 ERROR: No .raw files found in temp_dir.
Job 676: 154/400 ERROR: No .raw files found in temp_dir.
Job 676: 155/400 ERROR: No .raw files found in temp_dir.
Job 676: 156/400 ERROR: No .raw files found in temp_dir.
Job 676: 157/400 ERROR: No .raw files found in temp_dir.
Job 676: 158/400 ERROR: No .raw files found in temp_dir.
Job 676: 159/400 ERROR: No .raw files found in temp_dir.
Job 676: 160/400 ERROR: No .raw files found in temp_dir.
Job 676: 161/400 ERROR: No .raw files found in temp_dir.
Job 676: 162/400 ERROR: No .raw files found in temp_dir.
Job 676: 163/400 ERROR: No .raw files found in temp_dir.
Job 676: 164/400 ERROR: No .raw files found in temp_dir.
Job 676: 165/400 ERROR: No .raw files found in temp_dir.
Job 676: 166/400 ERROR: No .raw files found in temp_dir.
Job 676: 167/400 ERROR: No .raw files found in temp_dir.
Job 676: 168/400 ERROR: No .raw files found in temp_dir.
Job 676: 169/400
Job 676: 170/400
Job 676: 171/400
Job 676: 172/400
Job 676: 173/400
Job 676: 174/400
Job 676: 175/400
Job 676: 176/400
Job 676: 177/400
Job 676: 178/400
Job 676: 179/400
Job 676: 180/400
Job 676: 181/400
Job 676: 182/400
Job 676: 183/400
Job 676: 184/400
Job 676: 185/400
Job 676: 186/400
Job 676: 187/400
Job 676: 188/400
Job 676: 189/400
Job 676: 190/400
Job 676: 191/400
Job 676: 192/400
Job 676: 193/400
Job 676: 194/400
Job 676: 195/400
Job 676: 196/400
Job 676: 197/400
Job 676: 198/400
Job 676: 199/400
Job 676: 200/400
Job 676: 201/400
Job 676: 202/400 ERROR: No .raw files found in temp_dir.
Job 676: 203/400 ERROR: No .raw files found in temp_dir.
Job 676: 204/400 ERROR: No .raw files found in temp_dir.
Job 676: 205/400 ERROR: No .raw files found in temp_dir.
Job 676: 206/400 ERROR: No .raw files found in temp_dir.
Job 676: 207/400 ERROR: No .raw files found in temp_dir.
Job 676: 208/400 ERROR: No .raw files found in temp_dir.
Job 676: 209/400 ERROR: No .raw files found in temp_dir.
Job 676: 210/400 ERROR: No .raw files found in temp_dir.
Job 676: 211/400 ERROR: No .raw files found in temp_dir.
Job 676: 212/400 ERROR: No .raw files found in temp_dir.
Job 676: 213/400 ERROR: No .raw files found in temp_dir.
Job 676: 214/400 ERROR: No .raw files found in temp_dir.
Job 676: 215/400 ERROR: No .raw files found in temp_dir.
Job 676: 216/400 ERROR: No .raw files found in temp_dir.
Job 676: 217/400 ERROR: No .raw files found in temp_dir.
Job 676: 218/400 ERROR: No .raw files found in temp_dir.
Job 676: 219/400 ERROR: No .raw files found in temp_dir.
Job 676: 220/400 ERROR: No .raw files found in temp_dir.
Job 676: 221/400 ERROR: No .raw files found in temp_dir.
Job 676: 222/400 ERROR: No .raw files found in temp_dir.
Job 676: 223/400 ERROR: No .raw files found in temp_dir.
Job 676: 224/400 ERROR: No .raw files found in temp_dir.
Job 676: 225/400 ERROR: No .raw files found in temp_dir.
Job 676: 226/400 ERROR: No .raw files found in temp_dir.
Job 676: 227/400 ERROR: No .raw files found in temp_dir.
Job 676: 228/400 ERROR: No .raw files found in temp_dir.
Job 676: 229/400 ERROR: No .raw files found in temp_dir.
Job 676: 230/400 ERROR: No .raw files found in temp_dir.
Job 676: 231/400 ERROR: No .raw files found in temp_dir.
Job 676: 232/400 ERROR: No .raw files found in temp_dir.
Job 676: 233/400 ERROR: No .raw files found in temp_dir.
Job 676: 234/400 ERROR: No .raw files found in temp_dir.
Job 676: 235/400 ERROR: No .raw files found in temp_dir.
Job 676: 236/400 ERROR: No .raw files found in temp_dir.
Job 676: 237/400 ERROR: No .raw files found in temp_dir.
Job 676: 238/400 ERROR: No .raw files found in temp_dir.
Job 676: 239/400 ERROR: No .raw files found in temp_dir.
Job 676: 240/400 ERROR: No .raw files found in temp_dir.
Job 676: 241/400 ERROR: No .raw files found in temp_dir.
Job 676: 242/400 ERROR: No .raw files found in temp_dir.
Job 676: 243/400 ERROR: No .raw files found in temp_dir.
Job 676: 244/400 ERROR: No .raw files found in temp_dir.
Job 676: 245/400 ERROR: No .raw files found in temp_dir.
Job 676: 246/400 ERROR: No .raw files found in temp_dir.
Job 676: 247/400 ERROR: No .raw files found in temp_dir.
Job 676: 248/400 ERROR: No .raw files found in temp_dir.
Job 676: 249/400 ERROR: No .raw files found in temp_dir.
Job 676: 250/400 ERROR: No .raw files found in temp_dir.
Job 676: 251/400 ERROR: No .raw files found in temp_dir.
Job 676: 252/400 ERROR: No .raw files found in temp_dir.
Job 676: 253/400 ERROR: No .raw files found in temp_dir.
Job 676: 254/400 ERROR: No .raw files found in temp_dir.
Job 676: 255/400 ERROR: No .raw files found in temp_dir.
Job 676: 256/400 ERROR: No .raw files found in temp_dir.
Job 676: 257/400 ERROR: No .raw files found in temp_dir.
Job 676: 258/400 ERROR: No .raw files found in temp_dir.
Job 676: 259/400 ERROR: No .raw files found in temp_dir.
Job 676: 260/400 ERROR: No .raw files found in temp_dir.
Job 676: 261/400 ERROR: No .raw files found in temp_dir.
Job 676: 262/400 ERROR: No .raw files found in temp_dir.
Job 676: 263/400 ERROR: No .raw files found in temp_dir.
Job 676: 264/400 ERROR: No .raw files found in temp_dir.
Job 676: 265/400 ERROR: No .raw files found in temp_dir.
Job 676: 266/400 ERROR: No .raw files found in temp_dir.
Job 676: 267/400 ERROR: No .raw files found in temp_dir.
Job 676: 268/400 ERROR: No .raw files found in temp_dir.
Job 676: 269/400 ERROR: No .raw files found in temp_dir.
Job 676: 270/400 ERROR: No .raw files found in temp_dir.
Job 676: 271/400 ERROR: No .raw files found in temp_dir.
Job 676: 272/400 ERROR: No .raw files found in temp_dir.
Job 676: 273/400 ERROR: No .raw files found in temp_dir.
Job 676: 274/400 ERROR: No .raw files found in temp_dir.
Job 676: 275/400 ERROR: No .raw files found in temp_dir.
Job 676: 276/400 ERROR: No .raw files found in temp_dir.
Job 676: 277/400 ERROR: No .raw files found in temp_dir.
Job 676: 278/400 ERROR: No .raw files found in temp_dir.
Job 676: 279/400 ERROR: No .raw files found in temp_dir.
Job 676: 280/400 ERROR: No .raw files found in temp_dir.
Job 676: 281/400 ERROR: No .raw files found in temp_dir.
Job 676: 282/400 ERROR: No .raw files found in temp_dir.
Job 676: 283/400 ERROR: No .raw files found in temp_dir.
Job 676: 284/400 ERROR: No .raw files found in temp_dir.
Job 676: 285/400 ERROR: No .raw files found in temp_dir.
Job 676: 286/400 ERROR: No .raw files found in temp_dir.
Job 676: 287/400 ERROR: No .raw files found in temp_dir.
Job 676: 288/400 ERROR: No .raw files found in temp_dir.
Job 676: 289/400 ERROR: No .raw files found in temp_dir.
Job 676: 290/400 ERROR: No .raw files found in temp_dir.
Job 676: 291/400 ERROR: No .raw files found in temp_dir.
Job 676: 292/400 ERROR: No .raw files found in temp_dir.
Job 676: 293/400 ERROR: No .raw files found in temp_dir.
Job 676: 294/400 ERROR: No .raw files found in temp_dir.
Job 676: 295/400 ERROR: No .raw files found in temp_dir.
Job 676: 296/400 ERROR: No .raw files found in temp_dir.
Job 676: 297/400 ERROR: No .raw files found in temp_dir.
Job 676: 298/400 ERROR: No .raw files found in temp_dir.
Job 676: 299/400 ERROR: No .raw files found in temp_dir.
Job 676: 300/400 ERROR: No .raw files found in temp_dir.
Job 676: 301/400 ERROR: No .raw files found in temp_dir.
Job 676: 302/400 ERROR: No .raw files found in temp_dir.
Job 676: 303/400 ERROR: No .raw files found in temp_dir.
Job 676: 304/400 ERROR: No .raw files found in temp_dir.
Job 676: 305/400 ERROR: No .raw files found in temp_dir.
Job 676: 306/400 ERROR: No .raw files found in temp_dir.
Job 676: 307/400 ERROR: No .raw files found in temp_dir.
Job 676: 308/400 ERROR: No .raw files found in temp_dir.
Job 676: 309/400 ERROR: No .raw files found in temp_dir.
Job 676: 310/400 ERROR: No .raw files found in temp_dir.
Job 676: 311/400 ERROR: No .raw files found in temp_dir.
Job 676: 312/400 ERROR: No .raw files found in temp_dir.
Job 676: 313/400 ERROR: No .raw files found in temp_dir.
Job 676: 314/400 ERROR: No .raw files found in temp_dir.
Job 676: 315/400 ERROR: No .raw files found in temp_dir.
Job 676: 316/400 ERROR: No .raw files found in temp_dir.
Job 676: 317/400 ERROR: No .raw files found in temp_dir.
Job 676: 318/400 ERROR: No .raw files found in temp_dir.
Job 676: 319/400 ERROR: No .raw files found in temp_dir.
Job 676: 320/400 ERROR: No .raw files found in temp_dir.
Job 676: 321/400 ERROR: No .raw files found in temp_dir.
Job 676: 322/400 ERROR: No .raw files found in temp_dir.
Job 676: 323/400 ERROR: No .raw files found in temp_dir.
Job 676: 324/400 ERROR: No .raw files found in temp_dir.
Job 676: 325/400 ERROR: No .raw files found in temp_dir.
Job 676: 326/400 ERROR: No .raw files found in temp_dir.
Job 676: 327/400 ERROR: No .raw files found in temp_dir.
Job 676: 328/400 ERROR: No .raw files found in temp_dir.
Job 676: 329/400 ERROR: No .raw files found in temp_dir.
Job 676: 330/400 ERROR: No .raw files found in temp_dir.
Job 676: 331/400 ERROR: No .raw files found in temp_dir.
Job 676: 332/400 ERROR: No .raw files found in temp_dir.
Job 676: 333/400 ERROR: No .raw files found in temp_dir.
Job 676: 334/400 ERROR: No .raw files found in temp_dir.
Job 676: 335/400 ERROR: No .raw files found in temp_dir.
Job 676: 336/400 ERROR: No .raw files found in temp_dir.
Job 676: 337/400 ERROR: No .raw files found in temp_dir.
Job 676: 338/400 ERROR: No .raw files found in temp_dir.
Job 676: 339/400 ERROR: No .raw files found in temp_dir.
Job 676: 340/400 ERROR: No .raw files found in temp_dir.
Job 676: 341/400 ERROR: No .raw files found in temp_dir.
Job 676: 342/400 ERROR: No .raw files found in temp_dir.
Job 676: 343/400 ERROR: No .raw files found in temp_dir.
Job 676: 344/400 ERROR: No .raw files found in temp_dir.
Job 676: 345/400 ERROR: No .raw files found in temp_dir.
Job 676: 346/400 ERROR: No .raw files found in temp_dir.
Job 676: 347/400 ERROR: No .raw files found in temp_dir.
Job 676: 348/400 ERROR: No .raw files found in temp_dir.
Job 676: 349/400 ERROR: No .raw files found in temp_dir.
Job 676: 350/400 ERROR: No .raw files found in temp_dir.
Job 676: 351/400 ERROR: No .raw files found in temp_dir.
Job 676: 352/400 ERROR: No .raw files found in temp_dir.
Job 676: 353/400 ERROR: No .raw files found in temp_dir.
Job 676: 354/400 ERROR: No .raw files found in temp_dir.
Job 676: 355/400 ERROR: No .raw files found in temp_dir.
Job 676: 356/400 ERROR: No .raw files found in temp_dir.
Job 676: 357/400 ERROR: No .raw files found in temp_dir.
Job 676: 358/400 ERROR: No .raw files found in temp_dir.
Job 676: 359/400 ERROR: No .raw files found in temp_dir.
Job 676: 360/400 ERROR: No .raw files found in temp_dir.
Job 676: 361/400 ERROR: No .raw files found in temp_dir.
Job 676: 362/400 ERROR: No .raw files found in temp_dir.
Job 676: 363/400 ERROR: No .raw files found in temp_dir.
Job 676: 364/400 ERROR: No .raw files found in temp_dir.
Job 676: 365/400 ERROR: No .raw files found in temp_dir.
Job 676: 366/400 ERROR: No .raw files found in temp_dir.
Job 676: 367/400 ERROR: No .raw files found in temp_dir.
Job 676: 368/400 ERROR: No .raw files found in temp_dir.
Job 676: 369/400 ERROR: No .raw files found in temp_dir.
Job 676: 370/400 ERROR: No .raw files found in temp_dir.
Job 676: 371/400 ERROR: No .raw files found in temp_dir.
Job 676: 372/400 ERROR: No .raw files found in temp_dir.
Job 676: 373/400 ERROR: No .raw files found in temp_dir.
Job 676: 374/400 ERROR: No .raw files found in temp_dir.
Job 676: 375/400 ERROR: No .raw files found in temp_dir.
Job 676: 376/400 ERROR: No .raw files found in temp_dir.
Job 676: 377/400 ERROR: No .raw files found in temp_dir.
Job 676: 378/400 ERROR: No .raw files found in temp_dir.
Job 676: 379/400 ERROR: No .raw files found in temp_dir.
Job 676: 380/400 ERROR: No .raw files found in temp_dir.
Job 676: 381/400 ERROR: No .raw files found in temp_dir.
Job 676: 382/400 ERROR: No .raw files found in temp_dir.
Job 676: 383/400 ERROR: No .raw files found in temp_dir.
Job 676: 384/400 ERROR: No .raw files found in temp_dir.
Job 676: 385/400 ERROR: No .raw files found in temp_dir.
Job 676: 386/400 ERROR: No .raw files found in temp_dir.
Job 676: 387/400 ERROR: No .raw files found in temp_dir.
Job 676: 388/400 ERROR: No .raw files found in temp_dir.
Job 676: 389/400 ERROR: No .raw files found in temp_dir.
Job 676: 390/400 ERROR: No .raw files found in temp_dir.
Job 676: 391/400 ERROR: No .raw files found in temp_dir.
Job 676: 392/400 ERROR: No .raw files found in temp_dir.
Job 676: 393/400 ERROR: No .raw files found in temp_dir.
Job 676: 394/400 ERROR: No .raw files found in temp_dir.
Job 676: 395/400 ERROR: No .raw files found in temp_dir.
Job 676: 396/400 ERROR: No .raw files found in temp_dir.
Job 676: 397/400 ERROR: No .raw files found in temp_dir.
Job 676: 398/400 ERROR: No .raw files found in temp_dir.
Job 676: 399/400 ERROR: No .raw files found in temp_dir.
Job 676: 400/400 ERROR: No .raw files found in temp_dir.
Warning messages:
1: In data.table::fread(raw_file, data.table = FALSE) :
  Discarded single-line footer: <<0	GTEX-13FLW	0	0	0	-9	2	2	2	2	2	0	2	2	2	2	2	2	1	1	2	2	2	2	2	2	2	2	2	2	2	2	2	2	0	2	0	2	2	2	0	2	2	0	2	2	2	2	2	2	2	2	2	2	1	2	2	2	2	2	2	0	2	2	2	2	2	2	2	2	2	2	2	2	2	2	2	1	2	1	2	2	2	0	2	2	2	2	2	2	2	2	2	2	2	2	0	2	2	2	2	2	2	2	2	2	2	2	2	2	0	2	2	2	1	2	2	2	2	1	2	2	2	2	2	2	2	2	2	2	2	2	2	1	2	0	2	2	2	2	1	2	1	2	0	2	0	2	1	2	2	2	2	2	2	2	2	2	2	2	2	2	2	2	2	2	2	2	2	2	2	2	2	2	2	2	1	2	2	2	2	1	2	2	2	2	2	2	2	2	2	2	2	2	2	2	2	2	1	2	2	2	2	2	2	2	2	2	2	2	2	2	2	2	2	2	2	2	2	2	2	2	2	2	2	2	2	2	2	2	2	2	2	2	2	1	2	2	2	2	2	2	2	2	2	>>
2: In data.table::fread(raw_file, data.table = FALSE) :
  Discarded single-line footer: <<0	GTEX-WRHU	0	0	0	-9	2	2	2	2	2	1	2	2	2	2	2	2	1	2	2	2	2	2	2	2	2	2	2	2	2	2	2	2	0	2	0	2	2	2	1	2	2	0	2	2	2	2	2	2	2	2	2	2	2	2	2	2	2	2	2	0	2	2	2	2	2	2	2	2	2	2	2	2	2	2	2	2	2	1	2	2	2	0	2	2	2	2	2	2	2	2	2	2	2	2	0	2	2	2	2	2	2	2	2	2	2	2	2	2	0	2	2	2	2	2	2	2	2	1	2	2	2	2	2	2	2	2	2	2	2	2	2	2	2	0	2	2	2	2	2	2	2	2	1	2	1	2	1	2	2	2	2	2	2	2	2	2	2	2	2	2	2	2	2	2	2	2	2	2	2	2	2	2	2	2	2	2	2	2	2	2	2	2	2	2	2	2	2	2	2	2	2	2	2	2	2	2	2	2	2	2	2	2	2	2	2	2	2	2	2	2	2	2	2	2	2	2	2	2	2	2	2	2	2	2	2	2	2	2	2	2	2	2	2	2	2	2	2	2	2	2	2	2	2	2>>
