Registered S3 methods overwritten by 'susieSlide':
  method              from  
  coef.susie          susieR
  predict.susie       susieR
  print.summary.susie susieR
  summary.susie       susieR
Job 102: 1/400
Job 102: 2/400
Job 102: 3/400
Job 102: 4/400
Job 102: 5/400
Job 102: 6/400
Job 102: 7/400
Job 102: 8/400
Job 102: 9/400
Job 102: 10/400
Job 102: 11/400
Job 102: 12/400
Job 102: 13/400
Job 102: 14/400
Job 102: 15/400
Job 102: 16/400
Job 102: 17/400
Job 102: 18/400
Job 102: 19/400
Job 102: 20/400
Job 102: 21/400
Job 102: 22/400
Job 102: 23/400
Job 102: 24/400
Job 102: 25/400
Job 102: 26/400
Job 102: 27/400
Job 102: 28/400
Job 102: 29/400
Job 102: 30/400
Job 102: 31/400
Job 102: 32/400
Job 102: 33/400
Job 102: 34/400
Job 102: 35/400
Job 102: 36/400
Job 102: 37/400
Job 102: 38/400
Job 102: 39/400
Job 102: 40/400
Job 102: 41/400
Job 102: 42/400
Job 102: 43/400
Job 102: 44/400
Job 102: 45/400
Job 102: 46/400
Job 102: 47/400
Job 102: 48/400
Job 102: 49/400
Job 102: 50/400
Job 102: 51/400
Job 102: 52/400
Job 102: 53/400
Job 102: 54/400
Job 102: 55/400
Job 102: 56/400
Job 102: 57/400
Job 102: 58/400
Job 102: 59/400
Job 102: 60/400
Job 102: 61/400
Job 102: 62/400
Job 102: 63/400
Job 102: 64/400
Job 102: 65/400
Job 102: 66/400
Job 102: 67/400
Job 102: 68/400
Job 102: 69/400
Job 102: 70/400
Job 102: 71/400
Job 102: 72/400
Job 102: 73/400
Job 102: 74/400
Job 102: 75/400
Job 102: 76/400
Job 102: 77/400
Job 102: 78/400
Job 102: 79/400
Job 102: 80/400
Job 102: 81/400
Job 102: 82/400
Job 102: 83/400
Job 102: 84/400
Job 102: 85/400
Job 102: 86/400
Job 102: 87/400
Job 102: 88/400
Job 102: 89/400
Job 102: 90/400
Job 102: 91/400
Job 102: 92/400
Job 102: 93/400
Job 102: 94/400
Job 102: 95/400
Job 102: 96/400
Job 102: 97/400
Job 102: 98/400
Job 102: 99/400
Job 102: 100/400
Job 102: 101/400
Job 102: 102/400
Job 102: 103/400
Job 102: 104/400
Job 102: 105/400
Job 102: 106/400
Job 102: 107/400
Job 102: 108/400
Job 102: 109/400
Job 102: 110/400
Job 102: 111/400
Job 102: 112/400
Job 102: 113/400
Job 102: 114/400
Job 102: 115/400
Job 102: 116/400
Job 102: 117/400
Job 102: 118/400
Job 102: 119/400
Job 102: 120/400
Job 102: 121/400
Job 102: 122/400
Job 102: 123/400
Job 102: 124/400
Job 102: 125/400
Job 102: 126/400
Job 102: 127/400
Job 102: 128/400
Job 102: 129/400
Job 102: 130/400
Job 102: 131/400
Job 102: 132/400
Job 102: 133/400
Job 102: 134/400
Job 102: 135/400
Job 102: 136/400
Job 102: 137/400
Job 102: 138/400
Job 102: 139/400
Job 102: 140/400
Job 102: 141/400
Job 102: 142/400
Job 102: 143/400
Job 102: 144/400
Job 102: 145/400
Job 102: 146/400
Job 102: 147/400
Job 102: 148/400
Job 102: 149/400
Job 102: 150/400
Job 102: 151/400
Job 102: 152/400
Job 102: 153/400
Job 102: 154/400
Job 102: 155/400
Job 102: 156/400
Job 102: 157/400
Job 102: 158/400
Job 102: 159/400
Job 102: 160/400
Job 102: 161/400
Job 102: 162/400
Job 102: 163/400
Job 102: 164/400
Job 102: 165/400
Job 102: 166/400
Job 102: 167/400
Job 102: 168/400
Job 102: 169/400
Job 102: 170/400
Job 102: 171/400
Job 102: 172/400
Job 102: 173/400
Job 102: 174/400
Job 102: 175/400
Job 102: 176/400
Job 102: 177/400
Job 102: 178/400
Job 102: 179/400
Job 102: 180/400
Job 102: 181/400
Job 102: 182/400
Job 102: 183/400
Job 102: 184/400
Job 102: 185/400
Job 102: 186/400
Job 102: 187/400
Job 102: 188/400
Job 102: 189/400
Job 102: 190/400
Job 102: 191/400
Job 102: 192/400
Job 102: 193/400
Job 102: 194/400
Job 102: 195/400
Job 102: 196/400
Job 102: 197/400
Job 102: 198/400
Job 102: 199/400
Job 102: 200/400
Job 102: 201/400
Job 102: 202/400
Job 102: 203/400
Job 102: 204/400
Job 102: 205/400
Job 102: 206/400
Job 102: 207/400
Job 102: 208/400
Job 102: 209/400
Job 102: 210/400
Job 102: 211/400
Job 102: 212/400
Job 102: 213/400
Job 102: 214/400
Job 102: 215/400
Job 102: 216/400
Job 102: 217/400
Job 102: 218/400
Job 102: 219/400
Job 102: 220/400
Job 102: 221/400
Job 102: 222/400
Job 102: 223/400
Job 102: 224/400
Job 102: 225/400
Job 102: 226/400
Job 102: 227/400
Job 102: 228/400
Job 102: 229/400
Job 102: 230/400
Job 102: 231/400
Job 102: 232/400
Job 102: 233/400
Job 102: 234/400
Job 102: 235/400
Job 102: 236/400
Job 102: 237/400
Job 102: 238/400
Job 102: 239/400
Job 102: 240/400
Job 102: 241/400
Job 102: 242/400
Job 102: 243/400
Job 102: 244/400
Job 102: 245/400
Job 102: 246/400
Job 102: 247/400
Job 102: 248/400
Job 102: 249/400
Job 102: 250/400
Job 102: 251/400
Job 102: 252/400
Job 102: 253/400
Job 102: 254/400
Job 102: 255/400
Job 102: 256/400
Job 102: 257/400
Job 102: 258/400
Job 102: 259/400
Job 102: 260/400
Job 102: 261/400
Job 102: 262/400
Job 102: 263/400
Job 102: 264/400
Job 102: 265/400
Job 102: 266/400
Job 102: 267/400
Job 102: 268/400
Job 102: 269/400
Job 102: 270/400
Job 102: 271/400
Job 102: 272/400
Job 102: 273/400
Job 102: 274/400
Job 102: 275/400
Job 102: 276/400
Job 102: 277/400
Job 102: 278/400
Job 102: 279/400
Job 102: 280/400
Job 102: 281/400
Job 102: 282/400
Job 102: 283/400
Job 102: 284/400
Job 102: 285/400
Job 102: 286/400
Job 102: 287/400
Job 102: 288/400
Job 102: 289/400
Job 102: 290/400
Job 102: 291/400
Job 102: 292/400
Job 102: 293/400
Job 102: 294/400
Job 102: 295/400
Job 102: 296/400
Job 102: 297/400
Job 102: 298/400
Job 102: 299/400
Job 102: 300/400
Job 102: 301/400
Job 102: 302/400
Job 102: 303/400
Job 102: 304/400
Job 102: 305/400
Job 102: 306/400
Job 102: 307/400
Job 102: 308/400
Job 102: 309/400
Job 102: 310/400
Job 102: 311/400
Job 102: 312/400
Job 102: 313/400
Job 102: 314/400
Job 102: 315/400
Job 102: 316/400
Job 102: 317/400
Job 102: 318/400
Job 102: 319/400
Job 102: 320/400
Job 102: 321/400
Job 102: 322/400
Job 102: 323/400
Job 102: 324/400
Job 102: 325/400
Job 102: 326/400
Job 102: 327/400
Job 102: 328/400
Job 102: 329/400
Job 102: 330/400
Job 102: 331/400
Job 102: 332/400
Job 102: 333/400
Job 102: 334/400
Job 102: 335/400
Job 102: 336/400
Job 102: 337/400
Job 102: 338/400
Job 102: 339/400
Job 102: 340/400
Job 102: 341/400
Job 102: 342/400
Job 102: 343/400
Job 102: 344/400
Job 102: 345/400
Job 102: 346/400
Job 102: 347/400
Job 102: 348/400
Job 102: 349/400
Job 102: 350/400
Job 102: 351/400
Job 102: 352/400
Job 102: 353/400
Job 102: 354/400
Job 102: 355/400
Job 102: 356/400
Job 102: 357/400
Job 102: 358/400
Job 102: 359/400
Job 102: 360/400
Job 102: 361/400
Job 102: 362/400
Job 102: 363/400
Job 102: 364/400
Job 102: 365/400
Job 102: 366/400
Job 102: 367/400
Job 102: 368/400
Job 102: 369/400
Job 102: 370/400
Job 102: 371/400
Job 102: 372/400
Job 102: 373/400
Job 102: 374/400
Job 102: 375/400
Job 102: 376/400
Job 102: 377/400
Job 102: 378/400
Job 102: 379/400
Job 102: 380/400
Job 102: 381/400
Job 102: 382/400
Job 102: 383/400
Job 102: 384/400
Job 102: 385/400
Job 102: 386/400
Job 102: 387/400
Job 102: 388/400
Job 102: 389/400
Job 102: 390/400
Job 102: 391/400
Job 102: 392/400
Job 102: 393/400
Job 102: 394/400
Job 102: 395/400
Job 102: 396/400
Job 102: 397/400
Job 102: 398/400
Job 102: 399/400
Job 102: 400/400
