Registered S3 methods overwritten by 'susieSlide':
  method              from  
  coef.susie          susieR
  predict.susie       susieR
  print.summary.susie susieR
  summary.susie       susieR
Job 578: 1/400
Job 578: 2/400
Job 578: 3/400
Job 578: 4/400
Job 578: 5/400
Job 578: 6/400
Job 578: 7/400
Job 578: 8/400
Job 578: 9/400
Job 578: 10/400
Job 578: 11/400
Job 578: 12/400
Job 578: 13/400
Job 578: 14/400
Job 578: 15/400
Job 578: 16/400
Job 578: 17/400
Job 578: 18/400
Job 578: 19/400
Job 578: 20/400
Job 578: 21/400
Job 578: 22/400
Job 578: 23/400
Job 578: 24/400
Job 578: 25/400
Job 578: 26/400
Job 578: 27/400
Job 578: 28/400
Job 578: 29/400
Job 578: 30/400
Job 578: 31/400
Job 578: 32/400
Job 578: 33/400
Job 578: 34/400
Job 578: 35/400
Job 578: 36/400
Job 578: 37/400
Job 578: 38/400
Job 578: 39/400
Job 578: 40/400
Job 578: 41/400
Job 578: 42/400
Job 578: 43/400
Job 578: 44/400
Job 578: 45/400
Job 578: 46/400
Job 578: 47/400
Job 578: 48/400
Job 578: 49/400
Job 578: 50/400
Job 578: 51/400
Job 578: 52/400
Job 578: 53/400
Job 578: 54/400
Job 578: 55/400
Job 578: 56/400
Job 578: 57/400
Job 578: 58/400
Job 578: 59/400
Job 578: 60/400
Job 578: 61/400
Job 578: 62/400
Job 578: 63/400
Job 578: 64/400
Job 578: 65/400
Job 578: 66/400
Job 578: 67/400
Job 578: 68/400
Job 578: 69/400
Job 578: 70/400
Job 578: 71/400
Job 578: 72/400
Job 578: 73/400
Job 578: 74/400
Job 578: 75/400
Job 578: 76/400
Job 578: 77/400
Job 578: 78/400
Job 578: 79/400
Job 578: 80/400
Job 578: 81/400
Job 578: 82/400
Job 578: 83/400
Job 578: 84/400
Job 578: 85/400
Job 578: 86/400
Job 578: 87/400
Job 578: 88/400
Job 578: 89/400
Job 578: 90/400
Job 578: 91/400
Job 578: 92/400
Job 578: 93/400
Job 578: 94/400
Job 578: 95/400
Job 578: 96/400
Job 578: 97/400
Job 578: 98/400
Job 578: 99/400
Job 578: 100/400
Job 578: 101/400
Job 578: 102/400
Job 578: 103/400
Job 578: 104/400
Job 578: 105/400
Job 578: 106/400
Job 578: 107/400
Job 578: 108/400
Job 578: 109/400
Job 578: 110/400
Job 578: 111/400
Job 578: 112/400
Job 578: 113/400
Job 578: 114/400
Job 578: 115/400
Job 578: 116/400
Job 578: 117/400
Job 578: 118/400
Job 578: 119/400
Job 578: 120/400
Job 578: 121/400
Job 578: 122/400
Job 578: 123/400
Job 578: 124/400
Job 578: 125/400
Job 578: 126/400
Job 578: 127/400
Job 578: 128/400
Job 578: 129/400
Job 578: 130/400
Job 578: 131/400
Job 578: 132/400
Job 578: 133/400
Job 578: 134/400
Job 578: 135/400
Job 578: 136/400
Job 578: 137/400
Job 578: 138/400
Job 578: 139/400
Job 578: 140/400
Job 578: 141/400
Job 578: 142/400
Job 578: 143/400
Job 578: 144/400
Job 578: 145/400
Job 578: 146/400
Job 578: 147/400
Job 578: 148/400
Job 578: 149/400
Job 578: 150/400
Job 578: 151/400
Job 578: 152/400
Job 578: 153/400
Job 578: 154/400
Job 578: 155/400
Job 578: 156/400
Job 578: 157/400
Job 578: 158/400
Job 578: 159/400
Job 578: 160/400
Job 578: 161/400
Job 578: 162/400
Job 578: 163/400
Job 578: 164/400
Job 578: 165/400
Job 578: 166/400
Job 578: 167/400
Job 578: 168/400
Job 578: 169/400
Job 578: 170/400
Job 578: 171/400
Job 578: 172/400
Job 578: 173/400
Job 578: 174/400
Job 578: 175/400
Job 578: 176/400
Job 578: 177/400
Job 578: 178/400
Job 578: 179/400
Job 578: 180/400
Job 578: 181/400
Job 578: 182/400
Job 578: 183/400
Job 578: 184/400
Job 578: 185/400
Job 578: 186/400
Job 578: 187/400
Job 578: 188/400
Job 578: 189/400
Job 578: 190/400
Job 578: 191/400
Job 578: 192/400
Job 578: 193/400
Job 578: 194/400
Job 578: 195/400
Job 578: 196/400
Job 578: 197/400
Job 578: 198/400
Job 578: 199/400
Job 578: 200/400
Job 578: 201/400
Job 578: 202/400
Job 578: 203/400
Job 578: 204/400
Job 578: 205/400
Job 578: 206/400
Job 578: 207/400
Job 578: 208/400
Job 578: 209/400
Job 578: 210/400
Job 578: 211/400
Job 578: 212/400
Job 578: 213/400
Job 578: 214/400
Job 578: 215/400
Job 578: 216/400
Job 578: 217/400
Job 578: 218/400
Job 578: 219/400
Job 578: 220/400
Job 578: 221/400
Job 578: 222/400
Job 578: 223/400
Job 578: 224/400
Job 578: 225/400
Job 578: 226/400
Job 578: 227/400
Job 578: 228/400
Job 578: 229/400
Job 578: 230/400
Job 578: 231/400
Job 578: 232/400
Job 578: 233/400
Job 578: 234/400
Job 578: 235/400
Job 578: 236/400
Job 578: 237/400
Job 578: 238/400
Job 578: 239/400
Job 578: 240/400
Job 578: 241/400
Job 578: 242/400
Job 578: 243/400
Job 578: 244/400
Job 578: 245/400
Job 578: 246/400
Job 578: 247/400
Job 578: 248/400
Job 578: 249/400
Job 578: 250/400
Job 578: 251/400
Job 578: 252/400
Job 578: 253/400
Job 578: 254/400
Job 578: 255/400
Job 578: 256/400
Job 578: 257/400
Job 578: 258/400
Job 578: 259/400
Job 578: 260/400
Job 578: 261/400
Job 578: 262/400
Job 578: 263/400
Job 578: 264/400
Job 578: 265/400
Job 578: 266/400
Job 578: 267/400
Job 578: 268/400
Job 578: 269/400
Job 578: 270/400
Job 578: 271/400
Job 578: 272/400
Job 578: 273/400
Job 578: 274/400
Job 578: 275/400
Job 578: 276/400
Job 578: 277/400
Job 578: 278/400
Job 578: 279/400
Job 578: 280/400
Job 578: 281/400
Job 578: 282/400
Job 578: 283/400
Job 578: 284/400
Job 578: 285/400
Job 578: 286/400
Job 578: 287/400
Job 578: 288/400
Job 578: 289/400
Job 578: 290/400
Job 578: 291/400
Job 578: 292/400
Job 578: 293/400
Job 578: 294/400
Job 578: 295/400
Job 578: 296/400
Job 578: 297/400
Job 578: 298/400
Job 578: 299/400
Job 578: 300/400
Job 578: 301/400
Job 578: 302/400
Job 578: 303/400
Job 578: 304/400
Job 578: 305/400
Job 578: 306/400
Job 578: 307/400
Job 578: 308/400
Job 578: 309/400
Job 578: 310/400
Job 578: 311/400
Job 578: 312/400
Job 578: 313/400
Job 578: 314/400
Job 578: 315/400
Job 578: 316/400
Job 578: 317/400
Job 578: 318/400
Job 578: 319/400
Job 578: 320/400
Job 578: 321/400
Job 578: 322/400
Job 578: 323/400
Job 578: 324/400
Job 578: 325/400
Job 578: 326/400
Job 578: 327/400
Job 578: 328/400
Job 578: 329/400
Job 578: 330/400
Job 578: 331/400
Job 578: 332/400
Job 578: 333/400
Job 578: 334/400
Job 578: 335/400
Job 578: 336/400
Job 578: 337/400
Job 578: 338/400
Job 578: 339/400
Job 578: 340/400
Job 578: 341/400
Job 578: 342/400
Job 578: 343/400
Job 578: 344/400
Job 578: 345/400
Job 578: 346/400
Job 578: 347/400
Job 578: 348/400
Job 578: 349/400
Job 578: 350/400
Job 578: 351/400
Job 578: 352/400
Job 578: 353/400
Job 578: 354/400
Job 578: 355/400
Job 578: 356/400
Job 578: 357/400
Job 578: 358/400
Job 578: 359/400
Job 578: 360/400
Job 578: 361/400
Job 578: 362/400
Job 578: 363/400
Job 578: 364/400
Job 578: 365/400
Job 578: 366/400
Job 578: 367/400
Job 578: 368/400
Job 578: 369/400
Job 578: 370/400
Job 578: 371/400
Job 578: 372/400
Job 578: 373/400
Job 578: 374/400
Job 578: 375/400
Job 578: 376/400
Job 578: 377/400
Job 578: 378/400
Job 578: 379/400
Job 578: 380/400
Job 578: 381/400
Job 578: 382/400
Job 578: 383/400
Job 578: 384/400
Job 578: 385/400
Job 578: 386/400
Job 578: 387/400
Job 578: 388/400
Job 578: 389/400
Job 578: 390/400
Job 578: 391/400
Job 578: 392/400
Job 578: 393/400
Job 578: 394/400
Job 578: 395/400
Job 578: 396/400
Job 578: 397/400
Job 578: 398/400
Job 578: 399/400
Job 578: 400/400
