Registered S3 methods overwritten by 'susieSlide':
  method              from  
  coef.susie          susieR
  predict.susie       susieR
  print.summary.susie susieR
  summary.susie       susieR
Job 604: 1/400
Job 604: 2/400
Job 604: 3/400
Job 604: 4/400
Job 604: 5/400
Job 604: 6/400
Job 604: 7/400
Job 604: 8/400
Job 604: 9/400
Job 604: 10/400
Job 604: 11/400
Job 604: 12/400
Job 604: 13/400
Job 604: 14/400
Job 604: 15/400
Job 604: 16/400
Job 604: 17/400
Job 604: 18/400
Job 604: 19/400
Job 604: 20/400
Job 604: 21/400 ERROR: No .raw files found in temp_dir.
Job 604: 22/400 ERROR: No .raw files found in temp_dir.
Job 604: 23/400 ERROR: No .raw files found in temp_dir.
Job 604: 24/400 ERROR: No .raw files found in temp_dir.
Job 604: 25/400 ERROR: No .raw files found in temp_dir.
Job 604: 26/400 ERROR: No .raw files found in temp_dir.
Job 604: 27/400 ERROR: No .raw files found in temp_dir.
Job 604: 28/400 ERROR: No .raw files found in temp_dir.
Job 604: 29/400 ERROR: No .raw files found in temp_dir.
Job 604: 30/400 ERROR: No .raw files found in temp_dir.
Job 604: 31/400 ERROR: No .raw files found in temp_dir.
Job 604: 32/400 ERROR: No .raw files found in temp_dir.
Job 604: 33/400 ERROR: No .raw files found in temp_dir.
Job 604: 34/400 ERROR: No .raw files found in temp_dir.
Job 604: 35/400 ERROR: No .raw files found in temp_dir.
Job 604: 36/400 ERROR: No .raw files found in temp_dir.
Job 604: 37/400 ERROR: No .raw files found in temp_dir.
Job 604: 38/400 ERROR: No .raw files found in temp_dir.
Job 604: 39/400 ERROR: No .raw files found in temp_dir.
Job 604: 40/400 ERROR: No .raw files found in temp_dir.
Job 604: 41/400 ERROR: No .raw files found in temp_dir.
Job 604: 42/400 ERROR: No .raw files found in temp_dir.
Job 604: 43/400 ERROR: No .raw files found in temp_dir.
Job 604: 44/400 ERROR: No .raw files found in temp_dir.
Job 604: 45/400 ERROR: No .raw files found in temp_dir.
Job 604: 46/400 ERROR: No .raw files found in temp_dir.
Job 604: 47/400 ERROR: No .raw files found in temp_dir.
Job 604: 48/400 ERROR: No .raw files found in temp_dir.
Job 604: 49/400 ERROR: No .raw files found in temp_dir.
Job 604: 50/400 ERROR: No .raw files found in temp_dir.
Job 604: 51/400 ERROR: No .raw files found in temp_dir.
Job 604: 52/400 ERROR: No .raw files found in temp_dir.
Job 604: 53/400 ERROR: No .raw files found in temp_dir.
Job 604: 54/400 ERROR: No .raw files found in temp_dir.
Job 604: 55/400 ERROR: No .raw files found in temp_dir.
Job 604: 56/400 ERROR: No .raw files found in temp_dir.
Job 604: 57/400 ERROR: No .raw files found in temp_dir.
Job 604: 58/400 ERROR: No .raw files found in temp_dir.
Job 604: 59/400 ERROR: No .raw files found in temp_dir.
Job 604: 60/400 ERROR: No .raw files found in temp_dir.
Job 604: 61/400 ERROR: No .raw files found in temp_dir.
Job 604: 62/400 ERROR: No .raw files found in temp_dir.
Job 604: 63/400 ERROR: No .raw files found in temp_dir.
Job 604: 64/400 ERROR: No .raw files found in temp_dir.
Job 604: 65/400 ERROR: No .raw files found in temp_dir.
Job 604: 66/400 ERROR: No .raw files found in temp_dir.
Job 604: 67/400 ERROR: No .raw files found in temp_dir.
Job 604: 68/400 ERROR: No .raw files found in temp_dir.
Job 604: 69/400 ERROR: No .raw files found in temp_dir.
Job 604: 70/400 ERROR: No .raw files found in temp_dir.
Job 604: 71/400 ERROR: No .raw files found in temp_dir.
Job 604: 72/400 ERROR: No .raw files found in temp_dir.
Job 604: 73/400 ERROR: No .raw files found in temp_dir.
Job 604: 74/400 ERROR: No .raw files found in temp_dir.
Job 604: 75/400 ERROR: No .raw files found in temp_dir.
Job 604: 76/400 ERROR: No .raw files found in temp_dir.
Job 604: 77/400 ERROR: No .raw files found in temp_dir.
Job 604: 78/400 ERROR: No .raw files found in temp_dir.
Job 604: 79/400 ERROR: No .raw files found in temp_dir.
Job 604: 80/400 ERROR: No .raw files found in temp_dir.
Job 604: 81/400 ERROR: No .raw files found in temp_dir.
Job 604: 82/400 ERROR: No .raw files found in temp_dir.
Job 604: 83/400 ERROR: No .raw files found in temp_dir.
Job 604: 84/400 ERROR: No .raw files found in temp_dir.
Job 604: 85/400 ERROR: No .raw files found in temp_dir.
Job 604: 86/400 ERROR: No .raw files found in temp_dir.
Job 604: 87/400 ERROR: No .raw files found in temp_dir.
Job 604: 88/400 ERROR: No .raw files found in temp_dir.
Job 604: 89/400 ERROR: No .raw files found in temp_dir.
Job 604: 90/400 ERROR: No .raw files found in temp_dir.
Job 604: 91/400 ERROR: No .raw files found in temp_dir.
Job 604: 92/400 ERROR: No .raw files found in temp_dir.
Job 604: 93/400 ERROR: No .raw files found in temp_dir.
Job 604: 94/400 ERROR: No .raw files found in temp_dir.
Job 604: 95/400 ERROR: No .raw files found in temp_dir.
Job 604: 96/400 ERROR: Not enough donors for the requested n.
Job 604: 97/400
Job 604: 98/400
Job 604: 99/400
Job 604: 100/400
Job 604: 101/400
Job 604: 102/400
Job 604: 103/400
Job 604: 104/400
Job 604: 105/400
Job 604: 106/400
Job 604: 107/400
Job 604: 108/400
Job 604: 109/400
Job 604: 110/400
Job 604: 111/400
Job 604: 112/400
Job 604: 113/400
Job 604: 114/400
Job 604: 115/400
Job 604: 116/400
Job 604: 117/400
Job 604: 118/400
Job 604: 119/400
Job 604: 120/400
Job 604: 121/400
Job 604: 122/400
Job 604: 123/400
Job 604: 124/400 ERROR: No .raw files found in temp_dir.
Job 604: 125/400 ERROR: No .raw files found in temp_dir.
Job 604: 126/400 ERROR: No .raw files found in temp_dir.
Job 604: 127/400 ERROR: No .raw files found in temp_dir.
Job 604: 128/400 ERROR: No .raw files found in temp_dir.
Job 604: 129/400 ERROR: No .raw files found in temp_dir.
Job 604: 130/400 ERROR: No .raw files found in temp_dir.
Job 604: 131/400 ERROR: No .raw files found in temp_dir.
Job 604: 132/400 ERROR: No .raw files found in temp_dir.
Job 604: 133/400 ERROR: No .raw files found in temp_dir.
Job 604: 134/400 ERROR: No .raw files found in temp_dir.
Job 604: 135/400 ERROR: No .raw files found in temp_dir.
Job 604: 136/400 ERROR: No .raw files found in temp_dir.
Job 604: 137/400 ERROR: No .raw files found in temp_dir.
Job 604: 138/400 ERROR: No .raw files found in temp_dir.
Job 604: 139/400 ERROR: No .raw files found in temp_dir.
Job 604: 140/400 ERROR: No .raw files found in temp_dir.
Job 604: 141/400 ERROR: No .raw files found in temp_dir.
Job 604: 142/400 ERROR: No .raw files found in temp_dir.
Job 604: 143/400 ERROR: No .raw files found in temp_dir.
Job 604: 144/400 ERROR: No .raw files found in temp_dir.
Job 604: 145/400 ERROR: No .raw files found in temp_dir.
Job 604: 146/400 ERROR: No .raw files found in temp_dir.
Job 604: 147/400 ERROR: No .raw files found in temp_dir.
Job 604: 148/400 ERROR: No .raw files found in temp_dir.
Job 604: 149/400 ERROR: No .raw files found in temp_dir.
Job 604: 150/400 ERROR: No .raw files found in temp_dir.
Job 604: 151/400 ERROR: No .raw files found in temp_dir.
Job 604: 152/400 ERROR: No .raw files found in temp_dir.
Job 604: 153/400 ERROR: No .raw files found in temp_dir.
Job 604: 154/400 ERROR: No .raw files found in temp_dir.
Job 604: 155/400 ERROR: No .raw files found in temp_dir.
Job 604: 156/400 ERROR: No .raw files found in temp_dir.
Job 604: 157/400 ERROR: No .raw files found in temp_dir.
Job 604: 158/400 ERROR: No .raw files found in temp_dir.
Job 604: 159/400 ERROR: No .raw files found in temp_dir.
Job 604: 160/400 ERROR: No .raw files found in temp_dir.
Job 604: 161/400 ERROR: No .raw files found in temp_dir.
Job 604: 162/400 ERROR: No .raw files found in temp_dir.
Job 604: 163/400 ERROR: No .raw files found in temp_dir.
Job 604: 164/400 ERROR: No .raw files found in temp_dir.
Job 604: 165/400 ERROR: No .raw files found in temp_dir.
Job 604: 166/400 ERROR: No .raw files found in temp_dir.
Job 604: 167/400 ERROR: No .raw files found in temp_dir.
Job 604: 168/400 ERROR: No .raw files found in temp_dir.
Job 604: 169/400 ERROR: No .raw files found in temp_dir.
Job 604: 170/400 ERROR: No .raw files found in temp_dir.
Job 604: 171/400 ERROR: No .raw files found in temp_dir.
Job 604: 172/400 ERROR: No .raw files found in temp_dir.
Job 604: 173/400 ERROR: No .raw files found in temp_dir.
Job 604: 174/400 ERROR: No .raw files found in temp_dir.
Job 604: 175/400 ERROR: No .raw files found in temp_dir.
Job 604: 176/400 ERROR: No .raw files found in temp_dir.
Job 604: 177/400 ERROR: No .raw files found in temp_dir.
Job 604: 178/400 ERROR: No .raw files found in temp_dir.
Job 604: 179/400 ERROR: No .raw files found in temp_dir.
Job 604: 180/400 ERROR: No .raw files found in temp_dir.
Job 604: 181/400 ERROR: No .raw files found in temp_dir.
Job 604: 182/400 ERROR: Not enough donors for the requested n.
Job 604: 183/400
Job 604: 184/400
Job 604: 185/400
Job 604: 186/400
Job 604: 187/400
Job 604: 188/400
Job 604: 189/400
Job 604: 190/400
Job 604: 191/400
Job 604: 192/400
Job 604: 193/400
Job 604: 194/400
Job 604: 195/400
Job 604: 196/400
Job 604: 197/400
Job 604: 198/400
Job 604: 199/400
Job 604: 200/400
Job 604: 201/400
Job 604: 202/400
Job 604: 203/400
Job 604: 204/400
Job 604: 205/400
Job 604: 206/400
Job 604: 207/400
Job 604: 208/400
Job 604: 209/400
Job 604: 210/400
Job 604: 211/400 ERROR: No .raw files found in temp_dir.
Job 604: 212/400 ERROR: No .raw files found in temp_dir.
Job 604: 213/400 ERROR: No .raw files found in temp_dir.
Job 604: 214/400 ERROR: No .raw files found in temp_dir.
Job 604: 215/400 ERROR: No .raw files found in temp_dir.
Job 604: 216/400 ERROR: No .raw files found in temp_dir.
Job 604: 217/400 ERROR: No .raw files found in temp_dir.
Job 604: 218/400 ERROR: No .raw files found in temp_dir.
Job 604: 219/400 ERROR: No .raw files found in temp_dir.
Job 604: 220/400 ERROR: No .raw files found in temp_dir.
Job 604: 221/400 ERROR: No .raw files found in temp_dir.
Job 604: 222/400 ERROR: No .raw files found in temp_dir.
Job 604: 223/400 ERROR: No .raw files found in temp_dir.
Job 604: 224/400 ERROR: No .raw files found in temp_dir.
Job 604: 225/400 ERROR: No .raw files found in temp_dir.
Job 604: 226/400 ERROR: No .raw files found in temp_dir.
Job 604: 227/400 ERROR: No .raw files found in temp_dir.
Job 604: 228/400 ERROR: No .raw files found in temp_dir.
Job 604: 229/400 ERROR: No .raw files found in temp_dir.
Job 604: 230/400 ERROR: No .raw files found in temp_dir.
Job 604: 231/400 ERROR: No .raw files found in temp_dir.
Job 604: 232/400 ERROR: No .raw files found in temp_dir.
Job 604: 233/400 ERROR: No .raw files found in temp_dir.
Job 604: 234/400 ERROR: No .raw files found in temp_dir.
Job 604: 235/400 ERROR: No .raw files found in temp_dir.
Job 604: 236/400 ERROR: No .raw files found in temp_dir.
Job 604: 237/400 ERROR: No .raw files found in temp_dir.
Job 604: 238/400 ERROR: No .raw files found in temp_dir.
Job 604: 239/400 ERROR: No .raw files found in temp_dir.
Job 604: 240/400 ERROR: No .raw files found in temp_dir.
Job 604: 241/400 ERROR: No .raw files found in temp_dir.
Job 604: 242/400 ERROR: No .raw files found in temp_dir.
Job 604: 243/400 ERROR: No .raw files found in temp_dir.
Job 604: 244/400 ERROR: No .raw files found in temp_dir.
Job 604: 245/400 ERROR: No .raw files found in temp_dir.
Job 604: 246/400 ERROR: No .raw files found in temp_dir.
Job 604: 247/400 ERROR: No .raw files found in temp_dir.
Job 604: 248/400 ERROR: No .raw files found in temp_dir.
Job 604: 249/400 ERROR: No .raw files found in temp_dir.
Job 604: 250/400 ERROR: No .raw files found in temp_dir.
Job 604: 251/400 ERROR: No .raw files found in temp_dir.
Job 604: 252/400 ERROR: No .raw files found in temp_dir.
Job 604: 253/400 ERROR: No .raw files found in temp_dir.
Job 604: 254/400 ERROR: No .raw files found in temp_dir.
Job 604: 255/400 ERROR: No .raw files found in temp_dir.
Job 604: 256/400 ERROR: No .raw files found in temp_dir.
Job 604: 257/400 ERROR: No .raw files found in temp_dir.
Job 604: 258/400 ERROR: No .raw files found in temp_dir.
Job 604: 259/400 ERROR: No .raw files found in temp_dir.
Job 604: 260/400 ERROR: No .raw files found in temp_dir.
Job 604: 261/400 ERROR: No .raw files found in temp_dir.
Job 604: 262/400 ERROR: No .raw files found in temp_dir.
Job 604: 263/400 ERROR: No .raw files found in temp_dir.
Job 604: 264/400 ERROR: No .raw files found in temp_dir.
Job 604: 265/400 ERROR: No .raw files found in temp_dir.
Job 604: 266/400 ERROR: No .raw files found in temp_dir.
Job 604: 267/400 ERROR: No .raw files found in temp_dir.
Job 604: 268/400 ERROR: No .raw files found in temp_dir.
Job 604: 269/400 ERROR: No .raw files found in temp_dir.
Job 604: 270/400 ERROR: No .raw files found in temp_dir.
Job 604: 271/400 ERROR: No .raw files found in temp_dir.
Job 604: 272/400 ERROR: No .raw files found in temp_dir.
Job 604: 273/400 ERROR: No .raw files found in temp_dir.
Job 604: 274/400 ERROR: No .raw files found in temp_dir.
Job 604: 275/400 ERROR: No .raw files found in temp_dir.
Job 604: 276/400 ERROR: No .raw files found in temp_dir.
Job 604: 277/400 ERROR: No .raw files found in temp_dir.
Job 604: 278/400 ERROR: No .raw files found in temp_dir.
Job 604: 279/400 ERROR: No .raw files found in temp_dir.
Job 604: 280/400 ERROR: No .raw files found in temp_dir.
Job 604: 281/400 ERROR: No .raw files found in temp_dir.
Job 604: 282/400 ERROR: No .raw files found in temp_dir.
Job 604: 283/400 ERROR: No .raw files found in temp_dir.
Job 604: 284/400 ERROR: No .raw files found in temp_dir.
Job 604: 285/400 ERROR: No .raw files found in temp_dir.
Job 604: 286/400 ERROR: No .raw files found in temp_dir.
Job 604: 287/400 ERROR: No .raw files found in temp_dir.
Job 604: 288/400 ERROR: No .raw files found in temp_dir.
Job 604: 289/400 ERROR: No .raw files found in temp_dir.
Job 604: 290/400 ERROR: No .raw files found in temp_dir.
Job 604: 291/400 ERROR: No .raw files found in temp_dir.
Job 604: 292/400 ERROR: No .raw files found in temp_dir.
Job 604: 293/400 ERROR: No .raw files found in temp_dir.
Job 604: 294/400 ERROR: No .raw files found in temp_dir.
Job 604: 295/400 ERROR: No .raw files found in temp_dir.
Job 604: 296/400 ERROR: No .raw files found in temp_dir.
Job 604: 297/400 ERROR: No .raw files found in temp_dir.
Job 604: 298/400 ERROR: No .raw files found in temp_dir.
Job 604: 299/400 ERROR: No .raw files found in temp_dir.
Job 604: 300/400 ERROR: No .raw files found in temp_dir.
Job 604: 301/400 ERROR: No .raw files found in temp_dir.
Job 604: 302/400 ERROR: No .raw files found in temp_dir.
Job 604: 303/400 ERROR: No .raw files found in temp_dir.
Job 604: 304/400 ERROR: No .raw files found in temp_dir.
Job 604: 305/400 ERROR: No .raw files found in temp_dir.
Job 604: 306/400 ERROR: No .raw files found in temp_dir.
Job 604: 307/400 ERROR: No .raw files found in temp_dir.
Job 604: 308/400 ERROR: No .raw files found in temp_dir.
Job 604: 309/400 ERROR: No .raw files found in temp_dir.
Job 604: 310/400 ERROR: No .raw files found in temp_dir.
Job 604: 311/400 ERROR: No .raw files found in temp_dir.
Job 604: 312/400 ERROR: No .raw files found in temp_dir.
Job 604: 313/400 ERROR: No .raw files found in temp_dir.
Job 604: 314/400 ERROR: No .raw files found in temp_dir.
Job 604: 315/400 ERROR: No .raw files found in temp_dir.
Job 604: 316/400 ERROR: No .raw files found in temp_dir.
Job 604: 317/400 ERROR: No .raw files found in temp_dir.
Job 604: 318/400 ERROR: No .raw files found in temp_dir.
Job 604: 319/400 ERROR: No .raw files found in temp_dir.
Job 604: 320/400 ERROR: No .raw files found in temp_dir.
Job 604: 321/400 ERROR: No .raw files found in temp_dir.
Job 604: 322/400 ERROR: No .raw files found in temp_dir.
Job 604: 323/400 ERROR: No .raw files found in temp_dir.
Job 604: 324/400 ERROR: No .raw files found in temp_dir.
Job 604: 325/400 ERROR: No .raw files found in temp_dir.
Job 604: 326/400 ERROR: No .raw files found in temp_dir.
Job 604: 327/400 ERROR: No .raw files found in temp_dir.
Job 604: 328/400 ERROR: No .raw files found in temp_dir.
Job 604: 329/400 ERROR: No .raw files found in temp_dir.
Job 604: 330/400 ERROR: No .raw files found in temp_dir.
Job 604: 331/400 ERROR: No .raw files found in temp_dir.
Job 604: 332/400 ERROR: No .raw files found in temp_dir.
Job 604: 333/400 ERROR: No .raw files found in temp_dir.
Job 604: 334/400 ERROR: No .raw files found in temp_dir.
Job 604: 335/400 ERROR: No .raw files found in temp_dir.
Job 604: 336/400 ERROR: No .raw files found in temp_dir.
Job 604: 337/400 ERROR: No .raw files found in temp_dir.
Job 604: 338/400 ERROR: No .raw files found in temp_dir.
Job 604: 339/400 ERROR: No .raw files found in temp_dir.
Job 604: 340/400 ERROR: No .raw files found in temp_dir.
Job 604: 341/400 ERROR: No .raw files found in temp_dir.
Job 604: 342/400 ERROR: No .raw files found in temp_dir.
Job 604: 343/400 ERROR: No .raw files found in temp_dir.
Job 604: 344/400 ERROR: No .raw files found in temp_dir.
Job 604: 345/400 ERROR: No .raw files found in temp_dir.
Job 604: 346/400 ERROR: No .raw files found in temp_dir.
Job 604: 347/400 ERROR: No .raw files found in temp_dir.
Job 604: 348/400 ERROR: No .raw files found in temp_dir.
Job 604: 349/400 ERROR: No .raw files found in temp_dir.
Job 604: 350/400 ERROR: No .raw files found in temp_dir.
Job 604: 351/400 ERROR: No .raw files found in temp_dir.
Job 604: 352/400 ERROR: No .raw files found in temp_dir.
Job 604: 353/400 ERROR: No .raw files found in temp_dir.
Job 604: 354/400 ERROR: No .raw files found in temp_dir.
Job 604: 355/400 ERROR: No .raw files found in temp_dir.
Job 604: 356/400 ERROR: No .raw files found in temp_dir.
Job 604: 357/400 ERROR: No .raw files found in temp_dir.
Job 604: 358/400 ERROR: No .raw files found in temp_dir.
Job 604: 359/400 ERROR: No .raw files found in temp_dir.
Job 604: 360/400 ERROR: No .raw files found in temp_dir.
Job 604: 361/400 ERROR: No .raw files found in temp_dir.
Job 604: 362/400 ERROR: No .raw files found in temp_dir.
Job 604: 363/400 ERROR: No .raw files found in temp_dir.
Job 604: 364/400 ERROR: No .raw files found in temp_dir.
Job 604: 365/400 ERROR: No .raw files found in temp_dir.
Job 604: 366/400 ERROR: No .raw files found in temp_dir.
Job 604: 367/400 ERROR: No .raw files found in temp_dir.
Job 604: 368/400 ERROR: No .raw files found in temp_dir.
Job 604: 369/400 ERROR: No .raw files found in temp_dir.
Job 604: 370/400 ERROR: No .raw files found in temp_dir.
Job 604: 371/400 ERROR: No .raw files found in temp_dir.
Job 604: 372/400 ERROR: No .raw files found in temp_dir.
Job 604: 373/400 ERROR: No .raw files found in temp_dir.
Job 604: 374/400 ERROR: No .raw files found in temp_dir.
Job 604: 375/400 ERROR: No .raw files found in temp_dir.
Job 604: 376/400 ERROR: No .raw files found in temp_dir.
Job 604: 377/400 ERROR: No .raw files found in temp_dir.
Job 604: 378/400 ERROR: No .raw files found in temp_dir.
Job 604: 379/400 ERROR: No .raw files found in temp_dir.
Job 604: 380/400 ERROR: No .raw files found in temp_dir.
Job 604: 381/400 ERROR: No .raw files found in temp_dir.
Job 604: 382/400 ERROR: No .raw files found in temp_dir.
Job 604: 383/400 ERROR: No .raw files found in temp_dir.
Job 604: 384/400 ERROR: No .raw files found in temp_dir.
Job 604: 385/400 ERROR: No .raw files found in temp_dir.
Job 604: 386/400 ERROR: No .raw files found in temp_dir.
Job 604: 387/400 ERROR: No .raw files found in temp_dir.
Job 604: 388/400 ERROR: No .raw files found in temp_dir.
Job 604: 389/400 ERROR: No .raw files found in temp_dir.
Job 604: 390/400 ERROR: No .raw files found in temp_dir.
Job 604: 391/400 ERROR: No .raw files found in temp_dir.
Job 604: 392/400 ERROR: No .raw files found in temp_dir.
Job 604: 393/400 ERROR: No .raw files found in temp_dir.
Job 604: 394/400 ERROR: No .raw files found in temp_dir.
Job 604: 395/400 ERROR: No .raw files found in temp_dir.
Job 604: 396/400 ERROR: No .raw files found in temp_dir.
Job 604: 397/400 ERROR: No .raw files found in temp_dir.
Job 604: 398/400 ERROR: No .raw files found in temp_dir.
Job 604: 399/400 ERROR: No .raw files found in temp_dir.
Job 604: 400/400 ERROR: No .raw files found in temp_dir.
Warning messages:
1: In data.table::fread(raw_file, data.table = FALSE) :
  Discarded single-line footer: <<0	GTEX-1339X	0	0	0	-9	2	2	2	2	2	0	2	2	2	2	2	2	1	1	2	2	2	2	2	2	2	2	2	2	2	2	2	2	0	2	0	2	2	2	0	2	2	0	2	2	2	2	2	2	2	2	2	2	1	2	2	2	2	2	2	0	2	2	2	2	2	2	2	2	2	2	2	2	2	2	1	2	2	1	2	2	2	0	2	2	2	2	2	2	2	2	2	2	2	2	0	2	2	2	2	2	2	2	2	2	1	2	2	2	0	2	2	2	1	2	2	2	2	1	2	2	2	2	2	2	2	2	2	2	2	2	2	1	2	0	2	2	2	2	1	2	1	2	0	1	0	2	1	2	2	2	2	2	2	2	2	2	2	2	2	2	2	2	2	2	2	2	2	2	2	2	2	2	2	2	2	2	2	2	2	2	2	2	2	2	2	2	2	2	2	2	2	1	2	2	2	2	2	2	2	2	2	2	2	2	2	2	2	2	2	2	2	2	2	2	2	2	2	2	2	2	2	2	2	2	2	2	2	2	2	2	2	2	2	2	2	2	2	2	2	2	2	2	2	>>
2: In data.table::fread(raw_file, data.table = FALSE) :
  Discarded single-line footer: <<0	GTEX-1R9JW	0	0	0	-9	2	2	2	2	2	0	2	2	2	2	2	2	0	2	2	2	2	2	2	2	2	2	2	2	2	2	2	2	0	2	0	2	2	2	0	2	2	0	2	2	2	2	2	2	2	2	2	2	2	2	2	2	2	2	2	0	2	2	2	2	2	2	2	2	2	2	2	2	2	2	2	2	2	0	2	2	2	0	2	2	2	2	2	2	2	2	2	2	2	2	0	2	2	2	2	2	2	2	2	2	2	2	2	2	0	2	2	2	2	2	2	2	2	0	2	2	2	2	2	2	2	2	2	2	2	2	2	2	2	0	2	2	2	2	2	2	2	2	0	2	0	2	0	2	2	2	2	2	2	2	2	2	2	2	2	2	2	2	2	2	2	2	2	2	2	2	2	2	2	2	2	2	2	2	2	2	2	2	2	2	2	2	2	2	2	2	2	2	2	2	2	2	2	2	2	2	2	2	2	2	2	2	2	2	2	2	2	2	2	2	2	2	2	2	2	2	2	2	2	2	2	2	2	2	2	2	2	2	2	2	2	2	2	2	2	2	2	2	2	>>
3: In data.table::fread(raw_file, data.table = FALSE) :
  Discarded single-line footer: <<0	GTEX-14PJ5	0	0	0	-9	2	2	1	2	2	2	2	2	2	2	2	2	2	2	2	2	2	2	2	2	2	2	2	1	1	2	2	2	2	2	1	2	2	2	2	1	2	2	2	2	1	2	2	2	2	2	2	2	2	2	2	2	1	2	2	2	2	2	2	2	2	2	2	2	2	2	2	2	2	2	2	2	2	2	2	2	2	1	2	2	2	2	2	2	2	2	2	2	2	2	2	2	2	2	1	2	2	2	2	2	2	2	2	1	2	1	2	2	2	2	2	2	2	2	2	2	2	2	2	2	1	2	2	2	2	1	2	2	2	2	2	2	2	2	2	1	2	2	2	2	2	2	2	2	2	2	2	2	1	2	2	1	2	2	2	2	2	2	2	2	1	1	2	2	1	2	2	2	1	2	2	2	2	2	2	2	2	2	2	2	2	2	2	2	2	2	2	2	1	0	2	2	2	2	2	2	2	2	1	2	2	2	2	2	2	2	2	2	2	2	2	2	2	2	0	2	2	2	2	2	2	2	1	2	2	2	2	2	2	2	2	2	2	2	2	2	2	2	2	>>
