Registered S3 methods overwritten by 'susieSlide':
  method              from  
  coef.susie          susieR
  predict.susie       susieR
  print.summary.susie susieR
  summary.susie       susieR
Job 479: 1/400
Job 479: 2/400
Job 479: 3/400
Job 479: 4/400
Job 479: 5/400
Job 479: 6/400
Job 479: 7/400
Job 479: 8/400
Job 479: 9/400
Job 479: 10/400
Job 479: 11/400
Job 479: 12/400
Job 479: 13/400
Job 479: 14/400
Job 479: 15/400
Job 479: 16/400
Job 479: 17/400
Job 479: 18/400
Job 479: 19/400
Job 479: 20/400
Job 479: 21/400
Job 479: 22/400
Job 479: 23/400
Job 479: 24/400
Job 479: 25/400
Job 479: 26/400
Job 479: 27/400
Job 479: 28/400
Job 479: 29/400
Job 479: 30/400
Job 479: 31/400
Job 479: 32/400
Job 479: 33/400
Job 479: 34/400
Job 479: 35/400
Job 479: 36/400
Job 479: 37/400
Job 479: 38/400
Job 479: 39/400
Job 479: 40/400
Job 479: 41/400
Job 479: 42/400
Job 479: 43/400
Job 479: 44/400
Job 479: 45/400
Job 479: 46/400
Job 479: 47/400
Job 479: 48/400
Job 479: 49/400
Job 479: 50/400
Job 479: 51/400
Job 479: 52/400
Job 479: 53/400
Job 479: 54/400
Job 479: 55/400
Job 479: 56/400
Job 479: 57/400
Job 479: 58/400
Job 479: 59/400
Job 479: 60/400
Job 479: 61/400
Job 479: 62/400
Job 479: 63/400
Job 479: 64/400
Job 479: 65/400
Job 479: 66/400
Job 479: 67/400
Job 479: 68/400
Job 479: 69/400
Job 479: 70/400
Job 479: 71/400
Job 479: 72/400
Job 479: 73/400
Job 479: 74/400
Job 479: 75/400
Job 479: 76/400
Job 479: 77/400
Job 479: 78/400
Job 479: 79/400
Job 479: 80/400
Job 479: 81/400
Job 479: 82/400
Job 479: 83/400
Job 479: 84/400
Job 479: 85/400
Job 479: 86/400
Job 479: 87/400
Job 479: 88/400
Job 479: 89/400
Job 479: 90/400
Job 479: 91/400
Job 479: 92/400
Job 479: 93/400
Job 479: 94/400
Job 479: 95/400
Job 479: 96/400
Job 479: 97/400
Job 479: 98/400
Job 479: 99/400
Job 479: 100/400
Job 479: 101/400
Job 479: 102/400
Job 479: 103/400
Job 479: 104/400
Job 479: 105/400
Job 479: 106/400
Job 479: 107/400
Job 479: 108/400
Job 479: 109/400
Job 479: 110/400
Job 479: 111/400
Job 479: 112/400
Job 479: 113/400
Job 479: 114/400
Job 479: 115/400
Job 479: 116/400
Job 479: 117/400
Job 479: 118/400
Job 479: 119/400
Job 479: 120/400
Job 479: 121/400
Job 479: 122/400
Job 479: 123/400
Job 479: 124/400
Job 479: 125/400
Job 479: 126/400
Job 479: 127/400
Job 479: 128/400
Job 479: 129/400
Job 479: 130/400
Job 479: 131/400
Job 479: 132/400
Job 479: 133/400
Job 479: 134/400
Job 479: 135/400
Job 479: 136/400
Job 479: 137/400
Job 479: 138/400
Job 479: 139/400
Job 479: 140/400
Job 479: 141/400
Job 479: 142/400
Job 479: 143/400
Job 479: 144/400
Job 479: 145/400
Job 479: 146/400
Job 479: 147/400
Job 479: 148/400
Job 479: 149/400
Job 479: 150/400
Job 479: 151/400
Job 479: 152/400
Job 479: 153/400
Job 479: 154/400
Job 479: 155/400
Job 479: 156/400
Job 479: 157/400
Job 479: 158/400
Job 479: 159/400
Job 479: 160/400
Job 479: 161/400
Job 479: 162/400
Job 479: 163/400
Job 479: 164/400
Job 479: 165/400
Job 479: 166/400
Job 479: 167/400
Job 479: 168/400
Job 479: 169/400
Job 479: 170/400
Job 479: 171/400
Job 479: 172/400
Job 479: 173/400
Job 479: 174/400
Job 479: 175/400
Job 479: 176/400
Job 479: 177/400
Job 479: 178/400
Job 479: 179/400
Job 479: 180/400
Job 479: 181/400
Job 479: 182/400
Job 479: 183/400
Job 479: 184/400
Job 479: 185/400
Job 479: 186/400
Job 479: 187/400
Job 479: 188/400
Job 479: 189/400
Job 479: 190/400
Job 479: 191/400
Job 479: 192/400
Job 479: 193/400
Job 479: 194/400
Job 479: 195/400
Job 479: 196/400
Job 479: 197/400
Job 479: 198/400
Job 479: 199/400
Job 479: 200/400
Job 479: 201/400
Job 479: 202/400
Job 479: 203/400
Job 479: 204/400
Job 479: 205/400
Job 479: 206/400
Job 479: 207/400
Job 479: 208/400
Job 479: 209/400
Job 479: 210/400
Job 479: 211/400
Job 479: 212/400
Job 479: 213/400
Job 479: 214/400
Job 479: 215/400
Job 479: 216/400
Job 479: 217/400
Job 479: 218/400
Job 479: 219/400
Job 479: 220/400
Job 479: 221/400
Job 479: 222/400
Job 479: 223/400
Job 479: 224/400
Job 479: 225/400
Job 479: 226/400
Job 479: 227/400
Job 479: 228/400
Job 479: 229/400
Job 479: 230/400
Job 479: 231/400
Job 479: 232/400
Job 479: 233/400
Job 479: 234/400
Job 479: 235/400
Job 479: 236/400
Job 479: 237/400
Job 479: 238/400
Job 479: 239/400
Job 479: 240/400
Job 479: 241/400
Job 479: 242/400
Job 479: 243/400
Job 479: 244/400
Job 479: 245/400
Job 479: 246/400
Job 479: 247/400
Job 479: 248/400
Job 479: 249/400
Job 479: 250/400
Job 479: 251/400
Job 479: 252/400
Job 479: 253/400
Job 479: 254/400
Job 479: 255/400
Job 479: 256/400
Job 479: 257/400
Job 479: 258/400
Job 479: 259/400
Job 479: 260/400
Job 479: 261/400
Job 479: 262/400
Job 479: 263/400
Job 479: 264/400
Job 479: 265/400
Job 479: 266/400
Job 479: 267/400
Job 479: 268/400
Job 479: 269/400
Job 479: 270/400
Job 479: 271/400
Job 479: 272/400
Job 479: 273/400
Job 479: 274/400
Job 479: 275/400
Job 479: 276/400
Job 479: 277/400
Job 479: 278/400
Job 479: 279/400
Job 479: 280/400
Job 479: 281/400
Job 479: 282/400
Job 479: 283/400
Job 479: 284/400
Job 479: 285/400
Job 479: 286/400
Job 479: 287/400
Job 479: 288/400
Job 479: 289/400
Job 479: 290/400
Job 479: 291/400
Job 479: 292/400
Job 479: 293/400
Job 479: 294/400
Job 479: 295/400
Job 479: 296/400
Job 479: 297/400
Job 479: 298/400
Job 479: 299/400
Job 479: 300/400
Job 479: 301/400
Job 479: 302/400
Job 479: 303/400
Job 479: 304/400
Job 479: 305/400
Job 479: 306/400
Job 479: 307/400
Job 479: 308/400
Job 479: 309/400
Job 479: 310/400
Job 479: 311/400
Job 479: 312/400
Job 479: 313/400
Job 479: 314/400
Job 479: 315/400
Job 479: 316/400
Job 479: 317/400
Job 479: 318/400
Job 479: 319/400
Job 479: 320/400
Job 479: 321/400
Job 479: 322/400
Job 479: 323/400
Job 479: 324/400
Job 479: 325/400
Job 479: 326/400
Job 479: 327/400
Job 479: 328/400
Job 479: 329/400
Job 479: 330/400
Job 479: 331/400
Job 479: 332/400
Job 479: 333/400
Job 479: 334/400
Job 479: 335/400
Job 479: 336/400
Job 479: 337/400
Job 479: 338/400
Job 479: 339/400
Job 479: 340/400
Job 479: 341/400
Job 479: 342/400
Job 479: 343/400
Job 479: 344/400
Job 479: 345/400
Job 479: 346/400
Job 479: 347/400
Job 479: 348/400
Job 479: 349/400
Job 479: 350/400
Job 479: 351/400
Job 479: 352/400
Job 479: 353/400
Job 479: 354/400
Job 479: 355/400
Job 479: 356/400
Job 479: 357/400
Job 479: 358/400
Job 479: 359/400
Job 479: 360/400
Job 479: 361/400
Job 479: 362/400
Job 479: 363/400
Job 479: 364/400
Job 479: 365/400
Job 479: 366/400
Job 479: 367/400
Job 479: 368/400
Job 479: 369/400
Job 479: 370/400
Job 479: 371/400
Job 479: 372/400
Job 479: 373/400
Job 479: 374/400
Job 479: 375/400
Job 479: 376/400
Job 479: 377/400
Job 479: 378/400
Job 479: 379/400
Job 479: 380/400
Job 479: 381/400
Job 479: 382/400
Job 479: 383/400
Job 479: 384/400
Job 479: 385/400
Job 479: 386/400
Job 479: 387/400
Job 479: 388/400
Job 479: 389/400
Job 479: 390/400
Job 479: 391/400
Job 479: 392/400
Job 479: 393/400
Job 479: 394/400
Job 479: 395/400
Job 479: 396/400
Job 479: 397/400
Job 479: 398/400
Job 479: 399/400
Job 479: 400/400
