Registered S3 methods overwritten by 'susieSlide':
  method              from  
  coef.susie          susieR
  predict.susie       susieR
  print.summary.susie susieR
  summary.susie       susieR
Job 209: 1/400
Job 209: 2/400
Job 209: 3/400
Job 209: 4/400
Job 209: 5/400
Job 209: 6/400
Job 209: 7/400
Job 209: 8/400
Job 209: 9/400
Job 209: 10/400
Job 209: 11/400
Job 209: 12/400
Job 209: 13/400
Job 209: 14/400
Job 209: 15/400
Job 209: 16/400
Job 209: 17/400
Job 209: 18/400
Job 209: 19/400
Job 209: 20/400
Job 209: 21/400
Job 209: 22/400
Job 209: 23/400
Job 209: 24/400
Job 209: 25/400
Job 209: 26/400
Job 209: 27/400
Job 209: 28/400
Job 209: 29/400
Job 209: 30/400
Job 209: 31/400
Job 209: 32/400
Job 209: 33/400
Job 209: 34/400
Job 209: 35/400
Job 209: 36/400
Job 209: 37/400
Job 209: 38/400
Job 209: 39/400
Job 209: 40/400
Job 209: 41/400
Job 209: 42/400
Job 209: 43/400
Job 209: 44/400
Job 209: 45/400
Job 209: 46/400
Job 209: 47/400
Job 209: 48/400
Job 209: 49/400
Job 209: 50/400
Job 209: 51/400
Job 209: 52/400
Job 209: 53/400
Job 209: 54/400
Job 209: 55/400
Job 209: 56/400
Job 209: 57/400
Job 209: 58/400
Job 209: 59/400
Job 209: 60/400
Job 209: 61/400
Job 209: 62/400
Job 209: 63/400
Job 209: 64/400
Job 209: 65/400
Job 209: 66/400
Job 209: 67/400
Job 209: 68/400
Job 209: 69/400
Job 209: 70/400
Job 209: 71/400
Job 209: 72/400
Job 209: 73/400
Job 209: 74/400
Job 209: 75/400
Job 209: 76/400
Job 209: 77/400
Job 209: 78/400
Job 209: 79/400
Job 209: 80/400
Job 209: 81/400
Job 209: 82/400
Job 209: 83/400
Job 209: 84/400
Job 209: 85/400
Job 209: 86/400
Job 209: 87/400
Job 209: 88/400
Job 209: 89/400
Job 209: 90/400
Job 209: 91/400
Job 209: 92/400
Job 209: 93/400
Job 209: 94/400
Job 209: 95/400
Job 209: 96/400
Job 209: 97/400
Job 209: 98/400
Job 209: 99/400
Job 209: 100/400
Job 209: 101/400
Job 209: 102/400
Job 209: 103/400
Job 209: 104/400
Job 209: 105/400
Job 209: 106/400
Job 209: 107/400
Job 209: 108/400
Job 209: 109/400
Job 209: 110/400
Job 209: 111/400
Job 209: 112/400
Job 209: 113/400
Job 209: 114/400
Job 209: 115/400
Job 209: 116/400
Job 209: 117/400
Job 209: 118/400
Job 209: 119/400
Job 209: 120/400
Job 209: 121/400
Job 209: 122/400
Job 209: 123/400
Job 209: 124/400
Job 209: 125/400
Job 209: 126/400
Job 209: 127/400
Job 209: 128/400
Job 209: 129/400
Job 209: 130/400
Job 209: 131/400
Job 209: 132/400
Job 209: 133/400
Job 209: 134/400
Job 209: 135/400
Job 209: 136/400
Job 209: 137/400
Job 209: 138/400
Job 209: 139/400
Job 209: 140/400
Job 209: 141/400
Job 209: 142/400
Job 209: 143/400
Job 209: 144/400
Job 209: 145/400
Job 209: 146/400
Job 209: 147/400
Job 209: 148/400
Job 209: 149/400
Job 209: 150/400
Job 209: 151/400
Job 209: 152/400
Job 209: 153/400
Job 209: 154/400
Job 209: 155/400
Job 209: 156/400
Job 209: 157/400
Job 209: 158/400
Job 209: 159/400
Job 209: 160/400
Job 209: 161/400
Job 209: 162/400
Job 209: 163/400
Job 209: 164/400
Job 209: 165/400
Job 209: 166/400
Job 209: 167/400
Job 209: 168/400
Job 209: 169/400
Job 209: 170/400
Job 209: 171/400
Job 209: 172/400
Job 209: 173/400
Job 209: 174/400
Job 209: 175/400
Job 209: 176/400
Job 209: 177/400
Job 209: 178/400
Job 209: 179/400
Job 209: 180/400
Job 209: 181/400
Job 209: 182/400
Job 209: 183/400
Job 209: 184/400
Job 209: 185/400
Job 209: 186/400
Job 209: 187/400
Job 209: 188/400
Job 209: 189/400
Job 209: 190/400
Job 209: 191/400
Job 209: 192/400
Job 209: 193/400
Job 209: 194/400
Job 209: 195/400
Job 209: 196/400
Job 209: 197/400
Job 209: 198/400
Job 209: 199/400
Job 209: 200/400
Job 209: 201/400
Job 209: 202/400
Job 209: 203/400
Job 209: 204/400
Job 209: 205/400
Job 209: 206/400
Job 209: 207/400
Job 209: 208/400
Job 209: 209/400
Job 209: 210/400
Job 209: 211/400
Job 209: 212/400
Job 209: 213/400
Job 209: 214/400
Job 209: 215/400
Job 209: 216/400
Job 209: 217/400
Job 209: 218/400
Job 209: 219/400
Job 209: 220/400
Job 209: 221/400
Job 209: 222/400
Job 209: 223/400
Job 209: 224/400
Job 209: 225/400
Job 209: 226/400
Job 209: 227/400
Job 209: 228/400
Job 209: 229/400
Job 209: 230/400
Job 209: 231/400
Job 209: 232/400
Job 209: 233/400
Job 209: 234/400
Job 209: 235/400
Job 209: 236/400
Job 209: 237/400
Job 209: 238/400
Job 209: 239/400
Job 209: 240/400
Job 209: 241/400
Job 209: 242/400
Job 209: 243/400
Job 209: 244/400
Job 209: 245/400
Job 209: 246/400
Job 209: 247/400
Job 209: 248/400
Job 209: 249/400
Job 209: 250/400
Job 209: 251/400
Job 209: 252/400
Job 209: 253/400
Job 209: 254/400
Job 209: 255/400
Job 209: 256/400
Job 209: 257/400
Job 209: 258/400
Job 209: 259/400
Job 209: 260/400
Job 209: 261/400
Job 209: 262/400
Job 209: 263/400
Job 209: 264/400
Job 209: 265/400
Job 209: 266/400
Job 209: 267/400
Job 209: 268/400
Job 209: 269/400
Job 209: 270/400
Job 209: 271/400
Job 209: 272/400
Job 209: 273/400
Job 209: 274/400
Job 209: 275/400
Job 209: 276/400
Job 209: 277/400
Job 209: 278/400
Job 209: 279/400
Job 209: 280/400
Job 209: 281/400
Job 209: 282/400
Job 209: 283/400
Job 209: 284/400
Job 209: 285/400
Job 209: 286/400
Job 209: 287/400
Job 209: 288/400
Job 209: 289/400
Job 209: 290/400
Job 209: 291/400
Job 209: 292/400
Job 209: 293/400
Job 209: 294/400
Job 209: 295/400
Job 209: 296/400
Job 209: 297/400
Job 209: 298/400
Job 209: 299/400
Job 209: 300/400
Job 209: 301/400
Job 209: 302/400
Job 209: 303/400
Job 209: 304/400
Job 209: 305/400
Job 209: 306/400
Job 209: 307/400
Job 209: 308/400
Job 209: 309/400
Job 209: 310/400
Job 209: 311/400
Job 209: 312/400
Job 209: 313/400
Job 209: 314/400
Job 209: 315/400
Job 209: 316/400
Job 209: 317/400
Job 209: 318/400
Job 209: 319/400
Job 209: 320/400
Job 209: 321/400
Job 209: 322/400
Job 209: 323/400
Job 209: 324/400
Job 209: 325/400
Job 209: 326/400
Job 209: 327/400
Job 209: 328/400
Job 209: 329/400
Job 209: 330/400
Job 209: 331/400
Job 209: 332/400
Job 209: 333/400
Job 209: 334/400
Job 209: 335/400
Job 209: 336/400
Job 209: 337/400
Job 209: 338/400
Job 209: 339/400
Job 209: 340/400
Job 209: 341/400
Job 209: 342/400
Job 209: 343/400
Job 209: 344/400
Job 209: 345/400
Job 209: 346/400
Job 209: 347/400
Job 209: 348/400
Job 209: 349/400
Job 209: 350/400
Job 209: 351/400
Job 209: 352/400
Job 209: 353/400
Job 209: 354/400
Job 209: 355/400
Job 209: 356/400
Job 209: 357/400
Job 209: 358/400
Job 209: 359/400
Job 209: 360/400
Job 209: 361/400
Job 209: 362/400
Job 209: 363/400
Job 209: 364/400
Job 209: 365/400
Job 209: 366/400
Job 209: 367/400
Job 209: 368/400
Job 209: 369/400
Job 209: 370/400
Job 209: 371/400
Job 209: 372/400
Job 209: 373/400
Job 209: 374/400
Job 209: 375/400
Job 209: 376/400
Job 209: 377/400
Job 209: 378/400
Job 209: 379/400
Job 209: 380/400
Job 209: 381/400
Job 209: 382/400
Job 209: 383/400
Job 209: 384/400
Job 209: 385/400
Job 209: 386/400
Job 209: 387/400
Job 209: 388/400
Job 209: 389/400
Job 209: 390/400
Job 209: 391/400
Job 209: 392/400
Job 209: 393/400
Job 209: 394/400
Job 209: 395/400
Job 209: 396/400
Job 209: 397/400
Job 209: 398/400
Job 209: 399/400
Job 209: 400/400
