Registered S3 methods overwritten by 'susieSlide':
  method              from  
  coef.susie          susieR
  predict.susie       susieR
  print.summary.susie susieR
  summary.susie       susieR
Job 532: 1/400
Job 532: 2/400
Job 532: 3/400
Job 532: 4/400
Job 532: 5/400
Job 532: 6/400
Job 532: 7/400
Job 532: 8/400
Job 532: 9/400
Job 532: 10/400
Job 532: 11/400
Job 532: 12/400
Job 532: 13/400
Job 532: 14/400
Job 532: 15/400
Job 532: 16/400
Job 532: 17/400
Job 532: 18/400
Job 532: 19/400
Job 532: 20/400
Job 532: 21/400
Job 532: 22/400
Job 532: 23/400
Job 532: 24/400
Job 532: 25/400
Job 532: 26/400
Job 532: 27/400
Job 532: 28/400
Job 532: 29/400
Job 532: 30/400
Job 532: 31/400
Job 532: 32/400
Job 532: 33/400
Job 532: 34/400
Job 532: 35/400
Job 532: 36/400
Job 532: 37/400
Job 532: 38/400
Job 532: 39/400
Job 532: 40/400
Job 532: 41/400
Job 532: 42/400
Job 532: 43/400
Job 532: 44/400
Job 532: 45/400
Job 532: 46/400
Job 532: 47/400
Job 532: 48/400
Job 532: 49/400
Job 532: 50/400
Job 532: 51/400
Job 532: 52/400
Job 532: 53/400
Job 532: 54/400
Job 532: 55/400
Job 532: 56/400
Job 532: 57/400
Job 532: 58/400
Job 532: 59/400
Job 532: 60/400
Job 532: 61/400
Job 532: 62/400
Job 532: 63/400
Job 532: 64/400
Job 532: 65/400
Job 532: 66/400
Job 532: 67/400
Job 532: 68/400
Job 532: 69/400
Job 532: 70/400
Job 532: 71/400
Job 532: 72/400
Job 532: 73/400
Job 532: 74/400
Job 532: 75/400
Job 532: 76/400
Job 532: 77/400
Job 532: 78/400
Job 532: 79/400
Job 532: 80/400
Job 532: 81/400
Job 532: 82/400
Job 532: 83/400
Job 532: 84/400
Job 532: 85/400
Job 532: 86/400
Job 532: 87/400
Job 532: 88/400
Job 532: 89/400
Job 532: 90/400
Job 532: 91/400
Job 532: 92/400
Job 532: 93/400
Job 532: 94/400
Job 532: 95/400
Job 532: 96/400
Job 532: 97/400
Job 532: 98/400
Job 532: 99/400
Job 532: 100/400
Job 532: 101/400
Job 532: 102/400
Job 532: 103/400
Job 532: 104/400
Job 532: 105/400
Job 532: 106/400
Job 532: 107/400
Job 532: 108/400
Job 532: 109/400
Job 532: 110/400
Job 532: 111/400
Job 532: 112/400
Job 532: 113/400
Job 532: 114/400
Job 532: 115/400
Job 532: 116/400
Job 532: 117/400
Job 532: 118/400
Job 532: 119/400
Job 532: 120/400
Job 532: 121/400
Job 532: 122/400
Job 532: 123/400
Job 532: 124/400
Job 532: 125/400
Job 532: 126/400
Job 532: 127/400
Job 532: 128/400
Job 532: 129/400
Job 532: 130/400
Job 532: 131/400
Job 532: 132/400
Job 532: 133/400
Job 532: 134/400
Job 532: 135/400
Job 532: 136/400
Job 532: 137/400
Job 532: 138/400
Job 532: 139/400
Job 532: 140/400
Job 532: 141/400
Job 532: 142/400
Job 532: 143/400
Job 532: 144/400
Job 532: 145/400
Job 532: 146/400
Job 532: 147/400
Job 532: 148/400
Job 532: 149/400
Job 532: 150/400
Job 532: 151/400
Job 532: 152/400
Job 532: 153/400
Job 532: 154/400
Job 532: 155/400
Job 532: 156/400
Job 532: 157/400
Job 532: 158/400
Job 532: 159/400
Job 532: 160/400
Job 532: 161/400
Job 532: 162/400
Job 532: 163/400
Job 532: 164/400
Job 532: 165/400
Job 532: 166/400
Job 532: 167/400
Job 532: 168/400
Job 532: 169/400
Job 532: 170/400
Job 532: 171/400
Job 532: 172/400
Job 532: 173/400
Job 532: 174/400
Job 532: 175/400
Job 532: 176/400
Job 532: 177/400
Job 532: 178/400
Job 532: 179/400
Job 532: 180/400
Job 532: 181/400
Job 532: 182/400
Job 532: 183/400
Job 532: 184/400
Job 532: 185/400
Job 532: 186/400
Job 532: 187/400
Job 532: 188/400
Job 532: 189/400
Job 532: 190/400
Job 532: 191/400
Job 532: 192/400
Job 532: 193/400
Job 532: 194/400
Job 532: 195/400
Job 532: 196/400
Job 532: 197/400
Job 532: 198/400
Job 532: 199/400
Job 532: 200/400
Job 532: 201/400
Job 532: 202/400
Job 532: 203/400
Job 532: 204/400
Job 532: 205/400
Job 532: 206/400
Job 532: 207/400
Job 532: 208/400
Job 532: 209/400
Job 532: 210/400
Job 532: 211/400
Job 532: 212/400
Job 532: 213/400
Job 532: 214/400
Job 532: 215/400
Job 532: 216/400
Job 532: 217/400
Job 532: 218/400
Job 532: 219/400
Job 532: 220/400
Job 532: 221/400
Job 532: 222/400
Job 532: 223/400
Job 532: 224/400
Job 532: 225/400
Job 532: 226/400
Job 532: 227/400
Job 532: 228/400
Job 532: 229/400
Job 532: 230/400
Job 532: 231/400
Job 532: 232/400
Job 532: 233/400
Job 532: 234/400
Job 532: 235/400
Job 532: 236/400
Job 532: 237/400
Job 532: 238/400
Job 532: 239/400
Job 532: 240/400
Job 532: 241/400
Job 532: 242/400
Job 532: 243/400
Job 532: 244/400
Job 532: 245/400
Job 532: 246/400
Job 532: 247/400
Job 532: 248/400
Job 532: 249/400
Job 532: 250/400
Job 532: 251/400
Job 532: 252/400
Job 532: 253/400
Job 532: 254/400
Job 532: 255/400
Job 532: 256/400
Job 532: 257/400
Job 532: 258/400
Job 532: 259/400
Job 532: 260/400
Job 532: 261/400
Job 532: 262/400
Job 532: 263/400
Job 532: 264/400
Job 532: 265/400
Job 532: 266/400
Job 532: 267/400
Job 532: 268/400
Job 532: 269/400
Job 532: 270/400
Job 532: 271/400
Job 532: 272/400
Job 532: 273/400
Job 532: 274/400
Job 532: 275/400
Job 532: 276/400
Job 532: 277/400
Job 532: 278/400
Job 532: 279/400
Job 532: 280/400
Job 532: 281/400
Job 532: 282/400
Job 532: 283/400
Job 532: 284/400
Job 532: 285/400
Job 532: 286/400
Job 532: 287/400
Job 532: 288/400
Job 532: 289/400
Job 532: 290/400
Job 532: 291/400
Job 532: 292/400
Job 532: 293/400
Job 532: 294/400
Job 532: 295/400
Job 532: 296/400
Job 532: 297/400
Job 532: 298/400
Job 532: 299/400
Job 532: 300/400
Job 532: 301/400
Job 532: 302/400
Job 532: 303/400
Job 532: 304/400
Job 532: 305/400
Job 532: 306/400
Job 532: 307/400
Job 532: 308/400
Job 532: 309/400
Job 532: 310/400
Job 532: 311/400
Job 532: 312/400
Job 532: 313/400
Job 532: 314/400
Job 532: 315/400
Job 532: 316/400
Job 532: 317/400
Job 532: 318/400
Job 532: 319/400
Job 532: 320/400
Job 532: 321/400
Job 532: 322/400
Job 532: 323/400
Job 532: 324/400
Job 532: 325/400
Job 532: 326/400
Job 532: 327/400
Job 532: 328/400
Job 532: 329/400
Job 532: 330/400
Job 532: 331/400
Job 532: 332/400
Job 532: 333/400
Job 532: 334/400
Job 532: 335/400
Job 532: 336/400
Job 532: 337/400
Job 532: 338/400
Job 532: 339/400
Job 532: 340/400
Job 532: 341/400
Job 532: 342/400
Job 532: 343/400
Job 532: 344/400
Job 532: 345/400
Job 532: 346/400
Job 532: 347/400
Job 532: 348/400
Job 532: 349/400
Job 532: 350/400
Job 532: 351/400
Job 532: 352/400
Job 532: 353/400
Job 532: 354/400
Job 532: 355/400
Job 532: 356/400
Job 532: 357/400
Job 532: 358/400
Job 532: 359/400
Job 532: 360/400
Job 532: 361/400
Job 532: 362/400
Job 532: 363/400
Job 532: 364/400
Job 532: 365/400
Job 532: 366/400
Job 532: 367/400
Job 532: 368/400
Job 532: 369/400
Job 532: 370/400
Job 532: 371/400
Job 532: 372/400
Job 532: 373/400
Job 532: 374/400
Job 532: 375/400
Job 532: 376/400
Job 532: 377/400
Job 532: 378/400
Job 532: 379/400
Job 532: 380/400
Job 532: 381/400
Job 532: 382/400
Job 532: 383/400
Job 532: 384/400
Job 532: 385/400
Job 532: 386/400
Job 532: 387/400
Job 532: 388/400
Job 532: 389/400
Job 532: 390/400
Job 532: 391/400
Job 532: 392/400
Job 532: 393/400
Job 532: 394/400
Job 532: 395/400
Job 532: 396/400
Job 532: 397/400
Job 532: 398/400
Job 532: 399/400
Job 532: 400/400
