Registered S3 methods overwritten by 'susieSlide':
  method              from  
  coef.susie          susieR
  predict.susie       susieR
  print.summary.susie susieR
  summary.susie       susieR
Job 95: 1/400
Job 95: 2/400
Job 95: 3/400
Job 95: 4/400
Job 95: 5/400
Job 95: 6/400
Job 95: 7/400
Job 95: 8/400
Job 95: 9/400
Job 95: 10/400
Job 95: 11/400
Job 95: 12/400
Job 95: 13/400
Job 95: 14/400
Job 95: 15/400
Job 95: 16/400
Job 95: 17/400
Job 95: 18/400
Job 95: 19/400
Job 95: 20/400
Job 95: 21/400
Job 95: 22/400
Job 95: 23/400
Job 95: 24/400
Job 95: 25/400
Job 95: 26/400
Job 95: 27/400
Job 95: 28/400
Job 95: 29/400
Job 95: 30/400
Job 95: 31/400
Job 95: 32/400
Job 95: 33/400
Job 95: 34/400
Job 95: 35/400
Job 95: 36/400
Job 95: 37/400
Job 95: 38/400
Job 95: 39/400
Job 95: 40/400
Job 95: 41/400
Job 95: 42/400
Job 95: 43/400
Job 95: 44/400
Job 95: 45/400
Job 95: 46/400
Job 95: 47/400
Job 95: 48/400
Job 95: 49/400
Job 95: 50/400
Job 95: 51/400
Job 95: 52/400
Job 95: 53/400
Job 95: 54/400
Job 95: 55/400
Job 95: 56/400
Job 95: 57/400
Job 95: 58/400
Job 95: 59/400
Job 95: 60/400
Job 95: 61/400
Job 95: 62/400
Job 95: 63/400
Job 95: 64/400
Job 95: 65/400
Job 95: 66/400
Job 95: 67/400
Job 95: 68/400
Job 95: 69/400
Job 95: 70/400
Job 95: 71/400
Job 95: 72/400
Job 95: 73/400
Job 95: 74/400
Job 95: 75/400
Job 95: 76/400
Job 95: 77/400
Job 95: 78/400
Job 95: 79/400
Job 95: 80/400
Job 95: 81/400
Job 95: 82/400
Job 95: 83/400
Job 95: 84/400
Job 95: 85/400
Job 95: 86/400
Job 95: 87/400
Job 95: 88/400
Job 95: 89/400
Job 95: 90/400
Job 95: 91/400
Job 95: 92/400
Job 95: 93/400
Job 95: 94/400
Job 95: 95/400
Job 95: 96/400
Job 95: 97/400
Job 95: 98/400
Job 95: 99/400
Job 95: 100/400
Job 95: 101/400
Job 95: 102/400
Job 95: 103/400
Job 95: 104/400
Job 95: 105/400
Job 95: 106/400
Job 95: 107/400
Job 95: 108/400
Job 95: 109/400
Job 95: 110/400
Job 95: 111/400
Job 95: 112/400
Job 95: 113/400
Job 95: 114/400
Job 95: 115/400
Job 95: 116/400
Job 95: 117/400
Job 95: 118/400
Job 95: 119/400
Job 95: 120/400
Job 95: 121/400
Job 95: 122/400
Job 95: 123/400
Job 95: 124/400
Job 95: 125/400
Job 95: 126/400
Job 95: 127/400
Job 95: 128/400
Job 95: 129/400
Job 95: 130/400
Job 95: 131/400
Job 95: 132/400
Job 95: 133/400
Job 95: 134/400
Job 95: 135/400
Job 95: 136/400
Job 95: 137/400
Job 95: 138/400
Job 95: 139/400
Job 95: 140/400
Job 95: 141/400
Job 95: 142/400
Job 95: 143/400
Job 95: 144/400
Job 95: 145/400
Job 95: 146/400
Job 95: 147/400
Job 95: 148/400
Job 95: 149/400
Job 95: 150/400
Job 95: 151/400
Job 95: 152/400
Job 95: 153/400
Job 95: 154/400
Job 95: 155/400
Job 95: 156/400
Job 95: 157/400
Job 95: 158/400
Job 95: 159/400
Job 95: 160/400
Job 95: 161/400
Job 95: 162/400
Job 95: 163/400
Job 95: 164/400
Job 95: 165/400
Job 95: 166/400
Job 95: 167/400
Job 95: 168/400
Job 95: 169/400
Job 95: 170/400
Job 95: 171/400
Job 95: 172/400
Job 95: 173/400
Job 95: 174/400
Job 95: 175/400
Job 95: 176/400
Job 95: 177/400
Job 95: 178/400
Job 95: 179/400
Job 95: 180/400
Job 95: 181/400
Job 95: 182/400
Job 95: 183/400
Job 95: 184/400
Job 95: 185/400
Job 95: 186/400
Job 95: 187/400
Job 95: 188/400
Job 95: 189/400
Job 95: 190/400
Job 95: 191/400
Job 95: 192/400
Job 95: 193/400
Job 95: 194/400
Job 95: 195/400
Job 95: 196/400
Job 95: 197/400
Job 95: 198/400
Job 95: 199/400
Job 95: 200/400
Job 95: 201/400
Job 95: 202/400
Job 95: 203/400
Job 95: 204/400
Job 95: 205/400
Job 95: 206/400
Job 95: 207/400
Job 95: 208/400
Job 95: 209/400
Job 95: 210/400
Job 95: 211/400
Job 95: 212/400
Job 95: 213/400
Job 95: 214/400
Job 95: 215/400
Job 95: 216/400
Job 95: 217/400
Job 95: 218/400
Job 95: 219/400
Job 95: 220/400
Job 95: 221/400
Job 95: 222/400
Job 95: 223/400
Job 95: 224/400
Job 95: 225/400
Job 95: 226/400
Job 95: 227/400
Job 95: 228/400
Job 95: 229/400
Job 95: 230/400
Job 95: 231/400
Job 95: 232/400
Job 95: 233/400
Job 95: 234/400
Job 95: 235/400
Job 95: 236/400
Job 95: 237/400
Job 95: 238/400
Job 95: 239/400
Job 95: 240/400
Job 95: 241/400
Job 95: 242/400
Job 95: 243/400
Job 95: 244/400
Job 95: 245/400
Job 95: 246/400
Job 95: 247/400
Job 95: 248/400
Job 95: 249/400
Job 95: 250/400
Job 95: 251/400
Job 95: 252/400
Job 95: 253/400
Job 95: 254/400
Job 95: 255/400
Job 95: 256/400
Job 95: 257/400
Job 95: 258/400
Job 95: 259/400
Job 95: 260/400
Job 95: 261/400
Job 95: 262/400
Job 95: 263/400
Job 95: 264/400
Job 95: 265/400
Job 95: 266/400
Job 95: 267/400
Job 95: 268/400
Job 95: 269/400
Job 95: 270/400
Job 95: 271/400
Job 95: 272/400
Job 95: 273/400
Job 95: 274/400
Job 95: 275/400
Job 95: 276/400
Job 95: 277/400
Job 95: 278/400
Job 95: 279/400
Job 95: 280/400
Job 95: 281/400
Job 95: 282/400
Job 95: 283/400
Job 95: 284/400
Job 95: 285/400
Job 95: 286/400
Job 95: 287/400
Job 95: 288/400
Job 95: 289/400
Job 95: 290/400
Job 95: 291/400
Job 95: 292/400
Job 95: 293/400
Job 95: 294/400
Job 95: 295/400
Job 95: 296/400
Job 95: 297/400
Job 95: 298/400
Job 95: 299/400
Job 95: 300/400
Job 95: 301/400
Job 95: 302/400
Job 95: 303/400
Job 95: 304/400
Job 95: 305/400
Job 95: 306/400
Job 95: 307/400
Job 95: 308/400
Job 95: 309/400
Job 95: 310/400
Job 95: 311/400
Job 95: 312/400
Job 95: 313/400
Job 95: 314/400
Job 95: 315/400
Job 95: 316/400
Job 95: 317/400
Job 95: 318/400
Job 95: 319/400
Job 95: 320/400
Job 95: 321/400
Job 95: 322/400
Job 95: 323/400
Job 95: 324/400
Job 95: 325/400
Job 95: 326/400
Job 95: 327/400
Job 95: 328/400
Job 95: 329/400
Job 95: 330/400
Job 95: 331/400
Job 95: 332/400
Job 95: 333/400
Job 95: 334/400
Job 95: 335/400
Job 95: 336/400
Job 95: 337/400
Job 95: 338/400
Job 95: 339/400
Job 95: 340/400
Job 95: 341/400
Job 95: 342/400
Job 95: 343/400
Job 95: 344/400
Job 95: 345/400
Job 95: 346/400
Job 95: 347/400
Job 95: 348/400
Job 95: 349/400
Job 95: 350/400
Job 95: 351/400
Job 95: 352/400
Job 95: 353/400
Job 95: 354/400
Job 95: 355/400
Job 95: 356/400
Job 95: 357/400
Job 95: 358/400
Job 95: 359/400
Job 95: 360/400
Job 95: 361/400
Job 95: 362/400
Job 95: 363/400
Job 95: 364/400
Job 95: 365/400
Job 95: 366/400
Job 95: 367/400
Job 95: 368/400
Job 95: 369/400
Job 95: 370/400
Job 95: 371/400
Job 95: 372/400
Job 95: 373/400
Job 95: 374/400
Job 95: 375/400
Job 95: 376/400
Job 95: 377/400
Job 95: 378/400
Job 95: 379/400
Job 95: 380/400
Job 95: 381/400
Job 95: 382/400
Job 95: 383/400
Job 95: 384/400
Job 95: 385/400
Job 95: 386/400
Job 95: 387/400
Job 95: 388/400
Job 95: 389/400
Job 95: 390/400
Job 95: 391/400
Job 95: 392/400
Job 95: 393/400
Job 95: 394/400
Job 95: 395/400
Job 95: 396/400
Job 95: 397/400
Job 95: 398/400
Job 95: 399/400
Job 95: 400/400
