Registered S3 methods overwritten by 'susieSlide':
  method              from  
  coef.susie          susieR
  predict.susie       susieR
  print.summary.susie susieR
  summary.susie       susieR
Job 469: 1/400
Job 469: 2/400
Job 469: 3/400
Job 469: 4/400
Job 469: 5/400
Job 469: 6/400
Job 469: 7/400
Job 469: 8/400
Job 469: 9/400
Job 469: 10/400
Job 469: 11/400
Job 469: 12/400
Job 469: 13/400
Job 469: 14/400
Job 469: 15/400
Job 469: 16/400
Job 469: 17/400
Job 469: 18/400
Job 469: 19/400
Job 469: 20/400
Job 469: 21/400
Job 469: 22/400
Job 469: 23/400
Job 469: 24/400
Job 469: 25/400
Job 469: 26/400
Job 469: 27/400
Job 469: 28/400
Job 469: 29/400
Job 469: 30/400
Job 469: 31/400
Job 469: 32/400
Job 469: 33/400
Job 469: 34/400
Job 469: 35/400
Job 469: 36/400
Job 469: 37/400
Job 469: 38/400
Job 469: 39/400
Job 469: 40/400
Job 469: 41/400
Job 469: 42/400
Job 469: 43/400
Job 469: 44/400
Job 469: 45/400
Job 469: 46/400
Job 469: 47/400
Job 469: 48/400
Job 469: 49/400
Job 469: 50/400
Job 469: 51/400
Job 469: 52/400
Job 469: 53/400
Job 469: 54/400
Job 469: 55/400
Job 469: 56/400
Job 469: 57/400
Job 469: 58/400
Job 469: 59/400
Job 469: 60/400
Job 469: 61/400
Job 469: 62/400
Job 469: 63/400
Job 469: 64/400
Job 469: 65/400
Job 469: 66/400
Job 469: 67/400
Job 469: 68/400
Job 469: 69/400
Job 469: 70/400
Job 469: 71/400
Job 469: 72/400
Job 469: 73/400
Job 469: 74/400
Job 469: 75/400
Job 469: 76/400
Job 469: 77/400
Job 469: 78/400
Job 469: 79/400
Job 469: 80/400
Job 469: 81/400
Job 469: 82/400
Job 469: 83/400
Job 469: 84/400
Job 469: 85/400
Job 469: 86/400
Job 469: 87/400
Job 469: 88/400
Job 469: 89/400
Job 469: 90/400
Job 469: 91/400
Job 469: 92/400
Job 469: 93/400
Job 469: 94/400
Job 469: 95/400
Job 469: 96/400
Job 469: 97/400
Job 469: 98/400
Job 469: 99/400
Job 469: 100/400
Job 469: 101/400
Job 469: 102/400
Job 469: 103/400
Job 469: 104/400
Job 469: 105/400
Job 469: 106/400
Job 469: 107/400
Job 469: 108/400
Job 469: 109/400
Job 469: 110/400
Job 469: 111/400
Job 469: 112/400
Job 469: 113/400
Job 469: 114/400
Job 469: 115/400
Job 469: 116/400
Job 469: 117/400
Job 469: 118/400
Job 469: 119/400
Job 469: 120/400
Job 469: 121/400
Job 469: 122/400
Job 469: 123/400
Job 469: 124/400
Job 469: 125/400
Job 469: 126/400
Job 469: 127/400
Job 469: 128/400
Job 469: 129/400
Job 469: 130/400
Job 469: 131/400
Job 469: 132/400
Job 469: 133/400
Job 469: 134/400
Job 469: 135/400
Job 469: 136/400
Job 469: 137/400
Job 469: 138/400
Job 469: 139/400
Job 469: 140/400
Job 469: 141/400
Job 469: 142/400
Job 469: 143/400
Job 469: 144/400
Job 469: 145/400
Job 469: 146/400
Job 469: 147/400
Job 469: 148/400
Job 469: 149/400
Job 469: 150/400
Job 469: 151/400
Job 469: 152/400
Job 469: 153/400
Job 469: 154/400
Job 469: 155/400
Job 469: 156/400
Job 469: 157/400
Job 469: 158/400
Job 469: 159/400
Job 469: 160/400
Job 469: 161/400
Job 469: 162/400
Job 469: 163/400
Job 469: 164/400
Job 469: 165/400
Job 469: 166/400
Job 469: 167/400
Job 469: 168/400
Job 469: 169/400
Job 469: 170/400
Job 469: 171/400
Job 469: 172/400
Job 469: 173/400
Job 469: 174/400
Job 469: 175/400
Job 469: 176/400
Job 469: 177/400
Job 469: 178/400
Job 469: 179/400
Job 469: 180/400
Job 469: 181/400
Job 469: 182/400
Job 469: 183/400
Job 469: 184/400
Job 469: 185/400
Job 469: 186/400
Job 469: 187/400
Job 469: 188/400
Job 469: 189/400
Job 469: 190/400
Job 469: 191/400
Job 469: 192/400
Job 469: 193/400
Job 469: 194/400
Job 469: 195/400
Job 469: 196/400
Job 469: 197/400
Job 469: 198/400
Job 469: 199/400
Job 469: 200/400
Job 469: 201/400
Job 469: 202/400
Job 469: 203/400
Job 469: 204/400
Job 469: 205/400
Job 469: 206/400
Job 469: 207/400
Job 469: 208/400
Job 469: 209/400
Job 469: 210/400
Job 469: 211/400
Job 469: 212/400
Job 469: 213/400
Job 469: 214/400
Job 469: 215/400
Job 469: 216/400
Job 469: 217/400
Job 469: 218/400
Job 469: 219/400
Job 469: 220/400
Job 469: 221/400
Job 469: 222/400
Job 469: 223/400
Job 469: 224/400
Job 469: 225/400
Job 469: 226/400
Job 469: 227/400
Job 469: 228/400
Job 469: 229/400
Job 469: 230/400
Job 469: 231/400
Job 469: 232/400
Job 469: 233/400
Job 469: 234/400
Job 469: 235/400
Job 469: 236/400
Job 469: 237/400
Job 469: 238/400
Job 469: 239/400
Job 469: 240/400
Job 469: 241/400
Job 469: 242/400
Job 469: 243/400
Job 469: 244/400
Job 469: 245/400
Job 469: 246/400
Job 469: 247/400
Job 469: 248/400
Job 469: 249/400
Job 469: 250/400
Job 469: 251/400
Job 469: 252/400
Job 469: 253/400
Job 469: 254/400
Job 469: 255/400
Job 469: 256/400
Job 469: 257/400
Job 469: 258/400
Job 469: 259/400
Job 469: 260/400
Job 469: 261/400
Job 469: 262/400
Job 469: 263/400
Job 469: 264/400
Job 469: 265/400
Job 469: 266/400
Job 469: 267/400
Job 469: 268/400
Job 469: 269/400
Job 469: 270/400
Job 469: 271/400
Job 469: 272/400
Job 469: 273/400
Job 469: 274/400
Job 469: 275/400
Job 469: 276/400
Job 469: 277/400
Job 469: 278/400
Job 469: 279/400
Job 469: 280/400
Job 469: 281/400
Job 469: 282/400
Job 469: 283/400
Job 469: 284/400
Job 469: 285/400
Job 469: 286/400
Job 469: 287/400
Job 469: 288/400
Job 469: 289/400
Job 469: 290/400
Job 469: 291/400
Job 469: 292/400
Job 469: 293/400
Job 469: 294/400
Job 469: 295/400
Job 469: 296/400
Job 469: 297/400
Job 469: 298/400
Job 469: 299/400
Job 469: 300/400
Job 469: 301/400
Job 469: 302/400
Job 469: 303/400
Job 469: 304/400
Job 469: 305/400
Job 469: 306/400
Job 469: 307/400
Job 469: 308/400
Job 469: 309/400
Job 469: 310/400
Job 469: 311/400
Job 469: 312/400
Job 469: 313/400
Job 469: 314/400
Job 469: 315/400
Job 469: 316/400
Job 469: 317/400
Job 469: 318/400
Job 469: 319/400
Job 469: 320/400
Job 469: 321/400
Job 469: 322/400
Job 469: 323/400
Job 469: 324/400
Job 469: 325/400
Job 469: 326/400
Job 469: 327/400
Job 469: 328/400
Job 469: 329/400
Job 469: 330/400
Job 469: 331/400
Job 469: 332/400
Job 469: 333/400
Job 469: 334/400
Job 469: 335/400
Job 469: 336/400
Job 469: 337/400
Job 469: 338/400
Job 469: 339/400
Job 469: 340/400
Job 469: 341/400
Job 469: 342/400
Job 469: 343/400
Job 469: 344/400
Job 469: 345/400
Job 469: 346/400
Job 469: 347/400
Job 469: 348/400
Job 469: 349/400
Job 469: 350/400
Job 469: 351/400
Job 469: 352/400
Job 469: 353/400
Job 469: 354/400
Job 469: 355/400
Job 469: 356/400
Job 469: 357/400
Job 469: 358/400
Job 469: 359/400
Job 469: 360/400
Job 469: 361/400
Job 469: 362/400
Job 469: 363/400
Job 469: 364/400
Job 469: 365/400
Job 469: 366/400
Job 469: 367/400
Job 469: 368/400
Job 469: 369/400
Job 469: 370/400
Job 469: 371/400
Job 469: 372/400
Job 469: 373/400
Job 469: 374/400
Job 469: 375/400
Job 469: 376/400
Job 469: 377/400
Job 469: 378/400
Job 469: 379/400
Job 469: 380/400
Job 469: 381/400
Job 469: 382/400
Job 469: 383/400
Job 469: 384/400
Job 469: 385/400
Job 469: 386/400
Job 469: 387/400
Job 469: 388/400
Job 469: 389/400
Job 469: 390/400
Job 469: 391/400
Job 469: 392/400
Job 469: 393/400
Job 469: 394/400
Job 469: 395/400
Job 469: 396/400
Job 469: 397/400
Job 469: 398/400
Job 469: 399/400
Job 469: 400/400
