Registered S3 methods overwritten by 'susieSlide':
  method              from  
  coef.susie          susieR
  predict.susie       susieR
  print.summary.susie susieR
  summary.susie       susieR
Job 594: 1/400
Job 594: 2/400
Job 594: 3/400
Job 594: 4/400
Job 594: 5/400
Job 594: 6/400
Job 594: 7/400
Job 594: 8/400
Job 594: 9/400
Job 594: 10/400
Job 594: 11/400
Job 594: 12/400
Job 594: 13/400
Job 594: 14/400
Job 594: 15/400
Job 594: 16/400
Job 594: 17/400
Job 594: 18/400
Job 594: 19/400
Job 594: 20/400
Job 594: 21/400
Job 594: 22/400
Job 594: 23/400
Job 594: 24/400
Job 594: 25/400
Job 594: 26/400
Job 594: 27/400
Job 594: 28/400
Job 594: 29/400
Job 594: 30/400
Job 594: 31/400
Job 594: 32/400
Job 594: 33/400
Job 594: 34/400
Job 594: 35/400
Job 594: 36/400
Job 594: 37/400
Job 594: 38/400
Job 594: 39/400
Job 594: 40/400
Job 594: 41/400
Job 594: 42/400
Job 594: 43/400
Job 594: 44/400
Job 594: 45/400
Job 594: 46/400
Job 594: 47/400
Job 594: 48/400
Job 594: 49/400
Job 594: 50/400
Job 594: 51/400
Job 594: 52/400
Job 594: 53/400
Job 594: 54/400
Job 594: 55/400
Job 594: 56/400
Job 594: 57/400
Job 594: 58/400
Job 594: 59/400
Job 594: 60/400
Job 594: 61/400
Job 594: 62/400
Job 594: 63/400
Job 594: 64/400
Job 594: 65/400
Job 594: 66/400
Job 594: 67/400
Job 594: 68/400
Job 594: 69/400
Job 594: 70/400
Job 594: 71/400
Job 594: 72/400
Job 594: 73/400
Job 594: 74/400
Job 594: 75/400
Job 594: 76/400
Job 594: 77/400
Job 594: 78/400
Job 594: 79/400
Job 594: 80/400
Job 594: 81/400
Job 594: 82/400
Job 594: 83/400
Job 594: 84/400
Job 594: 85/400
Job 594: 86/400
Job 594: 87/400
Job 594: 88/400
Job 594: 89/400
Job 594: 90/400
Job 594: 91/400
Job 594: 92/400
Job 594: 93/400
Job 594: 94/400
Job 594: 95/400
Job 594: 96/400
Job 594: 97/400
Job 594: 98/400
Job 594: 99/400
Job 594: 100/400
Job 594: 101/400
Job 594: 102/400
Job 594: 103/400
Job 594: 104/400
Job 594: 105/400
Job 594: 106/400
Job 594: 107/400
Job 594: 108/400
Job 594: 109/400
Job 594: 110/400
Job 594: 111/400
Job 594: 112/400
Job 594: 113/400
Job 594: 114/400
Job 594: 115/400
Job 594: 116/400
Job 594: 117/400
Job 594: 118/400
Job 594: 119/400
Job 594: 120/400
Job 594: 121/400
Job 594: 122/400
Job 594: 123/400
Job 594: 124/400
Job 594: 125/400
Job 594: 126/400
Job 594: 127/400
Job 594: 128/400
Job 594: 129/400
Job 594: 130/400
Job 594: 131/400
Job 594: 132/400
Job 594: 133/400
Job 594: 134/400
Job 594: 135/400
Job 594: 136/400
Job 594: 137/400
Job 594: 138/400
Job 594: 139/400
Job 594: 140/400
Job 594: 141/400
Job 594: 142/400
Job 594: 143/400
Job 594: 144/400
Job 594: 145/400
Job 594: 146/400
Job 594: 147/400
Job 594: 148/400
Job 594: 149/400
Job 594: 150/400
Job 594: 151/400
Job 594: 152/400
Job 594: 153/400
Job 594: 154/400
Job 594: 155/400
Job 594: 156/400
Job 594: 157/400
Job 594: 158/400
Job 594: 159/400
Job 594: 160/400
Job 594: 161/400
Job 594: 162/400
Job 594: 163/400
Job 594: 164/400
Job 594: 165/400
Job 594: 166/400
Job 594: 167/400
Job 594: 168/400
Job 594: 169/400
Job 594: 170/400
Job 594: 171/400
Job 594: 172/400
Job 594: 173/400
Job 594: 174/400
Job 594: 175/400
Job 594: 176/400
Job 594: 177/400
Job 594: 178/400
Job 594: 179/400
Job 594: 180/400
Job 594: 181/400
Job 594: 182/400
Job 594: 183/400
Job 594: 184/400
Job 594: 185/400
Job 594: 186/400
Job 594: 187/400
Job 594: 188/400
Job 594: 189/400
Job 594: 190/400
Job 594: 191/400
Job 594: 192/400
Job 594: 193/400
Job 594: 194/400
Job 594: 195/400
Job 594: 196/400
Job 594: 197/400
Job 594: 198/400
Job 594: 199/400
Job 594: 200/400
Job 594: 201/400
Job 594: 202/400
Job 594: 203/400
Job 594: 204/400
Job 594: 205/400
Job 594: 206/400
Job 594: 207/400
Job 594: 208/400
Job 594: 209/400
Job 594: 210/400
Job 594: 211/400
Job 594: 212/400
Job 594: 213/400
Job 594: 214/400
Job 594: 215/400
Job 594: 216/400
Job 594: 217/400
Job 594: 218/400
Job 594: 219/400
Job 594: 220/400
Job 594: 221/400
Job 594: 222/400
Job 594: 223/400
Job 594: 224/400
Job 594: 225/400
Job 594: 226/400
Job 594: 227/400
Job 594: 228/400
Job 594: 229/400
Job 594: 230/400
Job 594: 231/400
Job 594: 232/400
Job 594: 233/400
Job 594: 234/400
Job 594: 235/400
Job 594: 236/400
Job 594: 237/400
Job 594: 238/400
Job 594: 239/400
Job 594: 240/400
Job 594: 241/400
Job 594: 242/400
Job 594: 243/400
Job 594: 244/400
Job 594: 245/400
Job 594: 246/400
Job 594: 247/400
Job 594: 248/400
Job 594: 249/400
Job 594: 250/400
Job 594: 251/400
Job 594: 252/400
Job 594: 253/400
Job 594: 254/400
Job 594: 255/400
Job 594: 256/400
Job 594: 257/400
Job 594: 258/400
Job 594: 259/400
Job 594: 260/400
Job 594: 261/400
Job 594: 262/400
Job 594: 263/400
Job 594: 264/400
Job 594: 265/400
Job 594: 266/400
Job 594: 267/400
Job 594: 268/400
Job 594: 269/400
Job 594: 270/400
Job 594: 271/400
Job 594: 272/400
Job 594: 273/400
Job 594: 274/400
Job 594: 275/400
Job 594: 276/400
Job 594: 277/400
Job 594: 278/400
Job 594: 279/400
Job 594: 280/400
Job 594: 281/400
Job 594: 282/400
Job 594: 283/400
Job 594: 284/400
Job 594: 285/400
Job 594: 286/400
Job 594: 287/400
Job 594: 288/400
Job 594: 289/400
Job 594: 290/400
Job 594: 291/400
Job 594: 292/400
Job 594: 293/400
Job 594: 294/400
Job 594: 295/400
Job 594: 296/400
Job 594: 297/400
Job 594: 298/400
Job 594: 299/400
Job 594: 300/400
Job 594: 301/400
Job 594: 302/400
Job 594: 303/400
Job 594: 304/400
Job 594: 305/400
Job 594: 306/400
Job 594: 307/400
Job 594: 308/400
Job 594: 309/400
Job 594: 310/400
Job 594: 311/400
Job 594: 312/400
Job 594: 313/400
Job 594: 314/400
Job 594: 315/400
Job 594: 316/400
Job 594: 317/400
Job 594: 318/400
Job 594: 319/400
Job 594: 320/400
Job 594: 321/400
Job 594: 322/400
Job 594: 323/400
Job 594: 324/400
Job 594: 325/400
Job 594: 326/400
Job 594: 327/400
Job 594: 328/400
Job 594: 329/400
Job 594: 330/400
Job 594: 331/400
Job 594: 332/400
Job 594: 333/400
Job 594: 334/400
Job 594: 335/400
Job 594: 336/400
Job 594: 337/400
Job 594: 338/400
Job 594: 339/400
Job 594: 340/400
Job 594: 341/400
Job 594: 342/400
Job 594: 343/400
Job 594: 344/400
Job 594: 345/400
Job 594: 346/400
Job 594: 347/400
Job 594: 348/400
Job 594: 349/400
Job 594: 350/400
Job 594: 351/400
Job 594: 352/400
Job 594: 353/400
Job 594: 354/400
Job 594: 355/400
Job 594: 356/400
Job 594: 357/400
Job 594: 358/400
Job 594: 359/400
Job 594: 360/400
Job 594: 361/400
Job 594: 362/400
Job 594: 363/400
Job 594: 364/400
Job 594: 365/400
Job 594: 366/400
Job 594: 367/400
Job 594: 368/400
Job 594: 369/400
Job 594: 370/400
Job 594: 371/400
Job 594: 372/400
Job 594: 373/400
Job 594: 374/400
Job 594: 375/400
Job 594: 376/400
Job 594: 377/400
Job 594: 378/400
Job 594: 379/400
Job 594: 380/400
Job 594: 381/400
Job 594: 382/400
Job 594: 383/400
Job 594: 384/400
Job 594: 385/400
Job 594: 386/400
Job 594: 387/400
Job 594: 388/400
Job 594: 389/400
Job 594: 390/400
Job 594: 391/400
Job 594: 392/400
Job 594: 393/400
Job 594: 394/400
Job 594: 395/400
Job 594: 396/400
Job 594: 397/400
Job 594: 398/400
Job 594: 399/400
Job 594: 400/400
