Registered S3 methods overwritten by 'susieSlide':
  method              from  
  coef.susie          susieR
  predict.susie       susieR
  print.summary.susie susieR
  summary.susie       susieR
Job 530: 1/400
Job 530: 2/400
Job 530: 3/400
Job 530: 4/400
Job 530: 5/400
Job 530: 6/400
Job 530: 7/400
Job 530: 8/400
Job 530: 9/400
Job 530: 10/400
Job 530: 11/400
Job 530: 12/400
Job 530: 13/400
Job 530: 14/400
Job 530: 15/400
Job 530: 16/400
Job 530: 17/400
Job 530: 18/400
Job 530: 19/400
Job 530: 20/400
Job 530: 21/400
Job 530: 22/400
Job 530: 23/400
Job 530: 24/400
Job 530: 25/400
Job 530: 26/400
Job 530: 27/400
Job 530: 28/400
Job 530: 29/400
Job 530: 30/400
Job 530: 31/400
Job 530: 32/400
Job 530: 33/400
Job 530: 34/400
Job 530: 35/400
Job 530: 36/400
Job 530: 37/400
Job 530: 38/400
Job 530: 39/400
Job 530: 40/400
Job 530: 41/400
Job 530: 42/400
Job 530: 43/400
Job 530: 44/400
Job 530: 45/400
Job 530: 46/400
Job 530: 47/400
Job 530: 48/400
Job 530: 49/400
Job 530: 50/400
Job 530: 51/400
Job 530: 52/400
Job 530: 53/400
Job 530: 54/400
Job 530: 55/400
Job 530: 56/400
Job 530: 57/400
Job 530: 58/400
Job 530: 59/400
Job 530: 60/400
Job 530: 61/400
Job 530: 62/400
Job 530: 63/400
Job 530: 64/400
Job 530: 65/400
Job 530: 66/400
Job 530: 67/400
Job 530: 68/400
Job 530: 69/400
Job 530: 70/400
Job 530: 71/400
Job 530: 72/400
Job 530: 73/400
Job 530: 74/400
Job 530: 75/400
Job 530: 76/400
Job 530: 77/400
Job 530: 78/400
Job 530: 79/400
Job 530: 80/400
Job 530: 81/400
Job 530: 82/400
Job 530: 83/400
Job 530: 84/400
Job 530: 85/400
Job 530: 86/400
Job 530: 87/400
Job 530: 88/400
Job 530: 89/400
Job 530: 90/400
Job 530: 91/400
Job 530: 92/400
Job 530: 93/400
Job 530: 94/400
Job 530: 95/400
Job 530: 96/400
Job 530: 97/400
Job 530: 98/400
Job 530: 99/400
Job 530: 100/400
Job 530: 101/400
Job 530: 102/400
Job 530: 103/400
Job 530: 104/400
Job 530: 105/400
Job 530: 106/400
Job 530: 107/400
Job 530: 108/400
Job 530: 109/400
Job 530: 110/400
Job 530: 111/400
Job 530: 112/400
Job 530: 113/400
Job 530: 114/400
Job 530: 115/400
Job 530: 116/400
Job 530: 117/400
Job 530: 118/400
Job 530: 119/400
Job 530: 120/400
Job 530: 121/400
Job 530: 122/400
Job 530: 123/400
Job 530: 124/400
Job 530: 125/400
Job 530: 126/400
Job 530: 127/400
Job 530: 128/400
Job 530: 129/400
Job 530: 130/400
Job 530: 131/400
Job 530: 132/400
Job 530: 133/400
Job 530: 134/400
Job 530: 135/400
Job 530: 136/400
Job 530: 137/400
Job 530: 138/400
Job 530: 139/400
Job 530: 140/400
Job 530: 141/400
Job 530: 142/400
Job 530: 143/400
Job 530: 144/400
Job 530: 145/400
Job 530: 146/400
Job 530: 147/400
Job 530: 148/400
Job 530: 149/400
Job 530: 150/400
Job 530: 151/400
Job 530: 152/400
Job 530: 153/400
Job 530: 154/400
Job 530: 155/400
Job 530: 156/400
Job 530: 157/400
Job 530: 158/400
Job 530: 159/400
Job 530: 160/400
Job 530: 161/400
Job 530: 162/400
Job 530: 163/400
Job 530: 164/400
Job 530: 165/400
Job 530: 166/400
Job 530: 167/400
Job 530: 168/400
Job 530: 169/400
Job 530: 170/400
Job 530: 171/400
Job 530: 172/400
Job 530: 173/400
Job 530: 174/400
Job 530: 175/400
Job 530: 176/400
Job 530: 177/400
Job 530: 178/400
Job 530: 179/400
Job 530: 180/400
Job 530: 181/400
Job 530: 182/400
Job 530: 183/400
Job 530: 184/400
Job 530: 185/400
Job 530: 186/400
Job 530: 187/400
Job 530: 188/400
Job 530: 189/400
Job 530: 190/400
Job 530: 191/400
Job 530: 192/400
Job 530: 193/400
Job 530: 194/400
Job 530: 195/400
Job 530: 196/400
Job 530: 197/400
Job 530: 198/400
Job 530: 199/400
Job 530: 200/400
Job 530: 201/400
Job 530: 202/400
Job 530: 203/400
Job 530: 204/400
Job 530: 205/400
Job 530: 206/400
Job 530: 207/400
Job 530: 208/400
Job 530: 209/400
Job 530: 210/400
Job 530: 211/400
Job 530: 212/400
Job 530: 213/400
Job 530: 214/400
Job 530: 215/400
Job 530: 216/400
Job 530: 217/400
Job 530: 218/400
Job 530: 219/400
Job 530: 220/400
Job 530: 221/400
Job 530: 222/400
Job 530: 223/400
Job 530: 224/400
Job 530: 225/400
Job 530: 226/400
Job 530: 227/400
Job 530: 228/400
Job 530: 229/400
Job 530: 230/400
Job 530: 231/400
Job 530: 232/400
Job 530: 233/400
Job 530: 234/400
Job 530: 235/400
Job 530: 236/400
Job 530: 237/400
Job 530: 238/400
Job 530: 239/400
Job 530: 240/400
Job 530: 241/400
Job 530: 242/400
Job 530: 243/400
Job 530: 244/400
Job 530: 245/400
Job 530: 246/400
Job 530: 247/400
Job 530: 248/400
Job 530: 249/400
Job 530: 250/400
Job 530: 251/400
Job 530: 252/400
Job 530: 253/400
Job 530: 254/400
Job 530: 255/400
Job 530: 256/400
Job 530: 257/400
Job 530: 258/400
Job 530: 259/400
Job 530: 260/400
Job 530: 261/400
Job 530: 262/400
Job 530: 263/400
Job 530: 264/400
Job 530: 265/400
Job 530: 266/400
Job 530: 267/400
Job 530: 268/400
Job 530: 269/400
Job 530: 270/400
Job 530: 271/400
Job 530: 272/400
Job 530: 273/400
Job 530: 274/400
Job 530: 275/400
Job 530: 276/400
Job 530: 277/400
Job 530: 278/400
Job 530: 279/400
Job 530: 280/400
Job 530: 281/400
Job 530: 282/400
Job 530: 283/400
Job 530: 284/400
Job 530: 285/400
Job 530: 286/400
Job 530: 287/400
Job 530: 288/400
Job 530: 289/400
Job 530: 290/400
Job 530: 291/400
Job 530: 292/400
Job 530: 293/400
Job 530: 294/400
Job 530: 295/400
Job 530: 296/400
Job 530: 297/400
Job 530: 298/400
Job 530: 299/400
Job 530: 300/400
Job 530: 301/400
Job 530: 302/400
Job 530: 303/400
Job 530: 304/400
Job 530: 305/400
Job 530: 306/400
Job 530: 307/400
Job 530: 308/400
Job 530: 309/400
Job 530: 310/400
Job 530: 311/400
Job 530: 312/400
Job 530: 313/400
Job 530: 314/400
Job 530: 315/400
Job 530: 316/400
Job 530: 317/400
Job 530: 318/400
Job 530: 319/400
Job 530: 320/400
Job 530: 321/400
Job 530: 322/400
Job 530: 323/400
Job 530: 324/400
Job 530: 325/400
Job 530: 326/400
Job 530: 327/400
Job 530: 328/400
Job 530: 329/400
Job 530: 330/400
Job 530: 331/400
Job 530: 332/400
Job 530: 333/400
Job 530: 334/400
Job 530: 335/400
Job 530: 336/400
Job 530: 337/400
Job 530: 338/400
Job 530: 339/400
Job 530: 340/400
Job 530: 341/400
Job 530: 342/400
Job 530: 343/400
Job 530: 344/400
Job 530: 345/400
Job 530: 346/400
Job 530: 347/400
Job 530: 348/400
Job 530: 349/400
Job 530: 350/400
Job 530: 351/400
Job 530: 352/400
Job 530: 353/400
Job 530: 354/400
Job 530: 355/400
Job 530: 356/400
Job 530: 357/400
Job 530: 358/400
Job 530: 359/400
Job 530: 360/400
Job 530: 361/400
Job 530: 362/400
Job 530: 363/400
Job 530: 364/400
Job 530: 365/400
Job 530: 366/400
Job 530: 367/400
Job 530: 368/400
Job 530: 369/400
Job 530: 370/400
Job 530: 371/400
Job 530: 372/400
Job 530: 373/400
Job 530: 374/400
Job 530: 375/400
Job 530: 376/400
Job 530: 377/400
Job 530: 378/400
Job 530: 379/400
Job 530: 380/400
Job 530: 381/400
Job 530: 382/400
Job 530: 383/400
Job 530: 384/400
Job 530: 385/400
Job 530: 386/400
Job 530: 387/400
Job 530: 388/400
Job 530: 389/400
Job 530: 390/400
Job 530: 391/400
Job 530: 392/400
Job 530: 393/400
Job 530: 394/400
Job 530: 395/400
Job 530: 396/400
Job 530: 397/400
Job 530: 398/400
Job 530: 399/400
Job 530: 400/400
