Registered S3 methods overwritten by 'susieSlide':
  method              from  
  coef.susie          susieR
  predict.susie       susieR
  print.summary.susie susieR
  summary.susie       susieR
Job 455: 1/400
Job 455: 2/400
Job 455: 3/400
Job 455: 4/400
Job 455: 5/400
Job 455: 6/400
Job 455: 7/400
Job 455: 8/400
Job 455: 9/400
Job 455: 10/400
Job 455: 11/400
Job 455: 12/400
Job 455: 13/400
Job 455: 14/400
Job 455: 15/400
Job 455: 16/400
Job 455: 17/400
Job 455: 18/400
Job 455: 19/400
Job 455: 20/400
Job 455: 21/400
Job 455: 22/400
Job 455: 23/400
Job 455: 24/400
Job 455: 25/400
Job 455: 26/400
Job 455: 27/400
Job 455: 28/400
Job 455: 29/400
Job 455: 30/400
Job 455: 31/400
Job 455: 32/400
Job 455: 33/400
Job 455: 34/400
Job 455: 35/400
Job 455: 36/400
Job 455: 37/400
Job 455: 38/400
Job 455: 39/400
Job 455: 40/400
Job 455: 41/400
Job 455: 42/400
Job 455: 43/400
Job 455: 44/400
Job 455: 45/400
Job 455: 46/400
Job 455: 47/400
Job 455: 48/400
Job 455: 49/400
Job 455: 50/400
Job 455: 51/400
Job 455: 52/400
Job 455: 53/400
Job 455: 54/400
Job 455: 55/400
Job 455: 56/400
Job 455: 57/400
Job 455: 58/400
Job 455: 59/400
Job 455: 60/400
Job 455: 61/400
Job 455: 62/400
Job 455: 63/400
Job 455: 64/400
Job 455: 65/400
Job 455: 66/400
Job 455: 67/400
Job 455: 68/400
Job 455: 69/400
Job 455: 70/400
Job 455: 71/400
Job 455: 72/400
Job 455: 73/400
Job 455: 74/400
Job 455: 75/400
Job 455: 76/400
Job 455: 77/400
Job 455: 78/400
Job 455: 79/400
Job 455: 80/400
Job 455: 81/400
Job 455: 82/400
Job 455: 83/400
Job 455: 84/400
Job 455: 85/400
Job 455: 86/400
Job 455: 87/400
Job 455: 88/400
Job 455: 89/400
Job 455: 90/400
Job 455: 91/400
Job 455: 92/400
Job 455: 93/400
Job 455: 94/400
Job 455: 95/400
Job 455: 96/400
Job 455: 97/400
Job 455: 98/400
Job 455: 99/400
Job 455: 100/400
Job 455: 101/400
Job 455: 102/400
Job 455: 103/400
Job 455: 104/400
Job 455: 105/400
Job 455: 106/400
Job 455: 107/400
Job 455: 108/400
Job 455: 109/400
Job 455: 110/400
Job 455: 111/400
Job 455: 112/400
Job 455: 113/400
Job 455: 114/400
Job 455: 115/400
Job 455: 116/400
Job 455: 117/400
Job 455: 118/400
Job 455: 119/400
Job 455: 120/400
Job 455: 121/400
Job 455: 122/400
Job 455: 123/400
Job 455: 124/400
Job 455: 125/400
Job 455: 126/400
Job 455: 127/400
Job 455: 128/400
Job 455: 129/400
Job 455: 130/400
Job 455: 131/400
Job 455: 132/400
Job 455: 133/400
Job 455: 134/400
Job 455: 135/400
Job 455: 136/400
Job 455: 137/400
Job 455: 138/400
Job 455: 139/400
Job 455: 140/400
Job 455: 141/400
Job 455: 142/400
Job 455: 143/400
Job 455: 144/400
Job 455: 145/400
Job 455: 146/400
Job 455: 147/400
Job 455: 148/400
Job 455: 149/400
Job 455: 150/400
Job 455: 151/400
Job 455: 152/400
Job 455: 153/400
Job 455: 154/400
Job 455: 155/400
Job 455: 156/400
Job 455: 157/400
Job 455: 158/400
Job 455: 159/400
Job 455: 160/400
Job 455: 161/400
Job 455: 162/400
Job 455: 163/400
Job 455: 164/400
Job 455: 165/400
Job 455: 166/400
Job 455: 167/400
Job 455: 168/400
Job 455: 169/400
Job 455: 170/400
Job 455: 171/400
Job 455: 172/400
Job 455: 173/400
Job 455: 174/400
Job 455: 175/400
Job 455: 176/400
Job 455: 177/400
Job 455: 178/400
Job 455: 179/400
Job 455: 180/400
Job 455: 181/400
Job 455: 182/400
Job 455: 183/400
Job 455: 184/400
Job 455: 185/400
Job 455: 186/400
Job 455: 187/400
Job 455: 188/400
Job 455: 189/400
Job 455: 190/400
Job 455: 191/400
Job 455: 192/400
Job 455: 193/400
Job 455: 194/400
Job 455: 195/400
Job 455: 196/400
Job 455: 197/400
Job 455: 198/400
Job 455: 199/400
Job 455: 200/400
Job 455: 201/400
Job 455: 202/400
Job 455: 203/400
Job 455: 204/400
Job 455: 205/400
Job 455: 206/400
Job 455: 207/400
Job 455: 208/400
Job 455: 209/400
Job 455: 210/400
Job 455: 211/400
Job 455: 212/400
Job 455: 213/400
Job 455: 214/400
Job 455: 215/400
Job 455: 216/400
Job 455: 217/400
Job 455: 218/400
Job 455: 219/400
Job 455: 220/400
Job 455: 221/400
Job 455: 222/400
Job 455: 223/400
Job 455: 224/400
Job 455: 225/400
Job 455: 226/400
Job 455: 227/400
Job 455: 228/400
Job 455: 229/400
Job 455: 230/400
Job 455: 231/400
Job 455: 232/400
Job 455: 233/400
Job 455: 234/400
Job 455: 235/400
Job 455: 236/400
Job 455: 237/400
Job 455: 238/400
Job 455: 239/400
Job 455: 240/400
Job 455: 241/400
Job 455: 242/400
Job 455: 243/400
Job 455: 244/400
Job 455: 245/400
Job 455: 246/400
Job 455: 247/400
Job 455: 248/400
Job 455: 249/400
Job 455: 250/400
Job 455: 251/400
Job 455: 252/400
Job 455: 253/400
Job 455: 254/400
Job 455: 255/400
Job 455: 256/400
Job 455: 257/400
Job 455: 258/400
Job 455: 259/400
Job 455: 260/400
Job 455: 261/400
Job 455: 262/400
Job 455: 263/400
Job 455: 264/400
Job 455: 265/400
Job 455: 266/400
Job 455: 267/400
Job 455: 268/400
Job 455: 269/400
Job 455: 270/400
Job 455: 271/400
Job 455: 272/400
Job 455: 273/400
Job 455: 274/400
Job 455: 275/400
Job 455: 276/400
Job 455: 277/400
Job 455: 278/400
Job 455: 279/400
Job 455: 280/400
Job 455: 281/400
Job 455: 282/400
Job 455: 283/400
Job 455: 284/400
Job 455: 285/400
Job 455: 286/400
Job 455: 287/400
Job 455: 288/400
Job 455: 289/400
Job 455: 290/400
Job 455: 291/400
Job 455: 292/400
Job 455: 293/400
Job 455: 294/400
Job 455: 295/400
Job 455: 296/400
Job 455: 297/400
Job 455: 298/400
Job 455: 299/400
Job 455: 300/400
Job 455: 301/400
Job 455: 302/400
Job 455: 303/400
Job 455: 304/400
Job 455: 305/400
Job 455: 306/400
Job 455: 307/400
Job 455: 308/400
Job 455: 309/400
Job 455: 310/400
Job 455: 311/400
Job 455: 312/400
Job 455: 313/400
Job 455: 314/400
Job 455: 315/400
Job 455: 316/400
Job 455: 317/400
Job 455: 318/400
Job 455: 319/400
Job 455: 320/400
Job 455: 321/400
Job 455: 322/400
Job 455: 323/400
Job 455: 324/400
Job 455: 325/400
Job 455: 326/400
Job 455: 327/400
Job 455: 328/400
Job 455: 329/400
Job 455: 330/400
Job 455: 331/400
Job 455: 332/400
Job 455: 333/400
Job 455: 334/400
Job 455: 335/400
Job 455: 336/400
Job 455: 337/400
Job 455: 338/400
Job 455: 339/400
Job 455: 340/400
Job 455: 341/400
Job 455: 342/400
Job 455: 343/400
Job 455: 344/400
Job 455: 345/400
Job 455: 346/400
Job 455: 347/400
Job 455: 348/400
Job 455: 349/400
Job 455: 350/400
Job 455: 351/400
Job 455: 352/400
Job 455: 353/400
Job 455: 354/400
Job 455: 355/400
Job 455: 356/400
Job 455: 357/400
Job 455: 358/400
Job 455: 359/400
Job 455: 360/400
Job 455: 361/400
Job 455: 362/400
Job 455: 363/400
Job 455: 364/400
Job 455: 365/400
Job 455: 366/400
Job 455: 367/400
Job 455: 368/400
Job 455: 369/400
Job 455: 370/400
Job 455: 371/400
Job 455: 372/400
Job 455: 373/400
Job 455: 374/400
Job 455: 375/400
Job 455: 376/400
Job 455: 377/400
Job 455: 378/400
Job 455: 379/400
Job 455: 380/400
Job 455: 381/400
Job 455: 382/400
Job 455: 383/400
Job 455: 384/400
Job 455: 385/400
Job 455: 386/400
Job 455: 387/400
Job 455: 388/400
Job 455: 389/400
Job 455: 390/400
Job 455: 391/400
Job 455: 392/400
Job 455: 393/400
Job 455: 394/400
Job 455: 395/400
Job 455: 396/400
Job 455: 397/400
Job 455: 398/400
Job 455: 399/400
Job 455: 400/400
