Registered S3 methods overwritten by 'susieSlide':
  method              from  
  coef.susie          susieR
  predict.susie       susieR
  print.summary.susie susieR
  summary.susie       susieR
Job 256: 1/400
Job 256: 2/400
Job 256: 3/400
Job 256: 4/400
Job 256: 5/400
Job 256: 6/400
Job 256: 7/400
Job 256: 8/400
Job 256: 9/400
Job 256: 10/400
Job 256: 11/400
Job 256: 12/400
Job 256: 13/400
Job 256: 14/400
Job 256: 15/400
Job 256: 16/400
Job 256: 17/400
Job 256: 18/400
Job 256: 19/400
Job 256: 20/400
Job 256: 21/400
Job 256: 22/400
Job 256: 23/400
Job 256: 24/400
Job 256: 25/400
Job 256: 26/400
Job 256: 27/400
Job 256: 28/400
Job 256: 29/400
Job 256: 30/400
Job 256: 31/400
Job 256: 32/400
Job 256: 33/400
Job 256: 34/400
Job 256: 35/400
Job 256: 36/400
Job 256: 37/400
Job 256: 38/400
Job 256: 39/400
Job 256: 40/400
Job 256: 41/400
Job 256: 42/400
Job 256: 43/400
Job 256: 44/400
Job 256: 45/400
Job 256: 46/400
Job 256: 47/400
Job 256: 48/400
Job 256: 49/400
Job 256: 50/400
Job 256: 51/400
Job 256: 52/400
Job 256: 53/400
Job 256: 54/400
Job 256: 55/400
Job 256: 56/400
Job 256: 57/400
Job 256: 58/400
Job 256: 59/400
Job 256: 60/400
Job 256: 61/400
Job 256: 62/400
Job 256: 63/400
Job 256: 64/400
Job 256: 65/400
Job 256: 66/400
Job 256: 67/400
Job 256: 68/400
Job 256: 69/400
Job 256: 70/400
Job 256: 71/400
Job 256: 72/400
Job 256: 73/400
Job 256: 74/400
Job 256: 75/400
Job 256: 76/400
Job 256: 77/400
Job 256: 78/400
Job 256: 79/400
Job 256: 80/400
Job 256: 81/400
Job 256: 82/400
Job 256: 83/400
Job 256: 84/400
Job 256: 85/400
Job 256: 86/400
Job 256: 87/400
Job 256: 88/400
Job 256: 89/400
Job 256: 90/400
Job 256: 91/400
Job 256: 92/400
Job 256: 93/400
Job 256: 94/400
Job 256: 95/400
Job 256: 96/400
Job 256: 97/400
Job 256: 98/400
Job 256: 99/400
Job 256: 100/400
Job 256: 101/400
Job 256: 102/400
Job 256: 103/400
Job 256: 104/400
Job 256: 105/400
Job 256: 106/400
Job 256: 107/400
Job 256: 108/400
Job 256: 109/400
Job 256: 110/400
Job 256: 111/400
Job 256: 112/400
Job 256: 113/400
Job 256: 114/400
Job 256: 115/400
Job 256: 116/400
Job 256: 117/400
Job 256: 118/400
Job 256: 119/400
Job 256: 120/400
Job 256: 121/400
Job 256: 122/400
Job 256: 123/400
Job 256: 124/400
Job 256: 125/400
Job 256: 126/400
Job 256: 127/400
Job 256: 128/400
Job 256: 129/400
Job 256: 130/400
Job 256: 131/400
Job 256: 132/400
Job 256: 133/400
Job 256: 134/400
Job 256: 135/400
Job 256: 136/400
Job 256: 137/400
Job 256: 138/400
Job 256: 139/400
Job 256: 140/400
Job 256: 141/400
Job 256: 142/400
Job 256: 143/400
Job 256: 144/400
Job 256: 145/400
Job 256: 146/400
Job 256: 147/400
Job 256: 148/400
Job 256: 149/400
Job 256: 150/400
Job 256: 151/400
Job 256: 152/400
Job 256: 153/400
Job 256: 154/400
Job 256: 155/400
Job 256: 156/400
Job 256: 157/400
Job 256: 158/400
Job 256: 159/400
Job 256: 160/400
Job 256: 161/400
Job 256: 162/400
Job 256: 163/400
Job 256: 164/400
Job 256: 165/400
Job 256: 166/400
Job 256: 167/400
Job 256: 168/400
Job 256: 169/400
Job 256: 170/400
Job 256: 171/400
Job 256: 172/400
Job 256: 173/400
Job 256: 174/400
Job 256: 175/400
Job 256: 176/400
Job 256: 177/400
Job 256: 178/400
Job 256: 179/400
Job 256: 180/400
Job 256: 181/400
Job 256: 182/400
Job 256: 183/400
Job 256: 184/400
Job 256: 185/400
Job 256: 186/400
Job 256: 187/400
Job 256: 188/400
Job 256: 189/400
Job 256: 190/400
Job 256: 191/400
Job 256: 192/400
Job 256: 193/400
Job 256: 194/400
Job 256: 195/400
Job 256: 196/400
Job 256: 197/400
Job 256: 198/400
Job 256: 199/400
Job 256: 200/400
Job 256: 201/400
Job 256: 202/400
Job 256: 203/400
Job 256: 204/400
Job 256: 205/400
Job 256: 206/400
Job 256: 207/400
Job 256: 208/400
Job 256: 209/400
Job 256: 210/400
Job 256: 211/400
Job 256: 212/400
Job 256: 213/400
Job 256: 214/400
Job 256: 215/400
Job 256: 216/400
Job 256: 217/400
Job 256: 218/400
Job 256: 219/400
Job 256: 220/400
Job 256: 221/400
Job 256: 222/400
Job 256: 223/400
Job 256: 224/400
Job 256: 225/400
Job 256: 226/400
Job 256: 227/400
Job 256: 228/400
Job 256: 229/400
Job 256: 230/400
Job 256: 231/400
Job 256: 232/400
Job 256: 233/400
Job 256: 234/400
Job 256: 235/400
Job 256: 236/400
Job 256: 237/400
Job 256: 238/400
Job 256: 239/400
Job 256: 240/400
Job 256: 241/400
Job 256: 242/400
Job 256: 243/400
Job 256: 244/400
Job 256: 245/400
Job 256: 246/400
Job 256: 247/400
Job 256: 248/400
Job 256: 249/400
Job 256: 250/400
Job 256: 251/400
Job 256: 252/400
Job 256: 253/400
Job 256: 254/400
Job 256: 255/400
Job 256: 256/400
Job 256: 257/400
Job 256: 258/400
Job 256: 259/400
Job 256: 260/400
Job 256: 261/400
Job 256: 262/400
Job 256: 263/400
Job 256: 264/400
Job 256: 265/400
Job 256: 266/400
Job 256: 267/400
Job 256: 268/400
Job 256: 269/400
Job 256: 270/400
Job 256: 271/400
Job 256: 272/400
Job 256: 273/400
Job 256: 274/400
Job 256: 275/400
Job 256: 276/400
Job 256: 277/400
Job 256: 278/400
Job 256: 279/400
Job 256: 280/400
Job 256: 281/400
Job 256: 282/400
Job 256: 283/400
Job 256: 284/400
Job 256: 285/400
Job 256: 286/400
Job 256: 287/400
Job 256: 288/400
Job 256: 289/400
Job 256: 290/400
Job 256: 291/400
Job 256: 292/400
Job 256: 293/400
Job 256: 294/400
Job 256: 295/400
Job 256: 296/400
Job 256: 297/400
Job 256: 298/400
Job 256: 299/400
Job 256: 300/400
Job 256: 301/400
Job 256: 302/400
Job 256: 303/400
Job 256: 304/400
Job 256: 305/400
Job 256: 306/400
Job 256: 307/400
Job 256: 308/400
Job 256: 309/400
Job 256: 310/400
Job 256: 311/400
Job 256: 312/400
Job 256: 313/400
Job 256: 314/400
Job 256: 315/400
Job 256: 316/400
Job 256: 317/400
Job 256: 318/400
Job 256: 319/400
Job 256: 320/400
Job 256: 321/400
Job 256: 322/400
Job 256: 323/400
Job 256: 324/400
Job 256: 325/400
Job 256: 326/400
Job 256: 327/400
Job 256: 328/400
Job 256: 329/400
Job 256: 330/400
Job 256: 331/400
Job 256: 332/400
Job 256: 333/400
Job 256: 334/400
Job 256: 335/400
Job 256: 336/400
Job 256: 337/400
Job 256: 338/400
Job 256: 339/400
Job 256: 340/400
Job 256: 341/400
Job 256: 342/400
Job 256: 343/400
Job 256: 344/400
Job 256: 345/400
Job 256: 346/400
Job 256: 347/400
Job 256: 348/400
Job 256: 349/400
Job 256: 350/400
Job 256: 351/400
Job 256: 352/400
Job 256: 353/400
Job 256: 354/400
Job 256: 355/400
Job 256: 356/400
Job 256: 357/400
Job 256: 358/400
Job 256: 359/400
Job 256: 360/400
Job 256: 361/400
Job 256: 362/400
Job 256: 363/400
Job 256: 364/400
Job 256: 365/400
Job 256: 366/400
Job 256: 367/400
Job 256: 368/400
Job 256: 369/400
Job 256: 370/400
Job 256: 371/400
Job 256: 372/400
Job 256: 373/400
Job 256: 374/400
Job 256: 375/400
Job 256: 376/400
Job 256: 377/400
Job 256: 378/400
Job 256: 379/400
Job 256: 380/400
Job 256: 381/400
Job 256: 382/400
Job 256: 383/400
Job 256: 384/400
Job 256: 385/400
Job 256: 386/400
Job 256: 387/400
Job 256: 388/400
Job 256: 389/400
Job 256: 390/400
Job 256: 391/400
Job 256: 392/400
Job 256: 393/400
Job 256: 394/400
Job 256: 395/400
Job 256: 396/400
Job 256: 397/400
Job 256: 398/400
Job 256: 399/400
Job 256: 400/400
