Registered S3 methods overwritten by 'susieSlide':
  method              from  
  coef.susie          susieR
  predict.susie       susieR
  print.summary.susie susieR
  summary.susie       susieR
Job 58: 1/400
Job 58: 2/400
Job 58: 3/400
Job 58: 4/400
Job 58: 5/400
Job 58: 6/400
Job 58: 7/400
Job 58: 8/400
Job 58: 9/400
Job 58: 10/400
Job 58: 11/400
Job 58: 12/400
Job 58: 13/400
Job 58: 14/400
Job 58: 15/400
Job 58: 16/400
Job 58: 17/400
Job 58: 18/400
Job 58: 19/400
Job 58: 20/400
Job 58: 21/400
Job 58: 22/400
Job 58: 23/400
Job 58: 24/400
Job 58: 25/400
Job 58: 26/400
Job 58: 27/400
Job 58: 28/400
Job 58: 29/400
Job 58: 30/400
Job 58: 31/400
Job 58: 32/400
Job 58: 33/400
Job 58: 34/400
Job 58: 35/400
Job 58: 36/400
Job 58: 37/400
Job 58: 38/400
Job 58: 39/400
Job 58: 40/400
Job 58: 41/400
Job 58: 42/400
Job 58: 43/400
Job 58: 44/400
Job 58: 45/400
Job 58: 46/400
Job 58: 47/400
Job 58: 48/400
Job 58: 49/400
Job 58: 50/400
Job 58: 51/400
Job 58: 52/400
Job 58: 53/400
Job 58: 54/400
Job 58: 55/400
Job 58: 56/400
Job 58: 57/400
Job 58: 58/400
Job 58: 59/400
Job 58: 60/400
Job 58: 61/400
Job 58: 62/400
Job 58: 63/400
Job 58: 64/400
Job 58: 65/400
Job 58: 66/400
Job 58: 67/400
Job 58: 68/400
Job 58: 69/400
Job 58: 70/400
Job 58: 71/400
Job 58: 72/400
Job 58: 73/400
Job 58: 74/400
Job 58: 75/400
Job 58: 76/400
Job 58: 77/400
Job 58: 78/400
Job 58: 79/400
Job 58: 80/400
Job 58: 81/400
Job 58: 82/400
Job 58: 83/400
Job 58: 84/400
Job 58: 85/400
Job 58: 86/400
Job 58: 87/400
Job 58: 88/400
Job 58: 89/400
Job 58: 90/400
Job 58: 91/400
Job 58: 92/400
Job 58: 93/400
Job 58: 94/400
Job 58: 95/400
Job 58: 96/400
Job 58: 97/400
Job 58: 98/400
Job 58: 99/400
Job 58: 100/400
Job 58: 101/400
Job 58: 102/400
Job 58: 103/400
Job 58: 104/400
Job 58: 105/400
Job 58: 106/400
Job 58: 107/400
Job 58: 108/400
Job 58: 109/400
Job 58: 110/400
Job 58: 111/400
Job 58: 112/400
Job 58: 113/400
Job 58: 114/400
Job 58: 115/400
Job 58: 116/400
Job 58: 117/400
Job 58: 118/400
Job 58: 119/400
Job 58: 120/400
Job 58: 121/400
Job 58: 122/400
Job 58: 123/400
Job 58: 124/400
Job 58: 125/400
Job 58: 126/400
Job 58: 127/400
Job 58: 128/400
Job 58: 129/400
Job 58: 130/400
Job 58: 131/400
Job 58: 132/400
Job 58: 133/400
Job 58: 134/400
Job 58: 135/400
Job 58: 136/400
Job 58: 137/400
Job 58: 138/400
Job 58: 139/400
Job 58: 140/400
Job 58: 141/400
Job 58: 142/400
Job 58: 143/400
Job 58: 144/400
Job 58: 145/400
Job 58: 146/400
Job 58: 147/400
Job 58: 148/400
Job 58: 149/400
Job 58: 150/400
Job 58: 151/400
Job 58: 152/400
Job 58: 153/400
Job 58: 154/400
Job 58: 155/400
Job 58: 156/400
Job 58: 157/400
Job 58: 158/400
Job 58: 159/400
Job 58: 160/400
Job 58: 161/400
Job 58: 162/400
Job 58: 163/400
Job 58: 164/400
Job 58: 165/400
Job 58: 166/400
Job 58: 167/400
Job 58: 168/400
Job 58: 169/400
Job 58: 170/400
Job 58: 171/400
Job 58: 172/400
Job 58: 173/400
Job 58: 174/400
Job 58: 175/400
Job 58: 176/400
Job 58: 177/400
Job 58: 178/400
Job 58: 179/400
Job 58: 180/400
Job 58: 181/400
Job 58: 182/400
Job 58: 183/400
Job 58: 184/400
Job 58: 185/400
Job 58: 186/400
Job 58: 187/400
Job 58: 188/400
Job 58: 189/400
Job 58: 190/400
Job 58: 191/400
Job 58: 192/400
Job 58: 193/400
Job 58: 194/400
Job 58: 195/400
Job 58: 196/400
Job 58: 197/400
Job 58: 198/400
Job 58: 199/400
Job 58: 200/400
Job 58: 201/400
Job 58: 202/400
Job 58: 203/400
Job 58: 204/400
Job 58: 205/400
Job 58: 206/400
Job 58: 207/400
Job 58: 208/400
Job 58: 209/400
Job 58: 210/400
Job 58: 211/400
Job 58: 212/400
Job 58: 213/400
Job 58: 214/400
Job 58: 215/400
Job 58: 216/400
Job 58: 217/400
Job 58: 218/400
Job 58: 219/400
Job 58: 220/400
Job 58: 221/400
Job 58: 222/400
Job 58: 223/400
Job 58: 224/400
Job 58: 225/400
Job 58: 226/400
Job 58: 227/400
Job 58: 228/400
Job 58: 229/400
Job 58: 230/400
Job 58: 231/400
Job 58: 232/400
Job 58: 233/400
Job 58: 234/400
Job 58: 235/400
Job 58: 236/400
Job 58: 237/400
Job 58: 238/400
Job 58: 239/400
Job 58: 240/400
Job 58: 241/400
Job 58: 242/400
Job 58: 243/400
Job 58: 244/400
Job 58: 245/400
Job 58: 246/400
Job 58: 247/400
Job 58: 248/400
Job 58: 249/400
Job 58: 250/400
Job 58: 251/400
Job 58: 252/400
Job 58: 253/400
Job 58: 254/400
Job 58: 255/400
Job 58: 256/400
Job 58: 257/400
Job 58: 258/400
Job 58: 259/400
Job 58: 260/400
Job 58: 261/400
Job 58: 262/400
Job 58: 263/400
Job 58: 264/400
Job 58: 265/400
Job 58: 266/400
Job 58: 267/400
Job 58: 268/400
Job 58: 269/400
Job 58: 270/400
Job 58: 271/400
Job 58: 272/400
Job 58: 273/400
Job 58: 274/400
Job 58: 275/400
Job 58: 276/400
Job 58: 277/400
Job 58: 278/400
Job 58: 279/400
Job 58: 280/400
Job 58: 281/400
Job 58: 282/400
Job 58: 283/400
Job 58: 284/400
Job 58: 285/400
Job 58: 286/400
Job 58: 287/400
Job 58: 288/400
Job 58: 289/400
Job 58: 290/400
Job 58: 291/400
Job 58: 292/400
Job 58: 293/400
Job 58: 294/400
Job 58: 295/400
Job 58: 296/400
Job 58: 297/400
Job 58: 298/400
Job 58: 299/400
Job 58: 300/400
Job 58: 301/400
Job 58: 302/400
Job 58: 303/400
Job 58: 304/400
Job 58: 305/400
Job 58: 306/400
Job 58: 307/400
Job 58: 308/400
Job 58: 309/400
Job 58: 310/400
Job 58: 311/400
Job 58: 312/400
Job 58: 313/400
Job 58: 314/400
Job 58: 315/400
Job 58: 316/400
Job 58: 317/400
Job 58: 318/400
Job 58: 319/400
Job 58: 320/400
Job 58: 321/400
Job 58: 322/400
Job 58: 323/400
Job 58: 324/400
Job 58: 325/400
Job 58: 326/400
Job 58: 327/400
Job 58: 328/400
Job 58: 329/400
Job 58: 330/400
Job 58: 331/400
Job 58: 332/400
Job 58: 333/400
Job 58: 334/400
Job 58: 335/400
Job 58: 336/400
Job 58: 337/400
Job 58: 338/400
Job 58: 339/400
Job 58: 340/400
Job 58: 341/400
Job 58: 342/400
Job 58: 343/400
Job 58: 344/400
Job 58: 345/400
Job 58: 346/400
Job 58: 347/400
Job 58: 348/400
Job 58: 349/400
Job 58: 350/400
Job 58: 351/400
Job 58: 352/400
Job 58: 353/400
Job 58: 354/400
Job 58: 355/400
Job 58: 356/400
Job 58: 357/400
Job 58: 358/400
Job 58: 359/400
Job 58: 360/400
Job 58: 361/400
Job 58: 362/400
Job 58: 363/400
Job 58: 364/400
Job 58: 365/400
Job 58: 366/400
Job 58: 367/400
Job 58: 368/400
Job 58: 369/400
Job 58: 370/400
Job 58: 371/400
Job 58: 372/400
Job 58: 373/400
Job 58: 374/400
Job 58: 375/400
Job 58: 376/400
Job 58: 377/400
Job 58: 378/400
Job 58: 379/400
Job 58: 380/400
Job 58: 381/400
Job 58: 382/400
Job 58: 383/400
Job 58: 384/400
Job 58: 385/400
Job 58: 386/400
Job 58: 387/400
Job 58: 388/400
Job 58: 389/400
Job 58: 390/400
Job 58: 391/400
Job 58: 392/400
Job 58: 393/400
Job 58: 394/400
Job 58: 395/400
Job 58: 396/400
Job 58: 397/400
Job 58: 398/400
Job 58: 399/400
Job 58: 400/400
