Registered S3 methods overwritten by 'susieSlide':
  method              from  
  coef.susie          susieR
  predict.susie       susieR
  print.summary.susie susieR
  summary.susie       susieR
Job 172: 1/400
Job 172: 2/400
Job 172: 3/400
Job 172: 4/400
Job 172: 5/400
Job 172: 6/400
Job 172: 7/400
Job 172: 8/400
Job 172: 9/400
Job 172: 10/400
Job 172: 11/400
Job 172: 12/400
Job 172: 13/400
Job 172: 14/400
Job 172: 15/400
Job 172: 16/400
Job 172: 17/400
Job 172: 18/400
Job 172: 19/400
Job 172: 20/400
Job 172: 21/400
Job 172: 22/400
Job 172: 23/400
Job 172: 24/400
Job 172: 25/400
Job 172: 26/400
Job 172: 27/400
Job 172: 28/400
Job 172: 29/400
Job 172: 30/400
Job 172: 31/400
Job 172: 32/400
Job 172: 33/400
Job 172: 34/400
Job 172: 35/400
Job 172: 36/400
Job 172: 37/400
Job 172: 38/400
Job 172: 39/400
Job 172: 40/400
Job 172: 41/400
Job 172: 42/400
Job 172: 43/400
Job 172: 44/400
Job 172: 45/400
Job 172: 46/400
Job 172: 47/400
Job 172: 48/400
Job 172: 49/400
Job 172: 50/400
Job 172: 51/400
Job 172: 52/400
Job 172: 53/400
Job 172: 54/400
Job 172: 55/400
Job 172: 56/400
Job 172: 57/400
Job 172: 58/400
Job 172: 59/400
Job 172: 60/400
Job 172: 61/400
Job 172: 62/400
Job 172: 63/400
Job 172: 64/400
Job 172: 65/400
Job 172: 66/400
Job 172: 67/400
Job 172: 68/400
Job 172: 69/400
Job 172: 70/400
Job 172: 71/400
Job 172: 72/400
Job 172: 73/400
Job 172: 74/400
Job 172: 75/400
Job 172: 76/400
Job 172: 77/400
Job 172: 78/400
Job 172: 79/400
Job 172: 80/400
Job 172: 81/400
Job 172: 82/400
Job 172: 83/400
Job 172: 84/400
Job 172: 85/400
Job 172: 86/400
Job 172: 87/400
Job 172: 88/400
Job 172: 89/400
Job 172: 90/400
Job 172: 91/400
Job 172: 92/400
Job 172: 93/400
Job 172: 94/400
Job 172: 95/400
Job 172: 96/400
Job 172: 97/400
Job 172: 98/400
Job 172: 99/400
Job 172: 100/400
Job 172: 101/400
Job 172: 102/400
Job 172: 103/400
Job 172: 104/400
Job 172: 105/400
Job 172: 106/400
Job 172: 107/400
Job 172: 108/400
Job 172: 109/400
Job 172: 110/400
Job 172: 111/400
Job 172: 112/400
Job 172: 113/400
Job 172: 114/400
Job 172: 115/400
Job 172: 116/400
Job 172: 117/400
Job 172: 118/400
Job 172: 119/400
Job 172: 120/400
Job 172: 121/400
Job 172: 122/400
Job 172: 123/400
Job 172: 124/400
Job 172: 125/400
Job 172: 126/400
Job 172: 127/400
Job 172: 128/400
Job 172: 129/400
Job 172: 130/400
Job 172: 131/400
Job 172: 132/400
Job 172: 133/400
Job 172: 134/400
Job 172: 135/400
Job 172: 136/400
Job 172: 137/400
Job 172: 138/400
Job 172: 139/400
Job 172: 140/400
Job 172: 141/400
Job 172: 142/400
Job 172: 143/400
Job 172: 144/400
Job 172: 145/400
Job 172: 146/400
Job 172: 147/400
Job 172: 148/400
Job 172: 149/400
Job 172: 150/400
Job 172: 151/400
Job 172: 152/400
Job 172: 153/400
Job 172: 154/400
Job 172: 155/400
Job 172: 156/400
Job 172: 157/400
Job 172: 158/400
Job 172: 159/400
Job 172: 160/400
Job 172: 161/400
Job 172: 162/400
Job 172: 163/400
Job 172: 164/400
Job 172: 165/400
Job 172: 166/400
Job 172: 167/400
Job 172: 168/400
Job 172: 169/400
Job 172: 170/400
Job 172: 171/400
Job 172: 172/400
Job 172: 173/400
Job 172: 174/400
Job 172: 175/400
Job 172: 176/400
Job 172: 177/400
Job 172: 178/400
Job 172: 179/400
Job 172: 180/400
Job 172: 181/400
Job 172: 182/400
Job 172: 183/400
Job 172: 184/400
Job 172: 185/400
Job 172: 186/400
Job 172: 187/400
Job 172: 188/400
Job 172: 189/400
Job 172: 190/400
Job 172: 191/400
Job 172: 192/400
Job 172: 193/400
Job 172: 194/400
Job 172: 195/400
Job 172: 196/400
Job 172: 197/400
Job 172: 198/400
Job 172: 199/400
Job 172: 200/400
Job 172: 201/400
Job 172: 202/400
Job 172: 203/400
Job 172: 204/400
Job 172: 205/400
Job 172: 206/400
Job 172: 207/400
Job 172: 208/400
Job 172: 209/400
Job 172: 210/400
Job 172: 211/400
Job 172: 212/400
Job 172: 213/400
Job 172: 214/400
Job 172: 215/400
Job 172: 216/400
Job 172: 217/400
Job 172: 218/400
Job 172: 219/400
Job 172: 220/400
Job 172: 221/400
Job 172: 222/400
Job 172: 223/400
Job 172: 224/400
Job 172: 225/400
Job 172: 226/400
Job 172: 227/400
Job 172: 228/400
Job 172: 229/400
Job 172: 230/400
Job 172: 231/400
Job 172: 232/400
Job 172: 233/400
Job 172: 234/400
Job 172: 235/400
Job 172: 236/400
Job 172: 237/400
Job 172: 238/400
Job 172: 239/400
Job 172: 240/400
Job 172: 241/400
Job 172: 242/400
Job 172: 243/400
Job 172: 244/400
Job 172: 245/400
Job 172: 246/400
Job 172: 247/400
Job 172: 248/400
Job 172: 249/400
Job 172: 250/400
Job 172: 251/400
Job 172: 252/400
Job 172: 253/400
Job 172: 254/400
Job 172: 255/400
Job 172: 256/400
Job 172: 257/400
Job 172: 258/400
Job 172: 259/400
Job 172: 260/400
Job 172: 261/400
Job 172: 262/400
Job 172: 263/400
Job 172: 264/400
Job 172: 265/400
Job 172: 266/400
Job 172: 267/400
Job 172: 268/400
Job 172: 269/400
Job 172: 270/400
Job 172: 271/400
Job 172: 272/400
Job 172: 273/400
Job 172: 274/400
Job 172: 275/400
Job 172: 276/400
Job 172: 277/400
Job 172: 278/400
Job 172: 279/400
Job 172: 280/400
Job 172: 281/400
Job 172: 282/400
Job 172: 283/400
Job 172: 284/400
Job 172: 285/400
Job 172: 286/400
Job 172: 287/400
Job 172: 288/400
Job 172: 289/400
Job 172: 290/400
Job 172: 291/400
Job 172: 292/400
Job 172: 293/400
Job 172: 294/400
Job 172: 295/400
Job 172: 296/400
Job 172: 297/400
Job 172: 298/400
Job 172: 299/400
Job 172: 300/400
Job 172: 301/400
Job 172: 302/400
Job 172: 303/400
Job 172: 304/400
Job 172: 305/400
Job 172: 306/400
Job 172: 307/400
Job 172: 308/400
Job 172: 309/400
Job 172: 310/400
Job 172: 311/400
Job 172: 312/400
Job 172: 313/400
Job 172: 314/400
Job 172: 315/400
Job 172: 316/400
Job 172: 317/400
Job 172: 318/400
Job 172: 319/400
Job 172: 320/400
Job 172: 321/400
Job 172: 322/400
Job 172: 323/400
Job 172: 324/400
Job 172: 325/400
Job 172: 326/400
Job 172: 327/400
Job 172: 328/400
Job 172: 329/400
Job 172: 330/400
Job 172: 331/400
Job 172: 332/400
Job 172: 333/400
Job 172: 334/400
Job 172: 335/400
Job 172: 336/400
Job 172: 337/400
Job 172: 338/400
Job 172: 339/400
Job 172: 340/400
Job 172: 341/400
Job 172: 342/400
Job 172: 343/400
Job 172: 344/400
Job 172: 345/400
Job 172: 346/400
Job 172: 347/400
Job 172: 348/400
Job 172: 349/400
Job 172: 350/400
Job 172: 351/400
Job 172: 352/400
Job 172: 353/400
Job 172: 354/400
Job 172: 355/400
Job 172: 356/400
Job 172: 357/400
Job 172: 358/400
Job 172: 359/400
Job 172: 360/400
Job 172: 361/400
Job 172: 362/400
Job 172: 363/400
Job 172: 364/400
Job 172: 365/400
Job 172: 366/400
Job 172: 367/400
Job 172: 368/400
Job 172: 369/400
Job 172: 370/400
Job 172: 371/400
Job 172: 372/400
Job 172: 373/400
Job 172: 374/400
Job 172: 375/400
Job 172: 376/400
Job 172: 377/400
Job 172: 378/400
Job 172: 379/400
Job 172: 380/400
Job 172: 381/400
Job 172: 382/400
Job 172: 383/400
Job 172: 384/400
Job 172: 385/400
Job 172: 386/400
Job 172: 387/400
Job 172: 388/400
Job 172: 389/400
Job 172: 390/400
Job 172: 391/400
Job 172: 392/400
Job 172: 393/400
Job 172: 394/400
Job 172: 395/400
Job 172: 396/400
Job 172: 397/400
Job 172: 398/400
Job 172: 399/400
Job 172: 400/400
