Registered S3 methods overwritten by 'susieSlide':
  method              from  
  coef.susie          susieR
  predict.susie       susieR
  print.summary.susie susieR
  summary.susie       susieR
Job 499: 1/400
Job 499: 2/400
Job 499: 3/400
Job 499: 4/400
Job 499: 5/400
Job 499: 6/400
Job 499: 7/400
Job 499: 8/400
Job 499: 9/400
Job 499: 10/400
Job 499: 11/400
Job 499: 12/400
Job 499: 13/400
Job 499: 14/400
Job 499: 15/400
Job 499: 16/400
Job 499: 17/400
Job 499: 18/400
Job 499: 19/400
Job 499: 20/400
Job 499: 21/400
Job 499: 22/400
Job 499: 23/400
Job 499: 24/400
Job 499: 25/400
Job 499: 26/400
Job 499: 27/400
Job 499: 28/400
Job 499: 29/400
Job 499: 30/400
Job 499: 31/400
Job 499: 32/400
Job 499: 33/400
Job 499: 34/400
Job 499: 35/400
Job 499: 36/400
Job 499: 37/400
Job 499: 38/400
Job 499: 39/400
Job 499: 40/400
Job 499: 41/400
Job 499: 42/400
Job 499: 43/400
Job 499: 44/400
Job 499: 45/400
Job 499: 46/400
Job 499: 47/400
Job 499: 48/400
Job 499: 49/400
Job 499: 50/400
Job 499: 51/400
Job 499: 52/400
Job 499: 53/400
Job 499: 54/400
Job 499: 55/400
Job 499: 56/400
Job 499: 57/400
Job 499: 58/400
Job 499: 59/400
Job 499: 60/400
Job 499: 61/400
Job 499: 62/400
Job 499: 63/400
Job 499: 64/400
Job 499: 65/400
Job 499: 66/400
Job 499: 67/400
Job 499: 68/400
Job 499: 69/400
Job 499: 70/400
Job 499: 71/400
Job 499: 72/400
Job 499: 73/400
Job 499: 74/400
Job 499: 75/400
Job 499: 76/400
Job 499: 77/400
Job 499: 78/400
Job 499: 79/400
Job 499: 80/400
Job 499: 81/400
Job 499: 82/400
Job 499: 83/400
Job 499: 84/400
Job 499: 85/400
Job 499: 86/400
Job 499: 87/400
Job 499: 88/400
Job 499: 89/400
Job 499: 90/400
Job 499: 91/400
Job 499: 92/400
Job 499: 93/400
Job 499: 94/400
Job 499: 95/400
Job 499: 96/400
Job 499: 97/400
Job 499: 98/400
Job 499: 99/400
Job 499: 100/400
Job 499: 101/400
Job 499: 102/400
Job 499: 103/400
Job 499: 104/400
Job 499: 105/400
Job 499: 106/400
Job 499: 107/400
Job 499: 108/400
Job 499: 109/400
Job 499: 110/400
Job 499: 111/400
Job 499: 112/400
Job 499: 113/400
Job 499: 114/400
Job 499: 115/400
Job 499: 116/400
Job 499: 117/400
Job 499: 118/400
Job 499: 119/400
Job 499: 120/400
Job 499: 121/400
Job 499: 122/400
Job 499: 123/400
Job 499: 124/400
Job 499: 125/400
Job 499: 126/400
Job 499: 127/400
Job 499: 128/400
Job 499: 129/400
Job 499: 130/400
Job 499: 131/400
Job 499: 132/400
Job 499: 133/400
Job 499: 134/400
Job 499: 135/400
Job 499: 136/400
Job 499: 137/400
Job 499: 138/400
Job 499: 139/400
Job 499: 140/400
Job 499: 141/400
Job 499: 142/400
Job 499: 143/400
Job 499: 144/400
Job 499: 145/400
Job 499: 146/400
Job 499: 147/400
Job 499: 148/400
Job 499: 149/400
Job 499: 150/400
Job 499: 151/400
Job 499: 152/400
Job 499: 153/400
Job 499: 154/400
Job 499: 155/400
Job 499: 156/400
Job 499: 157/400
Job 499: 158/400
Job 499: 159/400
Job 499: 160/400
Job 499: 161/400
Job 499: 162/400
Job 499: 163/400
Job 499: 164/400
Job 499: 165/400
Job 499: 166/400
Job 499: 167/400
Job 499: 168/400
Job 499: 169/400
Job 499: 170/400
Job 499: 171/400
Job 499: 172/400
Job 499: 173/400
Job 499: 174/400
Job 499: 175/400
Job 499: 176/400
Job 499: 177/400
Job 499: 178/400
Job 499: 179/400
Job 499: 180/400
Job 499: 181/400
Job 499: 182/400
Job 499: 183/400
Job 499: 184/400
Job 499: 185/400
Job 499: 186/400
Job 499: 187/400
Job 499: 188/400
Job 499: 189/400
Job 499: 190/400
Job 499: 191/400
Job 499: 192/400
Job 499: 193/400
Job 499: 194/400
Job 499: 195/400
Job 499: 196/400
Job 499: 197/400
Job 499: 198/400
Job 499: 199/400
Job 499: 200/400
Job 499: 201/400
Job 499: 202/400
Job 499: 203/400
Job 499: 204/400
Job 499: 205/400
Job 499: 206/400
Job 499: 207/400
Job 499: 208/400
Job 499: 209/400
Job 499: 210/400
Job 499: 211/400
Job 499: 212/400
Job 499: 213/400
Job 499: 214/400
Job 499: 215/400
Job 499: 216/400
Job 499: 217/400
Job 499: 218/400
Job 499: 219/400
Job 499: 220/400
Job 499: 221/400
Job 499: 222/400
Job 499: 223/400
Job 499: 224/400
Job 499: 225/400
Job 499: 226/400
Job 499: 227/400
Job 499: 228/400
Job 499: 229/400
Job 499: 230/400
Job 499: 231/400
Job 499: 232/400
Job 499: 233/400
Job 499: 234/400
Job 499: 235/400
Job 499: 236/400
Job 499: 237/400
Job 499: 238/400
Job 499: 239/400
Job 499: 240/400
Job 499: 241/400
Job 499: 242/400
Job 499: 243/400
Job 499: 244/400
Job 499: 245/400
Job 499: 246/400
Job 499: 247/400
Job 499: 248/400
Job 499: 249/400
Job 499: 250/400
Job 499: 251/400
Job 499: 252/400
Job 499: 253/400
Job 499: 254/400
Job 499: 255/400
Job 499: 256/400
Job 499: 257/400
Job 499: 258/400
Job 499: 259/400
Job 499: 260/400
Job 499: 261/400
Job 499: 262/400
Job 499: 263/400
Job 499: 264/400
Job 499: 265/400
Job 499: 266/400
Job 499: 267/400
Job 499: 268/400
Job 499: 269/400
Job 499: 270/400
Job 499: 271/400
Job 499: 272/400
Job 499: 273/400
Job 499: 274/400
Job 499: 275/400
Job 499: 276/400
Job 499: 277/400
Job 499: 278/400
Job 499: 279/400
Job 499: 280/400
Job 499: 281/400
Job 499: 282/400
Job 499: 283/400
Job 499: 284/400
Job 499: 285/400
Job 499: 286/400
Job 499: 287/400
Job 499: 288/400
Job 499: 289/400
Job 499: 290/400
Job 499: 291/400
Job 499: 292/400
Job 499: 293/400
Job 499: 294/400
Job 499: 295/400
Job 499: 296/400
Job 499: 297/400
Job 499: 298/400
Job 499: 299/400
Job 499: 300/400
Job 499: 301/400
Job 499: 302/400
Job 499: 303/400
Job 499: 304/400
Job 499: 305/400
Job 499: 306/400
Job 499: 307/400
Job 499: 308/400
Job 499: 309/400
Job 499: 310/400
Job 499: 311/400
Job 499: 312/400
Job 499: 313/400
Job 499: 314/400
Job 499: 315/400
Job 499: 316/400
Job 499: 317/400
Job 499: 318/400
Job 499: 319/400
Job 499: 320/400
Job 499: 321/400
Job 499: 322/400
Job 499: 323/400
Job 499: 324/400
Job 499: 325/400
Job 499: 326/400
Job 499: 327/400
Job 499: 328/400
Job 499: 329/400
Job 499: 330/400
Job 499: 331/400
Job 499: 332/400
Job 499: 333/400
Job 499: 334/400
Job 499: 335/400
Job 499: 336/400
Job 499: 337/400
Job 499: 338/400
Job 499: 339/400
Job 499: 340/400
Job 499: 341/400
Job 499: 342/400
Job 499: 343/400
Job 499: 344/400
Job 499: 345/400
Job 499: 346/400
Job 499: 347/400
Job 499: 348/400
Job 499: 349/400
Job 499: 350/400
Job 499: 351/400
Job 499: 352/400
Job 499: 353/400
Job 499: 354/400
Job 499: 355/400
Job 499: 356/400
Job 499: 357/400
Job 499: 358/400
Job 499: 359/400
Job 499: 360/400
Job 499: 361/400
Job 499: 362/400
Job 499: 363/400
Job 499: 364/400
Job 499: 365/400
Job 499: 366/400
Job 499: 367/400
Job 499: 368/400
Job 499: 369/400
Job 499: 370/400
Job 499: 371/400
Job 499: 372/400
Job 499: 373/400
Job 499: 374/400
Job 499: 375/400
Job 499: 376/400
Job 499: 377/400
Job 499: 378/400
Job 499: 379/400
Job 499: 380/400
Job 499: 381/400
Job 499: 382/400
Job 499: 383/400
Job 499: 384/400
Job 499: 385/400
Job 499: 386/400
Job 499: 387/400
Job 499: 388/400
Job 499: 389/400
Job 499: 390/400
Job 499: 391/400
Job 499: 392/400
Job 499: 393/400
Job 499: 394/400
Job 499: 395/400
Job 499: 396/400
Job 499: 397/400
Job 499: 398/400
Job 499: 399/400
Job 499: 400/400
