Registered S3 methods overwritten by 'susieSlide':
  method              from  
  coef.susie          susieR
  predict.susie       susieR
  print.summary.susie susieR
  summary.susie       susieR
Job 535: 1/400
Job 535: 2/400
Job 535: 3/400
Job 535: 4/400
Job 535: 5/400
Job 535: 6/400
Job 535: 7/400
Job 535: 8/400
Job 535: 9/400
Job 535: 10/400
Job 535: 11/400
Job 535: 12/400
Job 535: 13/400
Job 535: 14/400
Job 535: 15/400
Job 535: 16/400
Job 535: 17/400
Job 535: 18/400
Job 535: 19/400
Job 535: 20/400
Job 535: 21/400
Job 535: 22/400
Job 535: 23/400
Job 535: 24/400
Job 535: 25/400
Job 535: 26/400
Job 535: 27/400
Job 535: 28/400
Job 535: 29/400
Job 535: 30/400
Job 535: 31/400
Job 535: 32/400
Job 535: 33/400
Job 535: 34/400
Job 535: 35/400
Job 535: 36/400
Job 535: 37/400
Job 535: 38/400
Job 535: 39/400
Job 535: 40/400
Job 535: 41/400
Job 535: 42/400
Job 535: 43/400
Job 535: 44/400
Job 535: 45/400
Job 535: 46/400
Job 535: 47/400
Job 535: 48/400
Job 535: 49/400
Job 535: 50/400
Job 535: 51/400
Job 535: 52/400
Job 535: 53/400
Job 535: 54/400
Job 535: 55/400
Job 535: 56/400
Job 535: 57/400
Job 535: 58/400
Job 535: 59/400
Job 535: 60/400
Job 535: 61/400
Job 535: 62/400
Job 535: 63/400
Job 535: 64/400
Job 535: 65/400
Job 535: 66/400
Job 535: 67/400
Job 535: 68/400
Job 535: 69/400
Job 535: 70/400
Job 535: 71/400
Job 535: 72/400
Job 535: 73/400
Job 535: 74/400
Job 535: 75/400
Job 535: 76/400
Job 535: 77/400
Job 535: 78/400
Job 535: 79/400
Job 535: 80/400
Job 535: 81/400
Job 535: 82/400
Job 535: 83/400
Job 535: 84/400
Job 535: 85/400
Job 535: 86/400
Job 535: 87/400
Job 535: 88/400
Job 535: 89/400
Job 535: 90/400
Job 535: 91/400
Job 535: 92/400
Job 535: 93/400
Job 535: 94/400
Job 535: 95/400
Job 535: 96/400
Job 535: 97/400
Job 535: 98/400
Job 535: 99/400
Job 535: 100/400
Job 535: 101/400
Job 535: 102/400
Job 535: 103/400
Job 535: 104/400
Job 535: 105/400
Job 535: 106/400
Job 535: 107/400
Job 535: 108/400
Job 535: 109/400
Job 535: 110/400
Job 535: 111/400
Job 535: 112/400
Job 535: 113/400
Job 535: 114/400
Job 535: 115/400
Job 535: 116/400
Job 535: 117/400
Job 535: 118/400
Job 535: 119/400
Job 535: 120/400
Job 535: 121/400
Job 535: 122/400
Job 535: 123/400
Job 535: 124/400
Job 535: 125/400
Job 535: 126/400
Job 535: 127/400
Job 535: 128/400
Job 535: 129/400
Job 535: 130/400
Job 535: 131/400
Job 535: 132/400
Job 535: 133/400
Job 535: 134/400
Job 535: 135/400
Job 535: 136/400
Job 535: 137/400
Job 535: 138/400
Job 535: 139/400
Job 535: 140/400
Job 535: 141/400
Job 535: 142/400
Job 535: 143/400
Job 535: 144/400
Job 535: 145/400
Job 535: 146/400
Job 535: 147/400
Job 535: 148/400
Job 535: 149/400
Job 535: 150/400
Job 535: 151/400
Job 535: 152/400
Job 535: 153/400
Job 535: 154/400
Job 535: 155/400
Job 535: 156/400
Job 535: 157/400
Job 535: 158/400
Job 535: 159/400
Job 535: 160/400
Job 535: 161/400
Job 535: 162/400
Job 535: 163/400
Job 535: 164/400
Job 535: 165/400
Job 535: 166/400
Job 535: 167/400
Job 535: 168/400
Job 535: 169/400
Job 535: 170/400
Job 535: 171/400
Job 535: 172/400
Job 535: 173/400
Job 535: 174/400
Job 535: 175/400
Job 535: 176/400
Job 535: 177/400
Job 535: 178/400
Job 535: 179/400
Job 535: 180/400
Job 535: 181/400
Job 535: 182/400
Job 535: 183/400
Job 535: 184/400
Job 535: 185/400
Job 535: 186/400
Job 535: 187/400
Job 535: 188/400
Job 535: 189/400
Job 535: 190/400
Job 535: 191/400
Job 535: 192/400
Job 535: 193/400
Job 535: 194/400
Job 535: 195/400
Job 535: 196/400
Job 535: 197/400
Job 535: 198/400
Job 535: 199/400
Job 535: 200/400
Job 535: 201/400
Job 535: 202/400
Job 535: 203/400
Job 535: 204/400
Job 535: 205/400
Job 535: 206/400
Job 535: 207/400
Job 535: 208/400
Job 535: 209/400
Job 535: 210/400
Job 535: 211/400
Job 535: 212/400
Job 535: 213/400
Job 535: 214/400
Job 535: 215/400
Job 535: 216/400
Job 535: 217/400
Job 535: 218/400
Job 535: 219/400
Job 535: 220/400
Job 535: 221/400
Job 535: 222/400
Job 535: 223/400
Job 535: 224/400
Job 535: 225/400
Job 535: 226/400
Job 535: 227/400
Job 535: 228/400
Job 535: 229/400
Job 535: 230/400
Job 535: 231/400
Job 535: 232/400
Job 535: 233/400
Job 535: 234/400
Job 535: 235/400
Job 535: 236/400
Job 535: 237/400
Job 535: 238/400
Job 535: 239/400
Job 535: 240/400
Job 535: 241/400
Job 535: 242/400
Job 535: 243/400
Job 535: 244/400
Job 535: 245/400
Job 535: 246/400
Job 535: 247/400
Job 535: 248/400
Job 535: 249/400
Job 535: 250/400
Job 535: 251/400
Job 535: 252/400
Job 535: 253/400
Job 535: 254/400
Job 535: 255/400
Job 535: 256/400
Job 535: 257/400
Job 535: 258/400
Job 535: 259/400
Job 535: 260/400
Job 535: 261/400
Job 535: 262/400
Job 535: 263/400
Job 535: 264/400
Job 535: 265/400
Job 535: 266/400
Job 535: 267/400
Job 535: 268/400
Job 535: 269/400
Job 535: 270/400
Job 535: 271/400
Job 535: 272/400
Job 535: 273/400
Job 535: 274/400
Job 535: 275/400
Job 535: 276/400
Job 535: 277/400
Job 535: 278/400
Job 535: 279/400
Job 535: 280/400
Job 535: 281/400
Job 535: 282/400
Job 535: 283/400
Job 535: 284/400
Job 535: 285/400
Job 535: 286/400
Job 535: 287/400
Job 535: 288/400
Job 535: 289/400
Job 535: 290/400
Job 535: 291/400
Job 535: 292/400
Job 535: 293/400
Job 535: 294/400
Job 535: 295/400
Job 535: 296/400
Job 535: 297/400
Job 535: 298/400
Job 535: 299/400
Job 535: 300/400
Job 535: 301/400
Job 535: 302/400
Job 535: 303/400
Job 535: 304/400
Job 535: 305/400
Job 535: 306/400
Job 535: 307/400
Job 535: 308/400
Job 535: 309/400
Job 535: 310/400
Job 535: 311/400
Job 535: 312/400
Job 535: 313/400
Job 535: 314/400
Job 535: 315/400
Job 535: 316/400
Job 535: 317/400
Job 535: 318/400
Job 535: 319/400
Job 535: 320/400
Job 535: 321/400
Job 535: 322/400
Job 535: 323/400
Job 535: 324/400
Job 535: 325/400
Job 535: 326/400
Job 535: 327/400
Job 535: 328/400
Job 535: 329/400
Job 535: 330/400
Job 535: 331/400
Job 535: 332/400
Job 535: 333/400
Job 535: 334/400
Job 535: 335/400
Job 535: 336/400
Job 535: 337/400
Job 535: 338/400
Job 535: 339/400
Job 535: 340/400
Job 535: 341/400
Job 535: 342/400
Job 535: 343/400
Job 535: 344/400
Job 535: 345/400
Job 535: 346/400
Job 535: 347/400
Job 535: 348/400
Job 535: 349/400
Job 535: 350/400
Job 535: 351/400
Job 535: 352/400
Job 535: 353/400
Job 535: 354/400
Job 535: 355/400
Job 535: 356/400
Job 535: 357/400
Job 535: 358/400
Job 535: 359/400
Job 535: 360/400
Job 535: 361/400
Job 535: 362/400
Job 535: 363/400
Job 535: 364/400
Job 535: 365/400
Job 535: 366/400
Job 535: 367/400
Job 535: 368/400
Job 535: 369/400
Job 535: 370/400
Job 535: 371/400
Job 535: 372/400
Job 535: 373/400
Job 535: 374/400
Job 535: 375/400
Job 535: 376/400
Job 535: 377/400
Job 535: 378/400
Job 535: 379/400
Job 535: 380/400
Job 535: 381/400
Job 535: 382/400
Job 535: 383/400
Job 535: 384/400
Job 535: 385/400
Job 535: 386/400
Job 535: 387/400
Job 535: 388/400
Job 535: 389/400
Job 535: 390/400
Job 535: 391/400
Job 535: 392/400
Job 535: 393/400
Job 535: 394/400
Job 535: 395/400
Job 535: 396/400
Job 535: 397/400
Job 535: 398/400
Job 535: 399/400
Job 535: 400/400
