Registered S3 methods overwritten by 'susieSlide':
  method              from  
  coef.susie          susieR
  predict.susie       susieR
  print.summary.susie susieR
  summary.susie       susieR
Job 316: 1/400
Job 316: 2/400
Job 316: 3/400
Job 316: 4/400
Job 316: 5/400
Job 316: 6/400
Job 316: 7/400
Job 316: 8/400
Job 316: 9/400
Job 316: 10/400
Job 316: 11/400
Job 316: 12/400
Job 316: 13/400
Job 316: 14/400
Job 316: 15/400
Job 316: 16/400
Job 316: 17/400
Job 316: 18/400
Job 316: 19/400
Job 316: 20/400
Job 316: 21/400
Job 316: 22/400
Job 316: 23/400
Job 316: 24/400
Job 316: 25/400
Job 316: 26/400
Job 316: 27/400
Job 316: 28/400
Job 316: 29/400
Job 316: 30/400
Job 316: 31/400
Job 316: 32/400
Job 316: 33/400
Job 316: 34/400
Job 316: 35/400
Job 316: 36/400
Job 316: 37/400
Job 316: 38/400
Job 316: 39/400
Job 316: 40/400
Job 316: 41/400
Job 316: 42/400
Job 316: 43/400
Job 316: 44/400
Job 316: 45/400
Job 316: 46/400
Job 316: 47/400
Job 316: 48/400
Job 316: 49/400
Job 316: 50/400
Job 316: 51/400
Job 316: 52/400
Job 316: 53/400
Job 316: 54/400
Job 316: 55/400
Job 316: 56/400
Job 316: 57/400
Job 316: 58/400
Job 316: 59/400
Job 316: 60/400
Job 316: 61/400
Job 316: 62/400
Job 316: 63/400
Job 316: 64/400
Job 316: 65/400
Job 316: 66/400
Job 316: 67/400
Job 316: 68/400
Job 316: 69/400
Job 316: 70/400
Job 316: 71/400
Job 316: 72/400
Job 316: 73/400
Job 316: 74/400
Job 316: 75/400
Job 316: 76/400
Job 316: 77/400
Job 316: 78/400
Job 316: 79/400
Job 316: 80/400
Job 316: 81/400
Job 316: 82/400
Job 316: 83/400
Job 316: 84/400
Job 316: 85/400
Job 316: 86/400
Job 316: 87/400
Job 316: 88/400
Job 316: 89/400
Job 316: 90/400
Job 316: 91/400
Job 316: 92/400
Job 316: 93/400
Job 316: 94/400
Job 316: 95/400
Job 316: 96/400
Job 316: 97/400
Job 316: 98/400
Job 316: 99/400
Job 316: 100/400
Job 316: 101/400
Job 316: 102/400
Job 316: 103/400
Job 316: 104/400
Job 316: 105/400
Job 316: 106/400
Job 316: 107/400
Job 316: 108/400
Job 316: 109/400
Job 316: 110/400
Job 316: 111/400
Job 316: 112/400
Job 316: 113/400
Job 316: 114/400
Job 316: 115/400
Job 316: 116/400
Job 316: 117/400
Job 316: 118/400
Job 316: 119/400
Job 316: 120/400
Job 316: 121/400
Job 316: 122/400
Job 316: 123/400
Job 316: 124/400
Job 316: 125/400
Job 316: 126/400
Job 316: 127/400
Job 316: 128/400
Job 316: 129/400
Job 316: 130/400
Job 316: 131/400
Job 316: 132/400
Job 316: 133/400
Job 316: 134/400
Job 316: 135/400
Job 316: 136/400
Job 316: 137/400
Job 316: 138/400
Job 316: 139/400
Job 316: 140/400
Job 316: 141/400
Job 316: 142/400
Job 316: 143/400
Job 316: 144/400
Job 316: 145/400
Job 316: 146/400
Job 316: 147/400
Job 316: 148/400
Job 316: 149/400
Job 316: 150/400
Job 316: 151/400
Job 316: 152/400
Job 316: 153/400
Job 316: 154/400
Job 316: 155/400
Job 316: 156/400
Job 316: 157/400
Job 316: 158/400
Job 316: 159/400
Job 316: 160/400
Job 316: 161/400
Job 316: 162/400
Job 316: 163/400
Job 316: 164/400
Job 316: 165/400
Job 316: 166/400
Job 316: 167/400
Job 316: 168/400
Job 316: 169/400
Job 316: 170/400
Job 316: 171/400
Job 316: 172/400
Job 316: 173/400
Job 316: 174/400
Job 316: 175/400
Job 316: 176/400
Job 316: 177/400
Job 316: 178/400
Job 316: 179/400
Job 316: 180/400
Job 316: 181/400
Job 316: 182/400
Job 316: 183/400
Job 316: 184/400
Job 316: 185/400
Job 316: 186/400
Job 316: 187/400
Job 316: 188/400
Job 316: 189/400
Job 316: 190/400
Job 316: 191/400
Job 316: 192/400
Job 316: 193/400
Job 316: 194/400
Job 316: 195/400
Job 316: 196/400
Job 316: 197/400
Job 316: 198/400
Job 316: 199/400
Job 316: 200/400
Job 316: 201/400
Job 316: 202/400
Job 316: 203/400
Job 316: 204/400
Job 316: 205/400
Job 316: 206/400
Job 316: 207/400
Job 316: 208/400
Job 316: 209/400
Job 316: 210/400
Job 316: 211/400
Job 316: 212/400
Job 316: 213/400
Job 316: 214/400
Job 316: 215/400
Job 316: 216/400
Job 316: 217/400
Job 316: 218/400
Job 316: 219/400
Job 316: 220/400
Job 316: 221/400
Job 316: 222/400
Job 316: 223/400
Job 316: 224/400
Job 316: 225/400
Job 316: 226/400
Job 316: 227/400
Job 316: 228/400
Job 316: 229/400
Job 316: 230/400
Job 316: 231/400
Job 316: 232/400
Job 316: 233/400
Job 316: 234/400
Job 316: 235/400
Job 316: 236/400
Job 316: 237/400
Job 316: 238/400
Job 316: 239/400
Job 316: 240/400
Job 316: 241/400
Job 316: 242/400
Job 316: 243/400
Job 316: 244/400
Job 316: 245/400
Job 316: 246/400
Job 316: 247/400
Job 316: 248/400
Job 316: 249/400
Job 316: 250/400
Job 316: 251/400
Job 316: 252/400
Job 316: 253/400
Job 316: 254/400
Job 316: 255/400
Job 316: 256/400
Job 316: 257/400
Job 316: 258/400
Job 316: 259/400
Job 316: 260/400
Job 316: 261/400
Job 316: 262/400
Job 316: 263/400
Job 316: 264/400
Job 316: 265/400
Job 316: 266/400
Job 316: 267/400
Job 316: 268/400
Job 316: 269/400
Job 316: 270/400
Job 316: 271/400
Job 316: 272/400
Job 316: 273/400
Job 316: 274/400
Job 316: 275/400
Job 316: 276/400
Job 316: 277/400
Job 316: 278/400
Job 316: 279/400
Job 316: 280/400
Job 316: 281/400
Job 316: 282/400
Job 316: 283/400
Job 316: 284/400
Job 316: 285/400
Job 316: 286/400
Job 316: 287/400
Job 316: 288/400
Job 316: 289/400
Job 316: 290/400
Job 316: 291/400
Job 316: 292/400
Job 316: 293/400
Job 316: 294/400
Job 316: 295/400
Job 316: 296/400
Job 316: 297/400
Job 316: 298/400
Job 316: 299/400
Job 316: 300/400
Job 316: 301/400
Job 316: 302/400
Job 316: 303/400
Job 316: 304/400
Job 316: 305/400
Job 316: 306/400
Job 316: 307/400
Job 316: 308/400
Job 316: 309/400
Job 316: 310/400
Job 316: 311/400
Job 316: 312/400
Job 316: 313/400
Job 316: 314/400
Job 316: 315/400
Job 316: 316/400
Job 316: 317/400
Job 316: 318/400
Job 316: 319/400
Job 316: 320/400
Job 316: 321/400
Job 316: 322/400
Job 316: 323/400
Job 316: 324/400
Job 316: 325/400
Job 316: 326/400
Job 316: 327/400
Job 316: 328/400
Job 316: 329/400
Job 316: 330/400
Job 316: 331/400
Job 316: 332/400
Job 316: 333/400
Job 316: 334/400
Job 316: 335/400
Job 316: 336/400
Job 316: 337/400
Job 316: 338/400
Job 316: 339/400
Job 316: 340/400
Job 316: 341/400
Job 316: 342/400
Job 316: 343/400
Job 316: 344/400
Job 316: 345/400
Job 316: 346/400
Job 316: 347/400
Job 316: 348/400
Job 316: 349/400
Job 316: 350/400
Job 316: 351/400
Job 316: 352/400
Job 316: 353/400
Job 316: 354/400
Job 316: 355/400
Job 316: 356/400
Job 316: 357/400
Job 316: 358/400
Job 316: 359/400
Job 316: 360/400
Job 316: 361/400
Job 316: 362/400
Job 316: 363/400
Job 316: 364/400
Job 316: 365/400
Job 316: 366/400
Job 316: 367/400
Job 316: 368/400
Job 316: 369/400
Job 316: 370/400
Job 316: 371/400
Job 316: 372/400
Job 316: 373/400
Job 316: 374/400
Job 316: 375/400
Job 316: 376/400
Job 316: 377/400
Job 316: 378/400
Job 316: 379/400
Job 316: 380/400
Job 316: 381/400
Job 316: 382/400
Job 316: 383/400
Job 316: 384/400
Job 316: 385/400
Job 316: 386/400
Job 316: 387/400
Job 316: 388/400
Job 316: 389/400
Job 316: 390/400
Job 316: 391/400
Job 316: 392/400
Job 316: 393/400
Job 316: 394/400
Job 316: 395/400
Job 316: 396/400
Job 316: 397/400
Job 316: 398/400
Job 316: 399/400
Job 316: 400/400
