Registered S3 methods overwritten by 'susieSlide':
  method              from  
  coef.susie          susieR
  predict.susie       susieR
  print.summary.susie susieR
  summary.susie       susieR
Job 222: 1/400
Job 222: 2/400
Job 222: 3/400
Job 222: 4/400
Job 222: 5/400
Job 222: 6/400
Job 222: 7/400
Job 222: 8/400
Job 222: 9/400
Job 222: 10/400
Job 222: 11/400
Job 222: 12/400
Job 222: 13/400
Job 222: 14/400
Job 222: 15/400
Job 222: 16/400
Job 222: 17/400
Job 222: 18/400
Job 222: 19/400
Job 222: 20/400
Job 222: 21/400
Job 222: 22/400
Job 222: 23/400
Job 222: 24/400
Job 222: 25/400
Job 222: 26/400
Job 222: 27/400
Job 222: 28/400
Job 222: 29/400
Job 222: 30/400
Job 222: 31/400
Job 222: 32/400
Job 222: 33/400
Job 222: 34/400
Job 222: 35/400
Job 222: 36/400
Job 222: 37/400
Job 222: 38/400
Job 222: 39/400
Job 222: 40/400
Job 222: 41/400
Job 222: 42/400
Job 222: 43/400
Job 222: 44/400
Job 222: 45/400
Job 222: 46/400
Job 222: 47/400
Job 222: 48/400
Job 222: 49/400
Job 222: 50/400
Job 222: 51/400
Job 222: 52/400
Job 222: 53/400
Job 222: 54/400
Job 222: 55/400
Job 222: 56/400
Job 222: 57/400
Job 222: 58/400
Job 222: 59/400
Job 222: 60/400
Job 222: 61/400
Job 222: 62/400
Job 222: 63/400
Job 222: 64/400
Job 222: 65/400
Job 222: 66/400
Job 222: 67/400
Job 222: 68/400
Job 222: 69/400
Job 222: 70/400
Job 222: 71/400
Job 222: 72/400
Job 222: 73/400
Job 222: 74/400
Job 222: 75/400
Job 222: 76/400
Job 222: 77/400
Job 222: 78/400
Job 222: 79/400
Job 222: 80/400
Job 222: 81/400
Job 222: 82/400
Job 222: 83/400
Job 222: 84/400
Job 222: 85/400
Job 222: 86/400
Job 222: 87/400
Job 222: 88/400
Job 222: 89/400
Job 222: 90/400
Job 222: 91/400
Job 222: 92/400
Job 222: 93/400
Job 222: 94/400
Job 222: 95/400
Job 222: 96/400
Job 222: 97/400
Job 222: 98/400
Job 222: 99/400
Job 222: 100/400
Job 222: 101/400
Job 222: 102/400
Job 222: 103/400
Job 222: 104/400
Job 222: 105/400
Job 222: 106/400
Job 222: 107/400
Job 222: 108/400
Job 222: 109/400
Job 222: 110/400
Job 222: 111/400
Job 222: 112/400
Job 222: 113/400
Job 222: 114/400
Job 222: 115/400
Job 222: 116/400
Job 222: 117/400
Job 222: 118/400
Job 222: 119/400
Job 222: 120/400
Job 222: 121/400
Job 222: 122/400
Job 222: 123/400
Job 222: 124/400
Job 222: 125/400
Job 222: 126/400
Job 222: 127/400
Job 222: 128/400
Job 222: 129/400
Job 222: 130/400
Job 222: 131/400
Job 222: 132/400
Job 222: 133/400
Job 222: 134/400
Job 222: 135/400
Job 222: 136/400
Job 222: 137/400
Job 222: 138/400
Job 222: 139/400
Job 222: 140/400
Job 222: 141/400
Job 222: 142/400
Job 222: 143/400
Job 222: 144/400
Job 222: 145/400
Job 222: 146/400
Job 222: 147/400
Job 222: 148/400
Job 222: 149/400
Job 222: 150/400
Job 222: 151/400
Job 222: 152/400
Job 222: 153/400
Job 222: 154/400
Job 222: 155/400
Job 222: 156/400
Job 222: 157/400
Job 222: 158/400
Job 222: 159/400
Job 222: 160/400
Job 222: 161/400
Job 222: 162/400
Job 222: 163/400
Job 222: 164/400
Job 222: 165/400
Job 222: 166/400
Job 222: 167/400
Job 222: 168/400
Job 222: 169/400
Job 222: 170/400
Job 222: 171/400
Job 222: 172/400
Job 222: 173/400
Job 222: 174/400
Job 222: 175/400
Job 222: 176/400
Job 222: 177/400
Job 222: 178/400
Job 222: 179/400
Job 222: 180/400
Job 222: 181/400
Job 222: 182/400
Job 222: 183/400
Job 222: 184/400
Job 222: 185/400
Job 222: 186/400
Job 222: 187/400
Job 222: 188/400
Job 222: 189/400
Job 222: 190/400
Job 222: 191/400
Job 222: 192/400
Job 222: 193/400
Job 222: 194/400
Job 222: 195/400
Job 222: 196/400
Job 222: 197/400
Job 222: 198/400
Job 222: 199/400
Job 222: 200/400
Job 222: 201/400
Job 222: 202/400
Job 222: 203/400
Job 222: 204/400
Job 222: 205/400
Job 222: 206/400
Job 222: 207/400
Job 222: 208/400
Job 222: 209/400
Job 222: 210/400
Job 222: 211/400
Job 222: 212/400
Job 222: 213/400
Job 222: 214/400
Job 222: 215/400
Job 222: 216/400
Job 222: 217/400
Job 222: 218/400
Job 222: 219/400
Job 222: 220/400
Job 222: 221/400
Job 222: 222/400
Job 222: 223/400
Job 222: 224/400
Job 222: 225/400
Job 222: 226/400
Job 222: 227/400
Job 222: 228/400
Job 222: 229/400
Job 222: 230/400
Job 222: 231/400
Job 222: 232/400
Job 222: 233/400
Job 222: 234/400
Job 222: 235/400
Job 222: 236/400
Job 222: 237/400
Job 222: 238/400
Job 222: 239/400
Job 222: 240/400
Job 222: 241/400
Job 222: 242/400
Job 222: 243/400
Job 222: 244/400
Job 222: 245/400
Job 222: 246/400
Job 222: 247/400
Job 222: 248/400
Job 222: 249/400
Job 222: 250/400
Job 222: 251/400
Job 222: 252/400
Job 222: 253/400
Job 222: 254/400
Job 222: 255/400
Job 222: 256/400
Job 222: 257/400
Job 222: 258/400
Job 222: 259/400
Job 222: 260/400
Job 222: 261/400
Job 222: 262/400
Job 222: 263/400
Job 222: 264/400
Job 222: 265/400
Job 222: 266/400
Job 222: 267/400
Job 222: 268/400
Job 222: 269/400
Job 222: 270/400
Job 222: 271/400
Job 222: 272/400
Job 222: 273/400
Job 222: 274/400
Job 222: 275/400
Job 222: 276/400
Job 222: 277/400
Job 222: 278/400
Job 222: 279/400
Job 222: 280/400
Job 222: 281/400
Job 222: 282/400
Job 222: 283/400
Job 222: 284/400
Job 222: 285/400
Job 222: 286/400
Job 222: 287/400
Job 222: 288/400
Job 222: 289/400
Job 222: 290/400
Job 222: 291/400
Job 222: 292/400
Job 222: 293/400
Job 222: 294/400
Job 222: 295/400
Job 222: 296/400
Job 222: 297/400
Job 222: 298/400
Job 222: 299/400
Job 222: 300/400
Job 222: 301/400
Job 222: 302/400
Job 222: 303/400
Job 222: 304/400
Job 222: 305/400
Job 222: 306/400
Job 222: 307/400
Job 222: 308/400
Job 222: 309/400
Job 222: 310/400
Job 222: 311/400
Job 222: 312/400
Job 222: 313/400
Job 222: 314/400
Job 222: 315/400
Job 222: 316/400
Job 222: 317/400
Job 222: 318/400
Job 222: 319/400
Job 222: 320/400
Job 222: 321/400
Job 222: 322/400
Job 222: 323/400
Job 222: 324/400
Job 222: 325/400
Job 222: 326/400
Job 222: 327/400
Job 222: 328/400
Job 222: 329/400
Job 222: 330/400
Job 222: 331/400
Job 222: 332/400
Job 222: 333/400
Job 222: 334/400
Job 222: 335/400
Job 222: 336/400
Job 222: 337/400
Job 222: 338/400
Job 222: 339/400
Job 222: 340/400
Job 222: 341/400
Job 222: 342/400
Job 222: 343/400
Job 222: 344/400
Job 222: 345/400
Job 222: 346/400
Job 222: 347/400
Job 222: 348/400
Job 222: 349/400
Job 222: 350/400
Job 222: 351/400
Job 222: 352/400
Job 222: 353/400
Job 222: 354/400
Job 222: 355/400
Job 222: 356/400
Job 222: 357/400
Job 222: 358/400
Job 222: 359/400
Job 222: 360/400
Job 222: 361/400
Job 222: 362/400
Job 222: 363/400
Job 222: 364/400
Job 222: 365/400
Job 222: 366/400
Job 222: 367/400
Job 222: 368/400
Job 222: 369/400
Job 222: 370/400
Job 222: 371/400
Job 222: 372/400
Job 222: 373/400
Job 222: 374/400
Job 222: 375/400
Job 222: 376/400
Job 222: 377/400
Job 222: 378/400
Job 222: 379/400
Job 222: 380/400
Job 222: 381/400
Job 222: 382/400
Job 222: 383/400
Job 222: 384/400
Job 222: 385/400
Job 222: 386/400
Job 222: 387/400
Job 222: 388/400
Job 222: 389/400
Job 222: 390/400
Job 222: 391/400
Job 222: 392/400
Job 222: 393/400
Job 222: 394/400
Job 222: 395/400
Job 222: 396/400
Job 222: 397/400
Job 222: 398/400
Job 222: 399/400
Job 222: 400/400
