Registered S3 methods overwritten by 'susieSlide':
  method              from  
  coef.susie          susieR
  predict.susie       susieR
  print.summary.susie susieR
  summary.susie       susieR
Job 332: 1/400
Job 332: 2/400
Job 332: 3/400
Job 332: 4/400
Job 332: 5/400
Job 332: 6/400
Job 332: 7/400
Job 332: 8/400
Job 332: 9/400
Job 332: 10/400
Job 332: 11/400
Job 332: 12/400
Job 332: 13/400
Job 332: 14/400
Job 332: 15/400
Job 332: 16/400
Job 332: 17/400
Job 332: 18/400
Job 332: 19/400
Job 332: 20/400
Job 332: 21/400
Job 332: 22/400
Job 332: 23/400
Job 332: 24/400
Job 332: 25/400
Job 332: 26/400
Job 332: 27/400
Job 332: 28/400
Job 332: 29/400
Job 332: 30/400
Job 332: 31/400
Job 332: 32/400
Job 332: 33/400
Job 332: 34/400
Job 332: 35/400
Job 332: 36/400
Job 332: 37/400
Job 332: 38/400
Job 332: 39/400
Job 332: 40/400
Job 332: 41/400
Job 332: 42/400
Job 332: 43/400
Job 332: 44/400
Job 332: 45/400
Job 332: 46/400
Job 332: 47/400
Job 332: 48/400
Job 332: 49/400
Job 332: 50/400
Job 332: 51/400
Job 332: 52/400
Job 332: 53/400
Job 332: 54/400
Job 332: 55/400
Job 332: 56/400
Job 332: 57/400
Job 332: 58/400
Job 332: 59/400
Job 332: 60/400
Job 332: 61/400
Job 332: 62/400
Job 332: 63/400
Job 332: 64/400
Job 332: 65/400
Job 332: 66/400
Job 332: 67/400
Job 332: 68/400
Job 332: 69/400
Job 332: 70/400
Job 332: 71/400
Job 332: 72/400
Job 332: 73/400
Job 332: 74/400
Job 332: 75/400
Job 332: 76/400
Job 332: 77/400
Job 332: 78/400
Job 332: 79/400
Job 332: 80/400
Job 332: 81/400
Job 332: 82/400
Job 332: 83/400
Job 332: 84/400
Job 332: 85/400
Job 332: 86/400
Job 332: 87/400
Job 332: 88/400
Job 332: 89/400
Job 332: 90/400
Job 332: 91/400
Job 332: 92/400
Job 332: 93/400
Job 332: 94/400
Job 332: 95/400
Job 332: 96/400
Job 332: 97/400
Job 332: 98/400
Job 332: 99/400
Job 332: 100/400
Job 332: 101/400
Job 332: 102/400
Job 332: 103/400
Job 332: 104/400
Job 332: 105/400
Job 332: 106/400
Job 332: 107/400
Job 332: 108/400
Job 332: 109/400
Job 332: 110/400
Job 332: 111/400
Job 332: 112/400
Job 332: 113/400
Job 332: 114/400
Job 332: 115/400
Job 332: 116/400
Job 332: 117/400
Job 332: 118/400
Job 332: 119/400
Job 332: 120/400
Job 332: 121/400
Job 332: 122/400
Job 332: 123/400
Job 332: 124/400
Job 332: 125/400
Job 332: 126/400
Job 332: 127/400
Job 332: 128/400
Job 332: 129/400
Job 332: 130/400
Job 332: 131/400
Job 332: 132/400
Job 332: 133/400
Job 332: 134/400
Job 332: 135/400
Job 332: 136/400
Job 332: 137/400
Job 332: 138/400
Job 332: 139/400
Job 332: 140/400
Job 332: 141/400
Job 332: 142/400
Job 332: 143/400
Job 332: 144/400
Job 332: 145/400
Job 332: 146/400
Job 332: 147/400
Job 332: 148/400
Job 332: 149/400
Job 332: 150/400
Job 332: 151/400
Job 332: 152/400
Job 332: 153/400
Job 332: 154/400
Job 332: 155/400
Job 332: 156/400
Job 332: 157/400
Job 332: 158/400
Job 332: 159/400
Job 332: 160/400
Job 332: 161/400
Job 332: 162/400
Job 332: 163/400
Job 332: 164/400
Job 332: 165/400
Job 332: 166/400
Job 332: 167/400
Job 332: 168/400
Job 332: 169/400
Job 332: 170/400
Job 332: 171/400
Job 332: 172/400
Job 332: 173/400
Job 332: 174/400
Job 332: 175/400
Job 332: 176/400
Job 332: 177/400
Job 332: 178/400
Job 332: 179/400
Job 332: 180/400
Job 332: 181/400
Job 332: 182/400
Job 332: 183/400
Job 332: 184/400
Job 332: 185/400
Job 332: 186/400
Job 332: 187/400
Job 332: 188/400
Job 332: 189/400
Job 332: 190/400
Job 332: 191/400
Job 332: 192/400
Job 332: 193/400
Job 332: 194/400
Job 332: 195/400
Job 332: 196/400
Job 332: 197/400
Job 332: 198/400
Job 332: 199/400
Job 332: 200/400
Job 332: 201/400
Job 332: 202/400
Job 332: 203/400
Job 332: 204/400
Job 332: 205/400
Job 332: 206/400
Job 332: 207/400
Job 332: 208/400
Job 332: 209/400
Job 332: 210/400
Job 332: 211/400
Job 332: 212/400
Job 332: 213/400
Job 332: 214/400
Job 332: 215/400
Job 332: 216/400
Job 332: 217/400
Job 332: 218/400
Job 332: 219/400
Job 332: 220/400
Job 332: 221/400
Job 332: 222/400
Job 332: 223/400
Job 332: 224/400
Job 332: 225/400
Job 332: 226/400
Job 332: 227/400
Job 332: 228/400
Job 332: 229/400
Job 332: 230/400
Job 332: 231/400
Job 332: 232/400
Job 332: 233/400
Job 332: 234/400
Job 332: 235/400
Job 332: 236/400
Job 332: 237/400
Job 332: 238/400
Job 332: 239/400
Job 332: 240/400
Job 332: 241/400
Job 332: 242/400
Job 332: 243/400
Job 332: 244/400
Job 332: 245/400
Job 332: 246/400
Job 332: 247/400
Job 332: 248/400
Job 332: 249/400
Job 332: 250/400
Job 332: 251/400
Job 332: 252/400
Job 332: 253/400
Job 332: 254/400
Job 332: 255/400
Job 332: 256/400
Job 332: 257/400
Job 332: 258/400
Job 332: 259/400
Job 332: 260/400
Job 332: 261/400
Job 332: 262/400
Job 332: 263/400
Job 332: 264/400
Job 332: 265/400
Job 332: 266/400
Job 332: 267/400
Job 332: 268/400
Job 332: 269/400
Job 332: 270/400
Job 332: 271/400
Job 332: 272/400
Job 332: 273/400
Job 332: 274/400
Job 332: 275/400
Job 332: 276/400
Job 332: 277/400
Job 332: 278/400
Job 332: 279/400
Job 332: 280/400
Job 332: 281/400
Job 332: 282/400
Job 332: 283/400
Job 332: 284/400
Job 332: 285/400
Job 332: 286/400
Job 332: 287/400
Job 332: 288/400
Job 332: 289/400
Job 332: 290/400
Job 332: 291/400
Job 332: 292/400
Job 332: 293/400
Job 332: 294/400
Job 332: 295/400
Job 332: 296/400
Job 332: 297/400
Job 332: 298/400
Job 332: 299/400
Job 332: 300/400
Job 332: 301/400
Job 332: 302/400
Job 332: 303/400
Job 332: 304/400
Job 332: 305/400
Job 332: 306/400
Job 332: 307/400
Job 332: 308/400
Job 332: 309/400
Job 332: 310/400
Job 332: 311/400
Job 332: 312/400
Job 332: 313/400
Job 332: 314/400
Job 332: 315/400
Job 332: 316/400
Job 332: 317/400
Job 332: 318/400
Job 332: 319/400
Job 332: 320/400
Job 332: 321/400
Job 332: 322/400
Job 332: 323/400
Job 332: 324/400
Job 332: 325/400
Job 332: 326/400
Job 332: 327/400
Job 332: 328/400
Job 332: 329/400
Job 332: 330/400
Job 332: 331/400
Job 332: 332/400
Job 332: 333/400
Job 332: 334/400
Job 332: 335/400
Job 332: 336/400
Job 332: 337/400
Job 332: 338/400
Job 332: 339/400
Job 332: 340/400
Job 332: 341/400
Job 332: 342/400
Job 332: 343/400
Job 332: 344/400
Job 332: 345/400
Job 332: 346/400
Job 332: 347/400
Job 332: 348/400
Job 332: 349/400
Job 332: 350/400
Job 332: 351/400
Job 332: 352/400
Job 332: 353/400
Job 332: 354/400
Job 332: 355/400
Job 332: 356/400
Job 332: 357/400
Job 332: 358/400
Job 332: 359/400
Job 332: 360/400
Job 332: 361/400
Job 332: 362/400
Job 332: 363/400
Job 332: 364/400
Job 332: 365/400
Job 332: 366/400
Job 332: 367/400
Job 332: 368/400
Job 332: 369/400
Job 332: 370/400
Job 332: 371/400
Job 332: 372/400
Job 332: 373/400
Job 332: 374/400
Job 332: 375/400
Job 332: 376/400
Job 332: 377/400
Job 332: 378/400
Job 332: 379/400
Job 332: 380/400
Job 332: 381/400
Job 332: 382/400
Job 332: 383/400
Job 332: 384/400
Job 332: 385/400
Job 332: 386/400
Job 332: 387/400
Job 332: 388/400
Job 332: 389/400
Job 332: 390/400
Job 332: 391/400
Job 332: 392/400
Job 332: 393/400
Job 332: 394/400
Job 332: 395/400
Job 332: 396/400
Job 332: 397/400
Job 332: 398/400
Job 332: 399/400
Job 332: 400/400
