Registered S3 methods overwritten by 'susieSlide':
  method              from  
  coef.susie          susieR
  predict.susie       susieR
  print.summary.susie susieR
  summary.susie       susieR
Job 608: 1/400
Job 608: 2/400
Job 608: 3/400
Job 608: 4/400
Job 608: 5/400
Job 608: 6/400
Job 608: 7/400
Job 608: 8/400 ERROR: No .raw files found in temp_dir.
Job 608: 9/400 ERROR: No .raw files found in temp_dir.
Job 608: 10/400 ERROR: No .raw files found in temp_dir.
Job 608: 11/400 ERROR: No .raw files found in temp_dir.
Job 608: 12/400 ERROR: No .raw files found in temp_dir.
Job 608: 13/400 ERROR: No .raw files found in temp_dir.
Job 608: 14/400 ERROR: No .raw files found in temp_dir.
Job 608: 15/400 ERROR: No .raw files found in temp_dir.
Job 608: 16/400 ERROR: No .raw files found in temp_dir.
Job 608: 17/400 ERROR: No .raw files found in temp_dir.
Job 608: 18/400 ERROR: No .raw files found in temp_dir.
Job 608: 19/400 ERROR: No .raw files found in temp_dir.
Job 608: 20/400 ERROR: No .raw files found in temp_dir.
Job 608: 21/400 ERROR: No .raw files found in temp_dir.
Job 608: 22/400 ERROR: No .raw files found in temp_dir.
Job 608: 23/400 ERROR: No .raw files found in temp_dir.
Job 608: 24/400 ERROR: No .raw files found in temp_dir.
Job 608: 25/400 ERROR: No .raw files found in temp_dir.
Job 608: 26/400 ERROR: No .raw files found in temp_dir.
Job 608: 27/400 ERROR: No .raw files found in temp_dir.
Job 608: 28/400 ERROR: No .raw files found in temp_dir.
Job 608: 29/400 ERROR: No .raw files found in temp_dir.
Job 608: 30/400 ERROR: No .raw files found in temp_dir.
Job 608: 31/400 ERROR: No .raw files found in temp_dir.
Job 608: 32/400 ERROR: No .raw files found in temp_dir.
Job 608: 33/400 ERROR: No .raw files found in temp_dir.
Job 608: 34/400 ERROR: No .raw files found in temp_dir.
Job 608: 35/400 ERROR: No .raw files found in temp_dir.
Job 608: 36/400 ERROR: No .raw files found in temp_dir.
Job 608: 37/400 ERROR: No .raw files found in temp_dir.
Job 608: 38/400 ERROR: No .raw files found in temp_dir.
Job 608: 39/400 ERROR: No .raw files found in temp_dir.
Job 608: 40/400 ERROR: No .raw files found in temp_dir.
Job 608: 41/400 ERROR: No .raw files found in temp_dir.
Job 608: 42/400 ERROR: No .raw files found in temp_dir.
Job 608: 43/400 ERROR: No .raw files found in temp_dir.
Job 608: 44/400 ERROR: No .raw files found in temp_dir.
Job 608: 45/400 ERROR: No .raw files found in temp_dir.
Job 608: 46/400 ERROR: No .raw files found in temp_dir.
Job 608: 47/400 ERROR: No .raw files found in temp_dir.
Job 608: 48/400 ERROR: No .raw files found in temp_dir.
Job 608: 49/400 ERROR: No .raw files found in temp_dir.
Job 608: 50/400 ERROR: No .raw files found in temp_dir.
Job 608: 51/400 ERROR: No .raw files found in temp_dir.
Job 608: 52/400 ERROR: No .raw files found in temp_dir.
Job 608: 53/400 ERROR: No .raw files found in temp_dir.
Job 608: 54/400 ERROR: No .raw files found in temp_dir.
Job 608: 55/400 ERROR: No .raw files found in temp_dir.
Job 608: 56/400 ERROR: No .raw files found in temp_dir.
Job 608: 57/400 ERROR: No .raw files found in temp_dir.
Job 608: 58/400 ERROR: No .raw files found in temp_dir.
Job 608: 59/400 ERROR: No .raw files found in temp_dir.
Job 608: 60/400 ERROR: No .raw files found in temp_dir.
Job 608: 61/400 ERROR: No .raw files found in temp_dir.
Job 608: 62/400 ERROR: No .raw files found in temp_dir.
Job 608: 63/400 ERROR: No .raw files found in temp_dir.
Job 608: 64/400 ERROR: No .raw files found in temp_dir.
Job 608: 65/400 ERROR: No .raw files found in temp_dir.
Job 608: 66/400 ERROR: No .raw files found in temp_dir.
Job 608: 67/400 ERROR: No .raw files found in temp_dir.
Job 608: 68/400 ERROR: No .raw files found in temp_dir.
Job 608: 69/400 ERROR: No .raw files found in temp_dir.
Job 608: 70/400 ERROR: No .raw files found in temp_dir.
Job 608: 71/400 ERROR: No .raw files found in temp_dir.
Job 608: 72/400 ERROR: No .raw files found in temp_dir.
Job 608: 73/400 ERROR: No .raw files found in temp_dir.
Job 608: 74/400 ERROR: No .raw files found in temp_dir.
Job 608: 75/400 ERROR: No .raw files found in temp_dir.
Job 608: 76/400 ERROR: No .raw files found in temp_dir.
Job 608: 77/400 ERROR: No .raw files found in temp_dir.
Job 608: 78/400 ERROR: No .raw files found in temp_dir.
Job 608: 79/400 ERROR: No .raw files found in temp_dir.
Job 608: 80/400 ERROR: No .raw files found in temp_dir.
Job 608: 81/400 ERROR: No .raw files found in temp_dir.
Job 608: 82/400 ERROR: No .raw files found in temp_dir.
Job 608: 83/400 ERROR: No .raw files found in temp_dir.
Job 608: 84/400 ERROR: No .raw files found in temp_dir.
Job 608: 85/400 ERROR: No .raw files found in temp_dir.
Job 608: 86/400 ERROR: No .raw files found in temp_dir.
Job 608: 87/400 ERROR: No .raw files found in temp_dir.
Job 608: 88/400 ERROR: No .raw files found in temp_dir.
Job 608: 89/400 ERROR: No .raw files found in temp_dir.
Job 608: 90/400 ERROR: No .raw files found in temp_dir.
Job 608: 91/400 ERROR: No .raw files found in temp_dir.
Job 608: 92/400 ERROR: No .raw files found in temp_dir.
Job 608: 93/400 ERROR: No .raw files found in temp_dir.
Job 608: 94/400 ERROR: No .raw files found in temp_dir.
Job 608: 95/400 ERROR: No .raw files found in temp_dir.
Job 608: 96/400 ERROR: No .raw files found in temp_dir.
Job 608: 97/400 ERROR: No .raw files found in temp_dir.
Job 608: 98/400 ERROR: No .raw files found in temp_dir.
Job 608: 99/400 ERROR: No .raw files found in temp_dir.
Job 608: 100/400 ERROR: No .raw files found in temp_dir.
Job 608: 101/400 ERROR: No .raw files found in temp_dir.
Job 608: 102/400 ERROR: No .raw files found in temp_dir.
Job 608: 103/400 ERROR: No .raw files found in temp_dir.
Job 608: 104/400 ERROR: No .raw files found in temp_dir.
Job 608: 105/400 ERROR: No .raw files found in temp_dir.
Job 608: 106/400 ERROR: No .raw files found in temp_dir.
Job 608: 107/400 ERROR: No .raw files found in temp_dir.
Job 608: 108/400 ERROR: No .raw files found in temp_dir.
Job 608: 109/400 ERROR: No .raw files found in temp_dir.
Job 608: 110/400 ERROR: No .raw files found in temp_dir.
Job 608: 111/400 ERROR: No .raw files found in temp_dir.
Job 608: 112/400 ERROR: No .raw files found in temp_dir.
Job 608: 113/400 ERROR: No .raw files found in temp_dir.
Job 608: 114/400 ERROR: No .raw files found in temp_dir.
Job 608: 115/400 ERROR: No .raw files found in temp_dir.
Job 608: 116/400 ERROR: No .raw files found in temp_dir.
Job 608: 117/400 ERROR: No .raw files found in temp_dir.
Job 608: 118/400 ERROR: object 'target_gene' not found
Job 608: 119/400 ERROR: Not enough donors for the requested n.
Job 608: 120/400
Job 608: 121/400
Job 608: 122/400
Job 608: 123/400
Job 608: 124/400
Job 608: 125/400
Job 608: 126/400
Job 608: 127/400
Job 608: 128/400
Job 608: 129/400 ERROR: No .raw files found in temp_dir.
Job 608: 130/400 ERROR: No .raw files found in temp_dir.
Job 608: 131/400 ERROR: No .raw files found in temp_dir.
Job 608: 132/400 ERROR: No .raw files found in temp_dir.
Job 608: 133/400 ERROR: No .raw files found in temp_dir.
Job 608: 134/400 ERROR: No .raw files found in temp_dir.
Job 608: 135/400 ERROR: No .raw files found in temp_dir.
Job 608: 136/400 ERROR: No .raw files found in temp_dir.
Job 608: 137/400 ERROR: No .raw files found in temp_dir.
Job 608: 138/400 ERROR: No .raw files found in temp_dir.
Job 608: 139/400 ERROR: No .raw files found in temp_dir.
Job 608: 140/400 ERROR: No .raw files found in temp_dir.
Job 608: 141/400 ERROR: No .raw files found in temp_dir.
Job 608: 142/400 ERROR: No .raw files found in temp_dir.
Job 608: 143/400 ERROR: No .raw files found in temp_dir.
Job 608: 144/400 ERROR: No .raw files found in temp_dir.
Job 608: 145/400 ERROR: No .raw files found in temp_dir.
Job 608: 146/400 ERROR: No .raw files found in temp_dir.
Job 608: 147/400 ERROR: No .raw files found in temp_dir.
Job 608: 148/400 ERROR: No .raw files found in temp_dir.
Job 608: 149/400 ERROR: No .raw files found in temp_dir.
Job 608: 150/400 ERROR: No .raw files found in temp_dir.
Job 608: 151/400 ERROR: No .raw files found in temp_dir.
Job 608: 152/400 ERROR: No .raw files found in temp_dir.
Job 608: 153/400 ERROR: No .raw files found in temp_dir.
Job 608: 154/400 ERROR: No .raw files found in temp_dir.
Job 608: 155/400 ERROR: No .raw files found in temp_dir.
Job 608: 156/400 ERROR: No .raw files found in temp_dir.
Job 608: 157/400 ERROR: No .raw files found in temp_dir.
Job 608: 158/400 ERROR: No .raw files found in temp_dir.
Job 608: 159/400 ERROR: No .raw files found in temp_dir.
Job 608: 160/400 ERROR: No .raw files found in temp_dir.
Job 608: 161/400 ERROR: No .raw files found in temp_dir.
Job 608: 162/400 ERROR: No .raw files found in temp_dir.
Job 608: 163/400 ERROR: No .raw files found in temp_dir.
Job 608: 164/400 ERROR: No .raw files found in temp_dir.
Job 608: 165/400 ERROR: No .raw files found in temp_dir.
Job 608: 166/400 ERROR: No .raw files found in temp_dir.
Job 608: 167/400 ERROR: No .raw files found in temp_dir.
Job 608: 168/400 ERROR: No .raw files found in temp_dir.
Job 608: 169/400 ERROR: No .raw files found in temp_dir.
Job 608: 170/400 ERROR: No .raw files found in temp_dir.
Job 608: 171/400 ERROR: No .raw files found in temp_dir.
Job 608: 172/400 ERROR: No .raw files found in temp_dir.
Job 608: 173/400 ERROR: No .raw files found in temp_dir.
Job 608: 174/400 ERROR: No .raw files found in temp_dir.
Job 608: 175/400 ERROR: No .raw files found in temp_dir.
Job 608: 176/400 ERROR: No .raw files found in temp_dir.
Job 608: 177/400 ERROR: No .raw files found in temp_dir.
Job 608: 178/400 ERROR: No .raw files found in temp_dir.
Job 608: 179/400 ERROR: No .raw files found in temp_dir.
Job 608: 180/400 ERROR: No .raw files found in temp_dir.
Job 608: 181/400 ERROR: No .raw files found in temp_dir.
Job 608: 182/400 ERROR: No .raw files found in temp_dir.
Job 608: 183/400 ERROR: No .raw files found in temp_dir.
Job 608: 184/400 ERROR: No .raw files found in temp_dir.
Job 608: 185/400 ERROR: No .raw files found in temp_dir.
Job 608: 186/400 ERROR: No .raw files found in temp_dir.
Job 608: 187/400 ERROR: No .raw files found in temp_dir.
Job 608: 188/400 ERROR: No .raw files found in temp_dir.
Job 608: 189/400 ERROR: No .raw files found in temp_dir.
Job 608: 190/400 ERROR: No .raw files found in temp_dir.
Job 608: 191/400 ERROR: No .raw files found in temp_dir.
Job 608: 192/400 ERROR: No .raw files found in temp_dir.
Job 608: 193/400 ERROR: No .raw files found in temp_dir.
Job 608: 194/400 ERROR: No .raw files found in temp_dir.
Job 608: 195/400 ERROR: No .raw files found in temp_dir.
Job 608: 196/400 ERROR: No .raw files found in temp_dir.
Job 608: 197/400 ERROR: No .raw files found in temp_dir.
Job 608: 198/400 ERROR: No .raw files found in temp_dir.
Job 608: 199/400 ERROR: No .raw files found in temp_dir.
Job 608: 200/400 ERROR: No .raw files found in temp_dir.
Job 608: 201/400 ERROR: No .raw files found in temp_dir.
Job 608: 202/400 ERROR: No .raw files found in temp_dir.
Job 608: 203/400 ERROR: No .raw files found in temp_dir.
Job 608: 204/400 ERROR: No .raw files found in temp_dir.
Job 608: 205/400 ERROR: No .raw files found in temp_dir.
Job 608: 206/400 ERROR: No .raw files found in temp_dir.
Job 608: 207/400 ERROR: No .raw files found in temp_dir.
Job 608: 208/400 ERROR: No .raw files found in temp_dir.
Job 608: 209/400 ERROR: No .raw files found in temp_dir.
Job 608: 210/400 ERROR: No .raw files found in temp_dir.
Job 608: 211/400 ERROR: No .raw files found in temp_dir.
Job 608: 212/400 ERROR: No .raw files found in temp_dir.
Job 608: 213/400 ERROR: No .raw files found in temp_dir.
Job 608: 214/400 ERROR: No .raw files found in temp_dir.
Job 608: 215/400 ERROR: No .raw files found in temp_dir.
Job 608: 216/400 ERROR: No .raw files found in temp_dir.
Job 608: 217/400 ERROR: No .raw files found in temp_dir.
Job 608: 218/400 ERROR: No .raw files found in temp_dir.
Job 608: 219/400 ERROR: No .raw files found in temp_dir.
Job 608: 220/400 ERROR: No .raw files found in temp_dir.
Job 608: 221/400 ERROR: No .raw files found in temp_dir.
Job 608: 222/400 ERROR: No .raw files found in temp_dir.
Job 608: 223/400 ERROR: No .raw files found in temp_dir.
Job 608: 224/400 ERROR: Not enough donors for the requested n.
Job 608: 225/400
Job 608: 226/400
Job 608: 227/400
Job 608: 228/400
Job 608: 229/400
Job 608: 230/400
Job 608: 231/400
Job 608: 232/400
Job 608: 233/400
Job 608: 234/400
Job 608: 235/400
Job 608: 236/400 ERROR: No .raw files found in temp_dir.
Job 608: 237/400 ERROR: No .raw files found in temp_dir.
Job 608: 238/400 ERROR: No .raw files found in temp_dir.
Job 608: 239/400 ERROR: No .raw files found in temp_dir.
Job 608: 240/400 ERROR: No .raw files found in temp_dir.
Job 608: 241/400 ERROR: No .raw files found in temp_dir.
Job 608: 242/400 ERROR: No .raw files found in temp_dir.
Job 608: 243/400 ERROR: No .raw files found in temp_dir.
Job 608: 244/400 ERROR: No .raw files found in temp_dir.
Job 608: 245/400 ERROR: No .raw files found in temp_dir.
Job 608: 246/400 ERROR: No .raw files found in temp_dir.
Job 608: 247/400 ERROR: No .raw files found in temp_dir.
Job 608: 248/400 ERROR: No .raw files found in temp_dir.
Job 608: 249/400 ERROR: No .raw files found in temp_dir.
Job 608: 250/400 ERROR: No .raw files found in temp_dir.
Job 608: 251/400 ERROR: No .raw files found in temp_dir.
Job 608: 252/400 ERROR: No .raw files found in temp_dir.
Job 608: 253/400 ERROR: No .raw files found in temp_dir.
Job 608: 254/400 ERROR: No .raw files found in temp_dir.
Job 608: 255/400 ERROR: No .raw files found in temp_dir.
Job 608: 256/400 ERROR: No .raw files found in temp_dir.
Job 608: 257/400 ERROR: No .raw files found in temp_dir.
Job 608: 258/400 ERROR: No .raw files found in temp_dir.
Job 608: 259/400 ERROR: No .raw files found in temp_dir.
Job 608: 260/400 ERROR: No .raw files found in temp_dir.
Job 608: 261/400 ERROR: No .raw files found in temp_dir.
Job 608: 262/400 ERROR: No .raw files found in temp_dir.
Job 608: 263/400 ERROR: No .raw files found in temp_dir.
Job 608: 264/400 ERROR: No .raw files found in temp_dir.
Job 608: 265/400 ERROR: No .raw files found in temp_dir.
Job 608: 266/400 ERROR: No .raw files found in temp_dir.
Job 608: 267/400 ERROR: No .raw files found in temp_dir.
Job 608: 268/400 ERROR: No .raw files found in temp_dir.
Job 608: 269/400 ERROR: No .raw files found in temp_dir.
Job 608: 270/400 ERROR: No .raw files found in temp_dir.
Job 608: 271/400 ERROR: No .raw files found in temp_dir.
Job 608: 272/400 ERROR: No .raw files found in temp_dir.
Job 608: 273/400 ERROR: No .raw files found in temp_dir.
Job 608: 274/400 ERROR: No .raw files found in temp_dir.
Job 608: 275/400 ERROR: No .raw files found in temp_dir.
Job 608: 276/400 ERROR: No .raw files found in temp_dir.
Job 608: 277/400 ERROR: No .raw files found in temp_dir.
Job 608: 278/400 ERROR: No .raw files found in temp_dir.
Job 608: 279/400 ERROR: No .raw files found in temp_dir.
Job 608: 280/400 ERROR: No .raw files found in temp_dir.
Job 608: 281/400 ERROR: No .raw files found in temp_dir.
Job 608: 282/400 ERROR: No .raw files found in temp_dir.
Job 608: 283/400 ERROR: No .raw files found in temp_dir.
Job 608: 284/400 ERROR: No .raw files found in temp_dir.
Job 608: 285/400 ERROR: No .raw files found in temp_dir.
Job 608: 286/400 ERROR: No .raw files found in temp_dir.
Job 608: 287/400 ERROR: No .raw files found in temp_dir.
Job 608: 288/400 ERROR: No .raw files found in temp_dir.
Job 608: 289/400 ERROR: No .raw files found in temp_dir.
Job 608: 290/400 ERROR: No .raw files found in temp_dir.
Job 608: 291/400 ERROR: No .raw files found in temp_dir.
Job 608: 292/400 ERROR: No .raw files found in temp_dir.
Job 608: 293/400 ERROR: No .raw files found in temp_dir.
Job 608: 294/400 ERROR: No .raw files found in temp_dir.
Job 608: 295/400 ERROR: No .raw files found in temp_dir.
Job 608: 296/400 ERROR: No .raw files found in temp_dir.
Job 608: 297/400 ERROR: No .raw files found in temp_dir.
Job 608: 298/400 ERROR: No .raw files found in temp_dir.
Job 608: 299/400 ERROR: No .raw files found in temp_dir.
Job 608: 300/400 ERROR: No .raw files found in temp_dir.
Job 608: 301/400 ERROR: No .raw files found in temp_dir.
Job 608: 302/400 ERROR: No .raw files found in temp_dir.
Job 608: 303/400 ERROR: No .raw files found in temp_dir.
Job 608: 304/400 ERROR: No .raw files found in temp_dir.
Job 608: 305/400 ERROR: No .raw files found in temp_dir.
Job 608: 306/400 ERROR: No .raw files found in temp_dir.
Job 608: 307/400 ERROR: No .raw files found in temp_dir.
Job 608: 308/400 ERROR: No .raw files found in temp_dir.
Job 608: 309/400 ERROR: No .raw files found in temp_dir.
Job 608: 310/400 ERROR: No .raw files found in temp_dir.
Job 608: 311/400 ERROR: No .raw files found in temp_dir.
Job 608: 312/400 ERROR: No .raw files found in temp_dir.
Job 608: 313/400 ERROR: No .raw files found in temp_dir.
Job 608: 314/400 ERROR: No .raw files found in temp_dir.
Job 608: 315/400 ERROR: No .raw files found in temp_dir.
Job 608: 316/400 ERROR: No .raw files found in temp_dir.
Job 608: 317/400 ERROR: No .raw files found in temp_dir.
Job 608: 318/400 ERROR: No .raw files found in temp_dir.
Job 608: 319/400 ERROR: No .raw files found in temp_dir.
Job 608: 320/400 ERROR: No .raw files found in temp_dir.
Job 608: 321/400 ERROR: No .raw files found in temp_dir.
Job 608: 322/400 ERROR: No .raw files found in temp_dir.
Job 608: 323/400 ERROR: No .raw files found in temp_dir.
Job 608: 324/400 ERROR: No .raw files found in temp_dir.
Job 608: 325/400 ERROR: No .raw files found in temp_dir.
Job 608: 326/400 ERROR: No .raw files found in temp_dir.
Job 608: 327/400 ERROR: No .raw files found in temp_dir.
Job 608: 328/400 ERROR: No .raw files found in temp_dir.
Job 608: 329/400 ERROR: No .raw files found in temp_dir.
Job 608: 330/400 ERROR: No .raw files found in temp_dir.
Job 608: 331/400 ERROR: No .raw files found in temp_dir.
Job 608: 332/400 ERROR: No .raw files found in temp_dir.
Job 608: 333/400 ERROR: No .raw files found in temp_dir.
Job 608: 334/400 ERROR: No .raw files found in temp_dir.
Job 608: 335/400 ERROR: No .raw files found in temp_dir.
Job 608: 336/400 ERROR: No .raw files found in temp_dir.
Job 608: 337/400 ERROR: No .raw files found in temp_dir.
Job 608: 338/400 ERROR: No .raw files found in temp_dir.
Job 608: 339/400 ERROR: No .raw files found in temp_dir.
Job 608: 340/400 ERROR: No .raw files found in temp_dir.
Job 608: 341/400 ERROR: No .raw files found in temp_dir.
Job 608: 342/400 ERROR: No .raw files found in temp_dir.
Job 608: 343/400 ERROR: No .raw files found in temp_dir.
Job 608: 344/400 ERROR: No .raw files found in temp_dir.
Job 608: 345/400 ERROR: No .raw files found in temp_dir.
Job 608: 346/400 ERROR: No .raw files found in temp_dir.
Job 608: 347/400 ERROR: No .raw files found in temp_dir.
Job 608: 348/400 ERROR: No .raw files found in temp_dir.
Job 608: 349/400 ERROR: No .raw files found in temp_dir.
Job 608: 350/400 ERROR: No .raw files found in temp_dir.
Job 608: 351/400 ERROR: No .raw files found in temp_dir.
Job 608: 352/400 ERROR: No .raw files found in temp_dir.
Job 608: 353/400 ERROR: No .raw files found in temp_dir.
Job 608: 354/400 ERROR: No .raw files found in temp_dir.
Job 608: 355/400 ERROR: No .raw files found in temp_dir.
Job 608: 356/400 ERROR: No .raw files found in temp_dir.
Job 608: 357/400 ERROR: No .raw files found in temp_dir.
Job 608: 358/400 ERROR: No .raw files found in temp_dir.
Job 608: 359/400 ERROR: No .raw files found in temp_dir.
Job 608: 360/400 ERROR: No .raw files found in temp_dir.
Job 608: 361/400 ERROR: No .raw files found in temp_dir.
Job 608: 362/400 ERROR: No .raw files found in temp_dir.
Job 608: 363/400 ERROR: No .raw files found in temp_dir.
Job 608: 364/400 ERROR: No .raw files found in temp_dir.
Job 608: 365/400 ERROR: No .raw files found in temp_dir.
Job 608: 366/400 ERROR: No .raw files found in temp_dir.
Job 608: 367/400 ERROR: No .raw files found in temp_dir.
Job 608: 368/400 ERROR: No .raw files found in temp_dir.
Job 608: 369/400 ERROR: No .raw files found in temp_dir.
Job 608: 370/400 ERROR: No .raw files found in temp_dir.
Job 608: 371/400 ERROR: No .raw files found in temp_dir.
Job 608: 372/400 ERROR: No .raw files found in temp_dir.
Job 608: 373/400 ERROR: No .raw files found in temp_dir.
Job 608: 374/400 ERROR: No .raw files found in temp_dir.
Job 608: 375/400 ERROR: No .raw files found in temp_dir.
Job 608: 376/400 ERROR: No .raw files found in temp_dir.
Job 608: 377/400 ERROR: No .raw files found in temp_dir.
Job 608: 378/400 ERROR: No .raw files found in temp_dir.
Job 608: 379/400 ERROR: No .raw files found in temp_dir.
Job 608: 380/400 ERROR: No .raw files found in temp_dir.
Job 608: 381/400 ERROR: No .raw files found in temp_dir.
Job 608: 382/400 ERROR: No .raw files found in temp_dir.
Job 608: 383/400 ERROR: No .raw files found in temp_dir.
Job 608: 384/400 ERROR: No .raw files found in temp_dir.
Job 608: 385/400 ERROR: No .raw files found in temp_dir.
Job 608: 386/400 ERROR: No .raw files found in temp_dir.
Job 608: 387/400 ERROR: No .raw files found in temp_dir.
Job 608: 388/400 ERROR: No .raw files found in temp_dir.
Job 608: 389/400 ERROR: No .raw files found in temp_dir.
Job 608: 390/400 ERROR: No .raw files found in temp_dir.
Job 608: 391/400 ERROR: No .raw files found in temp_dir.
Job 608: 392/400 ERROR: No .raw files found in temp_dir.
Job 608: 393/400 ERROR: No .raw files found in temp_dir.
Job 608: 394/400 ERROR: No .raw files found in temp_dir.
Job 608: 395/400 ERROR: No .raw files found in temp_dir.
Job 608: 396/400 ERROR: No .raw files found in temp_dir.
Job 608: 397/400 ERROR: No .raw files found in temp_dir.
Job 608: 398/400 ERROR: No .raw files found in temp_dir.
Job 608: 399/400 ERROR: No .raw files found in temp_dir.
Job 608: 400/400 ERROR: No .raw files found in temp_dir.
Warning messages:
1: In data.table::fread(raw_file, data.table = FALSE) :
  Discarded single-line footer: <<0	GTEX-14BIM	0	0	0	-9	2	2	2	2	1	0	2	2	2	2	2	2	1	2	2	2	2	2	2	2	2	2	2	2	2	2	2	2	0	2	0	2	1	2	1	2	1	0	2	2	2	1	2	1	2	2	2	2	1	2	2	1	2	2	2	0	2	2	2	2	2	1	2	2	2	2	1	2	2	2	2	2	2	1	2	2	2	0	2	2	2	2	2	2	2	2	2	2	2	2	0	1	2	2	2	1	2	2	2	2	2	2	2	2	0	2	2	2	2	2	2	2	2	1	2	2	2	1	2	2	2	2	2	2	2	1	2	2	2	0	2	2	2	2	1	2	1	2	0	2	0	2	1	2	2	2	2	2	2	2	2	2	2	2	2	2	2	1	1	2	2	1	2	2	1	1	2	2	2	2	2	2	1	2	2	2	2	2	2	2	2	2	2	2	2	1	2	2	2	2	2	1	2	2	2	2	2	2	2	2	2	2	2	2	2	2	2	2	2	2	2	2	1	2	2	2	2	2	2	2	2	2	2	1	2	2	2	2	2	2	2	2	2	1	2	2	2	2	2	>>
2: In data.table::fread(raw_file, data.table = FALSE) :
  Discarded single-line footer: <<0	GTEX-15D1Q	0	0	0	-9	2	2	2	2	2	2	2	2	2	>>
