|--------------------------------------------------|
|==================================================|
Registered S3 methods overwritten by 'susieSlide':
  method              from  
  coef.susie          susieR
  predict.susie       susieR
  print.summary.susie susieR
  summary.susie       susieR
|--------------------------------------------------|
|==================================================|
|--------------------------------------------------|
|==================================================|
|--------------------------------------------------|
|==================================================|
|--------------------------------------------------|
|==================================================|
|--------------------------------------------------|
|==================================================|
|--------------------------------------------------|
|==================================================|
|--------------------------------------------------|
|==================================================|
|--------------------------------------------------|
|==================================================|
|--------------------------------------------------|
|==================================================|
|--------------------------------------------------|
|==================================================|
|--------------------------------------------------|
|==================================================|
Error: All 67234533 variants in
/project2/mstephens/gtex/GTEx_Analysis_2017-06-05_v8_WholeGenomeSeq_866Indiv.bim
excluded by --chr + --max-alleles + --snps-only.
|--------------------------------------------------|
|==================================================|
|--------------------------------------------------|
|==================================================|
|--------------------------------------------------|
|==================================================|
|--------------------------------------------------|
|==================================================|
|--------------------------------------------------|
|==================================================|
|--------------------------------------------------|
|==================================================|
|--------------------------------------------------|
|==================================================|
|--------------------------------------------------|
|==================================================|
|--------------------------------------------------|
|==================================================|
|--------------------------------------------------|
|==================================================|
|--------------------------------------------------|
|==================================================|
HINT: nrow(X) = 470 >= 2 * ncol(X) = 214. Consider precomputing sufficient statistics with compute_suff_stat() and fitting with susie_ss() instead -- this avoids holding X in memory at every iteration and lets you reuse XtX across multiple y.
HINT: nrow(X) = 470 >= 2 * ncol(X) = 214. Consider precomputing sufficient statistics with compute_suff_stat() and fitting with susie_ss() instead -- this avoids holding X in memory at every iteration and lets you reuse XtX across multiple y.
HINT: nrow(X) = 435 >= 2 * ncol(X) = 214. Consider precomputing sufficient statistics with compute_suff_stat() and fitting with susie_ss() instead -- this avoids holding X in memory at every iteration and lets you reuse XtX across multiple y.
HINT: nrow(X) = 435 >= 2 * ncol(X) = 214. Consider precomputing sufficient statistics with compute_suff_stat() and fitting with susie_ss() instead -- this avoids holding X in memory at every iteration and lets you reuse XtX across multiple y.
HINT: nrow(X) = 450 >= 2 * ncol(X) = 214. Consider precomputing sufficient statistics with compute_suff_stat() and fitting with susie_ss() instead -- this avoids holding X in memory at every iteration and lets you reuse XtX across multiple y.
HINT: nrow(X) = 450 >= 2 * ncol(X) = 214. Consider precomputing sufficient statistics with compute_suff_stat() and fitting with susie_ss() instead -- this avoids holding X in memory at every iteration and lets you reuse XtX across multiple y.
HINT: nrow(X) = 257 >= 2 * ncol(X) = 214. Consider precomputing sufficient statistics with compute_suff_stat() and fitting with susie_ss() instead -- this avoids holding X in memory at every iteration and lets you reuse XtX across multiple y.
HINT: nrow(X) = 257 >= 2 * ncol(X) = 214. Consider precomputing sufficient statistics with compute_suff_stat() and fitting with susie_ss() instead -- this avoids holding X in memory at every iteration and lets you reuse XtX across multiple y.
HINT: nrow(X) = 269 >= 2 * ncol(X) = 214. Consider precomputing sufficient statistics with compute_suff_stat() and fitting with susie_ss() instead -- this avoids holding X in memory at every iteration and lets you reuse XtX across multiple y.
HINT: nrow(X) = 269 >= 2 * ncol(X) = 214. Consider precomputing sufficient statistics with compute_suff_stat() and fitting with susie_ss() instead -- this avoids holding X in memory at every iteration and lets you reuse XtX across multiple y.
HINT: nrow(X) = 332 >= 2 * ncol(X) = 214. Consider precomputing sufficient statistics with compute_suff_stat() and fitting with susie_ss() instead -- this avoids holding X in memory at every iteration and lets you reuse XtX across multiple y.
HINT: nrow(X) = 332 >= 2 * ncol(X) = 214. Consider precomputing sufficient statistics with compute_suff_stat() and fitting with susie_ss() instead -- this avoids holding X in memory at every iteration and lets you reuse XtX across multiple y.
HINT: nrow(X) = 412 >= 2 * ncol(X) = 214. Consider precomputing sufficient statistics with compute_suff_stat() and fitting with susie_ss() instead -- this avoids holding X in memory at every iteration and lets you reuse XtX across multiple y.
HINT: nrow(X) = 412 >= 2 * ncol(X) = 214. Consider precomputing sufficient statistics with compute_suff_stat() and fitting with susie_ss() instead -- this avoids holding X in memory at every iteration and lets you reuse XtX across multiple y.
HINT: nrow(X) = 331 >= 2 * ncol(X) = 214. Consider precomputing sufficient statistics with compute_suff_stat() and fitting with susie_ss() instead -- this avoids holding X in memory at every iteration and lets you reuse XtX across multiple y.
HINT: nrow(X) = 331 >= 2 * ncol(X) = 214. Consider precomputing sufficient statistics with compute_suff_stat() and fitting with susie_ss() instead -- this avoids holding X in memory at every iteration and lets you reuse XtX across multiple y.
HINT: nrow(X) = 323 >= 2 * ncol(X) = 214. Consider precomputing sufficient statistics with compute_suff_stat() and fitting with susie_ss() instead -- this avoids holding X in memory at every iteration and lets you reuse XtX across multiple y.
HINT: nrow(X) = 323 >= 2 * ncol(X) = 214. Consider precomputing sufficient statistics with compute_suff_stat() and fitting with susie_ss() instead -- this avoids holding X in memory at every iteration and lets you reuse XtX across multiple y.
HINT: nrow(X) = 477 >= 2 * ncol(X) = 214. Consider precomputing sufficient statistics with compute_suff_stat() and fitting with susie_ss() instead -- this avoids holding X in memory at every iteration and lets you reuse XtX across multiple y.
HINT: nrow(X) = 477 >= 2 * ncol(X) = 214. Consider precomputing sufficient statistics with compute_suff_stat() and fitting with susie_ss() instead -- this avoids holding X in memory at every iteration and lets you reuse XtX across multiple y.
HINT: nrow(X) = 354 >= 2 * ncol(X) = 214. Consider precomputing sufficient statistics with compute_suff_stat() and fitting with susie_ss() instead -- this avoids holding X in memory at every iteration and lets you reuse XtX across multiple y.
HINT: nrow(X) = 354 >= 2 * ncol(X) = 214. Consider precomputing sufficient statistics with compute_suff_stat() and fitting with susie_ss() instead -- this avoids holding X in memory at every iteration and lets you reuse XtX across multiple y.
HINT: nrow(X) = 522 >= 2 * ncol(X) = 214. Consider precomputing sufficient statistics with compute_suff_stat() and fitting with susie_ss() instead -- this avoids holding X in memory at every iteration and lets you reuse XtX across multiple y.
HINT: nrow(X) = 522 >= 2 * ncol(X) = 214. Consider precomputing sufficient statistics with compute_suff_stat() and fitting with susie_ss() instead -- this avoids holding X in memory at every iteration and lets you reuse XtX across multiple y.
HINT: nrow(X) = 390 >= 2 * ncol(X) = 214. Consider precomputing sufficient statistics with compute_suff_stat() and fitting with susie_ss() instead -- this avoids holding X in memory at every iteration and lets you reuse XtX across multiple y.
HINT: nrow(X) = 390 >= 2 * ncol(X) = 214. Consider precomputing sufficient statistics with compute_suff_stat() and fitting with susie_ss() instead -- this avoids holding X in memory at every iteration and lets you reuse XtX across multiple y.
|--------------------------------------------------|
|==================================================|
|--------------------------------------------------|
|==================================================|
|--------------------------------------------------|
|==================================================|
|--------------------------------------------------|
|==================================================|
|--------------------------------------------------|
|==================================================|
|--------------------------------------------------|
|==================================================|
|--------------------------------------------------|
|==================================================|
|--------------------------------------------------|
|==================================================|
|--------------------------------------------------|
|==================================================|
|--------------------------------------------------|
|==================================================|
|--------------------------------------------------|
|==================================================|
|--------------------------------------------------|
|==================================================|
|--------------------------------------------------|
|==================================================|
|--------------------------------------------------|
|==================================================|
|--------------------------------------------------|
|==================================================|
|--------------------------------------------------|
|==================================================|
|--------------------------------------------------|
|==================================================|
|--------------------------------------------------|
|==================================================|
|--------------------------------------------------|
|==================================================|
|--------------------------------------------------|
|==================================================|
|--------------------------------------------------|
|==================================================|
Error: All 67234533 variants in
/project2/mstephens/gtex/GTEx_Analysis_2017-06-05_v8_WholeGenomeSeq_866Indiv.bim
excluded by --chr + --max-alleles + --snps-only.
|--------------------------------------------------|
|==================================================|
|--------------------------------------------------|
|==================================================|
|--------------------------------------------------|
|==================================================|
|--------------------------------------------------|
|==================================================|
|--------------------------------------------------|
|==================================================|
|--------------------------------------------------|
|==================================================|
|--------------------------------------------------|
|==================================================|
|--------------------------------------------------|
|==================================================|
|--------------------------------------------------|
|==================================================|
|--------------------------------------------------|
|==================================================|
|--------------------------------------------------|
|==================================================|
|--------------------------------------------------|
|==================================================|
|--------------------------------------------------|
|==================================================|
|--------------------------------------------------|
|==================================================|
|--------------------------------------------------|
|==================================================|
|--------------------------------------------------|
|==================================================|
|--------------------------------------------------|
|==================================================|
|--------------------------------------------------|
|==================================================|
|--------------------------------------------------|
|==================================================|
|--------------------------------------------------|
|==================================================|
|--------------------------------------------------|
|==================================================|
|--------------------------------------------------|
|==================================================|
|--------------------------------------------------|
|==================================================|
|--------------------------------------------------|
|==================================================|
|--------------------------------------------------|
|==================================================|
|--------------------------------------------------|
|==================================================|
|--------------------------------------------------|
|==================================================|
|--------------------------------------------------|
|==================================================|
|--------------------------------------------------|
|==================================================|
|--------------------------------------------------|
|==================================================|
|--------------------------------------------------|
|==================================================|
|--------------------------------------------------|
|==================================================|
|--------------------------------------------------|
|==================================================|
|--------------------------------------------------|
|==================================================|
|--------------------------------------------------|
|==================================================|
|--------------------------------------------------|
|==================================================|
|--------------------------------------------------|
|==================================================|
|--------------------------------------------------|
|==================================================|
|--------------------------------------------------|
|==================================================|
|--------------------------------------------------|
|==================================================|
|--------------------------------------------------|
|==================================================|
|--------------------------------------------------|
|==================================================|
Error: All 67234533 variants in
/project2/mstephens/gtex/GTEx_Analysis_2017-06-05_v8_WholeGenomeSeq_866Indiv.bim
excluded by --chr + --max-alleles + --snps-only.
|--------------------------------------------------|
|==================================================|
|--------------------------------------------------|
|==================================================|
|--------------------------------------------------|
|==================================================|
|--------------------------------------------------|
|==================================================|
|--------------------------------------------------|
|==================================================|
|--------------------------------------------------|
|==================================================|
|--------------------------------------------------|
|==================================================|
|--------------------------------------------------|
|==================================================|
|--------------------------------------------------|
|==================================================|
Error: All 67234533 variants in
/project2/mstephens/gtex/GTEx_Analysis_2017-06-05_v8_WholeGenomeSeq_866Indiv.bim
excluded by --chr + --max-alleles + --snps-only.
|--------------------------------------------------|
|==================================================|
|--------------------------------------------------|
|==================================================|
|--------------------------------------------------|
|==================================================|
|--------------------------------------------------|
|==================================================|
|--------------------------------------------------|
|==================================================|
Warning messages:
1: In system(plink_call) : system call failed: Cannot allocate memory
2: In system(plink_call) : error in running command
3: In system(plink_call) : system call failed: Cannot allocate memory
4: In system(plink_call) : error in running command
5: In system(plink_call) : system call failed: Cannot allocate memory
6: In system(plink_call) : error in running command
7: In system(plink_call) : system call failed: Cannot allocate memory
8: In system(plink_call) : error in running command
