Registered S3 methods overwritten by 'susieSlide':
  method              from  
  coef.susie          susieR
  predict.susie       susieR
  print.summary.susie susieR
  summary.susie       susieR
Job 313: 1/400
Job 313: 2/400
Job 313: 3/400
Job 313: 4/400
Job 313: 5/400
Job 313: 6/400
Job 313: 7/400
Job 313: 8/400
Job 313: 9/400
Job 313: 10/400
Job 313: 11/400
Job 313: 12/400
Job 313: 13/400
Job 313: 14/400
Job 313: 15/400
Job 313: 16/400
Job 313: 17/400
Job 313: 18/400
Job 313: 19/400
Job 313: 20/400
Job 313: 21/400
Job 313: 22/400
Job 313: 23/400
Job 313: 24/400
Job 313: 25/400
Job 313: 26/400
Job 313: 27/400
Job 313: 28/400
Job 313: 29/400
Job 313: 30/400
Job 313: 31/400
Job 313: 32/400
Job 313: 33/400
Job 313: 34/400
Job 313: 35/400
Job 313: 36/400
Job 313: 37/400
Job 313: 38/400
Job 313: 39/400
Job 313: 40/400
Job 313: 41/400
Job 313: 42/400
Job 313: 43/400
Job 313: 44/400
Job 313: 45/400
Job 313: 46/400
Job 313: 47/400
Job 313: 48/400
Job 313: 49/400
Job 313: 50/400
Job 313: 51/400
Job 313: 52/400
Job 313: 53/400
Job 313: 54/400
Job 313: 55/400
Job 313: 56/400
Job 313: 57/400
Job 313: 58/400
Job 313: 59/400
Job 313: 60/400
Job 313: 61/400
Job 313: 62/400
Job 313: 63/400
Job 313: 64/400
Job 313: 65/400
Job 313: 66/400
Job 313: 67/400
Job 313: 68/400
Job 313: 69/400
Job 313: 70/400
Job 313: 71/400
Job 313: 72/400
Job 313: 73/400
Job 313: 74/400
Job 313: 75/400
Job 313: 76/400
Job 313: 77/400
Job 313: 78/400
Job 313: 79/400
Job 313: 80/400
Job 313: 81/400
Job 313: 82/400
Job 313: 83/400
Job 313: 84/400
Job 313: 85/400
Job 313: 86/400
Job 313: 87/400
Job 313: 88/400
Job 313: 89/400
Job 313: 90/400
Job 313: 91/400
Job 313: 92/400
Job 313: 93/400
Job 313: 94/400
Job 313: 95/400
Job 313: 96/400
Job 313: 97/400
Job 313: 98/400
Job 313: 99/400
Job 313: 100/400
Job 313: 101/400
Job 313: 102/400
Job 313: 103/400
Job 313: 104/400
Job 313: 105/400
Job 313: 106/400
Job 313: 107/400
Job 313: 108/400
Job 313: 109/400
Job 313: 110/400
Job 313: 111/400
Job 313: 112/400
Job 313: 113/400
Job 313: 114/400
Job 313: 115/400
Job 313: 116/400
Job 313: 117/400
Job 313: 118/400
Job 313: 119/400
Job 313: 120/400
Job 313: 121/400
Job 313: 122/400
Job 313: 123/400
Job 313: 124/400
Job 313: 125/400
Job 313: 126/400
Job 313: 127/400
Job 313: 128/400
Job 313: 129/400
Job 313: 130/400
Job 313: 131/400
Job 313: 132/400
Job 313: 133/400
Job 313: 134/400
Job 313: 135/400
Job 313: 136/400
Job 313: 137/400
Job 313: 138/400
Job 313: 139/400
Job 313: 140/400
Job 313: 141/400
Job 313: 142/400
Job 313: 143/400
Job 313: 144/400
Job 313: 145/400
Job 313: 146/400
Job 313: 147/400
Job 313: 148/400
Job 313: 149/400
Job 313: 150/400
Job 313: 151/400
Job 313: 152/400
Job 313: 153/400
Job 313: 154/400
Job 313: 155/400
Job 313: 156/400
Job 313: 157/400
Job 313: 158/400
Job 313: 159/400
Job 313: 160/400
Job 313: 161/400
Job 313: 162/400
Job 313: 163/400
Job 313: 164/400
Job 313: 165/400
Job 313: 166/400
Job 313: 167/400
Job 313: 168/400
Job 313: 169/400
Job 313: 170/400
Job 313: 171/400
Job 313: 172/400
Job 313: 173/400
Job 313: 174/400
Job 313: 175/400
Job 313: 176/400
Job 313: 177/400
Job 313: 178/400
Job 313: 179/400
Job 313: 180/400
Job 313: 181/400
Job 313: 182/400
Job 313: 183/400
Job 313: 184/400
Job 313: 185/400
Job 313: 186/400
Job 313: 187/400
Job 313: 188/400
Job 313: 189/400
Job 313: 190/400
Job 313: 191/400
Job 313: 192/400
Job 313: 193/400
Job 313: 194/400
Job 313: 195/400
Job 313: 196/400
Job 313: 197/400
Job 313: 198/400
Job 313: 199/400
Job 313: 200/400
Job 313: 201/400
Job 313: 202/400
Job 313: 203/400
Job 313: 204/400
Job 313: 205/400
Job 313: 206/400
Job 313: 207/400
Job 313: 208/400
Job 313: 209/400
Job 313: 210/400
Job 313: 211/400
Job 313: 212/400
Job 313: 213/400
Job 313: 214/400
Job 313: 215/400
Job 313: 216/400
Job 313: 217/400
Job 313: 218/400
Job 313: 219/400
Job 313: 220/400
Job 313: 221/400
Job 313: 222/400
Job 313: 223/400
Job 313: 224/400
Job 313: 225/400
Job 313: 226/400
Job 313: 227/400
Job 313: 228/400
Job 313: 229/400
Job 313: 230/400
Job 313: 231/400
Job 313: 232/400
Job 313: 233/400
Job 313: 234/400
Job 313: 235/400
Job 313: 236/400
Job 313: 237/400
Job 313: 238/400
Job 313: 239/400
Job 313: 240/400
Job 313: 241/400
Job 313: 242/400
Job 313: 243/400
Job 313: 244/400
Job 313: 245/400
Job 313: 246/400
Job 313: 247/400
Job 313: 248/400
Job 313: 249/400
Job 313: 250/400
Job 313: 251/400
Job 313: 252/400
Job 313: 253/400
Job 313: 254/400 ERROR: object 'target_gene' not found
Job 313: 255/400
Job 313: 256/400
Job 313: 257/400
Job 313: 258/400
Job 313: 259/400
Job 313: 260/400
Job 313: 261/400
Job 313: 262/400
Job 313: 263/400
Job 313: 264/400
Job 313: 265/400
Job 313: 266/400
Job 313: 267/400
Job 313: 268/400
Job 313: 269/400
Job 313: 270/400
Job 313: 271/400
Job 313: 272/400
Job 313: 273/400
Job 313: 274/400
Job 313: 275/400
Job 313: 276/400
Job 313: 277/400
Job 313: 278/400
Job 313: 279/400
Job 313: 280/400
Job 313: 281/400
Job 313: 282/400
Job 313: 283/400
Job 313: 284/400
Job 313: 285/400
Job 313: 286/400
Job 313: 287/400
Job 313: 288/400
Job 313: 289/400
Job 313: 290/400
Job 313: 291/400
Job 313: 292/400
Job 313: 293/400
Job 313: 294/400
Job 313: 295/400
Job 313: 296/400
Job 313: 297/400
Job 313: 298/400
Job 313: 299/400
Job 313: 300/400
Job 313: 301/400
Job 313: 302/400
Job 313: 303/400
Job 313: 304/400
Job 313: 305/400
Job 313: 306/400
Job 313: 307/400
Job 313: 308/400
Job 313: 309/400
Job 313: 310/400
Job 313: 311/400
Job 313: 312/400
Job 313: 313/400
Job 313: 314/400
Job 313: 315/400
Job 313: 316/400
Job 313: 317/400
Job 313: 318/400
Job 313: 319/400
Job 313: 320/400
Job 313: 321/400
Job 313: 322/400
Job 313: 323/400
Job 313: 324/400
Job 313: 325/400
Job 313: 326/400
Job 313: 327/400
Job 313: 328/400
Job 313: 329/400
Job 313: 330/400
Job 313: 331/400
Job 313: 332/400
Job 313: 333/400
Job 313: 334/400
Job 313: 335/400
Job 313: 336/400
Job 313: 337/400
Job 313: 338/400
Job 313: 339/400
Job 313: 340/400
Job 313: 341/400
Job 313: 342/400
Job 313: 343/400
Job 313: 344/400
Job 313: 345/400
Job 313: 346/400
Job 313: 347/400
Job 313: 348/400
Job 313: 349/400
Job 313: 350/400
Job 313: 351/400
Job 313: 352/400
Job 313: 353/400
Job 313: 354/400
Job 313: 355/400
Job 313: 356/400
Job 313: 357/400
Job 313: 358/400
Job 313: 359/400
Job 313: 360/400
Job 313: 361/400
Job 313: 362/400
Job 313: 363/400
Job 313: 364/400
Job 313: 365/400
Job 313: 366/400
Job 313: 367/400
Job 313: 368/400
Job 313: 369/400
Job 313: 370/400
Job 313: 371/400
Job 313: 372/400
Job 313: 373/400
Job 313: 374/400
Job 313: 375/400
Job 313: 376/400
Job 313: 377/400
Job 313: 378/400
Job 313: 379/400
Job 313: 380/400
Job 313: 381/400
Job 313: 382/400
Job 313: 383/400
Job 313: 384/400
Job 313: 385/400
Job 313: 386/400
Job 313: 387/400
Job 313: 388/400
Job 313: 389/400
Job 313: 390/400
Job 313: 391/400
Job 313: 392/400
Job 313: 393/400
Job 313: 394/400
Job 313: 395/400
Job 313: 396/400
Job 313: 397/400
Job 313: 398/400
Job 313: 399/400
Job 313: 400/400
Warning message:
In data.table::fread(raw_file, data.table = FALSE) :
  Discarded single-line footer: <<0	GTEX-111CU	0	0	0	-9	2	2	2	2	0	0	2	1	2	2	2	2	2	1	2	2	2	2	2	2	2	2	2	2	2	0	2	2	2	2	2	2	2	2	2	2	2	2	2	2	2	2	2	2	2	2	2	2	2	1	2	2	2	2	2	2	2	2	1	2	2	2	2	2	2	2	1	2	2	2	2	2	2	2	2	2	2	2	NA	2	2	1	2	2	2	2	2	2	2	2	2	2	2	2	2	2	2	2	2	2	2	2	2	2	2	2	2	2	2	2	2	2	2	2	2	2	2	2	2	0	2	2	2	2	2	2	1	2	2	2	2	2	2	2	2	2	2	2	2	2	2	2	2	2	2	2	2	2	1	2	1	2	2	2	2	2	2	2	2	2	2	0	1	2	2	1	2	2	2	0	2	2	2	2	2	2	1	2	2	2	2	2	2	2	2	2	2	2	2	2	2	2	2	2	2	1	2	2	2	2	0	2	2	2	2	1	2	2	2	2	2	2	2	2	2	2	2	2	2	2	2	2	2	2	2	2	1	2	2	2	2	1	2	2	2	2	2	2	2>>
