Registered S3 methods overwritten by 'susieSlide':
  method              from  
  coef.susie          susieR
  predict.susie       susieR
  print.summary.susie susieR
  summary.susie       susieR
Job 592: 1/400
Job 592: 2/400
Job 592: 3/400
Job 592: 4/400
Job 592: 5/400
Job 592: 6/400
Job 592: 7/400
Job 592: 8/400
Job 592: 9/400
Job 592: 10/400
Job 592: 11/400
Job 592: 12/400
Job 592: 13/400
Job 592: 14/400
Job 592: 15/400
Job 592: 16/400
Job 592: 17/400
Job 592: 18/400
Job 592: 19/400
Job 592: 20/400
Job 592: 21/400
Job 592: 22/400
Job 592: 23/400
Job 592: 24/400
Job 592: 25/400
Job 592: 26/400
Job 592: 27/400
Job 592: 28/400
Job 592: 29/400
Job 592: 30/400
Job 592: 31/400
Job 592: 32/400
Job 592: 33/400
Job 592: 34/400
Job 592: 35/400
Job 592: 36/400
Job 592: 37/400
Job 592: 38/400
Job 592: 39/400
Job 592: 40/400
Job 592: 41/400
Job 592: 42/400
Job 592: 43/400
Job 592: 44/400
Job 592: 45/400
Job 592: 46/400
Job 592: 47/400
Job 592: 48/400
Job 592: 49/400
Job 592: 50/400
Job 592: 51/400
Job 592: 52/400
Job 592: 53/400
Job 592: 54/400
Job 592: 55/400
Job 592: 56/400
Job 592: 57/400
Job 592: 58/400
Job 592: 59/400
Job 592: 60/400
Job 592: 61/400
Job 592: 62/400
Job 592: 63/400
Job 592: 64/400
Job 592: 65/400
Job 592: 66/400
Job 592: 67/400
Job 592: 68/400
Job 592: 69/400
Job 592: 70/400
Job 592: 71/400
Job 592: 72/400
Job 592: 73/400
Job 592: 74/400
Job 592: 75/400
Job 592: 76/400
Job 592: 77/400
Job 592: 78/400
Job 592: 79/400
Job 592: 80/400
Job 592: 81/400
Job 592: 82/400
Job 592: 83/400
Job 592: 84/400
Job 592: 85/400
Job 592: 86/400
Job 592: 87/400
Job 592: 88/400
Job 592: 89/400
Job 592: 90/400
Job 592: 91/400
Job 592: 92/400
Job 592: 93/400
Job 592: 94/400
Job 592: 95/400
Job 592: 96/400
Job 592: 97/400
Job 592: 98/400
Job 592: 99/400
Job 592: 100/400
Job 592: 101/400
Job 592: 102/400
Job 592: 103/400
Job 592: 104/400
Job 592: 105/400
Job 592: 106/400
Job 592: 107/400
Job 592: 108/400
Job 592: 109/400
Job 592: 110/400
Job 592: 111/400
Job 592: 112/400
Job 592: 113/400
Job 592: 114/400
Job 592: 115/400
Job 592: 116/400
Job 592: 117/400
Job 592: 118/400
Job 592: 119/400
Job 592: 120/400
Job 592: 121/400
Job 592: 122/400
Job 592: 123/400
Job 592: 124/400
Job 592: 125/400
Job 592: 126/400
Job 592: 127/400
Job 592: 128/400
Job 592: 129/400
Job 592: 130/400
Job 592: 131/400
Job 592: 132/400
Job 592: 133/400
Job 592: 134/400
Job 592: 135/400
Job 592: 136/400
Job 592: 137/400
Job 592: 138/400
Job 592: 139/400
Job 592: 140/400
Job 592: 141/400
Job 592: 142/400
Job 592: 143/400
Job 592: 144/400
Job 592: 145/400
Job 592: 146/400
Job 592: 147/400
Job 592: 148/400
Job 592: 149/400
Job 592: 150/400
Job 592: 151/400
Job 592: 152/400
Job 592: 153/400
Job 592: 154/400
Job 592: 155/400
Job 592: 156/400
Job 592: 157/400
Job 592: 158/400
Job 592: 159/400
Job 592: 160/400
Job 592: 161/400
Job 592: 162/400
Job 592: 163/400
Job 592: 164/400
Job 592: 165/400
Job 592: 166/400
Job 592: 167/400
Job 592: 168/400
Job 592: 169/400
Job 592: 170/400
Job 592: 171/400
Job 592: 172/400
Job 592: 173/400
Job 592: 174/400
Job 592: 175/400
Job 592: 176/400
Job 592: 177/400
Job 592: 178/400
Job 592: 179/400
Job 592: 180/400
Job 592: 181/400
Job 592: 182/400
Job 592: 183/400
Job 592: 184/400
Job 592: 185/400
Job 592: 186/400
Job 592: 187/400
Job 592: 188/400
Job 592: 189/400
Job 592: 190/400
Job 592: 191/400
Job 592: 192/400
Job 592: 193/400
Job 592: 194/400
Job 592: 195/400
Job 592: 196/400
Job 592: 197/400
Job 592: 198/400
Job 592: 199/400
Job 592: 200/400
Job 592: 201/400
Job 592: 202/400
Job 592: 203/400
Job 592: 204/400
Job 592: 205/400
Job 592: 206/400
Job 592: 207/400
Job 592: 208/400
Job 592: 209/400
Job 592: 210/400
Job 592: 211/400
Job 592: 212/400
Job 592: 213/400
Job 592: 214/400
Job 592: 215/400
Job 592: 216/400
Job 592: 217/400
Job 592: 218/400
Job 592: 219/400
Job 592: 220/400
Job 592: 221/400
Job 592: 222/400
Job 592: 223/400
Job 592: 224/400
Job 592: 225/400
Job 592: 226/400
Job 592: 227/400
Job 592: 228/400
Job 592: 229/400
Job 592: 230/400
Job 592: 231/400
Job 592: 232/400
Job 592: 233/400
Job 592: 234/400
Job 592: 235/400
Job 592: 236/400
Job 592: 237/400
Job 592: 238/400
Job 592: 239/400
Job 592: 240/400
Job 592: 241/400
Job 592: 242/400
Job 592: 243/400
Job 592: 244/400
Job 592: 245/400
Job 592: 246/400
Job 592: 247/400
Job 592: 248/400
Job 592: 249/400
Job 592: 250/400
Job 592: 251/400
Job 592: 252/400
Job 592: 253/400
Job 592: 254/400
Job 592: 255/400
Job 592: 256/400
Job 592: 257/400
Job 592: 258/400
Job 592: 259/400
Job 592: 260/400
Job 592: 261/400
Job 592: 262/400
Job 592: 263/400
Job 592: 264/400
Job 592: 265/400
Job 592: 266/400
Job 592: 267/400
Job 592: 268/400
Job 592: 269/400
Job 592: 270/400
Job 592: 271/400
Job 592: 272/400
Job 592: 273/400
Job 592: 274/400
Job 592: 275/400
Job 592: 276/400
Job 592: 277/400
Job 592: 278/400
Job 592: 279/400
Job 592: 280/400
Job 592: 281/400
Job 592: 282/400
Job 592: 283/400
Job 592: 284/400
Job 592: 285/400
Job 592: 286/400
Job 592: 287/400
Job 592: 288/400
Job 592: 289/400
Job 592: 290/400
Job 592: 291/400
Job 592: 292/400
Job 592: 293/400
Job 592: 294/400
Job 592: 295/400
Job 592: 296/400
Job 592: 297/400
Job 592: 298/400
Job 592: 299/400
Job 592: 300/400
Job 592: 301/400
Job 592: 302/400
Job 592: 303/400
Job 592: 304/400
Job 592: 305/400
Job 592: 306/400
Job 592: 307/400
Job 592: 308/400
Job 592: 309/400
Job 592: 310/400
Job 592: 311/400
Job 592: 312/400
Job 592: 313/400
Job 592: 314/400
Job 592: 315/400
Job 592: 316/400
Job 592: 317/400
Job 592: 318/400
Job 592: 319/400
Job 592: 320/400
Job 592: 321/400
Job 592: 322/400
Job 592: 323/400
Job 592: 324/400
Job 592: 325/400
Job 592: 326/400
Job 592: 327/400
Job 592: 328/400
Job 592: 329/400
Job 592: 330/400
Job 592: 331/400
Job 592: 332/400
Job 592: 333/400
Job 592: 334/400
Job 592: 335/400
Job 592: 336/400
Job 592: 337/400
Job 592: 338/400
Job 592: 339/400
Job 592: 340/400
Job 592: 341/400
Job 592: 342/400
Job 592: 343/400
Job 592: 344/400
Job 592: 345/400
Job 592: 346/400
Job 592: 347/400
Job 592: 348/400
Job 592: 349/400
Job 592: 350/400
Job 592: 351/400
Job 592: 352/400
Job 592: 353/400
Job 592: 354/400
Job 592: 355/400
Job 592: 356/400
Job 592: 357/400
Job 592: 358/400
Job 592: 359/400
Job 592: 360/400
Job 592: 361/400
Job 592: 362/400
Job 592: 363/400
Job 592: 364/400
Job 592: 365/400
Job 592: 366/400
Job 592: 367/400
Job 592: 368/400
Job 592: 369/400
Job 592: 370/400
Job 592: 371/400
Job 592: 372/400
Job 592: 373/400
Job 592: 374/400
Job 592: 375/400
Job 592: 376/400
Job 592: 377/400
Job 592: 378/400
Job 592: 379/400
Job 592: 380/400
Job 592: 381/400
Job 592: 382/400
Job 592: 383/400
Job 592: 384/400
Job 592: 385/400
Job 592: 386/400
Job 592: 387/400
Job 592: 388/400
Job 592: 389/400
Job 592: 390/400
Job 592: 391/400
Job 592: 392/400
Job 592: 393/400
Job 592: 394/400
Job 592: 395/400
Job 592: 396/400
Job 592: 397/400
Job 592: 398/400
Job 592: 399/400
Job 592: 400/400
