Registered S3 methods overwritten by 'susieSlide':
  method              from  
  coef.susie          susieR
  predict.susie       susieR
  print.summary.susie susieR
  summary.susie       susieR
Job 165: 1/400
Job 165: 2/400
Job 165: 3/400
Job 165: 4/400
Job 165: 5/400
Job 165: 6/400
Job 165: 7/400
Job 165: 8/400
Job 165: 9/400
Job 165: 10/400
Job 165: 11/400
Job 165: 12/400
Job 165: 13/400
Job 165: 14/400
Job 165: 15/400
Job 165: 16/400
Job 165: 17/400
Job 165: 18/400
Job 165: 19/400
Job 165: 20/400
Job 165: 21/400
Job 165: 22/400
Job 165: 23/400
Job 165: 24/400
Job 165: 25/400
Job 165: 26/400
Job 165: 27/400
Job 165: 28/400
Job 165: 29/400
Job 165: 30/400
Job 165: 31/400
Job 165: 32/400
Job 165: 33/400
Job 165: 34/400
Job 165: 35/400
Job 165: 36/400
Job 165: 37/400
Job 165: 38/400
Job 165: 39/400
Job 165: 40/400
Job 165: 41/400
Job 165: 42/400
Job 165: 43/400
Job 165: 44/400
Job 165: 45/400
Job 165: 46/400
Job 165: 47/400
Job 165: 48/400
Job 165: 49/400
Job 165: 50/400
Job 165: 51/400
Job 165: 52/400
Job 165: 53/400
Job 165: 54/400
Job 165: 55/400
Job 165: 56/400
Job 165: 57/400
Job 165: 58/400
Job 165: 59/400
Job 165: 60/400
Job 165: 61/400
Job 165: 62/400
Job 165: 63/400
Job 165: 64/400
Job 165: 65/400
Job 165: 66/400
Job 165: 67/400
Job 165: 68/400
Job 165: 69/400
Job 165: 70/400
Job 165: 71/400
Job 165: 72/400
Job 165: 73/400
Job 165: 74/400
Job 165: 75/400
Job 165: 76/400
Job 165: 77/400
Job 165: 78/400
Job 165: 79/400
Job 165: 80/400
Job 165: 81/400
Job 165: 82/400
Job 165: 83/400
Job 165: 84/400
Job 165: 85/400
Job 165: 86/400
Job 165: 87/400
Job 165: 88/400
Job 165: 89/400
Job 165: 90/400
Job 165: 91/400
Job 165: 92/400
Job 165: 93/400
Job 165: 94/400
Job 165: 95/400
Job 165: 96/400
Job 165: 97/400
Job 165: 98/400
Job 165: 99/400
Job 165: 100/400
Job 165: 101/400
Job 165: 102/400
Job 165: 103/400
Job 165: 104/400
Job 165: 105/400
Job 165: 106/400
Job 165: 107/400
Job 165: 108/400
Job 165: 109/400
Job 165: 110/400
Job 165: 111/400
Job 165: 112/400
Job 165: 113/400
Job 165: 114/400
Job 165: 115/400
Job 165: 116/400
Job 165: 117/400
Job 165: 118/400
Job 165: 119/400
Job 165: 120/400
Job 165: 121/400
Job 165: 122/400
Job 165: 123/400
Job 165: 124/400
Job 165: 125/400
Job 165: 126/400
Job 165: 127/400
Job 165: 128/400
Job 165: 129/400
Job 165: 130/400
Job 165: 131/400
Job 165: 132/400
Job 165: 133/400
Job 165: 134/400
Job 165: 135/400
Job 165: 136/400
Job 165: 137/400
Job 165: 138/400
Job 165: 139/400
Job 165: 140/400
Job 165: 141/400
Job 165: 142/400
Job 165: 143/400
Job 165: 144/400
Job 165: 145/400
Job 165: 146/400
Job 165: 147/400
Job 165: 148/400
Job 165: 149/400
Job 165: 150/400
Job 165: 151/400
Job 165: 152/400
Job 165: 153/400
Job 165: 154/400
Job 165: 155/400
Job 165: 156/400
Job 165: 157/400
Job 165: 158/400
Job 165: 159/400
Job 165: 160/400
Job 165: 161/400
Job 165: 162/400
Job 165: 163/400
Job 165: 164/400
Job 165: 165/400
Job 165: 166/400
Job 165: 167/400
Job 165: 168/400
Job 165: 169/400
Job 165: 170/400
Job 165: 171/400
Job 165: 172/400
Job 165: 173/400
Job 165: 174/400
Job 165: 175/400
Job 165: 176/400
Job 165: 177/400
Job 165: 178/400
Job 165: 179/400
Job 165: 180/400
Job 165: 181/400
Job 165: 182/400
Job 165: 183/400
Job 165: 184/400
Job 165: 185/400
Job 165: 186/400
Job 165: 187/400
Job 165: 188/400
Job 165: 189/400
Job 165: 190/400
Job 165: 191/400
Job 165: 192/400
Job 165: 193/400
Job 165: 194/400
Job 165: 195/400
Job 165: 196/400
Job 165: 197/400
Job 165: 198/400
Job 165: 199/400
Job 165: 200/400
Job 165: 201/400
Job 165: 202/400
Job 165: 203/400
Job 165: 204/400
Job 165: 205/400
Job 165: 206/400
Job 165: 207/400
Job 165: 208/400
Job 165: 209/400
Job 165: 210/400
Job 165: 211/400
Job 165: 212/400
Job 165: 213/400
Job 165: 214/400
Job 165: 215/400
Job 165: 216/400
Job 165: 217/400
Job 165: 218/400
Job 165: 219/400
Job 165: 220/400
Job 165: 221/400
Job 165: 222/400
Job 165: 223/400
Job 165: 224/400
Job 165: 225/400
Job 165: 226/400
Job 165: 227/400
Job 165: 228/400
Job 165: 229/400
Job 165: 230/400
Job 165: 231/400
Job 165: 232/400
Job 165: 233/400
Job 165: 234/400
Job 165: 235/400
Job 165: 236/400
Job 165: 237/400
Job 165: 238/400
Job 165: 239/400
Job 165: 240/400
Job 165: 241/400
Job 165: 242/400
Job 165: 243/400
Job 165: 244/400
Job 165: 245/400
Job 165: 246/400
Job 165: 247/400
Job 165: 248/400
Job 165: 249/400
Job 165: 250/400
Job 165: 251/400
Job 165: 252/400
Job 165: 253/400
Job 165: 254/400
Job 165: 255/400
Job 165: 256/400
Job 165: 257/400
Job 165: 258/400
Job 165: 259/400
Job 165: 260/400
Job 165: 261/400
Job 165: 262/400
Job 165: 263/400
Job 165: 264/400
Job 165: 265/400
Job 165: 266/400
Job 165: 267/400
Job 165: 268/400
Job 165: 269/400
Job 165: 270/400
Job 165: 271/400
Job 165: 272/400
Job 165: 273/400
Job 165: 274/400
Job 165: 275/400
Job 165: 276/400
Job 165: 277/400
Job 165: 278/400
Job 165: 279/400
Job 165: 280/400
Job 165: 281/400
Job 165: 282/400
Job 165: 283/400
Job 165: 284/400
Job 165: 285/400
Job 165: 286/400
Job 165: 287/400
Job 165: 288/400
Job 165: 289/400
Job 165: 290/400
Job 165: 291/400
Job 165: 292/400
Job 165: 293/400
Job 165: 294/400
Job 165: 295/400
Job 165: 296/400
Job 165: 297/400
Job 165: 298/400
Job 165: 299/400
Job 165: 300/400
Job 165: 301/400
Job 165: 302/400
Job 165: 303/400
Job 165: 304/400
Job 165: 305/400
Job 165: 306/400
Job 165: 307/400
Job 165: 308/400
Job 165: 309/400
Job 165: 310/400
Job 165: 311/400
Job 165: 312/400
Job 165: 313/400
Job 165: 314/400
Job 165: 315/400
Job 165: 316/400
Job 165: 317/400
Job 165: 318/400
Job 165: 319/400
Job 165: 320/400
Job 165: 321/400
Job 165: 322/400
Job 165: 323/400
Job 165: 324/400
Job 165: 325/400
Job 165: 326/400
Job 165: 327/400
Job 165: 328/400
Job 165: 329/400
Job 165: 330/400
Job 165: 331/400
Job 165: 332/400
Job 165: 333/400
Job 165: 334/400
Job 165: 335/400
Job 165: 336/400
Job 165: 337/400
Job 165: 338/400
Job 165: 339/400
Job 165: 340/400
Job 165: 341/400
Job 165: 342/400
Job 165: 343/400
Job 165: 344/400
Job 165: 345/400
Job 165: 346/400
Job 165: 347/400
Job 165: 348/400
Job 165: 349/400
Job 165: 350/400
Job 165: 351/400
Job 165: 352/400
Job 165: 353/400
Job 165: 354/400
Job 165: 355/400
Job 165: 356/400
Job 165: 357/400
Job 165: 358/400
Job 165: 359/400
Job 165: 360/400
Job 165: 361/400
Job 165: 362/400
Job 165: 363/400
Job 165: 364/400
Job 165: 365/400
Job 165: 366/400
Job 165: 367/400
Job 165: 368/400
Job 165: 369/400
Job 165: 370/400
Job 165: 371/400
Job 165: 372/400
Job 165: 373/400
Job 165: 374/400
Job 165: 375/400
Job 165: 376/400
Job 165: 377/400
Job 165: 378/400
Job 165: 379/400
Job 165: 380/400
Job 165: 381/400
Job 165: 382/400
Job 165: 383/400
Job 165: 384/400
Job 165: 385/400
Job 165: 386/400
Job 165: 387/400
Job 165: 388/400
Job 165: 389/400
Job 165: 390/400
Job 165: 391/400
Job 165: 392/400
Job 165: 393/400
Job 165: 394/400
Job 165: 395/400
Job 165: 396/400
Job 165: 397/400
Job 165: 398/400
Job 165: 399/400
Job 165: 400/400
