Registered S3 methods overwritten by 'susieSlide':
  method              from  
  coef.susie          susieR
  predict.susie       susieR
  print.summary.susie susieR
  summary.susie       susieR
Job 431: 1/400
Job 431: 2/400
Job 431: 3/400
Job 431: 4/400
Job 431: 5/400
Job 431: 6/400
Job 431: 7/400
Job 431: 8/400
Job 431: 9/400
Job 431: 10/400
Job 431: 11/400
Job 431: 12/400
Job 431: 13/400
Job 431: 14/400
Job 431: 15/400
Job 431: 16/400
Job 431: 17/400
Job 431: 18/400
Job 431: 19/400
Job 431: 20/400
Job 431: 21/400
Job 431: 22/400
Job 431: 23/400
Job 431: 24/400
Job 431: 25/400
Job 431: 26/400
Job 431: 27/400
Job 431: 28/400
Job 431: 29/400
Job 431: 30/400
Job 431: 31/400
Job 431: 32/400
Job 431: 33/400
Job 431: 34/400
Job 431: 35/400
Job 431: 36/400
Job 431: 37/400
Job 431: 38/400
Job 431: 39/400
Job 431: 40/400
Job 431: 41/400
Job 431: 42/400
Job 431: 43/400
Job 431: 44/400
Job 431: 45/400
Job 431: 46/400
Job 431: 47/400
Job 431: 48/400
Job 431: 49/400
Job 431: 50/400
Job 431: 51/400
Job 431: 52/400
Job 431: 53/400
Job 431: 54/400
Job 431: 55/400
Job 431: 56/400
Job 431: 57/400
Job 431: 58/400
Job 431: 59/400
Job 431: 60/400
Job 431: 61/400
Job 431: 62/400
Job 431: 63/400
Job 431: 64/400
Job 431: 65/400
Job 431: 66/400
Job 431: 67/400
Job 431: 68/400
Job 431: 69/400
Job 431: 70/400
Job 431: 71/400
Job 431: 72/400
Job 431: 73/400
Job 431: 74/400
Job 431: 75/400
Job 431: 76/400
Job 431: 77/400
Job 431: 78/400
Job 431: 79/400
Job 431: 80/400
Job 431: 81/400
Job 431: 82/400
Job 431: 83/400
Job 431: 84/400
Job 431: 85/400
Job 431: 86/400
Job 431: 87/400
Job 431: 88/400
Job 431: 89/400
Job 431: 90/400
Job 431: 91/400
Job 431: 92/400
Job 431: 93/400
Job 431: 94/400
Job 431: 95/400
Job 431: 96/400
Job 431: 97/400
Job 431: 98/400
Job 431: 99/400
Job 431: 100/400
Job 431: 101/400
Job 431: 102/400
Job 431: 103/400
Job 431: 104/400
Job 431: 105/400
Job 431: 106/400
Job 431: 107/400
Job 431: 108/400
Job 431: 109/400
Job 431: 110/400
Job 431: 111/400
Job 431: 112/400
Job 431: 113/400
Job 431: 114/400
Job 431: 115/400
Job 431: 116/400
Job 431: 117/400
Job 431: 118/400
Job 431: 119/400
Job 431: 120/400
Job 431: 121/400
Job 431: 122/400
Job 431: 123/400
Job 431: 124/400
Job 431: 125/400
Job 431: 126/400
Job 431: 127/400
Job 431: 128/400
Job 431: 129/400
Job 431: 130/400
Job 431: 131/400
Job 431: 132/400
Job 431: 133/400
Job 431: 134/400
Job 431: 135/400
Job 431: 136/400
Job 431: 137/400
Job 431: 138/400
Job 431: 139/400
Job 431: 140/400
Job 431: 141/400
Job 431: 142/400
Job 431: 143/400
Job 431: 144/400
Job 431: 145/400
Job 431: 146/400
Job 431: 147/400
Job 431: 148/400
Job 431: 149/400
Job 431: 150/400
Job 431: 151/400
Job 431: 152/400
Job 431: 153/400
Job 431: 154/400
Job 431: 155/400
Job 431: 156/400
Job 431: 157/400
Job 431: 158/400
Job 431: 159/400
Job 431: 160/400
Job 431: 161/400
Job 431: 162/400
Job 431: 163/400
Job 431: 164/400
Job 431: 165/400
Job 431: 166/400
Job 431: 167/400
Job 431: 168/400
Job 431: 169/400
Job 431: 170/400
Job 431: 171/400
Job 431: 172/400
Job 431: 173/400
Job 431: 174/400
Job 431: 175/400
Job 431: 176/400
Job 431: 177/400
Job 431: 178/400
Job 431: 179/400
Job 431: 180/400
Job 431: 181/400
Job 431: 182/400
Job 431: 183/400
Job 431: 184/400
Job 431: 185/400
Job 431: 186/400
Job 431: 187/400
Job 431: 188/400
Job 431: 189/400
Job 431: 190/400
Job 431: 191/400
Job 431: 192/400
Job 431: 193/400
Job 431: 194/400
Job 431: 195/400
Job 431: 196/400
Job 431: 197/400
Job 431: 198/400
Job 431: 199/400
Job 431: 200/400
Job 431: 201/400
Job 431: 202/400
Job 431: 203/400
Job 431: 204/400
Job 431: 205/400
Job 431: 206/400
Job 431: 207/400
Job 431: 208/400
Job 431: 209/400
Job 431: 210/400
Job 431: 211/400
Job 431: 212/400
Job 431: 213/400
Job 431: 214/400
Job 431: 215/400
Job 431: 216/400
Job 431: 217/400
Job 431: 218/400
Job 431: 219/400
Job 431: 220/400
Job 431: 221/400
Job 431: 222/400
Job 431: 223/400
Job 431: 224/400
Job 431: 225/400
Job 431: 226/400
Job 431: 227/400
Job 431: 228/400
Job 431: 229/400
Job 431: 230/400
Job 431: 231/400
Job 431: 232/400
Job 431: 233/400
Job 431: 234/400
Job 431: 235/400
Job 431: 236/400
Job 431: 237/400
Job 431: 238/400
Job 431: 239/400
Job 431: 240/400
Job 431: 241/400
Job 431: 242/400
Job 431: 243/400
Job 431: 244/400
Job 431: 245/400
Job 431: 246/400
Job 431: 247/400
Job 431: 248/400
Job 431: 249/400
Job 431: 250/400
Job 431: 251/400
Job 431: 252/400
Job 431: 253/400
Job 431: 254/400
Job 431: 255/400
Job 431: 256/400
Job 431: 257/400
Job 431: 258/400
Job 431: 259/400
Job 431: 260/400
Job 431: 261/400
Job 431: 262/400
Job 431: 263/400
Job 431: 264/400
Job 431: 265/400
Job 431: 266/400
Job 431: 267/400
Job 431: 268/400
Job 431: 269/400
Job 431: 270/400
Job 431: 271/400
Job 431: 272/400
Job 431: 273/400
Job 431: 274/400
Job 431: 275/400
Job 431: 276/400
Job 431: 277/400
Job 431: 278/400
Job 431: 279/400
Job 431: 280/400
Job 431: 281/400
Job 431: 282/400
Job 431: 283/400
Job 431: 284/400
Job 431: 285/400
Job 431: 286/400
Job 431: 287/400
Job 431: 288/400
Job 431: 289/400
Job 431: 290/400
Job 431: 291/400
Job 431: 292/400
Job 431: 293/400
Job 431: 294/400
Job 431: 295/400
Job 431: 296/400
Job 431: 297/400
Job 431: 298/400
Job 431: 299/400
Job 431: 300/400
Job 431: 301/400
Job 431: 302/400
Job 431: 303/400
Job 431: 304/400
Job 431: 305/400
Job 431: 306/400
Job 431: 307/400
Job 431: 308/400
Job 431: 309/400
Job 431: 310/400
Job 431: 311/400
Job 431: 312/400
Job 431: 313/400
Job 431: 314/400
Job 431: 315/400
Job 431: 316/400
Job 431: 317/400
Job 431: 318/400
Job 431: 319/400
Job 431: 320/400
Job 431: 321/400
Job 431: 322/400
Job 431: 323/400
Job 431: 324/400
Job 431: 325/400
Job 431: 326/400
Job 431: 327/400
Job 431: 328/400
Job 431: 329/400
Job 431: 330/400
Job 431: 331/400
Job 431: 332/400
Job 431: 333/400
Job 431: 334/400
Job 431: 335/400
Job 431: 336/400
Job 431: 337/400
Job 431: 338/400
Job 431: 339/400
Job 431: 340/400
Job 431: 341/400
Job 431: 342/400
Job 431: 343/400
Job 431: 344/400
Job 431: 345/400
Job 431: 346/400
Job 431: 347/400
Job 431: 348/400
Job 431: 349/400
Job 431: 350/400
Job 431: 351/400
Job 431: 352/400
Job 431: 353/400
Job 431: 354/400
Job 431: 355/400
Job 431: 356/400
Job 431: 357/400
Job 431: 358/400
Job 431: 359/400
Job 431: 360/400
Job 431: 361/400
Job 431: 362/400
Job 431: 363/400
Job 431: 364/400
Job 431: 365/400
Job 431: 366/400
Job 431: 367/400
Job 431: 368/400
Job 431: 369/400
Job 431: 370/400
Job 431: 371/400
Job 431: 372/400
Job 431: 373/400
Job 431: 374/400
Job 431: 375/400
Job 431: 376/400
Job 431: 377/400
Job 431: 378/400
Job 431: 379/400
Job 431: 380/400
Job 431: 381/400
Job 431: 382/400
Job 431: 383/400
Job 431: 384/400
Job 431: 385/400
Job 431: 386/400
Job 431: 387/400
Job 431: 388/400
Job 431: 389/400
Job 431: 390/400
Job 431: 391/400
Job 431: 392/400
Job 431: 393/400
Job 431: 394/400
Job 431: 395/400
Job 431: 396/400
Job 431: 397/400
Job 431: 398/400
Job 431: 399/400
Job 431: 400/400
