Registered S3 methods overwritten by 'susieSlide':
  method              from  
  coef.susie          susieR
  predict.susie       susieR
  print.summary.susie susieR
  summary.susie       susieR
Job 559: 1/400
Job 559: 2/400
Job 559: 3/400
Job 559: 4/400
Job 559: 5/400
Job 559: 6/400
Job 559: 7/400
Job 559: 8/400
Job 559: 9/400
Job 559: 10/400
Job 559: 11/400
Job 559: 12/400
Job 559: 13/400
Job 559: 14/400
Job 559: 15/400
Job 559: 16/400
Job 559: 17/400
Job 559: 18/400
Job 559: 19/400
Job 559: 20/400
Job 559: 21/400
Job 559: 22/400
Job 559: 23/400
Job 559: 24/400
Job 559: 25/400
Job 559: 26/400
Job 559: 27/400
Job 559: 28/400
Job 559: 29/400
Job 559: 30/400
Job 559: 31/400
Job 559: 32/400
Job 559: 33/400
Job 559: 34/400
Job 559: 35/400
Job 559: 36/400
Job 559: 37/400
Job 559: 38/400
Job 559: 39/400
Job 559: 40/400
Job 559: 41/400
Job 559: 42/400
Job 559: 43/400
Job 559: 44/400
Job 559: 45/400
Job 559: 46/400
Job 559: 47/400
Job 559: 48/400
Job 559: 49/400
Job 559: 50/400
Job 559: 51/400
Job 559: 52/400
Job 559: 53/400
Job 559: 54/400
Job 559: 55/400
Job 559: 56/400
Job 559: 57/400
Job 559: 58/400
Job 559: 59/400
Job 559: 60/400
Job 559: 61/400
Job 559: 62/400
Job 559: 63/400
Job 559: 64/400
Job 559: 65/400
Job 559: 66/400
Job 559: 67/400
Job 559: 68/400
Job 559: 69/400
Job 559: 70/400
Job 559: 71/400
Job 559: 72/400
Job 559: 73/400
Job 559: 74/400
Job 559: 75/400
Job 559: 76/400
Job 559: 77/400
Job 559: 78/400
Job 559: 79/400
Job 559: 80/400
Job 559: 81/400
Job 559: 82/400
Job 559: 83/400
Job 559: 84/400
Job 559: 85/400
Job 559: 86/400
Job 559: 87/400
Job 559: 88/400
Job 559: 89/400
Job 559: 90/400
Job 559: 91/400
Job 559: 92/400
Job 559: 93/400
Job 559: 94/400
Job 559: 95/400
Job 559: 96/400
Job 559: 97/400
Job 559: 98/400
Job 559: 99/400
Job 559: 100/400
Job 559: 101/400
Job 559: 102/400
Job 559: 103/400
Job 559: 104/400
Job 559: 105/400
Job 559: 106/400
Job 559: 107/400
Job 559: 108/400
Job 559: 109/400
Job 559: 110/400
Job 559: 111/400
Job 559: 112/400
Job 559: 113/400
Job 559: 114/400
Job 559: 115/400
Job 559: 116/400
Job 559: 117/400
Job 559: 118/400
Job 559: 119/400
Job 559: 120/400
Job 559: 121/400
Job 559: 122/400
Job 559: 123/400
Job 559: 124/400
Job 559: 125/400
Job 559: 126/400
Job 559: 127/400
Job 559: 128/400
Job 559: 129/400
Job 559: 130/400
Job 559: 131/400
Job 559: 132/400
Job 559: 133/400
Job 559: 134/400
Job 559: 135/400
Job 559: 136/400
Job 559: 137/400
Job 559: 138/400
Job 559: 139/400
Job 559: 140/400
Job 559: 141/400
Job 559: 142/400
Job 559: 143/400
Job 559: 144/400
Job 559: 145/400
Job 559: 146/400
Job 559: 147/400
Job 559: 148/400
Job 559: 149/400
Job 559: 150/400
Job 559: 151/400
Job 559: 152/400
Job 559: 153/400
Job 559: 154/400
Job 559: 155/400
Job 559: 156/400
Job 559: 157/400
Job 559: 158/400
Job 559: 159/400
Job 559: 160/400
Job 559: 161/400
Job 559: 162/400
Job 559: 163/400
Job 559: 164/400
Job 559: 165/400
Job 559: 166/400
Job 559: 167/400
Job 559: 168/400
Job 559: 169/400
Job 559: 170/400
Job 559: 171/400
Job 559: 172/400
Job 559: 173/400
Job 559: 174/400
Job 559: 175/400
Job 559: 176/400
Job 559: 177/400
Job 559: 178/400
Job 559: 179/400
Job 559: 180/400
Job 559: 181/400
Job 559: 182/400
Job 559: 183/400
Job 559: 184/400
Job 559: 185/400
Job 559: 186/400
Job 559: 187/400
Job 559: 188/400
Job 559: 189/400
Job 559: 190/400
Job 559: 191/400
Job 559: 192/400
Job 559: 193/400
Job 559: 194/400
Job 559: 195/400
Job 559: 196/400
Job 559: 197/400
Job 559: 198/400
Job 559: 199/400
Job 559: 200/400
Job 559: 201/400
Job 559: 202/400
Job 559: 203/400
Job 559: 204/400
Job 559: 205/400
Job 559: 206/400
Job 559: 207/400
Job 559: 208/400
Job 559: 209/400
Job 559: 210/400
Job 559: 211/400
Job 559: 212/400
Job 559: 213/400
Job 559: 214/400
Job 559: 215/400
Job 559: 216/400
Job 559: 217/400
Job 559: 218/400
Job 559: 219/400
Job 559: 220/400
Job 559: 221/400
Job 559: 222/400
Job 559: 223/400
Job 559: 224/400
Job 559: 225/400
Job 559: 226/400
Job 559: 227/400
Job 559: 228/400
Job 559: 229/400
Job 559: 230/400
Job 559: 231/400
Job 559: 232/400
Job 559: 233/400
Job 559: 234/400
Job 559: 235/400
Job 559: 236/400
Job 559: 237/400
Job 559: 238/400
Job 559: 239/400
Job 559: 240/400
Job 559: 241/400
Job 559: 242/400
Job 559: 243/400
Job 559: 244/400
Job 559: 245/400
Job 559: 246/400
Job 559: 247/400
Job 559: 248/400
Job 559: 249/400
Job 559: 250/400
Job 559: 251/400
Job 559: 252/400
Job 559: 253/400
Job 559: 254/400
Job 559: 255/400
Job 559: 256/400
Job 559: 257/400
Job 559: 258/400
Job 559: 259/400
Job 559: 260/400
Job 559: 261/400
Job 559: 262/400
Job 559: 263/400
Job 559: 264/400
Job 559: 265/400
Job 559: 266/400
Job 559: 267/400
Job 559: 268/400
Job 559: 269/400
Job 559: 270/400
Job 559: 271/400
Job 559: 272/400
Job 559: 273/400
Job 559: 274/400
Job 559: 275/400
Job 559: 276/400
Job 559: 277/400
Job 559: 278/400
Job 559: 279/400
Job 559: 280/400
Job 559: 281/400
Job 559: 282/400
Job 559: 283/400
Job 559: 284/400
Job 559: 285/400
Job 559: 286/400
Job 559: 287/400
Job 559: 288/400
Job 559: 289/400
Job 559: 290/400
Job 559: 291/400
Job 559: 292/400
Job 559: 293/400
Job 559: 294/400
Job 559: 295/400
Job 559: 296/400
Job 559: 297/400
Job 559: 298/400
Job 559: 299/400
Job 559: 300/400
Job 559: 301/400
Job 559: 302/400
Job 559: 303/400
Job 559: 304/400
Job 559: 305/400
Job 559: 306/400
Job 559: 307/400
Job 559: 308/400
Job 559: 309/400
Job 559: 310/400
Job 559: 311/400
Job 559: 312/400
Job 559: 313/400
Job 559: 314/400
Job 559: 315/400
Job 559: 316/400
Job 559: 317/400
Job 559: 318/400
Job 559: 319/400
Job 559: 320/400
Job 559: 321/400
Job 559: 322/400
Job 559: 323/400
Job 559: 324/400
Job 559: 325/400
Job 559: 326/400
Job 559: 327/400
Job 559: 328/400
Job 559: 329/400
Job 559: 330/400
Job 559: 331/400
Job 559: 332/400
Job 559: 333/400
Job 559: 334/400
Job 559: 335/400
Job 559: 336/400
Job 559: 337/400
Job 559: 338/400
Job 559: 339/400
Job 559: 340/400
Job 559: 341/400
Job 559: 342/400
Job 559: 343/400
Job 559: 344/400
Job 559: 345/400
Job 559: 346/400
Job 559: 347/400
Job 559: 348/400
Job 559: 349/400
Job 559: 350/400
Job 559: 351/400
Job 559: 352/400
Job 559: 353/400
Job 559: 354/400
Job 559: 355/400
Job 559: 356/400
Job 559: 357/400
Job 559: 358/400
Job 559: 359/400
Job 559: 360/400
Job 559: 361/400
Job 559: 362/400
Job 559: 363/400
Job 559: 364/400
Job 559: 365/400
Job 559: 366/400
Job 559: 367/400
Job 559: 368/400
Job 559: 369/400
Job 559: 370/400
Job 559: 371/400
Job 559: 372/400
Job 559: 373/400
Job 559: 374/400
Job 559: 375/400
Job 559: 376/400
Job 559: 377/400
Job 559: 378/400
Job 559: 379/400
Job 559: 380/400
Job 559: 381/400
Job 559: 382/400
Job 559: 383/400
Job 559: 384/400
Job 559: 385/400
Job 559: 386/400
Job 559: 387/400
Job 559: 388/400
Job 559: 389/400
Job 559: 390/400
Job 559: 391/400
Job 559: 392/400
Job 559: 393/400
Job 559: 394/400
Job 559: 395/400
Job 559: 396/400
Job 559: 397/400
Job 559: 398/400
Job 559: 399/400
Job 559: 400/400
