Registered S3 methods overwritten by 'susieSlide':
  method              from  
  coef.susie          susieR
  predict.susie       susieR
  print.summary.susie susieR
  summary.susie       susieR
Job 221: 1/400
Job 221: 2/400
Job 221: 3/400
Job 221: 4/400
Job 221: 5/400
Job 221: 6/400
Job 221: 7/400
Job 221: 8/400
Job 221: 9/400
Job 221: 10/400
Job 221: 11/400
Job 221: 12/400
Job 221: 13/400
Job 221: 14/400
Job 221: 15/400
Job 221: 16/400
Job 221: 17/400
Job 221: 18/400
Job 221: 19/400
Job 221: 20/400
Job 221: 21/400
Job 221: 22/400
Job 221: 23/400
Job 221: 24/400
Job 221: 25/400
Job 221: 26/400
Job 221: 27/400
Job 221: 28/400
Job 221: 29/400
Job 221: 30/400
Job 221: 31/400
Job 221: 32/400
Job 221: 33/400
Job 221: 34/400
Job 221: 35/400
Job 221: 36/400
Job 221: 37/400
Job 221: 38/400
Job 221: 39/400
Job 221: 40/400
Job 221: 41/400
Job 221: 42/400
Job 221: 43/400
Job 221: 44/400
Job 221: 45/400
Job 221: 46/400
Job 221: 47/400
Job 221: 48/400
Job 221: 49/400
Job 221: 50/400
Job 221: 51/400
Job 221: 52/400
Job 221: 53/400
Job 221: 54/400
Job 221: 55/400
Job 221: 56/400
Job 221: 57/400
Job 221: 58/400
Job 221: 59/400
Job 221: 60/400
Job 221: 61/400
Job 221: 62/400
Job 221: 63/400
Job 221: 64/400
Job 221: 65/400
Job 221: 66/400
Job 221: 67/400
Job 221: 68/400
Job 221: 69/400
Job 221: 70/400
Job 221: 71/400
Job 221: 72/400
Job 221: 73/400
Job 221: 74/400
Job 221: 75/400
Job 221: 76/400
Job 221: 77/400
Job 221: 78/400
Job 221: 79/400
Job 221: 80/400
Job 221: 81/400
Job 221: 82/400
Job 221: 83/400
Job 221: 84/400
Job 221: 85/400
Job 221: 86/400
Job 221: 87/400
Job 221: 88/400
Job 221: 89/400
Job 221: 90/400
Job 221: 91/400
Job 221: 92/400
Job 221: 93/400
Job 221: 94/400
Job 221: 95/400
Job 221: 96/400
Job 221: 97/400
Job 221: 98/400
Job 221: 99/400
Job 221: 100/400
Job 221: 101/400
Job 221: 102/400
Job 221: 103/400
Job 221: 104/400
Job 221: 105/400
Job 221: 106/400
Job 221: 107/400
Job 221: 108/400
Job 221: 109/400
Job 221: 110/400
Job 221: 111/400
Job 221: 112/400
Job 221: 113/400
Job 221: 114/400
Job 221: 115/400
Job 221: 116/400
Job 221: 117/400
Job 221: 118/400
Job 221: 119/400
Job 221: 120/400
Job 221: 121/400
Job 221: 122/400
Job 221: 123/400
Job 221: 124/400
Job 221: 125/400
Job 221: 126/400
Job 221: 127/400
Job 221: 128/400
Job 221: 129/400
Job 221: 130/400
Job 221: 131/400
Job 221: 132/400
Job 221: 133/400
Job 221: 134/400
Job 221: 135/400
Job 221: 136/400
Job 221: 137/400
Job 221: 138/400
Job 221: 139/400
Job 221: 140/400
Job 221: 141/400
Job 221: 142/400
Job 221: 143/400
Job 221: 144/400
Job 221: 145/400
Job 221: 146/400
Job 221: 147/400
Job 221: 148/400
Job 221: 149/400
Job 221: 150/400
Job 221: 151/400
Job 221: 152/400
Job 221: 153/400
Job 221: 154/400
Job 221: 155/400
Job 221: 156/400
Job 221: 157/400
Job 221: 158/400
Job 221: 159/400
Job 221: 160/400
Job 221: 161/400
Job 221: 162/400
Job 221: 163/400
Job 221: 164/400
Job 221: 165/400
Job 221: 166/400
Job 221: 167/400
Job 221: 168/400
Job 221: 169/400
Job 221: 170/400
Job 221: 171/400
Job 221: 172/400
Job 221: 173/400
Job 221: 174/400
Job 221: 175/400
Job 221: 176/400
Job 221: 177/400
Job 221: 178/400
Job 221: 179/400
Job 221: 180/400
Job 221: 181/400
Job 221: 182/400
Job 221: 183/400
Job 221: 184/400
Job 221: 185/400
Job 221: 186/400
Job 221: 187/400
Job 221: 188/400
Job 221: 189/400
Job 221: 190/400
Job 221: 191/400
Job 221: 192/400
Job 221: 193/400
Job 221: 194/400
Job 221: 195/400
Job 221: 196/400
Job 221: 197/400
Job 221: 198/400
Job 221: 199/400
Job 221: 200/400
Job 221: 201/400
Job 221: 202/400
Job 221: 203/400
Job 221: 204/400
Job 221: 205/400
Job 221: 206/400
Job 221: 207/400
Job 221: 208/400
Job 221: 209/400
Job 221: 210/400
Job 221: 211/400
Job 221: 212/400
Job 221: 213/400
Job 221: 214/400
Job 221: 215/400
Job 221: 216/400
Job 221: 217/400
Job 221: 218/400
Job 221: 219/400
Job 221: 220/400
Job 221: 221/400
Job 221: 222/400
Job 221: 223/400
Job 221: 224/400
Job 221: 225/400
Job 221: 226/400
Job 221: 227/400
Job 221: 228/400
Job 221: 229/400
Job 221: 230/400
Job 221: 231/400
Job 221: 232/400
Job 221: 233/400
Job 221: 234/400
Job 221: 235/400
Job 221: 236/400
Job 221: 237/400
Job 221: 238/400
Job 221: 239/400
Job 221: 240/400
Job 221: 241/400
Job 221: 242/400
Job 221: 243/400
Job 221: 244/400
Job 221: 245/400
Job 221: 246/400
Job 221: 247/400
Job 221: 248/400
Job 221: 249/400
Job 221: 250/400
Job 221: 251/400
Job 221: 252/400
Job 221: 253/400
Job 221: 254/400
Job 221: 255/400
Job 221: 256/400
Job 221: 257/400
Job 221: 258/400
Job 221: 259/400
Job 221: 260/400
Job 221: 261/400
Job 221: 262/400
Job 221: 263/400
Job 221: 264/400
Job 221: 265/400
Job 221: 266/400
Job 221: 267/400
Job 221: 268/400
Job 221: 269/400
Job 221: 270/400
Job 221: 271/400
Job 221: 272/400
Job 221: 273/400
Job 221: 274/400
Job 221: 275/400
Job 221: 276/400
Job 221: 277/400
Job 221: 278/400
Job 221: 279/400
Job 221: 280/400
Job 221: 281/400
Job 221: 282/400
Job 221: 283/400
Job 221: 284/400
Job 221: 285/400
Job 221: 286/400
Job 221: 287/400
Job 221: 288/400
Job 221: 289/400
Job 221: 290/400
Job 221: 291/400
Job 221: 292/400
Job 221: 293/400
Job 221: 294/400
Job 221: 295/400
Job 221: 296/400
Job 221: 297/400
Job 221: 298/400
Job 221: 299/400
Job 221: 300/400
Job 221: 301/400
Job 221: 302/400
Job 221: 303/400
Job 221: 304/400
Job 221: 305/400
Job 221: 306/400
Job 221: 307/400
Job 221: 308/400
Job 221: 309/400
Job 221: 310/400
Job 221: 311/400
Job 221: 312/400
Job 221: 313/400
Job 221: 314/400
Job 221: 315/400
Job 221: 316/400
Job 221: 317/400
Job 221: 318/400
Job 221: 319/400
Job 221: 320/400
Job 221: 321/400
Job 221: 322/400
Job 221: 323/400
Job 221: 324/400
Job 221: 325/400
Job 221: 326/400
Job 221: 327/400
Job 221: 328/400
Job 221: 329/400
Job 221: 330/400
Job 221: 331/400
Job 221: 332/400
Job 221: 333/400
Job 221: 334/400
Job 221: 335/400
Job 221: 336/400
Job 221: 337/400
Job 221: 338/400
Job 221: 339/400
Job 221: 340/400
Job 221: 341/400
Job 221: 342/400
Job 221: 343/400
Job 221: 344/400
Job 221: 345/400
Job 221: 346/400
Job 221: 347/400
Job 221: 348/400
Job 221: 349/400
Job 221: 350/400
Job 221: 351/400
Job 221: 352/400
Job 221: 353/400
Job 221: 354/400
Job 221: 355/400
Job 221: 356/400
Job 221: 357/400
Job 221: 358/400
Job 221: 359/400
Job 221: 360/400
Job 221: 361/400
Job 221: 362/400
Job 221: 363/400
Job 221: 364/400
Job 221: 365/400
Job 221: 366/400
Job 221: 367/400
Job 221: 368/400
Job 221: 369/400
Job 221: 370/400
Job 221: 371/400
Job 221: 372/400
Job 221: 373/400
Job 221: 374/400
Job 221: 375/400
Job 221: 376/400
Job 221: 377/400
Job 221: 378/400
Job 221: 379/400
Job 221: 380/400
Job 221: 381/400
Job 221: 382/400
Job 221: 383/400
Job 221: 384/400
Job 221: 385/400
Job 221: 386/400
Job 221: 387/400
Job 221: 388/400
Job 221: 389/400
Job 221: 390/400
Job 221: 391/400
Job 221: 392/400
Job 221: 393/400
Job 221: 394/400
Job 221: 395/400
Job 221: 396/400
Job 221: 397/400
Job 221: 398/400
Job 221: 399/400
Job 221: 400/400
