Registered S3 methods overwritten by 'susieSlide':
  method              from  
  coef.susie          susieR
  predict.susie       susieR
  print.summary.susie susieR
  summary.susie       susieR
Job 12: 1/400
Job 12: 2/400
Job 12: 3/400
Job 12: 4/400
Job 12: 5/400
Job 12: 6/400
Job 12: 7/400
Job 12: 8/400
Job 12: 9/400
Job 12: 10/400
Job 12: 11/400
Job 12: 12/400
Job 12: 13/400
Job 12: 14/400
Job 12: 15/400
Job 12: 16/400
Job 12: 17/400
Job 12: 18/400
Job 12: 19/400
Job 12: 20/400
Job 12: 21/400
Job 12: 22/400
Job 12: 23/400
Job 12: 24/400
Job 12: 25/400
Job 12: 26/400
Job 12: 27/400
Job 12: 28/400
Job 12: 29/400
Job 12: 30/400
Job 12: 31/400
Job 12: 32/400
Job 12: 33/400
Job 12: 34/400
Job 12: 35/400
Job 12: 36/400
Job 12: 37/400
Job 12: 38/400
Job 12: 39/400
Job 12: 40/400
Job 12: 41/400
Job 12: 42/400
Job 12: 43/400
Job 12: 44/400
Job 12: 45/400
Job 12: 46/400
Job 12: 47/400
Job 12: 48/400
Job 12: 49/400
Job 12: 50/400
Job 12: 51/400
Job 12: 52/400
Job 12: 53/400
Job 12: 54/400
Job 12: 55/400
Job 12: 56/400
Job 12: 57/400
Job 12: 58/400
Job 12: 59/400
Job 12: 60/400
Job 12: 61/400
Job 12: 62/400
Job 12: 63/400
Job 12: 64/400
Job 12: 65/400
Job 12: 66/400
Job 12: 67/400
Job 12: 68/400
Job 12: 69/400
Job 12: 70/400
Job 12: 71/400
Job 12: 72/400
Job 12: 73/400
Job 12: 74/400
Job 12: 75/400
Job 12: 76/400
Job 12: 77/400
Job 12: 78/400
Job 12: 79/400
Job 12: 80/400
Job 12: 81/400
Job 12: 82/400
Job 12: 83/400
Job 12: 84/400
Job 12: 85/400
Job 12: 86/400
Job 12: 87/400
Job 12: 88/400
Job 12: 89/400
Job 12: 90/400
Job 12: 91/400
Job 12: 92/400
Job 12: 93/400
Job 12: 94/400
Job 12: 95/400
Job 12: 96/400
Job 12: 97/400
Job 12: 98/400
Job 12: 99/400
Job 12: 100/400
Job 12: 101/400
Job 12: 102/400
Job 12: 103/400
Job 12: 104/400
Job 12: 105/400
Job 12: 106/400
Job 12: 107/400
Job 12: 108/400
Job 12: 109/400
Job 12: 110/400
Job 12: 111/400
Job 12: 112/400
Job 12: 113/400
Job 12: 114/400
Job 12: 115/400
Job 12: 116/400
Job 12: 117/400
Job 12: 118/400
Job 12: 119/400
Job 12: 120/400
Job 12: 121/400
Job 12: 122/400
Job 12: 123/400
Job 12: 124/400
Job 12: 125/400
Job 12: 126/400
Job 12: 127/400
Job 12: 128/400
Job 12: 129/400
Job 12: 130/400
Job 12: 131/400
Job 12: 132/400
Job 12: 133/400
Job 12: 134/400
Job 12: 135/400
Job 12: 136/400
Job 12: 137/400
Job 12: 138/400
Job 12: 139/400
Job 12: 140/400
Job 12: 141/400
Job 12: 142/400
Job 12: 143/400
Job 12: 144/400
Job 12: 145/400
Job 12: 146/400
Job 12: 147/400
Job 12: 148/400
Job 12: 149/400
Job 12: 150/400
Job 12: 151/400
Job 12: 152/400
Job 12: 153/400
Job 12: 154/400
Job 12: 155/400
Job 12: 156/400
Job 12: 157/400
Job 12: 158/400
Job 12: 159/400
Job 12: 160/400
Job 12: 161/400
Job 12: 162/400
Job 12: 163/400
Job 12: 164/400
Job 12: 165/400
Job 12: 166/400
Job 12: 167/400
Job 12: 168/400
Job 12: 169/400
Job 12: 170/400
Job 12: 171/400
Job 12: 172/400
Job 12: 173/400
Job 12: 174/400
Job 12: 175/400
Job 12: 176/400
Job 12: 177/400
Job 12: 178/400
Job 12: 179/400
Job 12: 180/400
Job 12: 181/400
Job 12: 182/400
Job 12: 183/400
Job 12: 184/400
Job 12: 185/400
Job 12: 186/400
Job 12: 187/400
Job 12: 188/400
Job 12: 189/400
Job 12: 190/400
Job 12: 191/400
Job 12: 192/400
Job 12: 193/400
Job 12: 194/400
Job 12: 195/400
Job 12: 196/400
Job 12: 197/400
Job 12: 198/400
Job 12: 199/400
Job 12: 200/400
Job 12: 201/400
Job 12: 202/400
Job 12: 203/400
Job 12: 204/400
Job 12: 205/400
Job 12: 206/400
Job 12: 207/400
Job 12: 208/400
Job 12: 209/400
Job 12: 210/400
Job 12: 211/400
Job 12: 212/400
Job 12: 213/400
Job 12: 214/400
Job 12: 215/400
Job 12: 216/400
Job 12: 217/400
Job 12: 218/400
Job 12: 219/400
Job 12: 220/400
Job 12: 221/400
Job 12: 222/400
Job 12: 223/400
Job 12: 224/400
Job 12: 225/400
Job 12: 226/400
Job 12: 227/400
Job 12: 228/400
Job 12: 229/400
Job 12: 230/400
Job 12: 231/400
Job 12: 232/400
Job 12: 233/400
Job 12: 234/400
Job 12: 235/400
Job 12: 236/400
Job 12: 237/400
Job 12: 238/400
Job 12: 239/400
Job 12: 240/400
Job 12: 241/400
Job 12: 242/400
Job 12: 243/400
Job 12: 244/400
Job 12: 245/400
Job 12: 246/400
Job 12: 247/400
Job 12: 248/400
Job 12: 249/400
Job 12: 250/400
Job 12: 251/400
Job 12: 252/400
Job 12: 253/400
Job 12: 254/400
Job 12: 255/400
Job 12: 256/400
Job 12: 257/400
Job 12: 258/400
Job 12: 259/400
Job 12: 260/400
Job 12: 261/400
Job 12: 262/400
Job 12: 263/400
Job 12: 264/400
Job 12: 265/400
Job 12: 266/400
Job 12: 267/400
Job 12: 268/400
Job 12: 269/400
Job 12: 270/400
Job 12: 271/400
Job 12: 272/400
Job 12: 273/400
Job 12: 274/400
Job 12: 275/400
Job 12: 276/400
Job 12: 277/400
Job 12: 278/400
Job 12: 279/400
Job 12: 280/400
Job 12: 281/400
Job 12: 282/400
Job 12: 283/400
Job 12: 284/400
Job 12: 285/400
Job 12: 286/400
Job 12: 287/400
Job 12: 288/400
Job 12: 289/400
Job 12: 290/400
Job 12: 291/400
Job 12: 292/400
Job 12: 293/400
Job 12: 294/400
Job 12: 295/400
Job 12: 296/400
Job 12: 297/400
Job 12: 298/400
Job 12: 299/400
Job 12: 300/400
Job 12: 301/400
Job 12: 302/400
Job 12: 303/400
Job 12: 304/400
Job 12: 305/400
Job 12: 306/400
Job 12: 307/400
Job 12: 308/400
Job 12: 309/400
Job 12: 310/400
Job 12: 311/400
Job 12: 312/400
Job 12: 313/400
Job 12: 314/400
Job 12: 315/400
Job 12: 316/400
Job 12: 317/400
Job 12: 318/400
Job 12: 319/400
Job 12: 320/400
Job 12: 321/400
Job 12: 322/400
Job 12: 323/400
Job 12: 324/400
Job 12: 325/400
Job 12: 326/400
Job 12: 327/400
Job 12: 328/400
Job 12: 329/400
Job 12: 330/400
Job 12: 331/400
Job 12: 332/400
Job 12: 333/400
Job 12: 334/400
Job 12: 335/400
Job 12: 336/400
Job 12: 337/400
Job 12: 338/400
Job 12: 339/400
Job 12: 340/400
Job 12: 341/400
Job 12: 342/400
Job 12: 343/400
Job 12: 344/400
Job 12: 345/400
Job 12: 346/400
Job 12: 347/400
Job 12: 348/400
Job 12: 349/400
Job 12: 350/400
Job 12: 351/400
Job 12: 352/400
Job 12: 353/400
Job 12: 354/400
Job 12: 355/400
Job 12: 356/400
Job 12: 357/400
Job 12: 358/400
Job 12: 359/400
Job 12: 360/400
Job 12: 361/400
Job 12: 362/400
Job 12: 363/400
Job 12: 364/400
Job 12: 365/400
Job 12: 366/400
Job 12: 367/400
Job 12: 368/400
Job 12: 369/400
Job 12: 370/400
Job 12: 371/400
Job 12: 372/400
Job 12: 373/400
Job 12: 374/400
Job 12: 375/400
Job 12: 376/400
Job 12: 377/400
Job 12: 378/400
Job 12: 379/400
Job 12: 380/400
Job 12: 381/400
Job 12: 382/400
Job 12: 383/400
Job 12: 384/400
Job 12: 385/400
Job 12: 386/400
Job 12: 387/400
Job 12: 388/400
Job 12: 389/400
Job 12: 390/400
Job 12: 391/400
Job 12: 392/400
Job 12: 393/400
Job 12: 394/400
Job 12: 395/400
Job 12: 396/400
Job 12: 397/400
Job 12: 398/400
Job 12: 399/400
Job 12: 400/400
