Registered S3 methods overwritten by 'susieSlide':
  method              from  
  coef.susie          susieR
  predict.susie       susieR
  print.summary.susie susieR
  summary.susie       susieR
Job 451: 1/400
Job 451: 2/400
Job 451: 3/400
Job 451: 4/400
Job 451: 5/400
Job 451: 6/400
Job 451: 7/400
Job 451: 8/400
Job 451: 9/400
Job 451: 10/400
Job 451: 11/400
Job 451: 12/400
Job 451: 13/400
Job 451: 14/400
Job 451: 15/400
Job 451: 16/400
Job 451: 17/400
Job 451: 18/400
Job 451: 19/400
Job 451: 20/400
Job 451: 21/400
Job 451: 22/400
Job 451: 23/400
Job 451: 24/400
Job 451: 25/400
Job 451: 26/400
Job 451: 27/400
Job 451: 28/400
Job 451: 29/400
Job 451: 30/400
Job 451: 31/400
Job 451: 32/400
Job 451: 33/400
Job 451: 34/400
Job 451: 35/400
Job 451: 36/400
Job 451: 37/400
Job 451: 38/400
Job 451: 39/400
Job 451: 40/400
Job 451: 41/400
Job 451: 42/400
Job 451: 43/400
Job 451: 44/400
Job 451: 45/400
Job 451: 46/400
Job 451: 47/400
Job 451: 48/400
Job 451: 49/400
Job 451: 50/400
Job 451: 51/400
Job 451: 52/400
Job 451: 53/400
Job 451: 54/400
Job 451: 55/400
Job 451: 56/400
Job 451: 57/400
Job 451: 58/400
Job 451: 59/400
Job 451: 60/400
Job 451: 61/400
Job 451: 62/400
Job 451: 63/400
Job 451: 64/400
Job 451: 65/400
Job 451: 66/400
Job 451: 67/400
Job 451: 68/400
Job 451: 69/400
Job 451: 70/400
Job 451: 71/400
Job 451: 72/400
Job 451: 73/400
Job 451: 74/400
Job 451: 75/400
Job 451: 76/400
Job 451: 77/400
Job 451: 78/400
Job 451: 79/400
Job 451: 80/400
Job 451: 81/400
Job 451: 82/400
Job 451: 83/400
Job 451: 84/400
Job 451: 85/400
Job 451: 86/400
Job 451: 87/400
Job 451: 88/400
Job 451: 89/400
Job 451: 90/400
Job 451: 91/400
Job 451: 92/400
Job 451: 93/400
Job 451: 94/400
Job 451: 95/400
Job 451: 96/400
Job 451: 97/400
Job 451: 98/400
Job 451: 99/400
Job 451: 100/400
Job 451: 101/400
Job 451: 102/400
Job 451: 103/400
Job 451: 104/400
Job 451: 105/400
Job 451: 106/400
Job 451: 107/400
Job 451: 108/400
Job 451: 109/400
Job 451: 110/400
Job 451: 111/400
Job 451: 112/400
Job 451: 113/400
Job 451: 114/400
Job 451: 115/400
Job 451: 116/400
Job 451: 117/400
Job 451: 118/400
Job 451: 119/400
Job 451: 120/400
Job 451: 121/400
Job 451: 122/400
Job 451: 123/400
Job 451: 124/400
Job 451: 125/400
Job 451: 126/400
Job 451: 127/400
Job 451: 128/400
Job 451: 129/400
Job 451: 130/400
Job 451: 131/400
Job 451: 132/400
Job 451: 133/400
Job 451: 134/400
Job 451: 135/400
Job 451: 136/400
Job 451: 137/400
Job 451: 138/400
Job 451: 139/400
Job 451: 140/400
Job 451: 141/400
Job 451: 142/400
Job 451: 143/400
Job 451: 144/400
Job 451: 145/400
Job 451: 146/400
Job 451: 147/400
Job 451: 148/400
Job 451: 149/400
Job 451: 150/400
Job 451: 151/400
Job 451: 152/400
Job 451: 153/400
Job 451: 154/400
Job 451: 155/400
Job 451: 156/400
Job 451: 157/400
Job 451: 158/400
Job 451: 159/400
Job 451: 160/400
Job 451: 161/400
Job 451: 162/400
Job 451: 163/400
Job 451: 164/400
Job 451: 165/400
Job 451: 166/400
Job 451: 167/400
Job 451: 168/400
Job 451: 169/400
Job 451: 170/400
Job 451: 171/400
Job 451: 172/400
Job 451: 173/400
Job 451: 174/400
Job 451: 175/400
Job 451: 176/400
Job 451: 177/400
Job 451: 178/400
Job 451: 179/400
Job 451: 180/400
Job 451: 181/400
Job 451: 182/400
Job 451: 183/400
Job 451: 184/400
Job 451: 185/400
Job 451: 186/400
Job 451: 187/400
Job 451: 188/400
Job 451: 189/400
Job 451: 190/400
Job 451: 191/400
Job 451: 192/400
Job 451: 193/400
Job 451: 194/400
Job 451: 195/400
Job 451: 196/400
Job 451: 197/400
Job 451: 198/400
Job 451: 199/400
Job 451: 200/400
Job 451: 201/400
Job 451: 202/400
Job 451: 203/400
Job 451: 204/400
Job 451: 205/400
Job 451: 206/400
Job 451: 207/400
Job 451: 208/400
Job 451: 209/400
Job 451: 210/400
Job 451: 211/400
Job 451: 212/400
Job 451: 213/400
Job 451: 214/400
Job 451: 215/400
Job 451: 216/400
Job 451: 217/400
Job 451: 218/400
Job 451: 219/400
Job 451: 220/400
Job 451: 221/400
Job 451: 222/400
Job 451: 223/400
Job 451: 224/400
Job 451: 225/400
Job 451: 226/400
Job 451: 227/400
Job 451: 228/400
Job 451: 229/400
Job 451: 230/400
Job 451: 231/400
Job 451: 232/400
Job 451: 233/400
Job 451: 234/400
Job 451: 235/400
Job 451: 236/400
Job 451: 237/400
Job 451: 238/400
Job 451: 239/400
Job 451: 240/400
Job 451: 241/400
Job 451: 242/400
Job 451: 243/400
Job 451: 244/400
Job 451: 245/400
Job 451: 246/400
Job 451: 247/400
Job 451: 248/400
Job 451: 249/400
Job 451: 250/400
Job 451: 251/400
Job 451: 252/400
Job 451: 253/400
Job 451: 254/400
Job 451: 255/400
Job 451: 256/400
Job 451: 257/400
Job 451: 258/400
Job 451: 259/400
Job 451: 260/400
Job 451: 261/400
Job 451: 262/400
Job 451: 263/400
Job 451: 264/400
Job 451: 265/400
Job 451: 266/400
Job 451: 267/400
Job 451: 268/400
Job 451: 269/400
Job 451: 270/400
Job 451: 271/400
Job 451: 272/400
Job 451: 273/400
Job 451: 274/400
Job 451: 275/400
Job 451: 276/400
Job 451: 277/400
Job 451: 278/400
Job 451: 279/400
Job 451: 280/400
Job 451: 281/400
Job 451: 282/400
Job 451: 283/400
Job 451: 284/400
Job 451: 285/400
Job 451: 286/400
Job 451: 287/400
Job 451: 288/400
Job 451: 289/400
Job 451: 290/400
Job 451: 291/400
Job 451: 292/400
Job 451: 293/400
Job 451: 294/400
Job 451: 295/400
Job 451: 296/400
Job 451: 297/400
Job 451: 298/400
Job 451: 299/400
Job 451: 300/400
Job 451: 301/400
Job 451: 302/400
Job 451: 303/400
Job 451: 304/400
Job 451: 305/400
Job 451: 306/400
Job 451: 307/400
Job 451: 308/400
Job 451: 309/400
Job 451: 310/400
Job 451: 311/400
Job 451: 312/400
Job 451: 313/400
Job 451: 314/400
Job 451: 315/400
Job 451: 316/400
Job 451: 317/400
Job 451: 318/400
Job 451: 319/400
Job 451: 320/400
Job 451: 321/400
Job 451: 322/400
Job 451: 323/400
Job 451: 324/400
Job 451: 325/400
Job 451: 326/400
Job 451: 327/400
Job 451: 328/400
Job 451: 329/400
Job 451: 330/400
Job 451: 331/400
Job 451: 332/400
Job 451: 333/400
Job 451: 334/400
Job 451: 335/400
Job 451: 336/400
Job 451: 337/400
Job 451: 338/400
Job 451: 339/400
Job 451: 340/400
Job 451: 341/400
Job 451: 342/400
Job 451: 343/400
Job 451: 344/400
Job 451: 345/400
Job 451: 346/400
Job 451: 347/400
Job 451: 348/400
Job 451: 349/400
Job 451: 350/400
Job 451: 351/400
Job 451: 352/400
Job 451: 353/400
Job 451: 354/400
Job 451: 355/400
Job 451: 356/400
Job 451: 357/400
Job 451: 358/400
Job 451: 359/400
Job 451: 360/400
Job 451: 361/400
Job 451: 362/400
Job 451: 363/400
Job 451: 364/400
Job 451: 365/400
Job 451: 366/400
Job 451: 367/400
Job 451: 368/400
Job 451: 369/400
Job 451: 370/400
Job 451: 371/400
Job 451: 372/400
Job 451: 373/400
Job 451: 374/400
Job 451: 375/400
Job 451: 376/400
Job 451: 377/400
Job 451: 378/400
Job 451: 379/400
Job 451: 380/400
Job 451: 381/400
Job 451: 382/400
Job 451: 383/400
Job 451: 384/400
Job 451: 385/400
Job 451: 386/400
Job 451: 387/400
Job 451: 388/400
Job 451: 389/400
Job 451: 390/400
Job 451: 391/400
Job 451: 392/400
Job 451: 393/400
Job 451: 394/400
Job 451: 395/400
Job 451: 396/400
Job 451: 397/400
Job 451: 398/400
Job 451: 399/400
Job 451: 400/400
