Registered S3 methods overwritten by 'susieSlide':
  method              from  
  coef.susie          susieR
  predict.susie       susieR
  print.summary.susie susieR
  summary.susie       susieR
Job 400: 1/400
Job 400: 2/400
Job 400: 3/400
Job 400: 4/400
Job 400: 5/400
Job 400: 6/400
Job 400: 7/400
Job 400: 8/400
Job 400: 9/400
Job 400: 10/400
Job 400: 11/400
Job 400: 12/400
Job 400: 13/400
Job 400: 14/400
Job 400: 15/400
Job 400: 16/400
Job 400: 17/400
Job 400: 18/400
Job 400: 19/400
Job 400: 20/400
Job 400: 21/400
Job 400: 22/400
Job 400: 23/400
Job 400: 24/400
Job 400: 25/400
Job 400: 26/400
Job 400: 27/400
Job 400: 28/400
Job 400: 29/400
Job 400: 30/400
Job 400: 31/400
Job 400: 32/400
Job 400: 33/400
Job 400: 34/400
Job 400: 35/400
Job 400: 36/400
Job 400: 37/400
Job 400: 38/400
Job 400: 39/400
Job 400: 40/400
Job 400: 41/400
Job 400: 42/400
Job 400: 43/400
Job 400: 44/400
Job 400: 45/400
Job 400: 46/400
Job 400: 47/400
Job 400: 48/400
Job 400: 49/400
Job 400: 50/400
Job 400: 51/400
Job 400: 52/400
Job 400: 53/400
Job 400: 54/400
Job 400: 55/400
Job 400: 56/400
Job 400: 57/400
Job 400: 58/400
Job 400: 59/400
Job 400: 60/400
Job 400: 61/400
Job 400: 62/400
Job 400: 63/400
Job 400: 64/400
Job 400: 65/400
Job 400: 66/400
Job 400: 67/400
Job 400: 68/400
Job 400: 69/400
Job 400: 70/400
Job 400: 71/400
Job 400: 72/400
Job 400: 73/400
Job 400: 74/400
Job 400: 75/400
Job 400: 76/400
Job 400: 77/400
Job 400: 78/400
Job 400: 79/400
Job 400: 80/400
Job 400: 81/400
Job 400: 82/400
Job 400: 83/400
Job 400: 84/400
Job 400: 85/400
Job 400: 86/400
Job 400: 87/400
Job 400: 88/400
Job 400: 89/400
Job 400: 90/400
Job 400: 91/400
Job 400: 92/400
Job 400: 93/400
Job 400: 94/400
Job 400: 95/400
Job 400: 96/400
Job 400: 97/400
Job 400: 98/400
Job 400: 99/400
Job 400: 100/400
Job 400: 101/400
Job 400: 102/400
Job 400: 103/400
Job 400: 104/400
Job 400: 105/400
Job 400: 106/400
Job 400: 107/400
Job 400: 108/400
Job 400: 109/400
Job 400: 110/400
Job 400: 111/400
Job 400: 112/400
Job 400: 113/400
Job 400: 114/400
Job 400: 115/400
Job 400: 116/400
Job 400: 117/400
Job 400: 118/400
Job 400: 119/400
Job 400: 120/400
Job 400: 121/400
Job 400: 122/400
Job 400: 123/400
Job 400: 124/400
Job 400: 125/400
Job 400: 126/400
Job 400: 127/400
Job 400: 128/400
Job 400: 129/400
Job 400: 130/400
Job 400: 131/400
Job 400: 132/400
Job 400: 133/400
Job 400: 134/400
Job 400: 135/400
Job 400: 136/400
Job 400: 137/400
Job 400: 138/400
Job 400: 139/400
Job 400: 140/400
Job 400: 141/400
Job 400: 142/400
Job 400: 143/400
Job 400: 144/400
Job 400: 145/400
Job 400: 146/400
Job 400: 147/400
Job 400: 148/400
Job 400: 149/400
Job 400: 150/400
Job 400: 151/400
Job 400: 152/400
Job 400: 153/400
Job 400: 154/400
Job 400: 155/400
Job 400: 156/400
Job 400: 157/400
Job 400: 158/400
Job 400: 159/400
Job 400: 160/400
Job 400: 161/400
Job 400: 162/400
Job 400: 163/400
Job 400: 164/400
Job 400: 165/400
Job 400: 166/400
Job 400: 167/400
Job 400: 168/400
Job 400: 169/400
Job 400: 170/400
Job 400: 171/400
Job 400: 172/400
Job 400: 173/400
Job 400: 174/400
Job 400: 175/400
Job 400: 176/400
Job 400: 177/400
Job 400: 178/400
Job 400: 179/400
Job 400: 180/400
Job 400: 181/400
Job 400: 182/400
Job 400: 183/400
Job 400: 184/400
Job 400: 185/400
Job 400: 186/400
Job 400: 187/400
Job 400: 188/400
Job 400: 189/400
Job 400: 190/400
Job 400: 191/400
Job 400: 192/400
Job 400: 193/400
Job 400: 194/400
Job 400: 195/400
Job 400: 196/400
Job 400: 197/400
Job 400: 198/400
Job 400: 199/400
Job 400: 200/400
Job 400: 201/400
Job 400: 202/400
Job 400: 203/400
Job 400: 204/400
Job 400: 205/400
Job 400: 206/400
Job 400: 207/400
Job 400: 208/400
Job 400: 209/400
Job 400: 210/400
Job 400: 211/400
Job 400: 212/400
Job 400: 213/400
Job 400: 214/400
Job 400: 215/400
Job 400: 216/400
Job 400: 217/400
Job 400: 218/400
Job 400: 219/400
Job 400: 220/400
Job 400: 221/400
Job 400: 222/400
Job 400: 223/400
Job 400: 224/400
Job 400: 225/400
Job 400: 226/400
Job 400: 227/400
Job 400: 228/400
Job 400: 229/400
Job 400: 230/400
Job 400: 231/400
Job 400: 232/400
Job 400: 233/400
Job 400: 234/400
Job 400: 235/400
Job 400: 236/400
Job 400: 237/400
Job 400: 238/400
Job 400: 239/400
Job 400: 240/400
Job 400: 241/400
Job 400: 242/400
Job 400: 243/400
Job 400: 244/400
Job 400: 245/400
Job 400: 246/400
Job 400: 247/400
Job 400: 248/400
Job 400: 249/400
Job 400: 250/400
Job 400: 251/400
Job 400: 252/400
Job 400: 253/400
Job 400: 254/400
Job 400: 255/400
Job 400: 256/400
Job 400: 257/400
Job 400: 258/400
Job 400: 259/400
Job 400: 260/400
Job 400: 261/400
Job 400: 262/400
Job 400: 263/400
Job 400: 264/400
Job 400: 265/400
Job 400: 266/400
Job 400: 267/400
Job 400: 268/400
Job 400: 269/400
Job 400: 270/400
Job 400: 271/400
Job 400: 272/400
Job 400: 273/400
Job 400: 274/400
Job 400: 275/400
Job 400: 276/400
Job 400: 277/400
Job 400: 278/400
Job 400: 279/400
Job 400: 280/400
Job 400: 281/400
Job 400: 282/400
Job 400: 283/400
Job 400: 284/400
Job 400: 285/400
Job 400: 286/400
Job 400: 287/400
Job 400: 288/400
Job 400: 289/400
Job 400: 290/400
Job 400: 291/400
Job 400: 292/400
Job 400: 293/400
Job 400: 294/400
Job 400: 295/400
Job 400: 296/400
Job 400: 297/400
Job 400: 298/400
Job 400: 299/400
Job 400: 300/400
Job 400: 301/400
Job 400: 302/400
Job 400: 303/400
Job 400: 304/400
Job 400: 305/400
Job 400: 306/400
Job 400: 307/400
Job 400: 308/400
Job 400: 309/400
Job 400: 310/400
Job 400: 311/400
Job 400: 312/400
Job 400: 313/400
Job 400: 314/400
Job 400: 315/400
Job 400: 316/400
Job 400: 317/400
Job 400: 318/400
Job 400: 319/400
Job 400: 320/400
Job 400: 321/400
Job 400: 322/400
Job 400: 323/400
Job 400: 324/400
Job 400: 325/400
Job 400: 326/400
Job 400: 327/400
Job 400: 328/400
Job 400: 329/400
Job 400: 330/400
Job 400: 331/400
Job 400: 332/400
Job 400: 333/400
Job 400: 334/400
Job 400: 335/400
Job 400: 336/400
Job 400: 337/400
Job 400: 338/400
Job 400: 339/400
Job 400: 340/400
Job 400: 341/400
Job 400: 342/400
Job 400: 343/400
Job 400: 344/400
Job 400: 345/400
Job 400: 346/400
Job 400: 347/400
Job 400: 348/400
Job 400: 349/400
Job 400: 350/400
Job 400: 351/400
Job 400: 352/400
Job 400: 353/400
Job 400: 354/400
Job 400: 355/400
Job 400: 356/400
Job 400: 357/400
Job 400: 358/400
Job 400: 359/400
Job 400: 360/400
Job 400: 361/400
Job 400: 362/400
Job 400: 363/400
Job 400: 364/400
Job 400: 365/400
Job 400: 366/400
Job 400: 367/400
Job 400: 368/400
Job 400: 369/400
Job 400: 370/400
Job 400: 371/400
Job 400: 372/400
Job 400: 373/400
Job 400: 374/400
Job 400: 375/400
Job 400: 376/400
Job 400: 377/400
Job 400: 378/400
Job 400: 379/400
Job 400: 380/400
Job 400: 381/400
Job 400: 382/400
Job 400: 383/400
Job 400: 384/400
Job 400: 385/400
Job 400: 386/400
Job 400: 387/400
Job 400: 388/400
Job 400: 389/400
Job 400: 390/400
Job 400: 391/400
Job 400: 392/400
Job 400: 393/400
Job 400: 394/400
Job 400: 395/400
Job 400: 396/400
Job 400: 397/400
Job 400: 398/400
Job 400: 399/400
Job 400: 400/400
