Registered S3 methods overwritten by 'susieSlide':
  method              from  
  coef.susie          susieR
  predict.susie       susieR
  print.summary.susie susieR
  summary.susie       susieR
Job 481: 1/400
Job 481: 2/400
Job 481: 3/400
Job 481: 4/400
Job 481: 5/400
Job 481: 6/400
Job 481: 7/400
Job 481: 8/400
Job 481: 9/400
Job 481: 10/400
Job 481: 11/400
Job 481: 12/400
Job 481: 13/400
Job 481: 14/400
Job 481: 15/400
Job 481: 16/400
Job 481: 17/400
Job 481: 18/400
Job 481: 19/400
Job 481: 20/400
Job 481: 21/400
Job 481: 22/400
Job 481: 23/400
Job 481: 24/400
Job 481: 25/400
Job 481: 26/400
Job 481: 27/400
Job 481: 28/400
Job 481: 29/400
Job 481: 30/400
Job 481: 31/400
Job 481: 32/400
Job 481: 33/400
Job 481: 34/400
Job 481: 35/400
Job 481: 36/400
Job 481: 37/400
Job 481: 38/400
Job 481: 39/400
Job 481: 40/400
Job 481: 41/400
Job 481: 42/400
Job 481: 43/400
Job 481: 44/400
Job 481: 45/400
Job 481: 46/400
Job 481: 47/400
Job 481: 48/400
Job 481: 49/400
Job 481: 50/400
Job 481: 51/400
Job 481: 52/400
Job 481: 53/400
Job 481: 54/400
Job 481: 55/400
Job 481: 56/400
Job 481: 57/400
Job 481: 58/400
Job 481: 59/400
Job 481: 60/400
Job 481: 61/400
Job 481: 62/400
Job 481: 63/400
Job 481: 64/400
Job 481: 65/400
Job 481: 66/400
Job 481: 67/400
Job 481: 68/400
Job 481: 69/400
Job 481: 70/400
Job 481: 71/400
Job 481: 72/400
Job 481: 73/400
Job 481: 74/400
Job 481: 75/400
Job 481: 76/400
Job 481: 77/400
Job 481: 78/400
Job 481: 79/400
Job 481: 80/400
Job 481: 81/400
Job 481: 82/400
Job 481: 83/400
Job 481: 84/400
Job 481: 85/400
Job 481: 86/400
Job 481: 87/400
Job 481: 88/400
Job 481: 89/400
Job 481: 90/400
Job 481: 91/400
Job 481: 92/400
Job 481: 93/400
Job 481: 94/400
Job 481: 95/400
Job 481: 96/400
Job 481: 97/400
Job 481: 98/400
Job 481: 99/400
Job 481: 100/400
Job 481: 101/400
Job 481: 102/400
Job 481: 103/400
Job 481: 104/400
Job 481: 105/400
Job 481: 106/400
Job 481: 107/400
Job 481: 108/400
Job 481: 109/400
Job 481: 110/400
Job 481: 111/400
Job 481: 112/400
Job 481: 113/400
Job 481: 114/400
Job 481: 115/400
Job 481: 116/400
Job 481: 117/400
Job 481: 118/400
Job 481: 119/400
Job 481: 120/400
Job 481: 121/400
Job 481: 122/400
Job 481: 123/400
Job 481: 124/400
Job 481: 125/400
Job 481: 126/400
Job 481: 127/400
Job 481: 128/400
Job 481: 129/400
Job 481: 130/400
Job 481: 131/400
Job 481: 132/400
Job 481: 133/400
Job 481: 134/400
Job 481: 135/400
Job 481: 136/400
Job 481: 137/400
Job 481: 138/400
Job 481: 139/400
Job 481: 140/400
Job 481: 141/400
Job 481: 142/400
Job 481: 143/400
Job 481: 144/400
Job 481: 145/400
Job 481: 146/400
Job 481: 147/400
Job 481: 148/400
Job 481: 149/400
Job 481: 150/400
Job 481: 151/400
Job 481: 152/400
Job 481: 153/400
Job 481: 154/400
Job 481: 155/400
Job 481: 156/400
Job 481: 157/400
Job 481: 158/400
Job 481: 159/400
Job 481: 160/400
Job 481: 161/400
Job 481: 162/400
Job 481: 163/400
Job 481: 164/400
Job 481: 165/400
Job 481: 166/400
Job 481: 167/400
Job 481: 168/400
Job 481: 169/400
Job 481: 170/400
Job 481: 171/400
Job 481: 172/400
Job 481: 173/400
Job 481: 174/400
Job 481: 175/400
Job 481: 176/400
Job 481: 177/400
Job 481: 178/400
Job 481: 179/400
Job 481: 180/400
Job 481: 181/400
Job 481: 182/400
Job 481: 183/400
Job 481: 184/400
Job 481: 185/400
Job 481: 186/400
Job 481: 187/400
Job 481: 188/400
Job 481: 189/400
Job 481: 190/400
Job 481: 191/400
Job 481: 192/400
Job 481: 193/400
Job 481: 194/400
Job 481: 195/400
Job 481: 196/400
Job 481: 197/400
Job 481: 198/400
Job 481: 199/400
Job 481: 200/400
Job 481: 201/400
Job 481: 202/400
Job 481: 203/400
Job 481: 204/400
Job 481: 205/400
Job 481: 206/400
Job 481: 207/400
Job 481: 208/400
Job 481: 209/400
Job 481: 210/400
Job 481: 211/400
Job 481: 212/400
Job 481: 213/400
Job 481: 214/400
Job 481: 215/400
Job 481: 216/400
Job 481: 217/400
Job 481: 218/400
Job 481: 219/400
Job 481: 220/400
Job 481: 221/400
Job 481: 222/400
Job 481: 223/400
Job 481: 224/400
Job 481: 225/400
Job 481: 226/400
Job 481: 227/400
Job 481: 228/400
Job 481: 229/400
Job 481: 230/400
Job 481: 231/400
Job 481: 232/400
Job 481: 233/400
Job 481: 234/400
Job 481: 235/400
Job 481: 236/400
Job 481: 237/400
Job 481: 238/400
Job 481: 239/400
Job 481: 240/400
Job 481: 241/400
Job 481: 242/400
Job 481: 243/400
Job 481: 244/400
Job 481: 245/400
Job 481: 246/400
Job 481: 247/400
Job 481: 248/400
Job 481: 249/400
Job 481: 250/400
Job 481: 251/400
Job 481: 252/400
Job 481: 253/400
Job 481: 254/400
Job 481: 255/400
Job 481: 256/400
Job 481: 257/400
Job 481: 258/400
Job 481: 259/400
Job 481: 260/400
Job 481: 261/400
Job 481: 262/400
Job 481: 263/400
Job 481: 264/400
Job 481: 265/400
Job 481: 266/400
Job 481: 267/400
Job 481: 268/400
Job 481: 269/400
Job 481: 270/400
Job 481: 271/400
Job 481: 272/400
Job 481: 273/400
Job 481: 274/400
Job 481: 275/400
Job 481: 276/400
Job 481: 277/400
Job 481: 278/400
Job 481: 279/400
Job 481: 280/400
Job 481: 281/400
Job 481: 282/400
Job 481: 283/400
Job 481: 284/400
Job 481: 285/400
Job 481: 286/400
Job 481: 287/400
Job 481: 288/400
Job 481: 289/400
Job 481: 290/400
Job 481: 291/400
Job 481: 292/400
Job 481: 293/400
Job 481: 294/400
Job 481: 295/400
Job 481: 296/400
Job 481: 297/400
Job 481: 298/400
Job 481: 299/400
Job 481: 300/400
Job 481: 301/400
Job 481: 302/400
Job 481: 303/400
Job 481: 304/400
Job 481: 305/400
Job 481: 306/400
Job 481: 307/400
Job 481: 308/400
Job 481: 309/400
Job 481: 310/400
Job 481: 311/400
Job 481: 312/400
Job 481: 313/400
Job 481: 314/400
Job 481: 315/400
Job 481: 316/400
Job 481: 317/400
Job 481: 318/400
Job 481: 319/400
Job 481: 320/400
Job 481: 321/400
Job 481: 322/400
Job 481: 323/400
Job 481: 324/400
Job 481: 325/400
Job 481: 326/400
Job 481: 327/400
Job 481: 328/400
Job 481: 329/400
Job 481: 330/400
Job 481: 331/400
Job 481: 332/400
Job 481: 333/400
Job 481: 334/400
Job 481: 335/400
Job 481: 336/400
Job 481: 337/400
Job 481: 338/400
Job 481: 339/400
Job 481: 340/400
Job 481: 341/400
Job 481: 342/400
Job 481: 343/400
Job 481: 344/400
Job 481: 345/400
Job 481: 346/400
Job 481: 347/400
Job 481: 348/400
Job 481: 349/400
Job 481: 350/400
Job 481: 351/400
Job 481: 352/400
Job 481: 353/400
Job 481: 354/400
Job 481: 355/400
Job 481: 356/400
Job 481: 357/400
Job 481: 358/400
Job 481: 359/400
Job 481: 360/400
Job 481: 361/400
Job 481: 362/400
Job 481: 363/400
Job 481: 364/400
Job 481: 365/400
Job 481: 366/400
Job 481: 367/400
Job 481: 368/400
Job 481: 369/400
Job 481: 370/400
Job 481: 371/400
Job 481: 372/400
Job 481: 373/400
Job 481: 374/400
Job 481: 375/400
Job 481: 376/400
Job 481: 377/400
Job 481: 378/400
Job 481: 379/400
Job 481: 380/400
Job 481: 381/400
Job 481: 382/400
Job 481: 383/400
Job 481: 384/400
Job 481: 385/400
Job 481: 386/400
Job 481: 387/400
Job 481: 388/400
Job 481: 389/400
Job 481: 390/400
Job 481: 391/400
Job 481: 392/400
Job 481: 393/400
Job 481: 394/400
Job 481: 395/400
Job 481: 396/400
Job 481: 397/400
Job 481: 398/400
Job 481: 399/400
Job 481: 400/400
