Registered S3 methods overwritten by 'susieSlide':
  method              from  
  coef.susie          susieR
  predict.susie       susieR
  print.summary.susie susieR
  summary.susie       susieR
Job 358: 1/400
Job 358: 2/400
Job 358: 3/400
Job 358: 4/400
Job 358: 5/400
Job 358: 6/400
Job 358: 7/400
Job 358: 8/400
Job 358: 9/400
Job 358: 10/400
Job 358: 11/400
Job 358: 12/400
Job 358: 13/400
Job 358: 14/400
Job 358: 15/400
Job 358: 16/400
Job 358: 17/400
Job 358: 18/400
Job 358: 19/400
Job 358: 20/400
Job 358: 21/400
Job 358: 22/400
Job 358: 23/400
Job 358: 24/400
Job 358: 25/400
Job 358: 26/400
Job 358: 27/400
Job 358: 28/400
Job 358: 29/400
Job 358: 30/400
Job 358: 31/400
Job 358: 32/400
Job 358: 33/400
Job 358: 34/400
Job 358: 35/400
Job 358: 36/400
Job 358: 37/400
Job 358: 38/400
Job 358: 39/400
Job 358: 40/400
Job 358: 41/400
Job 358: 42/400
Job 358: 43/400
Job 358: 44/400
Job 358: 45/400
Job 358: 46/400
Job 358: 47/400
Job 358: 48/400
Job 358: 49/400
Job 358: 50/400
Job 358: 51/400
Job 358: 52/400
Job 358: 53/400
Job 358: 54/400
Job 358: 55/400
Job 358: 56/400
Job 358: 57/400
Job 358: 58/400
Job 358: 59/400
Job 358: 60/400
Job 358: 61/400
Job 358: 62/400
Job 358: 63/400
Job 358: 64/400
Job 358: 65/400
Job 358: 66/400
Job 358: 67/400
Job 358: 68/400
Job 358: 69/400
Job 358: 70/400
Job 358: 71/400
Job 358: 72/400
Job 358: 73/400
Job 358: 74/400
Job 358: 75/400
Job 358: 76/400
Job 358: 77/400
Job 358: 78/400
Job 358: 79/400
Job 358: 80/400
Job 358: 81/400
Job 358: 82/400
Job 358: 83/400
Job 358: 84/400
Job 358: 85/400
Job 358: 86/400
Job 358: 87/400
Job 358: 88/400
Job 358: 89/400
Job 358: 90/400
Job 358: 91/400
Job 358: 92/400
Job 358: 93/400
Job 358: 94/400
Job 358: 95/400
Job 358: 96/400
Job 358: 97/400
Job 358: 98/400
Job 358: 99/400
Job 358: 100/400
Job 358: 101/400
Job 358: 102/400
Job 358: 103/400
Job 358: 104/400
Job 358: 105/400
Job 358: 106/400
Job 358: 107/400
Job 358: 108/400
Job 358: 109/400
Job 358: 110/400
Job 358: 111/400
Job 358: 112/400
Job 358: 113/400
Job 358: 114/400
Job 358: 115/400
Job 358: 116/400
Job 358: 117/400
Job 358: 118/400
Job 358: 119/400
Job 358: 120/400
Job 358: 121/400
Job 358: 122/400
Job 358: 123/400
Job 358: 124/400
Job 358: 125/400
Job 358: 126/400
Job 358: 127/400
Job 358: 128/400
Job 358: 129/400
Job 358: 130/400
Job 358: 131/400
Job 358: 132/400
Job 358: 133/400
Job 358: 134/400
Job 358: 135/400
Job 358: 136/400
Job 358: 137/400
Job 358: 138/400
Job 358: 139/400
Job 358: 140/400
Job 358: 141/400
Job 358: 142/400
Job 358: 143/400
Job 358: 144/400
Job 358: 145/400
Job 358: 146/400
Job 358: 147/400
Job 358: 148/400
Job 358: 149/400
Job 358: 150/400
Job 358: 151/400
Job 358: 152/400
Job 358: 153/400
Job 358: 154/400
Job 358: 155/400
Job 358: 156/400
Job 358: 157/400
Job 358: 158/400
Job 358: 159/400
Job 358: 160/400
Job 358: 161/400
Job 358: 162/400
Job 358: 163/400
Job 358: 164/400
Job 358: 165/400
Job 358: 166/400
Job 358: 167/400
Job 358: 168/400
Job 358: 169/400
Job 358: 170/400
Job 358: 171/400
Job 358: 172/400
Job 358: 173/400
Job 358: 174/400
Job 358: 175/400
Job 358: 176/400
Job 358: 177/400
Job 358: 178/400
Job 358: 179/400
Job 358: 180/400
Job 358: 181/400
Job 358: 182/400
Job 358: 183/400
Job 358: 184/400
Job 358: 185/400
Job 358: 186/400
Job 358: 187/400
Job 358: 188/400
Job 358: 189/400
Job 358: 190/400
Job 358: 191/400
Job 358: 192/400
Job 358: 193/400
Job 358: 194/400
Job 358: 195/400
Job 358: 196/400
Job 358: 197/400
Job 358: 198/400
Job 358: 199/400
Job 358: 200/400
Job 358: 201/400
Job 358: 202/400
Job 358: 203/400
Job 358: 204/400
Job 358: 205/400
Job 358: 206/400
Job 358: 207/400
Job 358: 208/400
Job 358: 209/400
Job 358: 210/400
Job 358: 211/400
Job 358: 212/400
Job 358: 213/400
Job 358: 214/400
Job 358: 215/400
Job 358: 216/400
Job 358: 217/400
Job 358: 218/400
Job 358: 219/400
Job 358: 220/400
Job 358: 221/400
Job 358: 222/400
Job 358: 223/400
Job 358: 224/400
Job 358: 225/400
Job 358: 226/400
Job 358: 227/400
Job 358: 228/400
Job 358: 229/400
Job 358: 230/400
Job 358: 231/400
Job 358: 232/400
Job 358: 233/400
Job 358: 234/400
Job 358: 235/400
Job 358: 236/400
Job 358: 237/400
Job 358: 238/400
Job 358: 239/400
Job 358: 240/400
Job 358: 241/400
Job 358: 242/400
Job 358: 243/400
Job 358: 244/400
Job 358: 245/400
Job 358: 246/400
Job 358: 247/400
Job 358: 248/400
Job 358: 249/400
Job 358: 250/400
Job 358: 251/400
Job 358: 252/400
Job 358: 253/400
Job 358: 254/400
Job 358: 255/400
Job 358: 256/400
Job 358: 257/400
Job 358: 258/400
Job 358: 259/400
Job 358: 260/400
Job 358: 261/400
Job 358: 262/400
Job 358: 263/400
Job 358: 264/400
Job 358: 265/400
Job 358: 266/400
Job 358: 267/400
Job 358: 268/400
Job 358: 269/400
Job 358: 270/400
Job 358: 271/400
Job 358: 272/400
Job 358: 273/400
Job 358: 274/400
Job 358: 275/400
Job 358: 276/400
Job 358: 277/400
Job 358: 278/400
Job 358: 279/400
Job 358: 280/400
Job 358: 281/400
Job 358: 282/400
Job 358: 283/400
Job 358: 284/400
Job 358: 285/400
Job 358: 286/400
Job 358: 287/400
Job 358: 288/400
Job 358: 289/400
Job 358: 290/400
Job 358: 291/400
Job 358: 292/400
Job 358: 293/400
Job 358: 294/400
Job 358: 295/400
Job 358: 296/400
Job 358: 297/400
Job 358: 298/400
Job 358: 299/400
Job 358: 300/400
Job 358: 301/400
Job 358: 302/400
Job 358: 303/400
Job 358: 304/400
Job 358: 305/400
Job 358: 306/400
Job 358: 307/400
Job 358: 308/400
Job 358: 309/400
Job 358: 310/400
Job 358: 311/400
Job 358: 312/400
Job 358: 313/400
Job 358: 314/400
Job 358: 315/400
Job 358: 316/400
Job 358: 317/400
Job 358: 318/400
Job 358: 319/400
Job 358: 320/400
Job 358: 321/400
Job 358: 322/400
Job 358: 323/400
Job 358: 324/400
Job 358: 325/400
Job 358: 326/400
Job 358: 327/400
Job 358: 328/400
Job 358: 329/400
Job 358: 330/400
Job 358: 331/400
Job 358: 332/400
Job 358: 333/400
Job 358: 334/400
Job 358: 335/400
Job 358: 336/400
Job 358: 337/400
Job 358: 338/400
Job 358: 339/400
Job 358: 340/400
Job 358: 341/400
Job 358: 342/400
Job 358: 343/400
Job 358: 344/400
Job 358: 345/400
Job 358: 346/400
Job 358: 347/400
Job 358: 348/400
Job 358: 349/400
Job 358: 350/400
Job 358: 351/400
Job 358: 352/400
Job 358: 353/400
Job 358: 354/400
Job 358: 355/400
Job 358: 356/400
Job 358: 357/400
Job 358: 358/400
Job 358: 359/400
Job 358: 360/400
Job 358: 361/400
Job 358: 362/400
Job 358: 363/400
Job 358: 364/400
Job 358: 365/400
Job 358: 366/400
Job 358: 367/400
Job 358: 368/400
Job 358: 369/400
Job 358: 370/400
Job 358: 371/400
Job 358: 372/400
Job 358: 373/400
Job 358: 374/400
Job 358: 375/400
Job 358: 376/400
Job 358: 377/400
Job 358: 378/400
Job 358: 379/400
Job 358: 380/400
Job 358: 381/400
Job 358: 382/400
Job 358: 383/400
Job 358: 384/400
Job 358: 385/400
Job 358: 386/400
Job 358: 387/400
Job 358: 388/400
Job 358: 389/400
Job 358: 390/400
Job 358: 391/400
Job 358: 392/400
Job 358: 393/400
Job 358: 394/400
Job 358: 395/400
Job 358: 396/400
Job 358: 397/400
Job 358: 398/400
Job 358: 399/400
Job 358: 400/400
Warning message:
In data.table::fread(raw_file, data.table = FALSE) :
  Discarded single-line footer: <<0	GTEX-ZDXO	0	0	0	-9	2	2	2	2	2	2	2	2	2	2	2	2	2	2	1	1	2	2	2	2	2	2	2	2	1	2	1	2	2	2	1	2	2	2	2	2	2	2	2	2	2	2	2	2	1	2	2	2	2	1	2	2	2	1	2	2	2	2	2	2	2	2	1	2	2	2	2	2	2	2	1	2	2	2	2	2	2	1	2	2	2	2	2	2	2	2	2	2	2	2	2	2	2	2	2	2	2	2	1	2	2	2	2	2	2	2	2	2	2	2	2	2	1	2	2	2	1	1	2	2	2	2	2	2	0	2	2	2	2	1	2	0	1	2	2	2	1	2	1	2	2	2	2	2	2	1	2	2	2	2	2	2	2	2	1	2	2	2	2	2	1	1	2	0	2	2	2	1	2	0	2	2	2	2	2	0	2	2	2	2	2	2	2	2	2	2	2	2	2	2	2	1	2	1	1	2	2	2	2	2	2	2	2	2	2	2	2	2	1	2	1	2	2	2	2	2	2	2	2	2	1	2	2	2	2	2	2	2	2	1	2	2	2	2	2	1	2	2	2	2>>
