Registered S3 methods overwritten by 'susieSlide':
  method              from  
  coef.susie          susieR
  predict.susie       susieR
  print.summary.susie susieR
  summary.susie       susieR
Job 378: 1/400 ERROR: object 'target_gene' not found
Job 378: 2/400
Job 378: 3/400
Job 378: 4/400
Job 378: 5/400
Job 378: 6/400
Job 378: 7/400
Job 378: 8/400
Job 378: 9/400
Job 378: 10/400
Job 378: 11/400
Job 378: 12/400
Job 378: 13/400
Job 378: 14/400
Job 378: 15/400
Job 378: 16/400
Job 378: 17/400
Job 378: 18/400
Job 378: 19/400
Job 378: 20/400
Job 378: 21/400
Job 378: 22/400
Job 378: 23/400
Job 378: 24/400
Job 378: 25/400
Job 378: 26/400
Job 378: 27/400
Job 378: 28/400
Job 378: 29/400
Job 378: 30/400
Job 378: 31/400
Job 378: 32/400
Job 378: 33/400
Job 378: 34/400
Job 378: 35/400
Job 378: 36/400
Job 378: 37/400
Job 378: 38/400
Job 378: 39/400
Job 378: 40/400
Job 378: 41/400
Job 378: 42/400
Job 378: 43/400
Job 378: 44/400
Job 378: 45/400
Job 378: 46/400
Job 378: 47/400
Job 378: 48/400
Job 378: 49/400
Job 378: 50/400
Job 378: 51/400
Job 378: 52/400
Job 378: 53/400
Job 378: 54/400
Job 378: 55/400
Job 378: 56/400
Job 378: 57/400
Job 378: 58/400
Job 378: 59/400
Job 378: 60/400
Job 378: 61/400
Job 378: 62/400
Job 378: 63/400
Job 378: 64/400
Job 378: 65/400
Job 378: 66/400
Job 378: 67/400
Job 378: 68/400
Job 378: 69/400
Job 378: 70/400
Job 378: 71/400
Job 378: 72/400
Job 378: 73/400
Job 378: 74/400
Job 378: 75/400
Job 378: 76/400
Job 378: 77/400
Job 378: 78/400
Job 378: 79/400
Job 378: 80/400
Job 378: 81/400
Job 378: 82/400
Job 378: 83/400
Job 378: 84/400
Job 378: 85/400
Job 378: 86/400
Job 378: 87/400
Job 378: 88/400
Job 378: 89/400
Job 378: 90/400
Job 378: 91/400
Job 378: 92/400
Job 378: 93/400
Job 378: 94/400
Job 378: 95/400
Job 378: 96/400
Job 378: 97/400
Job 378: 98/400
Job 378: 99/400
Job 378: 100/400
Job 378: 101/400
Job 378: 102/400
Job 378: 103/400
Job 378: 104/400
Job 378: 105/400
Job 378: 106/400
Job 378: 107/400
Job 378: 108/400
Job 378: 109/400
Job 378: 110/400
Job 378: 111/400
Job 378: 112/400
Job 378: 113/400
Job 378: 114/400
Job 378: 115/400
Job 378: 116/400
Job 378: 117/400
Job 378: 118/400
Job 378: 119/400
Job 378: 120/400
Job 378: 121/400
Job 378: 122/400
Job 378: 123/400
Job 378: 124/400
Job 378: 125/400
Job 378: 126/400
Job 378: 127/400
Job 378: 128/400
Job 378: 129/400
Job 378: 130/400
Job 378: 131/400
Job 378: 132/400
Job 378: 133/400
Job 378: 134/400
Job 378: 135/400
Job 378: 136/400
Job 378: 137/400
Job 378: 138/400
Job 378: 139/400
Job 378: 140/400
Job 378: 141/400
Job 378: 142/400
Job 378: 143/400
Job 378: 144/400
Job 378: 145/400
Job 378: 146/400
Job 378: 147/400
Job 378: 148/400
Job 378: 149/400
Job 378: 150/400
Job 378: 151/400
Job 378: 152/400
Job 378: 153/400
Job 378: 154/400
Job 378: 155/400
Job 378: 156/400
Job 378: 157/400
Job 378: 158/400
Job 378: 159/400
Job 378: 160/400
Job 378: 161/400
Job 378: 162/400
Job 378: 163/400
Job 378: 164/400
Job 378: 165/400
Job 378: 166/400
Job 378: 167/400
Job 378: 168/400
Job 378: 169/400
Job 378: 170/400
Job 378: 171/400
Job 378: 172/400
Job 378: 173/400
Job 378: 174/400
Job 378: 175/400
Job 378: 176/400
Job 378: 177/400
Job 378: 178/400
Job 378: 179/400
Job 378: 180/400
Job 378: 181/400
Job 378: 182/400
Job 378: 183/400
Job 378: 184/400
Job 378: 185/400
Job 378: 186/400
Job 378: 187/400
Job 378: 188/400
Job 378: 189/400
Job 378: 190/400
Job 378: 191/400
Job 378: 192/400
Job 378: 193/400
Job 378: 194/400
Job 378: 195/400
Job 378: 196/400
Job 378: 197/400
Job 378: 198/400
Job 378: 199/400
Job 378: 200/400
Job 378: 201/400
Job 378: 202/400
Job 378: 203/400
Job 378: 204/400
Job 378: 205/400
Job 378: 206/400
Job 378: 207/400
Job 378: 208/400
Job 378: 209/400
Job 378: 210/400
Job 378: 211/400
Job 378: 212/400
Job 378: 213/400
Job 378: 214/400
Job 378: 215/400
Job 378: 216/400
Job 378: 217/400
Job 378: 218/400
Job 378: 219/400
Job 378: 220/400
Job 378: 221/400
Job 378: 222/400
Job 378: 223/400
Job 378: 224/400
Job 378: 225/400
Job 378: 226/400
Job 378: 227/400
Job 378: 228/400
Job 378: 229/400
Job 378: 230/400
Job 378: 231/400
Job 378: 232/400
Job 378: 233/400
Job 378: 234/400
Job 378: 235/400
Job 378: 236/400
Job 378: 237/400
Job 378: 238/400
Job 378: 239/400
Job 378: 240/400
Job 378: 241/400
Job 378: 242/400
Job 378: 243/400
Job 378: 244/400
Job 378: 245/400
Job 378: 246/400
Job 378: 247/400
Job 378: 248/400
Job 378: 249/400
Job 378: 250/400
Job 378: 251/400
Job 378: 252/400
Job 378: 253/400
Job 378: 254/400
Job 378: 255/400
Job 378: 256/400
Job 378: 257/400
Job 378: 258/400
Job 378: 259/400
Job 378: 260/400
Job 378: 261/400
Job 378: 262/400
Job 378: 263/400
Job 378: 264/400
Job 378: 265/400
Job 378: 266/400
Job 378: 267/400
Job 378: 268/400
Job 378: 269/400
Job 378: 270/400
Job 378: 271/400
Job 378: 272/400
Job 378: 273/400
Job 378: 274/400
Job 378: 275/400
Job 378: 276/400
Job 378: 277/400
Job 378: 278/400
Job 378: 279/400
Job 378: 280/400
Job 378: 281/400
Job 378: 282/400
Job 378: 283/400
Job 378: 284/400
Job 378: 285/400
Job 378: 286/400
Job 378: 287/400
Job 378: 288/400
Job 378: 289/400
Job 378: 290/400
Job 378: 291/400
Job 378: 292/400
Job 378: 293/400
Job 378: 294/400
Job 378: 295/400
Job 378: 296/400
Job 378: 297/400
Job 378: 298/400
Job 378: 299/400
Job 378: 300/400
Job 378: 301/400
Job 378: 302/400
Job 378: 303/400
Job 378: 304/400
Job 378: 305/400
Job 378: 306/400
Job 378: 307/400
Job 378: 308/400
Job 378: 309/400
Job 378: 310/400
Job 378: 311/400
Job 378: 312/400
Job 378: 313/400
Job 378: 314/400
Job 378: 315/400
Job 378: 316/400
Job 378: 317/400
Job 378: 318/400
Job 378: 319/400
Job 378: 320/400
Job 378: 321/400
Job 378: 322/400
Job 378: 323/400
Job 378: 324/400
Job 378: 325/400
Job 378: 326/400
Job 378: 327/400
Job 378: 328/400
Job 378: 329/400
Job 378: 330/400
Job 378: 331/400
Job 378: 332/400
Job 378: 333/400
Job 378: 334/400
Job 378: 335/400
Job 378: 336/400
Job 378: 337/400
Job 378: 338/400
Job 378: 339/400
Job 378: 340/400
Job 378: 341/400
Job 378: 342/400
Job 378: 343/400
Job 378: 344/400
Job 378: 345/400
Job 378: 346/400
Job 378: 347/400
Job 378: 348/400
Job 378: 349/400
Job 378: 350/400
Job 378: 351/400
Job 378: 352/400
Job 378: 353/400
Job 378: 354/400
Job 378: 355/400
Job 378: 356/400
Job 378: 357/400
Job 378: 358/400
Job 378: 359/400
Job 378: 360/400
Job 378: 361/400
Job 378: 362/400
Job 378: 363/400
Job 378: 364/400
Job 378: 365/400
Job 378: 366/400
Job 378: 367/400
Job 378: 368/400
Job 378: 369/400
Job 378: 370/400
Job 378: 371/400
Job 378: 372/400
Job 378: 373/400
Job 378: 374/400
Job 378: 375/400
Job 378: 376/400
Job 378: 377/400
Job 378: 378/400
Job 378: 379/400
Job 378: 380/400
Job 378: 381/400
Job 378: 382/400
Job 378: 383/400
Job 378: 384/400
Job 378: 385/400
Job 378: 386/400
Job 378: 387/400
Job 378: 388/400
Job 378: 389/400
Job 378: 390/400
Job 378: 391/400
Job 378: 392/400
Job 378: 393/400
Job 378: 394/400
Job 378: 395/400
Job 378: 396/400
Job 378: 397/400
Job 378: 398/400
Job 378: 399/400
Job 378: 400/400
