Registered S3 methods overwritten by 'susieSlide':
  method              from  
  coef.susie          susieR
  predict.susie       susieR
  print.summary.susie susieR
  summary.susie       susieR
Job 359: 1/400
Job 359: 2/400
Job 359: 3/400
Job 359: 4/400
Job 359: 5/400
Job 359: 6/400
Job 359: 7/400
Job 359: 8/400
Job 359: 9/400
Job 359: 10/400
Job 359: 11/400
Job 359: 12/400
Job 359: 13/400
Job 359: 14/400
Job 359: 15/400
Job 359: 16/400
Job 359: 17/400
Job 359: 18/400
Job 359: 19/400
Job 359: 20/400
Job 359: 21/400
Job 359: 22/400
Job 359: 23/400
Job 359: 24/400
Job 359: 25/400
Job 359: 26/400
Job 359: 27/400
Job 359: 28/400
Job 359: 29/400
Job 359: 30/400
Job 359: 31/400
Job 359: 32/400
Job 359: 33/400
Job 359: 34/400
Job 359: 35/400
Job 359: 36/400
Job 359: 37/400
Job 359: 38/400
Job 359: 39/400
Job 359: 40/400
Job 359: 41/400
Job 359: 42/400
Job 359: 43/400
Job 359: 44/400
Job 359: 45/400
Job 359: 46/400
Job 359: 47/400
Job 359: 48/400
Job 359: 49/400
Job 359: 50/400
Job 359: 51/400
Job 359: 52/400
Job 359: 53/400
Job 359: 54/400
Job 359: 55/400
Job 359: 56/400
Job 359: 57/400
Job 359: 58/400
Job 359: 59/400
Job 359: 60/400
Job 359: 61/400
Job 359: 62/400
Job 359: 63/400
Job 359: 64/400
Job 359: 65/400
Job 359: 66/400
Job 359: 67/400
Job 359: 68/400
Job 359: 69/400
Job 359: 70/400
Job 359: 71/400
Job 359: 72/400
Job 359: 73/400
Job 359: 74/400
Job 359: 75/400
Job 359: 76/400
Job 359: 77/400
Job 359: 78/400
Job 359: 79/400
Job 359: 80/400
Job 359: 81/400
Job 359: 82/400
Job 359: 83/400
Job 359: 84/400
Job 359: 85/400
Job 359: 86/400
Job 359: 87/400
Job 359: 88/400
Job 359: 89/400
Job 359: 90/400
Job 359: 91/400
Job 359: 92/400
Job 359: 93/400
Job 359: 94/400
Job 359: 95/400
Job 359: 96/400
Job 359: 97/400
Job 359: 98/400
Job 359: 99/400
Job 359: 100/400
Job 359: 101/400
Job 359: 102/400
Job 359: 103/400
Job 359: 104/400
Job 359: 105/400
Job 359: 106/400
Job 359: 107/400
Job 359: 108/400
Job 359: 109/400
Job 359: 110/400
Job 359: 111/400
Job 359: 112/400
Job 359: 113/400
Job 359: 114/400
Job 359: 115/400
Job 359: 116/400
Job 359: 117/400
Job 359: 118/400
Job 359: 119/400
Job 359: 120/400
Job 359: 121/400
Job 359: 122/400
Job 359: 123/400
Job 359: 124/400
Job 359: 125/400
Job 359: 126/400
Job 359: 127/400
Job 359: 128/400
Job 359: 129/400
Job 359: 130/400
Job 359: 131/400
Job 359: 132/400
Job 359: 133/400
Job 359: 134/400
Job 359: 135/400
Job 359: 136/400
Job 359: 137/400
Job 359: 138/400
Job 359: 139/400
Job 359: 140/400
Job 359: 141/400
Job 359: 142/400
Job 359: 143/400
Job 359: 144/400
Job 359: 145/400
Job 359: 146/400
Job 359: 147/400
Job 359: 148/400
Job 359: 149/400
Job 359: 150/400
Job 359: 151/400
Job 359: 152/400
Job 359: 153/400
Job 359: 154/400
Job 359: 155/400
Job 359: 156/400
Job 359: 157/400
Job 359: 158/400
Job 359: 159/400
Job 359: 160/400
Job 359: 161/400
Job 359: 162/400
Job 359: 163/400
Job 359: 164/400
Job 359: 165/400
Job 359: 166/400
Job 359: 167/400
Job 359: 168/400
Job 359: 169/400
Job 359: 170/400
Job 359: 171/400
Job 359: 172/400
Job 359: 173/400
Job 359: 174/400
Job 359: 175/400
Job 359: 176/400
Job 359: 177/400
Job 359: 178/400
Job 359: 179/400
Job 359: 180/400
Job 359: 181/400
Job 359: 182/400
Job 359: 183/400
Job 359: 184/400
Job 359: 185/400
Job 359: 186/400
Job 359: 187/400
Job 359: 188/400
Job 359: 189/400
Job 359: 190/400
Job 359: 191/400
Job 359: 192/400
Job 359: 193/400
Job 359: 194/400
Job 359: 195/400
Job 359: 196/400
Job 359: 197/400
Job 359: 198/400
Job 359: 199/400
Job 359: 200/400
Job 359: 201/400
Job 359: 202/400
Job 359: 203/400
Job 359: 204/400
Job 359: 205/400
Job 359: 206/400
Job 359: 207/400
Job 359: 208/400
Job 359: 209/400
Job 359: 210/400
Job 359: 211/400
Job 359: 212/400
Job 359: 213/400
Job 359: 214/400
Job 359: 215/400
Job 359: 216/400
Job 359: 217/400
Job 359: 218/400
Job 359: 219/400
Job 359: 220/400
Job 359: 221/400
Job 359: 222/400
Job 359: 223/400
Job 359: 224/400
Job 359: 225/400
Job 359: 226/400
Job 359: 227/400
Job 359: 228/400
Job 359: 229/400
Job 359: 230/400
Job 359: 231/400
Job 359: 232/400
Job 359: 233/400
Job 359: 234/400
Job 359: 235/400
Job 359: 236/400
Job 359: 237/400
Job 359: 238/400
Job 359: 239/400
Job 359: 240/400
Job 359: 241/400
Job 359: 242/400
Job 359: 243/400
Job 359: 244/400
Job 359: 245/400
Job 359: 246/400
Job 359: 247/400
Job 359: 248/400
Job 359: 249/400
Job 359: 250/400
Job 359: 251/400
Job 359: 252/400
Job 359: 253/400
Job 359: 254/400
Job 359: 255/400
Job 359: 256/400
Job 359: 257/400
Job 359: 258/400
Job 359: 259/400
Job 359: 260/400
Job 359: 261/400
Job 359: 262/400
Job 359: 263/400
Job 359: 264/400
Job 359: 265/400
Job 359: 266/400
Job 359: 267/400
Job 359: 268/400
Job 359: 269/400
Job 359: 270/400
Job 359: 271/400
Job 359: 272/400
Job 359: 273/400
Job 359: 274/400
Job 359: 275/400
Job 359: 276/400
Job 359: 277/400
Job 359: 278/400
Job 359: 279/400
Job 359: 280/400
Job 359: 281/400
Job 359: 282/400
Job 359: 283/400
Job 359: 284/400
Job 359: 285/400
Job 359: 286/400
Job 359: 287/400
Job 359: 288/400
Job 359: 289/400
Job 359: 290/400
Job 359: 291/400
Job 359: 292/400
Job 359: 293/400
Job 359: 294/400
Job 359: 295/400
Job 359: 296/400
Job 359: 297/400
Job 359: 298/400
Job 359: 299/400
Job 359: 300/400
Job 359: 301/400
Job 359: 302/400
Job 359: 303/400
Job 359: 304/400
Job 359: 305/400
Job 359: 306/400
Job 359: 307/400
Job 359: 308/400
Job 359: 309/400
Job 359: 310/400
Job 359: 311/400
Job 359: 312/400
Job 359: 313/400
Job 359: 314/400
Job 359: 315/400
Job 359: 316/400
Job 359: 317/400
Job 359: 318/400
Job 359: 319/400
Job 359: 320/400
Job 359: 321/400
Job 359: 322/400
Job 359: 323/400
Job 359: 324/400
Job 359: 325/400
Job 359: 326/400
Job 359: 327/400
Job 359: 328/400
Job 359: 329/400
Job 359: 330/400
Job 359: 331/400
Job 359: 332/400
Job 359: 333/400
Job 359: 334/400
Job 359: 335/400
Job 359: 336/400
Job 359: 337/400
Job 359: 338/400
Job 359: 339/400
Job 359: 340/400
Job 359: 341/400
Job 359: 342/400
Job 359: 343/400
Job 359: 344/400
Job 359: 345/400
Job 359: 346/400
Job 359: 347/400
Job 359: 348/400
Job 359: 349/400
Job 359: 350/400
Job 359: 351/400
Job 359: 352/400
Job 359: 353/400
Job 359: 354/400
Job 359: 355/400
Job 359: 356/400
Job 359: 357/400
Job 359: 358/400
Job 359: 359/400
Job 359: 360/400
Job 359: 361/400
Job 359: 362/400
Job 359: 363/400
Job 359: 364/400
Job 359: 365/400
Job 359: 366/400
Job 359: 367/400
Job 359: 368/400
Job 359: 369/400
Job 359: 370/400
Job 359: 371/400
Job 359: 372/400
Job 359: 373/400
Job 359: 374/400
Job 359: 375/400
Job 359: 376/400
Job 359: 377/400
Job 359: 378/400
Job 359: 379/400
Job 359: 380/400
Job 359: 381/400
Job 359: 382/400
Job 359: 383/400
Job 359: 384/400
Job 359: 385/400
Job 359: 386/400
Job 359: 387/400
Job 359: 388/400
Job 359: 389/400
Job 359: 390/400
Job 359: 391/400
Job 359: 392/400
Job 359: 393/400
Job 359: 394/400
Job 359: 395/400
Job 359: 396/400
Job 359: 397/400
Job 359: 398/400
Job 359: 399/400
Job 359: 400/400
