Registered S3 methods overwritten by 'susieSlide':
  method              from  
  coef.susie          susieR
  predict.susie       susieR
  print.summary.susie susieR
  summary.susie       susieR
Job 364: 208/400
Job 364: 209/400
Job 364: 210/400
Job 364: 211/400
Job 364: 212/400
Job 364: 213/400
Job 364: 214/400
Job 364: 215/400
Job 364: 216/400
Job 364: 217/400
Job 364: 218/400
Job 364: 219/400
Job 364: 220/400
Job 364: 221/400
Job 364: 222/400
Job 364: 223/400
Job 364: 224/400
Job 364: 225/400
Job 364: 226/400
Job 364: 227/400
Job 364: 228/400
Job 364: 229/400
Job 364: 230/400
Job 364: 231/400
Job 364: 232/400
Job 364: 233/400
Job 364: 234/400
Job 364: 235/400
Job 364: 236/400
Job 364: 237/400
Job 364: 238/400
Job 364: 239/400
Job 364: 240/400
Job 364: 241/400
Job 364: 242/400
Job 364: 243/400
Job 364: 244/400
Job 364: 245/400
Job 364: 246/400
Job 364: 247/400
Job 364: 248/400
Job 364: 249/400
Job 364: 250/400
Job 364: 251/400
Job 364: 252/400
Job 364: 253/400
Job 364: 254/400
Job 364: 255/400
Job 364: 256/400
Job 364: 257/400
Job 364: 258/400
Job 364: 259/400
Job 364: 260/400
Job 364: 261/400
Job 364: 262/400
Job 364: 263/400
Job 364: 264/400
Job 364: 265/400
Job 364: 266/400
Job 364: 267/400
Job 364: 268/400
Job 364: 269/400
Job 364: 270/400
Job 364: 271/400
Job 364: 272/400
Job 364: 273/400
Job 364: 274/400
Job 364: 275/400
Job 364: 276/400
Job 364: 277/400
Job 364: 278/400
Job 364: 279/400
Job 364: 280/400
Job 364: 281/400
Job 364: 282/400
Job 364: 283/400
Job 364: 284/400
Job 364: 285/400
Job 364: 286/400
Job 364: 287/400
Job 364: 288/400
Job 364: 289/400
Job 364: 290/400
Job 364: 291/400
Job 364: 292/400
Job 364: 293/400
Job 364: 294/400
Job 364: 295/400
Job 364: 296/400
Job 364: 297/400
Job 364: 298/400
Job 364: 299/400
Job 364: 300/400
Job 364: 301/400
Job 364: 302/400
Job 364: 303/400
Job 364: 304/400
Job 364: 305/400
Job 364: 306/400
Job 364: 307/400
Job 364: 308/400
Job 364: 309/400
Job 364: 310/400
Job 364: 311/400
Job 364: 312/400
Job 364: 313/400
Job 364: 314/400
Job 364: 315/400
Job 364: 316/400
Job 364: 317/400
Job 364: 318/400
Job 364: 319/400
Job 364: 320/400
Job 364: 321/400
Job 364: 322/400
Job 364: 323/400
Job 364: 324/400
Job 364: 325/400
Job 364: 326/400
Job 364: 327/400
Job 364: 328/400
Job 364: 329/400
Job 364: 330/400
Job 364: 331/400
Job 364: 332/400
Job 364: 333/400
Job 364: 334/400
Job 364: 335/400
Job 364: 336/400
Job 364: 337/400
Job 364: 338/400
Job 364: 339/400
Job 364: 340/400
Job 364: 341/400
Job 364: 342/400
Job 364: 343/400
Job 364: 344/400
Job 364: 345/400
Job 364: 346/400
Job 364: 347/400
Job 364: 348/400
Job 364: 349/400
Job 364: 350/400
Job 364: 351/400
Job 364: 352/400
Job 364: 353/400
Job 364: 354/400
Job 364: 355/400
Job 364: 356/400
Job 364: 357/400
Job 364: 358/400
Job 364: 359/400
Job 364: 360/400
Job 364: 361/400
Job 364: 362/400
Job 364: 363/400
Job 364: 364/400
Job 364: 365/400
Job 364: 366/400
Job 364: 367/400
Job 364: 368/400
Job 364: 369/400
Job 364: 370/400
Job 364: 371/400
Job 364: 372/400
Job 364: 373/400
Job 364: 374/400
Job 364: 375/400
Job 364: 376/400
Job 364: 377/400
Job 364: 378/400
Job 364: 379/400
Job 364: 380/400
Job 364: 381/400
Job 364: 382/400
Job 364: 383/400
Job 364: 384/400
Job 364: 385/400
Job 364: 386/400
Job 364: 387/400
Job 364: 388/400
Job 364: 389/400
Job 364: 390/400
Job 364: 391/400
Job 364: 392/400
Job 364: 393/400
Job 364: 394/400
Job 364: 395/400
Job 364: 396/400
Job 364: 397/400
Job 364: 398/400
Job 364: 399/400
Job 364: 400/400
