Registered S3 methods overwritten by 'susieSlide':
  method              from  
  coef.susie          susieR
  predict.susie       susieR
  print.summary.susie susieR
  summary.susie       susieR
Job 534: 1/400
Job 534: 2/400
Job 534: 3/400
Job 534: 4/400
Job 534: 5/400
Job 534: 6/400
Job 534: 7/400
Job 534: 8/400
Job 534: 9/400
Job 534: 10/400
Job 534: 11/400
Job 534: 12/400
Job 534: 13/400
Job 534: 14/400
Job 534: 15/400
Job 534: 16/400
Job 534: 17/400
Job 534: 18/400
Job 534: 19/400
Job 534: 20/400
Job 534: 21/400
Job 534: 22/400
Job 534: 23/400
Job 534: 24/400
Job 534: 25/400
Job 534: 26/400
Job 534: 27/400
Job 534: 28/400
Job 534: 29/400
Job 534: 30/400
Job 534: 31/400
Job 534: 32/400
Job 534: 33/400
Job 534: 34/400
Job 534: 35/400
Job 534: 36/400
Job 534: 37/400
Job 534: 38/400
Job 534: 39/400
Job 534: 40/400
Job 534: 41/400
Job 534: 42/400
Job 534: 43/400
Job 534: 44/400
Job 534: 45/400
Job 534: 46/400
Job 534: 47/400
Job 534: 48/400
Job 534: 49/400
Job 534: 50/400
Job 534: 51/400
Job 534: 52/400
Job 534: 53/400
Job 534: 54/400
Job 534: 55/400
Job 534: 56/400
Job 534: 57/400
Job 534: 58/400
Job 534: 59/400
Job 534: 60/400
Job 534: 61/400
Job 534: 62/400
Job 534: 63/400
Job 534: 64/400
Job 534: 65/400
Job 534: 66/400
Job 534: 67/400
Job 534: 68/400
Job 534: 69/400
Job 534: 70/400
Job 534: 71/400
Job 534: 72/400
Job 534: 73/400
Job 534: 74/400
Job 534: 75/400
Job 534: 76/400
Job 534: 77/400
Job 534: 78/400
Job 534: 79/400
Job 534: 80/400
Job 534: 81/400
Job 534: 82/400
Job 534: 83/400
Job 534: 84/400
Job 534: 85/400
Job 534: 86/400
Job 534: 87/400
Job 534: 88/400
Job 534: 89/400
Job 534: 90/400
Job 534: 91/400
Job 534: 92/400
Job 534: 93/400
Job 534: 94/400
Job 534: 95/400
Job 534: 96/400
Job 534: 97/400
Job 534: 98/400
Job 534: 99/400
Job 534: 100/400
Job 534: 101/400
Job 534: 102/400
Job 534: 103/400
Job 534: 104/400
Job 534: 105/400
Job 534: 106/400
Job 534: 107/400
Job 534: 108/400
Job 534: 109/400
Job 534: 110/400
Job 534: 111/400
Job 534: 112/400
Job 534: 113/400
Job 534: 114/400
Job 534: 115/400
Job 534: 116/400
Job 534: 117/400
Job 534: 118/400
Job 534: 119/400
Job 534: 120/400
Job 534: 121/400
Job 534: 122/400
Job 534: 123/400
Job 534: 124/400
Job 534: 125/400
Job 534: 126/400
Job 534: 127/400
Job 534: 128/400
Job 534: 129/400
Job 534: 130/400
Job 534: 131/400
Job 534: 132/400
Job 534: 133/400
Job 534: 134/400
Job 534: 135/400
Job 534: 136/400
Job 534: 137/400
Job 534: 138/400
Job 534: 139/400
Job 534: 140/400
Job 534: 141/400
Job 534: 142/400
Job 534: 143/400
Job 534: 144/400
Job 534: 145/400
Job 534: 146/400
Job 534: 147/400
Job 534: 148/400
Job 534: 149/400
Job 534: 150/400
Job 534: 151/400
Job 534: 152/400
Job 534: 153/400
Job 534: 154/400
Job 534: 155/400
Job 534: 156/400
Job 534: 157/400
Job 534: 158/400
Job 534: 159/400
Job 534: 160/400
Job 534: 161/400
Job 534: 162/400
Job 534: 163/400
Job 534: 164/400
Job 534: 165/400
Job 534: 166/400
Job 534: 167/400
Job 534: 168/400
Job 534: 169/400
Job 534: 170/400
Job 534: 171/400
Job 534: 172/400
Job 534: 173/400
Job 534: 174/400
Job 534: 175/400
Job 534: 176/400
Job 534: 177/400
Job 534: 178/400
Job 534: 179/400
Job 534: 180/400
Job 534: 181/400
Job 534: 182/400
Job 534: 183/400
Job 534: 184/400
Job 534: 185/400
Job 534: 186/400
Job 534: 187/400
Job 534: 188/400
Job 534: 189/400
Job 534: 190/400
Job 534: 191/400
Job 534: 192/400
Job 534: 193/400
Job 534: 194/400
Job 534: 195/400
Job 534: 196/400
Job 534: 197/400
Job 534: 198/400
Job 534: 199/400
Job 534: 200/400
Job 534: 201/400
Job 534: 202/400
Job 534: 203/400
Job 534: 204/400
Job 534: 205/400
Job 534: 206/400
Job 534: 207/400
Job 534: 208/400
Job 534: 209/400
Job 534: 210/400
Job 534: 211/400
Job 534: 212/400
Job 534: 213/400
Job 534: 214/400
Job 534: 215/400
Job 534: 216/400
Job 534: 217/400
Job 534: 218/400
Job 534: 219/400
Job 534: 220/400
Job 534: 221/400
Job 534: 222/400
Job 534: 223/400
Job 534: 224/400
Job 534: 225/400
Job 534: 226/400
Job 534: 227/400
Job 534: 228/400
Job 534: 229/400
Job 534: 230/400
Job 534: 231/400
Job 534: 232/400
Job 534: 233/400
Job 534: 234/400
Job 534: 235/400
Job 534: 236/400
Job 534: 237/400
Job 534: 238/400
Job 534: 239/400
Job 534: 240/400
Job 534: 241/400
Job 534: 242/400
Job 534: 243/400
Job 534: 244/400
Job 534: 245/400
Job 534: 246/400
Job 534: 247/400
Job 534: 248/400
Job 534: 249/400
Job 534: 250/400
Job 534: 251/400
Job 534: 252/400
Job 534: 253/400
Job 534: 254/400
Job 534: 255/400
Job 534: 256/400
Job 534: 257/400
Job 534: 258/400
Job 534: 259/400
Job 534: 260/400
Job 534: 261/400
Job 534: 262/400
Job 534: 263/400
Job 534: 264/400
Job 534: 265/400
Job 534: 266/400
Job 534: 267/400
Job 534: 268/400
Job 534: 269/400
Job 534: 270/400
Job 534: 271/400
Job 534: 272/400
Job 534: 273/400
Job 534: 274/400
Job 534: 275/400
Job 534: 276/400
Job 534: 277/400
Job 534: 278/400
Job 534: 279/400
Job 534: 280/400
Job 534: 281/400
Job 534: 282/400
Job 534: 283/400
Job 534: 284/400
Job 534: 285/400
Job 534: 286/400
Job 534: 287/400
Job 534: 288/400
Job 534: 289/400
Job 534: 290/400
Job 534: 291/400
Job 534: 292/400
Job 534: 293/400
Job 534: 294/400
Job 534: 295/400
Job 534: 296/400
Job 534: 297/400
Job 534: 298/400
Job 534: 299/400
Job 534: 300/400
Job 534: 301/400
Job 534: 302/400
Job 534: 303/400
Job 534: 304/400
Job 534: 305/400
Job 534: 306/400
Job 534: 307/400
Job 534: 308/400
Job 534: 309/400
Job 534: 310/400
Job 534: 311/400
Job 534: 312/400
Job 534: 313/400
Job 534: 314/400
Job 534: 315/400
Job 534: 316/400
Job 534: 317/400
Job 534: 318/400
Job 534: 319/400
Job 534: 320/400
Job 534: 321/400
Job 534: 322/400
Job 534: 323/400
Job 534: 324/400
Job 534: 325/400
Job 534: 326/400
Job 534: 327/400
Job 534: 328/400
Job 534: 329/400
Job 534: 330/400
Job 534: 331/400
Job 534: 332/400
Job 534: 333/400
Job 534: 334/400
Job 534: 335/400
Job 534: 336/400
Job 534: 337/400
Job 534: 338/400
Job 534: 339/400
Job 534: 340/400
Job 534: 341/400
Job 534: 342/400
Job 534: 343/400
Job 534: 344/400
Job 534: 345/400
Job 534: 346/400
Job 534: 347/400
Job 534: 348/400
Job 534: 349/400
Job 534: 350/400
Job 534: 351/400
Job 534: 352/400
Job 534: 353/400
Job 534: 354/400
Job 534: 355/400
Job 534: 356/400
Job 534: 357/400
Job 534: 358/400
Job 534: 359/400
Job 534: 360/400
Job 534: 361/400
Job 534: 362/400
Job 534: 363/400
Job 534: 364/400
Job 534: 365/400
Job 534: 366/400
Job 534: 367/400
Job 534: 368/400
Job 534: 369/400
Job 534: 370/400
Job 534: 371/400
Job 534: 372/400
Job 534: 373/400
Job 534: 374/400
Job 534: 375/400
Job 534: 376/400
Job 534: 377/400
Job 534: 378/400
Job 534: 379/400
Job 534: 380/400
Job 534: 381/400
Job 534: 382/400
Job 534: 383/400
Job 534: 384/400
Job 534: 385/400
Job 534: 386/400
Job 534: 387/400
Job 534: 388/400
Job 534: 389/400
Job 534: 390/400
Job 534: 391/400
Job 534: 392/400
Job 534: 393/400
Job 534: 394/400
Job 534: 395/400
Job 534: 396/400
Job 534: 397/400
Job 534: 398/400
Job 534: 399/400
Job 534: 400/400
