Registered S3 methods overwritten by 'susieSlide':
  method              from  
  coef.susie          susieR
  predict.susie       susieR
  print.summary.susie susieR
  summary.susie       susieR
Job 417: 1/400
Job 417: 2/400
Job 417: 3/400
Job 417: 4/400
Job 417: 5/400
Job 417: 6/400
Job 417: 7/400
Job 417: 8/400
Job 417: 9/400
Job 417: 10/400
Job 417: 11/400
Job 417: 12/400
Job 417: 13/400
Job 417: 14/400
Job 417: 15/400
Job 417: 16/400
Job 417: 17/400
Job 417: 18/400
Job 417: 19/400
Job 417: 20/400
Job 417: 21/400
Job 417: 22/400
Job 417: 23/400
Job 417: 24/400
Job 417: 25/400
Job 417: 26/400
Job 417: 27/400
Job 417: 28/400
Job 417: 29/400
Job 417: 30/400
Job 417: 31/400
Job 417: 32/400
Job 417: 33/400
Job 417: 34/400
Job 417: 35/400
Job 417: 36/400
Job 417: 37/400
Job 417: 38/400
Job 417: 39/400
Job 417: 40/400
Job 417: 41/400
Job 417: 42/400
Job 417: 43/400
Job 417: 44/400
Job 417: 45/400
Job 417: 46/400
Job 417: 47/400
Job 417: 48/400
Job 417: 49/400
Job 417: 50/400
Job 417: 51/400
Job 417: 52/400
Job 417: 53/400
Job 417: 54/400
Job 417: 55/400
Job 417: 56/400
Job 417: 57/400
Job 417: 58/400
Job 417: 59/400
Job 417: 60/400
Job 417: 61/400
Job 417: 62/400
Job 417: 63/400
Job 417: 64/400
Job 417: 65/400
Job 417: 66/400
Job 417: 67/400
Job 417: 68/400
Job 417: 69/400
Job 417: 70/400
Job 417: 71/400
Job 417: 72/400
Job 417: 73/400
Job 417: 74/400
Job 417: 75/400
Job 417: 76/400
Job 417: 77/400
Job 417: 78/400
Job 417: 79/400
Job 417: 80/400
Job 417: 81/400
Job 417: 82/400
Job 417: 83/400
Job 417: 84/400
Job 417: 85/400
Job 417: 86/400
Job 417: 87/400
Job 417: 88/400
Job 417: 89/400
Job 417: 90/400
Job 417: 91/400
Job 417: 92/400
Job 417: 93/400
Job 417: 94/400
Job 417: 95/400
Job 417: 96/400
Job 417: 97/400
Job 417: 98/400
Job 417: 99/400
Job 417: 100/400
Job 417: 101/400
Job 417: 102/400
Job 417: 103/400
Job 417: 104/400
Job 417: 105/400
Job 417: 106/400
Job 417: 107/400
Job 417: 108/400
Job 417: 109/400
Job 417: 110/400
Job 417: 111/400
Job 417: 112/400
Job 417: 113/400
Job 417: 114/400
Job 417: 115/400
Job 417: 116/400
Job 417: 117/400
Job 417: 118/400
Job 417: 119/400
Job 417: 120/400
Job 417: 121/400
Job 417: 122/400
Job 417: 123/400
Job 417: 124/400
Job 417: 125/400
Job 417: 126/400
Job 417: 127/400
Job 417: 128/400
Job 417: 129/400
Job 417: 130/400
Job 417: 131/400
Job 417: 132/400
Job 417: 133/400
Job 417: 134/400
Job 417: 135/400
Job 417: 136/400
Job 417: 137/400
Job 417: 138/400
Job 417: 139/400
Job 417: 140/400
Job 417: 141/400
Job 417: 142/400
Job 417: 143/400
Job 417: 144/400
Job 417: 145/400
Job 417: 146/400
Job 417: 147/400
Job 417: 148/400
Job 417: 149/400
Job 417: 150/400
Job 417: 151/400
Job 417: 152/400
Job 417: 153/400
Job 417: 154/400
Job 417: 155/400
Job 417: 156/400
Job 417: 157/400
Job 417: 158/400
Job 417: 159/400
Job 417: 160/400
Job 417: 161/400
Job 417: 162/400
Job 417: 163/400
Job 417: 164/400
Job 417: 165/400
Job 417: 166/400
Job 417: 167/400
Job 417: 168/400
Job 417: 169/400
Job 417: 170/400
Job 417: 171/400
Job 417: 172/400
Job 417: 173/400
Job 417: 174/400
Job 417: 175/400
Job 417: 176/400
Job 417: 177/400
Job 417: 178/400
Job 417: 179/400
Job 417: 180/400
Job 417: 181/400
Job 417: 182/400
Job 417: 183/400
Job 417: 184/400
Job 417: 185/400
Job 417: 186/400
Job 417: 187/400
Job 417: 188/400
Job 417: 189/400
Job 417: 190/400
Job 417: 191/400
Job 417: 192/400
Job 417: 193/400
Job 417: 194/400
Job 417: 195/400
Job 417: 196/400
Job 417: 197/400
Job 417: 198/400
Job 417: 199/400
Job 417: 200/400
Job 417: 201/400
Job 417: 202/400
Job 417: 203/400
Job 417: 204/400
Job 417: 205/400
Job 417: 206/400
Job 417: 207/400
Job 417: 208/400
Job 417: 209/400
Job 417: 210/400
Job 417: 211/400
Job 417: 212/400
Job 417: 213/400
Job 417: 214/400
Job 417: 215/400
Job 417: 216/400
Job 417: 217/400
Job 417: 218/400
Job 417: 219/400
Job 417: 220/400
Job 417: 221/400
Job 417: 222/400
Job 417: 223/400
Job 417: 224/400
Job 417: 225/400
Job 417: 226/400
Job 417: 227/400
Job 417: 228/400
Job 417: 229/400
Job 417: 230/400
Job 417: 231/400
Job 417: 232/400
Job 417: 233/400
Job 417: 234/400
Job 417: 235/400
Job 417: 236/400
Job 417: 237/400
Job 417: 238/400
Job 417: 239/400
Job 417: 240/400
Job 417: 241/400
Job 417: 242/400
Job 417: 243/400
Job 417: 244/400
Job 417: 245/400
Job 417: 246/400
Job 417: 247/400
Job 417: 248/400
Job 417: 249/400
Job 417: 250/400
Job 417: 251/400
Job 417: 252/400
Job 417: 253/400
Job 417: 254/400
Job 417: 255/400
Job 417: 256/400
Job 417: 257/400
Job 417: 258/400
Job 417: 259/400
Job 417: 260/400
Job 417: 261/400
Job 417: 262/400
Job 417: 263/400
Job 417: 264/400
Job 417: 265/400
Job 417: 266/400
Job 417: 267/400
Job 417: 268/400
Job 417: 269/400
Job 417: 270/400
Job 417: 271/400
Job 417: 272/400
Job 417: 273/400
Job 417: 274/400
Job 417: 275/400
Job 417: 276/400
Job 417: 277/400
Job 417: 278/400
Job 417: 279/400
Job 417: 280/400
Job 417: 281/400
Job 417: 282/400
Job 417: 283/400
Job 417: 284/400
Job 417: 285/400
Job 417: 286/400
Job 417: 287/400
Job 417: 288/400
Job 417: 289/400
Job 417: 290/400
Job 417: 291/400
Job 417: 292/400
Job 417: 293/400
Job 417: 294/400
Job 417: 295/400
Job 417: 296/400
Job 417: 297/400
Job 417: 298/400
Job 417: 299/400
Job 417: 300/400
Job 417: 301/400
Job 417: 302/400
Job 417: 303/400
Job 417: 304/400
Job 417: 305/400
Job 417: 306/400
Job 417: 307/400
Job 417: 308/400
Job 417: 309/400
Job 417: 310/400
Job 417: 311/400
Job 417: 312/400
Job 417: 313/400
Job 417: 314/400
Job 417: 315/400
Job 417: 316/400
Job 417: 317/400
Job 417: 318/400
Job 417: 319/400
Job 417: 320/400
Job 417: 321/400
Job 417: 322/400
Job 417: 323/400
Job 417: 324/400
Job 417: 325/400
Job 417: 326/400
Job 417: 327/400
Job 417: 328/400
Job 417: 329/400
Job 417: 330/400
Job 417: 331/400
Job 417: 332/400
Job 417: 333/400
Job 417: 334/400
Job 417: 335/400
Job 417: 336/400
Job 417: 337/400
Job 417: 338/400
Job 417: 339/400
Job 417: 340/400
Job 417: 341/400
Job 417: 342/400
Job 417: 343/400
Job 417: 344/400
Job 417: 345/400
Job 417: 346/400
Job 417: 347/400
Job 417: 348/400
Job 417: 349/400
Job 417: 350/400
Job 417: 351/400
Job 417: 352/400
Job 417: 353/400
Job 417: 354/400
Job 417: 355/400
Job 417: 356/400
Job 417: 357/400
Job 417: 358/400
Job 417: 359/400
Job 417: 360/400
Job 417: 361/400
Job 417: 362/400
Job 417: 363/400
Job 417: 364/400
Job 417: 365/400
Job 417: 366/400
Job 417: 367/400
Job 417: 368/400
Job 417: 369/400
Job 417: 370/400
Job 417: 371/400
Job 417: 372/400
Job 417: 373/400
Job 417: 374/400
Job 417: 375/400
Job 417: 376/400
Job 417: 377/400
Job 417: 378/400
Job 417: 379/400
Job 417: 380/400
Job 417: 381/400
Job 417: 382/400
Job 417: 383/400
Job 417: 384/400
Job 417: 385/400
Job 417: 386/400
Job 417: 387/400
Job 417: 388/400
Job 417: 389/400
Job 417: 390/400
Job 417: 391/400
Job 417: 392/400
Job 417: 393/400
Job 417: 394/400
Job 417: 395/400
Job 417: 396/400
Job 417: 397/400
Job 417: 398/400
Job 417: 399/400
Job 417: 400/400
