Registered S3 methods overwritten by 'susieSlide':
  method              from  
  coef.susie          susieR
  predict.susie       susieR
  print.summary.susie susieR
  summary.susie       susieR
Job 393: 1/400
Job 393: 2/400
Job 393: 3/400
Job 393: 4/400
Job 393: 5/400
Job 393: 6/400
Job 393: 7/400
Job 393: 8/400
Job 393: 9/400
Job 393: 10/400
Job 393: 11/400
Job 393: 12/400
Job 393: 13/400
Job 393: 14/400
Job 393: 15/400
Job 393: 16/400
Job 393: 17/400
Job 393: 18/400
Job 393: 19/400
Job 393: 20/400
Job 393: 21/400
Job 393: 22/400
Job 393: 23/400
Job 393: 24/400
Job 393: 25/400
Job 393: 26/400
Job 393: 27/400
Job 393: 28/400
Job 393: 29/400
Job 393: 30/400
Job 393: 31/400
Job 393: 32/400
Job 393: 33/400
Job 393: 34/400
Job 393: 35/400
Job 393: 36/400
Job 393: 37/400
Job 393: 38/400
Job 393: 39/400
Job 393: 40/400
Job 393: 41/400
Job 393: 42/400
Job 393: 43/400
Job 393: 44/400
Job 393: 45/400
Job 393: 46/400
Job 393: 47/400
Job 393: 48/400
Job 393: 49/400
Job 393: 50/400
Job 393: 51/400
Job 393: 52/400
Job 393: 53/400
Job 393: 54/400
Job 393: 55/400
Job 393: 56/400
Job 393: 57/400
Job 393: 58/400
Job 393: 59/400
Job 393: 60/400
Job 393: 61/400
Job 393: 62/400
Job 393: 63/400
Job 393: 64/400
Job 393: 65/400
Job 393: 66/400
Job 393: 67/400
Job 393: 68/400
Job 393: 69/400
Job 393: 70/400
Job 393: 71/400
Job 393: 72/400
Job 393: 73/400
Job 393: 74/400
Job 393: 75/400
Job 393: 76/400
Job 393: 77/400
Job 393: 78/400
Job 393: 79/400
Job 393: 80/400
Job 393: 81/400
Job 393: 82/400
Job 393: 83/400
Job 393: 84/400
Job 393: 85/400
Job 393: 86/400
Job 393: 87/400
Job 393: 88/400
Job 393: 89/400
Job 393: 90/400
Job 393: 91/400
Job 393: 92/400
Job 393: 93/400
Job 393: 94/400
Job 393: 95/400
Job 393: 96/400
Job 393: 97/400
Job 393: 98/400
Job 393: 99/400
Job 393: 100/400
Job 393: 101/400
Job 393: 102/400
Job 393: 103/400
Job 393: 104/400
Job 393: 105/400
Job 393: 106/400
Job 393: 107/400
Job 393: 108/400
Job 393: 109/400
Job 393: 110/400
Job 393: 111/400
Job 393: 112/400
Job 393: 113/400
Job 393: 114/400
Job 393: 115/400
Job 393: 116/400
Job 393: 117/400
Job 393: 118/400
Job 393: 119/400
Job 393: 120/400
Job 393: 121/400
Job 393: 122/400
Job 393: 123/400
Job 393: 124/400
Job 393: 125/400
Job 393: 126/400
Job 393: 127/400
Job 393: 128/400
Job 393: 129/400
Job 393: 130/400
Job 393: 131/400
Job 393: 132/400
Job 393: 133/400
Job 393: 134/400
Job 393: 135/400
Job 393: 136/400
Job 393: 137/400
Job 393: 138/400
Job 393: 139/400
Job 393: 140/400
Job 393: 141/400
Job 393: 142/400
Job 393: 143/400
Job 393: 144/400
Job 393: 145/400
Job 393: 146/400
Job 393: 147/400
Job 393: 148/400
Job 393: 149/400
Job 393: 150/400
Job 393: 151/400
Job 393: 152/400
Job 393: 153/400
Job 393: 154/400
Job 393: 155/400
Job 393: 156/400
Job 393: 157/400
Job 393: 158/400
Job 393: 159/400
Job 393: 160/400
Job 393: 161/400
Job 393: 162/400
Job 393: 163/400
Job 393: 164/400
Job 393: 165/400
Job 393: 166/400
Job 393: 167/400
Job 393: 168/400
Job 393: 169/400
Job 393: 170/400
Job 393: 171/400
Job 393: 172/400
Job 393: 173/400
Job 393: 174/400
Job 393: 175/400
Job 393: 176/400
Job 393: 177/400
Job 393: 178/400
Job 393: 179/400
Job 393: 180/400
Job 393: 181/400
Job 393: 182/400
Job 393: 183/400
Job 393: 184/400
Job 393: 185/400
Job 393: 186/400
Job 393: 187/400
Job 393: 188/400
Job 393: 189/400
Job 393: 190/400
Job 393: 191/400
Job 393: 192/400
Job 393: 193/400
Job 393: 194/400
Job 393: 195/400
Job 393: 196/400
Job 393: 197/400
Job 393: 198/400
Job 393: 199/400
Job 393: 200/400
Job 393: 201/400
Job 393: 202/400
Job 393: 203/400
Job 393: 204/400
Job 393: 205/400
Job 393: 206/400
Job 393: 207/400
Job 393: 208/400
Job 393: 209/400
Job 393: 210/400
Job 393: 211/400
Job 393: 212/400
Job 393: 213/400
Job 393: 214/400
Job 393: 215/400
Job 393: 216/400
Job 393: 217/400
Job 393: 218/400
Job 393: 219/400
Job 393: 220/400
Job 393: 221/400
Job 393: 222/400
Job 393: 223/400
Job 393: 224/400
Job 393: 225/400
Job 393: 226/400
Job 393: 227/400
Job 393: 228/400
Job 393: 229/400
Job 393: 230/400
Job 393: 231/400
Job 393: 232/400
Job 393: 233/400
Job 393: 234/400
Job 393: 235/400
Job 393: 236/400
Job 393: 237/400
Job 393: 238/400
Job 393: 239/400
Job 393: 240/400
Job 393: 241/400
Job 393: 242/400
Job 393: 243/400
Job 393: 244/400
Job 393: 245/400
Job 393: 246/400
Job 393: 247/400
Job 393: 248/400
Job 393: 249/400
Job 393: 250/400
Job 393: 251/400
Job 393: 252/400
Job 393: 253/400
Job 393: 254/400
Job 393: 255/400
Job 393: 256/400
Job 393: 257/400
Job 393: 258/400
Job 393: 259/400
Job 393: 260/400
Job 393: 261/400
Job 393: 262/400
Job 393: 263/400
Job 393: 264/400
Job 393: 265/400
Job 393: 266/400
Job 393: 267/400
Job 393: 268/400
Job 393: 269/400
Job 393: 270/400
Job 393: 271/400
Job 393: 272/400
Job 393: 273/400
Job 393: 274/400
Job 393: 275/400
Job 393: 276/400
Job 393: 277/400
Job 393: 278/400
Job 393: 279/400
Job 393: 280/400
Job 393: 281/400
Job 393: 282/400
Job 393: 283/400
Job 393: 284/400
Job 393: 285/400
Job 393: 286/400
Job 393: 287/400
Job 393: 288/400
Job 393: 289/400
Job 393: 290/400
Job 393: 291/400
Job 393: 292/400
Job 393: 293/400
Job 393: 294/400
Job 393: 295/400
Job 393: 296/400
Job 393: 297/400
Job 393: 298/400
Job 393: 299/400
Job 393: 300/400
Job 393: 301/400
Job 393: 302/400
Job 393: 303/400
Job 393: 304/400
Job 393: 305/400
Job 393: 306/400
Job 393: 307/400
Job 393: 308/400
Job 393: 309/400
Job 393: 310/400
Job 393: 311/400
Job 393: 312/400
Job 393: 313/400
Job 393: 314/400
Job 393: 315/400
Job 393: 316/400
Job 393: 317/400
Job 393: 318/400
Job 393: 319/400
Job 393: 320/400
Job 393: 321/400
Job 393: 322/400
Job 393: 323/400
Job 393: 324/400
Job 393: 325/400
Job 393: 326/400
Job 393: 327/400
Job 393: 328/400
Job 393: 329/400
Job 393: 330/400
Job 393: 331/400
Job 393: 332/400
Job 393: 333/400
Job 393: 334/400
Job 393: 335/400
Job 393: 336/400
Job 393: 337/400
Job 393: 338/400
Job 393: 339/400
Job 393: 340/400
Job 393: 341/400
Job 393: 342/400
Job 393: 343/400
Job 393: 344/400
Job 393: 345/400
Job 393: 346/400
Job 393: 347/400
Job 393: 348/400
Job 393: 349/400
Job 393: 350/400
Job 393: 351/400
Job 393: 352/400
Job 393: 353/400
Job 393: 354/400
Job 393: 355/400
Job 393: 356/400
Job 393: 357/400
Job 393: 358/400
Job 393: 359/400
Job 393: 360/400
Job 393: 361/400
Job 393: 362/400
Job 393: 363/400
Job 393: 364/400
Job 393: 365/400
Job 393: 366/400
Job 393: 367/400
Job 393: 368/400
Job 393: 369/400
Job 393: 370/400
Job 393: 371/400
Job 393: 372/400
Job 393: 373/400
Job 393: 374/400
Job 393: 375/400
Job 393: 376/400
Job 393: 377/400
Job 393: 378/400
Job 393: 379/400
Job 393: 380/400
Job 393: 381/400
Job 393: 382/400
Job 393: 383/400
Job 393: 384/400
Job 393: 385/400
Job 393: 386/400
Job 393: 387/400
Job 393: 388/400
Job 393: 389/400
Job 393: 390/400
Job 393: 391/400
Job 393: 392/400
Job 393: 393/400
Job 393: 394/400
Job 393: 395/400
Job 393: 396/400
Job 393: 397/400
Job 393: 398/400
Job 393: 399/400
Job 393: 400/400
