Registered S3 methods overwritten by 'susieSlide':
  method              from  
  coef.susie          susieR
  predict.susie       susieR
  print.summary.susie susieR
  summary.susie       susieR
Job 248: 1/400
Job 248: 2/400
Job 248: 3/400
Job 248: 4/400
Job 248: 5/400
Job 248: 6/400
Job 248: 7/400
Job 248: 8/400
Job 248: 9/400
Job 248: 10/400
Job 248: 11/400
Job 248: 12/400
Job 248: 13/400
Job 248: 14/400
Job 248: 15/400
Job 248: 16/400
Job 248: 17/400
Job 248: 18/400
Job 248: 19/400
Job 248: 20/400
Job 248: 21/400
Job 248: 22/400
Job 248: 23/400
Job 248: 24/400
Job 248: 25/400
Job 248: 26/400
Job 248: 27/400
Job 248: 28/400
Job 248: 29/400
Job 248: 30/400
Job 248: 31/400
Job 248: 32/400
Job 248: 33/400
Job 248: 34/400
Job 248: 35/400
Job 248: 36/400
Job 248: 37/400
Job 248: 38/400
Job 248: 39/400
Job 248: 40/400
Job 248: 41/400
Job 248: 42/400
Job 248: 43/400
Job 248: 44/400
Job 248: 45/400
Job 248: 46/400
Job 248: 47/400
Job 248: 48/400
Job 248: 49/400
Job 248: 50/400
Job 248: 51/400
Job 248: 52/400
Job 248: 53/400
Job 248: 54/400
Job 248: 55/400
Job 248: 56/400
Job 248: 57/400
Job 248: 58/400
Job 248: 59/400
Job 248: 60/400
Job 248: 61/400
Job 248: 62/400
Job 248: 63/400
Job 248: 64/400
Job 248: 65/400
Job 248: 66/400
Job 248: 67/400
Job 248: 68/400
Job 248: 69/400
Job 248: 70/400
Job 248: 71/400
Job 248: 72/400
Job 248: 73/400
Job 248: 74/400
Job 248: 75/400
Job 248: 76/400
Job 248: 77/400
Job 248: 78/400
Job 248: 79/400
Job 248: 80/400
Job 248: 81/400
Job 248: 82/400
Job 248: 83/400
Job 248: 84/400
Job 248: 85/400
Job 248: 86/400
Job 248: 87/400
Job 248: 88/400
Job 248: 89/400
Job 248: 90/400
Job 248: 91/400
Job 248: 92/400
Job 248: 93/400
Job 248: 94/400
Job 248: 95/400
Job 248: 96/400
Job 248: 97/400
Job 248: 98/400
Job 248: 99/400
Job 248: 100/400
Job 248: 101/400
Job 248: 102/400
Job 248: 103/400
Job 248: 104/400
Job 248: 105/400
Job 248: 106/400
Job 248: 107/400
Job 248: 108/400
Job 248: 109/400
Job 248: 110/400
Job 248: 111/400
Job 248: 112/400
Job 248: 113/400
Job 248: 114/400
Job 248: 115/400
Job 248: 116/400
Job 248: 117/400
Job 248: 118/400
Job 248: 119/400
Job 248: 120/400
Job 248: 121/400
Job 248: 122/400
Job 248: 123/400
Job 248: 124/400
Job 248: 125/400
Job 248: 126/400
Job 248: 127/400
Job 248: 128/400
Job 248: 129/400
Job 248: 130/400
Job 248: 131/400
Job 248: 132/400
Job 248: 133/400
Job 248: 134/400
Job 248: 135/400
Job 248: 136/400
Job 248: 137/400
Job 248: 138/400
Job 248: 139/400
Job 248: 140/400
Job 248: 141/400
Job 248: 142/400
Job 248: 143/400
Job 248: 144/400
Job 248: 145/400
Job 248: 146/400
Job 248: 147/400
Job 248: 148/400
Job 248: 149/400
Job 248: 150/400
Job 248: 151/400
Job 248: 152/400
Job 248: 153/400
Job 248: 154/400
Job 248: 155/400
Job 248: 156/400
Job 248: 157/400
Job 248: 158/400
Job 248: 159/400
Job 248: 160/400
Job 248: 161/400
Job 248: 162/400
Job 248: 163/400
Job 248: 164/400
Job 248: 165/400
Job 248: 166/400
Job 248: 167/400
Job 248: 168/400
Job 248: 169/400
Job 248: 170/400
Job 248: 171/400
Job 248: 172/400
Job 248: 173/400
Job 248: 174/400
Job 248: 175/400
Job 248: 176/400
Job 248: 177/400
Job 248: 178/400
Job 248: 179/400
Job 248: 180/400
Job 248: 181/400
Job 248: 182/400
Job 248: 183/400
Job 248: 184/400
Job 248: 185/400
Job 248: 186/400
Job 248: 187/400
Job 248: 188/400
Job 248: 189/400
Job 248: 190/400
Job 248: 191/400
Job 248: 192/400
Job 248: 193/400
Job 248: 194/400
Job 248: 195/400
Job 248: 196/400
Job 248: 197/400
Job 248: 198/400
Job 248: 199/400
Job 248: 200/400
Job 248: 201/400
Job 248: 202/400
Job 248: 203/400
Job 248: 204/400
Job 248: 205/400
Job 248: 206/400
Job 248: 207/400
Job 248: 208/400
Job 248: 209/400
Job 248: 210/400
Job 248: 211/400
Job 248: 212/400
Job 248: 213/400
Job 248: 214/400
Job 248: 215/400
Job 248: 216/400
Job 248: 217/400
Job 248: 218/400
Job 248: 219/400
Job 248: 220/400
Job 248: 221/400
Job 248: 222/400
Job 248: 223/400
Job 248: 224/400
Job 248: 225/400
Job 248: 226/400
Job 248: 227/400
Job 248: 228/400
Job 248: 229/400
Job 248: 230/400
Job 248: 231/400
Job 248: 232/400
Job 248: 233/400
Job 248: 234/400
Job 248: 235/400
Job 248: 236/400
Job 248: 237/400
Job 248: 238/400
Job 248: 239/400
Job 248: 240/400
Job 248: 241/400
Job 248: 242/400
Job 248: 243/400
Job 248: 244/400
Job 248: 245/400
Job 248: 246/400
Job 248: 247/400
Job 248: 248/400
Job 248: 249/400
Job 248: 250/400
Job 248: 251/400
Job 248: 252/400
Job 248: 253/400
Job 248: 254/400
Job 248: 255/400
Job 248: 256/400
Job 248: 257/400
Job 248: 258/400
Job 248: 259/400
Job 248: 260/400
Job 248: 261/400
Job 248: 262/400
Job 248: 263/400
Job 248: 264/400
Job 248: 265/400
Job 248: 266/400
Job 248: 267/400
Job 248: 268/400
Job 248: 269/400
Job 248: 270/400
Job 248: 271/400
Job 248: 272/400
Job 248: 273/400
Job 248: 274/400
Job 248: 275/400
Job 248: 276/400
Job 248: 277/400
Job 248: 278/400
Job 248: 279/400
Job 248: 280/400
Job 248: 281/400
Job 248: 282/400
Job 248: 283/400
Job 248: 284/400
Job 248: 285/400
Job 248: 286/400
Job 248: 287/400
Job 248: 288/400
Job 248: 289/400
Job 248: 290/400
Job 248: 291/400
Job 248: 292/400
Job 248: 293/400
Job 248: 294/400
Job 248: 295/400
Job 248: 296/400
Job 248: 297/400
Job 248: 298/400
Job 248: 299/400
Job 248: 300/400
Job 248: 301/400
Job 248: 302/400
Job 248: 303/400
Job 248: 304/400
Job 248: 305/400
Job 248: 306/400
Job 248: 307/400
Job 248: 308/400
Job 248: 309/400
Job 248: 310/400
Job 248: 311/400
Job 248: 312/400
Job 248: 313/400
Job 248: 314/400
Job 248: 315/400
Job 248: 316/400
Job 248: 317/400
Job 248: 318/400
Job 248: 319/400
Job 248: 320/400
Job 248: 321/400
Job 248: 322/400
Job 248: 323/400
Job 248: 324/400
Job 248: 325/400
Job 248: 326/400
Job 248: 327/400
Job 248: 328/400
Job 248: 329/400
Job 248: 330/400
Job 248: 331/400
Job 248: 332/400
Job 248: 333/400
Job 248: 334/400
Job 248: 335/400
Job 248: 336/400
Job 248: 337/400
Job 248: 338/400
Job 248: 339/400
Job 248: 340/400
Job 248: 341/400
Job 248: 342/400
Job 248: 343/400
Job 248: 344/400
Job 248: 345/400
Job 248: 346/400
Job 248: 347/400
Job 248: 348/400
Job 248: 349/400
Job 248: 350/400
Job 248: 351/400
Job 248: 352/400
Job 248: 353/400
Job 248: 354/400
Job 248: 355/400
Job 248: 356/400
Job 248: 357/400
Job 248: 358/400
Job 248: 359/400
Job 248: 360/400
Job 248: 361/400
Job 248: 362/400
Job 248: 363/400
Job 248: 364/400
Job 248: 365/400
Job 248: 366/400
Job 248: 367/400
Job 248: 368/400
Job 248: 369/400
Job 248: 370/400
Job 248: 371/400
Job 248: 372/400
Job 248: 373/400
Job 248: 374/400
Job 248: 375/400
Job 248: 376/400
Job 248: 377/400
Job 248: 378/400
Job 248: 379/400
Job 248: 380/400
Job 248: 381/400
Job 248: 382/400
Job 248: 383/400
Job 248: 384/400
Job 248: 385/400
Job 248: 386/400
Job 248: 387/400
Job 248: 388/400
Job 248: 389/400
Job 248: 390/400
Job 248: 391/400
Job 248: 392/400
Job 248: 393/400
Job 248: 394/400
Job 248: 395/400
Job 248: 396/400
Job 248: 397/400
Job 248: 398/400
Job 248: 399/400
Job 248: 400/400
