Registered S3 methods overwritten by 'susieSlide':
  method              from  
  coef.susie          susieR
  predict.susie       susieR
  print.summary.susie susieR
  summary.susie       susieR
Job 373: 1/400
Job 373: 2/400
Job 373: 3/400
Job 373: 4/400
Job 373: 5/400
Job 373: 6/400
Job 373: 7/400
Job 373: 8/400
Job 373: 9/400
Job 373: 10/400
Job 373: 11/400
Job 373: 12/400
Job 373: 13/400
Job 373: 14/400
Job 373: 15/400
Job 373: 16/400
Job 373: 17/400
Job 373: 18/400
Job 373: 19/400
Job 373: 20/400
Job 373: 21/400
Job 373: 22/400
Job 373: 23/400
Job 373: 24/400
Job 373: 25/400
Job 373: 26/400
Job 373: 27/400
Job 373: 28/400
Job 373: 29/400
Job 373: 30/400
Job 373: 31/400
Job 373: 32/400
Job 373: 33/400
Job 373: 34/400
Job 373: 35/400
Job 373: 36/400
Job 373: 37/400
Job 373: 38/400
Job 373: 39/400
Job 373: 40/400
Job 373: 41/400
Job 373: 42/400
Job 373: 43/400
Job 373: 44/400
Job 373: 45/400
Job 373: 46/400
Job 373: 47/400
Job 373: 48/400
Job 373: 49/400
Job 373: 50/400
Job 373: 51/400
Job 373: 52/400
Job 373: 53/400
Job 373: 54/400
Job 373: 55/400
Job 373: 56/400
Job 373: 57/400
Job 373: 58/400
Job 373: 59/400
Job 373: 60/400
Job 373: 61/400
Job 373: 62/400
Job 373: 63/400
Job 373: 64/400
Job 373: 65/400
Job 373: 66/400
Job 373: 67/400
Job 373: 68/400
Job 373: 69/400
Job 373: 70/400
Job 373: 71/400
Job 373: 72/400
Job 373: 73/400
Job 373: 74/400
Job 373: 75/400
Job 373: 76/400
Job 373: 77/400
Job 373: 78/400
Job 373: 79/400
Job 373: 80/400
Job 373: 81/400
Job 373: 82/400
Job 373: 83/400
Job 373: 84/400
Job 373: 85/400
Job 373: 86/400
Job 373: 87/400
Job 373: 88/400
Job 373: 89/400
Job 373: 90/400
Job 373: 91/400
Job 373: 92/400
Job 373: 93/400
Job 373: 94/400
Job 373: 95/400
Job 373: 96/400
Job 373: 97/400
Job 373: 98/400
Job 373: 99/400
Job 373: 100/400
Job 373: 101/400
Job 373: 102/400
Job 373: 103/400
Job 373: 104/400
Job 373: 105/400
Job 373: 106/400
Job 373: 107/400
Job 373: 108/400
Job 373: 109/400
Job 373: 110/400
Job 373: 111/400
Job 373: 112/400
Job 373: 113/400
Job 373: 114/400
Job 373: 115/400
Job 373: 116/400
Job 373: 117/400
Job 373: 118/400
Job 373: 119/400
Job 373: 120/400
Job 373: 121/400
Job 373: 122/400
Job 373: 123/400
Job 373: 124/400
Job 373: 125/400
Job 373: 126/400
Job 373: 127/400
Job 373: 128/400
Job 373: 129/400
Job 373: 130/400
Job 373: 131/400
Job 373: 132/400
Job 373: 133/400
Job 373: 134/400
Job 373: 135/400
Job 373: 136/400
Job 373: 137/400
Job 373: 138/400
Job 373: 139/400
Job 373: 140/400
Job 373: 141/400
Job 373: 142/400
Job 373: 143/400
Job 373: 144/400
Job 373: 145/400
Job 373: 146/400
Job 373: 147/400
Job 373: 148/400
Job 373: 149/400
Job 373: 150/400
Job 373: 151/400
Job 373: 152/400
Job 373: 153/400
Job 373: 154/400
Job 373: 155/400
Job 373: 156/400
Job 373: 157/400
Job 373: 158/400
Job 373: 159/400
Job 373: 160/400
Job 373: 161/400
Job 373: 162/400
Job 373: 163/400
Job 373: 164/400
Job 373: 165/400
Job 373: 166/400
Job 373: 167/400
Job 373: 168/400
Job 373: 169/400
Job 373: 170/400
Job 373: 171/400
Job 373: 172/400
Job 373: 173/400
Job 373: 174/400
Job 373: 175/400
Job 373: 176/400
Job 373: 177/400
Job 373: 178/400
Job 373: 179/400
Job 373: 180/400
Job 373: 181/400
Job 373: 182/400
Job 373: 183/400
Job 373: 184/400
Job 373: 185/400
Job 373: 186/400
Job 373: 187/400
Job 373: 188/400
Job 373: 189/400
Job 373: 190/400
Job 373: 191/400
Job 373: 192/400
Job 373: 193/400
Job 373: 194/400
Job 373: 195/400
Job 373: 196/400
Job 373: 197/400
Job 373: 198/400
Job 373: 199/400
Job 373: 200/400
Job 373: 201/400
Job 373: 202/400
Job 373: 203/400
Job 373: 204/400
Job 373: 205/400
Job 373: 206/400
Job 373: 207/400
Job 373: 208/400
Job 373: 209/400
Job 373: 210/400
Job 373: 211/400
Job 373: 212/400
Job 373: 213/400
Job 373: 214/400
Job 373: 215/400
Job 373: 216/400
Job 373: 217/400
Job 373: 218/400
Job 373: 219/400
Job 373: 220/400
Job 373: 221/400
Job 373: 222/400
Job 373: 223/400
Job 373: 224/400
Job 373: 225/400
Job 373: 226/400
Job 373: 227/400
Job 373: 228/400
Job 373: 229/400
Job 373: 230/400
Job 373: 231/400
Job 373: 232/400
Job 373: 233/400
Job 373: 234/400
Job 373: 235/400
Job 373: 236/400
Job 373: 237/400
Job 373: 238/400
Job 373: 239/400
Job 373: 240/400
Job 373: 241/400
Job 373: 242/400
Job 373: 243/400
Job 373: 244/400
Job 373: 245/400
Job 373: 246/400
Job 373: 247/400
Job 373: 248/400
Job 373: 249/400
Job 373: 250/400
Job 373: 251/400
Job 373: 252/400
Job 373: 253/400
Job 373: 254/400
Job 373: 255/400
Job 373: 256/400
Job 373: 257/400
Job 373: 258/400
Job 373: 259/400
Job 373: 260/400
Job 373: 261/400
Job 373: 262/400
Job 373: 263/400
Job 373: 264/400
Job 373: 265/400
Job 373: 266/400
Job 373: 267/400
Job 373: 268/400
Job 373: 269/400
Job 373: 270/400
Job 373: 271/400
Job 373: 272/400
Job 373: 273/400
Job 373: 274/400
Job 373: 275/400
Job 373: 276/400
Job 373: 277/400
Job 373: 278/400
Job 373: 279/400
Job 373: 280/400
Job 373: 281/400
Job 373: 282/400
Job 373: 283/400
Job 373: 284/400
Job 373: 285/400
Job 373: 286/400
Job 373: 287/400
Job 373: 288/400
Job 373: 289/400
Job 373: 290/400
Job 373: 291/400
Job 373: 292/400
Job 373: 293/400
Job 373: 294/400
Job 373: 295/400
Job 373: 296/400
Job 373: 297/400
Job 373: 298/400
Job 373: 299/400
Job 373: 300/400
Job 373: 301/400
Job 373: 302/400
Job 373: 303/400
Job 373: 304/400
Job 373: 305/400
Job 373: 306/400
Job 373: 307/400
Job 373: 308/400
Job 373: 309/400
Job 373: 310/400
Job 373: 311/400
Job 373: 312/400
Job 373: 313/400
Job 373: 314/400
Job 373: 315/400
Job 373: 316/400
Job 373: 317/400
Job 373: 318/400
Job 373: 319/400
Job 373: 320/400
Job 373: 321/400
Job 373: 322/400
Job 373: 323/400
Job 373: 324/400
Job 373: 325/400
Job 373: 326/400
Job 373: 327/400
Job 373: 328/400
Job 373: 329/400
Job 373: 330/400
Job 373: 331/400
Job 373: 332/400
Job 373: 333/400
Job 373: 334/400
Job 373: 335/400
Job 373: 336/400
Job 373: 337/400
Job 373: 338/400
Job 373: 339/400
Job 373: 340/400
Job 373: 341/400
Job 373: 342/400
Job 373: 343/400
Job 373: 344/400
Job 373: 345/400
Job 373: 346/400
Job 373: 347/400
Job 373: 348/400
Job 373: 349/400
Job 373: 350/400
Job 373: 351/400
Job 373: 352/400
Job 373: 353/400
Job 373: 354/400
Job 373: 355/400
Job 373: 356/400
Job 373: 357/400
Job 373: 358/400
Job 373: 359/400
Job 373: 360/400
Job 373: 361/400
Job 373: 362/400
Job 373: 363/400
Job 373: 364/400
Job 373: 365/400
Job 373: 366/400
Job 373: 367/400
Job 373: 368/400
Job 373: 369/400
Job 373: 370/400
Job 373: 371/400
Job 373: 372/400
Job 373: 373/400
Job 373: 374/400
Job 373: 375/400
Job 373: 376/400
Job 373: 377/400
Job 373: 378/400
Job 373: 379/400
Job 373: 380/400
Job 373: 381/400
Job 373: 382/400
Job 373: 383/400
Job 373: 384/400
Job 373: 385/400
Job 373: 386/400
Job 373: 387/400
Job 373: 388/400
Job 373: 389/400
Job 373: 390/400
Job 373: 391/400
Job 373: 392/400
Job 373: 393/400
Job 373: 394/400
Job 373: 395/400
Job 373: 396/400
Job 373: 397/400
Job 373: 398/400
Job 373: 399/400
Job 373: 400/400
Warning message:
In data.table::fread(raw_file, data.table = FALSE) :
  Discarded single-line footer: <<0	GTEX-S4UY	0	0	0	-9	2	2	2	2	2	2	2	2	2	2	2	2	2	2	2	2	2	2	2	2	2	2	2	2	1	2	2	2	2	1	2	2	2	2	1	2	2	2	0	2	2	2	2	2	2	2	2	2	2	2	2	2	2	2	2	2	2	2	2	2	2	2	2	2	2	2	2	2	2	2	2	2	2	2	2	2	2	2	2	2	2	2	2	2	2	2	2	2	2	2	2	2	2	2	2	2	2	2	2	2	2	2	2	2	2	2	2	2	2	2	0	2	2	2	2	2	2	2	2	2	2	2	2	2	2	2	2	2	2	2	2	2	2	2	2	2	2	2	2	2	2	2	2	2	2	2	2	2	2	2	0	2	0	2	2	2	0	2	2	2	2	2	2	2	2	NA	2	2	2	2	2	2	2	2	2	2	2	2	2	2	2	2	2	2	2	2	2	2	2	2	2	2	2	0	2	2	2	2	2	2	2	2	2	2	2	2	2	2	2	2	2	2	2	2	2	2	2	0	2	0	2	2	2	2	2	0	2	2	2	2	2	2	2	2	2	2	2	2	0	>>
