Registered S3 methods overwritten by 'susieSlide':
  method              from  
  coef.susie          susieR
  predict.susie       susieR
  print.summary.susie susieR
  summary.susie       susieR
Job 124: 1/400
Job 124: 2/400
Job 124: 3/400
Job 124: 4/400
Job 124: 5/400
Job 124: 6/400
Job 124: 7/400
Job 124: 8/400
Job 124: 9/400
Job 124: 10/400
Job 124: 11/400
Job 124: 12/400
Job 124: 13/400
Job 124: 14/400
Job 124: 15/400
Job 124: 16/400
Job 124: 17/400
Job 124: 18/400
Job 124: 19/400
Job 124: 20/400
Job 124: 21/400
Job 124: 22/400
Job 124: 23/400
Job 124: 24/400
Job 124: 25/400
Job 124: 26/400
Job 124: 27/400
Job 124: 28/400
Job 124: 29/400
Job 124: 30/400
Job 124: 31/400
Job 124: 32/400
Job 124: 33/400
Job 124: 34/400
Job 124: 35/400
Job 124: 36/400
Job 124: 37/400
Job 124: 38/400
Job 124: 39/400
Job 124: 40/400
Job 124: 41/400
Job 124: 42/400
Job 124: 43/400
Job 124: 44/400
Job 124: 45/400
Job 124: 46/400
Job 124: 47/400
Job 124: 48/400
Job 124: 49/400
Job 124: 50/400
Job 124: 51/400
Job 124: 52/400
Job 124: 53/400
Job 124: 54/400
Job 124: 55/400
Job 124: 56/400
Job 124: 57/400
Job 124: 58/400
Job 124: 59/400
Job 124: 60/400
Job 124: 61/400
Job 124: 62/400
Job 124: 63/400
Job 124: 64/400
Job 124: 65/400
Job 124: 66/400
Job 124: 67/400
Job 124: 68/400
Job 124: 69/400
Job 124: 70/400
Job 124: 71/400
Job 124: 72/400
Job 124: 73/400
Job 124: 74/400
Job 124: 75/400
Job 124: 76/400
Job 124: 77/400
Job 124: 78/400
Job 124: 79/400
Job 124: 80/400
Job 124: 81/400
Job 124: 82/400
Job 124: 83/400
Job 124: 84/400
Job 124: 85/400
Job 124: 86/400
Job 124: 87/400
Job 124: 88/400
Job 124: 89/400
Job 124: 90/400
Job 124: 91/400
Job 124: 92/400
Job 124: 93/400
Job 124: 94/400
Job 124: 95/400
Job 124: 96/400
Job 124: 97/400
Job 124: 98/400
Job 124: 99/400
Job 124: 100/400
Job 124: 101/400
Job 124: 102/400
Job 124: 103/400
Job 124: 104/400
Job 124: 105/400
Job 124: 106/400
Job 124: 107/400
Job 124: 108/400
Job 124: 109/400
Job 124: 110/400
Job 124: 111/400
Job 124: 112/400
Job 124: 113/400
Job 124: 114/400
Job 124: 115/400
Job 124: 116/400
Job 124: 117/400
Job 124: 118/400
Job 124: 119/400
Job 124: 120/400
Job 124: 121/400
Job 124: 122/400
Job 124: 123/400
Job 124: 124/400
Job 124: 125/400
Job 124: 126/400
Job 124: 127/400
Job 124: 128/400
Job 124: 129/400
Job 124: 130/400
Job 124: 131/400
Job 124: 132/400
Job 124: 133/400
Job 124: 134/400
Job 124: 135/400
Job 124: 136/400
Job 124: 137/400
Job 124: 138/400
Job 124: 139/400
Job 124: 140/400
Job 124: 141/400
Job 124: 142/400
Job 124: 143/400
Job 124: 144/400
Job 124: 145/400
Job 124: 146/400
Job 124: 147/400
Job 124: 148/400
Job 124: 149/400
Job 124: 150/400
Job 124: 151/400
Job 124: 152/400
Job 124: 153/400
Job 124: 154/400
Job 124: 155/400
Job 124: 156/400
Job 124: 157/400
Job 124: 158/400
Job 124: 159/400
Job 124: 160/400
Job 124: 161/400
Job 124: 162/400
Job 124: 163/400
Job 124: 164/400
Job 124: 165/400
Job 124: 166/400
Job 124: 167/400
Job 124: 168/400
Job 124: 169/400
Job 124: 170/400
Job 124: 171/400
Job 124: 172/400
Job 124: 173/400
Job 124: 174/400
Job 124: 175/400
Job 124: 176/400
Job 124: 177/400
Job 124: 178/400
Job 124: 179/400
Job 124: 180/400
Job 124: 181/400
Job 124: 182/400
Job 124: 183/400
Job 124: 184/400
Job 124: 185/400
Job 124: 186/400
Job 124: 187/400
Job 124: 188/400
Job 124: 189/400
Job 124: 190/400
Job 124: 191/400
Job 124: 192/400
Job 124: 193/400
Job 124: 194/400
Job 124: 195/400
Job 124: 196/400
Job 124: 197/400
Job 124: 198/400
Job 124: 199/400
Job 124: 200/400
Job 124: 201/400
Job 124: 202/400
Job 124: 203/400
Job 124: 204/400
Job 124: 205/400
Job 124: 206/400
Job 124: 207/400
Job 124: 208/400
Job 124: 209/400
Job 124: 210/400
Job 124: 211/400
Job 124: 212/400
Job 124: 213/400
Job 124: 214/400
Job 124: 215/400
Job 124: 216/400
Job 124: 217/400
Job 124: 218/400
Job 124: 219/400
Job 124: 220/400
Job 124: 221/400
Job 124: 222/400
Job 124: 223/400
Job 124: 224/400
Job 124: 225/400
Job 124: 226/400
Job 124: 227/400
Job 124: 228/400
Job 124: 229/400
Job 124: 230/400
Job 124: 231/400
Job 124: 232/400
Job 124: 233/400
Job 124: 234/400
Job 124: 235/400
Job 124: 236/400
Job 124: 237/400
Job 124: 238/400
Job 124: 239/400
Job 124: 240/400
Job 124: 241/400
Job 124: 242/400
Job 124: 243/400
Job 124: 244/400
Job 124: 245/400
Job 124: 246/400
Job 124: 247/400
Job 124: 248/400
Job 124: 249/400
Job 124: 250/400
Job 124: 251/400
Job 124: 252/400
Job 124: 253/400
Job 124: 254/400
Job 124: 255/400
Job 124: 256/400
Job 124: 257/400
Job 124: 258/400
Job 124: 259/400
Job 124: 260/400
Job 124: 261/400
Job 124: 262/400
Job 124: 263/400
Job 124: 264/400
Job 124: 265/400
Job 124: 266/400
Job 124: 267/400
Job 124: 268/400
Job 124: 269/400
Job 124: 270/400
Job 124: 271/400
Job 124: 272/400
Job 124: 273/400
Job 124: 274/400
Job 124: 275/400
Job 124: 276/400
Job 124: 277/400
Job 124: 278/400
Job 124: 279/400
Job 124: 280/400
Job 124: 281/400
Job 124: 282/400
Job 124: 283/400
Job 124: 284/400
Job 124: 285/400
Job 124: 286/400
Job 124: 287/400
Job 124: 288/400
Job 124: 289/400
Job 124: 290/400
Job 124: 291/400
Job 124: 292/400
Job 124: 293/400
Job 124: 294/400
Job 124: 295/400
Job 124: 296/400
Job 124: 297/400
Job 124: 298/400
Job 124: 299/400
Job 124: 300/400
Job 124: 301/400
Job 124: 302/400
Job 124: 303/400
Job 124: 304/400
Job 124: 305/400
Job 124: 306/400
Job 124: 307/400
Job 124: 308/400
Job 124: 309/400
Job 124: 310/400
Job 124: 311/400
Job 124: 312/400
Job 124: 313/400
Job 124: 314/400
Job 124: 315/400
Job 124: 316/400
Job 124: 317/400
Job 124: 318/400
Job 124: 319/400
Job 124: 320/400
Job 124: 321/400
Job 124: 322/400
Job 124: 323/400
Job 124: 324/400
Job 124: 325/400
Job 124: 326/400
Job 124: 327/400
Job 124: 328/400
Job 124: 329/400
Job 124: 330/400
Job 124: 331/400
Job 124: 332/400
Job 124: 333/400
Job 124: 334/400
Job 124: 335/400
Job 124: 336/400
Job 124: 337/400
Job 124: 338/400
Job 124: 339/400
Job 124: 340/400
Job 124: 341/400
Job 124: 342/400
Job 124: 343/400
Job 124: 344/400
Job 124: 345/400
Job 124: 346/400
Job 124: 347/400
Job 124: 348/400
Job 124: 349/400
Job 124: 350/400
Job 124: 351/400
Job 124: 352/400
Job 124: 353/400
Job 124: 354/400
Job 124: 355/400
Job 124: 356/400
Job 124: 357/400
Job 124: 358/400
Job 124: 359/400
Job 124: 360/400
Job 124: 361/400
Job 124: 362/400
Job 124: 363/400
Job 124: 364/400
Job 124: 365/400
Job 124: 366/400
Job 124: 367/400
Job 124: 368/400
Job 124: 369/400
Job 124: 370/400
Job 124: 371/400
Job 124: 372/400
Job 124: 373/400
Job 124: 374/400
Job 124: 375/400
Job 124: 376/400
Job 124: 377/400
Job 124: 378/400
Job 124: 379/400
Job 124: 380/400
Job 124: 381/400
Job 124: 382/400
Job 124: 383/400
Job 124: 384/400
Job 124: 385/400
Job 124: 386/400
Job 124: 387/400
Job 124: 388/400
Job 124: 389/400
Job 124: 390/400
Job 124: 391/400
Job 124: 392/400
Job 124: 393/400
Job 124: 394/400
Job 124: 395/400
Job 124: 396/400
Job 124: 397/400
Job 124: 398/400
Job 124: 399/400
Job 124: 400/400
