Registered S3 methods overwritten by 'susieSlide':
  method              from  
  coef.susie          susieR
  predict.susie       susieR
  print.summary.susie susieR
  summary.susie       susieR
Job 207: 1/400
Job 207: 2/400
Job 207: 3/400
Job 207: 4/400
Job 207: 5/400
Job 207: 6/400
Job 207: 7/400
Job 207: 8/400
Job 207: 9/400
Job 207: 10/400
Job 207: 11/400
Job 207: 12/400
Job 207: 13/400
Job 207: 14/400
Job 207: 15/400
Job 207: 16/400
Job 207: 17/400
Job 207: 18/400
Job 207: 19/400
Job 207: 20/400
Job 207: 21/400
Job 207: 22/400
Job 207: 23/400
Job 207: 24/400
Job 207: 25/400
Job 207: 26/400
Job 207: 27/400
Job 207: 28/400
Job 207: 29/400
Job 207: 30/400
Job 207: 31/400
Job 207: 32/400
Job 207: 33/400
Job 207: 34/400
Job 207: 35/400
Job 207: 36/400
Job 207: 37/400
Job 207: 38/400
Job 207: 39/400
Job 207: 40/400
Job 207: 41/400
Job 207: 42/400
Job 207: 43/400
Job 207: 44/400
Job 207: 45/400
Job 207: 46/400
Job 207: 47/400
Job 207: 48/400
Job 207: 49/400
Job 207: 50/400
Job 207: 51/400
Job 207: 52/400
Job 207: 53/400
Job 207: 54/400
Job 207: 55/400
Job 207: 56/400
Job 207: 57/400
Job 207: 58/400
Job 207: 59/400
Job 207: 60/400
Job 207: 61/400
Job 207: 62/400
Job 207: 63/400
Job 207: 64/400
Job 207: 65/400
Job 207: 66/400
Job 207: 67/400
Job 207: 68/400
Job 207: 69/400
Job 207: 70/400
Job 207: 71/400
Job 207: 72/400
Job 207: 73/400
Job 207: 74/400
Job 207: 75/400
Job 207: 76/400
Job 207: 77/400
Job 207: 78/400
Job 207: 79/400
Job 207: 80/400
Job 207: 81/400
Job 207: 82/400
Job 207: 83/400
Job 207: 84/400
Job 207: 85/400
Job 207: 86/400
Job 207: 87/400
Job 207: 88/400
Job 207: 89/400
Job 207: 90/400
Job 207: 91/400
Job 207: 92/400
Job 207: 93/400
Job 207: 94/400
Job 207: 95/400
Job 207: 96/400
Job 207: 97/400
Job 207: 98/400
Job 207: 99/400
Job 207: 100/400
Job 207: 101/400
Job 207: 102/400
Job 207: 103/400
Job 207: 104/400
Job 207: 105/400
Job 207: 106/400
Job 207: 107/400
Job 207: 108/400
Job 207: 109/400
Job 207: 110/400
Job 207: 111/400
Job 207: 112/400
Job 207: 113/400
Job 207: 114/400
Job 207: 115/400
Job 207: 116/400
Job 207: 117/400
Job 207: 118/400
Job 207: 119/400
Job 207: 120/400
Job 207: 121/400
Job 207: 122/400
Job 207: 123/400
Job 207: 124/400
Job 207: 125/400
Job 207: 126/400
Job 207: 127/400
Job 207: 128/400
Job 207: 129/400
Job 207: 130/400
Job 207: 131/400
Job 207: 132/400
Job 207: 133/400
Job 207: 134/400
Job 207: 135/400
Job 207: 136/400
Job 207: 137/400
Job 207: 138/400
Job 207: 139/400
Job 207: 140/400
Job 207: 141/400
Job 207: 142/400
Job 207: 143/400
Job 207: 144/400
Job 207: 145/400
Job 207: 146/400
Job 207: 147/400
Job 207: 148/400
Job 207: 149/400
Job 207: 150/400
Job 207: 151/400
Job 207: 152/400
Job 207: 153/400
Job 207: 154/400
Job 207: 155/400
Job 207: 156/400
Job 207: 157/400
Job 207: 158/400
Job 207: 159/400
Job 207: 160/400
Job 207: 161/400
Job 207: 162/400
Job 207: 163/400
Job 207: 164/400
Job 207: 165/400
Job 207: 166/400
Job 207: 167/400
Job 207: 168/400
Job 207: 169/400
Job 207: 170/400
Job 207: 171/400
Job 207: 172/400
Job 207: 173/400
Job 207: 174/400
Job 207: 175/400
Job 207: 176/400
Job 207: 177/400
Job 207: 178/400
Job 207: 179/400
Job 207: 180/400
Job 207: 181/400
Job 207: 182/400
Job 207: 183/400
Job 207: 184/400
Job 207: 185/400
Job 207: 186/400
Job 207: 187/400
Job 207: 188/400
Job 207: 189/400
Job 207: 190/400
Job 207: 191/400
Job 207: 192/400
Job 207: 193/400
Job 207: 194/400
Job 207: 195/400
Job 207: 196/400
Job 207: 197/400
Job 207: 198/400
Job 207: 199/400
Job 207: 200/400
Job 207: 201/400
Job 207: 202/400
Job 207: 203/400
Job 207: 204/400
Job 207: 205/400
Job 207: 206/400
Job 207: 207/400
Job 207: 208/400
Job 207: 209/400
Job 207: 210/400
Job 207: 211/400
Job 207: 212/400
Job 207: 213/400
Job 207: 214/400
Job 207: 215/400
Job 207: 216/400
Job 207: 217/400
Job 207: 218/400
Job 207: 219/400
Job 207: 220/400
Job 207: 221/400
Job 207: 222/400
Job 207: 223/400
Job 207: 224/400
Job 207: 225/400
Job 207: 226/400
Job 207: 227/400
Job 207: 228/400
Job 207: 229/400
Job 207: 230/400
Job 207: 231/400
Job 207: 232/400
Job 207: 233/400
Job 207: 234/400
Job 207: 235/400
Job 207: 236/400
Job 207: 237/400
Job 207: 238/400
Job 207: 239/400
Job 207: 240/400
Job 207: 241/400
Job 207: 242/400
Job 207: 243/400
Job 207: 244/400
Job 207: 245/400
Job 207: 246/400
Job 207: 247/400
Job 207: 248/400
Job 207: 249/400
Job 207: 250/400
Job 207: 251/400
Job 207: 252/400
Job 207: 253/400
Job 207: 254/400
Job 207: 255/400
Job 207: 256/400
Job 207: 257/400
Job 207: 258/400
Job 207: 259/400
Job 207: 260/400
Job 207: 261/400
Job 207: 262/400
Job 207: 263/400
Job 207: 264/400
Job 207: 265/400
Job 207: 266/400
Job 207: 267/400
Job 207: 268/400
Job 207: 269/400
Job 207: 270/400
Job 207: 271/400
Job 207: 272/400
Job 207: 273/400
Job 207: 274/400
Job 207: 275/400
Job 207: 276/400
Job 207: 277/400
Job 207: 278/400
Job 207: 279/400
Job 207: 280/400
Job 207: 281/400
Job 207: 282/400
Job 207: 283/400
Job 207: 284/400
Job 207: 285/400
Job 207: 286/400
Job 207: 287/400
Job 207: 288/400
Job 207: 289/400
Job 207: 290/400
Job 207: 291/400
Job 207: 292/400
Job 207: 293/400
Job 207: 294/400
Job 207: 295/400
Job 207: 296/400
Job 207: 297/400
Job 207: 298/400
Job 207: 299/400
Job 207: 300/400
Job 207: 301/400
Job 207: 302/400
Job 207: 303/400
Job 207: 304/400
Job 207: 305/400
Job 207: 306/400
Job 207: 307/400
Job 207: 308/400
Job 207: 309/400
Job 207: 310/400
Job 207: 311/400
Job 207: 312/400
Job 207: 313/400
Job 207: 314/400
Job 207: 315/400
Job 207: 316/400
Job 207: 317/400
Job 207: 318/400
Job 207: 319/400
Job 207: 320/400
Job 207: 321/400
Job 207: 322/400
Job 207: 323/400
Job 207: 324/400
Job 207: 325/400
Job 207: 326/400
Job 207: 327/400
Job 207: 328/400
Job 207: 329/400
Job 207: 330/400
Job 207: 331/400
Job 207: 332/400
Job 207: 333/400
Job 207: 334/400
Job 207: 335/400
Job 207: 336/400
Job 207: 337/400
Job 207: 338/400
Job 207: 339/400
Job 207: 340/400
Job 207: 341/400
Job 207: 342/400
Job 207: 343/400
Job 207: 344/400
Job 207: 345/400
Job 207: 346/400
Job 207: 347/400
Job 207: 348/400
Job 207: 349/400
Job 207: 350/400
Job 207: 351/400
Job 207: 352/400
Job 207: 353/400
Job 207: 354/400
Job 207: 355/400
Job 207: 356/400
Job 207: 357/400
Job 207: 358/400
Job 207: 359/400
Job 207: 360/400
Job 207: 361/400
Job 207: 362/400
Job 207: 363/400
Job 207: 364/400
Job 207: 365/400
Job 207: 366/400
Job 207: 367/400
Job 207: 368/400
Job 207: 369/400
Job 207: 370/400
Job 207: 371/400
Job 207: 372/400
Job 207: 373/400
Job 207: 374/400
Job 207: 375/400
Job 207: 376/400
Job 207: 377/400
Job 207: 378/400
Job 207: 379/400
Job 207: 380/400
Job 207: 381/400
Job 207: 382/400
Job 207: 383/400
Job 207: 384/400
Job 207: 385/400
Job 207: 386/400
Job 207: 387/400
Job 207: 388/400
Job 207: 389/400
Job 207: 390/400
Job 207: 391/400
Job 207: 392/400
Job 207: 393/400
Job 207: 394/400
Job 207: 395/400
Job 207: 396/400
Job 207: 397/400
Job 207: 398/400
Job 207: 399/400
Job 207: 400/400
