Registered S3 methods overwritten by 'susieSlide':
  method              from  
  coef.susie          susieR
  predict.susie       susieR
  print.summary.susie susieR
  summary.susie       susieR
Job 229: 1/400
Job 229: 2/400
Job 229: 3/400
Job 229: 4/400
Job 229: 5/400
Job 229: 6/400
Job 229: 7/400
Job 229: 8/400
Job 229: 9/400
Job 229: 10/400
Job 229: 11/400
Job 229: 12/400
Job 229: 13/400
Job 229: 14/400
Job 229: 15/400
Job 229: 16/400
Job 229: 17/400
Job 229: 18/400
Job 229: 19/400
Job 229: 20/400
Job 229: 21/400
Job 229: 22/400
Job 229: 23/400
Job 229: 24/400
Job 229: 25/400
Job 229: 26/400
Job 229: 27/400
Job 229: 28/400
Job 229: 29/400
Job 229: 30/400
Job 229: 31/400
Job 229: 32/400
Job 229: 33/400
Job 229: 34/400
Job 229: 35/400
Job 229: 36/400
Job 229: 37/400
Job 229: 38/400
Job 229: 39/400
Job 229: 40/400
Job 229: 41/400
Job 229: 42/400
Job 229: 43/400
Job 229: 44/400
Job 229: 45/400
Job 229: 46/400
Job 229: 47/400
Job 229: 48/400
Job 229: 49/400
Job 229: 50/400
Job 229: 51/400
Job 229: 52/400
Job 229: 53/400
Job 229: 54/400
Job 229: 55/400
Job 229: 56/400
Job 229: 57/400
Job 229: 58/400
Job 229: 59/400
Job 229: 60/400
Job 229: 61/400
Job 229: 62/400
Job 229: 63/400
Job 229: 64/400
Job 229: 65/400
Job 229: 66/400
Job 229: 67/400
Job 229: 68/400
Job 229: 69/400
Job 229: 70/400
Job 229: 71/400
Job 229: 72/400
Job 229: 73/400
Job 229: 74/400
Job 229: 75/400
Job 229: 76/400
Job 229: 77/400
Job 229: 78/400
Job 229: 79/400
Job 229: 80/400
Job 229: 81/400
Job 229: 82/400
Job 229: 83/400
Job 229: 84/400
Job 229: 85/400
Job 229: 86/400
Job 229: 87/400
Job 229: 88/400
Job 229: 89/400
Job 229: 90/400
Job 229: 91/400
Job 229: 92/400
Job 229: 93/400
Job 229: 94/400
Job 229: 95/400
Job 229: 96/400
Job 229: 97/400
Job 229: 98/400
Job 229: 99/400
Job 229: 100/400
Job 229: 101/400
Job 229: 102/400
Job 229: 103/400
Job 229: 104/400
Job 229: 105/400
Job 229: 106/400
Job 229: 107/400
Job 229: 108/400
Job 229: 109/400
Job 229: 110/400
Job 229: 111/400
Job 229: 112/400
Job 229: 113/400
Job 229: 114/400
Job 229: 115/400
Job 229: 116/400
Job 229: 117/400
Job 229: 118/400
Job 229: 119/400
Job 229: 120/400
Job 229: 121/400
Job 229: 122/400
Job 229: 123/400
Job 229: 124/400
Job 229: 125/400
Job 229: 126/400
Job 229: 127/400
Job 229: 128/400
Job 229: 129/400
Job 229: 130/400
Job 229: 131/400
Job 229: 132/400
Job 229: 133/400
Job 229: 134/400
Job 229: 135/400
Job 229: 136/400
Job 229: 137/400
Job 229: 138/400
Job 229: 139/400
Job 229: 140/400
Job 229: 141/400
Job 229: 142/400
Job 229: 143/400
Job 229: 144/400
Job 229: 145/400
Job 229: 146/400
Job 229: 147/400
Job 229: 148/400
Job 229: 149/400
Job 229: 150/400
Job 229: 151/400
Job 229: 152/400
Job 229: 153/400
Job 229: 154/400
Job 229: 155/400
Job 229: 156/400
Job 229: 157/400
Job 229: 158/400
Job 229: 159/400
Job 229: 160/400
Job 229: 161/400
Job 229: 162/400
Job 229: 163/400
Job 229: 164/400
Job 229: 165/400
Job 229: 166/400
Job 229: 167/400
Job 229: 168/400
Job 229: 169/400
Job 229: 170/400
Job 229: 171/400
Job 229: 172/400
Job 229: 173/400
Job 229: 174/400
Job 229: 175/400
Job 229: 176/400
Job 229: 177/400
Job 229: 178/400
Job 229: 179/400
Job 229: 180/400
Job 229: 181/400
Job 229: 182/400
Job 229: 183/400
Job 229: 184/400
Job 229: 185/400
Job 229: 186/400
Job 229: 187/400
Job 229: 188/400
Job 229: 189/400
Job 229: 190/400
Job 229: 191/400
Job 229: 192/400
Job 229: 193/400
Job 229: 194/400
Job 229: 195/400
Job 229: 196/400
Job 229: 197/400
Job 229: 198/400
Job 229: 199/400
Job 229: 200/400
Job 229: 201/400
Job 229: 202/400
Job 229: 203/400
Job 229: 204/400
Job 229: 205/400
Job 229: 206/400
Job 229: 207/400
Job 229: 208/400
Job 229: 209/400
Job 229: 210/400
Job 229: 211/400
Job 229: 212/400
Job 229: 213/400
Job 229: 214/400
Job 229: 215/400
Job 229: 216/400
Job 229: 217/400
Job 229: 218/400
Job 229: 219/400
Job 229: 220/400
Job 229: 221/400
Job 229: 222/400
Job 229: 223/400
Job 229: 224/400
Job 229: 225/400
Job 229: 226/400
Job 229: 227/400
Job 229: 228/400
Job 229: 229/400
Job 229: 230/400
Job 229: 231/400
Job 229: 232/400
Job 229: 233/400
Job 229: 234/400
Job 229: 235/400
Job 229: 236/400
Job 229: 237/400
Job 229: 238/400
Job 229: 239/400
Job 229: 240/400
Job 229: 241/400
Job 229: 242/400
Job 229: 243/400
Job 229: 244/400
Job 229: 245/400
Job 229: 246/400
Job 229: 247/400
Job 229: 248/400
Job 229: 249/400
Job 229: 250/400
Job 229: 251/400
Job 229: 252/400
Job 229: 253/400
Job 229: 254/400
Job 229: 255/400
Job 229: 256/400
Job 229: 257/400
Job 229: 258/400
Job 229: 259/400
Job 229: 260/400
Job 229: 261/400
Job 229: 262/400
Job 229: 263/400
Job 229: 264/400
Job 229: 265/400
Job 229: 266/400
Job 229: 267/400
Job 229: 268/400
Job 229: 269/400
Job 229: 270/400
Job 229: 271/400
Job 229: 272/400
Job 229: 273/400
Job 229: 274/400
Job 229: 275/400
Job 229: 276/400
Job 229: 277/400
Job 229: 278/400
Job 229: 279/400
Job 229: 280/400
Job 229: 281/400
Job 229: 282/400
Job 229: 283/400
Job 229: 284/400
Job 229: 285/400
Job 229: 286/400
Job 229: 287/400
Job 229: 288/400
Job 229: 289/400
Job 229: 290/400
Job 229: 291/400
Job 229: 292/400
Job 229: 293/400
Job 229: 294/400
Job 229: 295/400
Job 229: 296/400
Job 229: 297/400
Job 229: 298/400
Job 229: 299/400
Job 229: 300/400
Job 229: 301/400
Job 229: 302/400
Job 229: 303/400
Job 229: 304/400
Job 229: 305/400
Job 229: 306/400
Job 229: 307/400
Job 229: 308/400
Job 229: 309/400
Job 229: 310/400
Job 229: 311/400
Job 229: 312/400
Job 229: 313/400
Job 229: 314/400
Job 229: 315/400
Job 229: 316/400
Job 229: 317/400
Job 229: 318/400
Job 229: 319/400
Job 229: 320/400
Job 229: 321/400
Job 229: 322/400
Job 229: 323/400
Job 229: 324/400
Job 229: 325/400
Job 229: 326/400
Job 229: 327/400
Job 229: 328/400
Job 229: 329/400
Job 229: 330/400
Job 229: 331/400
Job 229: 332/400
Job 229: 333/400
Job 229: 334/400
Job 229: 335/400
Job 229: 336/400
Job 229: 337/400
Job 229: 338/400
Job 229: 339/400
Job 229: 340/400
Job 229: 341/400
Job 229: 342/400
Job 229: 343/400
Job 229: 344/400
Job 229: 345/400
Job 229: 346/400
Job 229: 347/400
Job 229: 348/400
Job 229: 349/400
Job 229: 350/400
Job 229: 351/400
Job 229: 352/400
Job 229: 353/400
Job 229: 354/400
Job 229: 355/400
Job 229: 356/400
Job 229: 357/400
Job 229: 358/400
Job 229: 359/400
Job 229: 360/400
Job 229: 361/400
Job 229: 362/400
Job 229: 363/400
Job 229: 364/400
Job 229: 365/400
Job 229: 366/400
Job 229: 367/400
Job 229: 368/400
Job 229: 369/400
Job 229: 370/400
Job 229: 371/400
Job 229: 372/400
Job 229: 373/400
Job 229: 374/400
Job 229: 375/400
Job 229: 376/400
Job 229: 377/400
Job 229: 378/400
Job 229: 379/400
Job 229: 380/400
Job 229: 381/400
Job 229: 382/400
Job 229: 383/400
Job 229: 384/400
Job 229: 385/400
Job 229: 386/400
Job 229: 387/400
Job 229: 388/400
Job 229: 389/400
Job 229: 390/400
Job 229: 391/400
Job 229: 392/400
Job 229: 393/400
Job 229: 394/400
Job 229: 395/400
Job 229: 396/400
Job 229: 397/400
Job 229: 398/400
Job 229: 399/400
Job 229: 400/400
