Registered S3 methods overwritten by 'susieSlide':
  method              from  
  coef.susie          susieR
  predict.susie       susieR
  print.summary.susie susieR
  summary.susie       susieR
Job 456: 1/400
Job 456: 2/400
Job 456: 3/400
Job 456: 4/400
Job 456: 5/400
Job 456: 6/400
Job 456: 7/400
Job 456: 8/400
Job 456: 9/400
Job 456: 10/400
Job 456: 11/400
Job 456: 12/400
Job 456: 13/400
Job 456: 14/400
Job 456: 15/400
Job 456: 16/400
Job 456: 17/400
Job 456: 18/400
Job 456: 19/400
Job 456: 20/400
Job 456: 21/400
Job 456: 22/400
Job 456: 23/400
Job 456: 24/400
Job 456: 25/400
Job 456: 26/400
Job 456: 27/400
Job 456: 28/400
Job 456: 29/400
Job 456: 30/400
Job 456: 31/400
Job 456: 32/400
Job 456: 33/400
Job 456: 34/400
Job 456: 35/400
Job 456: 36/400
Job 456: 37/400
Job 456: 38/400
Job 456: 39/400
Job 456: 40/400
Job 456: 41/400
Job 456: 42/400
Job 456: 43/400
Job 456: 44/400
Job 456: 45/400
Job 456: 46/400
Job 456: 47/400
Job 456: 48/400
Job 456: 49/400
Job 456: 50/400
Job 456: 51/400
Job 456: 52/400
Job 456: 53/400
Job 456: 54/400
Job 456: 55/400
Job 456: 56/400
Job 456: 57/400
Job 456: 58/400
Job 456: 59/400
Job 456: 60/400
Job 456: 61/400
Job 456: 62/400
Job 456: 63/400
Job 456: 64/400
Job 456: 65/400
Job 456: 66/400
Job 456: 67/400
Job 456: 68/400
Job 456: 69/400
Job 456: 70/400
Job 456: 71/400
Job 456: 72/400
Job 456: 73/400
Job 456: 74/400
Job 456: 75/400
Job 456: 76/400
Job 456: 77/400
Job 456: 78/400
Job 456: 79/400
Job 456: 80/400
Job 456: 81/400
Job 456: 82/400
Job 456: 83/400
Job 456: 84/400
Job 456: 85/400
Job 456: 86/400
Job 456: 87/400
Job 456: 88/400
Job 456: 89/400
Job 456: 90/400
Job 456: 91/400
Job 456: 92/400
Job 456: 93/400
Job 456: 94/400
Job 456: 95/400
Job 456: 96/400
Job 456: 97/400
Job 456: 98/400
Job 456: 99/400
Job 456: 100/400
Job 456: 101/400
Job 456: 102/400
Job 456: 103/400
Job 456: 104/400
Job 456: 105/400
Job 456: 106/400
Job 456: 107/400
Job 456: 108/400
Job 456: 109/400
Job 456: 110/400
Job 456: 111/400
Job 456: 112/400
Job 456: 113/400
Job 456: 114/400
Job 456: 115/400
Job 456: 116/400
Job 456: 117/400
Job 456: 118/400
Job 456: 119/400
Job 456: 120/400
Job 456: 121/400
Job 456: 122/400
Job 456: 123/400
Job 456: 124/400
Job 456: 125/400
Job 456: 126/400
Job 456: 127/400
Job 456: 128/400
Job 456: 129/400
Job 456: 130/400
Job 456: 131/400
Job 456: 132/400
Job 456: 133/400
Job 456: 134/400
Job 456: 135/400
Job 456: 136/400
Job 456: 137/400
Job 456: 138/400
Job 456: 139/400
Job 456: 140/400
Job 456: 141/400
Job 456: 142/400
Job 456: 143/400
Job 456: 144/400
Job 456: 145/400
Job 456: 146/400
Job 456: 147/400
Job 456: 148/400
Job 456: 149/400
Job 456: 150/400
Job 456: 151/400
Job 456: 152/400
Job 456: 153/400
Job 456: 154/400
Job 456: 155/400
Job 456: 156/400
Job 456: 157/400
Job 456: 158/400
Job 456: 159/400
Job 456: 160/400
Job 456: 161/400
Job 456: 162/400
Job 456: 163/400
Job 456: 164/400
Job 456: 165/400
Job 456: 166/400
Job 456: 167/400
Job 456: 168/400
Job 456: 169/400
Job 456: 170/400
Job 456: 171/400
Job 456: 172/400
Job 456: 173/400
Job 456: 174/400
Job 456: 175/400
Job 456: 176/400
Job 456: 177/400
Job 456: 178/400
Job 456: 179/400
Job 456: 180/400
Job 456: 181/400
Job 456: 182/400
Job 456: 183/400
Job 456: 184/400
Job 456: 185/400
Job 456: 186/400
Job 456: 187/400
Job 456: 188/400
Job 456: 189/400
Job 456: 190/400
Job 456: 191/400
Job 456: 192/400
Job 456: 193/400
Job 456: 194/400
Job 456: 195/400
Job 456: 196/400
Job 456: 197/400
Job 456: 198/400
Job 456: 199/400
Job 456: 200/400
Job 456: 201/400
Job 456: 202/400
Job 456: 203/400
Job 456: 204/400
Job 456: 205/400
Job 456: 206/400
Job 456: 207/400
Job 456: 208/400
Job 456: 209/400
Job 456: 210/400
Job 456: 211/400
Job 456: 212/400
Job 456: 213/400
Job 456: 214/400
Job 456: 215/400
Job 456: 216/400
Job 456: 217/400
Job 456: 218/400
Job 456: 219/400
Job 456: 220/400
Job 456: 221/400
Job 456: 222/400
Job 456: 223/400
Job 456: 224/400
Job 456: 225/400
Job 456: 226/400
Job 456: 227/400
Job 456: 228/400
Job 456: 229/400
Job 456: 230/400
Job 456: 231/400
Job 456: 232/400
Job 456: 233/400
Job 456: 234/400
Job 456: 235/400
Job 456: 236/400
Job 456: 237/400
Job 456: 238/400
Job 456: 239/400
Job 456: 240/400
Job 456: 241/400
Job 456: 242/400
Job 456: 243/400
Job 456: 244/400
Job 456: 245/400
Job 456: 246/400
Job 456: 247/400
Job 456: 248/400
Job 456: 249/400
Job 456: 250/400
Job 456: 251/400
Job 456: 252/400
Job 456: 253/400
Job 456: 254/400
Job 456: 255/400
Job 456: 256/400
Job 456: 257/400
Job 456: 258/400
Job 456: 259/400
Job 456: 260/400
Job 456: 261/400
Job 456: 262/400
Job 456: 263/400
Job 456: 264/400
Job 456: 265/400
Job 456: 266/400
Job 456: 267/400
Job 456: 268/400
Job 456: 269/400
Job 456: 270/400
Job 456: 271/400
Job 456: 272/400
Job 456: 273/400
Job 456: 274/400
Job 456: 275/400
Job 456: 276/400
Job 456: 277/400
Job 456: 278/400
Job 456: 279/400
Job 456: 280/400
Job 456: 281/400
Job 456: 282/400
Job 456: 283/400
Job 456: 284/400
Job 456: 285/400
Job 456: 286/400
Job 456: 287/400
Job 456: 288/400
Job 456: 289/400
Job 456: 290/400
Job 456: 291/400
Job 456: 292/400
Job 456: 293/400
Job 456: 294/400
Job 456: 295/400
Job 456: 296/400
Job 456: 297/400
Job 456: 298/400
Job 456: 299/400
Job 456: 300/400
Job 456: 301/400
Job 456: 302/400
Job 456: 303/400
Job 456: 304/400
Job 456: 305/400
Job 456: 306/400
Job 456: 307/400
Job 456: 308/400
Job 456: 309/400
Job 456: 310/400
Job 456: 311/400
Job 456: 312/400
Job 456: 313/400
Job 456: 314/400
Job 456: 315/400
Job 456: 316/400
Job 456: 317/400
Job 456: 318/400
Job 456: 319/400
Job 456: 320/400
Job 456: 321/400
Job 456: 322/400
Job 456: 323/400
Job 456: 324/400
Job 456: 325/400
Job 456: 326/400
Job 456: 327/400
Job 456: 328/400
Job 456: 329/400
Job 456: 330/400
Job 456: 331/400
Job 456: 332/400
Job 456: 333/400
Job 456: 334/400
Job 456: 335/400
Job 456: 336/400
Job 456: 337/400
Job 456: 338/400
Job 456: 339/400
Job 456: 340/400
Job 456: 341/400
Job 456: 342/400
Job 456: 343/400
Job 456: 344/400
Job 456: 345/400
Job 456: 346/400
Job 456: 347/400
Job 456: 348/400
Job 456: 349/400
Job 456: 350/400
Job 456: 351/400
Job 456: 352/400
Job 456: 353/400
Job 456: 354/400
Job 456: 355/400
Job 456: 356/400
Job 456: 357/400
Job 456: 358/400
Job 456: 359/400
Job 456: 360/400
Job 456: 361/400
Job 456: 362/400
Job 456: 363/400
Job 456: 364/400
Job 456: 365/400
Job 456: 366/400
Job 456: 367/400
Job 456: 368/400
Job 456: 369/400
Job 456: 370/400
Job 456: 371/400
Job 456: 372/400
Job 456: 373/400
Job 456: 374/400
Job 456: 375/400
Job 456: 376/400
Job 456: 377/400
Job 456: 378/400
Job 456: 379/400
Job 456: 380/400
Job 456: 381/400
Job 456: 382/400
Job 456: 383/400
Job 456: 384/400
Job 456: 385/400
Job 456: 386/400
Job 456: 387/400
Job 456: 388/400
Job 456: 389/400
Job 456: 390/400
Job 456: 391/400
Job 456: 392/400
Job 456: 393/400
Job 456: 394/400
Job 456: 395/400
Job 456: 396/400
Job 456: 397/400
Job 456: 398/400
Job 456: 399/400
Job 456: 400/400
