Registered S3 methods overwritten by 'susieSlide':
  method              from  
  coef.susie          susieR
  predict.susie       susieR
  print.summary.susie susieR
  summary.susie       susieR
Job 183: 1/400
Job 183: 2/400
Job 183: 3/400
Job 183: 4/400
Job 183: 5/400
Job 183: 6/400
Job 183: 7/400
Job 183: 8/400
Job 183: 9/400
Job 183: 10/400
Job 183: 11/400
Job 183: 12/400
Job 183: 13/400
Job 183: 14/400
Job 183: 15/400
Job 183: 16/400
Job 183: 17/400
Job 183: 18/400
Job 183: 19/400
Job 183: 20/400
Job 183: 21/400
Job 183: 22/400
Job 183: 23/400
Job 183: 24/400
Job 183: 25/400
Job 183: 26/400
Job 183: 27/400
Job 183: 28/400
Job 183: 29/400
Job 183: 30/400
Job 183: 31/400
Job 183: 32/400
Job 183: 33/400
Job 183: 34/400
Job 183: 35/400
Job 183: 36/400
Job 183: 37/400
Job 183: 38/400
Job 183: 39/400
Job 183: 40/400
Job 183: 41/400
Job 183: 42/400
Job 183: 43/400
Job 183: 44/400
Job 183: 45/400
Job 183: 46/400
Job 183: 47/400
Job 183: 48/400
Job 183: 49/400
Job 183: 50/400
Job 183: 51/400
Job 183: 52/400
Job 183: 53/400
Job 183: 54/400
Job 183: 55/400
Job 183: 56/400
Job 183: 57/400
Job 183: 58/400
Job 183: 59/400
Job 183: 60/400
Job 183: 61/400
Job 183: 62/400
Job 183: 63/400
Job 183: 64/400
Job 183: 65/400
Job 183: 66/400
Job 183: 67/400
Job 183: 68/400
Job 183: 69/400
Job 183: 70/400
Job 183: 71/400
Job 183: 72/400
Job 183: 73/400
Job 183: 74/400
Job 183: 75/400
Job 183: 76/400
Job 183: 77/400
Job 183: 78/400
Job 183: 79/400
Job 183: 80/400
Job 183: 81/400
Job 183: 82/400
Job 183: 83/400
Job 183: 84/400
Job 183: 85/400
Job 183: 86/400
Job 183: 87/400
Job 183: 88/400
Job 183: 89/400
Job 183: 90/400
Job 183: 91/400
Job 183: 92/400
Job 183: 93/400
Job 183: 94/400
Job 183: 95/400
Job 183: 96/400
Job 183: 97/400
Job 183: 98/400
Job 183: 99/400
Job 183: 100/400
Job 183: 101/400
Job 183: 102/400
Job 183: 103/400
Job 183: 104/400
Job 183: 105/400
Job 183: 106/400
Job 183: 107/400
Job 183: 108/400
Job 183: 109/400
Job 183: 110/400
Job 183: 111/400
Job 183: 112/400
Job 183: 113/400
Job 183: 114/400
Job 183: 115/400
Job 183: 116/400
Job 183: 117/400
Job 183: 118/400
Job 183: 119/400
Job 183: 120/400
Job 183: 121/400
Job 183: 122/400
Job 183: 123/400
Job 183: 124/400
Job 183: 125/400
Job 183: 126/400
Job 183: 127/400
Job 183: 128/400
Job 183: 129/400
Job 183: 130/400
Job 183: 131/400
Job 183: 132/400
Job 183: 133/400
Job 183: 134/400
Job 183: 135/400
Job 183: 136/400
Job 183: 137/400
Job 183: 138/400
Job 183: 139/400
Job 183: 140/400
Job 183: 141/400
Job 183: 142/400
Job 183: 143/400
Job 183: 144/400
Job 183: 145/400
Job 183: 146/400
Job 183: 147/400
Job 183: 148/400
Job 183: 149/400
Job 183: 150/400
Job 183: 151/400
Job 183: 152/400
Job 183: 153/400
Job 183: 154/400
Job 183: 155/400
Job 183: 156/400
Job 183: 157/400
Job 183: 158/400
Job 183: 159/400
Job 183: 160/400
Job 183: 161/400
Job 183: 162/400
Job 183: 163/400
Job 183: 164/400
Job 183: 165/400
Job 183: 166/400
Job 183: 167/400
Job 183: 168/400
Job 183: 169/400
Job 183: 170/400
Job 183: 171/400
Job 183: 172/400
Job 183: 173/400
Job 183: 174/400
Job 183: 175/400
Job 183: 176/400
Job 183: 177/400
Job 183: 178/400
Job 183: 179/400
Job 183: 180/400
Job 183: 181/400
Job 183: 182/400
Job 183: 183/400
Job 183: 184/400
Job 183: 185/400
Job 183: 186/400
Job 183: 187/400
Job 183: 188/400
Job 183: 189/400
Job 183: 190/400
Job 183: 191/400
Job 183: 192/400
Job 183: 193/400
Job 183: 194/400
Job 183: 195/400
Job 183: 196/400
Job 183: 197/400
Job 183: 198/400
Job 183: 199/400
Job 183: 200/400
Job 183: 201/400
Job 183: 202/400
Job 183: 203/400
Job 183: 204/400
Job 183: 205/400
Job 183: 206/400
Job 183: 207/400
Job 183: 208/400
Job 183: 209/400
Job 183: 210/400
Job 183: 211/400
Job 183: 212/400
Job 183: 213/400
Job 183: 214/400
Job 183: 215/400
Job 183: 216/400
Job 183: 217/400
Job 183: 218/400
Job 183: 219/400
Job 183: 220/400
Job 183: 221/400
Job 183: 222/400
Job 183: 223/400
Job 183: 224/400
Job 183: 225/400
Job 183: 226/400
Job 183: 227/400
Job 183: 228/400
Job 183: 229/400
Job 183: 230/400
Job 183: 231/400
Job 183: 232/400
Job 183: 233/400
Job 183: 234/400
Job 183: 235/400
Job 183: 236/400
Job 183: 237/400
Job 183: 238/400
Job 183: 239/400
Job 183: 240/400
Job 183: 241/400
Job 183: 242/400
Job 183: 243/400
Job 183: 244/400
Job 183: 245/400
Job 183: 246/400
Job 183: 247/400
Job 183: 248/400
Job 183: 249/400
Job 183: 250/400
Job 183: 251/400
Job 183: 252/400
Job 183: 253/400
Job 183: 254/400
Job 183: 255/400
Job 183: 256/400
Job 183: 257/400
Job 183: 258/400
Job 183: 259/400
Job 183: 260/400
Job 183: 261/400
Job 183: 262/400
Job 183: 263/400
Job 183: 264/400
Job 183: 265/400
Job 183: 266/400
Job 183: 267/400
Job 183: 268/400
Job 183: 269/400
Job 183: 270/400
Job 183: 271/400
Job 183: 272/400
Job 183: 273/400
Job 183: 274/400
Job 183: 275/400
Job 183: 276/400
Job 183: 277/400
Job 183: 278/400
Job 183: 279/400
Job 183: 280/400
Job 183: 281/400
Job 183: 282/400
Job 183: 283/400
Job 183: 284/400
Job 183: 285/400
Job 183: 286/400
Job 183: 287/400
Job 183: 288/400
Job 183: 289/400
Job 183: 290/400
Job 183: 291/400
Job 183: 292/400
Job 183: 293/400
Job 183: 294/400
Job 183: 295/400
Job 183: 296/400
Job 183: 297/400
Job 183: 298/400
Job 183: 299/400
Job 183: 300/400
Job 183: 301/400
Job 183: 302/400
Job 183: 303/400
Job 183: 304/400
Job 183: 305/400
Job 183: 306/400
Job 183: 307/400
Job 183: 308/400
Job 183: 309/400
Job 183: 310/400
Job 183: 311/400
Job 183: 312/400
Job 183: 313/400
Job 183: 314/400
Job 183: 315/400
Job 183: 316/400
Job 183: 317/400
Job 183: 318/400
Job 183: 319/400
Job 183: 320/400
Job 183: 321/400
Job 183: 322/400
Job 183: 323/400
Job 183: 324/400
Job 183: 325/400
Job 183: 326/400
Job 183: 327/400
Job 183: 328/400
Job 183: 329/400
Job 183: 330/400
Job 183: 331/400
Job 183: 332/400
Job 183: 333/400
Job 183: 334/400
Job 183: 335/400
Job 183: 336/400
Job 183: 337/400
Job 183: 338/400
Job 183: 339/400
Job 183: 340/400
Job 183: 341/400
Job 183: 342/400
Job 183: 343/400
Job 183: 344/400
Job 183: 345/400
Job 183: 346/400
Job 183: 347/400
Job 183: 348/400
Job 183: 349/400
Job 183: 350/400
Job 183: 351/400
Job 183: 352/400
Job 183: 353/400
Job 183: 354/400
Job 183: 355/400
Job 183: 356/400
Job 183: 357/400
Job 183: 358/400
Job 183: 359/400
Job 183: 360/400
Job 183: 361/400
Job 183: 362/400
Job 183: 363/400
Job 183: 364/400
Job 183: 365/400
Job 183: 366/400
Job 183: 367/400
Job 183: 368/400
Job 183: 369/400
Job 183: 370/400
Job 183: 371/400
Job 183: 372/400
Job 183: 373/400
Job 183: 374/400
Job 183: 375/400
Job 183: 376/400
Job 183: 377/400
Job 183: 378/400
Job 183: 379/400
Job 183: 380/400
Job 183: 381/400
Job 183: 382/400
Job 183: 383/400
Job 183: 384/400
Job 183: 385/400
Job 183: 386/400
Job 183: 387/400
Job 183: 388/400
Job 183: 389/400
Job 183: 390/400
Job 183: 391/400
Job 183: 392/400
Job 183: 393/400
Job 183: 394/400
Job 183: 395/400
Job 183: 396/400
Job 183: 397/400
Job 183: 398/400
Job 183: 399/400
Job 183: 400/400
