Registered S3 methods overwritten by 'susieSlide':
  method              from  
  coef.susie          susieR
  predict.susie       susieR
  print.summary.susie susieR
  summary.susie       susieR
Job 560: 1/400
Job 560: 2/400
Job 560: 3/400
Job 560: 4/400
Job 560: 5/400
Job 560: 6/400
Job 560: 7/400
Job 560: 8/400
Job 560: 9/400
Job 560: 10/400
Job 560: 11/400
Job 560: 12/400
Job 560: 13/400
Job 560: 14/400
Job 560: 15/400
Job 560: 16/400
Job 560: 17/400
Job 560: 18/400
Job 560: 19/400
Job 560: 20/400
Job 560: 21/400
Job 560: 22/400
Job 560: 23/400
Job 560: 24/400
Job 560: 25/400
Job 560: 26/400
Job 560: 27/400
Job 560: 28/400
Job 560: 29/400
Job 560: 30/400
Job 560: 31/400
Job 560: 32/400
Job 560: 33/400
Job 560: 34/400
Job 560: 35/400
Job 560: 36/400
Job 560: 37/400
Job 560: 38/400
Job 560: 39/400
Job 560: 40/400
Job 560: 41/400
Job 560: 42/400
Job 560: 43/400
Job 560: 44/400
Job 560: 45/400
Job 560: 46/400
Job 560: 47/400
Job 560: 48/400
Job 560: 49/400
Job 560: 50/400
Job 560: 51/400
Job 560: 52/400
Job 560: 53/400
Job 560: 54/400
Job 560: 55/400
Job 560: 56/400
Job 560: 57/400
Job 560: 58/400
Job 560: 59/400
Job 560: 60/400
Job 560: 61/400
Job 560: 62/400
Job 560: 63/400
Job 560: 64/400
Job 560: 65/400
Job 560: 66/400
Job 560: 67/400
Job 560: 68/400
Job 560: 69/400
Job 560: 70/400
Job 560: 71/400
Job 560: 72/400
Job 560: 73/400
Job 560: 74/400
Job 560: 75/400
Job 560: 76/400
Job 560: 77/400
Job 560: 78/400
Job 560: 79/400
Job 560: 80/400
Job 560: 81/400
Job 560: 82/400
Job 560: 83/400
Job 560: 84/400
Job 560: 85/400
Job 560: 86/400
Job 560: 87/400
Job 560: 88/400
Job 560: 89/400
Job 560: 90/400
Job 560: 91/400
Job 560: 92/400
Job 560: 93/400
Job 560: 94/400
Job 560: 95/400
Job 560: 96/400
Job 560: 97/400
Job 560: 98/400
Job 560: 99/400
Job 560: 100/400
Job 560: 101/400
Job 560: 102/400
Job 560: 103/400
Job 560: 104/400
Job 560: 105/400
Job 560: 106/400
Job 560: 107/400
Job 560: 108/400
Job 560: 109/400
Job 560: 110/400
Job 560: 111/400
Job 560: 112/400
Job 560: 113/400
Job 560: 114/400
Job 560: 115/400
Job 560: 116/400
Job 560: 117/400
Job 560: 118/400
Job 560: 119/400
Job 560: 120/400
Job 560: 121/400
Job 560: 122/400
Job 560: 123/400
Job 560: 124/400
Job 560: 125/400
Job 560: 126/400
Job 560: 127/400
Job 560: 128/400
Job 560: 129/400
Job 560: 130/400
Job 560: 131/400
Job 560: 132/400
Job 560: 133/400
Job 560: 134/400
Job 560: 135/400
Job 560: 136/400
Job 560: 137/400
Job 560: 138/400
Job 560: 139/400
Job 560: 140/400
Job 560: 141/400
Job 560: 142/400
Job 560: 143/400
Job 560: 144/400
Job 560: 145/400
Job 560: 146/400
Job 560: 147/400
Job 560: 148/400
Job 560: 149/400
Job 560: 150/400
Job 560: 151/400
Job 560: 152/400
Job 560: 153/400
Job 560: 154/400
Job 560: 155/400
Job 560: 156/400
Job 560: 157/400
Job 560: 158/400
Job 560: 159/400
Job 560: 160/400
Job 560: 161/400
Job 560: 162/400
Job 560: 163/400
Job 560: 164/400
Job 560: 165/400
Job 560: 166/400
Job 560: 167/400
Job 560: 168/400
Job 560: 169/400
Job 560: 170/400
Job 560: 171/400
Job 560: 172/400
Job 560: 173/400
Job 560: 174/400
Job 560: 175/400
Job 560: 176/400
Job 560: 177/400
Job 560: 178/400
Job 560: 179/400
Job 560: 180/400
Job 560: 181/400
Job 560: 182/400
Job 560: 183/400
Job 560: 184/400
Job 560: 185/400
Job 560: 186/400
Job 560: 187/400
Job 560: 188/400
Job 560: 189/400
Job 560: 190/400
Job 560: 191/400
Job 560: 192/400
Job 560: 193/400
Job 560: 194/400
Job 560: 195/400
Job 560: 196/400
Job 560: 197/400
Job 560: 198/400
Job 560: 199/400
Job 560: 200/400
Job 560: 201/400
Job 560: 202/400
Job 560: 203/400
Job 560: 204/400
Job 560: 205/400
Job 560: 206/400
Job 560: 207/400
Job 560: 208/400
Job 560: 209/400
Job 560: 210/400
Job 560: 211/400
Job 560: 212/400
Job 560: 213/400
Job 560: 214/400
Job 560: 215/400
Job 560: 216/400
Job 560: 217/400
Job 560: 218/400
Job 560: 219/400
Job 560: 220/400
Job 560: 221/400
Job 560: 222/400
Job 560: 223/400
Job 560: 224/400
Job 560: 225/400
Job 560: 226/400
Job 560: 227/400
Job 560: 228/400
Job 560: 229/400
Job 560: 230/400
Job 560: 231/400
Job 560: 232/400
Job 560: 233/400
Job 560: 234/400
Job 560: 235/400
Job 560: 236/400
Job 560: 237/400
Job 560: 238/400
Job 560: 239/400
Job 560: 240/400
Job 560: 241/400
Job 560: 242/400
Job 560: 243/400
Job 560: 244/400
Job 560: 245/400
Job 560: 246/400
Job 560: 247/400
Job 560: 248/400
Job 560: 249/400
Job 560: 250/400
Job 560: 251/400
Job 560: 252/400
Job 560: 253/400
Job 560: 254/400
Job 560: 255/400
Job 560: 256/400
Job 560: 257/400
Job 560: 258/400
Job 560: 259/400
Job 560: 260/400
Job 560: 261/400
Job 560: 262/400
Job 560: 263/400
Job 560: 264/400
Job 560: 265/400
Job 560: 266/400
Job 560: 267/400
Job 560: 268/400
Job 560: 269/400
Job 560: 270/400
Job 560: 271/400
Job 560: 272/400
Job 560: 273/400
Job 560: 274/400
Job 560: 275/400
Job 560: 276/400
Job 560: 277/400
Job 560: 278/400
Job 560: 279/400
Job 560: 280/400
Job 560: 281/400
Job 560: 282/400
Job 560: 283/400
Job 560: 284/400
Job 560: 285/400
Job 560: 286/400
Job 560: 287/400
Job 560: 288/400
Job 560: 289/400
Job 560: 290/400
Job 560: 291/400
Job 560: 292/400
Job 560: 293/400
Job 560: 294/400
Job 560: 295/400
Job 560: 296/400
Job 560: 297/400
Job 560: 298/400
Job 560: 299/400
Job 560: 300/400
Job 560: 301/400
Job 560: 302/400
Job 560: 303/400
Job 560: 304/400
Job 560: 305/400
Job 560: 306/400
Job 560: 307/400
Job 560: 308/400
Job 560: 309/400
Job 560: 310/400
Job 560: 311/400
Job 560: 312/400
Job 560: 313/400
Job 560: 314/400
Job 560: 315/400
Job 560: 316/400
Job 560: 317/400
Job 560: 318/400
Job 560: 319/400
Job 560: 320/400
Job 560: 321/400
Job 560: 322/400
Job 560: 323/400
Job 560: 324/400
Job 560: 325/400
Job 560: 326/400
Job 560: 327/400
Job 560: 328/400
Job 560: 329/400
Job 560: 330/400
Job 560: 331/400
Job 560: 332/400
Job 560: 333/400
Job 560: 334/400
Job 560: 335/400
Job 560: 336/400
Job 560: 337/400
Job 560: 338/400
Job 560: 339/400
Job 560: 340/400
Job 560: 341/400
Job 560: 342/400
Job 560: 343/400
Job 560: 344/400
Job 560: 345/400
Job 560: 346/400
Job 560: 347/400
Job 560: 348/400
Job 560: 349/400
Job 560: 350/400
Job 560: 351/400
Job 560: 352/400
Job 560: 353/400
Job 560: 354/400
Job 560: 355/400
Job 560: 356/400
Job 560: 357/400
Job 560: 358/400
Job 560: 359/400
Job 560: 360/400
Job 560: 361/400
Job 560: 362/400
Job 560: 363/400
Job 560: 364/400
Job 560: 365/400
Job 560: 366/400
Job 560: 367/400
Job 560: 368/400
Job 560: 369/400
Job 560: 370/400
Job 560: 371/400
Job 560: 372/400
Job 560: 373/400
Job 560: 374/400
Job 560: 375/400
Job 560: 376/400
Job 560: 377/400
Job 560: 378/400
Job 560: 379/400
Job 560: 380/400
Job 560: 381/400
Job 560: 382/400
Job 560: 383/400
Job 560: 384/400
Job 560: 385/400
Job 560: 386/400
Job 560: 387/400
Job 560: 388/400
Job 560: 389/400
Job 560: 390/400
Job 560: 391/400
Job 560: 392/400
Job 560: 393/400
Job 560: 394/400
Job 560: 395/400
Job 560: 396/400
Job 560: 397/400
Job 560: 398/400
Job 560: 399/400
Job 560: 400/400
