Registered S3 methods overwritten by 'susieSlide':
  method              from  
  coef.susie          susieR
  predict.susie       susieR
  print.summary.susie susieR
  summary.susie       susieR
Job 259: 1/400
Job 259: 2/400
Job 259: 3/400
Job 259: 4/400
Job 259: 5/400
Job 259: 6/400
Job 259: 7/400
Job 259: 8/400
Job 259: 9/400
Job 259: 10/400
Job 259: 11/400
Job 259: 12/400
Job 259: 13/400
Job 259: 14/400
Job 259: 15/400
Job 259: 16/400
Job 259: 17/400
Job 259: 18/400
Job 259: 19/400
Job 259: 20/400
Job 259: 21/400
Job 259: 22/400
Job 259: 23/400
Job 259: 24/400
Job 259: 25/400
Job 259: 26/400
Job 259: 27/400
Job 259: 28/400
Job 259: 29/400
Job 259: 30/400
Job 259: 31/400
Job 259: 32/400
Job 259: 33/400
Job 259: 34/400
Job 259: 35/400
Job 259: 36/400
Job 259: 37/400
Job 259: 38/400
Job 259: 39/400
Job 259: 40/400
Job 259: 41/400
Job 259: 42/400
Job 259: 43/400
Job 259: 44/400
Job 259: 45/400
Job 259: 46/400
Job 259: 47/400
Job 259: 48/400
Job 259: 49/400
Job 259: 50/400
Job 259: 51/400
Job 259: 52/400
Job 259: 53/400
Job 259: 54/400
Job 259: 55/400
Job 259: 56/400
Job 259: 57/400
Job 259: 58/400
Job 259: 59/400
Job 259: 60/400
Job 259: 61/400
Job 259: 62/400
Job 259: 63/400
Job 259: 64/400
Job 259: 65/400
Job 259: 66/400
Job 259: 67/400
Job 259: 68/400
Job 259: 69/400
Job 259: 70/400
Job 259: 71/400
Job 259: 72/400
Job 259: 73/400
Job 259: 74/400
Job 259: 75/400
Job 259: 76/400
Job 259: 77/400
Job 259: 78/400
Job 259: 79/400
Job 259: 80/400
Job 259: 81/400
Job 259: 82/400
Job 259: 83/400
Job 259: 84/400
Job 259: 85/400
Job 259: 86/400
Job 259: 87/400
Job 259: 88/400
Job 259: 89/400
Job 259: 90/400
Job 259: 91/400
Job 259: 92/400
Job 259: 93/400
Job 259: 94/400
Job 259: 95/400
Job 259: 96/400
Job 259: 97/400
Job 259: 98/400
Job 259: 99/400
Job 259: 100/400
Job 259: 101/400
Job 259: 102/400
Job 259: 103/400
Job 259: 104/400
Job 259: 105/400
Job 259: 106/400
Job 259: 107/400
Job 259: 108/400
Job 259: 109/400
Job 259: 110/400
Job 259: 111/400
Job 259: 112/400
Job 259: 113/400
Job 259: 114/400
Job 259: 115/400
Job 259: 116/400
Job 259: 117/400
Job 259: 118/400
Job 259: 119/400
Job 259: 120/400
Job 259: 121/400
Job 259: 122/400
Job 259: 123/400
Job 259: 124/400
Job 259: 125/400
Job 259: 126/400
Job 259: 127/400
Job 259: 128/400
Job 259: 129/400
Job 259: 130/400
Job 259: 131/400
Job 259: 132/400
Job 259: 133/400
Job 259: 134/400
Job 259: 135/400
Job 259: 136/400
Job 259: 137/400
Job 259: 138/400
Job 259: 139/400
Job 259: 140/400
Job 259: 141/400
Job 259: 142/400
Job 259: 143/400
Job 259: 144/400
Job 259: 145/400
Job 259: 146/400
Job 259: 147/400
Job 259: 148/400
Job 259: 149/400
Job 259: 150/400
Job 259: 151/400
Job 259: 152/400
Job 259: 153/400
Job 259: 154/400
Job 259: 155/400
Job 259: 156/400
Job 259: 157/400
Job 259: 158/400
Job 259: 159/400
Job 259: 160/400
Job 259: 161/400
Job 259: 162/400
Job 259: 163/400
Job 259: 164/400
Job 259: 165/400
Job 259: 166/400
Job 259: 167/400
Job 259: 168/400
Job 259: 169/400
Job 259: 170/400
Job 259: 171/400
Job 259: 172/400
Job 259: 173/400
Job 259: 174/400
Job 259: 175/400
Job 259: 176/400
Job 259: 177/400
Job 259: 178/400
Job 259: 179/400
Job 259: 180/400
Job 259: 181/400
Job 259: 182/400
Job 259: 183/400
Job 259: 184/400
Job 259: 185/400
Job 259: 186/400
Job 259: 187/400
Job 259: 188/400
Job 259: 189/400
Job 259: 190/400
Job 259: 191/400
Job 259: 192/400
Job 259: 193/400
Job 259: 194/400
Job 259: 195/400
Job 259: 196/400
Job 259: 197/400
Job 259: 198/400
Job 259: 199/400
Job 259: 200/400
Job 259: 201/400
Job 259: 202/400
Job 259: 203/400
Job 259: 204/400
Job 259: 205/400
Job 259: 206/400
Job 259: 207/400
Job 259: 208/400
Job 259: 209/400
Job 259: 210/400
Job 259: 211/400
Job 259: 212/400
Job 259: 213/400
Job 259: 214/400
Job 259: 215/400
Job 259: 216/400
Job 259: 217/400
Job 259: 218/400
Job 259: 219/400
Job 259: 220/400
Job 259: 221/400
Job 259: 222/400
Job 259: 223/400
Job 259: 224/400
Job 259: 225/400
Job 259: 226/400
Job 259: 227/400
Job 259: 228/400
Job 259: 229/400
Job 259: 230/400
Job 259: 231/400
Job 259: 232/400
Job 259: 233/400
Job 259: 234/400
Job 259: 235/400
Job 259: 236/400
Job 259: 237/400
Job 259: 238/400
Job 259: 239/400
Job 259: 240/400
Job 259: 241/400
Job 259: 242/400
Job 259: 243/400
Job 259: 244/400
Job 259: 245/400
Job 259: 246/400
Job 259: 247/400
Job 259: 248/400
Job 259: 249/400
Job 259: 250/400
Job 259: 251/400
Job 259: 252/400
Job 259: 253/400
Job 259: 254/400
Job 259: 255/400
Job 259: 256/400
Job 259: 257/400
Job 259: 258/400
Job 259: 259/400
Job 259: 260/400
Job 259: 261/400
Job 259: 262/400
Job 259: 263/400
Job 259: 264/400
Job 259: 265/400
Job 259: 266/400
Job 259: 267/400
Job 259: 268/400
Job 259: 269/400
Job 259: 270/400
Job 259: 271/400
Job 259: 272/400
Job 259: 273/400
Job 259: 274/400
Job 259: 275/400
Job 259: 276/400
Job 259: 277/400
Job 259: 278/400
Job 259: 279/400
Job 259: 280/400
Job 259: 281/400
Job 259: 282/400
Job 259: 283/400
Job 259: 284/400
Job 259: 285/400
Job 259: 286/400
Job 259: 287/400
Job 259: 288/400
Job 259: 289/400
Job 259: 290/400
Job 259: 291/400
Job 259: 292/400
Job 259: 293/400
Job 259: 294/400
Job 259: 295/400
Job 259: 296/400
Job 259: 297/400
Job 259: 298/400
Job 259: 299/400
Job 259: 300/400
Job 259: 301/400
Job 259: 302/400
Job 259: 303/400
Job 259: 304/400
Job 259: 305/400
Job 259: 306/400
Job 259: 307/400
Job 259: 308/400
Job 259: 309/400
Job 259: 310/400
Job 259: 311/400
Job 259: 312/400
Job 259: 313/400
Job 259: 314/400
Job 259: 315/400
Job 259: 316/400
Job 259: 317/400
Job 259: 318/400
Job 259: 319/400
Job 259: 320/400 ERROR: Not enough donors for the requested n.
Job 259: 321/400
Job 259: 322/400
Job 259: 323/400
Job 259: 324/400
Job 259: 325/400
Job 259: 326/400
Job 259: 327/400
Job 259: 328/400
Job 259: 329/400
Job 259: 330/400
Job 259: 331/400
Job 259: 332/400
Job 259: 333/400
Job 259: 334/400
Job 259: 335/400
Job 259: 336/400
Job 259: 337/400
Job 259: 338/400
Job 259: 339/400
Job 259: 340/400
Job 259: 341/400
Job 259: 342/400
Job 259: 343/400
Job 259: 344/400
Job 259: 345/400
Job 259: 346/400
Job 259: 347/400
Job 259: 348/400
Job 259: 349/400
Job 259: 350/400
Job 259: 351/400
Job 259: 352/400
Job 259: 353/400
Job 259: 354/400
Job 259: 355/400
Job 259: 356/400
Job 259: 357/400
Job 259: 358/400
Job 259: 359/400
Job 259: 360/400
Job 259: 361/400
Job 259: 362/400
Job 259: 363/400
Job 259: 364/400
Job 259: 365/400
Job 259: 366/400
Job 259: 367/400
Job 259: 368/400
Job 259: 369/400
Job 259: 370/400
Job 259: 371/400
Job 259: 372/400
Job 259: 373/400
Job 259: 374/400
Job 259: 375/400
Job 259: 376/400
Job 259: 377/400
Job 259: 378/400
Job 259: 379/400
Job 259: 380/400
Job 259: 381/400
Job 259: 382/400
Job 259: 383/400
Job 259: 384/400
Job 259: 385/400
Job 259: 386/400
Job 259: 387/400
Job 259: 388/400
Job 259: 389/400
Job 259: 390/400
Job 259: 391/400
Job 259: 392/400
Job 259: 393/400
Job 259: 394/400
Job 259: 395/400
Job 259: 396/400
Job 259: 397/400
Job 259: 398/400
Job 259: 399/400
Job 259: 400/400
Warning message:
In data.table::fread(raw_file, data.table = FALSE) :
  Discarded single-line footer: <<0	GTEX-14XAO	0	0	0	-9	2	2	2	2	2	2	2	2	2	2	0	2	2	0	2	2	2	2	1	2	2	2	2	2	2	2	2	1	2	2	0	2	2	0	2	2	2	2	0	2	2	2	2	0	2	2	2	2	2	2	2	2	2	2	2	2	0	2	2	2	0	0	2	2	2	2	0	2	2	2	2	2	2	2	2	2	2	2	2	2	2	2	2	2	2	0	2	2	2	0	2	2	2	2	2	2	2	2	2	2	2	2	2	2	2	2	2	2	2	2	2	2	2	2	2	2	2	0	2	2	2	2	2	2	2	2	0	2	2	2	2	0	2	2	2	2	2	2	2	2	2	2	2	2	2	2	2	2	2	2	2	2	2	2	2	2	2	2	0	2	2	2	0	2	0	2	2	2	2	2	2	2	2	2	2	2	2	0	2	2	2	2	2	2	2	2	0	2	2	2	2	2	2	2	NA	NA	2	2	2	2	2	2	2	2	2	2	2	2	2	2	0	2	2	2	2	2	2	2	2	2	2	2	2	2	2	2	2	2	2	2	2	2	2	2	2	2	0	2	>>
