Registered S3 methods overwritten by 'susieSlide':
  method              from  
  coef.susie          susieR
  predict.susie       susieR
  print.summary.susie susieR
  summary.susie       susieR
Job 185: 1/400
Job 185: 2/400
Job 185: 3/400
Job 185: 4/400
Job 185: 5/400
Job 185: 6/400
Job 185: 7/400
Job 185: 8/400
Job 185: 9/400
Job 185: 10/400
Job 185: 11/400
Job 185: 12/400
Job 185: 13/400
Job 185: 14/400
Job 185: 15/400
Job 185: 16/400
Job 185: 17/400
Job 185: 18/400
Job 185: 19/400
Job 185: 20/400
Job 185: 21/400
Job 185: 22/400
Job 185: 23/400
Job 185: 24/400
Job 185: 25/400
Job 185: 26/400
Job 185: 27/400
Job 185: 28/400
Job 185: 29/400
Job 185: 30/400
Job 185: 31/400
Job 185: 32/400
Job 185: 33/400
Job 185: 34/400
Job 185: 35/400
Job 185: 36/400
Job 185: 37/400
Job 185: 38/400
Job 185: 39/400
Job 185: 40/400
Job 185: 41/400
Job 185: 42/400
Job 185: 43/400
Job 185: 44/400
Job 185: 45/400
Job 185: 46/400
Job 185: 47/400
Job 185: 48/400
Job 185: 49/400
Job 185: 50/400
Job 185: 51/400
Job 185: 52/400
Job 185: 53/400
Job 185: 54/400
Job 185: 55/400
Job 185: 56/400
Job 185: 57/400
Job 185: 58/400
Job 185: 59/400
Job 185: 60/400
Job 185: 61/400
Job 185: 62/400
Job 185: 63/400
Job 185: 64/400
Job 185: 65/400
Job 185: 66/400
Job 185: 67/400
Job 185: 68/400
Job 185: 69/400
Job 185: 70/400
Job 185: 71/400
Job 185: 72/400
Job 185: 73/400
Job 185: 74/400
Job 185: 75/400
Job 185: 76/400
Job 185: 77/400
Job 185: 78/400
Job 185: 79/400
Job 185: 80/400
Job 185: 81/400
Job 185: 82/400
Job 185: 83/400
Job 185: 84/400
Job 185: 85/400
Job 185: 86/400
Job 185: 87/400
Job 185: 88/400
Job 185: 89/400
Job 185: 90/400
Job 185: 91/400
Job 185: 92/400
Job 185: 93/400
Job 185: 94/400
Job 185: 95/400
Job 185: 96/400
Job 185: 97/400
Job 185: 98/400
Job 185: 99/400
Job 185: 100/400
Job 185: 101/400
Job 185: 102/400
Job 185: 103/400
Job 185: 104/400
Job 185: 105/400
Job 185: 106/400
Job 185: 107/400
Job 185: 108/400
Job 185: 109/400
Job 185: 110/400
Job 185: 111/400
Job 185: 112/400
Job 185: 113/400
Job 185: 114/400
Job 185: 115/400
Job 185: 116/400
Job 185: 117/400
Job 185: 118/400
Job 185: 119/400
Job 185: 120/400
Job 185: 121/400
Job 185: 122/400
Job 185: 123/400
Job 185: 124/400
Job 185: 125/400
Job 185: 126/400
Job 185: 127/400
Job 185: 128/400
Job 185: 129/400
Job 185: 130/400
Job 185: 131/400
Job 185: 132/400
Job 185: 133/400
Job 185: 134/400
Job 185: 135/400
Job 185: 136/400
Job 185: 137/400
Job 185: 138/400
Job 185: 139/400
Job 185: 140/400
Job 185: 141/400
Job 185: 142/400
Job 185: 143/400
Job 185: 144/400
Job 185: 145/400
Job 185: 146/400
Job 185: 147/400
Job 185: 148/400
Job 185: 149/400
Job 185: 150/400
Job 185: 151/400
Job 185: 152/400
Job 185: 153/400
Job 185: 154/400
Job 185: 155/400
Job 185: 156/400
Job 185: 157/400
Job 185: 158/400
Job 185: 159/400
Job 185: 160/400
Job 185: 161/400
Job 185: 162/400
Job 185: 163/400
Job 185: 164/400
Job 185: 165/400
Job 185: 166/400
Job 185: 167/400
Job 185: 168/400
Job 185: 169/400
Job 185: 170/400
Job 185: 171/400
Job 185: 172/400
Job 185: 173/400
Job 185: 174/400
Job 185: 175/400
Job 185: 176/400
Job 185: 177/400
Job 185: 178/400
Job 185: 179/400
Job 185: 180/400
Job 185: 181/400
Job 185: 182/400
Job 185: 183/400
Job 185: 184/400
Job 185: 185/400
Job 185: 186/400
Job 185: 187/400
Job 185: 188/400
Job 185: 189/400
Job 185: 190/400
Job 185: 191/400
Job 185: 192/400
Job 185: 193/400
Job 185: 194/400
Job 185: 195/400
Job 185: 196/400
Job 185: 197/400
Job 185: 198/400
Job 185: 199/400
Job 185: 200/400
Job 185: 201/400
Job 185: 202/400
Job 185: 203/400
Job 185: 204/400
Job 185: 205/400
Job 185: 206/400
Job 185: 207/400
Job 185: 208/400
Job 185: 209/400
Job 185: 210/400
Job 185: 211/400
Job 185: 212/400
Job 185: 213/400
Job 185: 214/400
Job 185: 215/400
Job 185: 216/400
Job 185: 217/400
Job 185: 218/400
Job 185: 219/400
Job 185: 220/400
Job 185: 221/400
Job 185: 222/400
Job 185: 223/400
Job 185: 224/400
Job 185: 225/400
Job 185: 226/400
Job 185: 227/400
Job 185: 228/400
Job 185: 229/400
Job 185: 230/400
Job 185: 231/400
Job 185: 232/400
Job 185: 233/400
Job 185: 234/400
Job 185: 235/400
Job 185: 236/400
Job 185: 237/400
Job 185: 238/400
Job 185: 239/400
Job 185: 240/400
Job 185: 241/400
Job 185: 242/400
Job 185: 243/400
Job 185: 244/400
Job 185: 245/400
Job 185: 246/400
Job 185: 247/400
Job 185: 248/400
Job 185: 249/400
Job 185: 250/400
Job 185: 251/400
Job 185: 252/400
Job 185: 253/400
Job 185: 254/400
Job 185: 255/400
Job 185: 256/400
Job 185: 257/400
Job 185: 258/400
Job 185: 259/400
Job 185: 260/400
Job 185: 261/400
Job 185: 262/400
Job 185: 263/400
Job 185: 264/400
Job 185: 265/400
Job 185: 266/400
Job 185: 267/400
Job 185: 268/400
Job 185: 269/400
Job 185: 270/400
Job 185: 271/400
Job 185: 272/400
Job 185: 273/400
Job 185: 274/400
Job 185: 275/400
Job 185: 276/400
Job 185: 277/400
Job 185: 278/400
Job 185: 279/400
Job 185: 280/400
Job 185: 281/400
Job 185: 282/400
Job 185: 283/400
Job 185: 284/400
Job 185: 285/400
Job 185: 286/400
Job 185: 287/400
Job 185: 288/400
Job 185: 289/400
Job 185: 290/400
Job 185: 291/400
Job 185: 292/400
Job 185: 293/400
Job 185: 294/400
Job 185: 295/400
Job 185: 296/400
Job 185: 297/400
Job 185: 298/400
Job 185: 299/400
Job 185: 300/400
Job 185: 301/400
Job 185: 302/400
Job 185: 303/400
Job 185: 304/400
Job 185: 305/400
Job 185: 306/400
Job 185: 307/400
Job 185: 308/400
Job 185: 309/400
Job 185: 310/400
Job 185: 311/400
Job 185: 312/400
Job 185: 313/400
Job 185: 314/400
Job 185: 315/400
Job 185: 316/400
Job 185: 317/400
Job 185: 318/400
Job 185: 319/400
Job 185: 320/400
Job 185: 321/400
Job 185: 322/400
Job 185: 323/400
Job 185: 324/400
Job 185: 325/400
Job 185: 326/400
Job 185: 327/400
Job 185: 328/400
Job 185: 329/400
Job 185: 330/400
Job 185: 331/400
Job 185: 332/400
Job 185: 333/400
Job 185: 334/400
Job 185: 335/400
Job 185: 336/400
Job 185: 337/400
Job 185: 338/400
Job 185: 339/400
Job 185: 340/400
Job 185: 341/400
Job 185: 342/400
Job 185: 343/400
Job 185: 344/400
Job 185: 345/400
Job 185: 346/400
Job 185: 347/400
Job 185: 348/400
Job 185: 349/400
Job 185: 350/400
Job 185: 351/400
Job 185: 352/400
Job 185: 353/400
Job 185: 354/400
Job 185: 355/400
Job 185: 356/400
Job 185: 357/400
Job 185: 358/400
Job 185: 359/400
Job 185: 360/400
Job 185: 361/400
Job 185: 362/400
Job 185: 363/400
Job 185: 364/400
Job 185: 365/400
Job 185: 366/400
Job 185: 367/400
Job 185: 368/400
Job 185: 369/400
Job 185: 370/400
Job 185: 371/400
Job 185: 372/400
Job 185: 373/400
Job 185: 374/400
Job 185: 375/400
Job 185: 376/400
Job 185: 377/400
Job 185: 378/400
Job 185: 379/400
Job 185: 380/400
Job 185: 381/400
Job 185: 382/400
Job 185: 383/400
Job 185: 384/400
Job 185: 385/400
Job 185: 386/400
Job 185: 387/400
Job 185: 388/400
Job 185: 389/400
Job 185: 390/400
Job 185: 391/400
Job 185: 392/400
Job 185: 393/400
Job 185: 394/400
Job 185: 395/400
Job 185: 396/400
Job 185: 397/400
Job 185: 398/400
Job 185: 399/400
Job 185: 400/400
