Registered S3 methods overwritten by 'susieSlide':
  method              from  
  coef.susie          susieR
  predict.susie       susieR
  print.summary.susie susieR
  summary.susie       susieR
Job 353: 1/400
Job 353: 2/400
Job 353: 3/400
Job 353: 4/400
Job 353: 5/400
Job 353: 6/400
Job 353: 7/400
Job 353: 8/400
Job 353: 9/400
Job 353: 10/400
Job 353: 11/400
Job 353: 12/400
Job 353: 13/400
Job 353: 14/400
Job 353: 15/400
Job 353: 16/400
Job 353: 17/400
Job 353: 18/400
Job 353: 19/400
Job 353: 20/400
Job 353: 21/400
Job 353: 22/400
Job 353: 23/400
Job 353: 24/400
Job 353: 25/400
Job 353: 26/400
Job 353: 27/400
Job 353: 28/400
Job 353: 29/400
Job 353: 30/400
Job 353: 31/400
Job 353: 32/400
Job 353: 33/400
Job 353: 34/400
Job 353: 35/400
Job 353: 36/400
Job 353: 37/400
Job 353: 38/400
Job 353: 39/400
Job 353: 40/400
Job 353: 41/400
Job 353: 42/400
Job 353: 43/400
Job 353: 44/400
Job 353: 45/400
Job 353: 46/400
Job 353: 47/400
Job 353: 48/400
Job 353: 49/400
Job 353: 50/400
Job 353: 51/400
Job 353: 52/400
Job 353: 53/400
Job 353: 54/400
Job 353: 55/400
Job 353: 56/400
Job 353: 57/400
Job 353: 58/400
Job 353: 59/400
Job 353: 60/400
Job 353: 61/400
Job 353: 62/400
Job 353: 63/400
Job 353: 64/400
Job 353: 65/400
Job 353: 66/400
Job 353: 67/400
Job 353: 68/400
Job 353: 69/400
Job 353: 70/400
Job 353: 71/400
Job 353: 72/400
Job 353: 73/400
Job 353: 74/400
Job 353: 75/400
Job 353: 76/400
Job 353: 77/400
Job 353: 78/400
Job 353: 79/400
Job 353: 80/400
Job 353: 81/400
Job 353: 82/400
Job 353: 83/400
Job 353: 84/400
Job 353: 85/400
Job 353: 86/400
Job 353: 87/400
Job 353: 88/400
Job 353: 89/400
Job 353: 90/400
Job 353: 91/400
Job 353: 92/400
Job 353: 93/400
Job 353: 94/400
Job 353: 95/400
Job 353: 96/400
Job 353: 97/400
Job 353: 98/400
Job 353: 99/400
Job 353: 100/400
Job 353: 101/400
Job 353: 102/400
Job 353: 103/400
Job 353: 104/400
Job 353: 105/400
Job 353: 106/400
Job 353: 107/400
Job 353: 108/400
Job 353: 109/400
Job 353: 110/400
Job 353: 111/400
Job 353: 112/400
Job 353: 113/400
Job 353: 114/400
Job 353: 115/400
Job 353: 116/400
Job 353: 117/400
Job 353: 118/400
Job 353: 119/400
Job 353: 120/400
Job 353: 121/400
Job 353: 122/400
Job 353: 123/400
Job 353: 124/400
Job 353: 125/400
Job 353: 126/400
Job 353: 127/400
Job 353: 128/400
Job 353: 129/400
Job 353: 130/400
Job 353: 131/400
Job 353: 132/400
Job 353: 133/400
Job 353: 134/400
Job 353: 135/400
Job 353: 136/400
Job 353: 137/400
Job 353: 138/400
Job 353: 139/400
Job 353: 140/400
Job 353: 141/400
Job 353: 142/400
Job 353: 143/400
Job 353: 144/400
Job 353: 145/400
Job 353: 146/400
Job 353: 147/400
Job 353: 148/400
Job 353: 149/400
Job 353: 150/400
Job 353: 151/400
Job 353: 152/400
Job 353: 153/400
Job 353: 154/400
Job 353: 155/400
Job 353: 156/400
Job 353: 157/400
Job 353: 158/400
Job 353: 159/400
Job 353: 160/400
Job 353: 161/400
Job 353: 162/400
Job 353: 163/400
Job 353: 164/400
Job 353: 165/400
Job 353: 166/400
Job 353: 167/400
Job 353: 168/400
Job 353: 169/400
Job 353: 170/400
Job 353: 171/400
Job 353: 172/400
Job 353: 173/400
Job 353: 174/400
Job 353: 175/400
Job 353: 176/400
Job 353: 177/400
Job 353: 178/400
Job 353: 179/400
Job 353: 180/400
Job 353: 181/400
Job 353: 182/400
Job 353: 183/400
Job 353: 184/400
Job 353: 185/400
Job 353: 186/400
Job 353: 187/400
Job 353: 188/400
Job 353: 189/400
Job 353: 190/400
Job 353: 191/400
Job 353: 192/400
Job 353: 193/400
Job 353: 194/400
Job 353: 195/400
Job 353: 196/400
Job 353: 197/400
Job 353: 198/400
Job 353: 199/400
Job 353: 200/400
Job 353: 201/400
Job 353: 202/400
Job 353: 203/400
Job 353: 204/400
Job 353: 205/400
Job 353: 206/400
Job 353: 207/400
Job 353: 208/400
Job 353: 209/400
Job 353: 210/400
Job 353: 211/400
Job 353: 212/400
Job 353: 213/400
Job 353: 214/400
Job 353: 215/400
Job 353: 216/400
Job 353: 217/400
Job 353: 218/400
Job 353: 219/400
Job 353: 220/400
Job 353: 221/400
Job 353: 222/400
Job 353: 223/400
Job 353: 224/400
Job 353: 225/400
Job 353: 226/400
Job 353: 227/400
Job 353: 228/400
Job 353: 229/400
Job 353: 230/400
Job 353: 231/400
Job 353: 232/400
Job 353: 233/400
Job 353: 234/400
Job 353: 235/400
Job 353: 236/400
Job 353: 237/400
Job 353: 238/400
Job 353: 239/400
Job 353: 240/400
Job 353: 241/400
Job 353: 242/400
Job 353: 243/400
Job 353: 244/400
Job 353: 245/400
Job 353: 246/400
Job 353: 247/400
Job 353: 248/400
Job 353: 249/400
Job 353: 250/400
Job 353: 251/400
Job 353: 252/400
Job 353: 253/400
Job 353: 254/400
Job 353: 255/400
Job 353: 256/400
Job 353: 257/400
Job 353: 258/400
Job 353: 259/400
Job 353: 260/400
Job 353: 261/400
Job 353: 262/400
Job 353: 263/400
Job 353: 264/400
Job 353: 265/400
Job 353: 266/400
Job 353: 267/400
Job 353: 268/400
Job 353: 269/400
Job 353: 270/400
Job 353: 271/400
Job 353: 272/400
Job 353: 273/400
Job 353: 274/400
Job 353: 275/400
Job 353: 276/400
Job 353: 277/400
Job 353: 278/400
Job 353: 279/400
Job 353: 280/400
Job 353: 281/400
Job 353: 282/400
Job 353: 283/400
Job 353: 284/400
Job 353: 285/400
Job 353: 286/400
Job 353: 287/400
Job 353: 288/400
Job 353: 289/400
Job 353: 290/400
Job 353: 291/400
Job 353: 292/400
Job 353: 293/400
Job 353: 294/400
Job 353: 295/400
Job 353: 296/400
Job 353: 297/400
Job 353: 298/400
Job 353: 299/400
Job 353: 300/400
Job 353: 301/400
Job 353: 302/400
Job 353: 303/400
Job 353: 304/400
Job 353: 305/400
Job 353: 306/400
Job 353: 307/400
Job 353: 308/400
Job 353: 309/400
Job 353: 310/400
Job 353: 311/400
Job 353: 312/400
Job 353: 313/400
Job 353: 314/400
Job 353: 315/400
Job 353: 316/400
Job 353: 317/400
Job 353: 318/400
Job 353: 319/400
Job 353: 320/400
Job 353: 321/400
Job 353: 322/400
Job 353: 323/400
Job 353: 324/400
Job 353: 325/400
Job 353: 326/400
Job 353: 327/400
Job 353: 328/400
Job 353: 329/400
Job 353: 330/400
Job 353: 331/400
Job 353: 332/400
Job 353: 333/400
Job 353: 334/400
Job 353: 335/400
Job 353: 336/400
Job 353: 337/400
Job 353: 338/400
Job 353: 339/400
Job 353: 340/400
Job 353: 341/400
Job 353: 342/400
Job 353: 343/400
Job 353: 344/400
Job 353: 345/400
Job 353: 346/400
Job 353: 347/400
Job 353: 348/400
Job 353: 349/400
Job 353: 350/400
Job 353: 351/400
Job 353: 352/400
Job 353: 353/400
Job 353: 354/400
Job 353: 355/400
Job 353: 356/400
Job 353: 357/400
Job 353: 358/400
Job 353: 359/400
Job 353: 360/400
Job 353: 361/400
Job 353: 362/400
Job 353: 363/400
Job 353: 364/400
Job 353: 365/400
Job 353: 366/400
Job 353: 367/400
Job 353: 368/400
Job 353: 369/400
Job 353: 370/400
Job 353: 371/400
Job 353: 372/400
Job 353: 373/400
Job 353: 374/400
Job 353: 375/400
Job 353: 376/400
Job 353: 377/400
Job 353: 378/400
Job 353: 379/400
Job 353: 380/400
Job 353: 381/400
Job 353: 382/400
Job 353: 383/400
Job 353: 384/400
Job 353: 385/400
Job 353: 386/400
Job 353: 387/400
Job 353: 388/400
Job 353: 389/400
Job 353: 390/400
Job 353: 391/400
Job 353: 392/400
Job 353: 393/400
Job 353: 394/400
Job 353: 395/400
Job 353: 396/400
Job 353: 397/400
Job 353: 398/400
Job 353: 399/400
Job 353: 400/400
