Registered S3 methods overwritten by 'susieSlide':
  method              from  
  coef.susie          susieR
  predict.susie       susieR
  print.summary.susie susieR
  summary.susie       susieR
Job 369: 1/400
Job 369: 2/400
Job 369: 3/400
Job 369: 4/400
Job 369: 5/400
Job 369: 6/400
Job 369: 7/400
Job 369: 8/400
Job 369: 9/400
Job 369: 10/400
Job 369: 11/400
Job 369: 12/400
Job 369: 13/400
Job 369: 14/400
Job 369: 15/400
Job 369: 16/400
Job 369: 17/400
Job 369: 18/400
Job 369: 19/400
Job 369: 20/400
Job 369: 21/400
Job 369: 22/400
Job 369: 23/400
Job 369: 24/400
Job 369: 25/400
Job 369: 26/400
Job 369: 27/400
Job 369: 28/400
Job 369: 29/400
Job 369: 30/400
Job 369: 31/400
Job 369: 32/400
Job 369: 33/400
Job 369: 34/400
Job 369: 35/400
Job 369: 36/400
Job 369: 37/400
Job 369: 38/400
Job 369: 39/400
Job 369: 40/400
Job 369: 41/400
Job 369: 42/400
Job 369: 43/400
Job 369: 44/400
Job 369: 45/400
Job 369: 46/400
Job 369: 47/400
Job 369: 48/400
Job 369: 49/400
Job 369: 50/400
Job 369: 51/400
Job 369: 52/400
Job 369: 53/400
Job 369: 54/400
Job 369: 55/400
Job 369: 56/400
Job 369: 57/400
Job 369: 58/400
Job 369: 59/400
Job 369: 60/400
Job 369: 61/400
Job 369: 62/400
Job 369: 63/400
Job 369: 64/400
Job 369: 65/400
Job 369: 66/400
Job 369: 67/400
Job 369: 68/400
Job 369: 69/400
Job 369: 70/400
Job 369: 71/400
Job 369: 72/400
Job 369: 73/400
Job 369: 74/400
Job 369: 75/400
Job 369: 76/400
Job 369: 77/400
Job 369: 78/400
Job 369: 79/400
Job 369: 80/400
Job 369: 81/400
Job 369: 82/400
Job 369: 83/400
Job 369: 84/400
Job 369: 85/400
Job 369: 86/400
Job 369: 87/400
Job 369: 88/400
Job 369: 89/400
Job 369: 90/400
Job 369: 91/400
Job 369: 92/400
Job 369: 93/400
Job 369: 94/400
Job 369: 95/400
Job 369: 96/400
Job 369: 97/400
Job 369: 98/400
Job 369: 99/400
Job 369: 100/400
Job 369: 101/400
Job 369: 102/400
Job 369: 103/400
Job 369: 104/400
Job 369: 105/400
Job 369: 106/400
Job 369: 107/400
Job 369: 108/400
Job 369: 109/400
Job 369: 110/400
Job 369: 111/400
Job 369: 112/400
Job 369: 113/400
Job 369: 114/400
Job 369: 115/400
Job 369: 116/400
Job 369: 117/400
Job 369: 118/400
Job 369: 119/400
Job 369: 120/400
Job 369: 121/400
Job 369: 122/400
Job 369: 123/400
Job 369: 124/400
Job 369: 125/400
Job 369: 126/400
Job 369: 127/400
Job 369: 128/400
Job 369: 129/400
Job 369: 130/400
Job 369: 131/400
Job 369: 132/400
Job 369: 133/400
Job 369: 134/400
Job 369: 135/400
Job 369: 136/400
Job 369: 137/400
Job 369: 138/400
Job 369: 139/400
Job 369: 140/400
Job 369: 141/400
Job 369: 142/400
Job 369: 143/400
Job 369: 144/400
Job 369: 145/400
Job 369: 146/400
Job 369: 147/400
Job 369: 148/400
Job 369: 149/400
Job 369: 150/400
Job 369: 151/400
Job 369: 152/400
Job 369: 153/400
Job 369: 154/400
Job 369: 155/400
Job 369: 156/400
Job 369: 157/400
Job 369: 158/400
Job 369: 159/400
Job 369: 160/400
Job 369: 161/400
Job 369: 162/400
Job 369: 163/400
Job 369: 164/400
Job 369: 165/400
Job 369: 166/400
Job 369: 167/400
Job 369: 168/400
Job 369: 169/400
Job 369: 170/400
Job 369: 171/400
Job 369: 172/400
Job 369: 173/400
Job 369: 174/400
Job 369: 175/400
Job 369: 176/400
Job 369: 177/400
Job 369: 178/400
Job 369: 179/400
Job 369: 180/400
Job 369: 181/400
Job 369: 182/400
Job 369: 183/400
Job 369: 184/400
Job 369: 185/400
Job 369: 186/400
Job 369: 187/400
Job 369: 188/400
Job 369: 189/400
Job 369: 190/400
Job 369: 191/400
Job 369: 192/400
Job 369: 193/400
Job 369: 194/400
Job 369: 195/400
Job 369: 196/400
Job 369: 197/400
Job 369: 198/400
Job 369: 199/400
Job 369: 200/400
Job 369: 201/400
Job 369: 202/400
Job 369: 203/400
Job 369: 204/400
Job 369: 205/400
Job 369: 206/400
Job 369: 207/400
Job 369: 208/400
Job 369: 209/400
Job 369: 210/400
Job 369: 211/400
Job 369: 212/400
Job 369: 213/400
Job 369: 214/400
Job 369: 215/400
Job 369: 216/400
Job 369: 217/400
Job 369: 218/400
Job 369: 219/400
Job 369: 220/400
Job 369: 221/400
Job 369: 222/400
Job 369: 223/400
Job 369: 224/400
Job 369: 225/400
Job 369: 226/400
Job 369: 227/400
Job 369: 228/400
Job 369: 229/400
Job 369: 230/400
Job 369: 231/400
Job 369: 232/400
Job 369: 233/400
Job 369: 234/400
Job 369: 235/400
Job 369: 236/400
Job 369: 237/400
Job 369: 238/400
Job 369: 239/400
Job 369: 240/400
Job 369: 241/400
Job 369: 242/400
Job 369: 243/400
Job 369: 244/400
Job 369: 245/400
Job 369: 246/400
Job 369: 247/400
Job 369: 248/400
Job 369: 249/400
Job 369: 250/400
Job 369: 251/400
Job 369: 252/400
Job 369: 253/400
Job 369: 254/400
Job 369: 255/400
Job 369: 256/400
Job 369: 257/400 ERROR: object 'target_gene' not found
Job 369: 258/400
Job 369: 259/400
Job 369: 260/400
Job 369: 261/400
Job 369: 262/400
Job 369: 263/400
Job 369: 264/400
Job 369: 265/400
Job 369: 266/400
Job 369: 267/400
Job 369: 268/400
Job 369: 269/400
Job 369: 270/400
Job 369: 271/400
Job 369: 272/400
Job 369: 273/400
Job 369: 274/400
Job 369: 275/400
Job 369: 276/400
Job 369: 277/400
Job 369: 278/400
Job 369: 279/400
Job 369: 280/400
Job 369: 281/400
Job 369: 282/400
Job 369: 283/400
Job 369: 284/400
Job 369: 285/400
Job 369: 286/400
Job 369: 287/400
Job 369: 288/400
Job 369: 289/400
Job 369: 290/400
Job 369: 291/400
Job 369: 292/400
Job 369: 293/400
Job 369: 294/400
Job 369: 295/400
Job 369: 296/400
Job 369: 297/400
Job 369: 298/400
Job 369: 299/400
Job 369: 300/400
Job 369: 301/400
Job 369: 302/400
Job 369: 303/400
Job 369: 304/400
Job 369: 305/400
Job 369: 306/400
Job 369: 307/400
Job 369: 308/400
Job 369: 309/400
Job 369: 310/400
Job 369: 311/400
Job 369: 312/400
Job 369: 313/400
Job 369: 314/400
Job 369: 315/400
Job 369: 316/400
Job 369: 317/400
Job 369: 318/400
Job 369: 319/400
Job 369: 320/400
Job 369: 321/400
Job 369: 322/400
Job 369: 323/400
Job 369: 324/400
Job 369: 325/400
Job 369: 326/400
Job 369: 327/400
Job 369: 328/400
Job 369: 329/400
Job 369: 330/400
Job 369: 331/400
Job 369: 332/400
Job 369: 333/400
Job 369: 334/400
Job 369: 335/400
Job 369: 336/400
Job 369: 337/400
Job 369: 338/400
Job 369: 339/400
Job 369: 340/400
Job 369: 341/400
Job 369: 342/400
Job 369: 343/400
Job 369: 344/400
Job 369: 345/400
Job 369: 346/400
Job 369: 347/400
Job 369: 348/400
Job 369: 349/400
Job 369: 350/400
Job 369: 351/400
Job 369: 352/400
Job 369: 353/400
Job 369: 354/400
Job 369: 355/400
Job 369: 356/400
Job 369: 357/400
Job 369: 358/400
Job 369: 359/400
Job 369: 360/400
Job 369: 361/400
Job 369: 362/400
Job 369: 363/400
Job 369: 364/400
Job 369: 365/400
Job 369: 366/400
Job 369: 367/400
Job 369: 368/400
Job 369: 369/400
Job 369: 370/400
Job 369: 371/400
Job 369: 372/400
Job 369: 373/400
Job 369: 374/400
Job 369: 375/400
Job 369: 376/400
Job 369: 377/400
Job 369: 378/400
Job 369: 379/400
Job 369: 380/400
Job 369: 381/400
Job 369: 382/400
Job 369: 383/400
Job 369: 384/400
Job 369: 385/400
Job 369: 386/400
Job 369: 387/400
Job 369: 388/400
Job 369: 389/400
Job 369: 390/400
Job 369: 391/400
Job 369: 392/400
Job 369: 393/400
Job 369: 394/400
Job 369: 395/400
Job 369: 396/400
Job 369: 397/400
Job 369: 398/400
Job 369: 399/400
Job 369: 400/400
