Registered S3 methods overwritten by 'susieSlide':
  method              from  
  coef.susie          susieR
  predict.susie       susieR
  print.summary.susie susieR
  summary.susie       susieR
Job 616: 1/400
Job 616: 2/400
Job 616: 3/400
Job 616: 4/400
Job 616: 5/400
Job 616: 6/400
Job 616: 7/400
Job 616: 8/400
Job 616: 9/400
Job 616: 10/400
Job 616: 11/400
Job 616: 12/400
Job 616: 13/400
Job 616: 14/400
Job 616: 15/400
Job 616: 16/400
Job 616: 17/400
Job 616: 18/400
Job 616: 19/400
Job 616: 20/400
Job 616: 21/400
Job 616: 22/400
Job 616: 23/400 ERROR: No .raw files found in temp_dir.
Job 616: 24/400 ERROR: No .raw files found in temp_dir.
Job 616: 25/400 ERROR: No .raw files found in temp_dir.
Job 616: 26/400 ERROR: No .raw files found in temp_dir.
Job 616: 27/400 ERROR: No .raw files found in temp_dir.
Job 616: 28/400 ERROR: No .raw files found in temp_dir.
Job 616: 29/400 ERROR: No .raw files found in temp_dir.
Job 616: 30/400 ERROR: No .raw files found in temp_dir.
Job 616: 31/400 ERROR: No .raw files found in temp_dir.
Job 616: 32/400 ERROR: No .raw files found in temp_dir.
Job 616: 33/400 ERROR: No .raw files found in temp_dir.
Job 616: 34/400 ERROR: No .raw files found in temp_dir.
Job 616: 35/400 ERROR: No .raw files found in temp_dir.
Job 616: 36/400 ERROR: No .raw files found in temp_dir.
Job 616: 37/400 ERROR: No .raw files found in temp_dir.
Job 616: 38/400 ERROR: No .raw files found in temp_dir.
Job 616: 39/400 ERROR: No .raw files found in temp_dir.
Job 616: 40/400 ERROR: No .raw files found in temp_dir.
Job 616: 41/400 ERROR: No .raw files found in temp_dir.
Job 616: 42/400 ERROR: No .raw files found in temp_dir.
Job 616: 43/400 ERROR: No .raw files found in temp_dir.
Job 616: 44/400 ERROR: No .raw files found in temp_dir.
Job 616: 45/400 ERROR: No .raw files found in temp_dir.
Job 616: 46/400 ERROR: No .raw files found in temp_dir.
Job 616: 47/400 ERROR: No .raw files found in temp_dir.
Job 616: 48/400 ERROR: No .raw files found in temp_dir.
Job 616: 49/400 ERROR: No .raw files found in temp_dir.
Job 616: 50/400 ERROR: No .raw files found in temp_dir.
Job 616: 51/400 ERROR: No .raw files found in temp_dir.
Job 616: 52/400 ERROR: No .raw files found in temp_dir.
Job 616: 53/400 ERROR: No .raw files found in temp_dir.
Job 616: 54/400 ERROR: No .raw files found in temp_dir.
Job 616: 55/400 ERROR: No .raw files found in temp_dir.
Job 616: 56/400 ERROR: No .raw files found in temp_dir.
Job 616: 57/400 ERROR: No .raw files found in temp_dir.
Job 616: 58/400 ERROR: No .raw files found in temp_dir.
Job 616: 59/400 ERROR: No .raw files found in temp_dir.
Job 616: 60/400 ERROR: No .raw files found in temp_dir.
Job 616: 61/400 ERROR: No .raw files found in temp_dir.
Job 616: 62/400 ERROR: No .raw files found in temp_dir.
Job 616: 63/400 ERROR: No .raw files found in temp_dir.
Job 616: 64/400 ERROR: No .raw files found in temp_dir.
Job 616: 65/400 ERROR: No .raw files found in temp_dir.
Job 616: 66/400 ERROR: No .raw files found in temp_dir.
Job 616: 67/400 ERROR: No .raw files found in temp_dir.
Job 616: 68/400 ERROR: No .raw files found in temp_dir.
Job 616: 69/400 ERROR: No .raw files found in temp_dir.
Job 616: 70/400 ERROR: No .raw files found in temp_dir.
Job 616: 71/400 ERROR: No .raw files found in temp_dir.
Job 616: 72/400 ERROR: No .raw files found in temp_dir.
Job 616: 73/400 ERROR: No .raw files found in temp_dir.
Job 616: 74/400 ERROR: No .raw files found in temp_dir.
Job 616: 75/400 ERROR: No .raw files found in temp_dir.
Job 616: 76/400 ERROR: No .raw files found in temp_dir.
Job 616: 77/400 ERROR: No .raw files found in temp_dir.
Job 616: 78/400 ERROR: No .raw files found in temp_dir.
Job 616: 79/400 ERROR: No .raw files found in temp_dir.
Job 616: 80/400 ERROR: No .raw files found in temp_dir.
Job 616: 81/400 ERROR: No .raw files found in temp_dir.
Job 616: 82/400 ERROR: No .raw files found in temp_dir.
Job 616: 83/400 ERROR: No .raw files found in temp_dir.
Job 616: 84/400 ERROR: No .raw files found in temp_dir.
Job 616: 85/400 ERROR: No .raw files found in temp_dir.
Job 616: 86/400 ERROR: No .raw files found in temp_dir.
Job 616: 87/400 ERROR: No .raw files found in temp_dir.
Job 616: 88/400 ERROR: No .raw files found in temp_dir.
Job 616: 89/400 ERROR: No .raw files found in temp_dir.
Job 616: 90/400 ERROR: No .raw files found in temp_dir.
Job 616: 91/400 ERROR: No .raw files found in temp_dir.
Job 616: 92/400 ERROR: No .raw files found in temp_dir.
Job 616: 93/400 ERROR: No .raw files found in temp_dir.
Job 616: 94/400 ERROR: No .raw files found in temp_dir.
Job 616: 95/400 ERROR: No .raw files found in temp_dir.
Job 616: 96/400 ERROR: No .raw files found in temp_dir.
Job 616: 97/400 ERROR: No .raw files found in temp_dir.
Job 616: 98/400 ERROR: No .raw files found in temp_dir.
Job 616: 99/400 ERROR: No .raw files found in temp_dir.
Job 616: 100/400 ERROR: Not enough donors for the requested n.
Job 616: 101/400
Job 616: 102/400
Job 616: 103/400
Job 616: 104/400
Job 616: 105/400
Job 616: 106/400
Job 616: 107/400
Job 616: 108/400
Job 616: 109/400
Job 616: 110/400
Job 616: 111/400
Job 616: 112/400
Job 616: 113/400
Job 616: 114/400
Job 616: 115/400
Job 616: 116/400
Job 616: 117/400
Job 616: 118/400
Job 616: 119/400
Job 616: 120/400
Job 616: 121/400
Job 616: 122/400
Job 616: 123/400
Job 616: 124/400
Job 616: 125/400
Job 616: 126/400
Job 616: 127/400
Job 616: 128/400
Job 616: 129/400
Job 616: 130/400 ERROR: No .raw files found in temp_dir.
Job 616: 131/400 ERROR: No .raw files found in temp_dir.
Job 616: 132/400 ERROR: No .raw files found in temp_dir.
Job 616: 133/400 ERROR: No .raw files found in temp_dir.
Job 616: 134/400 ERROR: No .raw files found in temp_dir.
Job 616: 135/400 ERROR: No .raw files found in temp_dir.
Job 616: 136/400 ERROR: No .raw files found in temp_dir.
Job 616: 137/400 ERROR: No .raw files found in temp_dir.
Job 616: 138/400 ERROR: No .raw files found in temp_dir.
Job 616: 139/400 ERROR: No .raw files found in temp_dir.
Job 616: 140/400 ERROR: No .raw files found in temp_dir.
Job 616: 141/400 ERROR: No .raw files found in temp_dir.
Job 616: 142/400 ERROR: No .raw files found in temp_dir.
Job 616: 143/400 ERROR: No .raw files found in temp_dir.
Job 616: 144/400 ERROR: No .raw files found in temp_dir.
Job 616: 145/400 ERROR: No .raw files found in temp_dir.
Job 616: 146/400 ERROR: No .raw files found in temp_dir.
Job 616: 147/400 ERROR: No .raw files found in temp_dir.
Job 616: 148/400 ERROR: No .raw files found in temp_dir.
Job 616: 149/400 ERROR: No .raw files found in temp_dir.
Job 616: 150/400 ERROR: No .raw files found in temp_dir.
Job 616: 151/400 ERROR: No .raw files found in temp_dir.
Job 616: 152/400 ERROR: No .raw files found in temp_dir.
Job 616: 153/400 ERROR: No .raw files found in temp_dir.
Job 616: 154/400 ERROR: No .raw files found in temp_dir.
Job 616: 155/400 ERROR: No .raw files found in temp_dir.
Job 616: 156/400 ERROR: No .raw files found in temp_dir.
Job 616: 157/400 ERROR: No .raw files found in temp_dir.
Job 616: 158/400 ERROR: No .raw files found in temp_dir.
Job 616: 159/400 ERROR: No .raw files found in temp_dir.
Job 616: 160/400 ERROR: No .raw files found in temp_dir.
Job 616: 161/400 ERROR: No .raw files found in temp_dir.
Job 616: 162/400 ERROR: No .raw files found in temp_dir.
Job 616: 163/400 ERROR: No .raw files found in temp_dir.
Job 616: 164/400 ERROR: No .raw files found in temp_dir.
Job 616: 165/400 ERROR: No .raw files found in temp_dir.
Job 616: 166/400 ERROR: No .raw files found in temp_dir.
Job 616: 167/400 ERROR: No .raw files found in temp_dir.
Job 616: 168/400 ERROR: No .raw files found in temp_dir.
Job 616: 169/400 ERROR: No .raw files found in temp_dir.
Job 616: 170/400 ERROR: No .raw files found in temp_dir.
Job 616: 171/400 ERROR: No .raw files found in temp_dir.
Job 616: 172/400 ERROR: No .raw files found in temp_dir.
Job 616: 173/400 ERROR: No .raw files found in temp_dir.
Job 616: 174/400 ERROR: No .raw files found in temp_dir.
Job 616: 175/400
Job 616: 176/400
Job 616: 177/400
Job 616: 178/400
Job 616: 179/400
Job 616: 180/400
Job 616: 181/400
Job 616: 182/400
Job 616: 183/400
Job 616: 184/400
Job 616: 185/400
Job 616: 186/400
Job 616: 187/400
Job 616: 188/400
Job 616: 189/400
Job 616: 190/400
Job 616: 191/400
Job 616: 192/400
Job 616: 193/400
Job 616: 194/400
Job 616: 195/400
Job 616: 196/400
Job 616: 197/400
Job 616: 198/400
Job 616: 199/400
Job 616: 200/400
Job 616: 201/400
Job 616: 202/400
Job 616: 203/400
Job 616: 204/400
Job 616: 205/400
Job 616: 206/400
Job 616: 207/400
Job 616: 208/400 ERROR: No .raw files found in temp_dir.
Job 616: 209/400 ERROR: No .raw files found in temp_dir.
Job 616: 210/400 ERROR: No .raw files found in temp_dir.
Job 616: 211/400 ERROR: No .raw files found in temp_dir.
Job 616: 212/400 ERROR: No .raw files found in temp_dir.
Job 616: 213/400 ERROR: No .raw files found in temp_dir.
Job 616: 214/400 ERROR: No .raw files found in temp_dir.
Job 616: 215/400 ERROR: No .raw files found in temp_dir.
Job 616: 216/400 ERROR: No .raw files found in temp_dir.
Job 616: 217/400 ERROR: No .raw files found in temp_dir.
Job 616: 218/400 ERROR: No .raw files found in temp_dir.
Job 616: 219/400 ERROR: No .raw files found in temp_dir.
Job 616: 220/400 ERROR: No .raw files found in temp_dir.
Job 616: 221/400 ERROR: No .raw files found in temp_dir.
Job 616: 222/400 ERROR: No .raw files found in temp_dir.
Job 616: 223/400 ERROR: No .raw files found in temp_dir.
Job 616: 224/400 ERROR: No .raw files found in temp_dir.
Job 616: 225/400 ERROR: No .raw files found in temp_dir.
Job 616: 226/400 ERROR: No .raw files found in temp_dir.
Job 616: 227/400 ERROR: No .raw files found in temp_dir.
Job 616: 228/400 ERROR: No .raw files found in temp_dir.
Job 616: 229/400 ERROR: No .raw files found in temp_dir.
Job 616: 230/400 ERROR: No .raw files found in temp_dir.
Job 616: 231/400 ERROR: No .raw files found in temp_dir.
Job 616: 232/400 ERROR: No .raw files found in temp_dir.
Job 616: 233/400 ERROR: No .raw files found in temp_dir.
Job 616: 234/400 ERROR: No .raw files found in temp_dir.
Job 616: 235/400 ERROR: No .raw files found in temp_dir.
Job 616: 236/400 ERROR: No .raw files found in temp_dir.
Job 616: 237/400 ERROR: No .raw files found in temp_dir.
Job 616: 238/400 ERROR: No .raw files found in temp_dir.
Job 616: 239/400 ERROR: No .raw files found in temp_dir.
Job 616: 240/400 ERROR: No .raw files found in temp_dir.
Job 616: 241/400 ERROR: No .raw files found in temp_dir.
Job 616: 242/400 ERROR: No .raw files found in temp_dir.
Job 616: 243/400 ERROR: No .raw files found in temp_dir.
Job 616: 244/400 ERROR: No .raw files found in temp_dir.
Job 616: 245/400 ERROR: No .raw files found in temp_dir.
Job 616: 246/400 ERROR: No .raw files found in temp_dir.
Job 616: 247/400 ERROR: No .raw files found in temp_dir.
Job 616: 248/400 ERROR: No .raw files found in temp_dir.
Job 616: 249/400 ERROR: No .raw files found in temp_dir.
Job 616: 250/400 ERROR: No .raw files found in temp_dir.
Job 616: 251/400 ERROR: No .raw files found in temp_dir.
Job 616: 252/400 ERROR: No .raw files found in temp_dir.
Job 616: 253/400 ERROR: No .raw files found in temp_dir.
Job 616: 254/400 ERROR: No .raw files found in temp_dir.
Job 616: 255/400 ERROR: No .raw files found in temp_dir.
Job 616: 256/400 ERROR: No .raw files found in temp_dir.
Job 616: 257/400 ERROR: No .raw files found in temp_dir.
Job 616: 258/400 ERROR: No .raw files found in temp_dir.
Job 616: 259/400 ERROR: No .raw files found in temp_dir.
Job 616: 260/400 ERROR: No .raw files found in temp_dir.
Job 616: 261/400 ERROR: No .raw files found in temp_dir.
Job 616: 262/400 ERROR: No .raw files found in temp_dir.
Job 616: 263/400 ERROR: No .raw files found in temp_dir.
Job 616: 264/400 ERROR: No .raw files found in temp_dir.
Job 616: 265/400 ERROR: No .raw files found in temp_dir.
Job 616: 266/400 ERROR: No .raw files found in temp_dir.
Job 616: 267/400 ERROR: No .raw files found in temp_dir.
Job 616: 268/400 ERROR: No .raw files found in temp_dir.
Job 616: 269/400 ERROR: No .raw files found in temp_dir.
Job 616: 270/400 ERROR: No .raw files found in temp_dir.
Job 616: 271/400 ERROR: No .raw files found in temp_dir.
Job 616: 272/400 ERROR: No .raw files found in temp_dir.
Job 616: 273/400 ERROR: No .raw files found in temp_dir.
Job 616: 274/400 ERROR: No .raw files found in temp_dir.
Job 616: 275/400 ERROR: No .raw files found in temp_dir.
Job 616: 276/400 ERROR: No .raw files found in temp_dir.
Job 616: 277/400 ERROR: No .raw files found in temp_dir.
Job 616: 278/400 ERROR: No .raw files found in temp_dir.
Job 616: 279/400 ERROR: No .raw files found in temp_dir.
Job 616: 280/400 ERROR: No .raw files found in temp_dir.
Job 616: 281/400 ERROR: No .raw files found in temp_dir.
Job 616: 282/400 ERROR: No .raw files found in temp_dir.
Job 616: 283/400 ERROR: No .raw files found in temp_dir.
Job 616: 284/400 ERROR: No .raw files found in temp_dir.
Job 616: 285/400 ERROR: No .raw files found in temp_dir.
Job 616: 286/400 ERROR: No .raw files found in temp_dir.
Job 616: 287/400 ERROR: No .raw files found in temp_dir.
Job 616: 288/400 ERROR: No .raw files found in temp_dir.
Job 616: 289/400 ERROR: No .raw files found in temp_dir.
Job 616: 290/400 ERROR: No .raw files found in temp_dir.
Job 616: 291/400 ERROR: No .raw files found in temp_dir.
Job 616: 292/400 ERROR: No .raw files found in temp_dir.
Job 616: 293/400 ERROR: No .raw files found in temp_dir.
Job 616: 294/400 ERROR: No .raw files found in temp_dir.
Job 616: 295/400 ERROR: No .raw files found in temp_dir.
Job 616: 296/400 ERROR: No .raw files found in temp_dir.
Job 616: 297/400 ERROR: No .raw files found in temp_dir.
Job 616: 298/400 ERROR: No .raw files found in temp_dir.
Job 616: 299/400 ERROR: No .raw files found in temp_dir.
Job 616: 300/400 ERROR: No .raw files found in temp_dir.
Job 616: 301/400 ERROR: No .raw files found in temp_dir.
Job 616: 302/400 ERROR: No .raw files found in temp_dir.
Job 616: 303/400 ERROR: No .raw files found in temp_dir.
Job 616: 304/400 ERROR: No .raw files found in temp_dir.
Job 616: 305/400 ERROR: No .raw files found in temp_dir.
Job 616: 306/400 ERROR: No .raw files found in temp_dir.
Job 616: 307/400 ERROR: No .raw files found in temp_dir.
Job 616: 308/400 ERROR: No .raw files found in temp_dir.
Job 616: 309/400 ERROR: No .raw files found in temp_dir.
Job 616: 310/400 ERROR: No .raw files found in temp_dir.
Job 616: 311/400 ERROR: No .raw files found in temp_dir.
Job 616: 312/400 ERROR: No .raw files found in temp_dir.
Job 616: 313/400 ERROR: No .raw files found in temp_dir.
Job 616: 314/400 ERROR: No .raw files found in temp_dir.
Job 616: 315/400 ERROR: No .raw files found in temp_dir.
Job 616: 316/400 ERROR: No .raw files found in temp_dir.
Job 616: 317/400 ERROR: No .raw files found in temp_dir.
Job 616: 318/400 ERROR: No .raw files found in temp_dir.
Job 616: 319/400 ERROR: No .raw files found in temp_dir.
Job 616: 320/400 ERROR: No .raw files found in temp_dir.
Job 616: 321/400 ERROR: No .raw files found in temp_dir.
Job 616: 322/400 ERROR: No .raw files found in temp_dir.
Job 616: 323/400 ERROR: No .raw files found in temp_dir.
Job 616: 324/400 ERROR: No .raw files found in temp_dir.
Job 616: 325/400 ERROR: No .raw files found in temp_dir.
Job 616: 326/400 ERROR: No .raw files found in temp_dir.
Job 616: 327/400 ERROR: No .raw files found in temp_dir.
Job 616: 328/400 ERROR: No .raw files found in temp_dir.
Job 616: 329/400 ERROR: No .raw files found in temp_dir.
Job 616: 330/400 ERROR: No .raw files found in temp_dir.
Job 616: 331/400 ERROR: No .raw files found in temp_dir.
Job 616: 332/400 ERROR: No .raw files found in temp_dir.
Job 616: 333/400 ERROR: No .raw files found in temp_dir.
Job 616: 334/400 ERROR: No .raw files found in temp_dir.
Job 616: 335/400 ERROR: No .raw files found in temp_dir.
Job 616: 336/400 ERROR: No .raw files found in temp_dir.
Job 616: 337/400 ERROR: No .raw files found in temp_dir.
Job 616: 338/400 ERROR: No .raw files found in temp_dir.
Job 616: 339/400 ERROR: No .raw files found in temp_dir.
Job 616: 340/400 ERROR: No .raw files found in temp_dir.
Job 616: 341/400 ERROR: No .raw files found in temp_dir.
Job 616: 342/400 ERROR: No .raw files found in temp_dir.
Job 616: 343/400 ERROR: No .raw files found in temp_dir.
Job 616: 344/400 ERROR: No .raw files found in temp_dir.
Job 616: 345/400 ERROR: No .raw files found in temp_dir.
Job 616: 346/400 ERROR: No .raw files found in temp_dir.
Job 616: 347/400 ERROR: No .raw files found in temp_dir.
Job 616: 348/400 ERROR: No .raw files found in temp_dir.
Job 616: 349/400 ERROR: No .raw files found in temp_dir.
Job 616: 350/400 ERROR: No .raw files found in temp_dir.
Job 616: 351/400 ERROR: No .raw files found in temp_dir.
Job 616: 352/400 ERROR: No .raw files found in temp_dir.
Job 616: 353/400 ERROR: No .raw files found in temp_dir.
Job 616: 354/400 ERROR: No .raw files found in temp_dir.
Job 616: 355/400 ERROR: No .raw files found in temp_dir.
Job 616: 356/400 ERROR: No .raw files found in temp_dir.
Job 616: 357/400 ERROR: No .raw files found in temp_dir.
Job 616: 358/400 ERROR: No .raw files found in temp_dir.
Job 616: 359/400 ERROR: No .raw files found in temp_dir.
Job 616: 360/400 ERROR: No .raw files found in temp_dir.
Job 616: 361/400 ERROR: No .raw files found in temp_dir.
Job 616: 362/400 ERROR: No .raw files found in temp_dir.
Job 616: 363/400 ERROR: No .raw files found in temp_dir.
Job 616: 364/400 ERROR: No .raw files found in temp_dir.
Job 616: 365/400 ERROR: No .raw files found in temp_dir.
Job 616: 366/400 ERROR: No .raw files found in temp_dir.
Job 616: 367/400 ERROR: No .raw files found in temp_dir.
Job 616: 368/400 ERROR: No .raw files found in temp_dir.
Job 616: 369/400 ERROR: No .raw files found in temp_dir.
Job 616: 370/400 ERROR: No .raw files found in temp_dir.
Job 616: 371/400 ERROR: No .raw files found in temp_dir.
Job 616: 372/400 ERROR: No .raw files found in temp_dir.
Job 616: 373/400 ERROR: No .raw files found in temp_dir.
Job 616: 374/400 ERROR: No .raw files found in temp_dir.
Job 616: 375/400 ERROR: No .raw files found in temp_dir.
Job 616: 376/400 ERROR: No .raw files found in temp_dir.
Job 616: 377/400 ERROR: No .raw files found in temp_dir.
Job 616: 378/400 ERROR: No .raw files found in temp_dir.
Job 616: 379/400 ERROR: No .raw files found in temp_dir.
Job 616: 380/400 ERROR: No .raw files found in temp_dir.
Job 616: 381/400 ERROR: No .raw files found in temp_dir.
Job 616: 382/400 ERROR: No .raw files found in temp_dir.
Job 616: 383/400 ERROR: No .raw files found in temp_dir.
Job 616: 384/400 ERROR: No .raw files found in temp_dir.
Job 616: 385/400 ERROR: No .raw files found in temp_dir.
Job 616: 386/400 ERROR: No .raw files found in temp_dir.
Job 616: 387/400 ERROR: No .raw files found in temp_dir.
Job 616: 388/400 ERROR: No .raw files found in temp_dir.
Job 616: 389/400 ERROR: No .raw files found in temp_dir.
Job 616: 390/400 ERROR: No .raw files found in temp_dir.
Job 616: 391/400 ERROR: No .raw files found in temp_dir.
Job 616: 392/400 ERROR: No .raw files found in temp_dir.
Job 616: 393/400 ERROR: No .raw files found in temp_dir.
Job 616: 394/400 ERROR: No .raw files found in temp_dir.
Job 616: 395/400 ERROR: No .raw files found in temp_dir.
Job 616: 396/400 ERROR: No .raw files found in temp_dir.
Job 616: 397/400 ERROR: No .raw files found in temp_dir.
Job 616: 398/400 ERROR: No .raw files found in temp_dir.
Job 616: 399/400 ERROR: No .raw files found in temp_dir.
Job 616: 400/400 ERROR: No .raw files found in temp_dir.
Warning messages:
1: In data.table::fread(raw_file, data.table = FALSE) :
  Discarded single-line footer: <<0	GTEX-1339X	0	0	0	-9	2	2	2	2	2	0	2	2	2	2	2	2	1	1	2	2	2	2	2	2	2	2	2	2	2	2	2	2	0	2	0	2	2	2	0	2	2	0	2	2	2	2	2	2	2	2	2	2	1	2	2	2	2	2	2	0	2	2	2	2	2	2	2	2	2	2	2	2	2	2	1	2	2	1	2	2	2	0	2	2	2	2	2	2	2	2	2	2	2	2	0	2	2	2	2	2	2	2	2	2	1	2	2	2	0	2	2	2	1	2	2	2	2	1	2	2	2	2	2	2	2	2	2	2	2	2	2	1	2	0	2	2	2	2	1	2	1	2	0	1	0	2	1	2	2	2	2	2	2	2	2	2	2	2	2	2	2	2	2	2	2	2	2	2	2	2	2	2	2	2	2	2	2	2	2	2	2	2	2	2	2	2	2	2	2	2	2	1	2	2	2	2	2	2	2	2	2	2	2	2	2	2	2	2	2	2	2	2	2	2	2	2	2	2	2	2	2	2	2	2	2	2	2	2	2	2	2	2	2	2	2	2	2	2	2	2	2	2	2	>>
2: In data.table::fread(raw_file, data.table = FALSE) :
  Discarded single-line footer: <<0	GTEX-1R46S	0	0	0	-9	2	2	2	2	2	0	2	2	2	2	2	2	1	1	2	2	2	2	2	2	2	2	2	2	2	2	2	2	0	2	0	2	2	2	0	2	2	0	2	2	2	2	2	2	2	2	2	2	1	2	2	2	2	2	2	0	2	2	2	2	2	2	2	2	2	2	2	2	2	2	2	2	2	1	2	2	2	0	2	2	2	2	2	2	2	2	2	2	2	2	0	2	2	2	2	2	2	2	2	2	2	2	2	2	0	2	2	2	1	2	2	2	2	1	2	2	2	2	2	2	2	2	2	2	2	2	2	1	2	0	2	2	2	2	1	2	1	2	0	1	0	2	1	2	2	2	2	2	2	2	2	1	2	2	2	2	2	2	2	2	2	2	2	2	2	2	2	2	2	2	2	2	2	2	2	2	2	2	2	2	2	2	2	2	2	2	2	2	2	2	2	2	2	2	2	2	2	2	2	2	2	2	2	2	2	2	2	2	2	2	2	2	2	2	2	2	2	2	2	2	2	2	2	2	2	2	2	2	2	2	2	2	2	2	2	2	2	2	2	>>
3: In data.table::fread(raw_file, data.table = FALSE) :
  Discarded single-line footer: <<0	GTEX-ZAB4	0	0	0	-9	2	2	0	2	2	2	2	2	2	2	2	2	2	2	2	2	2	2	2	2	2	2	1	0	0	2	2	2	2	2	0	2	2	2	2	1	2	2	2	2	2	2	2	2	2	2	2	2	2	2	2	2	0	2	2	2	2	2	2	2	2	2	2	2	2	2	2	2	2	2	2	2	2	2	2	2	2	0	2	2	2	2	2	2	2	2	2	2	2	2	2	2	2	2	0	2	2	2	2	2	2	2	2	0	2	0	2	2	2	2	NA	2	2	2	2	2	2	2	2	2	1	2	2	2	2	1	2	2	2	2	2	2	2	2	2	0	2	2	2	2	2	2	2	2	2	2	2	2	0	2	2	0	2	2	2	2	2	2	2	2	2	2	2	2	0	2	2	1	1	2	2	2	2	2	2	2	2	2	2	2	2	2	1	2	2	2	2	2	0	0	2	2	2	2	2	2	2	2	2	2	2	2	2	2	2	2	2	2	2	2	2	2	2	2	1	2	2	2	2	2	2	2	1	2	2	2	2	2	2	1	2	2	2	2	2	2	2	2	2	>>
