Registered S3 methods overwritten by 'susieSlide':
  method              from  
  coef.susie          susieR
  predict.susie       susieR
  print.summary.susie susieR
  summary.susie       susieR
Job 500: 1/400
Job 500: 2/400
Job 500: 3/400
Job 500: 4/400
Job 500: 5/400
Job 500: 6/400
Job 500: 7/400
Job 500: 8/400
Job 500: 9/400
Job 500: 10/400
Job 500: 11/400
Job 500: 12/400
Job 500: 13/400
Job 500: 14/400
Job 500: 15/400
Job 500: 16/400
Job 500: 17/400
Job 500: 18/400
Job 500: 19/400
Job 500: 20/400
Job 500: 21/400
Job 500: 22/400
Job 500: 23/400
Job 500: 24/400
Job 500: 25/400
Job 500: 26/400
Job 500: 27/400
Job 500: 28/400
Job 500: 29/400
Job 500: 30/400
Job 500: 31/400
Job 500: 32/400
Job 500: 33/400
Job 500: 34/400
Job 500: 35/400
Job 500: 36/400
Job 500: 37/400
Job 500: 38/400
Job 500: 39/400
Job 500: 40/400
Job 500: 41/400
Job 500: 42/400
Job 500: 43/400
Job 500: 44/400
Job 500: 45/400
Job 500: 46/400
Job 500: 47/400
Job 500: 48/400
Job 500: 49/400
Job 500: 50/400
Job 500: 51/400
Job 500: 52/400
Job 500: 53/400
Job 500: 54/400
Job 500: 55/400
Job 500: 56/400
Job 500: 57/400
Job 500: 58/400
Job 500: 59/400
Job 500: 60/400
Job 500: 61/400
Job 500: 62/400
Job 500: 63/400
Job 500: 64/400
Job 500: 65/400
Job 500: 66/400
Job 500: 67/400
Job 500: 68/400
Job 500: 69/400
Job 500: 70/400
Job 500: 71/400
Job 500: 72/400
Job 500: 73/400
Job 500: 74/400
Job 500: 75/400
Job 500: 76/400
Job 500: 77/400
Job 500: 78/400
Job 500: 79/400
Job 500: 80/400
Job 500: 81/400
Job 500: 82/400
Job 500: 83/400
Job 500: 84/400
Job 500: 85/400
Job 500: 86/400
Job 500: 87/400
Job 500: 88/400
Job 500: 89/400
Job 500: 90/400
Job 500: 91/400
Job 500: 92/400
Job 500: 93/400
Job 500: 94/400
Job 500: 95/400
Job 500: 96/400
Job 500: 97/400
Job 500: 98/400
Job 500: 99/400
Job 500: 100/400
Job 500: 101/400
Job 500: 102/400
Job 500: 103/400
Job 500: 104/400
Job 500: 105/400
Job 500: 106/400
Job 500: 107/400
Job 500: 108/400
Job 500: 109/400
Job 500: 110/400
Job 500: 111/400
Job 500: 112/400
Job 500: 113/400
Job 500: 114/400
Job 500: 115/400
Job 500: 116/400
Job 500: 117/400
Job 500: 118/400
Job 500: 119/400
Job 500: 120/400
Job 500: 121/400
Job 500: 122/400
Job 500: 123/400
Job 500: 124/400
Job 500: 125/400
Job 500: 126/400
Job 500: 127/400
Job 500: 128/400
Job 500: 129/400
Job 500: 130/400
Job 500: 131/400
Job 500: 132/400
Job 500: 133/400
Job 500: 134/400
Job 500: 135/400
Job 500: 136/400
Job 500: 137/400
Job 500: 138/400
Job 500: 139/400
Job 500: 140/400
Job 500: 141/400
Job 500: 142/400
Job 500: 143/400
Job 500: 144/400
Job 500: 145/400
Job 500: 146/400
Job 500: 147/400
Job 500: 148/400
Job 500: 149/400
Job 500: 150/400
Job 500: 151/400
Job 500: 152/400
Job 500: 153/400
Job 500: 154/400
Job 500: 155/400
Job 500: 156/400
Job 500: 157/400
Job 500: 158/400
Job 500: 159/400
Job 500: 160/400
Job 500: 161/400
Job 500: 162/400
Job 500: 163/400
Job 500: 164/400
Job 500: 165/400
Job 500: 166/400
Job 500: 167/400
Job 500: 168/400
Job 500: 169/400
Job 500: 170/400
Job 500: 171/400
Job 500: 172/400
Job 500: 173/400
Job 500: 174/400
Job 500: 175/400
Job 500: 176/400
Job 500: 177/400
Job 500: 178/400
Job 500: 179/400
Job 500: 180/400
Job 500: 181/400
Job 500: 182/400
Job 500: 183/400
Job 500: 184/400
Job 500: 185/400
Job 500: 186/400
Job 500: 187/400
Job 500: 188/400
Job 500: 189/400
Job 500: 190/400
Job 500: 191/400
Job 500: 192/400
Job 500: 193/400
Job 500: 194/400
Job 500: 195/400
Job 500: 196/400
Job 500: 197/400
Job 500: 198/400
Job 500: 199/400
Job 500: 200/400
Job 500: 201/400
Job 500: 202/400
Job 500: 203/400
Job 500: 204/400
Job 500: 205/400
Job 500: 206/400
Job 500: 207/400
Job 500: 208/400
Job 500: 209/400
Job 500: 210/400
Job 500: 211/400
Job 500: 212/400
Job 500: 213/400
Job 500: 214/400
Job 500: 215/400
Job 500: 216/400
Job 500: 217/400
Job 500: 218/400
Job 500: 219/400
Job 500: 220/400
Job 500: 221/400
Job 500: 222/400
Job 500: 223/400
Job 500: 224/400
Job 500: 225/400
Job 500: 226/400
Job 500: 227/400
Job 500: 228/400
Job 500: 229/400
Job 500: 230/400
Job 500: 231/400
Job 500: 232/400
Job 500: 233/400
Job 500: 234/400
Job 500: 235/400
Job 500: 236/400
Job 500: 237/400
Job 500: 238/400
Job 500: 239/400
Job 500: 240/400
Job 500: 241/400
Job 500: 242/400
Job 500: 243/400
Job 500: 244/400
Job 500: 245/400
Job 500: 246/400
Job 500: 247/400
Job 500: 248/400
Job 500: 249/400
Job 500: 250/400
Job 500: 251/400
Job 500: 252/400
Job 500: 253/400
Job 500: 254/400
Job 500: 255/400
Job 500: 256/400
Job 500: 257/400
Job 500: 258/400
Job 500: 259/400
Job 500: 260/400
Job 500: 261/400
Job 500: 262/400
Job 500: 263/400
Job 500: 264/400
Job 500: 265/400
Job 500: 266/400
Job 500: 267/400
Job 500: 268/400
Job 500: 269/400
Job 500: 270/400
Job 500: 271/400
Job 500: 272/400
Job 500: 273/400
Job 500: 274/400
Job 500: 275/400
Job 500: 276/400
Job 500: 277/400
Job 500: 278/400
Job 500: 279/400
Job 500: 280/400
Job 500: 281/400
Job 500: 282/400
Job 500: 283/400
Job 500: 284/400
Job 500: 285/400
Job 500: 286/400
Job 500: 287/400
Job 500: 288/400
Job 500: 289/400
Job 500: 290/400
Job 500: 291/400
Job 500: 292/400
Job 500: 293/400
Job 500: 294/400
Job 500: 295/400
Job 500: 296/400
Job 500: 297/400
Job 500: 298/400
Job 500: 299/400
Job 500: 300/400
Job 500: 301/400
Job 500: 302/400
Job 500: 303/400
Job 500: 304/400
Job 500: 305/400
Job 500: 306/400
Job 500: 307/400
Job 500: 308/400
Job 500: 309/400
Job 500: 310/400
Job 500: 311/400
Job 500: 312/400
Job 500: 313/400
Job 500: 314/400
Job 500: 315/400
Job 500: 316/400
Job 500: 317/400
Job 500: 318/400
Job 500: 319/400
Job 500: 320/400
Job 500: 321/400
Job 500: 322/400
Job 500: 323/400
Job 500: 324/400
Job 500: 325/400
Job 500: 326/400
Job 500: 327/400
Job 500: 328/400
Job 500: 329/400
Job 500: 330/400
Job 500: 331/400
Job 500: 332/400
Job 500: 333/400
Job 500: 334/400
Job 500: 335/400
Job 500: 336/400
Job 500: 337/400
Job 500: 338/400
Job 500: 339/400
Job 500: 340/400
Job 500: 341/400
Job 500: 342/400
Job 500: 343/400
Job 500: 344/400
Job 500: 345/400
Job 500: 346/400
Job 500: 347/400
Job 500: 348/400
Job 500: 349/400
Job 500: 350/400
Job 500: 351/400
Job 500: 352/400
Job 500: 353/400
Job 500: 354/400
Job 500: 355/400
Job 500: 356/400
Job 500: 357/400
Job 500: 358/400
Job 500: 359/400
Job 500: 360/400
Job 500: 361/400
Job 500: 362/400
Job 500: 363/400
Job 500: 364/400
Job 500: 365/400
Job 500: 366/400
Job 500: 367/400
Job 500: 368/400
Job 500: 369/400
Job 500: 370/400
Job 500: 371/400
Job 500: 372/400
Job 500: 373/400
Job 500: 374/400
Job 500: 375/400
Job 500: 376/400
Job 500: 377/400
Job 500: 378/400
Job 500: 379/400
Job 500: 380/400
Job 500: 381/400
Job 500: 382/400
Job 500: 383/400
Job 500: 384/400
Job 500: 385/400
Job 500: 386/400
Job 500: 387/400
Job 500: 388/400
Job 500: 389/400
Job 500: 390/400
Job 500: 391/400
Job 500: 392/400
Job 500: 393/400
Job 500: 394/400
Job 500: 395/400
Job 500: 396/400
Job 500: 397/400
Job 500: 398/400
Job 500: 399/400
Job 500: 400/400
