Registered S3 methods overwritten by 'susieSlide':
  method              from  
  coef.susie          susieR
  predict.susie       susieR
  print.summary.susie susieR
  summary.susie       susieR
Job 286: 1/400
Job 286: 2/400
Job 286: 3/400
Job 286: 4/400
Job 286: 5/400
Job 286: 6/400
Job 286: 7/400
Job 286: 8/400
Job 286: 9/400
Job 286: 10/400
Job 286: 11/400
Job 286: 12/400
Job 286: 13/400
Job 286: 14/400
Job 286: 15/400
Job 286: 16/400
Job 286: 17/400
Job 286: 18/400
Job 286: 19/400
Job 286: 20/400
Job 286: 21/400
Job 286: 22/400
Job 286: 23/400
Job 286: 24/400
Job 286: 25/400
Job 286: 26/400
Job 286: 27/400
Job 286: 28/400
Job 286: 29/400
Job 286: 30/400
Job 286: 31/400
Job 286: 32/400
Job 286: 33/400
Job 286: 34/400
Job 286: 35/400
Job 286: 36/400
Job 286: 37/400
Job 286: 38/400
Job 286: 39/400
Job 286: 40/400
Job 286: 41/400
Job 286: 42/400
Job 286: 43/400
Job 286: 44/400
Job 286: 45/400
Job 286: 46/400
Job 286: 47/400
Job 286: 48/400
Job 286: 49/400
Job 286: 50/400
Job 286: 51/400
Job 286: 52/400
Job 286: 53/400
Job 286: 54/400
Job 286: 55/400
Job 286: 56/400
Job 286: 57/400
Job 286: 58/400
Job 286: 59/400
Job 286: 60/400
Job 286: 61/400
Job 286: 62/400
Job 286: 63/400
Job 286: 64/400
Job 286: 65/400
Job 286: 66/400
Job 286: 67/400
Job 286: 68/400
Job 286: 69/400
Job 286: 70/400
Job 286: 71/400
Job 286: 72/400
Job 286: 73/400
Job 286: 74/400
Job 286: 75/400
Job 286: 76/400
Job 286: 77/400
Job 286: 78/400
Job 286: 79/400
Job 286: 80/400
Job 286: 81/400
Job 286: 82/400
Job 286: 83/400
Job 286: 84/400
Job 286: 85/400
Job 286: 86/400
Job 286: 87/400
Job 286: 88/400
Job 286: 89/400
Job 286: 90/400
Job 286: 91/400
Job 286: 92/400
Job 286: 93/400
Job 286: 94/400
Job 286: 95/400
Job 286: 96/400
Job 286: 97/400
Job 286: 98/400
Job 286: 99/400
Job 286: 100/400
Job 286: 101/400
Job 286: 102/400
Job 286: 103/400
Job 286: 104/400
Job 286: 105/400
Job 286: 106/400
Job 286: 107/400
Job 286: 108/400
Job 286: 109/400
Job 286: 110/400
Job 286: 111/400
Job 286: 112/400
Job 286: 113/400
Job 286: 114/400
Job 286: 115/400
Job 286: 116/400
Job 286: 117/400
Job 286: 118/400
Job 286: 119/400
Job 286: 120/400
Job 286: 121/400
Job 286: 122/400
Job 286: 123/400
Job 286: 124/400
Job 286: 125/400
Job 286: 126/400
Job 286: 127/400
Job 286: 128/400
Job 286: 129/400
Job 286: 130/400
Job 286: 131/400
Job 286: 132/400
Job 286: 133/400
Job 286: 134/400
Job 286: 135/400
Job 286: 136/400
Job 286: 137/400
Job 286: 138/400
Job 286: 139/400
Job 286: 140/400
Job 286: 141/400
Job 286: 142/400
Job 286: 143/400
Job 286: 144/400
Job 286: 145/400
Job 286: 146/400
Job 286: 147/400
Job 286: 148/400
Job 286: 149/400
Job 286: 150/400
Job 286: 151/400
Job 286: 152/400
Job 286: 153/400
Job 286: 154/400
Job 286: 155/400
Job 286: 156/400
Job 286: 157/400
Job 286: 158/400
Job 286: 159/400
Job 286: 160/400
Job 286: 161/400
Job 286: 162/400
Job 286: 163/400
Job 286: 164/400
Job 286: 165/400
Job 286: 166/400
Job 286: 167/400
Job 286: 168/400
Job 286: 169/400
Job 286: 170/400
Job 286: 171/400
Job 286: 172/400
Job 286: 173/400
Job 286: 174/400
Job 286: 175/400
Job 286: 176/400
Job 286: 177/400
Job 286: 178/400
Job 286: 179/400
Job 286: 180/400
Job 286: 181/400
Job 286: 182/400
Job 286: 183/400
Job 286: 184/400
Job 286: 185/400
Job 286: 186/400
Job 286: 187/400
Job 286: 188/400
Job 286: 189/400
Job 286: 190/400
Job 286: 191/400
Job 286: 192/400
Job 286: 193/400
Job 286: 194/400
Job 286: 195/400
Job 286: 196/400
Job 286: 197/400
Job 286: 198/400
Job 286: 199/400
Job 286: 200/400
Job 286: 201/400
Job 286: 202/400
Job 286: 203/400
Job 286: 204/400
Job 286: 205/400
Job 286: 206/400
Job 286: 207/400
Job 286: 208/400
Job 286: 209/400
Job 286: 210/400
Job 286: 211/400
Job 286: 212/400
Job 286: 213/400
Job 286: 214/400
Job 286: 215/400
Job 286: 216/400
Job 286: 217/400
Job 286: 218/400
Job 286: 219/400
Job 286: 220/400
Job 286: 221/400
Job 286: 222/400
Job 286: 223/400
Job 286: 224/400
Job 286: 225/400
Job 286: 226/400
Job 286: 227/400
Job 286: 228/400
Job 286: 229/400
Job 286: 230/400
Job 286: 231/400
Job 286: 232/400
Job 286: 233/400
Job 286: 234/400
Job 286: 235/400
Job 286: 236/400
Job 286: 237/400
Job 286: 238/400
Job 286: 239/400
Job 286: 240/400
Job 286: 241/400
Job 286: 242/400
Job 286: 243/400
Job 286: 244/400
Job 286: 245/400
Job 286: 246/400
Job 286: 247/400
Job 286: 248/400
Job 286: 249/400
Job 286: 250/400
Job 286: 251/400
Job 286: 252/400
Job 286: 253/400
Job 286: 254/400
Job 286: 255/400
Job 286: 256/400
Job 286: 257/400
Job 286: 258/400
Job 286: 259/400
Job 286: 260/400
Job 286: 261/400
Job 286: 262/400
Job 286: 263/400
Job 286: 264/400
Job 286: 265/400
Job 286: 266/400
Job 286: 267/400
Job 286: 268/400
Job 286: 269/400
Job 286: 270/400
Job 286: 271/400
Job 286: 272/400
Job 286: 273/400
Job 286: 274/400
Job 286: 275/400
Job 286: 276/400
Job 286: 277/400
Job 286: 278/400
Job 286: 279/400
Job 286: 280/400
Job 286: 281/400
Job 286: 282/400
Job 286: 283/400
Job 286: 284/400
Job 286: 285/400
Job 286: 286/400
Job 286: 287/400
Job 286: 288/400
Job 286: 289/400
Job 286: 290/400
Job 286: 291/400
Job 286: 292/400
Job 286: 293/400
Job 286: 294/400
Job 286: 295/400
Job 286: 296/400
Job 286: 297/400
Job 286: 298/400
Job 286: 299/400
Job 286: 300/400
Job 286: 301/400
Job 286: 302/400
Job 286: 303/400
Job 286: 304/400
Job 286: 305/400
Job 286: 306/400
Job 286: 307/400
Job 286: 308/400
Job 286: 309/400
Job 286: 310/400
Job 286: 311/400
Job 286: 312/400
Job 286: 313/400
Job 286: 314/400
Job 286: 315/400
Job 286: 316/400
Job 286: 317/400
Job 286: 318/400
Job 286: 319/400
Job 286: 320/400
Job 286: 321/400
Job 286: 322/400
Job 286: 323/400
Job 286: 324/400
Job 286: 325/400
Job 286: 326/400
Job 286: 327/400
Job 286: 328/400
Job 286: 329/400
Job 286: 330/400
Job 286: 331/400
Job 286: 332/400
Job 286: 333/400
Job 286: 334/400
Job 286: 335/400
Job 286: 336/400
Job 286: 337/400
Job 286: 338/400
Job 286: 339/400
Job 286: 340/400
Job 286: 341/400
Job 286: 342/400
Job 286: 343/400
Job 286: 344/400
Job 286: 345/400
Job 286: 346/400
Job 286: 347/400
Job 286: 348/400
Job 286: 349/400
Job 286: 350/400
Job 286: 351/400
Job 286: 352/400
Job 286: 353/400
Job 286: 354/400
Job 286: 355/400
Job 286: 356/400
Job 286: 357/400
Job 286: 358/400
Job 286: 359/400
Job 286: 360/400
Job 286: 361/400
Job 286: 362/400
Job 286: 363/400
Job 286: 364/400
Job 286: 365/400
Job 286: 366/400
Job 286: 367/400
Job 286: 368/400
Job 286: 369/400
Job 286: 370/400
Job 286: 371/400
Job 286: 372/400
Job 286: 373/400
Job 286: 374/400
Job 286: 375/400
Job 286: 376/400
Job 286: 377/400
Job 286: 378/400
Job 286: 379/400
Job 286: 380/400
Job 286: 381/400
Job 286: 382/400
Job 286: 383/400
Job 286: 384/400
Job 286: 385/400
Job 286: 386/400
Job 286: 387/400
Job 286: 388/400
Job 286: 389/400
Job 286: 390/400
Job 286: 391/400
Job 286: 392/400
Job 286: 393/400
Job 286: 394/400
Job 286: 395/400
Job 286: 396/400
Job 286: 397/400
Job 286: 398/400
Job 286: 399/400
Job 286: 400/400
