Registered S3 methods overwritten by 'susieSlide':
  method              from  
  coef.susie          susieR
  predict.susie       susieR
  print.summary.susie susieR
  summary.susie       susieR
Job 619: 1/400
Job 619: 2/400
Job 619: 3/400
Job 619: 4/400
Job 619: 5/400
Job 619: 6/400
Job 619: 7/400
Job 619: 8/400
Job 619: 9/400
Job 619: 10/400
Job 619: 11/400
Job 619: 12/400
Job 619: 13/400
Job 619: 14/400
Job 619: 15/400
Job 619: 16/400
Job 619: 17/400
Job 619: 18/400
Job 619: 19/400 ERROR: No .raw files found in temp_dir.
Job 619: 20/400 ERROR: No .raw files found in temp_dir.
Job 619: 21/400 ERROR: No .raw files found in temp_dir.
Job 619: 22/400 ERROR: No .raw files found in temp_dir.
Job 619: 23/400 ERROR: No .raw files found in temp_dir.
Job 619: 24/400 ERROR: No .raw files found in temp_dir.
Job 619: 25/400 ERROR: No .raw files found in temp_dir.
Job 619: 26/400 ERROR: No .raw files found in temp_dir.
Job 619: 27/400 ERROR: No .raw files found in temp_dir.
Job 619: 28/400 ERROR: No .raw files found in temp_dir.
Job 619: 29/400 ERROR: No .raw files found in temp_dir.
Job 619: 30/400 ERROR: No .raw files found in temp_dir.
Job 619: 31/400 ERROR: No .raw files found in temp_dir.
Job 619: 32/400 ERROR: No .raw files found in temp_dir.
Job 619: 33/400 ERROR: No .raw files found in temp_dir.
Job 619: 34/400 ERROR: No .raw files found in temp_dir.
Job 619: 35/400 ERROR: No .raw files found in temp_dir.
Job 619: 36/400 ERROR: No .raw files found in temp_dir.
Job 619: 37/400 ERROR: No .raw files found in temp_dir.
Job 619: 38/400 ERROR: No .raw files found in temp_dir.
Job 619: 39/400 ERROR: No .raw files found in temp_dir.
Job 619: 40/400 ERROR: No .raw files found in temp_dir.
Job 619: 41/400 ERROR: No .raw files found in temp_dir.
Job 619: 42/400 ERROR: No .raw files found in temp_dir.
Job 619: 43/400 ERROR: No .raw files found in temp_dir.
Job 619: 44/400 ERROR: No .raw files found in temp_dir.
Job 619: 45/400 ERROR: No .raw files found in temp_dir.
Job 619: 46/400 ERROR: No .raw files found in temp_dir.
Job 619: 47/400 ERROR: No .raw files found in temp_dir.
Job 619: 48/400 ERROR: No .raw files found in temp_dir.
Job 619: 49/400 ERROR: No .raw files found in temp_dir.
Job 619: 50/400 ERROR: No .raw files found in temp_dir.
Job 619: 51/400 ERROR: No .raw files found in temp_dir.
Job 619: 52/400 ERROR: No .raw files found in temp_dir.
Job 619: 53/400 ERROR: No .raw files found in temp_dir.
Job 619: 54/400 ERROR: No .raw files found in temp_dir.
Job 619: 55/400 ERROR: No .raw files found in temp_dir.
Job 619: 56/400 ERROR: No .raw files found in temp_dir.
Job 619: 57/400 ERROR: No .raw files found in temp_dir.
Job 619: 58/400 ERROR: No .raw files found in temp_dir.
Job 619: 59/400 ERROR: No .raw files found in temp_dir.
Job 619: 60/400 ERROR: No .raw files found in temp_dir.
Job 619: 61/400 ERROR: No .raw files found in temp_dir.
Job 619: 62/400 ERROR: No .raw files found in temp_dir.
Job 619: 63/400 ERROR: No .raw files found in temp_dir.
Job 619: 64/400 ERROR: No .raw files found in temp_dir.
Job 619: 65/400 ERROR: No .raw files found in temp_dir.
Job 619: 66/400 ERROR: No .raw files found in temp_dir.
Job 619: 67/400 ERROR: No .raw files found in temp_dir.
Job 619: 68/400 ERROR: No .raw files found in temp_dir.
Job 619: 69/400 ERROR: No .raw files found in temp_dir.
Job 619: 70/400 ERROR: No .raw files found in temp_dir.
Job 619: 71/400 ERROR: No .raw files found in temp_dir.
Job 619: 72/400 ERROR: No .raw files found in temp_dir.
Job 619: 73/400 ERROR: No .raw files found in temp_dir.
Job 619: 74/400 ERROR: No .raw files found in temp_dir.
Job 619: 75/400 ERROR: No .raw files found in temp_dir.
Job 619: 76/400 ERROR: No .raw files found in temp_dir.
Job 619: 77/400 ERROR: No .raw files found in temp_dir.
Job 619: 78/400 ERROR: No .raw files found in temp_dir.
Job 619: 79/400 ERROR: No .raw files found in temp_dir.
Job 619: 80/400 ERROR: No .raw files found in temp_dir.
Job 619: 81/400 ERROR: No .raw files found in temp_dir.
Job 619: 82/400 ERROR: No .raw files found in temp_dir.
Job 619: 83/400 ERROR: No .raw files found in temp_dir.
Job 619: 84/400 ERROR: No .raw files found in temp_dir.
Job 619: 85/400 ERROR: Not enough donors for the requested n.
Job 619: 86/400
Job 619: 87/400
Job 619: 88/400
Job 619: 89/400
Job 619: 90/400
Job 619: 91/400
Job 619: 92/400
Job 619: 93/400
Job 619: 94/400
Job 619: 95/400
Job 619: 96/400
Job 619: 97/400
Job 619: 98/400
Job 619: 99/400
Job 619: 100/400
Job 619: 101/400
Job 619: 102/400
Job 619: 103/400
Job 619: 104/400
Job 619: 105/400
Job 619: 106/400
Job 619: 107/400
Job 619: 108/400
Job 619: 109/400
Job 619: 110/400 ERROR: No .raw files found in temp_dir.
Job 619: 111/400 ERROR: No .raw files found in temp_dir.
Job 619: 112/400 ERROR: No .raw files found in temp_dir.
Job 619: 113/400 ERROR: No .raw files found in temp_dir.
Job 619: 114/400 ERROR: No .raw files found in temp_dir.
Job 619: 115/400 ERROR: No .raw files found in temp_dir.
Job 619: 116/400 ERROR: No .raw files found in temp_dir.
Job 619: 117/400 ERROR: No .raw files found in temp_dir.
Job 619: 118/400 ERROR: No .raw files found in temp_dir.
Job 619: 119/400 ERROR: No .raw files found in temp_dir.
Job 619: 120/400 ERROR: No .raw files found in temp_dir.
Job 619: 121/400 ERROR: No .raw files found in temp_dir.
Job 619: 122/400 ERROR: No .raw files found in temp_dir.
Job 619: 123/400 ERROR: No .raw files found in temp_dir.
Job 619: 124/400 ERROR: No .raw files found in temp_dir.
Job 619: 125/400 ERROR: No .raw files found in temp_dir.
Job 619: 126/400 ERROR: No .raw files found in temp_dir.
Job 619: 127/400 ERROR: No .raw files found in temp_dir.
Job 619: 128/400 ERROR: No .raw files found in temp_dir.
Job 619: 129/400 ERROR: No .raw files found in temp_dir.
Job 619: 130/400 ERROR: No .raw files found in temp_dir.
Job 619: 131/400 ERROR: No .raw files found in temp_dir.
Job 619: 132/400 ERROR: No .raw files found in temp_dir.
Job 619: 133/400 ERROR: No .raw files found in temp_dir.
Job 619: 134/400 ERROR: No .raw files found in temp_dir.
Job 619: 135/400 ERROR: No .raw files found in temp_dir.
Job 619: 136/400 ERROR: No .raw files found in temp_dir.
Job 619: 137/400 ERROR: No .raw files found in temp_dir.
Job 619: 138/400 ERROR: No .raw files found in temp_dir.
Job 619: 139/400 ERROR: No .raw files found in temp_dir.
Job 619: 140/400 ERROR: No .raw files found in temp_dir.
Job 619: 141/400 ERROR: No .raw files found in temp_dir.
Job 619: 142/400 ERROR: No .raw files found in temp_dir.
Job 619: 143/400 ERROR: No .raw files found in temp_dir.
Job 619: 144/400 ERROR: No .raw files found in temp_dir.
Job 619: 145/400 ERROR: No .raw files found in temp_dir.
Job 619: 146/400 ERROR: No .raw files found in temp_dir.
Job 619: 147/400 ERROR: No .raw files found in temp_dir.
Job 619: 148/400 ERROR: No .raw files found in temp_dir.
Job 619: 149/400 ERROR: No .raw files found in temp_dir.
Job 619: 150/400 ERROR: No .raw files found in temp_dir.
Job 619: 151/400 ERROR: No .raw files found in temp_dir.
Job 619: 152/400 ERROR: No .raw files found in temp_dir.
Job 619: 153/400 ERROR: No .raw files found in temp_dir.
Job 619: 154/400 ERROR: No .raw files found in temp_dir.
Job 619: 155/400 ERROR: No .raw files found in temp_dir.
Job 619: 156/400 ERROR: No .raw files found in temp_dir.
Job 619: 157/400 ERROR: No .raw files found in temp_dir.
Job 619: 158/400 ERROR: No .raw files found in temp_dir.
Job 619: 159/400 ERROR: No .raw files found in temp_dir.
Job 619: 160/400 ERROR: No .raw files found in temp_dir.
Job 619: 161/400 ERROR: No .raw files found in temp_dir.
Job 619: 162/400 ERROR: No .raw files found in temp_dir.
Job 619: 163/400
Job 619: 164/400
Job 619: 165/400
Job 619: 166/400
Job 619: 167/400
Job 619: 168/400
Job 619: 169/400
Job 619: 170/400
Job 619: 171/400
Job 619: 172/400
Job 619: 173/400
Job 619: 174/400
Job 619: 175/400
Job 619: 176/400
Job 619: 177/400
Job 619: 178/400
Job 619: 179/400
Job 619: 180/400
Job 619: 181/400
Job 619: 182/400
Job 619: 183/400
Job 619: 184/400
Job 619: 185/400
Job 619: 186/400
Job 619: 187/400
Job 619: 188/400 ERROR: No .raw files found in temp_dir.
Job 619: 189/400 ERROR: No .raw files found in temp_dir.
Job 619: 190/400 ERROR: No .raw files found in temp_dir.
Job 619: 191/400 ERROR: No .raw files found in temp_dir.
Job 619: 192/400 ERROR: No .raw files found in temp_dir.
Job 619: 193/400 ERROR: No .raw files found in temp_dir.
Job 619: 194/400 ERROR: No .raw files found in temp_dir.
Job 619: 195/400 ERROR: No .raw files found in temp_dir.
Job 619: 196/400 ERROR: No .raw files found in temp_dir.
Job 619: 197/400 ERROR: No .raw files found in temp_dir.
Job 619: 198/400 ERROR: No .raw files found in temp_dir.
Job 619: 199/400 ERROR: No .raw files found in temp_dir.
Job 619: 200/400 ERROR: No .raw files found in temp_dir.
Job 619: 201/400 ERROR: No .raw files found in temp_dir.
Job 619: 202/400 ERROR: No .raw files found in temp_dir.
Job 619: 203/400 ERROR: No .raw files found in temp_dir.
Job 619: 204/400 ERROR: No .raw files found in temp_dir.
Job 619: 205/400 ERROR: No .raw files found in temp_dir.
Job 619: 206/400 ERROR: No .raw files found in temp_dir.
Job 619: 207/400 ERROR: No .raw files found in temp_dir.
Job 619: 208/400 ERROR: No .raw files found in temp_dir.
Job 619: 209/400 ERROR: No .raw files found in temp_dir.
Job 619: 210/400 ERROR: No .raw files found in temp_dir.
Job 619: 211/400 ERROR: No .raw files found in temp_dir.
Job 619: 212/400 ERROR: No .raw files found in temp_dir.
Job 619: 213/400 ERROR: No .raw files found in temp_dir.
Job 619: 214/400 ERROR: No .raw files found in temp_dir.
Job 619: 215/400 ERROR: No .raw files found in temp_dir.
Job 619: 216/400 ERROR: No .raw files found in temp_dir.
Job 619: 217/400 ERROR: No .raw files found in temp_dir.
Job 619: 218/400 ERROR: No .raw files found in temp_dir.
Job 619: 219/400 ERROR: No .raw files found in temp_dir.
Job 619: 220/400 ERROR: No .raw files found in temp_dir.
Job 619: 221/400 ERROR: No .raw files found in temp_dir.
Job 619: 222/400 ERROR: No .raw files found in temp_dir.
Job 619: 223/400 ERROR: No .raw files found in temp_dir.
Job 619: 224/400 ERROR: No .raw files found in temp_dir.
Job 619: 225/400 ERROR: No .raw files found in temp_dir.
Job 619: 226/400 ERROR: No .raw files found in temp_dir.
Job 619: 227/400 ERROR: No .raw files found in temp_dir.
Job 619: 228/400 ERROR: No .raw files found in temp_dir.
Job 619: 229/400 ERROR: No .raw files found in temp_dir.
Job 619: 230/400 ERROR: No .raw files found in temp_dir.
Job 619: 231/400 ERROR: No .raw files found in temp_dir.
Job 619: 232/400 ERROR: No .raw files found in temp_dir.
Job 619: 233/400 ERROR: No .raw files found in temp_dir.
Job 619: 234/400 ERROR: No .raw files found in temp_dir.
Job 619: 235/400 ERROR: No .raw files found in temp_dir.
Job 619: 236/400 ERROR: No .raw files found in temp_dir.
Job 619: 237/400 ERROR: No .raw files found in temp_dir.
Job 619: 238/400 ERROR: No .raw files found in temp_dir.
Job 619: 239/400 ERROR: No .raw files found in temp_dir.
Job 619: 240/400 ERROR: No .raw files found in temp_dir.
Job 619: 241/400 ERROR: No .raw files found in temp_dir.
Job 619: 242/400 ERROR: No .raw files found in temp_dir.
Job 619: 243/400 ERROR: No .raw files found in temp_dir.
Job 619: 244/400 ERROR: No .raw files found in temp_dir.
Job 619: 245/400 ERROR: No .raw files found in temp_dir.
Job 619: 246/400 ERROR: No .raw files found in temp_dir.
Job 619: 247/400 ERROR: No .raw files found in temp_dir.
Job 619: 248/400 ERROR: No .raw files found in temp_dir.
Job 619: 249/400 ERROR: No .raw files found in temp_dir.
Job 619: 250/400 ERROR: No .raw files found in temp_dir.
Job 619: 251/400 ERROR: No .raw files found in temp_dir.
Job 619: 252/400 ERROR: No .raw files found in temp_dir.
Job 619: 253/400 ERROR: No .raw files found in temp_dir.
Job 619: 254/400 ERROR: No .raw files found in temp_dir.
Job 619: 255/400 ERROR: No .raw files found in temp_dir.
Job 619: 256/400 ERROR: No .raw files found in temp_dir.
Job 619: 257/400 ERROR: No .raw files found in temp_dir.
Job 619: 258/400 ERROR: No .raw files found in temp_dir.
Job 619: 259/400 ERROR: No .raw files found in temp_dir.
Job 619: 260/400 ERROR: No .raw files found in temp_dir.
Job 619: 261/400 ERROR: No .raw files found in temp_dir.
Job 619: 262/400 ERROR: No .raw files found in temp_dir.
Job 619: 263/400 ERROR: No .raw files found in temp_dir.
Job 619: 264/400 ERROR: No .raw files found in temp_dir.
Job 619: 265/400 ERROR: No .raw files found in temp_dir.
Job 619: 266/400 ERROR: No .raw files found in temp_dir.
Job 619: 267/400 ERROR: No .raw files found in temp_dir.
Job 619: 268/400 ERROR: No .raw files found in temp_dir.
Job 619: 269/400 ERROR: No .raw files found in temp_dir.
Job 619: 270/400 ERROR: No .raw files found in temp_dir.
Job 619: 271/400 ERROR: No .raw files found in temp_dir.
Job 619: 272/400 ERROR: No .raw files found in temp_dir.
Job 619: 273/400 ERROR: No .raw files found in temp_dir.
Job 619: 274/400 ERROR: No .raw files found in temp_dir.
Job 619: 275/400 ERROR: No .raw files found in temp_dir.
Job 619: 276/400 ERROR: No .raw files found in temp_dir.
Job 619: 277/400 ERROR: No .raw files found in temp_dir.
Job 619: 278/400 ERROR: No .raw files found in temp_dir.
Job 619: 279/400 ERROR: No .raw files found in temp_dir.
Job 619: 280/400 ERROR: No .raw files found in temp_dir.
Job 619: 281/400 ERROR: No .raw files found in temp_dir.
Job 619: 282/400 ERROR: No .raw files found in temp_dir.
Job 619: 283/400 ERROR: No .raw files found in temp_dir.
Job 619: 284/400 ERROR: No .raw files found in temp_dir.
Job 619: 285/400 ERROR: No .raw files found in temp_dir.
Job 619: 286/400 ERROR: No .raw files found in temp_dir.
Job 619: 287/400 ERROR: No .raw files found in temp_dir.
Job 619: 288/400 ERROR: No .raw files found in temp_dir.
Job 619: 289/400 ERROR: No .raw files found in temp_dir.
Job 619: 290/400 ERROR: No .raw files found in temp_dir.
Job 619: 291/400 ERROR: No .raw files found in temp_dir.
Job 619: 292/400 ERROR: No .raw files found in temp_dir.
Job 619: 293/400 ERROR: No .raw files found in temp_dir.
Job 619: 294/400 ERROR: No .raw files found in temp_dir.
Job 619: 295/400 ERROR: No .raw files found in temp_dir.
Job 619: 296/400 ERROR: No .raw files found in temp_dir.
Job 619: 297/400 ERROR: No .raw files found in temp_dir.
Job 619: 298/400 ERROR: No .raw files found in temp_dir.
Job 619: 299/400 ERROR: No .raw files found in temp_dir.
Job 619: 300/400 ERROR: No .raw files found in temp_dir.
Job 619: 301/400 ERROR: No .raw files found in temp_dir.
Job 619: 302/400 ERROR: No .raw files found in temp_dir.
Job 619: 303/400 ERROR: No .raw files found in temp_dir.
Job 619: 304/400 ERROR: No .raw files found in temp_dir.
Job 619: 305/400 ERROR: No .raw files found in temp_dir.
Job 619: 306/400 ERROR: No .raw files found in temp_dir.
Job 619: 307/400 ERROR: No .raw files found in temp_dir.
Job 619: 308/400 ERROR: No .raw files found in temp_dir.
Job 619: 309/400 ERROR: No .raw files found in temp_dir.
Job 619: 310/400 ERROR: No .raw files found in temp_dir.
Job 619: 311/400 ERROR: No .raw files found in temp_dir.
Job 619: 312/400 ERROR: No .raw files found in temp_dir.
Job 619: 313/400 ERROR: No .raw files found in temp_dir.
Job 619: 314/400 ERROR: No .raw files found in temp_dir.
Job 619: 315/400 ERROR: No .raw files found in temp_dir.
Job 619: 316/400 ERROR: No .raw files found in temp_dir.
Job 619: 317/400 ERROR: No .raw files found in temp_dir.
Job 619: 318/400 ERROR: No .raw files found in temp_dir.
Job 619: 319/400 ERROR: No .raw files found in temp_dir.
Job 619: 320/400 ERROR: No .raw files found in temp_dir.
Job 619: 321/400 ERROR: No .raw files found in temp_dir.
Job 619: 322/400 ERROR: No .raw files found in temp_dir.
Job 619: 323/400 ERROR: No .raw files found in temp_dir.
Job 619: 324/400 ERROR: No .raw files found in temp_dir.
Job 619: 325/400 ERROR: No .raw files found in temp_dir.
Job 619: 326/400 ERROR: No .raw files found in temp_dir.
Job 619: 327/400 ERROR: No .raw files found in temp_dir.
Job 619: 328/400 ERROR: No .raw files found in temp_dir.
Job 619: 329/400 ERROR: No .raw files found in temp_dir.
Job 619: 330/400 ERROR: No .raw files found in temp_dir.
Job 619: 331/400 ERROR: No .raw files found in temp_dir.
Job 619: 332/400 ERROR: No .raw files found in temp_dir.
Job 619: 333/400 ERROR: No .raw files found in temp_dir.
Job 619: 334/400 ERROR: No .raw files found in temp_dir.
Job 619: 335/400 ERROR: No .raw files found in temp_dir.
Job 619: 336/400 ERROR: No .raw files found in temp_dir.
Job 619: 337/400 ERROR: No .raw files found in temp_dir.
Job 619: 338/400 ERROR: No .raw files found in temp_dir.
Job 619: 339/400 ERROR: No .raw files found in temp_dir.
Job 619: 340/400 ERROR: No .raw files found in temp_dir.
Job 619: 341/400 ERROR: No .raw files found in temp_dir.
Job 619: 342/400 ERROR: No .raw files found in temp_dir.
Job 619: 343/400 ERROR: No .raw files found in temp_dir.
Job 619: 344/400 ERROR: No .raw files found in temp_dir.
Job 619: 345/400 ERROR: No .raw files found in temp_dir.
Job 619: 346/400 ERROR: No .raw files found in temp_dir.
Job 619: 347/400 ERROR: No .raw files found in temp_dir.
Job 619: 348/400 ERROR: No .raw files found in temp_dir.
Job 619: 349/400 ERROR: No .raw files found in temp_dir.
Job 619: 350/400 ERROR: No .raw files found in temp_dir.
Job 619: 351/400 ERROR: No .raw files found in temp_dir.
Job 619: 352/400 ERROR: No .raw files found in temp_dir.
Job 619: 353/400 ERROR: No .raw files found in temp_dir.
Job 619: 354/400 ERROR: No .raw files found in temp_dir.
Job 619: 355/400 ERROR: No .raw files found in temp_dir.
Job 619: 356/400 ERROR: No .raw files found in temp_dir.
Job 619: 357/400 ERROR: No .raw files found in temp_dir.
Job 619: 358/400 ERROR: No .raw files found in temp_dir.
Job 619: 359/400 ERROR: No .raw files found in temp_dir.
Job 619: 360/400 ERROR: No .raw files found in temp_dir.
Job 619: 361/400 ERROR: No .raw files found in temp_dir.
Job 619: 362/400 ERROR: No .raw files found in temp_dir.
Job 619: 363/400 ERROR: No .raw files found in temp_dir.
Job 619: 364/400 ERROR: No .raw files found in temp_dir.
Job 619: 365/400 ERROR: No .raw files found in temp_dir.
Job 619: 366/400 ERROR: No .raw files found in temp_dir.
Job 619: 367/400 ERROR: No .raw files found in temp_dir.
Job 619: 368/400 ERROR: No .raw files found in temp_dir.
Job 619: 369/400 ERROR: No .raw files found in temp_dir.
Job 619: 370/400 ERROR: No .raw files found in temp_dir.
Job 619: 371/400 ERROR: No .raw files found in temp_dir.
Job 619: 372/400 ERROR: No .raw files found in temp_dir.
Job 619: 373/400 ERROR: No .raw files found in temp_dir.
Job 619: 374/400 ERROR: No .raw files found in temp_dir.
Job 619: 375/400 ERROR: No .raw files found in temp_dir.
Job 619: 376/400 ERROR: No .raw files found in temp_dir.
Job 619: 377/400 ERROR: No .raw files found in temp_dir.
Job 619: 378/400 ERROR: No .raw files found in temp_dir.
Job 619: 379/400 ERROR: No .raw files found in temp_dir.
Job 619: 380/400 ERROR: No .raw files found in temp_dir.
Job 619: 381/400 ERROR: No .raw files found in temp_dir.
Job 619: 382/400 ERROR: No .raw files found in temp_dir.
Job 619: 383/400 ERROR: No .raw files found in temp_dir.
Job 619: 384/400 ERROR: No .raw files found in temp_dir.
Job 619: 385/400 ERROR: No .raw files found in temp_dir.
Job 619: 386/400 ERROR: No .raw files found in temp_dir.
Job 619: 387/400 ERROR: No .raw files found in temp_dir.
Job 619: 388/400 ERROR: No .raw files found in temp_dir.
Job 619: 389/400 ERROR: No .raw files found in temp_dir.
Job 619: 390/400 ERROR: No .raw files found in temp_dir.
Job 619: 391/400 ERROR: No .raw files found in temp_dir.
Job 619: 392/400 ERROR: No .raw files found in temp_dir.
Job 619: 393/400 ERROR: No .raw files found in temp_dir.
Job 619: 394/400 ERROR: No .raw files found in temp_dir.
Job 619: 395/400 ERROR: No .raw files found in temp_dir.
Job 619: 396/400 ERROR: No .raw files found in temp_dir.
Job 619: 397/400 ERROR: No .raw files found in temp_dir.
Job 619: 398/400 ERROR: No .raw files found in temp_dir.
Job 619: 399/400 ERROR: No .raw files found in temp_dir.
Job 619: 400/400 ERROR: No .raw files found in temp_dir.
Warning messages:
1: In data.table::fread(raw_file, data.table = FALSE) :
  Discarded single-line footer: <<0	GTEX-1399U	0	0	0	-9	2	2	2	2	2	0	2	2	2	2	2	2	1	2	2	2	2	2	1	2	2	2	2	2	2	2	2	2	0	2	0	2	1	2	1	2	1	0	2	2	2	1	2	2	2	2	2	2	1	2	2	2	2	2	2	0	2	2	2	2	2	1	2	2	2	2	1	2	2	2	1	2	2	1	2	2	2	0	2	2	2	2	2	2	2	2	2	2	2	2	0	1	2	2	2	2	2	2	2	2	2	2	2	2	0	2	2	2	2	2	2	2	2	1	2	2	2	2	2	2	2	2	2	2	2	2	1	2	2	0	2	2	2	2	1	2	1	2	0	2	0	2	1	2	2	2	2	2	2	2	2	2	2	2	2	2	2	1	1	2	2	1	2	2	1	1	2	2	2	2	2	2	1	2	2	2	2	2	2	2	2	2	2	2	2	2	2	2	2	2	2	1	2	2	2	2	2	2	2	2	2	2	2	2	2	2	1	2	2	1	2	2	2	2	2	2	2	2	2	2	2	2	2	2	2	2	2	2	2	2	2	2	2	1	2	2	2	2	2	>>
2: In data.table::fread(raw_file, data.table = FALSE) :
  Discarded single-line footer: <<0	GTEX-QXCU	0	0	0	-9	2	2	2	2	2	0	2	2	2	2	1	2	0	2	2	2	2	2	2	2	2	2	2	2	2	2	2	2	0	2	0	2	2	2	0	2	2	0	2	2	2	2	2	2	2	2	2	2	2	2	2	2	2	2	2	0	2	2	2	2	2	2	2	2	2	2	2	2	2	2	2	2	2	0	2	2	2	0	2	2	2	2	2	2	2	2	2	2	2	2	0	2	2	2	2	2	2	2	2	2	2	2	2	2	0	2	2	2	2	2	2	2	2	0	2	2	2	2	2	2	2	2	2	2	2	2	2	2	2	0	2	2	2	2	2	2	2	2	0	2	0	2	0	2	2	2	2	2	2	2	2	2	2	2	2	2	2	2	2	2	2	2	2	2	2	2	2	2	2	2	2	2	2	2	2	2	2	2	2	2	2	2	2	2	2	2	2	2	2	2	2	2	2	2	2	2	2	2	2	2	2	2	2	2	1	2	2	2	2	2	2	2	2	2	2	2	2	2	2	2	2	2	2	2	2	2	2	2	2	2	2	2	2	2	2	2	2	2	2	2>>
