Registered S3 methods overwritten by 'susieSlide':
  method              from  
  coef.susie          susieR
  predict.susie       susieR
  print.summary.susie susieR
  summary.susie       susieR
Job 275: 1/400
Job 275: 2/400
Job 275: 3/400
Job 275: 4/400
Job 275: 5/400
Job 275: 6/400
Job 275: 7/400
Job 275: 8/400
Job 275: 9/400
Job 275: 10/400
Job 275: 11/400
Job 275: 12/400
Job 275: 13/400
Job 275: 14/400
Job 275: 15/400
Job 275: 16/400
Job 275: 17/400
Job 275: 18/400
Job 275: 19/400
Job 275: 20/400
Job 275: 21/400
Job 275: 22/400
Job 275: 23/400
Job 275: 24/400
Job 275: 25/400
Job 275: 26/400
Job 275: 27/400
Job 275: 28/400
Job 275: 29/400
Job 275: 30/400
Job 275: 31/400
Job 275: 32/400
Job 275: 33/400
Job 275: 34/400
Job 275: 35/400
Job 275: 36/400
Job 275: 37/400
Job 275: 38/400
Job 275: 39/400
Job 275: 40/400
Job 275: 41/400
Job 275: 42/400
Job 275: 43/400
Job 275: 44/400
Job 275: 45/400
Job 275: 46/400
Job 275: 47/400
Job 275: 48/400
Job 275: 49/400
Job 275: 50/400
Job 275: 51/400
Job 275: 52/400
Job 275: 53/400
Job 275: 54/400
Job 275: 55/400
Job 275: 56/400
Job 275: 57/400
Job 275: 58/400
Job 275: 59/400
Job 275: 60/400
Job 275: 61/400
Job 275: 62/400
Job 275: 63/400
Job 275: 64/400
Job 275: 65/400
Job 275: 66/400
Job 275: 67/400
Job 275: 68/400
Job 275: 69/400
Job 275: 70/400
Job 275: 71/400
Job 275: 72/400
Job 275: 73/400
Job 275: 74/400
Job 275: 75/400
Job 275: 76/400
Job 275: 77/400
Job 275: 78/400
Job 275: 79/400
Job 275: 80/400
Job 275: 81/400
Job 275: 82/400
Job 275: 83/400
Job 275: 84/400
Job 275: 85/400
Job 275: 86/400
Job 275: 87/400
Job 275: 88/400
Job 275: 89/400
Job 275: 90/400
Job 275: 91/400
Job 275: 92/400
Job 275: 93/400
Job 275: 94/400
Job 275: 95/400
Job 275: 96/400
Job 275: 97/400
Job 275: 98/400
Job 275: 99/400
Job 275: 100/400
Job 275: 101/400
Job 275: 102/400
Job 275: 103/400
Job 275: 104/400
Job 275: 105/400
Job 275: 106/400
Job 275: 107/400
Job 275: 108/400
Job 275: 109/400
Job 275: 110/400
Job 275: 111/400
Job 275: 112/400
Job 275: 113/400
Job 275: 114/400
Job 275: 115/400
Job 275: 116/400
Job 275: 117/400
Job 275: 118/400
Job 275: 119/400
Job 275: 120/400
Job 275: 121/400
Job 275: 122/400
Job 275: 123/400
Job 275: 124/400
Job 275: 125/400
Job 275: 126/400
Job 275: 127/400
Job 275: 128/400
Job 275: 129/400
Job 275: 130/400
Job 275: 131/400
Job 275: 132/400
Job 275: 133/400
Job 275: 134/400
Job 275: 135/400
Job 275: 136/400
Job 275: 137/400
Job 275: 138/400
Job 275: 139/400
Job 275: 140/400
Job 275: 141/400
Job 275: 142/400
Job 275: 143/400
Job 275: 144/400
Job 275: 145/400
Job 275: 146/400
Job 275: 147/400
Job 275: 148/400
Job 275: 149/400
Job 275: 150/400
Job 275: 151/400
Job 275: 152/400
Job 275: 153/400
Job 275: 154/400
Job 275: 155/400
Job 275: 156/400
Job 275: 157/400
Job 275: 158/400
Job 275: 159/400
Job 275: 160/400
Job 275: 161/400
Job 275: 162/400
Job 275: 163/400
Job 275: 164/400
Job 275: 165/400
Job 275: 166/400
Job 275: 167/400
Job 275: 168/400
Job 275: 169/400
Job 275: 170/400
Job 275: 171/400
Job 275: 172/400
Job 275: 173/400
Job 275: 174/400
Job 275: 175/400
Job 275: 176/400
Job 275: 177/400
Job 275: 178/400
Job 275: 179/400
Job 275: 180/400
Job 275: 181/400
Job 275: 182/400
Job 275: 183/400
Job 275: 184/400
Job 275: 185/400
Job 275: 186/400
Job 275: 187/400
Job 275: 188/400
Job 275: 189/400
Job 275: 190/400
Job 275: 191/400
Job 275: 192/400
Job 275: 193/400
Job 275: 194/400
Job 275: 195/400
Job 275: 196/400
Job 275: 197/400
Job 275: 198/400
Job 275: 199/400
Job 275: 200/400
Job 275: 201/400
Job 275: 202/400
Job 275: 203/400
Job 275: 204/400
Job 275: 205/400
Job 275: 206/400
Job 275: 207/400
Job 275: 208/400
Job 275: 209/400
Job 275: 210/400
Job 275: 211/400
Job 275: 212/400
Job 275: 213/400
Job 275: 214/400
Job 275: 215/400
Job 275: 216/400
Job 275: 217/400
Job 275: 218/400
Job 275: 219/400
Job 275: 220/400
Job 275: 221/400
Job 275: 222/400
Job 275: 223/400
Job 275: 224/400
Job 275: 225/400
Job 275: 226/400
Job 275: 227/400
Job 275: 228/400
Job 275: 229/400
Job 275: 230/400
Job 275: 231/400
Job 275: 232/400
Job 275: 233/400
Job 275: 234/400
Job 275: 235/400
Job 275: 236/400
Job 275: 237/400
Job 275: 238/400
Job 275: 239/400
Job 275: 240/400
Job 275: 241/400
Job 275: 242/400
Job 275: 243/400
Job 275: 244/400
Job 275: 245/400
Job 275: 246/400
Job 275: 247/400
Job 275: 248/400
Job 275: 249/400
Job 275: 250/400
Job 275: 251/400
Job 275: 252/400
Job 275: 253/400
Job 275: 254/400
Job 275: 255/400
Job 275: 256/400
Job 275: 257/400
Job 275: 258/400
Job 275: 259/400
Job 275: 260/400
Job 275: 261/400
Job 275: 262/400
Job 275: 263/400
Job 275: 264/400
Job 275: 265/400
Job 275: 266/400
Job 275: 267/400
Job 275: 268/400
Job 275: 269/400
Job 275: 270/400
Job 275: 271/400
Job 275: 272/400
Job 275: 273/400
Job 275: 274/400
Job 275: 275/400
Job 275: 276/400
Job 275: 277/400
Job 275: 278/400
Job 275: 279/400
Job 275: 280/400
Job 275: 281/400
Job 275: 282/400
Job 275: 283/400
Job 275: 284/400
Job 275: 285/400
Job 275: 286/400
Job 275: 287/400
Job 275: 288/400
Job 275: 289/400
Job 275: 290/400
Job 275: 291/400
Job 275: 292/400
Job 275: 293/400
Job 275: 294/400
Job 275: 295/400
Job 275: 296/400
Job 275: 297/400
Job 275: 298/400
Job 275: 299/400
Job 275: 300/400
Job 275: 301/400
Job 275: 302/400
Job 275: 303/400
Job 275: 304/400
Job 275: 305/400
Job 275: 306/400
Job 275: 307/400
Job 275: 308/400
Job 275: 309/400
Job 275: 310/400
Job 275: 311/400
Job 275: 312/400
Job 275: 313/400
Job 275: 314/400
Job 275: 315/400
Job 275: 316/400
Job 275: 317/400
Job 275: 318/400
Job 275: 319/400
Job 275: 320/400
Job 275: 321/400
Job 275: 322/400
Job 275: 323/400
Job 275: 324/400
Job 275: 325/400
Job 275: 326/400
Job 275: 327/400
Job 275: 328/400
Job 275: 329/400
Job 275: 330/400
Job 275: 331/400
Job 275: 332/400
Job 275: 333/400
Job 275: 334/400
Job 275: 335/400
Job 275: 336/400
Job 275: 337/400
Job 275: 338/400
Job 275: 339/400
Job 275: 340/400
Job 275: 341/400
Job 275: 342/400
Job 275: 343/400
Job 275: 344/400
Job 275: 345/400
Job 275: 346/400
Job 275: 347/400
Job 275: 348/400
Job 275: 349/400
Job 275: 350/400
Job 275: 351/400
Job 275: 352/400
Job 275: 353/400
Job 275: 354/400
Job 275: 355/400
Job 275: 356/400
Job 275: 357/400
Job 275: 358/400
Job 275: 359/400
Job 275: 360/400
Job 275: 361/400
Job 275: 362/400
Job 275: 363/400
Job 275: 364/400
Job 275: 365/400
Job 275: 366/400
Job 275: 367/400
Job 275: 368/400
Job 275: 369/400
Job 275: 370/400
Job 275: 371/400
Job 275: 372/400
Job 275: 373/400
Job 275: 374/400
Job 275: 375/400
Job 275: 376/400
Job 275: 377/400
Job 275: 378/400
Job 275: 379/400
Job 275: 380/400
Job 275: 381/400
Job 275: 382/400
Job 275: 383/400
Job 275: 384/400
Job 275: 385/400
Job 275: 386/400
Job 275: 387/400
Job 275: 388/400
Job 275: 389/400
Job 275: 390/400
Job 275: 391/400
Job 275: 392/400
Job 275: 393/400
Job 275: 394/400
Job 275: 395/400
Job 275: 396/400
Job 275: 397/400
Job 275: 398/400
Job 275: 399/400
Job 275: 400/400
