Registered S3 methods overwritten by 'susieSlide':
  method              from  
  coef.susie          susieR
  predict.susie       susieR
  print.summary.susie susieR
  summary.susie       susieR
Job 37: 1/400
Job 37: 2/400
Job 37: 3/400
Job 37: 4/400
Job 37: 5/400
Job 37: 6/400
Job 37: 7/400
Job 37: 8/400
Job 37: 9/400
Job 37: 10/400
Job 37: 11/400
Job 37: 12/400
Job 37: 13/400
Job 37: 14/400
Job 37: 15/400
Job 37: 16/400
Job 37: 17/400
Job 37: 18/400
Job 37: 19/400
Job 37: 20/400
Job 37: 21/400
Job 37: 22/400
Job 37: 23/400
Job 37: 24/400
Job 37: 25/400
Job 37: 26/400
Job 37: 27/400
Job 37: 28/400
Job 37: 29/400
Job 37: 30/400
Job 37: 31/400
Job 37: 32/400
Job 37: 33/400
Job 37: 34/400
Job 37: 35/400
Job 37: 36/400
Job 37: 37/400
Job 37: 38/400
Job 37: 39/400
Job 37: 40/400
Job 37: 41/400
Job 37: 42/400
Job 37: 43/400
Job 37: 44/400
Job 37: 45/400
Job 37: 46/400
Job 37: 47/400
Job 37: 48/400
Job 37: 49/400
Job 37: 50/400
Job 37: 51/400
Job 37: 52/400
Job 37: 53/400
Job 37: 54/400
Job 37: 55/400
Job 37: 56/400
Job 37: 57/400
Job 37: 58/400
Job 37: 59/400
Job 37: 60/400
Job 37: 61/400
Job 37: 62/400
Job 37: 63/400
Job 37: 64/400
Job 37: 65/400
Job 37: 66/400
Job 37: 67/400
Job 37: 68/400
Job 37: 69/400
Job 37: 70/400
Job 37: 71/400
Job 37: 72/400
Job 37: 73/400 ERROR: object 'target_gene' not found
Job 37: 74/400
Job 37: 75/400
Job 37: 76/400
Job 37: 77/400
Job 37: 78/400
Job 37: 79/400
Job 37: 80/400
Job 37: 81/400
Job 37: 82/400
Job 37: 83/400
Job 37: 84/400
Job 37: 85/400
Job 37: 86/400
Job 37: 87/400
Job 37: 88/400
Job 37: 89/400
Job 37: 90/400
Job 37: 91/400
Job 37: 92/400
Job 37: 93/400
Job 37: 94/400
Job 37: 95/400
Job 37: 96/400
Job 37: 97/400
Job 37: 98/400
Job 37: 99/400
Job 37: 100/400
Job 37: 101/400
Job 37: 102/400
Job 37: 103/400
Job 37: 104/400
Job 37: 105/400
Job 37: 106/400
Job 37: 107/400
Job 37: 108/400
Job 37: 109/400
Job 37: 110/400
Job 37: 111/400
Job 37: 112/400
Job 37: 113/400
Job 37: 114/400
Job 37: 115/400
Job 37: 116/400
Job 37: 117/400
Job 37: 118/400
Job 37: 119/400
Job 37: 120/400
Job 37: 121/400
Job 37: 122/400
Job 37: 123/400
Job 37: 124/400
Job 37: 125/400
Job 37: 126/400
Job 37: 127/400
Job 37: 128/400
Job 37: 129/400
Job 37: 130/400
Job 37: 131/400
Job 37: 132/400
Job 37: 133/400
Job 37: 134/400
Job 37: 135/400
Job 37: 136/400
Job 37: 137/400
Job 37: 138/400
Job 37: 139/400
Job 37: 140/400
Job 37: 141/400
Job 37: 142/400
Job 37: 143/400
Job 37: 144/400
Job 37: 145/400
Job 37: 146/400
Job 37: 147/400
Job 37: 148/400
Job 37: 149/400
Job 37: 150/400
Job 37: 151/400
Job 37: 152/400
Job 37: 153/400
Job 37: 154/400
Job 37: 155/400
Job 37: 156/400
Job 37: 157/400
Job 37: 158/400
Job 37: 159/400
Job 37: 160/400
Job 37: 161/400
Job 37: 162/400
Job 37: 163/400
Job 37: 164/400
Job 37: 165/400
Job 37: 166/400
Job 37: 167/400
Job 37: 168/400
Job 37: 169/400
Job 37: 170/400
Job 37: 171/400
Job 37: 172/400
Job 37: 173/400
Job 37: 174/400
Job 37: 175/400
Job 37: 176/400
Job 37: 177/400
Job 37: 178/400
Job 37: 179/400
Job 37: 180/400
Job 37: 181/400
Job 37: 182/400
Job 37: 183/400
Job 37: 184/400
Job 37: 185/400
Job 37: 186/400
Job 37: 187/400
Job 37: 188/400
Job 37: 189/400
Job 37: 190/400
Job 37: 191/400
Job 37: 192/400
Job 37: 193/400
Job 37: 194/400
Job 37: 195/400
Job 37: 196/400
Job 37: 197/400
Job 37: 198/400
Job 37: 199/400
Job 37: 200/400
Job 37: 201/400
Job 37: 202/400
Job 37: 203/400
Job 37: 204/400
Job 37: 205/400
Job 37: 206/400
Job 37: 207/400
Job 37: 208/400
Job 37: 209/400
Job 37: 210/400
Job 37: 211/400
Job 37: 212/400
Job 37: 213/400
Job 37: 214/400
Job 37: 215/400
Job 37: 216/400
Job 37: 217/400
Job 37: 218/400
Job 37: 219/400
Job 37: 220/400
Job 37: 221/400
Job 37: 222/400
Job 37: 223/400
Job 37: 224/400
Job 37: 225/400
Job 37: 226/400
Job 37: 227/400
Job 37: 228/400
Job 37: 229/400
Job 37: 230/400
Job 37: 231/400
Job 37: 232/400
Job 37: 233/400
Job 37: 234/400
Job 37: 235/400
Job 37: 236/400
Job 37: 237/400
Job 37: 238/400
Job 37: 239/400
Job 37: 240/400
Job 37: 241/400
Job 37: 242/400
Job 37: 243/400
Job 37: 244/400
Job 37: 245/400
Job 37: 246/400
Job 37: 247/400
Job 37: 248/400
Job 37: 249/400
Job 37: 250/400
Job 37: 251/400
Job 37: 252/400
Job 37: 253/400
Job 37: 254/400
Job 37: 255/400
Job 37: 256/400
Job 37: 257/400
Job 37: 258/400
Job 37: 259/400
Job 37: 260/400
Job 37: 261/400
Job 37: 262/400
Job 37: 263/400
Job 37: 264/400
Job 37: 265/400
Job 37: 266/400
Job 37: 267/400
Job 37: 268/400
Job 37: 269/400
Job 37: 270/400
Job 37: 271/400
Job 37: 272/400
Job 37: 273/400
Job 37: 274/400
Job 37: 275/400
Job 37: 276/400
Job 37: 277/400
Job 37: 278/400
Job 37: 279/400
Job 37: 280/400
Job 37: 281/400
Job 37: 282/400
Job 37: 283/400
Job 37: 284/400
Job 37: 285/400
Job 37: 286/400
Job 37: 287/400
Job 37: 288/400
Job 37: 289/400
Job 37: 290/400
Job 37: 291/400
Job 37: 292/400
Job 37: 293/400
Job 37: 294/400
Job 37: 295/400
Job 37: 296/400
Job 37: 297/400
Job 37: 298/400
Job 37: 299/400
Job 37: 300/400
Job 37: 301/400
Job 37: 302/400
Job 37: 303/400
Job 37: 304/400
Job 37: 305/400
Job 37: 306/400
Job 37: 307/400
Job 37: 308/400
Job 37: 309/400
Job 37: 310/400
Job 37: 311/400
Job 37: 312/400
Job 37: 313/400
Job 37: 314/400
Job 37: 315/400
Job 37: 316/400
Job 37: 317/400
Job 37: 318/400
Job 37: 319/400
Job 37: 320/400
Job 37: 321/400
Job 37: 322/400
Job 37: 323/400
Job 37: 324/400
Job 37: 325/400
Job 37: 326/400
Job 37: 327/400
Job 37: 328/400
Job 37: 329/400
Job 37: 330/400
Job 37: 331/400
Job 37: 332/400
Job 37: 333/400
Job 37: 334/400
Job 37: 335/400
Job 37: 336/400
Job 37: 337/400
Job 37: 338/400
Job 37: 339/400 ERROR: Not enough donors for the requested n.
Job 37: 340/400
Job 37: 341/400
Job 37: 342/400
Job 37: 343/400
Job 37: 344/400
Job 37: 345/400
Job 37: 346/400
Job 37: 347/400
Job 37: 348/400
Job 37: 349/400
Job 37: 350/400
Job 37: 351/400
Job 37: 352/400
Job 37: 353/400
Job 37: 354/400
Job 37: 355/400
Job 37: 356/400
Job 37: 357/400
Job 37: 358/400
Job 37: 359/400
Job 37: 360/400
Job 37: 361/400
Job 37: 362/400
Job 37: 363/400
Job 37: 364/400
Job 37: 365/400
Job 37: 366/400
Job 37: 367/400
Job 37: 368/400
Job 37: 369/400
Job 37: 370/400
Job 37: 371/400
Job 37: 372/400
Job 37: 373/400
Job 37: 374/400
Job 37: 375/400
Job 37: 376/400
Job 37: 377/400
Job 37: 378/400
Job 37: 379/400
Job 37: 380/400
Job 37: 381/400
Job 37: 382/400
Job 37: 383/400
Job 37: 384/400
Job 37: 385/400
Job 37: 386/400
Job 37: 387/400
Job 37: 388/400
Job 37: 389/400
Job 37: 390/400
Job 37: 391/400
Job 37: 392/400
Job 37: 393/400
Job 37: 394/400
Job 37: 395/400
Job 37: 396/400
Job 37: 397/400
Job 37: 398/400
Job 37: 399/400
Job 37: 400/400
Warning message:
In data.table::fread(raw_file, data.table = FALSE) :
  Discarded single-line footer: <<0	GTEX-17F9Y	0	0	0	-9	2	2	1	2	2	2	1	1	2	2	1	1	2	1	2	2	1	1	1	1	2	1	1	1	2	2	1	2	1	1	2	1	1	2	2	2	2	2	1	2	1	2	2	1	1	2	1	2	2	2	1	1	1	2	2	2	1	2	1	2	2	2	1	2	2	2	2	2	1	1	1	2	2	1	1	1	2	2	2	2	2	2	2	2	2	1	1	2	1	2	2	2	2	2	1	2	1	2	1	2	2	2	1	1	2	2	2	2	2	1	2	1	2	1	2	2	1	1	2	2	2	2	2	1	2	1	2	2	1	2	2	2	1	1	1	2	1	1	2	2	2	1	2	1	2	1	2	2	2	2	2	1	2	2	2	2	1	2	2	1	1	1	1	1	1	1	2	1	2	2	2	1	2	1	1	2	2	2	1	2	2	2	1	2	1	1	1	2	2	2	1	2	2	1	2	2	2	2	2	2	2	1	2	2	2	1	2	2	2	2	2	2	2	2	2	2	1	1	2	2	2	2	1	2	1	2	1	2	2	2	2	2	2	2	2	2	2	2	1	>>
