Registered S3 methods overwritten by 'susieSlide':
  method              from  
  coef.susie          susieR
  predict.susie       susieR
  print.summary.susie susieR
  summary.susie       susieR
Job 629: 1/400
Job 629: 2/400
Job 629: 3/400
Job 629: 4/400
Job 629: 5/400
Job 629: 6/400
Job 629: 7/400
Job 629: 8/400
Job 629: 9/400
Job 629: 10/400
Job 629: 11/400
Job 629: 12/400
Job 629: 13/400
Job 629: 14/400
Job 629: 15/400
Job 629: 16/400
Job 629: 17/400
Job 629: 18/400
Job 629: 19/400
Job 629: 20/400 ERROR: No .raw files found in temp_dir.
Job 629: 21/400 ERROR: No .raw files found in temp_dir.
Job 629: 22/400 ERROR: No .raw files found in temp_dir.
Job 629: 23/400 ERROR: No .raw files found in temp_dir.
Job 629: 24/400 ERROR: No .raw files found in temp_dir.
Job 629: 25/400 ERROR: No .raw files found in temp_dir.
Job 629: 26/400 ERROR: No .raw files found in temp_dir.
Job 629: 27/400 ERROR: No .raw files found in temp_dir.
Job 629: 28/400 ERROR: No .raw files found in temp_dir.
Job 629: 29/400 ERROR: No .raw files found in temp_dir.
Job 629: 30/400 ERROR: No .raw files found in temp_dir.
Job 629: 31/400 ERROR: No .raw files found in temp_dir.
Job 629: 32/400 ERROR: No .raw files found in temp_dir.
Job 629: 33/400 ERROR: No .raw files found in temp_dir.
Job 629: 34/400 ERROR: No .raw files found in temp_dir.
Job 629: 35/400 ERROR: No .raw files found in temp_dir.
Job 629: 36/400 ERROR: No .raw files found in temp_dir.
Job 629: 37/400 ERROR: No .raw files found in temp_dir.
Job 629: 38/400 ERROR: No .raw files found in temp_dir.
Job 629: 39/400 ERROR: No .raw files found in temp_dir.
Job 629: 40/400 ERROR: No .raw files found in temp_dir.
Job 629: 41/400 ERROR: No .raw files found in temp_dir.
Job 629: 42/400 ERROR: No .raw files found in temp_dir.
Job 629: 43/400 ERROR: No .raw files found in temp_dir.
Job 629: 44/400 ERROR: No .raw files found in temp_dir.
Job 629: 45/400 ERROR: No .raw files found in temp_dir.
Job 629: 46/400 ERROR: No .raw files found in temp_dir.
Job 629: 47/400 ERROR: No .raw files found in temp_dir.
Job 629: 48/400 ERROR: No .raw files found in temp_dir.
Job 629: 49/400 ERROR: No .raw files found in temp_dir.
Job 629: 50/400 ERROR: No .raw files found in temp_dir.
Job 629: 51/400 ERROR: No .raw files found in temp_dir.
Job 629: 52/400 ERROR: No .raw files found in temp_dir.
Job 629: 53/400 ERROR: No .raw files found in temp_dir.
Job 629: 54/400 ERROR: No .raw files found in temp_dir.
Job 629: 55/400 ERROR: No .raw files found in temp_dir.
Job 629: 56/400 ERROR: No .raw files found in temp_dir.
Job 629: 57/400 ERROR: No .raw files found in temp_dir.
Job 629: 58/400 ERROR: No .raw files found in temp_dir.
Job 629: 59/400 ERROR: No .raw files found in temp_dir.
Job 629: 60/400 ERROR: No .raw files found in temp_dir.
Job 629: 61/400 ERROR: No .raw files found in temp_dir.
Job 629: 62/400 ERROR: No .raw files found in temp_dir.
Job 629: 63/400 ERROR: No .raw files found in temp_dir.
Job 629: 64/400 ERROR: No .raw files found in temp_dir.
Job 629: 65/400 ERROR: No .raw files found in temp_dir.
Job 629: 66/400 ERROR: No .raw files found in temp_dir.
Job 629: 67/400 ERROR: No .raw files found in temp_dir.
Job 629: 68/400 ERROR: No .raw files found in temp_dir.
Job 629: 69/400 ERROR: No .raw files found in temp_dir.
Job 629: 70/400 ERROR: No .raw files found in temp_dir.
Job 629: 71/400 ERROR: No .raw files found in temp_dir.
Job 629: 72/400 ERROR: No .raw files found in temp_dir.
Job 629: 73/400 ERROR: No .raw files found in temp_dir.
Job 629: 74/400 ERROR: No .raw files found in temp_dir.
Job 629: 75/400 ERROR: No .raw files found in temp_dir.
Job 629: 76/400 ERROR: No .raw files found in temp_dir.
Job 629: 77/400 ERROR: No .raw files found in temp_dir.
Job 629: 78/400 ERROR: No .raw files found in temp_dir.
Job 629: 79/400 ERROR: No .raw files found in temp_dir.
Job 629: 80/400 ERROR: No .raw files found in temp_dir.
Job 629: 81/400 ERROR: object 'target_gene' not found
Job 629: 82/400 ERROR: Not enough donors for the requested n.
Job 629: 83/400
Job 629: 84/400
Job 629: 85/400
Job 629: 86/400
Job 629: 87/400
Job 629: 88/400
Job 629: 89/400
Job 629: 90/400
Job 629: 91/400
Job 629: 92/400
Job 629: 93/400
Job 629: 94/400
Job 629: 95/400
Job 629: 96/400
Job 629: 97/400
Job 629: 98/400
Job 629: 99/400
Job 629: 100/400
Job 629: 101/400
Job 629: 102/400
Job 629: 103/400
Job 629: 104/400
Job 629: 105/400
Job 629: 106/400 ERROR: No .raw files found in temp_dir.
Job 629: 107/400 ERROR: No .raw files found in temp_dir.
Job 629: 108/400 ERROR: No .raw files found in temp_dir.
Job 629: 109/400 ERROR: No .raw files found in temp_dir.
Job 629: 110/400 ERROR: No .raw files found in temp_dir.
Job 629: 111/400 ERROR: No .raw files found in temp_dir.
Job 629: 112/400 ERROR: No .raw files found in temp_dir.
Job 629: 113/400 ERROR: No .raw files found in temp_dir.
Job 629: 114/400 ERROR: No .raw files found in temp_dir.
Job 629: 115/400 ERROR: No .raw files found in temp_dir.
Job 629: 116/400 ERROR: No .raw files found in temp_dir.
Job 629: 117/400 ERROR: No .raw files found in temp_dir.
Job 629: 118/400 ERROR: No .raw files found in temp_dir.
Job 629: 119/400 ERROR: No .raw files found in temp_dir.
Job 629: 120/400 ERROR: No .raw files found in temp_dir.
Job 629: 121/400 ERROR: No .raw files found in temp_dir.
Job 629: 122/400 ERROR: No .raw files found in temp_dir.
Job 629: 123/400 ERROR: No .raw files found in temp_dir.
Job 629: 124/400 ERROR: No .raw files found in temp_dir.
Job 629: 125/400 ERROR: No .raw files found in temp_dir.
Job 629: 126/400 ERROR: No .raw files found in temp_dir.
Job 629: 127/400 ERROR: No .raw files found in temp_dir.
Job 629: 128/400 ERROR: No .raw files found in temp_dir.
Job 629: 129/400 ERROR: No .raw files found in temp_dir.
Job 629: 130/400 ERROR: No .raw files found in temp_dir.
Job 629: 131/400 ERROR: No .raw files found in temp_dir.
Job 629: 132/400 ERROR: No .raw files found in temp_dir.
Job 629: 133/400 ERROR: No .raw files found in temp_dir.
Job 629: 134/400 ERROR: No .raw files found in temp_dir.
Job 629: 135/400 ERROR: No .raw files found in temp_dir.
Job 629: 136/400 ERROR: No .raw files found in temp_dir.
Job 629: 137/400 ERROR: No .raw files found in temp_dir.
Job 629: 138/400 ERROR: No .raw files found in temp_dir.
Job 629: 139/400 ERROR: No .raw files found in temp_dir.
Job 629: 140/400 ERROR: No .raw files found in temp_dir.
Job 629: 141/400 ERROR: No .raw files found in temp_dir.
Job 629: 142/400 ERROR: No .raw files found in temp_dir.
Job 629: 143/400 ERROR: No .raw files found in temp_dir.
Job 629: 144/400 ERROR: No .raw files found in temp_dir.
Job 629: 145/400 ERROR: No .raw files found in temp_dir.
Job 629: 146/400 ERROR: No .raw files found in temp_dir.
Job 629: 147/400 ERROR: No .raw files found in temp_dir.
Job 629: 148/400 ERROR: No .raw files found in temp_dir.
Job 629: 149/400 ERROR: No .raw files found in temp_dir.
Job 629: 150/400 ERROR: No .raw files found in temp_dir.
Job 629: 151/400 ERROR: No .raw files found in temp_dir.
Job 629: 152/400 ERROR: No .raw files found in temp_dir.
Job 629: 153/400 ERROR: No .raw files found in temp_dir.
Job 629: 154/400 ERROR: No .raw files found in temp_dir.
Job 629: 155/400 ERROR: No .raw files found in temp_dir.
Job 629: 156/400 ERROR: No .raw files found in temp_dir.
Job 629: 157/400 ERROR: No .raw files found in temp_dir.
Job 629: 158/400 ERROR: No .raw files found in temp_dir.
Job 629: 159/400 ERROR: No .raw files found in temp_dir.
Job 629: 160/400 ERROR: No .raw files found in temp_dir.
Job 629: 161/400 ERROR: No .raw files found in temp_dir.
Job 629: 162/400 ERROR: No .raw files found in temp_dir.
Job 629: 163/400 ERROR: No .raw files found in temp_dir.
Job 629: 164/400 ERROR: No .raw files found in temp_dir.
Job 629: 165/400 ERROR: No .raw files found in temp_dir.
Job 629: 166/400 ERROR: No .raw files found in temp_dir.
Job 629: 167/400 ERROR: Not enough donors for the requested n.
Job 629: 168/400
Job 629: 169/400
Job 629: 170/400
Job 629: 171/400
Job 629: 172/400
Job 629: 173/400
Job 629: 174/400
Job 629: 175/400
Job 629: 176/400
Job 629: 177/400
Job 629: 178/400
Job 629: 179/400
Job 629: 180/400
Job 629: 181/400
Job 629: 182/400
Job 629: 183/400
Job 629: 184/400
Job 629: 185/400
Job 629: 186/400
Job 629: 187/400
Job 629: 188/400
Job 629: 189/400
Job 629: 190/400 ERROR: No .raw files found in temp_dir.
Job 629: 191/400 ERROR: No .raw files found in temp_dir.
Job 629: 192/400 ERROR: No .raw files found in temp_dir.
Job 629: 193/400 ERROR: No .raw files found in temp_dir.
Job 629: 194/400 ERROR: No .raw files found in temp_dir.
Job 629: 195/400 ERROR: No .raw files found in temp_dir.
Job 629: 196/400 ERROR: No .raw files found in temp_dir.
Job 629: 197/400 ERROR: No .raw files found in temp_dir.
Job 629: 198/400 ERROR: No .raw files found in temp_dir.
Job 629: 199/400 ERROR: No .raw files found in temp_dir.
Job 629: 200/400 ERROR: No .raw files found in temp_dir.
Job 629: 201/400 ERROR: No .raw files found in temp_dir.
Job 629: 202/400 ERROR: No .raw files found in temp_dir.
Job 629: 203/400 ERROR: No .raw files found in temp_dir.
Job 629: 204/400 ERROR: No .raw files found in temp_dir.
Job 629: 205/400 ERROR: No .raw files found in temp_dir.
Job 629: 206/400 ERROR: No .raw files found in temp_dir.
Job 629: 207/400 ERROR: No .raw files found in temp_dir.
Job 629: 208/400 ERROR: No .raw files found in temp_dir.
Job 629: 209/400 ERROR: No .raw files found in temp_dir.
Job 629: 210/400 ERROR: No .raw files found in temp_dir.
Job 629: 211/400 ERROR: No .raw files found in temp_dir.
Job 629: 212/400 ERROR: No .raw files found in temp_dir.
Job 629: 213/400 ERROR: No .raw files found in temp_dir.
Job 629: 214/400 ERROR: No .raw files found in temp_dir.
Job 629: 215/400 ERROR: No .raw files found in temp_dir.
Job 629: 216/400 ERROR: No .raw files found in temp_dir.
Job 629: 217/400 ERROR: No .raw files found in temp_dir.
Job 629: 218/400 ERROR: No .raw files found in temp_dir.
Job 629: 219/400 ERROR: No .raw files found in temp_dir.
Job 629: 220/400 ERROR: No .raw files found in temp_dir.
Job 629: 221/400 ERROR: No .raw files found in temp_dir.
Job 629: 222/400 ERROR: No .raw files found in temp_dir.
Job 629: 223/400 ERROR: No .raw files found in temp_dir.
Job 629: 224/400 ERROR: No .raw files found in temp_dir.
Job 629: 225/400 ERROR: No .raw files found in temp_dir.
Job 629: 226/400 ERROR: No .raw files found in temp_dir.
Job 629: 227/400 ERROR: No .raw files found in temp_dir.
Job 629: 228/400 ERROR: No .raw files found in temp_dir.
Job 629: 229/400 ERROR: No .raw files found in temp_dir.
Job 629: 230/400 ERROR: No .raw files found in temp_dir.
Job 629: 231/400 ERROR: No .raw files found in temp_dir.
Job 629: 232/400 ERROR: No .raw files found in temp_dir.
Job 629: 233/400 ERROR: No .raw files found in temp_dir.
Job 629: 234/400 ERROR: No .raw files found in temp_dir.
Job 629: 235/400 ERROR: No .raw files found in temp_dir.
Job 629: 236/400 ERROR: No .raw files found in temp_dir.
Job 629: 237/400 ERROR: No .raw files found in temp_dir.
Job 629: 238/400 ERROR: No .raw files found in temp_dir.
Job 629: 239/400 ERROR: No .raw files found in temp_dir.
Job 629: 240/400 ERROR: No .raw files found in temp_dir.
Job 629: 241/400 ERROR: No .raw files found in temp_dir.
Job 629: 242/400 ERROR: No .raw files found in temp_dir.
Job 629: 243/400 ERROR: No .raw files found in temp_dir.
Job 629: 244/400 ERROR: No .raw files found in temp_dir.
Job 629: 245/400 ERROR: No .raw files found in temp_dir.
Job 629: 246/400 ERROR: No .raw files found in temp_dir.
Job 629: 247/400 ERROR: No .raw files found in temp_dir.
Job 629: 248/400 ERROR: No .raw files found in temp_dir.
Job 629: 249/400 ERROR: No .raw files found in temp_dir.
Job 629: 250/400 ERROR: No .raw files found in temp_dir.
Job 629: 251/400 ERROR: No .raw files found in temp_dir.
Job 629: 252/400 ERROR: No .raw files found in temp_dir.
Job 629: 253/400 ERROR: No .raw files found in temp_dir.
Job 629: 254/400 ERROR: No .raw files found in temp_dir.
Job 629: 255/400 ERROR: No .raw files found in temp_dir.
Job 629: 256/400 ERROR: No .raw files found in temp_dir.
Job 629: 257/400 ERROR: No .raw files found in temp_dir.
Job 629: 258/400 ERROR: No .raw files found in temp_dir.
Job 629: 259/400 ERROR: No .raw files found in temp_dir.
Job 629: 260/400 ERROR: No .raw files found in temp_dir.
Job 629: 261/400 ERROR: No .raw files found in temp_dir.
Job 629: 262/400 ERROR: No .raw files found in temp_dir.
Job 629: 263/400 ERROR: No .raw files found in temp_dir.
Job 629: 264/400 ERROR: No .raw files found in temp_dir.
Job 629: 265/400 ERROR: No .raw files found in temp_dir.
Job 629: 266/400 ERROR: No .raw files found in temp_dir.
Job 629: 267/400 ERROR: No .raw files found in temp_dir.
Job 629: 268/400 ERROR: No .raw files found in temp_dir.
Job 629: 269/400 ERROR: No .raw files found in temp_dir.
Job 629: 270/400 ERROR: No .raw files found in temp_dir.
Job 629: 271/400 ERROR: No .raw files found in temp_dir.
Job 629: 272/400 ERROR: No .raw files found in temp_dir.
Job 629: 273/400 ERROR: No .raw files found in temp_dir.
Job 629: 274/400 ERROR: No .raw files found in temp_dir.
Job 629: 275/400 ERROR: No .raw files found in temp_dir.
Job 629: 276/400 ERROR: No .raw files found in temp_dir.
Job 629: 277/400 ERROR: No .raw files found in temp_dir.
Job 629: 278/400 ERROR: No .raw files found in temp_dir.
Job 629: 279/400 ERROR: No .raw files found in temp_dir.
Job 629: 280/400 ERROR: No .raw files found in temp_dir.
Job 629: 281/400 ERROR: No .raw files found in temp_dir.
Job 629: 282/400 ERROR: No .raw files found in temp_dir.
Job 629: 283/400 ERROR: No .raw files found in temp_dir.
Job 629: 284/400 ERROR: No .raw files found in temp_dir.
Job 629: 285/400 ERROR: No .raw files found in temp_dir.
Job 629: 286/400 ERROR: No .raw files found in temp_dir.
Job 629: 287/400 ERROR: No .raw files found in temp_dir.
Job 629: 288/400 ERROR: No .raw files found in temp_dir.
Job 629: 289/400 ERROR: No .raw files found in temp_dir.
Job 629: 290/400 ERROR: No .raw files found in temp_dir.
Job 629: 291/400 ERROR: No .raw files found in temp_dir.
Job 629: 292/400 ERROR: No .raw files found in temp_dir.
Job 629: 293/400 ERROR: No .raw files found in temp_dir.
Job 629: 294/400 ERROR: No .raw files found in temp_dir.
Job 629: 295/400 ERROR: No .raw files found in temp_dir.
Job 629: 296/400 ERROR: No .raw files found in temp_dir.
Job 629: 297/400 ERROR: No .raw files found in temp_dir.
Job 629: 298/400 ERROR: No .raw files found in temp_dir.
Job 629: 299/400 ERROR: No .raw files found in temp_dir.
Job 629: 300/400 ERROR: No .raw files found in temp_dir.
Job 629: 301/400 ERROR: No .raw files found in temp_dir.
Job 629: 302/400 ERROR: No .raw files found in temp_dir.
Job 629: 303/400 ERROR: No .raw files found in temp_dir.
Job 629: 304/400 ERROR: No .raw files found in temp_dir.
Job 629: 305/400 ERROR: No .raw files found in temp_dir.
Job 629: 306/400 ERROR: No .raw files found in temp_dir.
Job 629: 307/400 ERROR: No .raw files found in temp_dir.
Job 629: 308/400 ERROR: No .raw files found in temp_dir.
Job 629: 309/400 ERROR: No .raw files found in temp_dir.
Job 629: 310/400 ERROR: No .raw files found in temp_dir.
Job 629: 311/400 ERROR: No .raw files found in temp_dir.
Job 629: 312/400 ERROR: No .raw files found in temp_dir.
Job 629: 313/400 ERROR: No .raw files found in temp_dir.
Job 629: 314/400 ERROR: No .raw files found in temp_dir.
Job 629: 315/400 ERROR: No .raw files found in temp_dir.
Job 629: 316/400 ERROR: No .raw files found in temp_dir.
Job 629: 317/400 ERROR: No .raw files found in temp_dir.
Job 629: 318/400 ERROR: No .raw files found in temp_dir.
Job 629: 319/400 ERROR: No .raw files found in temp_dir.
Job 629: 320/400 ERROR: No .raw files found in temp_dir.
Job 629: 321/400 ERROR: No .raw files found in temp_dir.
Job 629: 322/400 ERROR: No .raw files found in temp_dir.
Job 629: 323/400 ERROR: No .raw files found in temp_dir.
Job 629: 324/400 ERROR: No .raw files found in temp_dir.
Job 629: 325/400 ERROR: No .raw files found in temp_dir.
Job 629: 326/400 ERROR: No .raw files found in temp_dir.
Job 629: 327/400 ERROR: No .raw files found in temp_dir.
Job 629: 328/400 ERROR: No .raw files found in temp_dir.
Job 629: 329/400 ERROR: No .raw files found in temp_dir.
Job 629: 330/400 ERROR: No .raw files found in temp_dir.
Job 629: 331/400 ERROR: No .raw files found in temp_dir.
Job 629: 332/400 ERROR: No .raw files found in temp_dir.
Job 629: 333/400 ERROR: No .raw files found in temp_dir.
Job 629: 334/400 ERROR: No .raw files found in temp_dir.
Job 629: 335/400 ERROR: No .raw files found in temp_dir.
Job 629: 336/400 ERROR: No .raw files found in temp_dir.
Job 629: 337/400 ERROR: No .raw files found in temp_dir.
Job 629: 338/400 ERROR: No .raw files found in temp_dir.
Job 629: 339/400 ERROR: No .raw files found in temp_dir.
Job 629: 340/400 ERROR: No .raw files found in temp_dir.
Job 629: 341/400 ERROR: No .raw files found in temp_dir.
Job 629: 342/400 ERROR: No .raw files found in temp_dir.
Job 629: 343/400 ERROR: No .raw files found in temp_dir.
Job 629: 344/400 ERROR: No .raw files found in temp_dir.
Job 629: 345/400 ERROR: No .raw files found in temp_dir.
Job 629: 346/400 ERROR: No .raw files found in temp_dir.
Job 629: 347/400 ERROR: No .raw files found in temp_dir.
Job 629: 348/400 ERROR: No .raw files found in temp_dir.
Job 629: 349/400 ERROR: No .raw files found in temp_dir.
Job 629: 350/400 ERROR: No .raw files found in temp_dir.
Job 629: 351/400 ERROR: No .raw files found in temp_dir.
Job 629: 352/400 ERROR: No .raw files found in temp_dir.
Job 629: 353/400 ERROR: No .raw files found in temp_dir.
Job 629: 354/400 ERROR: No .raw files found in temp_dir.
Job 629: 355/400 ERROR: No .raw files found in temp_dir.
Job 629: 356/400 ERROR: No .raw files found in temp_dir.
Job 629: 357/400 ERROR: No .raw files found in temp_dir.
Job 629: 358/400 ERROR: No .raw files found in temp_dir.
Job 629: 359/400 ERROR: No .raw files found in temp_dir.
Job 629: 360/400 ERROR: No .raw files found in temp_dir.
Job 629: 361/400 ERROR: No .raw files found in temp_dir.
Job 629: 362/400 ERROR: No .raw files found in temp_dir.
Job 629: 363/400 ERROR: No .raw files found in temp_dir.
Job 629: 364/400 ERROR: No .raw files found in temp_dir.
Job 629: 365/400 ERROR: No .raw files found in temp_dir.
Job 629: 366/400 ERROR: No .raw files found in temp_dir.
Job 629: 367/400 ERROR: No .raw files found in temp_dir.
Job 629: 368/400 ERROR: No .raw files found in temp_dir.
Job 629: 369/400 ERROR: No .raw files found in temp_dir.
Job 629: 370/400 ERROR: No .raw files found in temp_dir.
Job 629: 371/400 ERROR: No .raw files found in temp_dir.
Job 629: 372/400 ERROR: No .raw files found in temp_dir.
Job 629: 373/400 ERROR: No .raw files found in temp_dir.
Job 629: 374/400 ERROR: No .raw files found in temp_dir.
Job 629: 375/400 ERROR: No .raw files found in temp_dir.
Job 629: 376/400 ERROR: No .raw files found in temp_dir.
Job 629: 377/400 ERROR: No .raw files found in temp_dir.
Job 629: 378/400 ERROR: No .raw files found in temp_dir.
Job 629: 379/400 ERROR: No .raw files found in temp_dir.
Job 629: 380/400 ERROR: No .raw files found in temp_dir.
Job 629: 381/400 ERROR: No .raw files found in temp_dir.
Job 629: 382/400 ERROR: No .raw files found in temp_dir.
Job 629: 383/400 ERROR: No .raw files found in temp_dir.
Job 629: 384/400 ERROR: No .raw files found in temp_dir.
Job 629: 385/400 ERROR: No .raw files found in temp_dir.
Job 629: 386/400 ERROR: No .raw files found in temp_dir.
Job 629: 387/400 ERROR: No .raw files found in temp_dir.
Job 629: 388/400 ERROR: No .raw files found in temp_dir.
Job 629: 389/400 ERROR: No .raw files found in temp_dir.
Job 629: 390/400 ERROR: No .raw files found in temp_dir.
Job 629: 391/400 ERROR: No .raw files found in temp_dir.
Job 629: 392/400 ERROR: No .raw files found in temp_dir.
Job 629: 393/400 ERROR: No .raw files found in temp_dir.
Job 629: 394/400 ERROR: No .raw files found in temp_dir.
Job 629: 395/400 ERROR: No .raw files found in temp_dir.
Job 629: 396/400 ERROR: No .raw files found in temp_dir.
Job 629: 397/400 ERROR: No .raw files found in temp_dir.
Job 629: 398/400 ERROR: No .raw files found in temp_dir.
Job 629: 399/400 ERROR: No .raw files found in temp_dir.
Job 629: 400/400 ERROR: No .raw files found in temp_dir.
Warning messages:
1: In data.table::fread(raw_file, data.table = FALSE) :
  Discarded single-line footer: <<0	GTEX-17JCI	0	0	0	-9	2	2	2	2	2	0	2	2	2	2	2	2	0	2	2	2	2	2	2	2	2	2	2	2	2	2	2	2	0	2	0	2	2	2	0	2	2	0	2	2	2	2	2	2	2	2	2	2	2	2	2	2	2	2	2	0	2	2	2	2	2	2	2	2	2	2	2	2	2	2	2	2	2	0	2	2	2	0	2	2	2	2	2	2	2	2	2	2	2	2	0	2	2	2	2	2	2	2	2	2	2	2	2	2	0	2	2	2	2	2	2	2	2	0	2	2	2	2	2	2	2	2	2	2	2	2	2	2	2	0	2	2	2	2	2	2	2	2	0	2	0	2	0	2	2	2	2	2	2	2	2	2	2	2	2	2	2	2	2	2	2	2	2	2	2	2	2	2	2	2	2	2	2	2	2	2	2	2	2	2	2	2	2	2	2	2	2	2	2	2	2	2	2	2	2	2	2	2	2	2	2	2	2	2	2	2	2	2	2	2	2	2	2	2	2	2	2	2	2	2	2	2	2	2	2	2	2	2	2	2	2	2	2	2	2	2	2	2	2	>>
2: In data.table::fread(raw_file, data.table = FALSE) :
  Discarded single-line footer: <<0	GTEX-14PJ5	0	0	0	-9	2	2	1	2	2	2	2	2	2	2	2	2	2	2	2	2	2	2	2	2	2	2	2	1	1	2	2	2	2	2	1	2	2	2	2	1	2	2	2	2	1	2	2	2	2	2	2	2	2	2	2	2	1	2	2	2	2	2	2	2	2	2	2	2	2	2	2	2	2	2	2	2	2	2	2	2	2	1	2	2	2	2	2	2	2	2	2	2	2	2	2	2	2	2	1	2	2	2	2	2	2	2	2	1	2	1	2	2	2	2	2	2	2	2	2	2	2	2	2	2	1	2	2	2	2	1	2	2	2	2	2	2	2	2	2	1	2	2	2	2	2	2	2	2	2	2	2	2	1	2	2	1	2	2	2	2	2	2	2	2	1	1	2	2	1	2	2	2	1	2	2	2	2	2	2	2	2	2	2	2	2	2	2	2	2	2	2	2	1	0	2	2	2	2	2	2	2	2	1	2	2	2	2	2	2	2	2	2	2	2	2	2	2	2	0	2	2	2	2	2	2	2	1	2	2	2	2	2	2	2	2	2	2	2	2	2	2	2	2	>>
