Registered S3 methods overwritten by 'susieSlide':
  method              from  
  coef.susie          susieR
  predict.susie       susieR
  print.summary.susie susieR
  summary.susie       susieR
Job 30: 1/400
Job 30: 2/400
Job 30: 3/400
Job 30: 4/400
Job 30: 5/400
Job 30: 6/400
Job 30: 7/400
Job 30: 8/400
Job 30: 9/400
Job 30: 10/400
Job 30: 11/400
Job 30: 12/400
Job 30: 13/400
Job 30: 14/400
Job 30: 15/400
Job 30: 16/400
Job 30: 17/400
Job 30: 18/400
Job 30: 19/400
Job 30: 20/400
Job 30: 21/400
Job 30: 22/400
Job 30: 23/400
Job 30: 24/400
Job 30: 25/400
Job 30: 26/400
Job 30: 27/400
Job 30: 28/400
Job 30: 29/400
Job 30: 30/400
Job 30: 31/400 ERROR: Not enough donors for the requested n.
Job 30: 32/400
Job 30: 33/400
Job 30: 34/400
Job 30: 35/400
Job 30: 36/400
Job 30: 37/400
Job 30: 38/400
Job 30: 39/400
Job 30: 40/400
Job 30: 41/400
Job 30: 42/400
Job 30: 43/400
Job 30: 44/400
Job 30: 45/400
Job 30: 46/400
Job 30: 47/400
Job 30: 48/400
Job 30: 49/400
Job 30: 50/400
Job 30: 51/400
Job 30: 52/400
Job 30: 53/400
Job 30: 54/400
Job 30: 55/400
Job 30: 56/400
Job 30: 57/400
Job 30: 58/400
Job 30: 59/400
Job 30: 60/400
Job 30: 61/400
Job 30: 62/400
Job 30: 63/400
Job 30: 64/400
Job 30: 65/400
Job 30: 66/400
Job 30: 67/400
Job 30: 68/400
Job 30: 69/400
Job 30: 70/400
Job 30: 71/400
Job 30: 72/400
Job 30: 73/400
Job 30: 74/400
Job 30: 75/400
Job 30: 76/400
Job 30: 77/400
Job 30: 78/400
Job 30: 79/400
Job 30: 80/400
Job 30: 81/400
Job 30: 82/400
Job 30: 83/400
Job 30: 84/400
Job 30: 85/400
Job 30: 86/400
Job 30: 87/400
Job 30: 88/400
Job 30: 89/400
Job 30: 90/400
Job 30: 91/400
Job 30: 92/400
Job 30: 93/400
Job 30: 94/400
Job 30: 95/400
Job 30: 96/400
Job 30: 97/400
Job 30: 98/400
Job 30: 99/400
Job 30: 100/400
Job 30: 101/400
Job 30: 102/400
Job 30: 103/400
Job 30: 104/400
Job 30: 105/400
Job 30: 106/400
Job 30: 107/400
Job 30: 108/400
Job 30: 109/400
Job 30: 110/400
Job 30: 111/400
Job 30: 112/400
Job 30: 113/400
Job 30: 114/400
Job 30: 115/400
Job 30: 116/400
Job 30: 117/400
Job 30: 118/400
Job 30: 119/400
Job 30: 120/400
Job 30: 121/400
Job 30: 122/400
Job 30: 123/400
Job 30: 124/400
Job 30: 125/400
Job 30: 126/400
Job 30: 127/400
Job 30: 128/400
Job 30: 129/400
Job 30: 130/400
Job 30: 131/400
Job 30: 132/400
Job 30: 133/400
Job 30: 134/400
Job 30: 135/400
Job 30: 136/400
Job 30: 137/400
Job 30: 138/400
Job 30: 139/400
Job 30: 140/400
Job 30: 141/400
Job 30: 142/400
Job 30: 143/400
Job 30: 144/400
Job 30: 145/400
Job 30: 146/400
Job 30: 147/400
Job 30: 148/400
Job 30: 149/400
Job 30: 150/400
Job 30: 151/400
Job 30: 152/400
Job 30: 153/400
Job 30: 154/400
Job 30: 155/400
Job 30: 156/400
Job 30: 157/400
Job 30: 158/400
Job 30: 159/400
Job 30: 160/400
Job 30: 161/400
Job 30: 162/400
Job 30: 163/400
Job 30: 164/400
Job 30: 165/400
Job 30: 166/400
Job 30: 167/400
Job 30: 168/400
Job 30: 169/400
Job 30: 170/400
Job 30: 171/400
Job 30: 172/400
Job 30: 173/400
Job 30: 174/400
Job 30: 175/400
Job 30: 176/400
Job 30: 177/400
Job 30: 178/400
Job 30: 179/400
Job 30: 180/400
Job 30: 181/400
Job 30: 182/400
Job 30: 183/400
Job 30: 184/400
Job 30: 185/400
Job 30: 186/400
Job 30: 187/400
Job 30: 188/400
Job 30: 189/400
Job 30: 190/400
Job 30: 191/400
Job 30: 192/400
Job 30: 193/400
Job 30: 194/400
Job 30: 195/400
Job 30: 196/400
Job 30: 197/400
Job 30: 198/400
Job 30: 199/400
Job 30: 200/400
Job 30: 201/400
Job 30: 202/400
Job 30: 203/400
Job 30: 204/400
Job 30: 205/400
Job 30: 206/400
Job 30: 207/400
Job 30: 208/400
Job 30: 209/400
Job 30: 210/400
Job 30: 211/400
Job 30: 212/400
Job 30: 213/400
Job 30: 214/400
Job 30: 215/400
Job 30: 216/400
Job 30: 217/400
Job 30: 218/400
Job 30: 219/400
Job 30: 220/400
Job 30: 221/400
Job 30: 222/400
Job 30: 223/400
Job 30: 224/400
Job 30: 225/400
Job 30: 226/400
Job 30: 227/400
Job 30: 228/400
Job 30: 229/400
Job 30: 230/400
Job 30: 231/400
Job 30: 232/400
Job 30: 233/400
Job 30: 234/400
Job 30: 235/400
Job 30: 236/400
Job 30: 237/400
Job 30: 238/400
Job 30: 239/400
Job 30: 240/400
Job 30: 241/400
Job 30: 242/400
Job 30: 243/400
Job 30: 244/400
Job 30: 245/400
Job 30: 246/400
Job 30: 247/400
Job 30: 248/400
Job 30: 249/400
Job 30: 250/400
Job 30: 251/400
Job 30: 252/400
Job 30: 253/400
Job 30: 254/400
Job 30: 255/400
Job 30: 256/400
Job 30: 257/400
Job 30: 258/400
Job 30: 259/400
Job 30: 260/400
Job 30: 261/400
Job 30: 262/400
Job 30: 263/400
Job 30: 264/400
Job 30: 265/400
Job 30: 266/400
Job 30: 267/400
Job 30: 268/400
Job 30: 269/400
Job 30: 270/400
Job 30: 271/400
Job 30: 272/400
Job 30: 273/400
Job 30: 274/400
Job 30: 275/400
Job 30: 276/400
Job 30: 277/400
Job 30: 278/400
Job 30: 279/400
Job 30: 280/400
Job 30: 281/400
Job 30: 282/400
Job 30: 283/400
Job 30: 284/400
Job 30: 285/400
Job 30: 286/400
Job 30: 287/400
Job 30: 288/400
Job 30: 289/400
Job 30: 290/400
Job 30: 291/400
Job 30: 292/400
Job 30: 293/400
Job 30: 294/400
Job 30: 295/400
Job 30: 296/400
Job 30: 297/400
Job 30: 298/400
Job 30: 299/400
Job 30: 300/400
Job 30: 301/400
Job 30: 302/400
Job 30: 303/400
Job 30: 304/400
Job 30: 305/400
Job 30: 306/400
Job 30: 307/400
Job 30: 308/400
Job 30: 309/400
Job 30: 310/400
Job 30: 311/400
Job 30: 312/400
Job 30: 313/400
Job 30: 314/400
Job 30: 315/400
Job 30: 316/400
Job 30: 317/400
Job 30: 318/400
Job 30: 319/400
Job 30: 320/400
Job 30: 321/400
Job 30: 322/400
Job 30: 323/400
Job 30: 324/400
Job 30: 325/400
Job 30: 326/400
Job 30: 327/400
Job 30: 328/400
Job 30: 329/400
Job 30: 330/400
Job 30: 331/400
Job 30: 332/400
Job 30: 333/400
Job 30: 334/400
Job 30: 335/400
Job 30: 336/400
Job 30: 337/400
Job 30: 338/400
Job 30: 339/400
Job 30: 340/400
Job 30: 341/400
Job 30: 342/400
Job 30: 343/400
Job 30: 344/400
Job 30: 345/400
Job 30: 346/400
Job 30: 347/400
Job 30: 348/400
Job 30: 349/400
Job 30: 350/400
Job 30: 351/400
Job 30: 352/400
Job 30: 353/400
Job 30: 354/400
Job 30: 355/400
Job 30: 356/400
Job 30: 357/400
Job 30: 358/400
Job 30: 359/400
Job 30: 360/400
Job 30: 361/400
Job 30: 362/400
Job 30: 363/400
Job 30: 364/400
Job 30: 365/400
Job 30: 366/400
Job 30: 367/400
Job 30: 368/400
Job 30: 369/400
Job 30: 370/400
Job 30: 371/400
Job 30: 372/400
Job 30: 373/400
Job 30: 374/400
Job 30: 375/400
Job 30: 376/400
Job 30: 377/400
Job 30: 378/400
Job 30: 379/400
Job 30: 380/400
Job 30: 381/400
Job 30: 382/400
Job 30: 383/400
Job 30: 384/400
Job 30: 385/400
Job 30: 386/400
Job 30: 387/400
Job 30: 388/400
Job 30: 389/400
Job 30: 390/400
Job 30: 391/400
Job 30: 392/400
Job 30: 393/400
Job 30: 394/400
Job 30: 395/400
Job 30: 396/400
Job 30: 397/400
Job 30: 398/400
Job 30: 399/400
Job 30: 400/400
Warning message:
In data.table::fread(raw_file, data.table = FALSE) :
  Discarded single-line footer: <<0	GTEX-14A5H	0	0	0	-9	2	2	2	2	0	2	2	2	0	2	2	2	2	2	2	2	2	2	2	0	2	2	0	2	2	2	2	2	2	2	2	2	2	2	2	0	0	2	2	2	2	2	2	2	2	2	2	2	0	2	2	2	2	2	2	2	2	2	2	2	2	2	2	2	2	2	2	2	2	2	2	2	2	0	2	2	0	2	2	2	2	2	2	2	2	2	2	2	2	2	2	2	0	0	2	2	2	2	2	2	2	0	2	2	2	2	2	2	2	2	2	2	2	2	2	2	2	2	2	2	2	0	2	2	2	2	2	2	2	2	2	2	2	2	2	2	2	2	2	2	2	2	2	2	2	2	2	2	2	2	2	2	2	2	2	2	0	2	2	2	2	0	0	0	2	2	2	2	2	2	2	2	2	2	0	2	2	2	2	2	2	2	2	2	2	2	2	2	0	2	2	2	0	2	2	2	2	2	2	2	2	2	2	2	2	2	2	2	2	2	2	2	2	2	2	2	2	2	2	2	2	2	2	2	2	2	2	2	2	2	2	2	2	2	2	2	2	2	2	>>
