Registered S3 methods overwritten by 'susieSlide':
  method              from  
  coef.susie          susieR
  predict.susie       susieR
  print.summary.susie susieR
  summary.susie       susieR
Job 571: 1/400
Job 571: 2/400
Job 571: 3/400
Job 571: 4/400
Job 571: 5/400
Job 571: 6/400
Job 571: 7/400
Job 571: 8/400
Job 571: 9/400
Job 571: 10/400
Job 571: 11/400
Job 571: 12/400
Job 571: 13/400
Job 571: 14/400
Job 571: 15/400
Job 571: 16/400
Job 571: 17/400
Job 571: 18/400
Job 571: 19/400
Job 571: 20/400
Job 571: 21/400
Job 571: 22/400
Job 571: 23/400
Job 571: 24/400
Job 571: 25/400
Job 571: 26/400
Job 571: 27/400
Job 571: 28/400
Job 571: 29/400
Job 571: 30/400
Job 571: 31/400
Job 571: 32/400
Job 571: 33/400
Job 571: 34/400
Job 571: 35/400
Job 571: 36/400
Job 571: 37/400
Job 571: 38/400
Job 571: 39/400
Job 571: 40/400
Job 571: 41/400
Job 571: 42/400
Job 571: 43/400
Job 571: 44/400
Job 571: 45/400
Job 571: 46/400
Job 571: 47/400
Job 571: 48/400
Job 571: 49/400
Job 571: 50/400
Job 571: 51/400
Job 571: 52/400
Job 571: 53/400
Job 571: 54/400
Job 571: 55/400
Job 571: 56/400
Job 571: 57/400
Job 571: 58/400
Job 571: 59/400
Job 571: 60/400
Job 571: 61/400
Job 571: 62/400
Job 571: 63/400
Job 571: 64/400
Job 571: 65/400
Job 571: 66/400
Job 571: 67/400
Job 571: 68/400
Job 571: 69/400
Job 571: 70/400
Job 571: 71/400
Job 571: 72/400
Job 571: 73/400
Job 571: 74/400
Job 571: 75/400
Job 571: 76/400
Job 571: 77/400
Job 571: 78/400
Job 571: 79/400
Job 571: 80/400
Job 571: 81/400
Job 571: 82/400
Job 571: 83/400
Job 571: 84/400
Job 571: 85/400
Job 571: 86/400
Job 571: 87/400
Job 571: 88/400
Job 571: 89/400
Job 571: 90/400
Job 571: 91/400
Job 571: 92/400
Job 571: 93/400
Job 571: 94/400
Job 571: 95/400
Job 571: 96/400
Job 571: 97/400
Job 571: 98/400
Job 571: 99/400
Job 571: 100/400
Job 571: 101/400
Job 571: 102/400
Job 571: 103/400
Job 571: 104/400
Job 571: 105/400
Job 571: 106/400
Job 571: 107/400
Job 571: 108/400
Job 571: 109/400
Job 571: 110/400
Job 571: 111/400
Job 571: 112/400
Job 571: 113/400
Job 571: 114/400
Job 571: 115/400
Job 571: 116/400
Job 571: 117/400
Job 571: 118/400
Job 571: 119/400
Job 571: 120/400
Job 571: 121/400
Job 571: 122/400
Job 571: 123/400
Job 571: 124/400
Job 571: 125/400
Job 571: 126/400
Job 571: 127/400
Job 571: 128/400
Job 571: 129/400
Job 571: 130/400
Job 571: 131/400
Job 571: 132/400
Job 571: 133/400
Job 571: 134/400
Job 571: 135/400
Job 571: 136/400
Job 571: 137/400
Job 571: 138/400
Job 571: 139/400
Job 571: 140/400
Job 571: 141/400
Job 571: 142/400
Job 571: 143/400
Job 571: 144/400
Job 571: 145/400
Job 571: 146/400
Job 571: 147/400
Job 571: 148/400
Job 571: 149/400
Job 571: 150/400
Job 571: 151/400
Job 571: 152/400
Job 571: 153/400
Job 571: 154/400
Job 571: 155/400
Job 571: 156/400
Job 571: 157/400
Job 571: 158/400
Job 571: 159/400
Job 571: 160/400
Job 571: 161/400
Job 571: 162/400
Job 571: 163/400
Job 571: 164/400
Job 571: 165/400
Job 571: 166/400
Job 571: 167/400
Job 571: 168/400
Job 571: 169/400
Job 571: 170/400
Job 571: 171/400
Job 571: 172/400
Job 571: 173/400
Job 571: 174/400
Job 571: 175/400
Job 571: 176/400
Job 571: 177/400
Job 571: 178/400
Job 571: 179/400
Job 571: 180/400
Job 571: 181/400
Job 571: 182/400
Job 571: 183/400
Job 571: 184/400
Job 571: 185/400
Job 571: 186/400
Job 571: 187/400
Job 571: 188/400
Job 571: 189/400
Job 571: 190/400
Job 571: 191/400
Job 571: 192/400
Job 571: 193/400
Job 571: 194/400
Job 571: 195/400
Job 571: 196/400
Job 571: 197/400
Job 571: 198/400
Job 571: 199/400
Job 571: 200/400
Job 571: 201/400
Job 571: 202/400
Job 571: 203/400
Job 571: 204/400
Job 571: 205/400
Job 571: 206/400
Job 571: 207/400
Job 571: 208/400
Job 571: 209/400
Job 571: 210/400
Job 571: 211/400
Job 571: 212/400
Job 571: 213/400
Job 571: 214/400
Job 571: 215/400
Job 571: 216/400
Job 571: 217/400
Job 571: 218/400
Job 571: 219/400
Job 571: 220/400
Job 571: 221/400
Job 571: 222/400
Job 571: 223/400
Job 571: 224/400
Job 571: 225/400
Job 571: 226/400
Job 571: 227/400
Job 571: 228/400
Job 571: 229/400
Job 571: 230/400
Job 571: 231/400
Job 571: 232/400
Job 571: 233/400
Job 571: 234/400
Job 571: 235/400
Job 571: 236/400
Job 571: 237/400
Job 571: 238/400
Job 571: 239/400
Job 571: 240/400
Job 571: 241/400
Job 571: 242/400
Job 571: 243/400
Job 571: 244/400
Job 571: 245/400
Job 571: 246/400
Job 571: 247/400
Job 571: 248/400
Job 571: 249/400
Job 571: 250/400
Job 571: 251/400
Job 571: 252/400
Job 571: 253/400
Job 571: 254/400
Job 571: 255/400
Job 571: 256/400
Job 571: 257/400
Job 571: 258/400
Job 571: 259/400
Job 571: 260/400
Job 571: 261/400
Job 571: 262/400
Job 571: 263/400
Job 571: 264/400
Job 571: 265/400
Job 571: 266/400
Job 571: 267/400
Job 571: 268/400
Job 571: 269/400
Job 571: 270/400
Job 571: 271/400
Job 571: 272/400
Job 571: 273/400
Job 571: 274/400
Job 571: 275/400
Job 571: 276/400
Job 571: 277/400
Job 571: 278/400
Job 571: 279/400
Job 571: 280/400
Job 571: 281/400
Job 571: 282/400
Job 571: 283/400
Job 571: 284/400
Job 571: 285/400
Job 571: 286/400
Job 571: 287/400
Job 571: 288/400
Job 571: 289/400
Job 571: 290/400
Job 571: 291/400
Job 571: 292/400
Job 571: 293/400
Job 571: 294/400
Job 571: 295/400
Job 571: 296/400
Job 571: 297/400
Job 571: 298/400
Job 571: 299/400
Job 571: 300/400
Job 571: 301/400
Job 571: 302/400
Job 571: 303/400
Job 571: 304/400
Job 571: 305/400
Job 571: 306/400
Job 571: 307/400
Job 571: 308/400
Job 571: 309/400
Job 571: 310/400
Job 571: 311/400
Job 571: 312/400
Job 571: 313/400
Job 571: 314/400
Job 571: 315/400
Job 571: 316/400
Job 571: 317/400
Job 571: 318/400
Job 571: 319/400
Job 571: 320/400
Job 571: 321/400
Job 571: 322/400
Job 571: 323/400
Job 571: 324/400
Job 571: 325/400
Job 571: 326/400
Job 571: 327/400
Job 571: 328/400
Job 571: 329/400
Job 571: 330/400
Job 571: 331/400
Job 571: 332/400
Job 571: 333/400
Job 571: 334/400
Job 571: 335/400
Job 571: 336/400
Job 571: 337/400
Job 571: 338/400
Job 571: 339/400
Job 571: 340/400
Job 571: 341/400
Job 571: 342/400
Job 571: 343/400
Job 571: 344/400
Job 571: 345/400
Job 571: 346/400
Job 571: 347/400
Job 571: 348/400
Job 571: 349/400
Job 571: 350/400
Job 571: 351/400
Job 571: 352/400
Job 571: 353/400
Job 571: 354/400
Job 571: 355/400
Job 571: 356/400
Job 571: 357/400
Job 571: 358/400
Job 571: 359/400
Job 571: 360/400
Job 571: 361/400
Job 571: 362/400
Job 571: 363/400
Job 571: 364/400
Job 571: 365/400
Job 571: 366/400
Job 571: 367/400
Job 571: 368/400
Job 571: 369/400
Job 571: 370/400
Job 571: 371/400
Job 571: 372/400
Job 571: 373/400
Job 571: 374/400
Job 571: 375/400
Job 571: 376/400
Job 571: 377/400
Job 571: 378/400
Job 571: 379/400
Job 571: 380/400
Job 571: 381/400
Job 571: 382/400
Job 571: 383/400
Job 571: 384/400
Job 571: 385/400
Job 571: 386/400
Job 571: 387/400
Job 571: 388/400
Job 571: 389/400
Job 571: 390/400
Job 571: 391/400
Job 571: 392/400
Job 571: 393/400
Job 571: 394/400
Job 571: 395/400
Job 571: 396/400
Job 571: 397/400
Job 571: 398/400
Job 571: 399/400
Job 571: 400/400
