Registered S3 methods overwritten by 'susieSlide':
  method              from  
  coef.susie          susieR
  predict.susie       susieR
  print.summary.susie susieR
  summary.susie       susieR
Job 121: 1/400
Job 121: 2/400
Job 121: 3/400
Job 121: 4/400
Job 121: 5/400
Job 121: 6/400
Job 121: 7/400
Job 121: 8/400
Job 121: 9/400
Job 121: 10/400
Job 121: 11/400
Job 121: 12/400
Job 121: 13/400
Job 121: 14/400
Job 121: 15/400
Job 121: 16/400
Job 121: 17/400
Job 121: 18/400
Job 121: 19/400
Job 121: 20/400
Job 121: 21/400
Job 121: 22/400
Job 121: 23/400
Job 121: 24/400
Job 121: 25/400
Job 121: 26/400
Job 121: 27/400
Job 121: 28/400
Job 121: 29/400
Job 121: 30/400
Job 121: 31/400
Job 121: 32/400
Job 121: 33/400
Job 121: 34/400
Job 121: 35/400
Job 121: 36/400
Job 121: 37/400
Job 121: 38/400
Job 121: 39/400
Job 121: 40/400
Job 121: 41/400
Job 121: 42/400
Job 121: 43/400
Job 121: 44/400
Job 121: 45/400
Job 121: 46/400
Job 121: 47/400
Job 121: 48/400
Job 121: 49/400
Job 121: 50/400
Job 121: 51/400
Job 121: 52/400
Job 121: 53/400
Job 121: 54/400
Job 121: 55/400
Job 121: 56/400
Job 121: 57/400
Job 121: 58/400
Job 121: 59/400
Job 121: 60/400
Job 121: 61/400
Job 121: 62/400
Job 121: 63/400
Job 121: 64/400
Job 121: 65/400
Job 121: 66/400
Job 121: 67/400
Job 121: 68/400
Job 121: 69/400
Job 121: 70/400
Job 121: 71/400
Job 121: 72/400
Job 121: 73/400
Job 121: 74/400
Job 121: 75/400
Job 121: 76/400
Job 121: 77/400
Job 121: 78/400
Job 121: 79/400
Job 121: 80/400
Job 121: 81/400
Job 121: 82/400
Job 121: 83/400
Job 121: 84/400
Job 121: 85/400
Job 121: 86/400
Job 121: 87/400
Job 121: 88/400
Job 121: 89/400
Job 121: 90/400
Job 121: 91/400
Job 121: 92/400
Job 121: 93/400
Job 121: 94/400
Job 121: 95/400
Job 121: 96/400
Job 121: 97/400
Job 121: 98/400
Job 121: 99/400
Job 121: 100/400
Job 121: 101/400
Job 121: 102/400
Job 121: 103/400
Job 121: 104/400
Job 121: 105/400
Job 121: 106/400
Job 121: 107/400
Job 121: 108/400
Job 121: 109/400
Job 121: 110/400
Job 121: 111/400
Job 121: 112/400
Job 121: 113/400
Job 121: 114/400
Job 121: 115/400
Job 121: 116/400
Job 121: 117/400
Job 121: 118/400
Job 121: 119/400
Job 121: 120/400
Job 121: 121/400
Job 121: 122/400
Job 121: 123/400
Job 121: 124/400
Job 121: 125/400
Job 121: 126/400
Job 121: 127/400
Job 121: 128/400
Job 121: 129/400
Job 121: 130/400
Job 121: 131/400
Job 121: 132/400
Job 121: 133/400
Job 121: 134/400
Job 121: 135/400
Job 121: 136/400
Job 121: 137/400
Job 121: 138/400
Job 121: 139/400
Job 121: 140/400
Job 121: 141/400
Job 121: 142/400
Job 121: 143/400
Job 121: 144/400
Job 121: 145/400
Job 121: 146/400
Job 121: 147/400
Job 121: 148/400
Job 121: 149/400
Job 121: 150/400
Job 121: 151/400
Job 121: 152/400
Job 121: 153/400
Job 121: 154/400
Job 121: 155/400
Job 121: 156/400
Job 121: 157/400
Job 121: 158/400
Job 121: 159/400
Job 121: 160/400
Job 121: 161/400
Job 121: 162/400
Job 121: 163/400
Job 121: 164/400
Job 121: 165/400
Job 121: 166/400
Job 121: 167/400
Job 121: 168/400
Job 121: 169/400
Job 121: 170/400
Job 121: 171/400
Job 121: 172/400
Job 121: 173/400
Job 121: 174/400
Job 121: 175/400
Job 121: 176/400
Job 121: 177/400
Job 121: 178/400
Job 121: 179/400
Job 121: 180/400
Job 121: 181/400
Job 121: 182/400
Job 121: 183/400
Job 121: 184/400
Job 121: 185/400
Job 121: 186/400
Job 121: 187/400
Job 121: 188/400
Job 121: 189/400
Job 121: 190/400
Job 121: 191/400
Job 121: 192/400
Job 121: 193/400
Job 121: 194/400
Job 121: 195/400
Job 121: 196/400
Job 121: 197/400
Job 121: 198/400
Job 121: 199/400
Job 121: 200/400
Job 121: 201/400
Job 121: 202/400
Job 121: 203/400
Job 121: 204/400
Job 121: 205/400
Job 121: 206/400
Job 121: 207/400
Job 121: 208/400
Job 121: 209/400
Job 121: 210/400
Job 121: 211/400
Job 121: 212/400
Job 121: 213/400
Job 121: 214/400
Job 121: 215/400
Job 121: 216/400
Job 121: 217/400
Job 121: 218/400
Job 121: 219/400
Job 121: 220/400
Job 121: 221/400
Job 121: 222/400
Job 121: 223/400
Job 121: 224/400
Job 121: 225/400
Job 121: 226/400
Job 121: 227/400
Job 121: 228/400
Job 121: 229/400
Job 121: 230/400
Job 121: 231/400
Job 121: 232/400
Job 121: 233/400
Job 121: 234/400
Job 121: 235/400
Job 121: 236/400
Job 121: 237/400
Job 121: 238/400
Job 121: 239/400
Job 121: 240/400
Job 121: 241/400
Job 121: 242/400
Job 121: 243/400
Job 121: 244/400
Job 121: 245/400
Job 121: 246/400
Job 121: 247/400
Job 121: 248/400
Job 121: 249/400
Job 121: 250/400
Job 121: 251/400
Job 121: 252/400
Job 121: 253/400
Job 121: 254/400
Job 121: 255/400
Job 121: 256/400
Job 121: 257/400
Job 121: 258/400
Job 121: 259/400
Job 121: 260/400
Job 121: 261/400
Job 121: 262/400
Job 121: 263/400
Job 121: 264/400
Job 121: 265/400
Job 121: 266/400
Job 121: 267/400
Job 121: 268/400
Job 121: 269/400
Job 121: 270/400
Job 121: 271/400
Job 121: 272/400
Job 121: 273/400
Job 121: 274/400
Job 121: 275/400
Job 121: 276/400
Job 121: 277/400
Job 121: 278/400
Job 121: 279/400
Job 121: 280/400
Job 121: 281/400
Job 121: 282/400
Job 121: 283/400
Job 121: 284/400
Job 121: 285/400
Job 121: 286/400
Job 121: 287/400
Job 121: 288/400
Job 121: 289/400
Job 121: 290/400
Job 121: 291/400
Job 121: 292/400
Job 121: 293/400
Job 121: 294/400
Job 121: 295/400
Job 121: 296/400
Job 121: 297/400
Job 121: 298/400
Job 121: 299/400
Job 121: 300/400
Job 121: 301/400
Job 121: 302/400
Job 121: 303/400
Job 121: 304/400
Job 121: 305/400
Job 121: 306/400
Job 121: 307/400
Job 121: 308/400
Job 121: 309/400
Job 121: 310/400
Job 121: 311/400
Job 121: 312/400
Job 121: 313/400
Job 121: 314/400
Job 121: 315/400
Job 121: 316/400
Job 121: 317/400
Job 121: 318/400
Job 121: 319/400
Job 121: 320/400
Job 121: 321/400
Job 121: 322/400
Job 121: 323/400
Job 121: 324/400
Job 121: 325/400
Job 121: 326/400
Job 121: 327/400
Job 121: 328/400
Job 121: 329/400
Job 121: 330/400
Job 121: 331/400
Job 121: 332/400
Job 121: 333/400
Job 121: 334/400
Job 121: 335/400
Job 121: 336/400
Job 121: 337/400
Job 121: 338/400
Job 121: 339/400
Job 121: 340/400
Job 121: 341/400
Job 121: 342/400
Job 121: 343/400
Job 121: 344/400
Job 121: 345/400
Job 121: 346/400
Job 121: 347/400
Job 121: 348/400
Job 121: 349/400
Job 121: 350/400
Job 121: 351/400
Job 121: 352/400
Job 121: 353/400
Job 121: 354/400
Job 121: 355/400
Job 121: 356/400
Job 121: 357/400
Job 121: 358/400
Job 121: 359/400
Job 121: 360/400
Job 121: 361/400
Job 121: 362/400
Job 121: 363/400
Job 121: 364/400
Job 121: 365/400
Job 121: 366/400
Job 121: 367/400
Job 121: 368/400
Job 121: 369/400
Job 121: 370/400
Job 121: 371/400
Job 121: 372/400
Job 121: 373/400
Job 121: 374/400
Job 121: 375/400
Job 121: 376/400
Job 121: 377/400
Job 121: 378/400
Job 121: 379/400
Job 121: 380/400
Job 121: 381/400
Job 121: 382/400
Job 121: 383/400
Job 121: 384/400
Job 121: 385/400
Job 121: 386/400
Job 121: 387/400
Job 121: 388/400
Job 121: 389/400
Job 121: 390/400
Job 121: 391/400
Job 121: 392/400
Job 121: 393/400
Job 121: 394/400
Job 121: 395/400
Job 121: 396/400
Job 121: 397/400
Job 121: 398/400
Job 121: 399/400
Job 121: 400/400
