Registered S3 methods overwritten by 'susieSlide':
  method              from  
  coef.susie          susieR
  predict.susie       susieR
  print.summary.susie susieR
  summary.susie       susieR
Job 464: 1/400
Job 464: 2/400
Job 464: 3/400
Job 464: 4/400
Job 464: 5/400
Job 464: 6/400
Job 464: 7/400
Job 464: 8/400
Job 464: 9/400
Job 464: 10/400
Job 464: 11/400
Job 464: 12/400
Job 464: 13/400
Job 464: 14/400
Job 464: 15/400
Job 464: 16/400
Job 464: 17/400
Job 464: 18/400
Job 464: 19/400
Job 464: 20/400
Job 464: 21/400
Job 464: 22/400
Job 464: 23/400
Job 464: 24/400
Job 464: 25/400
Job 464: 26/400
Job 464: 27/400
Job 464: 28/400
Job 464: 29/400
Job 464: 30/400
Job 464: 31/400
Job 464: 32/400
Job 464: 33/400
Job 464: 34/400
Job 464: 35/400
Job 464: 36/400
Job 464: 37/400
Job 464: 38/400
Job 464: 39/400
Job 464: 40/400
Job 464: 41/400
Job 464: 42/400
Job 464: 43/400
Job 464: 44/400
Job 464: 45/400
Job 464: 46/400
Job 464: 47/400
Job 464: 48/400
Job 464: 49/400
Job 464: 50/400
Job 464: 51/400
Job 464: 52/400
Job 464: 53/400
Job 464: 54/400
Job 464: 55/400
Job 464: 56/400
Job 464: 57/400
Job 464: 58/400
Job 464: 59/400
Job 464: 60/400
Job 464: 61/400
Job 464: 62/400
Job 464: 63/400
Job 464: 64/400
Job 464: 65/400
Job 464: 66/400
Job 464: 67/400
Job 464: 68/400
Job 464: 69/400
Job 464: 70/400
Job 464: 71/400
Job 464: 72/400
Job 464: 73/400
Job 464: 74/400
Job 464: 75/400
Job 464: 76/400
Job 464: 77/400
Job 464: 78/400
Job 464: 79/400
Job 464: 80/400
Job 464: 81/400
Job 464: 82/400
Job 464: 83/400
Job 464: 84/400
Job 464: 85/400
Job 464: 86/400
Job 464: 87/400
Job 464: 88/400
Job 464: 89/400
Job 464: 90/400
Job 464: 91/400
Job 464: 92/400
Job 464: 93/400
Job 464: 94/400
Job 464: 95/400
Job 464: 96/400
Job 464: 97/400
Job 464: 98/400
Job 464: 99/400
Job 464: 100/400
Job 464: 101/400
Job 464: 102/400
Job 464: 103/400
Job 464: 104/400
Job 464: 105/400
Job 464: 106/400
Job 464: 107/400
Job 464: 108/400
Job 464: 109/400
Job 464: 110/400
Job 464: 111/400
Job 464: 112/400
Job 464: 113/400
Job 464: 114/400
Job 464: 115/400
Job 464: 116/400
Job 464: 117/400
Job 464: 118/400
Job 464: 119/400
Job 464: 120/400
Job 464: 121/400
Job 464: 122/400
Job 464: 123/400
Job 464: 124/400
Job 464: 125/400
Job 464: 126/400
Job 464: 127/400
Job 464: 128/400
Job 464: 129/400
Job 464: 130/400
Job 464: 131/400
Job 464: 132/400
Job 464: 133/400
Job 464: 134/400
Job 464: 135/400
Job 464: 136/400
Job 464: 137/400
Job 464: 138/400
Job 464: 139/400
Job 464: 140/400
Job 464: 141/400
Job 464: 142/400
Job 464: 143/400
Job 464: 144/400
Job 464: 145/400
Job 464: 146/400
Job 464: 147/400
Job 464: 148/400
Job 464: 149/400
Job 464: 150/400
Job 464: 151/400
Job 464: 152/400
Job 464: 153/400
Job 464: 154/400
Job 464: 155/400
Job 464: 156/400
Job 464: 157/400
Job 464: 158/400
Job 464: 159/400
Job 464: 160/400
Job 464: 161/400
Job 464: 162/400
Job 464: 163/400
Job 464: 164/400
Job 464: 165/400
Job 464: 166/400
Job 464: 167/400
Job 464: 168/400
Job 464: 169/400
Job 464: 170/400
Job 464: 171/400
Job 464: 172/400
Job 464: 173/400
Job 464: 174/400
Job 464: 175/400
Job 464: 176/400
Job 464: 177/400
Job 464: 178/400
Job 464: 179/400
Job 464: 180/400
Job 464: 181/400
Job 464: 182/400
Job 464: 183/400
Job 464: 184/400
Job 464: 185/400
Job 464: 186/400
Job 464: 187/400
Job 464: 188/400
Job 464: 189/400
Job 464: 190/400
Job 464: 191/400
Job 464: 192/400
Job 464: 193/400
Job 464: 194/400
Job 464: 195/400
Job 464: 196/400
Job 464: 197/400
Job 464: 198/400
Job 464: 199/400
Job 464: 200/400
Job 464: 201/400
Job 464: 202/400
Job 464: 203/400
Job 464: 204/400
Job 464: 205/400
Job 464: 206/400
Job 464: 207/400
Job 464: 208/400
Job 464: 209/400
Job 464: 210/400
Job 464: 211/400
Job 464: 212/400
Job 464: 213/400
Job 464: 214/400
Job 464: 215/400
Job 464: 216/400
Job 464: 217/400
Job 464: 218/400
Job 464: 219/400
Job 464: 220/400
Job 464: 221/400
Job 464: 222/400
Job 464: 223/400
Job 464: 224/400
Job 464: 225/400
Job 464: 226/400
Job 464: 227/400
Job 464: 228/400
Job 464: 229/400
Job 464: 230/400
Job 464: 231/400
Job 464: 232/400
Job 464: 233/400
Job 464: 234/400
Job 464: 235/400
Job 464: 236/400
Job 464: 237/400
Job 464: 238/400
Job 464: 239/400
Job 464: 240/400
Job 464: 241/400
Job 464: 242/400
Job 464: 243/400
Job 464: 244/400
Job 464: 245/400
Job 464: 246/400
Job 464: 247/400
Job 464: 248/400
Job 464: 249/400
Job 464: 250/400
Job 464: 251/400
Job 464: 252/400
Job 464: 253/400
Job 464: 254/400
Job 464: 255/400
Job 464: 256/400
Job 464: 257/400
Job 464: 258/400
Job 464: 259/400
Job 464: 260/400
Job 464: 261/400
Job 464: 262/400
Job 464: 263/400
Job 464: 264/400
Job 464: 265/400
Job 464: 266/400
Job 464: 267/400
Job 464: 268/400
Job 464: 269/400
Job 464: 270/400
Job 464: 271/400
Job 464: 272/400
Job 464: 273/400
Job 464: 274/400
Job 464: 275/400
Job 464: 276/400
Job 464: 277/400
Job 464: 278/400
Job 464: 279/400
Job 464: 280/400
Job 464: 281/400
Job 464: 282/400
Job 464: 283/400
Job 464: 284/400
Job 464: 285/400
Job 464: 286/400
Job 464: 287/400
Job 464: 288/400
Job 464: 289/400
Job 464: 290/400
Job 464: 291/400
Job 464: 292/400
Job 464: 293/400
Job 464: 294/400
Job 464: 295/400
Job 464: 296/400
Job 464: 297/400
Job 464: 298/400
Job 464: 299/400
Job 464: 300/400
Job 464: 301/400
Job 464: 302/400
Job 464: 303/400
Job 464: 304/400
Job 464: 305/400
Job 464: 306/400
Job 464: 307/400
Job 464: 308/400
Job 464: 309/400
Job 464: 310/400
Job 464: 311/400
Job 464: 312/400
Job 464: 313/400
Job 464: 314/400
Job 464: 315/400
Job 464: 316/400
Job 464: 317/400
Job 464: 318/400
Job 464: 319/400
Job 464: 320/400
Job 464: 321/400
Job 464: 322/400
Job 464: 323/400
Job 464: 324/400
Job 464: 325/400
Job 464: 326/400
Job 464: 327/400
Job 464: 328/400
Job 464: 329/400
Job 464: 330/400
Job 464: 331/400
Job 464: 332/400
Job 464: 333/400
Job 464: 334/400
Job 464: 335/400
Job 464: 336/400
Job 464: 337/400
Job 464: 338/400
Job 464: 339/400
Job 464: 340/400
Job 464: 341/400
Job 464: 342/400
Job 464: 343/400
Job 464: 344/400
Job 464: 345/400
Job 464: 346/400
Job 464: 347/400
Job 464: 348/400
Job 464: 349/400
Job 464: 350/400
Job 464: 351/400
Job 464: 352/400
Job 464: 353/400
Job 464: 354/400
Job 464: 355/400
Job 464: 356/400
Job 464: 357/400
Job 464: 358/400
Job 464: 359/400
Job 464: 360/400
Job 464: 361/400
Job 464: 362/400
Job 464: 363/400
Job 464: 364/400
Job 464: 365/400
Job 464: 366/400
Job 464: 367/400
Job 464: 368/400
Job 464: 369/400
Job 464: 370/400
Job 464: 371/400
Job 464: 372/400
Job 464: 373/400
Job 464: 374/400
Job 464: 375/400
Job 464: 376/400
Job 464: 377/400
Job 464: 378/400
Job 464: 379/400
Job 464: 380/400
Job 464: 381/400
Job 464: 382/400
Job 464: 383/400
Job 464: 384/400
Job 464: 385/400
Job 464: 386/400
Job 464: 387/400
Job 464: 388/400
Job 464: 389/400
Job 464: 390/400
Job 464: 391/400
Job 464: 392/400
Job 464: 393/400
Job 464: 394/400
Job 464: 395/400
Job 464: 396/400
Job 464: 397/400
Job 464: 398/400
Job 464: 399/400
Job 464: 400/400
