Registered S3 methods overwritten by 'susieSlide':
  method              from  
  coef.susie          susieR
  predict.susie       susieR
  print.summary.susie susieR
  summary.susie       susieR
Job 65: 1/400
Job 65: 2/400
Job 65: 3/400
Job 65: 4/400
Job 65: 5/400
Job 65: 6/400
Job 65: 7/400
Job 65: 8/400
Job 65: 9/400
Job 65: 10/400
Job 65: 11/400
Job 65: 12/400
Job 65: 13/400
Job 65: 14/400
Job 65: 15/400
Job 65: 16/400
Job 65: 17/400
Job 65: 18/400
Job 65: 19/400
Job 65: 20/400
Job 65: 21/400
Job 65: 22/400
Job 65: 23/400
Job 65: 24/400
Job 65: 25/400
Job 65: 26/400
Job 65: 27/400
Job 65: 28/400
Job 65: 29/400
Job 65: 30/400
Job 65: 31/400
Job 65: 32/400
Job 65: 33/400
Job 65: 34/400
Job 65: 35/400
Job 65: 36/400
Job 65: 37/400
Job 65: 38/400
Job 65: 39/400
Job 65: 40/400
Job 65: 41/400
Job 65: 42/400
Job 65: 43/400
Job 65: 44/400
Job 65: 45/400
Job 65: 46/400
Job 65: 47/400
Job 65: 48/400
Job 65: 49/400
Job 65: 50/400
Job 65: 51/400
Job 65: 52/400
Job 65: 53/400
Job 65: 54/400
Job 65: 55/400
Job 65: 56/400
Job 65: 57/400
Job 65: 58/400
Job 65: 59/400
Job 65: 60/400
Job 65: 61/400
Job 65: 62/400
Job 65: 63/400
Job 65: 64/400
Job 65: 65/400
Job 65: 66/400
Job 65: 67/400
Job 65: 68/400
Job 65: 69/400
Job 65: 70/400
Job 65: 71/400
Job 65: 72/400
Job 65: 73/400
Job 65: 74/400
Job 65: 75/400
Job 65: 76/400
Job 65: 77/400
Job 65: 78/400
Job 65: 79/400
Job 65: 80/400
Job 65: 81/400
Job 65: 82/400
Job 65: 83/400
Job 65: 84/400
Job 65: 85/400
Job 65: 86/400
Job 65: 87/400
Job 65: 88/400
Job 65: 89/400
Job 65: 90/400
Job 65: 91/400
Job 65: 92/400
Job 65: 93/400
Job 65: 94/400
Job 65: 95/400
Job 65: 96/400
Job 65: 97/400
Job 65: 98/400
Job 65: 99/400
Job 65: 100/400
Job 65: 101/400
Job 65: 102/400
Job 65: 103/400
Job 65: 104/400
Job 65: 105/400
Job 65: 106/400
Job 65: 107/400
Job 65: 108/400
Job 65: 109/400
Job 65: 110/400
Job 65: 111/400
Job 65: 112/400
Job 65: 113/400
Job 65: 114/400
Job 65: 115/400
Job 65: 116/400
Job 65: 117/400
Job 65: 118/400
Job 65: 119/400
Job 65: 120/400
Job 65: 121/400
Job 65: 122/400
Job 65: 123/400
Job 65: 124/400
Job 65: 125/400
Job 65: 126/400
Job 65: 127/400
Job 65: 128/400
Job 65: 129/400
Job 65: 130/400
Job 65: 131/400
Job 65: 132/400
Job 65: 133/400
Job 65: 134/400
Job 65: 135/400
Job 65: 136/400
Job 65: 137/400
Job 65: 138/400
Job 65: 139/400
Job 65: 140/400
Job 65: 141/400
Job 65: 142/400
Job 65: 143/400
Job 65: 144/400
Job 65: 145/400
Job 65: 146/400
Job 65: 147/400
Job 65: 148/400
Job 65: 149/400
Job 65: 150/400
Job 65: 151/400
Job 65: 152/400
Job 65: 153/400
Job 65: 154/400
Job 65: 155/400
Job 65: 156/400
Job 65: 157/400
Job 65: 158/400
Job 65: 159/400
Job 65: 160/400
Job 65: 161/400
Job 65: 162/400
Job 65: 163/400
Job 65: 164/400
Job 65: 165/400
Job 65: 166/400
Job 65: 167/400
Job 65: 168/400
Job 65: 169/400
Job 65: 170/400
Job 65: 171/400
Job 65: 172/400
Job 65: 173/400
Job 65: 174/400
Job 65: 175/400
Job 65: 176/400
Job 65: 177/400
Job 65: 178/400
Job 65: 179/400
Job 65: 180/400
Job 65: 181/400
Job 65: 182/400
Job 65: 183/400
Job 65: 184/400
Job 65: 185/400
Job 65: 186/400
Job 65: 187/400
Job 65: 188/400
Job 65: 189/400
Job 65: 190/400
Job 65: 191/400
Job 65: 192/400
Job 65: 193/400
Job 65: 194/400
Job 65: 195/400
Job 65: 196/400
Job 65: 197/400
Job 65: 198/400
Job 65: 199/400
Job 65: 200/400
Job 65: 201/400
Job 65: 202/400
Job 65: 203/400
Job 65: 204/400
Job 65: 205/400
Job 65: 206/400
Job 65: 207/400
Job 65: 208/400
Job 65: 209/400
Job 65: 210/400
Job 65: 211/400
Job 65: 212/400
Job 65: 213/400
Job 65: 214/400
Job 65: 215/400
Job 65: 216/400
Job 65: 217/400
Job 65: 218/400
Job 65: 219/400
Job 65: 220/400
Job 65: 221/400
Job 65: 222/400
Job 65: 223/400
Job 65: 224/400
Job 65: 225/400
Job 65: 226/400
Job 65: 227/400
Job 65: 228/400
Job 65: 229/400
Job 65: 230/400
Job 65: 231/400
Job 65: 232/400
Job 65: 233/400
Job 65: 234/400
Job 65: 235/400
Job 65: 236/400
Job 65: 237/400
Job 65: 238/400
Job 65: 239/400
Job 65: 240/400
Job 65: 241/400
Job 65: 242/400
Job 65: 243/400
Job 65: 244/400
Job 65: 245/400
Job 65: 246/400
Job 65: 247/400
Job 65: 248/400
Job 65: 249/400
Job 65: 250/400
Job 65: 251/400
Job 65: 252/400
Job 65: 253/400
Job 65: 254/400
Job 65: 255/400
Job 65: 256/400
Job 65: 257/400
Job 65: 258/400
Job 65: 259/400
Job 65: 260/400
Job 65: 261/400
Job 65: 262/400
Job 65: 263/400
Job 65: 264/400
Job 65: 265/400
Job 65: 266/400
Job 65: 267/400
Job 65: 268/400
Job 65: 269/400
Job 65: 270/400
Job 65: 271/400
Job 65: 272/400
Job 65: 273/400
Job 65: 274/400
Job 65: 275/400
Job 65: 276/400
Job 65: 277/400
Job 65: 278/400
Job 65: 279/400
Job 65: 280/400
Job 65: 281/400
Job 65: 282/400
Job 65: 283/400
Job 65: 284/400
Job 65: 285/400
Job 65: 286/400
Job 65: 287/400
Job 65: 288/400
Job 65: 289/400
Job 65: 290/400
Job 65: 291/400
Job 65: 292/400
Job 65: 293/400
Job 65: 294/400
Job 65: 295/400
Job 65: 296/400
Job 65: 297/400
Job 65: 298/400
Job 65: 299/400
Job 65: 300/400
Job 65: 301/400
Job 65: 302/400
Job 65: 303/400
Job 65: 304/400
Job 65: 305/400
Job 65: 306/400
Job 65: 307/400
Job 65: 308/400
Job 65: 309/400
Job 65: 310/400
Job 65: 311/400
Job 65: 312/400
Job 65: 313/400
Job 65: 314/400
Job 65: 315/400
Job 65: 316/400
Job 65: 317/400
Job 65: 318/400
Job 65: 319/400
Job 65: 320/400
Job 65: 321/400
Job 65: 322/400
Job 65: 323/400
Job 65: 324/400
Job 65: 325/400
Job 65: 326/400
Job 65: 327/400
Job 65: 328/400
Job 65: 329/400
Job 65: 330/400
Job 65: 331/400
Job 65: 332/400
Job 65: 333/400
Job 65: 334/400
Job 65: 335/400
Job 65: 336/400
Job 65: 337/400
Job 65: 338/400
Job 65: 339/400
Job 65: 340/400
Job 65: 341/400
Job 65: 342/400
Job 65: 343/400
Job 65: 344/400
Job 65: 345/400
Job 65: 346/400
Job 65: 347/400
Job 65: 348/400
Job 65: 349/400
Job 65: 350/400
Job 65: 351/400
Job 65: 352/400
Job 65: 353/400
Job 65: 354/400
Job 65: 355/400
Job 65: 356/400
Job 65: 357/400
Job 65: 358/400
Job 65: 359/400
Job 65: 360/400
Job 65: 361/400
Job 65: 362/400
Job 65: 363/400
Job 65: 364/400
Job 65: 365/400
Job 65: 366/400
Job 65: 367/400
Job 65: 368/400
Job 65: 369/400
Job 65: 370/400
Job 65: 371/400
Job 65: 372/400
Job 65: 373/400
Job 65: 374/400
Job 65: 375/400
Job 65: 376/400
Job 65: 377/400
Job 65: 378/400
Job 65: 379/400
Job 65: 380/400
Job 65: 381/400
Job 65: 382/400
Job 65: 383/400
Job 65: 384/400
Job 65: 385/400
Job 65: 386/400
Job 65: 387/400
Job 65: 388/400
Job 65: 389/400
Job 65: 390/400
Job 65: 391/400
Job 65: 392/400
Job 65: 393/400
Job 65: 394/400
Job 65: 395/400
Job 65: 396/400
Job 65: 397/400
Job 65: 398/400
Job 65: 399/400
Job 65: 400/400
