Registered S3 methods overwritten by 'susieSlide':
  method              from  
  coef.susie          susieR
  predict.susie       susieR
  print.summary.susie susieR
  summary.susie       susieR
Job 139: 1/400
Job 139: 2/400
Job 139: 3/400
Job 139: 4/400
Job 139: 5/400
Job 139: 6/400
Job 139: 7/400
Job 139: 8/400
Job 139: 9/400
Job 139: 10/400
Job 139: 11/400
Job 139: 12/400
Job 139: 13/400
Job 139: 14/400
Job 139: 15/400
Job 139: 16/400
Job 139: 17/400
Job 139: 18/400
Job 139: 19/400
Job 139: 20/400
Job 139: 21/400
Job 139: 22/400
Job 139: 23/400
Job 139: 24/400
Job 139: 25/400
Job 139: 26/400
Job 139: 27/400
Job 139: 28/400
Job 139: 29/400
Job 139: 30/400
Job 139: 31/400
Job 139: 32/400
Job 139: 33/400
Job 139: 34/400
Job 139: 35/400
Job 139: 36/400
Job 139: 37/400
Job 139: 38/400
Job 139: 39/400
Job 139: 40/400
Job 139: 41/400
Job 139: 42/400
Job 139: 43/400
Job 139: 44/400
Job 139: 45/400
Job 139: 46/400
Job 139: 47/400
Job 139: 48/400
Job 139: 49/400
Job 139: 50/400
Job 139: 51/400
Job 139: 52/400
Job 139: 53/400
Job 139: 54/400
Job 139: 55/400
Job 139: 56/400
Job 139: 57/400
Job 139: 58/400
Job 139: 59/400
Job 139: 60/400
Job 139: 61/400
Job 139: 62/400
Job 139: 63/400
Job 139: 64/400
Job 139: 65/400
Job 139: 66/400
Job 139: 67/400
Job 139: 68/400
Job 139: 69/400
Job 139: 70/400
Job 139: 71/400
Job 139: 72/400
Job 139: 73/400
Job 139: 74/400
Job 139: 75/400
Job 139: 76/400
Job 139: 77/400
Job 139: 78/400
Job 139: 79/400
Job 139: 80/400
Job 139: 81/400
Job 139: 82/400
Job 139: 83/400
Job 139: 84/400
Job 139: 85/400
Job 139: 86/400
Job 139: 87/400
Job 139: 88/400
Job 139: 89/400
Job 139: 90/400
Job 139: 91/400
Job 139: 92/400
Job 139: 93/400
Job 139: 94/400
Job 139: 95/400
Job 139: 96/400
Job 139: 97/400
Job 139: 98/400
Job 139: 99/400
Job 139: 100/400
Job 139: 101/400
Job 139: 102/400
Job 139: 103/400
Job 139: 104/400
Job 139: 105/400
Job 139: 106/400
Job 139: 107/400
Job 139: 108/400
Job 139: 109/400
Job 139: 110/400
Job 139: 111/400
Job 139: 112/400
Job 139: 113/400
Job 139: 114/400
Job 139: 115/400
Job 139: 116/400
Job 139: 117/400
Job 139: 118/400
Job 139: 119/400
Job 139: 120/400
Job 139: 121/400
Job 139: 122/400
Job 139: 123/400
Job 139: 124/400
Job 139: 125/400
Job 139: 126/400
Job 139: 127/400
Job 139: 128/400
Job 139: 129/400
Job 139: 130/400
Job 139: 131/400
Job 139: 132/400
Job 139: 133/400
Job 139: 134/400
Job 139: 135/400
Job 139: 136/400
Job 139: 137/400
Job 139: 138/400
Job 139: 139/400
Job 139: 140/400
Job 139: 141/400
Job 139: 142/400
Job 139: 143/400
Job 139: 144/400
Job 139: 145/400
Job 139: 146/400
Job 139: 147/400
Job 139: 148/400
Job 139: 149/400
Job 139: 150/400
Job 139: 151/400
Job 139: 152/400
Job 139: 153/400
Job 139: 154/400
Job 139: 155/400
Job 139: 156/400
Job 139: 157/400
Job 139: 158/400
Job 139: 159/400
Job 139: 160/400
Job 139: 161/400
Job 139: 162/400
Job 139: 163/400
Job 139: 164/400
Job 139: 165/400
Job 139: 166/400
Job 139: 167/400
Job 139: 168/400
Job 139: 169/400
Job 139: 170/400
Job 139: 171/400
Job 139: 172/400
Job 139: 173/400
Job 139: 174/400
Job 139: 175/400
Job 139: 176/400
Job 139: 177/400
Job 139: 178/400
Job 139: 179/400
Job 139: 180/400
Job 139: 181/400
Job 139: 182/400
Job 139: 183/400
Job 139: 184/400
Job 139: 185/400
Job 139: 186/400
Job 139: 187/400
Job 139: 188/400
Job 139: 189/400
Job 139: 190/400
Job 139: 191/400
Job 139: 192/400
Job 139: 193/400
Job 139: 194/400
Job 139: 195/400
Job 139: 196/400
Job 139: 197/400
Job 139: 198/400
Job 139: 199/400
Job 139: 200/400
Job 139: 201/400
Job 139: 202/400
Job 139: 203/400
Job 139: 204/400
Job 139: 205/400
Job 139: 206/400
Job 139: 207/400
Job 139: 208/400
Job 139: 209/400
Job 139: 210/400
Job 139: 211/400
Job 139: 212/400
Job 139: 213/400
Job 139: 214/400
Job 139: 215/400
Job 139: 216/400
Job 139: 217/400
Job 139: 218/400
Job 139: 219/400
Job 139: 220/400
Job 139: 221/400
Job 139: 222/400
Job 139: 223/400
Job 139: 224/400
Job 139: 225/400
Job 139: 226/400
Job 139: 227/400
Job 139: 228/400
Job 139: 229/400
Job 139: 230/400
Job 139: 231/400
Job 139: 232/400
Job 139: 233/400
Job 139: 234/400
Job 139: 235/400
Job 139: 236/400
Job 139: 237/400
Job 139: 238/400
Job 139: 239/400
Job 139: 240/400
Job 139: 241/400
Job 139: 242/400
Job 139: 243/400
Job 139: 244/400
Job 139: 245/400
Job 139: 246/400
Job 139: 247/400
Job 139: 248/400
Job 139: 249/400
Job 139: 250/400
Job 139: 251/400
Job 139: 252/400
Job 139: 253/400
Job 139: 254/400
Job 139: 255/400
Job 139: 256/400
Job 139: 257/400
Job 139: 258/400
Job 139: 259/400
Job 139: 260/400
Job 139: 261/400
Job 139: 262/400
Job 139: 263/400
Job 139: 264/400
Job 139: 265/400
Job 139: 266/400
Job 139: 267/400
Job 139: 268/400
Job 139: 269/400
Job 139: 270/400
Job 139: 271/400
Job 139: 272/400
Job 139: 273/400
Job 139: 274/400
Job 139: 275/400
Job 139: 276/400
Job 139: 277/400
Job 139: 278/400
Job 139: 279/400
Job 139: 280/400
Job 139: 281/400
Job 139: 282/400
Job 139: 283/400
Job 139: 284/400
Job 139: 285/400
Job 139: 286/400
Job 139: 287/400
Job 139: 288/400
Job 139: 289/400
Job 139: 290/400
Job 139: 291/400
Job 139: 292/400
Job 139: 293/400
Job 139: 294/400
Job 139: 295/400
Job 139: 296/400
Job 139: 297/400
Job 139: 298/400
Job 139: 299/400
Job 139: 300/400
Job 139: 301/400
Job 139: 302/400
Job 139: 303/400
Job 139: 304/400
Job 139: 305/400
Job 139: 306/400
Job 139: 307/400
Job 139: 308/400
Job 139: 309/400
Job 139: 310/400
Job 139: 311/400
Job 139: 312/400
Job 139: 313/400
Job 139: 314/400
Job 139: 315/400
Job 139: 316/400
Job 139: 317/400
Job 139: 318/400
Job 139: 319/400
Job 139: 320/400
Job 139: 321/400
Job 139: 322/400
Job 139: 323/400
Job 139: 324/400
Job 139: 325/400
Job 139: 326/400
Job 139: 327/400
Job 139: 328/400
Job 139: 329/400
Job 139: 330/400
Job 139: 331/400
Job 139: 332/400
Job 139: 333/400
Job 139: 334/400
Job 139: 335/400
Job 139: 336/400
Job 139: 337/400
Job 139: 338/400
Job 139: 339/400
Job 139: 340/400
Job 139: 341/400
Job 139: 342/400
Job 139: 343/400
Job 139: 344/400
Job 139: 345/400
Job 139: 346/400
Job 139: 347/400
Job 139: 348/400
Job 139: 349/400
Job 139: 350/400
Job 139: 351/400
Job 139: 352/400
Job 139: 353/400
Job 139: 354/400
Job 139: 355/400
Job 139: 356/400
Job 139: 357/400
Job 139: 358/400
Job 139: 359/400
Job 139: 360/400
Job 139: 361/400
Job 139: 362/400
Job 139: 363/400
Job 139: 364/400
Job 139: 365/400
Job 139: 366/400
Job 139: 367/400
Job 139: 368/400
Job 139: 369/400
Job 139: 370/400
Job 139: 371/400
Job 139: 372/400
Job 139: 373/400
Job 139: 374/400
Job 139: 375/400
Job 139: 376/400
Job 139: 377/400
Job 139: 378/400
Job 139: 379/400
Job 139: 380/400
Job 139: 381/400
Job 139: 382/400
Job 139: 383/400
Job 139: 384/400
Job 139: 385/400
Job 139: 386/400
Job 139: 387/400
Job 139: 388/400
Job 139: 389/400
Job 139: 390/400
Job 139: 391/400
Job 139: 392/400
Job 139: 393/400
Job 139: 394/400
Job 139: 395/400
Job 139: 396/400
Job 139: 397/400
Job 139: 398/400
Job 139: 399/400
Job 139: 400/400
