Registered S3 methods overwritten by 'susieSlide':
  method              from  
  coef.susie          susieR
  predict.susie       susieR
  print.summary.susie susieR
  summary.susie       susieR
Job 392: 1/400
Job 392: 2/400
Job 392: 3/400
Job 392: 4/400
Job 392: 5/400
Job 392: 6/400
Job 392: 7/400
Job 392: 8/400
Job 392: 9/400
Job 392: 10/400
Job 392: 11/400
Job 392: 12/400
Job 392: 13/400
Job 392: 14/400
Job 392: 15/400
Job 392: 16/400
Job 392: 17/400
Job 392: 18/400
Job 392: 19/400
Job 392: 20/400
Job 392: 21/400
Job 392: 22/400
Job 392: 23/400
Job 392: 24/400
Job 392: 25/400
Job 392: 26/400
Job 392: 27/400
Job 392: 28/400
Job 392: 29/400
Job 392: 30/400
Job 392: 31/400
Job 392: 32/400
Job 392: 33/400
Job 392: 34/400
Job 392: 35/400
Job 392: 36/400
Job 392: 37/400
Job 392: 38/400
Job 392: 39/400
Job 392: 40/400
Job 392: 41/400
Job 392: 42/400
Job 392: 43/400
Job 392: 44/400
Job 392: 45/400
Job 392: 46/400
Job 392: 47/400
Job 392: 48/400
Job 392: 49/400
Job 392: 50/400
Job 392: 51/400
Job 392: 52/400
Job 392: 53/400
Job 392: 54/400
Job 392: 55/400
Job 392: 56/400
Job 392: 57/400
Job 392: 58/400
Job 392: 59/400
Job 392: 60/400
Job 392: 61/400
Job 392: 62/400
Job 392: 63/400
Job 392: 64/400
Job 392: 65/400
Job 392: 66/400
Job 392: 67/400
Job 392: 68/400
Job 392: 69/400
Job 392: 70/400
Job 392: 71/400
Job 392: 72/400
Job 392: 73/400
Job 392: 74/400
Job 392: 75/400
Job 392: 76/400
Job 392: 77/400
Job 392: 78/400
Job 392: 79/400
Job 392: 80/400
Job 392: 81/400
Job 392: 82/400
Job 392: 83/400
Job 392: 84/400
Job 392: 85/400
Job 392: 86/400
Job 392: 87/400
Job 392: 88/400
Job 392: 89/400
Job 392: 90/400
Job 392: 91/400
Job 392: 92/400
Job 392: 93/400
Job 392: 94/400
Job 392: 95/400
Job 392: 96/400
Job 392: 97/400
Job 392: 98/400
Job 392: 99/400
Job 392: 100/400
Job 392: 101/400
Job 392: 102/400
Job 392: 103/400
Job 392: 104/400
Job 392: 105/400
Job 392: 106/400
Job 392: 107/400
Job 392: 108/400
Job 392: 109/400
Job 392: 110/400
Job 392: 111/400
Job 392: 112/400
Job 392: 113/400
Job 392: 114/400
Job 392: 115/400
Job 392: 116/400
Job 392: 117/400
Job 392: 118/400
Job 392: 119/400
Job 392: 120/400
Job 392: 121/400
Job 392: 122/400
Job 392: 123/400
Job 392: 124/400
Job 392: 125/400
Job 392: 126/400
Job 392: 127/400
Job 392: 128/400
Job 392: 129/400
Job 392: 130/400
Job 392: 131/400
Job 392: 132/400
Job 392: 133/400
Job 392: 134/400
Job 392: 135/400
Job 392: 136/400
Job 392: 137/400
Job 392: 138/400
Job 392: 139/400
Job 392: 140/400
Job 392: 141/400
Job 392: 142/400
Job 392: 143/400
Job 392: 144/400
Job 392: 145/400
Job 392: 146/400
Job 392: 147/400
Job 392: 148/400
Job 392: 149/400
Job 392: 150/400
Job 392: 151/400
Job 392: 152/400
Job 392: 153/400
Job 392: 154/400
Job 392: 155/400
Job 392: 156/400
Job 392: 157/400
Job 392: 158/400
Job 392: 159/400
Job 392: 160/400
Job 392: 161/400
Job 392: 162/400
Job 392: 163/400
Job 392: 164/400
Job 392: 165/400
Job 392: 166/400
Job 392: 167/400
Job 392: 168/400
Job 392: 169/400
Job 392: 170/400
Job 392: 171/400
Job 392: 172/400
Job 392: 173/400
Job 392: 174/400
Job 392: 175/400
Job 392: 176/400
Job 392: 177/400
Job 392: 178/400
Job 392: 179/400
Job 392: 180/400
Job 392: 181/400
Job 392: 182/400
Job 392: 183/400
Job 392: 184/400
Job 392: 185/400
Job 392: 186/400
Job 392: 187/400
Job 392: 188/400
Job 392: 189/400
Job 392: 190/400
Job 392: 191/400
Job 392: 192/400
Job 392: 193/400
Job 392: 194/400
Job 392: 195/400
Job 392: 196/400
Job 392: 197/400
Job 392: 198/400
Job 392: 199/400
Job 392: 200/400
Job 392: 201/400
Job 392: 202/400
Job 392: 203/400
Job 392: 204/400
Job 392: 205/400
Job 392: 206/400
Job 392: 207/400
Job 392: 208/400
Job 392: 209/400
Job 392: 210/400
Job 392: 211/400
Job 392: 212/400
Job 392: 213/400
Job 392: 214/400
Job 392: 215/400
Job 392: 216/400
Job 392: 217/400
Job 392: 218/400
Job 392: 219/400
Job 392: 220/400
Job 392: 221/400
Job 392: 222/400
Job 392: 223/400
Job 392: 224/400
Job 392: 225/400
Job 392: 226/400
Job 392: 227/400
Job 392: 228/400
Job 392: 229/400
Job 392: 230/400
Job 392: 231/400
Job 392: 232/400
Job 392: 233/400
Job 392: 234/400
Job 392: 235/400
Job 392: 236/400
Job 392: 237/400
Job 392: 238/400
Job 392: 239/400
Job 392: 240/400
Job 392: 241/400
Job 392: 242/400
Job 392: 243/400
Job 392: 244/400
Job 392: 245/400
Job 392: 246/400
Job 392: 247/400
Job 392: 248/400
Job 392: 249/400
Job 392: 250/400
Job 392: 251/400
Job 392: 252/400
Job 392: 253/400
Job 392: 254/400
Job 392: 255/400
Job 392: 256/400
Job 392: 257/400
Job 392: 258/400
Job 392: 259/400
Job 392: 260/400
Job 392: 261/400
Job 392: 262/400
Job 392: 263/400
Job 392: 264/400
Job 392: 265/400
Job 392: 266/400
Job 392: 267/400
Job 392: 268/400
Job 392: 269/400
Job 392: 270/400
Job 392: 271/400
Job 392: 272/400
Job 392: 273/400
Job 392: 274/400
Job 392: 275/400
Job 392: 276/400
Job 392: 277/400
Job 392: 278/400
Job 392: 279/400
Job 392: 280/400
Job 392: 281/400
Job 392: 282/400
Job 392: 283/400
Job 392: 284/400
Job 392: 285/400
Job 392: 286/400
Job 392: 287/400
Job 392: 288/400
Job 392: 289/400
Job 392: 290/400
Job 392: 291/400
Job 392: 292/400
Job 392: 293/400
Job 392: 294/400
Job 392: 295/400
Job 392: 296/400
Job 392: 297/400
Job 392: 298/400
Job 392: 299/400
Job 392: 300/400
Job 392: 301/400
Job 392: 302/400
Job 392: 303/400
Job 392: 304/400
Job 392: 305/400
Job 392: 306/400
Job 392: 307/400
Job 392: 308/400
Job 392: 309/400
Job 392: 310/400
Job 392: 311/400
Job 392: 312/400
Job 392: 313/400
Job 392: 314/400
Job 392: 315/400
Job 392: 316/400
Job 392: 317/400
Job 392: 318/400
Job 392: 319/400
Job 392: 320/400
Job 392: 321/400
Job 392: 322/400
Job 392: 323/400
Job 392: 324/400
Job 392: 325/400
Job 392: 326/400
Job 392: 327/400
Job 392: 328/400
Job 392: 329/400
Job 392: 330/400
Job 392: 331/400
Job 392: 332/400
Job 392: 333/400
Job 392: 334/400
Job 392: 335/400
Job 392: 336/400
Job 392: 337/400
Job 392: 338/400
Job 392: 339/400
Job 392: 340/400
Job 392: 341/400
Job 392: 342/400
Job 392: 343/400
Job 392: 344/400
Job 392: 345/400
Job 392: 346/400
Job 392: 347/400
Job 392: 348/400
Job 392: 349/400
Job 392: 350/400
Job 392: 351/400
Job 392: 352/400
Job 392: 353/400
Job 392: 354/400
Job 392: 355/400
Job 392: 356/400
Job 392: 357/400
Job 392: 358/400
Job 392: 359/400
Job 392: 360/400
Job 392: 361/400
Job 392: 362/400
Job 392: 363/400
Job 392: 364/400
Job 392: 365/400
Job 392: 366/400
Job 392: 367/400
Job 392: 368/400
Job 392: 369/400
Job 392: 370/400
Job 392: 371/400
Job 392: 372/400
Job 392: 373/400
Job 392: 374/400
Job 392: 375/400
Job 392: 376/400
Job 392: 377/400
Job 392: 378/400
Job 392: 379/400
Job 392: 380/400
Job 392: 381/400
Job 392: 382/400
Job 392: 383/400
Job 392: 384/400
Job 392: 385/400
Job 392: 386/400
Job 392: 387/400
Job 392: 388/400
Job 392: 389/400
Job 392: 390/400
Job 392: 391/400
Job 392: 392/400
Job 392: 393/400
Job 392: 394/400
Job 392: 395/400
Job 392: 396/400
Job 392: 397/400
Job 392: 398/400
Job 392: 399/400
Job 392: 400/400
