Registered S3 methods overwritten by 'susieSlide':
  method              from  
  coef.susie          susieR
  predict.susie       susieR
  print.summary.susie susieR
  summary.susie       susieR
Job 418: 1/400
Job 418: 2/400
Job 418: 3/400
Job 418: 4/400
Job 418: 5/400
Job 418: 6/400
Job 418: 7/400
Job 418: 8/400
Job 418: 9/400
Job 418: 10/400
Job 418: 11/400
Job 418: 12/400
Job 418: 13/400
Job 418: 14/400
Job 418: 15/400
Job 418: 16/400
Job 418: 17/400
Job 418: 18/400
Job 418: 19/400
Job 418: 20/400
Job 418: 21/400
Job 418: 22/400
Job 418: 23/400
Job 418: 24/400
Job 418: 25/400
Job 418: 26/400
Job 418: 27/400
Job 418: 28/400
Job 418: 29/400
Job 418: 30/400
Job 418: 31/400
Job 418: 32/400
Job 418: 33/400
Job 418: 34/400
Job 418: 35/400
Job 418: 36/400
Job 418: 37/400
Job 418: 38/400
Job 418: 39/400
Job 418: 40/400
Job 418: 41/400
Job 418: 42/400
Job 418: 43/400
Job 418: 44/400
Job 418: 45/400
Job 418: 46/400
Job 418: 47/400
Job 418: 48/400
Job 418: 49/400
Job 418: 50/400
Job 418: 51/400
Job 418: 52/400
Job 418: 53/400
Job 418: 54/400
Job 418: 55/400
Job 418: 56/400
Job 418: 57/400
Job 418: 58/400
Job 418: 59/400
Job 418: 60/400
Job 418: 61/400
Job 418: 62/400
Job 418: 63/400
Job 418: 64/400
Job 418: 65/400
Job 418: 66/400
Job 418: 67/400
Job 418: 68/400
Job 418: 69/400
Job 418: 70/400
Job 418: 71/400
Job 418: 72/400
Job 418: 73/400
Job 418: 74/400
Job 418: 75/400
Job 418: 76/400
Job 418: 77/400
Job 418: 78/400
Job 418: 79/400
Job 418: 80/400
Job 418: 81/400
Job 418: 82/400
Job 418: 83/400
Job 418: 84/400
Job 418: 85/400
Job 418: 86/400
Job 418: 87/400
Job 418: 88/400
Job 418: 89/400
Job 418: 90/400
Job 418: 91/400
Job 418: 92/400
Job 418: 93/400
Job 418: 94/400
Job 418: 95/400
Job 418: 96/400
Job 418: 97/400
Job 418: 98/400
Job 418: 99/400
Job 418: 100/400
Job 418: 101/400
Job 418: 102/400
Job 418: 103/400
Job 418: 104/400
Job 418: 105/400
Job 418: 106/400
Job 418: 107/400
Job 418: 108/400
Job 418: 109/400
Job 418: 110/400
Job 418: 111/400
Job 418: 112/400
Job 418: 113/400
Job 418: 114/400
Job 418: 115/400
Job 418: 116/400
Job 418: 117/400
Job 418: 118/400
Job 418: 119/400
Job 418: 120/400
Job 418: 121/400
Job 418: 122/400
Job 418: 123/400
Job 418: 124/400
Job 418: 125/400
Job 418: 126/400
Job 418: 127/400
Job 418: 128/400
Job 418: 129/400
Job 418: 130/400
Job 418: 131/400
Job 418: 132/400
Job 418: 133/400
Job 418: 134/400
Job 418: 135/400
Job 418: 136/400
Job 418: 137/400
Job 418: 138/400
Job 418: 139/400
Job 418: 140/400
Job 418: 141/400
Job 418: 142/400
Job 418: 143/400
Job 418: 144/400
Job 418: 145/400
Job 418: 146/400
Job 418: 147/400
Job 418: 148/400
Job 418: 149/400
Job 418: 150/400
Job 418: 151/400
Job 418: 152/400
Job 418: 153/400
Job 418: 154/400
Job 418: 155/400
Job 418: 156/400
Job 418: 157/400
Job 418: 158/400
Job 418: 159/400
Job 418: 160/400
Job 418: 161/400
Job 418: 162/400
Job 418: 163/400
Job 418: 164/400
Job 418: 165/400
Job 418: 166/400
Job 418: 167/400
Job 418: 168/400
Job 418: 169/400
Job 418: 170/400
Job 418: 171/400
Job 418: 172/400
Job 418: 173/400
Job 418: 174/400
Job 418: 175/400
Job 418: 176/400
Job 418: 177/400
Job 418: 178/400
Job 418: 179/400
Job 418: 180/400
Job 418: 181/400
Job 418: 182/400
Job 418: 183/400
Job 418: 184/400
Job 418: 185/400
Job 418: 186/400
Job 418: 187/400
Job 418: 188/400
Job 418: 189/400
Job 418: 190/400
Job 418: 191/400
Job 418: 192/400
Job 418: 193/400
Job 418: 194/400
Job 418: 195/400
Job 418: 196/400
Job 418: 197/400
Job 418: 198/400
Job 418: 199/400
Job 418: 200/400
Job 418: 201/400
Job 418: 202/400
Job 418: 203/400
Job 418: 204/400
Job 418: 205/400
Job 418: 206/400
Job 418: 207/400
Job 418: 208/400
Job 418: 209/400
Job 418: 210/400
Job 418: 211/400
Job 418: 212/400
Job 418: 213/400
Job 418: 214/400
Job 418: 215/400
Job 418: 216/400
Job 418: 217/400
Job 418: 218/400
Job 418: 219/400
Job 418: 220/400
Job 418: 221/400
Job 418: 222/400
Job 418: 223/400
Job 418: 224/400
Job 418: 225/400
Job 418: 226/400
Job 418: 227/400
Job 418: 228/400
Job 418: 229/400
Job 418: 230/400
Job 418: 231/400
Job 418: 232/400
Job 418: 233/400
Job 418: 234/400
Job 418: 235/400
Job 418: 236/400
Job 418: 237/400
Job 418: 238/400
Job 418: 239/400
Job 418: 240/400
Job 418: 241/400
Job 418: 242/400
Job 418: 243/400
Job 418: 244/400
Job 418: 245/400
Job 418: 246/400
Job 418: 247/400
Job 418: 248/400
Job 418: 249/400
Job 418: 250/400
Job 418: 251/400
Job 418: 252/400
Job 418: 253/400
Job 418: 254/400
Job 418: 255/400
Job 418: 256/400
Job 418: 257/400
Job 418: 258/400
Job 418: 259/400
Job 418: 260/400
Job 418: 261/400
Job 418: 262/400
Job 418: 263/400
Job 418: 264/400
Job 418: 265/400
Job 418: 266/400
Job 418: 267/400
Job 418: 268/400
Job 418: 269/400
Job 418: 270/400
Job 418: 271/400
Job 418: 272/400
Job 418: 273/400
Job 418: 274/400
Job 418: 275/400
Job 418: 276/400
Job 418: 277/400
Job 418: 278/400
Job 418: 279/400
Job 418: 280/400
Job 418: 281/400
Job 418: 282/400
Job 418: 283/400
Job 418: 284/400
Job 418: 285/400
Job 418: 286/400
Job 418: 287/400
Job 418: 288/400
Job 418: 289/400
Job 418: 290/400
Job 418: 291/400
Job 418: 292/400
Job 418: 293/400
Job 418: 294/400
Job 418: 295/400
Job 418: 296/400
Job 418: 297/400
Job 418: 298/400
Job 418: 299/400
Job 418: 300/400
Job 418: 301/400
Job 418: 302/400
Job 418: 303/400
Job 418: 304/400
Job 418: 305/400
Job 418: 306/400
Job 418: 307/400
Job 418: 308/400
Job 418: 309/400
Job 418: 310/400
Job 418: 311/400
Job 418: 312/400
Job 418: 313/400
Job 418: 314/400
Job 418: 315/400
Job 418: 316/400
Job 418: 317/400
Job 418: 318/400
Job 418: 319/400
Job 418: 320/400
Job 418: 321/400
Job 418: 322/400
Job 418: 323/400
Job 418: 324/400
Job 418: 325/400
Job 418: 326/400
Job 418: 327/400
Job 418: 328/400
Job 418: 329/400
Job 418: 330/400
Job 418: 331/400
Job 418: 332/400
Job 418: 333/400
Job 418: 334/400
Job 418: 335/400
Job 418: 336/400
Job 418: 337/400
Job 418: 338/400
Job 418: 339/400
Job 418: 340/400
Job 418: 341/400
Job 418: 342/400
Job 418: 343/400
Job 418: 344/400
Job 418: 345/400
Job 418: 346/400
Job 418: 347/400
Job 418: 348/400
Job 418: 349/400
Job 418: 350/400
Job 418: 351/400
Job 418: 352/400
Job 418: 353/400
Job 418: 354/400
Job 418: 355/400
Job 418: 356/400
Job 418: 357/400
Job 418: 358/400
Job 418: 359/400
Job 418: 360/400
Job 418: 361/400
Job 418: 362/400
Job 418: 363/400
Job 418: 364/400
Job 418: 365/400
Job 418: 366/400
Job 418: 367/400
Job 418: 368/400
Job 418: 369/400
Job 418: 370/400
Job 418: 371/400
Job 418: 372/400
Job 418: 373/400
Job 418: 374/400
Job 418: 375/400
Job 418: 376/400
Job 418: 377/400
Job 418: 378/400
Job 418: 379/400
Job 418: 380/400
Job 418: 381/400
Job 418: 382/400
Job 418: 383/400
Job 418: 384/400
Job 418: 385/400
Job 418: 386/400
Job 418: 387/400
Job 418: 388/400
Job 418: 389/400
Job 418: 390/400
Job 418: 391/400
Job 418: 392/400
Job 418: 393/400
Job 418: 394/400
Job 418: 395/400
Job 418: 396/400
Job 418: 397/400
Job 418: 398/400
Job 418: 399/400
Job 418: 400/400
