Registered S3 methods overwritten by 'susieSlide':
  method              from  
  coef.susie          susieR
  predict.susie       susieR
  print.summary.susie susieR
  summary.susie       susieR
Job 647: 1/400
Job 647: 2/400
Job 647: 3/400
Job 647: 4/400
Job 647: 5/400
Job 647: 6/400
Job 647: 7/400
Job 647: 8/400
Job 647: 9/400
Job 647: 10/400
Job 647: 11/400
Job 647: 12/400
Job 647: 13/400
Job 647: 14/400
Job 647: 15/400
Job 647: 16/400
Job 647: 17/400
Job 647: 18/400
Job 647: 19/400
Job 647: 20/400
Job 647: 21/400
Job 647: 22/400 ERROR: No .raw files found in temp_dir.
Job 647: 23/400 ERROR: No .raw files found in temp_dir.
Job 647: 24/400 ERROR: No .raw files found in temp_dir.
Job 647: 25/400 ERROR: No .raw files found in temp_dir.
Job 647: 26/400 ERROR: No .raw files found in temp_dir.
Job 647: 27/400 ERROR: No .raw files found in temp_dir.
Job 647: 28/400 ERROR: No .raw files found in temp_dir.
Job 647: 29/400 ERROR: No .raw files found in temp_dir.
Job 647: 30/400 ERROR: No .raw files found in temp_dir.
Job 647: 31/400 ERROR: No .raw files found in temp_dir.
Job 647: 32/400 ERROR: No .raw files found in temp_dir.
Job 647: 33/400 ERROR: No .raw files found in temp_dir.
Job 647: 34/400 ERROR: No .raw files found in temp_dir.
Job 647: 35/400 ERROR: No .raw files found in temp_dir.
Job 647: 36/400 ERROR: No .raw files found in temp_dir.
Job 647: 37/400 ERROR: No .raw files found in temp_dir.
Job 647: 38/400 ERROR: No .raw files found in temp_dir.
Job 647: 39/400 ERROR: No .raw files found in temp_dir.
Job 647: 40/400 ERROR: No .raw files found in temp_dir.
Job 647: 41/400 ERROR: No .raw files found in temp_dir.
Job 647: 42/400 ERROR: No .raw files found in temp_dir.
Job 647: 43/400 ERROR: No .raw files found in temp_dir.
Job 647: 44/400 ERROR: No .raw files found in temp_dir.
Job 647: 45/400 ERROR: No .raw files found in temp_dir.
Job 647: 46/400 ERROR: No .raw files found in temp_dir.
Job 647: 47/400 ERROR: No .raw files found in temp_dir.
Job 647: 48/400 ERROR: No .raw files found in temp_dir.
Job 647: 49/400 ERROR: No .raw files found in temp_dir.
Job 647: 50/400 ERROR: No .raw files found in temp_dir.
Job 647: 51/400 ERROR: No .raw files found in temp_dir.
Job 647: 52/400 ERROR: No .raw files found in temp_dir.
Job 647: 53/400 ERROR: No .raw files found in temp_dir.
Job 647: 54/400 ERROR: No .raw files found in temp_dir.
Job 647: 55/400 ERROR: No .raw files found in temp_dir.
Job 647: 56/400 ERROR: No .raw files found in temp_dir.
Job 647: 57/400 ERROR: No .raw files found in temp_dir.
Job 647: 58/400 ERROR: No .raw files found in temp_dir.
Job 647: 59/400 ERROR: No .raw files found in temp_dir.
Job 647: 60/400 ERROR: No .raw files found in temp_dir.
Job 647: 61/400 ERROR: No .raw files found in temp_dir.
Job 647: 62/400 ERROR: No .raw files found in temp_dir.
Job 647: 63/400 ERROR: No .raw files found in temp_dir.
Job 647: 64/400 ERROR: No .raw files found in temp_dir.
Job 647: 65/400 ERROR: No .raw files found in temp_dir.
Job 647: 66/400 ERROR: No .raw files found in temp_dir.
Job 647: 67/400 ERROR: No .raw files found in temp_dir.
Job 647: 68/400 ERROR: No .raw files found in temp_dir.
Job 647: 69/400 ERROR: No .raw files found in temp_dir.
Job 647: 70/400 ERROR: No .raw files found in temp_dir.
Job 647: 71/400 ERROR: No .raw files found in temp_dir.
Job 647: 72/400 ERROR: No .raw files found in temp_dir.
Job 647: 73/400 ERROR: No .raw files found in temp_dir.
Job 647: 74/400 ERROR: No .raw files found in temp_dir.
Job 647: 75/400 ERROR: No .raw files found in temp_dir.
Job 647: 76/400 ERROR: No .raw files found in temp_dir.
Job 647: 77/400 ERROR: No .raw files found in temp_dir.
Job 647: 78/400 ERROR: No .raw files found in temp_dir.
Job 647: 79/400 ERROR: No .raw files found in temp_dir.
Job 647: 80/400 ERROR: No .raw files found in temp_dir.
Job 647: 81/400 ERROR: No .raw files found in temp_dir.
Job 647: 82/400 ERROR: No .raw files found in temp_dir.
Job 647: 83/400 ERROR: No .raw files found in temp_dir.
Job 647: 84/400 ERROR: No .raw files found in temp_dir.
Job 647: 85/400 ERROR: No .raw files found in temp_dir.
Job 647: 86/400 ERROR: Not enough donors for the requested n.
Job 647: 87/400
Job 647: 88/400
Job 647: 89/400
Job 647: 90/400
Job 647: 91/400
Job 647: 92/400
Job 647: 93/400
Job 647: 94/400
Job 647: 95/400
Job 647: 96/400
Job 647: 97/400
Job 647: 98/400
Job 647: 99/400
Job 647: 100/400
Job 647: 101/400
Job 647: 102/400
Job 647: 103/400
Job 647: 104/400
Job 647: 105/400
Job 647: 106/400
Job 647: 107/400
Job 647: 108/400
Job 647: 109/400
Job 647: 110/400
Job 647: 111/400
Job 647: 112/400
Job 647: 113/400
Job 647: 114/400 ERROR: No .raw files found in temp_dir.
Job 647: 115/400 ERROR: No .raw files found in temp_dir.
Job 647: 116/400 ERROR: No .raw files found in temp_dir.
Job 647: 117/400 ERROR: No .raw files found in temp_dir.
Job 647: 118/400 ERROR: No .raw files found in temp_dir.
Job 647: 119/400 ERROR: No .raw files found in temp_dir.
Job 647: 120/400 ERROR: No .raw files found in temp_dir.
Job 647: 121/400 ERROR: No .raw files found in temp_dir.
Job 647: 122/400 ERROR: No .raw files found in temp_dir.
Job 647: 123/400 ERROR: No .raw files found in temp_dir.
Job 647: 124/400 ERROR: No .raw files found in temp_dir.
Job 647: 125/400 ERROR: No .raw files found in temp_dir.
Job 647: 126/400 ERROR: No .raw files found in temp_dir.
Job 647: 127/400 ERROR: No .raw files found in temp_dir.
Job 647: 128/400 ERROR: No .raw files found in temp_dir.
Job 647: 129/400 ERROR: No .raw files found in temp_dir.
Job 647: 130/400 ERROR: No .raw files found in temp_dir.
Job 647: 131/400 ERROR: No .raw files found in temp_dir.
Job 647: 132/400 ERROR: No .raw files found in temp_dir.
Job 647: 133/400 ERROR: No .raw files found in temp_dir.
Job 647: 134/400 ERROR: No .raw files found in temp_dir.
Job 647: 135/400 ERROR: No .raw files found in temp_dir.
Job 647: 136/400 ERROR: No .raw files found in temp_dir.
Job 647: 137/400 ERROR: No .raw files found in temp_dir.
Job 647: 138/400 ERROR: No .raw files found in temp_dir.
Job 647: 139/400 ERROR: No .raw files found in temp_dir.
Job 647: 140/400 ERROR: No .raw files found in temp_dir.
Job 647: 141/400 ERROR: No .raw files found in temp_dir.
Job 647: 142/400 ERROR: No .raw files found in temp_dir.
Job 647: 143/400 ERROR: No .raw files found in temp_dir.
Job 647: 144/400 ERROR: No .raw files found in temp_dir.
Job 647: 145/400 ERROR: No .raw files found in temp_dir.
Job 647: 146/400 ERROR: No .raw files found in temp_dir.
Job 647: 147/400 ERROR: No .raw files found in temp_dir.
Job 647: 148/400 ERROR: No .raw files found in temp_dir.
Job 647: 149/400 ERROR: No .raw files found in temp_dir.
Job 647: 150/400 ERROR: No .raw files found in temp_dir.
Job 647: 151/400 ERROR: No .raw files found in temp_dir.
Job 647: 152/400 ERROR: No .raw files found in temp_dir.
Job 647: 153/400 ERROR: No .raw files found in temp_dir.
Job 647: 154/400 ERROR: No .raw files found in temp_dir.
Job 647: 155/400 ERROR: No .raw files found in temp_dir.
Job 647: 156/400 ERROR: No .raw files found in temp_dir.
Job 647: 157/400 ERROR: No .raw files found in temp_dir.
Job 647: 158/400 ERROR: No .raw files found in temp_dir.
Job 647: 159/400 ERROR: No .raw files found in temp_dir.
Job 647: 160/400 ERROR: No .raw files found in temp_dir.
Job 647: 161/400 ERROR: No .raw files found in temp_dir.
Job 647: 162/400 ERROR: No .raw files found in temp_dir.
Job 647: 163/400 ERROR: No .raw files found in temp_dir.
Job 647: 164/400 ERROR: No .raw files found in temp_dir.
Job 647: 165/400 ERROR: No .raw files found in temp_dir.
Job 647: 166/400 ERROR: No .raw files found in temp_dir.
Job 647: 167/400 ERROR: No .raw files found in temp_dir.
Job 647: 168/400 ERROR: No .raw files found in temp_dir.
Job 647: 169/400 ERROR: No .raw files found in temp_dir.
Job 647: 170/400 ERROR: No .raw files found in temp_dir.
Job 647: 171/400 ERROR: No .raw files found in temp_dir.
Job 647: 172/400 ERROR: No .raw files found in temp_dir.
Job 647: 173/400 ERROR: No .raw files found in temp_dir.
Job 647: 174/400 ERROR: No .raw files found in temp_dir.
Job 647: 175/400 ERROR: Not enough donors for the requested n.
Job 647: 176/400
Job 647: 177/400
Job 647: 178/400
Job 647: 179/400
Job 647: 180/400
Job 647: 181/400
Job 647: 182/400
Job 647: 183/400
Job 647: 184/400
Job 647: 185/400
Job 647: 186/400
Job 647: 187/400
Job 647: 188/400
Job 647: 189/400
Job 647: 190/400
Job 647: 191/400
Job 647: 192/400
Job 647: 193/400
Job 647: 194/400
Job 647: 195/400
Job 647: 196/400
Job 647: 197/400
Job 647: 198/400
Job 647: 199/400
Job 647: 200/400
Job 647: 201/400
Job 647: 202/400
Job 647: 203/400
Job 647: 204/400
Job 647: 205/400
Job 647: 206/400 ERROR: No .raw files found in temp_dir.
Job 647: 207/400 ERROR: No .raw files found in temp_dir.
Job 647: 208/400 ERROR: No .raw files found in temp_dir.
Job 647: 209/400 ERROR: No .raw files found in temp_dir.
Job 647: 210/400 ERROR: No .raw files found in temp_dir.
Job 647: 211/400 ERROR: No .raw files found in temp_dir.
Job 647: 212/400 ERROR: No .raw files found in temp_dir.
Job 647: 213/400 ERROR: No .raw files found in temp_dir.
Job 647: 214/400 ERROR: No .raw files found in temp_dir.
Job 647: 215/400 ERROR: No .raw files found in temp_dir.
Job 647: 216/400 ERROR: No .raw files found in temp_dir.
Job 647: 217/400 ERROR: No .raw files found in temp_dir.
Job 647: 218/400 ERROR: No .raw files found in temp_dir.
Job 647: 219/400 ERROR: No .raw files found in temp_dir.
Job 647: 220/400 ERROR: No .raw files found in temp_dir.
Job 647: 221/400 ERROR: No .raw files found in temp_dir.
Job 647: 222/400 ERROR: No .raw files found in temp_dir.
Job 647: 223/400 ERROR: No .raw files found in temp_dir.
Job 647: 224/400 ERROR: No .raw files found in temp_dir.
Job 647: 225/400 ERROR: No .raw files found in temp_dir.
Job 647: 226/400 ERROR: No .raw files found in temp_dir.
Job 647: 227/400 ERROR: No .raw files found in temp_dir.
Job 647: 228/400 ERROR: No .raw files found in temp_dir.
Job 647: 229/400 ERROR: No .raw files found in temp_dir.
Job 647: 230/400 ERROR: No .raw files found in temp_dir.
Job 647: 231/400 ERROR: No .raw files found in temp_dir.
Job 647: 232/400 ERROR: No .raw files found in temp_dir.
Job 647: 233/400 ERROR: No .raw files found in temp_dir.
Job 647: 234/400 ERROR: No .raw files found in temp_dir.
Job 647: 235/400 ERROR: No .raw files found in temp_dir.
Job 647: 236/400 ERROR: No .raw files found in temp_dir.
Job 647: 237/400 ERROR: No .raw files found in temp_dir.
Job 647: 238/400 ERROR: No .raw files found in temp_dir.
Job 647: 239/400 ERROR: No .raw files found in temp_dir.
Job 647: 240/400 ERROR: No .raw files found in temp_dir.
Job 647: 241/400 ERROR: No .raw files found in temp_dir.
Job 647: 242/400 ERROR: No .raw files found in temp_dir.
Job 647: 243/400 ERROR: No .raw files found in temp_dir.
Job 647: 244/400 ERROR: No .raw files found in temp_dir.
Job 647: 245/400 ERROR: No .raw files found in temp_dir.
Job 647: 246/400 ERROR: No .raw files found in temp_dir.
Job 647: 247/400 ERROR: No .raw files found in temp_dir.
Job 647: 248/400 ERROR: No .raw files found in temp_dir.
Job 647: 249/400 ERROR: No .raw files found in temp_dir.
Job 647: 250/400 ERROR: No .raw files found in temp_dir.
Job 647: 251/400 ERROR: No .raw files found in temp_dir.
Job 647: 252/400 ERROR: No .raw files found in temp_dir.
Job 647: 253/400 ERROR: No .raw files found in temp_dir.
Job 647: 254/400 ERROR: No .raw files found in temp_dir.
Job 647: 255/400 ERROR: No .raw files found in temp_dir.
Job 647: 256/400 ERROR: No .raw files found in temp_dir.
Job 647: 257/400 ERROR: No .raw files found in temp_dir.
Job 647: 258/400 ERROR: No .raw files found in temp_dir.
Job 647: 259/400 ERROR: No .raw files found in temp_dir.
Job 647: 260/400 ERROR: No .raw files found in temp_dir.
Job 647: 261/400 ERROR: No .raw files found in temp_dir.
Job 647: 262/400 ERROR: No .raw files found in temp_dir.
Job 647: 263/400 ERROR: No .raw files found in temp_dir.
Job 647: 264/400 ERROR: No .raw files found in temp_dir.
Job 647: 265/400 ERROR: No .raw files found in temp_dir.
Job 647: 266/400 ERROR: No .raw files found in temp_dir.
Job 647: 267/400 ERROR: No .raw files found in temp_dir.
Job 647: 268/400 ERROR: No .raw files found in temp_dir.
Job 647: 269/400 ERROR: No .raw files found in temp_dir.
Job 647: 270/400 ERROR: No .raw files found in temp_dir.
Job 647: 271/400 ERROR: No .raw files found in temp_dir.
Job 647: 272/400 ERROR: No .raw files found in temp_dir.
Job 647: 273/400 ERROR: No .raw files found in temp_dir.
Job 647: 274/400 ERROR: No .raw files found in temp_dir.
Job 647: 275/400 ERROR: No .raw files found in temp_dir.
Job 647: 276/400 ERROR: No .raw files found in temp_dir.
Job 647: 277/400 ERROR: No .raw files found in temp_dir.
Job 647: 278/400 ERROR: No .raw files found in temp_dir.
Job 647: 279/400 ERROR: No .raw files found in temp_dir.
Job 647: 280/400 ERROR: No .raw files found in temp_dir.
Job 647: 281/400 ERROR: No .raw files found in temp_dir.
Job 647: 282/400 ERROR: No .raw files found in temp_dir.
Job 647: 283/400 ERROR: No .raw files found in temp_dir.
Job 647: 284/400 ERROR: No .raw files found in temp_dir.
Job 647: 285/400 ERROR: No .raw files found in temp_dir.
Job 647: 286/400 ERROR: No .raw files found in temp_dir.
Job 647: 287/400 ERROR: No .raw files found in temp_dir.
Job 647: 288/400 ERROR: No .raw files found in temp_dir.
Job 647: 289/400 ERROR: No .raw files found in temp_dir.
Job 647: 290/400 ERROR: No .raw files found in temp_dir.
Job 647: 291/400 ERROR: No .raw files found in temp_dir.
Job 647: 292/400 ERROR: No .raw files found in temp_dir.
Job 647: 293/400 ERROR: No .raw files found in temp_dir.
Job 647: 294/400 ERROR: No .raw files found in temp_dir.
Job 647: 295/400 ERROR: No .raw files found in temp_dir.
Job 647: 296/400 ERROR: No .raw files found in temp_dir.
Job 647: 297/400 ERROR: No .raw files found in temp_dir.
Job 647: 298/400 ERROR: No .raw files found in temp_dir.
Job 647: 299/400 ERROR: No .raw files found in temp_dir.
Job 647: 300/400 ERROR: No .raw files found in temp_dir.
Job 647: 301/400 ERROR: No .raw files found in temp_dir.
Job 647: 302/400 ERROR: No .raw files found in temp_dir.
Job 647: 303/400 ERROR: No .raw files found in temp_dir.
Job 647: 304/400 ERROR: No .raw files found in temp_dir.
Job 647: 305/400 ERROR: No .raw files found in temp_dir.
Job 647: 306/400 ERROR: No .raw files found in temp_dir.
Job 647: 307/400 ERROR: No .raw files found in temp_dir.
Job 647: 308/400 ERROR: No .raw files found in temp_dir.
Job 647: 309/400 ERROR: No .raw files found in temp_dir.
Job 647: 310/400 ERROR: No .raw files found in temp_dir.
Job 647: 311/400 ERROR: No .raw files found in temp_dir.
Job 647: 312/400 ERROR: No .raw files found in temp_dir.
Job 647: 313/400 ERROR: No .raw files found in temp_dir.
Job 647: 314/400 ERROR: No .raw files found in temp_dir.
Job 647: 315/400 ERROR: No .raw files found in temp_dir.
Job 647: 316/400 ERROR: No .raw files found in temp_dir.
Job 647: 317/400 ERROR: No .raw files found in temp_dir.
Job 647: 318/400 ERROR: No .raw files found in temp_dir.
Job 647: 319/400 ERROR: No .raw files found in temp_dir.
Job 647: 320/400 ERROR: No .raw files found in temp_dir.
Job 647: 321/400 ERROR: No .raw files found in temp_dir.
Job 647: 322/400 ERROR: No .raw files found in temp_dir.
Job 647: 323/400 ERROR: No .raw files found in temp_dir.
Job 647: 324/400 ERROR: No .raw files found in temp_dir.
Job 647: 325/400 ERROR: No .raw files found in temp_dir.
Job 647: 326/400 ERROR: No .raw files found in temp_dir.
Job 647: 327/400 ERROR: No .raw files found in temp_dir.
Job 647: 328/400 ERROR: No .raw files found in temp_dir.
Job 647: 329/400 ERROR: No .raw files found in temp_dir.
Job 647: 330/400 ERROR: No .raw files found in temp_dir.
Job 647: 331/400 ERROR: No .raw files found in temp_dir.
Job 647: 332/400 ERROR: No .raw files found in temp_dir.
Job 647: 333/400 ERROR: No .raw files found in temp_dir.
Job 647: 334/400 ERROR: No .raw files found in temp_dir.
Job 647: 335/400 ERROR: No .raw files found in temp_dir.
Job 647: 336/400 ERROR: No .raw files found in temp_dir.
Job 647: 337/400 ERROR: No .raw files found in temp_dir.
Job 647: 338/400 ERROR: No .raw files found in temp_dir.
Job 647: 339/400 ERROR: No .raw files found in temp_dir.
Job 647: 340/400 ERROR: No .raw files found in temp_dir.
Job 647: 341/400 ERROR: No .raw files found in temp_dir.
Job 647: 342/400 ERROR: No .raw files found in temp_dir.
Job 647: 343/400 ERROR: No .raw files found in temp_dir.
Job 647: 344/400 ERROR: No .raw files found in temp_dir.
Job 647: 345/400 ERROR: No .raw files found in temp_dir.
Job 647: 346/400 ERROR: No .raw files found in temp_dir.
Job 647: 347/400 ERROR: No .raw files found in temp_dir.
Job 647: 348/400 ERROR: No .raw files found in temp_dir.
Job 647: 349/400 ERROR: No .raw files found in temp_dir.
Job 647: 350/400 ERROR: No .raw files found in temp_dir.
Job 647: 351/400 ERROR: No .raw files found in temp_dir.
Job 647: 352/400 ERROR: No .raw files found in temp_dir.
Job 647: 353/400 ERROR: No .raw files found in temp_dir.
Job 647: 354/400 ERROR: No .raw files found in temp_dir.
Job 647: 355/400 ERROR: No .raw files found in temp_dir.
Job 647: 356/400 ERROR: No .raw files found in temp_dir.
Job 647: 357/400 ERROR: No .raw files found in temp_dir.
Job 647: 358/400 ERROR: No .raw files found in temp_dir.
Job 647: 359/400 ERROR: No .raw files found in temp_dir.
Job 647: 360/400 ERROR: No .raw files found in temp_dir.
Job 647: 361/400 ERROR: No .raw files found in temp_dir.
Job 647: 362/400 ERROR: No .raw files found in temp_dir.
Job 647: 363/400 ERROR: No .raw files found in temp_dir.
Job 647: 364/400 ERROR: No .raw files found in temp_dir.
Job 647: 365/400 ERROR: No .raw files found in temp_dir.
Job 647: 366/400 ERROR: No .raw files found in temp_dir.
Job 647: 367/400 ERROR: No .raw files found in temp_dir.
Job 647: 368/400 ERROR: No .raw files found in temp_dir.
Job 647: 369/400 ERROR: No .raw files found in temp_dir.
Job 647: 370/400 ERROR: No .raw files found in temp_dir.
Job 647: 371/400 ERROR: No .raw files found in temp_dir.
Job 647: 372/400 ERROR: No .raw files found in temp_dir.
Job 647: 373/400 ERROR: No .raw files found in temp_dir.
Job 647: 374/400 ERROR: No .raw files found in temp_dir.
Job 647: 375/400 ERROR: No .raw files found in temp_dir.
Job 647: 376/400 ERROR: No .raw files found in temp_dir.
Job 647: 377/400 ERROR: No .raw files found in temp_dir.
Job 647: 378/400 ERROR: No .raw files found in temp_dir.
Job 647: 379/400 ERROR: No .raw files found in temp_dir.
Job 647: 380/400 ERROR: No .raw files found in temp_dir.
Job 647: 381/400 ERROR: No .raw files found in temp_dir.
Job 647: 382/400 ERROR: No .raw files found in temp_dir.
Job 647: 383/400 ERROR: No .raw files found in temp_dir.
Job 647: 384/400 ERROR: No .raw files found in temp_dir.
Job 647: 385/400 ERROR: No .raw files found in temp_dir.
Job 647: 386/400 ERROR: No .raw files found in temp_dir.
Job 647: 387/400 ERROR: No .raw files found in temp_dir.
Job 647: 388/400 ERROR: No .raw files found in temp_dir.
Job 647: 389/400 ERROR: No .raw files found in temp_dir.
Job 647: 390/400 ERROR: No .raw files found in temp_dir.
Job 647: 391/400 ERROR: No .raw files found in temp_dir.
Job 647: 392/400 ERROR: No .raw files found in temp_dir.
Job 647: 393/400 ERROR: No .raw files found in temp_dir.
Job 647: 394/400 ERROR: No .raw files found in temp_dir.
Job 647: 395/400 ERROR: No .raw files found in temp_dir.
Job 647: 396/400 ERROR: No .raw files found in temp_dir.
Job 647: 397/400 ERROR: No .raw files found in temp_dir.
Job 647: 398/400 ERROR: No .raw files found in temp_dir.
Job 647: 399/400 ERROR: No .raw files found in temp_dir.
Job 647: 400/400 ERROR: No .raw files found in temp_dir.
Warning messages:
1: In data.table::fread(raw_file, data.table = FALSE) :
  Discarded single-line footer: <<0	GTEX-17JCI	0	0	0	-9	2	2	2	2	2	0	2	2	2	2	2	2	0	2	2	2	2	2	2	2	2	2	2	2	2	2	2	2	0	2	0	2	2	2	0	2	2	0	2	2	2	2	2	2	2	2	2	2	2	2	2	2	2	2	2	0	2	2	2	2	2	2	2	2	2	2	2	2	2	2	2	2	2	0	2	2	2	0	2	2	2	2	2	2	2	2	2	2	2	2	0	2	2	2	2	2	2	2	2	2	2	2	2	2	0	2	2	2	2	2	2	2	2	0	2	2	2	2	2	2	2	2	2	2	2	2	2	2	2	0	2	2	2	2	2	2	2	2	0	2	0	2	0	2	2	2	2	2	2	2	2	2	2	2	2	2	2	2	2	2	2	2	2	2	2	2	2	2	2	2	2	2	2	2	2	2	2	2	2	2	2	2	2	2	2	2	2	2	2	2	2	2	2	2	2	2	2	2	2	2	2	2	2	2	2	2	2	2	2	2	2	2	2	2	2	2	2	2	2	2	2	2	2	2	2	2	2	2	2	2	2	2	2	2	2	2	2	2	2	>>
2: In data.table::fread(raw_file, data.table = FALSE) :
  Discarded single-line footer: <<0	GTEX-14PJO	0	0	0	-9	2	2	0	2	2	2	2	2	2	2	2	2	2	2	2	2	2	2	2	2	2	2	2	0	0	2	2	2	2	2	0	2	2	2	2	0	2	2	2	2	2	2	2	2	2	2	2	2	2	2	2	2	0	2	2	2	2	2	2	2	2	2	2	2	2	2	2	2	2	2	2	2	2	2	2	2	2	0	2	2	2	2	2	2	2	2	2	2	2	2	2	2	2	2	0	2	2	2	2	2	2	2	2	0	2	0	2	2	2	2	2	2	2	2	2	2	2	2	2	2	2	2	2	2	2	1	2	2	2	2	2	2	2	2	2	0	2	2	2	2	2	2	2	2	2	2	2	2	0	2	2	0	2	2	2	2	2	2	2	2	2	2	2	2	0	2	2	2	1	2	2	2	2	2	2	2	2	2	2	2	2	2	2	2	2	2	2	2	0	0	2	2	2	2	2	2	2	2	2	2	2	2	2	2	2	2	2	2	2	2	2	1	2	2	0	2	2	2	2	2	2	2	0	2	2	2	2	2	2	2	2	2	2	1	2	2	1	2	2	>>
