Registered S3 methods overwritten by 'susieSlide':
  method              from  
  coef.susie          susieR
  predict.susie       susieR
  print.summary.susie susieR
  summary.susie       susieR
Job 63: 220/400
Job 63: 221/400
Job 63: 222/400
Job 63: 223/400
Job 63: 224/400
Job 63: 225/400
Job 63: 226/400
Job 63: 227/400
Job 63: 228/400
Job 63: 229/400
Job 63: 230/400
Job 63: 231/400
Job 63: 232/400
Job 63: 233/400
Job 63: 234/400
Job 63: 235/400
Job 63: 236/400
Job 63: 237/400
Job 63: 238/400
Job 63: 239/400
Job 63: 240/400
Job 63: 241/400
Job 63: 242/400
Job 63: 243/400
Job 63: 244/400
Job 63: 245/400
Job 63: 246/400
Job 63: 247/400
Job 63: 248/400
Job 63: 249/400
Job 63: 250/400
Job 63: 251/400
Job 63: 252/400
Job 63: 253/400
Job 63: 254/400
Job 63: 255/400
Job 63: 256/400
Job 63: 257/400
Job 63: 258/400
Job 63: 259/400
Job 63: 260/400
Job 63: 261/400
Job 63: 262/400
Job 63: 263/400
Job 63: 264/400
Job 63: 265/400
Job 63: 266/400
Job 63: 267/400
Job 63: 268/400
Job 63: 269/400
Job 63: 270/400
Job 63: 271/400
Job 63: 272/400
Job 63: 273/400
Job 63: 274/400
Job 63: 275/400
Job 63: 276/400
Job 63: 277/400
Job 63: 278/400
Job 63: 279/400
Job 63: 280/400
Job 63: 281/400
Job 63: 282/400
Job 63: 283/400
Job 63: 284/400
Job 63: 285/400
Job 63: 286/400
Job 63: 287/400
Job 63: 288/400
Job 63: 289/400
Job 63: 290/400
Job 63: 291/400
Job 63: 292/400
Job 63: 293/400
Job 63: 294/400
Job 63: 295/400
Job 63: 296/400
Job 63: 297/400
Job 63: 298/400
Job 63: 299/400
Job 63: 300/400
Job 63: 301/400
Job 63: 302/400
Job 63: 303/400
Job 63: 304/400
Job 63: 305/400
Job 63: 306/400
Job 63: 307/400
Job 63: 308/400
Job 63: 309/400
Job 63: 310/400
Job 63: 311/400
Job 63: 312/400
Job 63: 313/400
Job 63: 314/400
Job 63: 315/400
Job 63: 316/400
Job 63: 317/400
Job 63: 318/400
Job 63: 319/400
Job 63: 320/400
Job 63: 321/400
Job 63: 322/400
Job 63: 323/400
Job 63: 324/400
Job 63: 325/400
Job 63: 326/400
Job 63: 327/400
Job 63: 328/400
Job 63: 329/400
Job 63: 330/400
Job 63: 331/400
Job 63: 332/400
Job 63: 333/400
Job 63: 334/400
Job 63: 335/400
Job 63: 336/400
Job 63: 337/400
Job 63: 338/400
Job 63: 339/400
Job 63: 340/400
Job 63: 341/400
Job 63: 342/400
Job 63: 343/400
Job 63: 344/400
Job 63: 345/400
Job 63: 346/400
Job 63: 347/400
Job 63: 348/400
Job 63: 349/400
Job 63: 350/400
Job 63: 351/400
Job 63: 352/400
Job 63: 353/400
Job 63: 354/400
Job 63: 355/400
Job 63: 356/400
Job 63: 357/400
Job 63: 358/400
Job 63: 359/400
Job 63: 360/400
Job 63: 361/400
Job 63: 362/400
Job 63: 363/400
Job 63: 364/400
Job 63: 365/400
Job 63: 366/400
Job 63: 367/400
Job 63: 368/400
Job 63: 369/400
Job 63: 370/400
Job 63: 371/400
Job 63: 372/400
Job 63: 373/400
Job 63: 374/400
Job 63: 375/400
Job 63: 376/400
Job 63: 377/400
Job 63: 378/400
Job 63: 379/400
Job 63: 380/400
Job 63: 381/400
Job 63: 382/400
Job 63: 383/400
Job 63: 384/400
Job 63: 385/400
Job 63: 386/400
Job 63: 387/400
Job 63: 388/400
Job 63: 389/400
Job 63: 390/400
Job 63: 391/400
Job 63: 392/400
Job 63: 393/400
Job 63: 394/400
Job 63: 395/400
Job 63: 396/400
Job 63: 397/400
Job 63: 398/400
Job 63: 399/400
Job 63: 400/400
