Registered S3 methods overwritten by 'susieSlide':
  method              from  
  coef.susie          susieR
  predict.susie       susieR
  print.summary.susie susieR
  summary.susie       susieR
Job 250: 1/400
Job 250: 2/400
Job 250: 3/400
Job 250: 4/400
Job 250: 5/400
Job 250: 6/400
Job 250: 7/400
Job 250: 8/400
Job 250: 9/400
Job 250: 10/400
Job 250: 11/400
Job 250: 12/400
Job 250: 13/400
Job 250: 14/400
Job 250: 15/400
Job 250: 16/400
Job 250: 17/400
Job 250: 18/400
Job 250: 19/400
Job 250: 20/400
Job 250: 21/400
Job 250: 22/400
Job 250: 23/400
Job 250: 24/400
Job 250: 25/400
Job 250: 26/400
Job 250: 27/400
Job 250: 28/400
Job 250: 29/400
Job 250: 30/400
Job 250: 31/400
Job 250: 32/400
Job 250: 33/400
Job 250: 34/400
Job 250: 35/400
Job 250: 36/400
Job 250: 37/400
Job 250: 38/400
Job 250: 39/400
Job 250: 40/400
Job 250: 41/400
Job 250: 42/400
Job 250: 43/400
Job 250: 44/400
Job 250: 45/400
Job 250: 46/400
Job 250: 47/400
Job 250: 48/400
Job 250: 49/400
Job 250: 50/400
Job 250: 51/400
Job 250: 52/400
Job 250: 53/400
Job 250: 54/400
Job 250: 55/400
Job 250: 56/400
Job 250: 57/400
Job 250: 58/400
Job 250: 59/400
Job 250: 60/400
Job 250: 61/400
Job 250: 62/400
Job 250: 63/400
Job 250: 64/400
Job 250: 65/400
Job 250: 66/400
Job 250: 67/400
Job 250: 68/400
Job 250: 69/400
Job 250: 70/400
Job 250: 71/400
Job 250: 72/400
Job 250: 73/400
Job 250: 74/400
Job 250: 75/400
Job 250: 76/400
Job 250: 77/400
Job 250: 78/400
Job 250: 79/400
Job 250: 80/400
Job 250: 81/400
Job 250: 82/400
Job 250: 83/400
Job 250: 84/400
Job 250: 85/400
Job 250: 86/400
Job 250: 87/400
Job 250: 88/400
Job 250: 89/400
Job 250: 90/400
Job 250: 91/400
Job 250: 92/400
Job 250: 93/400
Job 250: 94/400
Job 250: 95/400
Job 250: 96/400
Job 250: 97/400
Job 250: 98/400
Job 250: 99/400
Job 250: 100/400
Job 250: 101/400
Job 250: 102/400
Job 250: 103/400
Job 250: 104/400
Job 250: 105/400
Job 250: 106/400
Job 250: 107/400
Job 250: 108/400
Job 250: 109/400
Job 250: 110/400
Job 250: 111/400
Job 250: 112/400
Job 250: 113/400
Job 250: 114/400
Job 250: 115/400
Job 250: 116/400
Job 250: 117/400
Job 250: 118/400
Job 250: 119/400
Job 250: 120/400
Job 250: 121/400
Job 250: 122/400
Job 250: 123/400
Job 250: 124/400
Job 250: 125/400
Job 250: 126/400
Job 250: 127/400
Job 250: 128/400
Job 250: 129/400
Job 250: 130/400
Job 250: 131/400
Job 250: 132/400
Job 250: 133/400
Job 250: 134/400
Job 250: 135/400
Job 250: 136/400
Job 250: 137/400
Job 250: 138/400
Job 250: 139/400
Job 250: 140/400
Job 250: 141/400
Job 250: 142/400
Job 250: 143/400
Job 250: 144/400
Job 250: 145/400
Job 250: 146/400
Job 250: 147/400
Job 250: 148/400
Job 250: 149/400
Job 250: 150/400
Job 250: 151/400
Job 250: 152/400
Job 250: 153/400
Job 250: 154/400
Job 250: 155/400
Job 250: 156/400
Job 250: 157/400
Job 250: 158/400
Job 250: 159/400
Job 250: 160/400
Job 250: 161/400
Job 250: 162/400
Job 250: 163/400
Job 250: 164/400
Job 250: 165/400
Job 250: 166/400
Job 250: 167/400
Job 250: 168/400
Job 250: 169/400
Job 250: 170/400
Job 250: 171/400
Job 250: 172/400
Job 250: 173/400
Job 250: 174/400
Job 250: 175/400
Job 250: 176/400
Job 250: 177/400
Job 250: 178/400
Job 250: 179/400
Job 250: 180/400
Job 250: 181/400
Job 250: 182/400
Job 250: 183/400
Job 250: 184/400
Job 250: 185/400
Job 250: 186/400
Job 250: 187/400
Job 250: 188/400
Job 250: 189/400
Job 250: 190/400
Job 250: 191/400
Job 250: 192/400
Job 250: 193/400
Job 250: 194/400
Job 250: 195/400
Job 250: 196/400
Job 250: 197/400
Job 250: 198/400
Job 250: 199/400
Job 250: 200/400
Job 250: 201/400
Job 250: 202/400
Job 250: 203/400
Job 250: 204/400
Job 250: 205/400
Job 250: 206/400
Job 250: 207/400
Job 250: 208/400
Job 250: 209/400
Job 250: 210/400
Job 250: 211/400
Job 250: 212/400
Job 250: 213/400
Job 250: 214/400
Job 250: 215/400
Job 250: 216/400
Job 250: 217/400
Job 250: 218/400
Job 250: 219/400
Job 250: 220/400
Job 250: 221/400
Job 250: 222/400
Job 250: 223/400
Job 250: 224/400
Job 250: 225/400
Job 250: 226/400
Job 250: 227/400
Job 250: 228/400
Job 250: 229/400
Job 250: 230/400
Job 250: 231/400
Job 250: 232/400
Job 250: 233/400
Job 250: 234/400
Job 250: 235/400
Job 250: 236/400
Job 250: 237/400
Job 250: 238/400
Job 250: 239/400
Job 250: 240/400
Job 250: 241/400
Job 250: 242/400
Job 250: 243/400
Job 250: 244/400
Job 250: 245/400
Job 250: 246/400
Job 250: 247/400
Job 250: 248/400
Job 250: 249/400
Job 250: 250/400
Job 250: 251/400
Job 250: 252/400
Job 250: 253/400
Job 250: 254/400
Job 250: 255/400
Job 250: 256/400
Job 250: 257/400
Job 250: 258/400
Job 250: 259/400
Job 250: 260/400
Job 250: 261/400
Job 250: 262/400
Job 250: 263/400
Job 250: 264/400
Job 250: 265/400
Job 250: 266/400
Job 250: 267/400
Job 250: 268/400
Job 250: 269/400
Job 250: 270/400
Job 250: 271/400
Job 250: 272/400
Job 250: 273/400
Job 250: 274/400
Job 250: 275/400
Job 250: 276/400
Job 250: 277/400
Job 250: 278/400
Job 250: 279/400
Job 250: 280/400
Job 250: 281/400
Job 250: 282/400
Job 250: 283/400
Job 250: 284/400
Job 250: 285/400
Job 250: 286/400
Job 250: 287/400
Job 250: 288/400
Job 250: 289/400
Job 250: 290/400
Job 250: 291/400
Job 250: 292/400
Job 250: 293/400
Job 250: 294/400
Job 250: 295/400
Job 250: 296/400
Job 250: 297/400
Job 250: 298/400
Job 250: 299/400
Job 250: 300/400
Job 250: 301/400
Job 250: 302/400
Job 250: 303/400
Job 250: 304/400
Job 250: 305/400
Job 250: 306/400
Job 250: 307/400
Job 250: 308/400
Job 250: 309/400
Job 250: 310/400
Job 250: 311/400
Job 250: 312/400
Job 250: 313/400
Job 250: 314/400
Job 250: 315/400
Job 250: 316/400
Job 250: 317/400
Job 250: 318/400
Job 250: 319/400
Job 250: 320/400
Job 250: 321/400
Job 250: 322/400
Job 250: 323/400
Job 250: 324/400
Job 250: 325/400
Job 250: 326/400
Job 250: 327/400
Job 250: 328/400
Job 250: 329/400
Job 250: 330/400
Job 250: 331/400
Job 250: 332/400
Job 250: 333/400
Job 250: 334/400
Job 250: 335/400
Job 250: 336/400
Job 250: 337/400
Job 250: 338/400
Job 250: 339/400
Job 250: 340/400
Job 250: 341/400
Job 250: 342/400
Job 250: 343/400
Job 250: 344/400
Job 250: 345/400
Job 250: 346/400
Job 250: 347/400
Job 250: 348/400
Job 250: 349/400
Job 250: 350/400
Job 250: 351/400
Job 250: 352/400
Job 250: 353/400
Job 250: 354/400
Job 250: 355/400
Job 250: 356/400
Job 250: 357/400
Job 250: 358/400
Job 250: 359/400
Job 250: 360/400
Job 250: 361/400
Job 250: 362/400
Job 250: 363/400
Job 250: 364/400
Job 250: 365/400
Job 250: 366/400
Job 250: 367/400
Job 250: 368/400
Job 250: 369/400
Job 250: 370/400
Job 250: 371/400
Job 250: 372/400
Job 250: 373/400
Job 250: 374/400
Job 250: 375/400
Job 250: 376/400
Job 250: 377/400
Job 250: 378/400
Job 250: 379/400
Job 250: 380/400
Job 250: 381/400
Job 250: 382/400
Job 250: 383/400
Job 250: 384/400
Job 250: 385/400
Job 250: 386/400
Job 250: 387/400
Job 250: 388/400
Job 250: 389/400
Job 250: 390/400
Job 250: 391/400
Job 250: 392/400
Job 250: 393/400
Job 250: 394/400
Job 250: 395/400
Job 250: 396/400
Job 250: 397/400
Job 250: 398/400
Job 250: 399/400
Job 250: 400/400
