Registered S3 methods overwritten by 'susieSlide':
  method              from  
  coef.susie          susieR
  predict.susie       susieR
  print.summary.susie susieR
  summary.susie       susieR
Job 292: 1/400
Job 292: 2/400
Job 292: 3/400
Job 292: 4/400
Job 292: 5/400
Job 292: 6/400
Job 292: 7/400
Job 292: 8/400
Job 292: 9/400
Job 292: 10/400
Job 292: 11/400
Job 292: 12/400
Job 292: 13/400
Job 292: 14/400
Job 292: 15/400
Job 292: 16/400
Job 292: 17/400
Job 292: 18/400
Job 292: 19/400
Job 292: 20/400
Job 292: 21/400
Job 292: 22/400
Job 292: 23/400
Job 292: 24/400
Job 292: 25/400
Job 292: 26/400
Job 292: 27/400
Job 292: 28/400
Job 292: 29/400
Job 292: 30/400
Job 292: 31/400
Job 292: 32/400
Job 292: 33/400
Job 292: 34/400
Job 292: 35/400
Job 292: 36/400
Job 292: 37/400
Job 292: 38/400
Job 292: 39/400
Job 292: 40/400
Job 292: 41/400
Job 292: 42/400
Job 292: 43/400
Job 292: 44/400
Job 292: 45/400
Job 292: 46/400
Job 292: 47/400
Job 292: 48/400
Job 292: 49/400
Job 292: 50/400
Job 292: 51/400
Job 292: 52/400
Job 292: 53/400
Job 292: 54/400
Job 292: 55/400
Job 292: 56/400
Job 292: 57/400
Job 292: 58/400
Job 292: 59/400
Job 292: 60/400
Job 292: 61/400
Job 292: 62/400
Job 292: 63/400
Job 292: 64/400
Job 292: 65/400
Job 292: 66/400
Job 292: 67/400
Job 292: 68/400
Job 292: 69/400
Job 292: 70/400
Job 292: 71/400
Job 292: 72/400
Job 292: 73/400
Job 292: 74/400
Job 292: 75/400
Job 292: 76/400
Job 292: 77/400
Job 292: 78/400
Job 292: 79/400
Job 292: 80/400
Job 292: 81/400
Job 292: 82/400
Job 292: 83/400
Job 292: 84/400
Job 292: 85/400
Job 292: 86/400
Job 292: 87/400
Job 292: 88/400
Job 292: 89/400
Job 292: 90/400
Job 292: 91/400
Job 292: 92/400
Job 292: 93/400
Job 292: 94/400
Job 292: 95/400
Job 292: 96/400
Job 292: 97/400
Job 292: 98/400
Job 292: 99/400
Job 292: 100/400
Job 292: 101/400
Job 292: 102/400
Job 292: 103/400
Job 292: 104/400
Job 292: 105/400
Job 292: 106/400
Job 292: 107/400
Job 292: 108/400
Job 292: 109/400
Job 292: 110/400
Job 292: 111/400
Job 292: 112/400
Job 292: 113/400
Job 292: 114/400
Job 292: 115/400
Job 292: 116/400
Job 292: 117/400
Job 292: 118/400
Job 292: 119/400
Job 292: 120/400
Job 292: 121/400
Job 292: 122/400
Job 292: 123/400
Job 292: 124/400
Job 292: 125/400
Job 292: 126/400
Job 292: 127/400
Job 292: 128/400
Job 292: 129/400
Job 292: 130/400
Job 292: 131/400
Job 292: 132/400
Job 292: 133/400
Job 292: 134/400
Job 292: 135/400
Job 292: 136/400
Job 292: 137/400
Job 292: 138/400
Job 292: 139/400
Job 292: 140/400
Job 292: 141/400
Job 292: 142/400
Job 292: 143/400
Job 292: 144/400
Job 292: 145/400
Job 292: 146/400
Job 292: 147/400
Job 292: 148/400
Job 292: 149/400
Job 292: 150/400
Job 292: 151/400
Job 292: 152/400
Job 292: 153/400
Job 292: 154/400
Job 292: 155/400
Job 292: 156/400
Job 292: 157/400
Job 292: 158/400
Job 292: 159/400
Job 292: 160/400
Job 292: 161/400
Job 292: 162/400
Job 292: 163/400
Job 292: 164/400
Job 292: 165/400
Job 292: 166/400
Job 292: 167/400
Job 292: 168/400
Job 292: 169/400
Job 292: 170/400
Job 292: 171/400
Job 292: 172/400
Job 292: 173/400
Job 292: 174/400
Job 292: 175/400
Job 292: 176/400
Job 292: 177/400
Job 292: 178/400
Job 292: 179/400
Job 292: 180/400
Job 292: 181/400
Job 292: 182/400
Job 292: 183/400
Job 292: 184/400
Job 292: 185/400
Job 292: 186/400
Job 292: 187/400
Job 292: 188/400
Job 292: 189/400
Job 292: 190/400
Job 292: 191/400
Job 292: 192/400
Job 292: 193/400
Job 292: 194/400
Job 292: 195/400
Job 292: 196/400
Job 292: 197/400
Job 292: 198/400
Job 292: 199/400
Job 292: 200/400
Job 292: 201/400
Job 292: 202/400
Job 292: 203/400
Job 292: 204/400
Job 292: 205/400
Job 292: 206/400
Job 292: 207/400
Job 292: 208/400
Job 292: 209/400
Job 292: 210/400
Job 292: 211/400
Job 292: 212/400
Job 292: 213/400
Job 292: 214/400
Job 292: 215/400
Job 292: 216/400
Job 292: 217/400
Job 292: 218/400
Job 292: 219/400
Job 292: 220/400
Job 292: 221/400
Job 292: 222/400
Job 292: 223/400
Job 292: 224/400
Job 292: 225/400
Job 292: 226/400
Job 292: 227/400
Job 292: 228/400
Job 292: 229/400
Job 292: 230/400
Job 292: 231/400
Job 292: 232/400
Job 292: 233/400
Job 292: 234/400
Job 292: 235/400
Job 292: 236/400
Job 292: 237/400
Job 292: 238/400
Job 292: 239/400
Job 292: 240/400
Job 292: 241/400
Job 292: 242/400
Job 292: 243/400
Job 292: 244/400
Job 292: 245/400
Job 292: 246/400
Job 292: 247/400
Job 292: 248/400
Job 292: 249/400
Job 292: 250/400
Job 292: 251/400
Job 292: 252/400
Job 292: 253/400
Job 292: 254/400
Job 292: 255/400
Job 292: 256/400
Job 292: 257/400
Job 292: 258/400
Job 292: 259/400
Job 292: 260/400
Job 292: 261/400
Job 292: 262/400
Job 292: 263/400
Job 292: 264/400
Job 292: 265/400
Job 292: 266/400
Job 292: 267/400
Job 292: 268/400
Job 292: 269/400
Job 292: 270/400
Job 292: 271/400
Job 292: 272/400
Job 292: 273/400
Job 292: 274/400
Job 292: 275/400
Job 292: 276/400
Job 292: 277/400
Job 292: 278/400
Job 292: 279/400
Job 292: 280/400
Job 292: 281/400
Job 292: 282/400
Job 292: 283/400
Job 292: 284/400
Job 292: 285/400
Job 292: 286/400
Job 292: 287/400
Job 292: 288/400
Job 292: 289/400
Job 292: 290/400
Job 292: 291/400
Job 292: 292/400
Job 292: 293/400
Job 292: 294/400
Job 292: 295/400
Job 292: 296/400
Job 292: 297/400
Job 292: 298/400
Job 292: 299/400
Job 292: 300/400
Job 292: 301/400
Job 292: 302/400
Job 292: 303/400
Job 292: 304/400
Job 292: 305/400
Job 292: 306/400
Job 292: 307/400
Job 292: 308/400
Job 292: 309/400
Job 292: 310/400
Job 292: 311/400
Job 292: 312/400
Job 292: 313/400
Job 292: 314/400
Job 292: 315/400
Job 292: 316/400
Job 292: 317/400
Job 292: 318/400
Job 292: 319/400
Job 292: 320/400
Job 292: 321/400
Job 292: 322/400
Job 292: 323/400
Job 292: 324/400
Job 292: 325/400
Job 292: 326/400
Job 292: 327/400
Job 292: 328/400
Job 292: 329/400
Job 292: 330/400
Job 292: 331/400
Job 292: 332/400
Job 292: 333/400
Job 292: 334/400
Job 292: 335/400
Job 292: 336/400
Job 292: 337/400
Job 292: 338/400
Job 292: 339/400
Job 292: 340/400
Job 292: 341/400
Job 292: 342/400
Job 292: 343/400
Job 292: 344/400
Job 292: 345/400
Job 292: 346/400
Job 292: 347/400
Job 292: 348/400
Job 292: 349/400
Job 292: 350/400
Job 292: 351/400
Job 292: 352/400
Job 292: 353/400
Job 292: 354/400
Job 292: 355/400
Job 292: 356/400
Job 292: 357/400
Job 292: 358/400
Job 292: 359/400
Job 292: 360/400
Job 292: 361/400
Job 292: 362/400
Job 292: 363/400
Job 292: 364/400
Job 292: 365/400
Job 292: 366/400
Job 292: 367/400
Job 292: 368/400
Job 292: 369/400
Job 292: 370/400
Job 292: 371/400
Job 292: 372/400
Job 292: 373/400
Job 292: 374/400
Job 292: 375/400
Job 292: 376/400
Job 292: 377/400
Job 292: 378/400
Job 292: 379/400
Job 292: 380/400
Job 292: 381/400
Job 292: 382/400
Job 292: 383/400
Job 292: 384/400
Job 292: 385/400
Job 292: 386/400
Job 292: 387/400
Job 292: 388/400
Job 292: 389/400
Job 292: 390/400
Job 292: 391/400
Job 292: 392/400
Job 292: 393/400
Job 292: 394/400
Job 292: 395/400
Job 292: 396/400
Job 292: 397/400
Job 292: 398/400
Job 292: 399/400
Job 292: 400/400
