Registered S3 methods overwritten by 'susieSlide':
  method              from  
  coef.susie          susieR
  predict.susie       susieR
  print.summary.susie susieR
  summary.susie       susieR
Job 415: 1/400
Job 415: 2/400
Job 415: 3/400
Job 415: 4/400
Job 415: 5/400
Job 415: 6/400
Job 415: 7/400
Job 415: 8/400
Job 415: 9/400
Job 415: 10/400
Job 415: 11/400
Job 415: 12/400
Job 415: 13/400
Job 415: 14/400
Job 415: 15/400
Job 415: 16/400
Job 415: 17/400
Job 415: 18/400
Job 415: 19/400
Job 415: 20/400
Job 415: 21/400
Job 415: 22/400
Job 415: 23/400
Job 415: 24/400
Job 415: 25/400
Job 415: 26/400
Job 415: 27/400
Job 415: 28/400
Job 415: 29/400
Job 415: 30/400
Job 415: 31/400
Job 415: 32/400
Job 415: 33/400
Job 415: 34/400
Job 415: 35/400
Job 415: 36/400
Job 415: 37/400
Job 415: 38/400
Job 415: 39/400
Job 415: 40/400
Job 415: 41/400
Job 415: 42/400
Job 415: 43/400
Job 415: 44/400
Job 415: 45/400
Job 415: 46/400
Job 415: 47/400
Job 415: 48/400
Job 415: 49/400
Job 415: 50/400
Job 415: 51/400
Job 415: 52/400
Job 415: 53/400
Job 415: 54/400
Job 415: 55/400
Job 415: 56/400
Job 415: 57/400
Job 415: 58/400
Job 415: 59/400
Job 415: 60/400
Job 415: 61/400
Job 415: 62/400
Job 415: 63/400
Job 415: 64/400
Job 415: 65/400
Job 415: 66/400
Job 415: 67/400
Job 415: 68/400
Job 415: 69/400
Job 415: 70/400
Job 415: 71/400
Job 415: 72/400
Job 415: 73/400
Job 415: 74/400
Job 415: 75/400
Job 415: 76/400
Job 415: 77/400
Job 415: 78/400
Job 415: 79/400
Job 415: 80/400
Job 415: 81/400
Job 415: 82/400
Job 415: 83/400
Job 415: 84/400
Job 415: 85/400
Job 415: 86/400
Job 415: 87/400
Job 415: 88/400
Job 415: 89/400
Job 415: 90/400
Job 415: 91/400
Job 415: 92/400
Job 415: 93/400
Job 415: 94/400
Job 415: 95/400
Job 415: 96/400
Job 415: 97/400
Job 415: 98/400
Job 415: 99/400
Job 415: 100/400
Job 415: 101/400
Job 415: 102/400
Job 415: 103/400
Job 415: 104/400
Job 415: 105/400
Job 415: 106/400
Job 415: 107/400
Job 415: 108/400
Job 415: 109/400
Job 415: 110/400
Job 415: 111/400
Job 415: 112/400
Job 415: 113/400
Job 415: 114/400
Job 415: 115/400
Job 415: 116/400
Job 415: 117/400
Job 415: 118/400
Job 415: 119/400
Job 415: 120/400
Job 415: 121/400
Job 415: 122/400
Job 415: 123/400
Job 415: 124/400
Job 415: 125/400
Job 415: 126/400
Job 415: 127/400
Job 415: 128/400
Job 415: 129/400
Job 415: 130/400
Job 415: 131/400
Job 415: 132/400
Job 415: 133/400
Job 415: 134/400
Job 415: 135/400
Job 415: 136/400
Job 415: 137/400
Job 415: 138/400
Job 415: 139/400
Job 415: 140/400
Job 415: 141/400
Job 415: 142/400
Job 415: 143/400
Job 415: 144/400
Job 415: 145/400
Job 415: 146/400
Job 415: 147/400
Job 415: 148/400
Job 415: 149/400
Job 415: 150/400
Job 415: 151/400
Job 415: 152/400
Job 415: 153/400
Job 415: 154/400
Job 415: 155/400
Job 415: 156/400
Job 415: 157/400
Job 415: 158/400
Job 415: 159/400
Job 415: 160/400
Job 415: 161/400
Job 415: 162/400
Job 415: 163/400
Job 415: 164/400
Job 415: 165/400
Job 415: 166/400
Job 415: 167/400
Job 415: 168/400
Job 415: 169/400
Job 415: 170/400
Job 415: 171/400
Job 415: 172/400
Job 415: 173/400
Job 415: 174/400
Job 415: 175/400
Job 415: 176/400
Job 415: 177/400
Job 415: 178/400
Job 415: 179/400
Job 415: 180/400
Job 415: 181/400
Job 415: 182/400
Job 415: 183/400
Job 415: 184/400
Job 415: 185/400
Job 415: 186/400
Job 415: 187/400
Job 415: 188/400
Job 415: 189/400
Job 415: 190/400
Job 415: 191/400
Job 415: 192/400
Job 415: 193/400
Job 415: 194/400
Job 415: 195/400
Job 415: 196/400
Job 415: 197/400
Job 415: 198/400
Job 415: 199/400
Job 415: 200/400
Job 415: 201/400
Job 415: 202/400
Job 415: 203/400
Job 415: 204/400
Job 415: 205/400
Job 415: 206/400
Job 415: 207/400
Job 415: 208/400
Job 415: 209/400
Job 415: 210/400
Job 415: 211/400
Job 415: 212/400
Job 415: 213/400
Job 415: 214/400
Job 415: 215/400
Job 415: 216/400
Job 415: 217/400
Job 415: 218/400
Job 415: 219/400
Job 415: 220/400
Job 415: 221/400
Job 415: 222/400
Job 415: 223/400
Job 415: 224/400
Job 415: 225/400
Job 415: 226/400
Job 415: 227/400
Job 415: 228/400
Job 415: 229/400
Job 415: 230/400
Job 415: 231/400
Job 415: 232/400
Job 415: 233/400
Job 415: 234/400
Job 415: 235/400
Job 415: 236/400
Job 415: 237/400
Job 415: 238/400
Job 415: 239/400
Job 415: 240/400
Job 415: 241/400
Job 415: 242/400
Job 415: 243/400
Job 415: 244/400
Job 415: 245/400
Job 415: 246/400
Job 415: 247/400
Job 415: 248/400
Job 415: 249/400
Job 415: 250/400
Job 415: 251/400
Job 415: 252/400
Job 415: 253/400
Job 415: 254/400
Job 415: 255/400
Job 415: 256/400
Job 415: 257/400
Job 415: 258/400
Job 415: 259/400
Job 415: 260/400
Job 415: 261/400
Job 415: 262/400
Job 415: 263/400
Job 415: 264/400
Job 415: 265/400
Job 415: 266/400
Job 415: 267/400
Job 415: 268/400
Job 415: 269/400
Job 415: 270/400
Job 415: 271/400
Job 415: 272/400
Job 415: 273/400
Job 415: 274/400
Job 415: 275/400
Job 415: 276/400
Job 415: 277/400
Job 415: 278/400
Job 415: 279/400
Job 415: 280/400
Job 415: 281/400
Job 415: 282/400
Job 415: 283/400
Job 415: 284/400
Job 415: 285/400
Job 415: 286/400
Job 415: 287/400
Job 415: 288/400
Job 415: 289/400
Job 415: 290/400
Job 415: 291/400
Job 415: 292/400
Job 415: 293/400
Job 415: 294/400
Job 415: 295/400
Job 415: 296/400
Job 415: 297/400
Job 415: 298/400
Job 415: 299/400
Job 415: 300/400
Job 415: 301/400
Job 415: 302/400
Job 415: 303/400
Job 415: 304/400
Job 415: 305/400
Job 415: 306/400
Job 415: 307/400
Job 415: 308/400
Job 415: 309/400
Job 415: 310/400
Job 415: 311/400
Job 415: 312/400
Job 415: 313/400
Job 415: 314/400
Job 415: 315/400
Job 415: 316/400
Job 415: 317/400
Job 415: 318/400
Job 415: 319/400
Job 415: 320/400
Job 415: 321/400
Job 415: 322/400
Job 415: 323/400
Job 415: 324/400
Job 415: 325/400
Job 415: 326/400
Job 415: 327/400
Job 415: 328/400
Job 415: 329/400
Job 415: 330/400
Job 415: 331/400
Job 415: 332/400
Job 415: 333/400
Job 415: 334/400
Job 415: 335/400
Job 415: 336/400
Job 415: 337/400
Job 415: 338/400
Job 415: 339/400
Job 415: 340/400
Job 415: 341/400
Job 415: 342/400
Job 415: 343/400
Job 415: 344/400
Job 415: 345/400
Job 415: 346/400
Job 415: 347/400
Job 415: 348/400
Job 415: 349/400
Job 415: 350/400
Job 415: 351/400
Job 415: 352/400
Job 415: 353/400
Job 415: 354/400
Job 415: 355/400
Job 415: 356/400
Job 415: 357/400
Job 415: 358/400
Job 415: 359/400
Job 415: 360/400
Job 415: 361/400
Job 415: 362/400
Job 415: 363/400
Job 415: 364/400
Job 415: 365/400
Job 415: 366/400
Job 415: 367/400
Job 415: 368/400
Job 415: 369/400
Job 415: 370/400
Job 415: 371/400
Job 415: 372/400
Job 415: 373/400
Job 415: 374/400
Job 415: 375/400
Job 415: 376/400
Job 415: 377/400
Job 415: 378/400
Job 415: 379/400
Job 415: 380/400
Job 415: 381/400
Job 415: 382/400
Job 415: 383/400
Job 415: 384/400
Job 415: 385/400
Job 415: 386/400
Job 415: 387/400
Job 415: 388/400
Job 415: 389/400
Job 415: 390/400
Job 415: 391/400
Job 415: 392/400
Job 415: 393/400
Job 415: 394/400
Job 415: 395/400
Job 415: 396/400
Job 415: 397/400
Job 415: 398/400
Job 415: 399/400
Job 415: 400/400
