Registered S3 methods overwritten by 'susieSlide':
  method              from  
  coef.susie          susieR
  predict.susie       susieR
  print.summary.susie susieR
  summary.susie       susieR
Job 20: 1/400
Job 20: 2/400
Job 20: 3/400
Job 20: 4/400
Job 20: 5/400
Job 20: 6/400
Job 20: 7/400
Job 20: 8/400
Job 20: 9/400
Job 20: 10/400
Job 20: 11/400
Job 20: 12/400
Job 20: 13/400
Job 20: 14/400
Job 20: 15/400
Job 20: 16/400
Job 20: 17/400
Job 20: 18/400
Job 20: 19/400
Job 20: 20/400
Job 20: 21/400
Job 20: 22/400
Job 20: 23/400
Job 20: 24/400
Job 20: 25/400
Job 20: 26/400
Job 20: 27/400
Job 20: 28/400
Job 20: 29/400
Job 20: 30/400
Job 20: 31/400
Job 20: 32/400
Job 20: 33/400
Job 20: 34/400
Job 20: 35/400
Job 20: 36/400
Job 20: 37/400
Job 20: 38/400
Job 20: 39/400
Job 20: 40/400
Job 20: 41/400
Job 20: 42/400
Job 20: 43/400
Job 20: 44/400
Job 20: 45/400
Job 20: 46/400
Job 20: 47/400
Job 20: 48/400
Job 20: 49/400
Job 20: 50/400
Job 20: 51/400
Job 20: 52/400
Job 20: 53/400
Job 20: 54/400
Job 20: 55/400
Job 20: 56/400
Job 20: 57/400
Job 20: 58/400
Job 20: 59/400
Job 20: 60/400
Job 20: 61/400
Job 20: 62/400
Job 20: 63/400
Job 20: 64/400
Job 20: 65/400
Job 20: 66/400
Job 20: 67/400
Job 20: 68/400
Job 20: 69/400
Job 20: 70/400
Job 20: 71/400
Job 20: 72/400
Job 20: 73/400
Job 20: 74/400
Job 20: 75/400
Job 20: 76/400
Job 20: 77/400
Job 20: 78/400
Job 20: 79/400
Job 20: 80/400
Job 20: 81/400
Job 20: 82/400
Job 20: 83/400
Job 20: 84/400
Job 20: 85/400
Job 20: 86/400
Job 20: 87/400
Job 20: 88/400
Job 20: 89/400
Job 20: 90/400
Job 20: 91/400
Job 20: 92/400
Job 20: 93/400
Job 20: 94/400
Job 20: 95/400
Job 20: 96/400
Job 20: 97/400
Job 20: 98/400
Job 20: 99/400
Job 20: 100/400
Job 20: 101/400
Job 20: 102/400
Job 20: 103/400
Job 20: 104/400
Job 20: 105/400
Job 20: 106/400
Job 20: 107/400
Job 20: 108/400
Job 20: 109/400
Job 20: 110/400
Job 20: 111/400
Job 20: 112/400
Job 20: 113/400
Job 20: 114/400
Job 20: 115/400
Job 20: 116/400
Job 20: 117/400
Job 20: 118/400
Job 20: 119/400
Job 20: 120/400
Job 20: 121/400
Job 20: 122/400
Job 20: 123/400
Job 20: 124/400
Job 20: 125/400
Job 20: 126/400
Job 20: 127/400
Job 20: 128/400
Job 20: 129/400
Job 20: 130/400
Job 20: 131/400
Job 20: 132/400
Job 20: 133/400
Job 20: 134/400
Job 20: 135/400
Job 20: 136/400
Job 20: 137/400
Job 20: 138/400
Job 20: 139/400
Job 20: 140/400
Job 20: 141/400
Job 20: 142/400
Job 20: 143/400
Job 20: 144/400
Job 20: 145/400
Job 20: 146/400
Job 20: 147/400
Job 20: 148/400
Job 20: 149/400
Job 20: 150/400
Job 20: 151/400
Job 20: 152/400
Job 20: 153/400
Job 20: 154/400
Job 20: 155/400
Job 20: 156/400
Job 20: 157/400
Job 20: 158/400
Job 20: 159/400
Job 20: 160/400
Job 20: 161/400
Job 20: 162/400
Job 20: 163/400
Job 20: 164/400
Job 20: 165/400
Job 20: 166/400
Job 20: 167/400
Job 20: 168/400
Job 20: 169/400
Job 20: 170/400
Job 20: 171/400
Job 20: 172/400
Job 20: 173/400
Job 20: 174/400
Job 20: 175/400
Job 20: 176/400
Job 20: 177/400
Job 20: 178/400
Job 20: 179/400
Job 20: 180/400
Job 20: 181/400
Job 20: 182/400
Job 20: 183/400
Job 20: 184/400
Job 20: 185/400
Job 20: 186/400
Job 20: 187/400
Job 20: 188/400
Job 20: 189/400
Job 20: 190/400
Job 20: 191/400
Job 20: 192/400
Job 20: 193/400
Job 20: 194/400
Job 20: 195/400
Job 20: 196/400
Job 20: 197/400
Job 20: 198/400
Job 20: 199/400
Job 20: 200/400
Job 20: 201/400
Job 20: 202/400
Job 20: 203/400
Job 20: 204/400
Job 20: 205/400
Job 20: 206/400
Job 20: 207/400
Job 20: 208/400
Job 20: 209/400
Job 20: 210/400
Job 20: 211/400
Job 20: 212/400
Job 20: 213/400
Job 20: 214/400
Job 20: 215/400
Job 20: 216/400
Job 20: 217/400
Job 20: 218/400
Job 20: 219/400
Job 20: 220/400
Job 20: 221/400
Job 20: 222/400
Job 20: 223/400
Job 20: 224/400
Job 20: 225/400
Job 20: 226/400
Job 20: 227/400
Job 20: 228/400
Job 20: 229/400
Job 20: 230/400
Job 20: 231/400
Job 20: 232/400
Job 20: 233/400
Job 20: 234/400
Job 20: 235/400
Job 20: 236/400
Job 20: 237/400
Job 20: 238/400
Job 20: 239/400
Job 20: 240/400
Job 20: 241/400
Job 20: 242/400
Job 20: 243/400
Job 20: 244/400
Job 20: 245/400
Job 20: 246/400
Job 20: 247/400
Job 20: 248/400
Job 20: 249/400
Job 20: 250/400
Job 20: 251/400
Job 20: 252/400
Job 20: 253/400
Job 20: 254/400
Job 20: 255/400
Job 20: 256/400
Job 20: 257/400
Job 20: 258/400
Job 20: 259/400
Job 20: 260/400
Job 20: 261/400
Job 20: 262/400
Job 20: 263/400
Job 20: 264/400
Job 20: 265/400
Job 20: 266/400
Job 20: 267/400
Job 20: 268/400
Job 20: 269/400
Job 20: 270/400
Job 20: 271/400
Job 20: 272/400
Job 20: 273/400
Job 20: 274/400
Job 20: 275/400
Job 20: 276/400
Job 20: 277/400
Job 20: 278/400
Job 20: 279/400
Job 20: 280/400
Job 20: 281/400
Job 20: 282/400
Job 20: 283/400
Job 20: 284/400
Job 20: 285/400
Job 20: 286/400
Job 20: 287/400
Job 20: 288/400
Job 20: 289/400
Job 20: 290/400
Job 20: 291/400
Job 20: 292/400
Job 20: 293/400
Job 20: 294/400
Job 20: 295/400
Job 20: 296/400
Job 20: 297/400
Job 20: 298/400
Job 20: 299/400
Job 20: 300/400
Job 20: 301/400
Job 20: 302/400
Job 20: 303/400
Job 20: 304/400
Job 20: 305/400
Job 20: 306/400
Job 20: 307/400
Job 20: 308/400
Job 20: 309/400
Job 20: 310/400
Job 20: 311/400
Job 20: 312/400
Job 20: 313/400
Job 20: 314/400
Job 20: 315/400
Job 20: 316/400
Job 20: 317/400
Job 20: 318/400
Job 20: 319/400
Job 20: 320/400
Job 20: 321/400
Job 20: 322/400
Job 20: 323/400
Job 20: 324/400
Job 20: 325/400
Job 20: 326/400
Job 20: 327/400
Job 20: 328/400
Job 20: 329/400
Job 20: 330/400
Job 20: 331/400
Job 20: 332/400
Job 20: 333/400
Job 20: 334/400
Job 20: 335/400
Job 20: 336/400
Job 20: 337/400
Job 20: 338/400
Job 20: 339/400
Job 20: 340/400
Job 20: 341/400
Job 20: 342/400
Job 20: 343/400
Job 20: 344/400
Job 20: 345/400
Job 20: 346/400
Job 20: 347/400
Job 20: 348/400
Job 20: 349/400
Job 20: 350/400
Job 20: 351/400
Job 20: 352/400
Job 20: 353/400
Job 20: 354/400
Job 20: 355/400
Job 20: 356/400
Job 20: 357/400
Job 20: 358/400
Job 20: 359/400
Job 20: 360/400
Job 20: 361/400
Job 20: 362/400
Job 20: 363/400
Job 20: 364/400
Job 20: 365/400
Job 20: 366/400
Job 20: 367/400
Job 20: 368/400
Job 20: 369/400
Job 20: 370/400
Job 20: 371/400
Job 20: 372/400
Job 20: 373/400
Job 20: 374/400
Job 20: 375/400
Job 20: 376/400
Job 20: 377/400
Job 20: 378/400
Job 20: 379/400
Job 20: 380/400
Job 20: 381/400
Job 20: 382/400
Job 20: 383/400
Job 20: 384/400
Job 20: 385/400
Job 20: 386/400
Job 20: 387/400
Job 20: 388/400
Job 20: 389/400
Job 20: 390/400
Job 20: 391/400
Job 20: 392/400
Job 20: 393/400
Job 20: 394/400
Job 20: 395/400
Job 20: 396/400
Job 20: 397/400
Job 20: 398/400
Job 20: 399/400
Job 20: 400/400
