Registered S3 methods overwritten by 'susieSlide':
  method              from  
  coef.susie          susieR
  predict.susie       susieR
  print.summary.susie susieR
  summary.susie       susieR
Job 280: 1/400
Job 280: 2/400
Job 280: 3/400
Job 280: 4/400
Job 280: 5/400
Job 280: 6/400
Job 280: 7/400
Job 280: 8/400
Job 280: 9/400
Job 280: 10/400
Job 280: 11/400
Job 280: 12/400
Job 280: 13/400
Job 280: 14/400
Job 280: 15/400
Job 280: 16/400
Job 280: 17/400
Job 280: 18/400
Job 280: 19/400
Job 280: 20/400
Job 280: 21/400
Job 280: 22/400
Job 280: 23/400
Job 280: 24/400
Job 280: 25/400
Job 280: 26/400
Job 280: 27/400
Job 280: 28/400
Job 280: 29/400
Job 280: 30/400
Job 280: 31/400
Job 280: 32/400
Job 280: 33/400
Job 280: 34/400
Job 280: 35/400
Job 280: 36/400
Job 280: 37/400
Job 280: 38/400
Job 280: 39/400
Job 280: 40/400
Job 280: 41/400
Job 280: 42/400
Job 280: 43/400
Job 280: 44/400
Job 280: 45/400
Job 280: 46/400
Job 280: 47/400
Job 280: 48/400
Job 280: 49/400
Job 280: 50/400
Job 280: 51/400
Job 280: 52/400
Job 280: 53/400
Job 280: 54/400
Job 280: 55/400
Job 280: 56/400
Job 280: 57/400
Job 280: 58/400
Job 280: 59/400
Job 280: 60/400
Job 280: 61/400
Job 280: 62/400
Job 280: 63/400
Job 280: 64/400
Job 280: 65/400
Job 280: 66/400
Job 280: 67/400
Job 280: 68/400
Job 280: 69/400
Job 280: 70/400
Job 280: 71/400
Job 280: 72/400
Job 280: 73/400
Job 280: 74/400
Job 280: 75/400
Job 280: 76/400
Job 280: 77/400
Job 280: 78/400
Job 280: 79/400
Job 280: 80/400
Job 280: 81/400
Job 280: 82/400
Job 280: 83/400
Job 280: 84/400
Job 280: 85/400
Job 280: 86/400
Job 280: 87/400
Job 280: 88/400
Job 280: 89/400
Job 280: 90/400
Job 280: 91/400
Job 280: 92/400
Job 280: 93/400
Job 280: 94/400
Job 280: 95/400
Job 280: 96/400
Job 280: 97/400
Job 280: 98/400
Job 280: 99/400
Job 280: 100/400
Job 280: 101/400
Job 280: 102/400
Job 280: 103/400
Job 280: 104/400
Job 280: 105/400
Job 280: 106/400
Job 280: 107/400
Job 280: 108/400
Job 280: 109/400
Job 280: 110/400
Job 280: 111/400
Job 280: 112/400
Job 280: 113/400
Job 280: 114/400
Job 280: 115/400
Job 280: 116/400
Job 280: 117/400
Job 280: 118/400
Job 280: 119/400
Job 280: 120/400
Job 280: 121/400
Job 280: 122/400
Job 280: 123/400
Job 280: 124/400
Job 280: 125/400
Job 280: 126/400
Job 280: 127/400
Job 280: 128/400
Job 280: 129/400
Job 280: 130/400
Job 280: 131/400
Job 280: 132/400
Job 280: 133/400
Job 280: 134/400
Job 280: 135/400
Job 280: 136/400
Job 280: 137/400
Job 280: 138/400
Job 280: 139/400
Job 280: 140/400
Job 280: 141/400
Job 280: 142/400
Job 280: 143/400
Job 280: 144/400
Job 280: 145/400
Job 280: 146/400
Job 280: 147/400
Job 280: 148/400
Job 280: 149/400
Job 280: 150/400
Job 280: 151/400
Job 280: 152/400
Job 280: 153/400
Job 280: 154/400
Job 280: 155/400
Job 280: 156/400
Job 280: 157/400
Job 280: 158/400
Job 280: 159/400
Job 280: 160/400
Job 280: 161/400
Job 280: 162/400
Job 280: 163/400
Job 280: 164/400
Job 280: 165/400
Job 280: 166/400
Job 280: 167/400
Job 280: 168/400
Job 280: 169/400
Job 280: 170/400
Job 280: 171/400
Job 280: 172/400
Job 280: 173/400
Job 280: 174/400
Job 280: 175/400
Job 280: 176/400
Job 280: 177/400
Job 280: 178/400
Job 280: 179/400
Job 280: 180/400
Job 280: 181/400
Job 280: 182/400
Job 280: 183/400
Job 280: 184/400
Job 280: 185/400
Job 280: 186/400
Job 280: 187/400
Job 280: 188/400
Job 280: 189/400
Job 280: 190/400
Job 280: 191/400
Job 280: 192/400
Job 280: 193/400
Job 280: 194/400
Job 280: 195/400
Job 280: 196/400
Job 280: 197/400
Job 280: 198/400
Job 280: 199/400
Job 280: 200/400
Job 280: 201/400
Job 280: 202/400
Job 280: 203/400
Job 280: 204/400
Job 280: 205/400
Job 280: 206/400
Job 280: 207/400
Job 280: 208/400
Job 280: 209/400
Job 280: 210/400
Job 280: 211/400
Job 280: 212/400
Job 280: 213/400
Job 280: 214/400
Job 280: 215/400
Job 280: 216/400
Job 280: 217/400
Job 280: 218/400
Job 280: 219/400
Job 280: 220/400
Job 280: 221/400
Job 280: 222/400
Job 280: 223/400
Job 280: 224/400
Job 280: 225/400
Job 280: 226/400
Job 280: 227/400
Job 280: 228/400
Job 280: 229/400
Job 280: 230/400
Job 280: 231/400
Job 280: 232/400
Job 280: 233/400
Job 280: 234/400
Job 280: 235/400
Job 280: 236/400
Job 280: 237/400
Job 280: 238/400
Job 280: 239/400
Job 280: 240/400
Job 280: 241/400
Job 280: 242/400
Job 280: 243/400
Job 280: 244/400
Job 280: 245/400
Job 280: 246/400
Job 280: 247/400
Job 280: 248/400
Job 280: 249/400
Job 280: 250/400
Job 280: 251/400
Job 280: 252/400
Job 280: 253/400
Job 280: 254/400
Job 280: 255/400
Job 280: 256/400
Job 280: 257/400
Job 280: 258/400
Job 280: 259/400
Job 280: 260/400
Job 280: 261/400
Job 280: 262/400
Job 280: 263/400
Job 280: 264/400
Job 280: 265/400
Job 280: 266/400
Job 280: 267/400
Job 280: 268/400
Job 280: 269/400
Job 280: 270/400
Job 280: 271/400
Job 280: 272/400
Job 280: 273/400
Job 280: 274/400
Job 280: 275/400
Job 280: 276/400
Job 280: 277/400
Job 280: 278/400
Job 280: 279/400
Job 280: 280/400
Job 280: 281/400
Job 280: 282/400
Job 280: 283/400
Job 280: 284/400
Job 280: 285/400
Job 280: 286/400
Job 280: 287/400
Job 280: 288/400
Job 280: 289/400
Job 280: 290/400
Job 280: 291/400
Job 280: 292/400
Job 280: 293/400
Job 280: 294/400
Job 280: 295/400
Job 280: 296/400
Job 280: 297/400
Job 280: 298/400
Job 280: 299/400
Job 280: 300/400
Job 280: 301/400
Job 280: 302/400
Job 280: 303/400
Job 280: 304/400
Job 280: 305/400
Job 280: 306/400
Job 280: 307/400
Job 280: 308/400
Job 280: 309/400
Job 280: 310/400
Job 280: 311/400
Job 280: 312/400
Job 280: 313/400
Job 280: 314/400
Job 280: 315/400
Job 280: 316/400
Job 280: 317/400
Job 280: 318/400
Job 280: 319/400
Job 280: 320/400
Job 280: 321/400
Job 280: 322/400
Job 280: 323/400
Job 280: 324/400
Job 280: 325/400
Job 280: 326/400
Job 280: 327/400
Job 280: 328/400
Job 280: 329/400
Job 280: 330/400
Job 280: 331/400
Job 280: 332/400
Job 280: 333/400
Job 280: 334/400
Job 280: 335/400
Job 280: 336/400
Job 280: 337/400
Job 280: 338/400
Job 280: 339/400
Job 280: 340/400
Job 280: 341/400
Job 280: 342/400
Job 280: 343/400
Job 280: 344/400
Job 280: 345/400
Job 280: 346/400
Job 280: 347/400
Job 280: 348/400
Job 280: 349/400
Job 280: 350/400
Job 280: 351/400
Job 280: 352/400
Job 280: 353/400
Job 280: 354/400
Job 280: 355/400
Job 280: 356/400
Job 280: 357/400
Job 280: 358/400
Job 280: 359/400
Job 280: 360/400
Job 280: 361/400
Job 280: 362/400
Job 280: 363/400
Job 280: 364/400
Job 280: 365/400
Job 280: 366/400
Job 280: 367/400
Job 280: 368/400
Job 280: 369/400
Job 280: 370/400
Job 280: 371/400
Job 280: 372/400
Job 280: 373/400
Job 280: 374/400
Job 280: 375/400
Job 280: 376/400
Job 280: 377/400
Job 280: 378/400
Job 280: 379/400
Job 280: 380/400
Job 280: 381/400
Job 280: 382/400
Job 280: 383/400
Job 280: 384/400
Job 280: 385/400
Job 280: 386/400
Job 280: 387/400
Job 280: 388/400
Job 280: 389/400
Job 280: 390/400
Job 280: 391/400
Job 280: 392/400
Job 280: 393/400
Job 280: 394/400
Job 280: 395/400
Job 280: 396/400
Job 280: 397/400
Job 280: 398/400
Job 280: 399/400
Job 280: 400/400
