Registered S3 methods overwritten by 'susieSlide':
  method              from  
  coef.susie          susieR
  predict.susie       susieR
  print.summary.susie susieR
  summary.susie       susieR
Job 70: 1/400
Job 70: 2/400
Job 70: 3/400
Job 70: 4/400
Job 70: 5/400
Job 70: 6/400
Job 70: 7/400
Job 70: 8/400
Job 70: 9/400
Job 70: 10/400
Job 70: 11/400
Job 70: 12/400
Job 70: 13/400
Job 70: 14/400
Job 70: 15/400
Job 70: 16/400
Job 70: 17/400
Job 70: 18/400
Job 70: 19/400
Job 70: 20/400
Job 70: 21/400
Job 70: 22/400
Job 70: 23/400
Job 70: 24/400
Job 70: 25/400
Job 70: 26/400
Job 70: 27/400
Job 70: 28/400
Job 70: 29/400
Job 70: 30/400
Job 70: 31/400
Job 70: 32/400
Job 70: 33/400
Job 70: 34/400
Job 70: 35/400
Job 70: 36/400
Job 70: 37/400
Job 70: 38/400
Job 70: 39/400
Job 70: 40/400
Job 70: 41/400
Job 70: 42/400
Job 70: 43/400
Job 70: 44/400
Job 70: 45/400
Job 70: 46/400
Job 70: 47/400
Job 70: 48/400
Job 70: 49/400
Job 70: 50/400
Job 70: 51/400
Job 70: 52/400
Job 70: 53/400
Job 70: 54/400
Job 70: 55/400
Job 70: 56/400
Job 70: 57/400
Job 70: 58/400
Job 70: 59/400
Job 70: 60/400
Job 70: 61/400
Job 70: 62/400
Job 70: 63/400
Job 70: 64/400
Job 70: 65/400
Job 70: 66/400
Job 70: 67/400
Job 70: 68/400
Job 70: 69/400
Job 70: 70/400
Job 70: 71/400
Job 70: 72/400
Job 70: 73/400
Job 70: 74/400
Job 70: 75/400
Job 70: 76/400
Job 70: 77/400
Job 70: 78/400
Job 70: 79/400
Job 70: 80/400
Job 70: 81/400
Job 70: 82/400
Job 70: 83/400
Job 70: 84/400
Job 70: 85/400
Job 70: 86/400
Job 70: 87/400
Job 70: 88/400
Job 70: 89/400
Job 70: 90/400
Job 70: 91/400
Job 70: 92/400
Job 70: 93/400
Job 70: 94/400
Job 70: 95/400
Job 70: 96/400
Job 70: 97/400
Job 70: 98/400
Job 70: 99/400
Job 70: 100/400
Job 70: 101/400
Job 70: 102/400
Job 70: 103/400
Job 70: 104/400
Job 70: 105/400
Job 70: 106/400
Job 70: 107/400
Job 70: 108/400
Job 70: 109/400
Job 70: 110/400
Job 70: 111/400
Job 70: 112/400
Job 70: 113/400
Job 70: 114/400
Job 70: 115/400
Job 70: 116/400
Job 70: 117/400
Job 70: 118/400
Job 70: 119/400
Job 70: 120/400
Job 70: 121/400
Job 70: 122/400
Job 70: 123/400
Job 70: 124/400
Job 70: 125/400
Job 70: 126/400
Job 70: 127/400
Job 70: 128/400
Job 70: 129/400
Job 70: 130/400
Job 70: 131/400
Job 70: 132/400
Job 70: 133/400
Job 70: 134/400
Job 70: 135/400
Job 70: 136/400
Job 70: 137/400
Job 70: 138/400
Job 70: 139/400
Job 70: 140/400
Job 70: 141/400
Job 70: 142/400
Job 70: 143/400
Job 70: 144/400
Job 70: 145/400
Job 70: 146/400
Job 70: 147/400
Job 70: 148/400
Job 70: 149/400
Job 70: 150/400
Job 70: 151/400
Job 70: 152/400
Job 70: 153/400
Job 70: 154/400
Job 70: 155/400
Job 70: 156/400
Job 70: 157/400
Job 70: 158/400
Job 70: 159/400
Job 70: 160/400
Job 70: 161/400
Job 70: 162/400
Job 70: 163/400
Job 70: 164/400
Job 70: 165/400
Job 70: 166/400
Job 70: 167/400
Job 70: 168/400
Job 70: 169/400
Job 70: 170/400
Job 70: 171/400
Job 70: 172/400
Job 70: 173/400
Job 70: 174/400
Job 70: 175/400
Job 70: 176/400
Job 70: 177/400
Job 70: 178/400
Job 70: 179/400
Job 70: 180/400
Job 70: 181/400
Job 70: 182/400
Job 70: 183/400
Job 70: 184/400
Job 70: 185/400
Job 70: 186/400
Job 70: 187/400
Job 70: 188/400
Job 70: 189/400
Job 70: 190/400
Job 70: 191/400
Job 70: 192/400
Job 70: 193/400
Job 70: 194/400
Job 70: 195/400
Job 70: 196/400
Job 70: 197/400
Job 70: 198/400
Job 70: 199/400
Job 70: 200/400
Job 70: 201/400
Job 70: 202/400
Job 70: 203/400
Job 70: 204/400
Job 70: 205/400
Job 70: 206/400
Job 70: 207/400
Job 70: 208/400
Job 70: 209/400
Job 70: 210/400
Job 70: 211/400
Job 70: 212/400
Job 70: 213/400
Job 70: 214/400
Job 70: 215/400
Job 70: 216/400
Job 70: 217/400
Job 70: 218/400
Job 70: 219/400
Job 70: 220/400
Job 70: 221/400
Job 70: 222/400
Job 70: 223/400
Job 70: 224/400
Job 70: 225/400
Job 70: 226/400
Job 70: 227/400
Job 70: 228/400
Job 70: 229/400
Job 70: 230/400
Job 70: 231/400
Job 70: 232/400
Job 70: 233/400
Job 70: 234/400
Job 70: 235/400
Job 70: 236/400
Job 70: 237/400
Job 70: 238/400
Job 70: 239/400
Job 70: 240/400
Job 70: 241/400
Job 70: 242/400
Job 70: 243/400
Job 70: 244/400
Job 70: 245/400
Job 70: 246/400
Job 70: 247/400
Job 70: 248/400
Job 70: 249/400
Job 70: 250/400
Job 70: 251/400
Job 70: 252/400
Job 70: 253/400
Job 70: 254/400
Job 70: 255/400
Job 70: 256/400
Job 70: 257/400
Job 70: 258/400
Job 70: 259/400
Job 70: 260/400
Job 70: 261/400
Job 70: 262/400
Job 70: 263/400
Job 70: 264/400
Job 70: 265/400
Job 70: 266/400
Job 70: 267/400
Job 70: 268/400
Job 70: 269/400
Job 70: 270/400
Job 70: 271/400
Job 70: 272/400
Job 70: 273/400
Job 70: 274/400
Job 70: 275/400
Job 70: 276/400
Job 70: 277/400
Job 70: 278/400
Job 70: 279/400
Job 70: 280/400
Job 70: 281/400
Job 70: 282/400
Job 70: 283/400
Job 70: 284/400
Job 70: 285/400
Job 70: 286/400
Job 70: 287/400
Job 70: 288/400
Job 70: 289/400
Job 70: 290/400
Job 70: 291/400
Job 70: 292/400
Job 70: 293/400
Job 70: 294/400
Job 70: 295/400
Job 70: 296/400
Job 70: 297/400
Job 70: 298/400
Job 70: 299/400
Job 70: 300/400
Job 70: 301/400
Job 70: 302/400
Job 70: 303/400
Job 70: 304/400
Job 70: 305/400
Job 70: 306/400
Job 70: 307/400
Job 70: 308/400
Job 70: 309/400
Job 70: 310/400
Job 70: 311/400
Job 70: 312/400
Job 70: 313/400
Job 70: 314/400
Job 70: 315/400
Job 70: 316/400
Job 70: 317/400
Job 70: 318/400
Job 70: 319/400
Job 70: 320/400
Job 70: 321/400
Job 70: 322/400
Job 70: 323/400
Job 70: 324/400
Job 70: 325/400
Job 70: 326/400
Job 70: 327/400
Job 70: 328/400
Job 70: 329/400
Job 70: 330/400
Job 70: 331/400
Job 70: 332/400
Job 70: 333/400
Job 70: 334/400
Job 70: 335/400
Job 70: 336/400
Job 70: 337/400
Job 70: 338/400
Job 70: 339/400
Job 70: 340/400
Job 70: 341/400
Job 70: 342/400
Job 70: 343/400
Job 70: 344/400
Job 70: 345/400
Job 70: 346/400
Job 70: 347/400
Job 70: 348/400
Job 70: 349/400
Job 70: 350/400
Job 70: 351/400
Job 70: 352/400
Job 70: 353/400
Job 70: 354/400
Job 70: 355/400
Job 70: 356/400
Job 70: 357/400
Job 70: 358/400
Job 70: 359/400
Job 70: 360/400
Job 70: 361/400
Job 70: 362/400
Job 70: 363/400
Job 70: 364/400
Job 70: 365/400
Job 70: 366/400
Job 70: 367/400
Job 70: 368/400
Job 70: 369/400
Job 70: 370/400
Job 70: 371/400
Job 70: 372/400
Job 70: 373/400
Job 70: 374/400
Job 70: 375/400
Job 70: 376/400
Job 70: 377/400
Job 70: 378/400
Job 70: 379/400
Job 70: 380/400
Job 70: 381/400
Job 70: 382/400
Job 70: 383/400
Job 70: 384/400
Job 70: 385/400
Job 70: 386/400
Job 70: 387/400
Job 70: 388/400
Job 70: 389/400
Job 70: 390/400
Job 70: 391/400
Job 70: 392/400
Job 70: 393/400
Job 70: 394/400
Job 70: 395/400
Job 70: 396/400
Job 70: 397/400
Job 70: 398/400
Job 70: 399/400
Job 70: 400/400
