Registered S3 methods overwritten by 'susieSlide':
  method              from  
  coef.susie          susieR
  predict.susie       susieR
  print.summary.susie susieR
  summary.susie       susieR
Job 188: 1/400
Job 188: 2/400
Job 188: 3/400
Job 188: 4/400
Job 188: 5/400
Job 188: 6/400
Job 188: 7/400
Job 188: 8/400
Job 188: 9/400
Job 188: 10/400
Job 188: 11/400
Job 188: 12/400
Job 188: 13/400
Job 188: 14/400
Job 188: 15/400
Job 188: 16/400
Job 188: 17/400
Job 188: 18/400
Job 188: 19/400
Job 188: 20/400
Job 188: 21/400
Job 188: 22/400
Job 188: 23/400
Job 188: 24/400
Job 188: 25/400
Job 188: 26/400
Job 188: 27/400
Job 188: 28/400
Job 188: 29/400
Job 188: 30/400
Job 188: 31/400
Job 188: 32/400
Job 188: 33/400
Job 188: 34/400
Job 188: 35/400
Job 188: 36/400
Job 188: 37/400
Job 188: 38/400
Job 188: 39/400
Job 188: 40/400
Job 188: 41/400
Job 188: 42/400
Job 188: 43/400
Job 188: 44/400
Job 188: 45/400
Job 188: 46/400
Job 188: 47/400
Job 188: 48/400
Job 188: 49/400
Job 188: 50/400
Job 188: 51/400
Job 188: 52/400
Job 188: 53/400
Job 188: 54/400
Job 188: 55/400
Job 188: 56/400
Job 188: 57/400
Job 188: 58/400
Job 188: 59/400
Job 188: 60/400
Job 188: 61/400
Job 188: 62/400
Job 188: 63/400
Job 188: 64/400
Job 188: 65/400
Job 188: 66/400
Job 188: 67/400
Job 188: 68/400
Job 188: 69/400
Job 188: 70/400
Job 188: 71/400
Job 188: 72/400
Job 188: 73/400
Job 188: 74/400
Job 188: 75/400
Job 188: 76/400
Job 188: 77/400
Job 188: 78/400
Job 188: 79/400
Job 188: 80/400
Job 188: 81/400
Job 188: 82/400
Job 188: 83/400
Job 188: 84/400
Job 188: 85/400
Job 188: 86/400
Job 188: 87/400
Job 188: 88/400
Job 188: 89/400
Job 188: 90/400
Job 188: 91/400
Job 188: 92/400
Job 188: 93/400
Job 188: 94/400
Job 188: 95/400
Job 188: 96/400
Job 188: 97/400
Job 188: 98/400
Job 188: 99/400
Job 188: 100/400
Job 188: 101/400
Job 188: 102/400
Job 188: 103/400
Job 188: 104/400
Job 188: 105/400
Job 188: 106/400
Job 188: 107/400
Job 188: 108/400
Job 188: 109/400
Job 188: 110/400
Job 188: 111/400
Job 188: 112/400
Job 188: 113/400
Job 188: 114/400
Job 188: 115/400
Job 188: 116/400
Job 188: 117/400
Job 188: 118/400
Job 188: 119/400
Job 188: 120/400
Job 188: 121/400
Job 188: 122/400
Job 188: 123/400
Job 188: 124/400
Job 188: 125/400
Job 188: 126/400
Job 188: 127/400
Job 188: 128/400
Job 188: 129/400
Job 188: 130/400
Job 188: 131/400
Job 188: 132/400
Job 188: 133/400
Job 188: 134/400
Job 188: 135/400
Job 188: 136/400
Job 188: 137/400
Job 188: 138/400
Job 188: 139/400
Job 188: 140/400
Job 188: 141/400
Job 188: 142/400
Job 188: 143/400
Job 188: 144/400
Job 188: 145/400
Job 188: 146/400
Job 188: 147/400
Job 188: 148/400
Job 188: 149/400
Job 188: 150/400
Job 188: 151/400
Job 188: 152/400
Job 188: 153/400
Job 188: 154/400
Job 188: 155/400
Job 188: 156/400
Job 188: 157/400
Job 188: 158/400
Job 188: 159/400
Job 188: 160/400
Job 188: 161/400
Job 188: 162/400
Job 188: 163/400
Job 188: 164/400
Job 188: 165/400
Job 188: 166/400
Job 188: 167/400
Job 188: 168/400
Job 188: 169/400
Job 188: 170/400
Job 188: 171/400
Job 188: 172/400
Job 188: 173/400
Job 188: 174/400
Job 188: 175/400
Job 188: 176/400
Job 188: 177/400
Job 188: 178/400
Job 188: 179/400
Job 188: 180/400
Job 188: 181/400
Job 188: 182/400
Job 188: 183/400
Job 188: 184/400
Job 188: 185/400
Job 188: 186/400
Job 188: 187/400
Job 188: 188/400
Job 188: 189/400
Job 188: 190/400
Job 188: 191/400
Job 188: 192/400
Job 188: 193/400
Job 188: 194/400
Job 188: 195/400
Job 188: 196/400
Job 188: 197/400
Job 188: 198/400
Job 188: 199/400
Job 188: 200/400
Job 188: 201/400
Job 188: 202/400
Job 188: 203/400
Job 188: 204/400
Job 188: 205/400
Job 188: 206/400
Job 188: 207/400
Job 188: 208/400
Job 188: 209/400
Job 188: 210/400
Job 188: 211/400
Job 188: 212/400
Job 188: 213/400
Job 188: 214/400
Job 188: 215/400
Job 188: 216/400
Job 188: 217/400
Job 188: 218/400
Job 188: 219/400
Job 188: 220/400
Job 188: 221/400
Job 188: 222/400
Job 188: 223/400
Job 188: 224/400
Job 188: 225/400
Job 188: 226/400
Job 188: 227/400
Job 188: 228/400
Job 188: 229/400
Job 188: 230/400
Job 188: 231/400
Job 188: 232/400
Job 188: 233/400
Job 188: 234/400
Job 188: 235/400
Job 188: 236/400
Job 188: 237/400
Job 188: 238/400
Job 188: 239/400
Job 188: 240/400
Job 188: 241/400
Job 188: 242/400
Job 188: 243/400
Job 188: 244/400
Job 188: 245/400
Job 188: 246/400
Job 188: 247/400
Job 188: 248/400
Job 188: 249/400
Job 188: 250/400
Job 188: 251/400
Job 188: 252/400
Job 188: 253/400
Job 188: 254/400
Job 188: 255/400
Job 188: 256/400
Job 188: 257/400
Job 188: 258/400
Job 188: 259/400
Job 188: 260/400
Job 188: 261/400
Job 188: 262/400
Job 188: 263/400
Job 188: 264/400
Job 188: 265/400
Job 188: 266/400
Job 188: 267/400
Job 188: 268/400
Job 188: 269/400
Job 188: 270/400
Job 188: 271/400
Job 188: 272/400
Job 188: 273/400
Job 188: 274/400
Job 188: 275/400
Job 188: 276/400
Job 188: 277/400
Job 188: 278/400
Job 188: 279/400
Job 188: 280/400
Job 188: 281/400
Job 188: 282/400
Job 188: 283/400
Job 188: 284/400
Job 188: 285/400
Job 188: 286/400
Job 188: 287/400
Job 188: 288/400
Job 188: 289/400
Job 188: 290/400
Job 188: 291/400
Job 188: 292/400
Job 188: 293/400
Job 188: 294/400
Job 188: 295/400
Job 188: 296/400
Job 188: 297/400
Job 188: 298/400
Job 188: 299/400
Job 188: 300/400
Job 188: 301/400
Job 188: 302/400
Job 188: 303/400
Job 188: 304/400
Job 188: 305/400
Job 188: 306/400
Job 188: 307/400
Job 188: 308/400
Job 188: 309/400
Job 188: 310/400
Job 188: 311/400
Job 188: 312/400
Job 188: 313/400
Job 188: 314/400
Job 188: 315/400
Job 188: 316/400
Job 188: 317/400
Job 188: 318/400
Job 188: 319/400
Job 188: 320/400
Job 188: 321/400
Job 188: 322/400
Job 188: 323/400
Job 188: 324/400
Job 188: 325/400
Job 188: 326/400
Job 188: 327/400
Job 188: 328/400
Job 188: 329/400
Job 188: 330/400
Job 188: 331/400
Job 188: 332/400
Job 188: 333/400
Job 188: 334/400
Job 188: 335/400
Job 188: 336/400
Job 188: 337/400
Job 188: 338/400
Job 188: 339/400
Job 188: 340/400
Job 188: 341/400
Job 188: 342/400
Job 188: 343/400
Job 188: 344/400
Job 188: 345/400
Job 188: 346/400
Job 188: 347/400
Job 188: 348/400
Job 188: 349/400
Job 188: 350/400
Job 188: 351/400
Job 188: 352/400
Job 188: 353/400
Job 188: 354/400
Job 188: 355/400
Job 188: 356/400
Job 188: 357/400
Job 188: 358/400
Job 188: 359/400
Job 188: 360/400
Job 188: 361/400
Job 188: 362/400
Job 188: 363/400
Job 188: 364/400
Job 188: 365/400
Job 188: 366/400
Job 188: 367/400
Job 188: 368/400
Job 188: 369/400
Job 188: 370/400
Job 188: 371/400
Job 188: 372/400
Job 188: 373/400
Job 188: 374/400
Job 188: 375/400
Job 188: 376/400
Job 188: 377/400
Job 188: 378/400
Job 188: 379/400
Job 188: 380/400
Job 188: 381/400
Job 188: 382/400
Job 188: 383/400
Job 188: 384/400
Job 188: 385/400
Job 188: 386/400
Job 188: 387/400
Job 188: 388/400
Job 188: 389/400
Job 188: 390/400
Job 188: 391/400
Job 188: 392/400
Job 188: 393/400
Job 188: 394/400
Job 188: 395/400
Job 188: 396/400
Job 188: 397/400
Job 188: 398/400
Job 188: 399/400
Job 188: 400/400
