Registered S3 methods overwritten by 'susieSlide':
  method              from  
  coef.susie          susieR
  predict.susie       susieR
  print.summary.susie susieR
  summary.susie       susieR
Job 110: 1/400
Job 110: 2/400
Job 110: 3/400
Job 110: 4/400
Job 110: 5/400
Job 110: 6/400
Job 110: 7/400
Job 110: 8/400
Job 110: 9/400
Job 110: 10/400
Job 110: 11/400
Job 110: 12/400
Job 110: 13/400
Job 110: 14/400
Job 110: 15/400
Job 110: 16/400
Job 110: 17/400
Job 110: 18/400
Job 110: 19/400
Job 110: 20/400
Job 110: 21/400
Job 110: 22/400
Job 110: 23/400
Job 110: 24/400
Job 110: 25/400
Job 110: 26/400
Job 110: 27/400
Job 110: 28/400
Job 110: 29/400
Job 110: 30/400
Job 110: 31/400
Job 110: 32/400
Job 110: 33/400
Job 110: 34/400
Job 110: 35/400
Job 110: 36/400
Job 110: 37/400
Job 110: 38/400
Job 110: 39/400
Job 110: 40/400
Job 110: 41/400
Job 110: 42/400
Job 110: 43/400
Job 110: 44/400
Job 110: 45/400
Job 110: 46/400
Job 110: 47/400
Job 110: 48/400
Job 110: 49/400
Job 110: 50/400
Job 110: 51/400
Job 110: 52/400
Job 110: 53/400
Job 110: 54/400
Job 110: 55/400
Job 110: 56/400
Job 110: 57/400
Job 110: 58/400
Job 110: 59/400
Job 110: 60/400
Job 110: 61/400
Job 110: 62/400
Job 110: 63/400
Job 110: 64/400
Job 110: 65/400
Job 110: 66/400
Job 110: 67/400
Job 110: 68/400
Job 110: 69/400
Job 110: 70/400
Job 110: 71/400
Job 110: 72/400
Job 110: 73/400
Job 110: 74/400
Job 110: 75/400
Job 110: 76/400
Job 110: 77/400
Job 110: 78/400
Job 110: 79/400
Job 110: 80/400
Job 110: 81/400
Job 110: 82/400
Job 110: 83/400
Job 110: 84/400
Job 110: 85/400
Job 110: 86/400
Job 110: 87/400
Job 110: 88/400
Job 110: 89/400
Job 110: 90/400
Job 110: 91/400
Job 110: 92/400
Job 110: 93/400
Job 110: 94/400
Job 110: 95/400
Job 110: 96/400
Job 110: 97/400
Job 110: 98/400
Job 110: 99/400
Job 110: 100/400
Job 110: 101/400
Job 110: 102/400
Job 110: 103/400
Job 110: 104/400
Job 110: 105/400
Job 110: 106/400
Job 110: 107/400
Job 110: 108/400
Job 110: 109/400
Job 110: 110/400
Job 110: 111/400
Job 110: 112/400
Job 110: 113/400
Job 110: 114/400
Job 110: 115/400
Job 110: 116/400
Job 110: 117/400
Job 110: 118/400
Job 110: 119/400
Job 110: 120/400
Job 110: 121/400
Job 110: 122/400
Job 110: 123/400
Job 110: 124/400
Job 110: 125/400
Job 110: 126/400
Job 110: 127/400
Job 110: 128/400
Job 110: 129/400
Job 110: 130/400
Job 110: 131/400
Job 110: 132/400
Job 110: 133/400
Job 110: 134/400
Job 110: 135/400
Job 110: 136/400
Job 110: 137/400
Job 110: 138/400
Job 110: 139/400
Job 110: 140/400
Job 110: 141/400
Job 110: 142/400
Job 110: 143/400
Job 110: 144/400
Job 110: 145/400
Job 110: 146/400
Job 110: 147/400
Job 110: 148/400
Job 110: 149/400
Job 110: 150/400
Job 110: 151/400
Job 110: 152/400
Job 110: 153/400
Job 110: 154/400
Job 110: 155/400
Job 110: 156/400
Job 110: 157/400
Job 110: 158/400
Job 110: 159/400
Job 110: 160/400
Job 110: 161/400
Job 110: 162/400
Job 110: 163/400
Job 110: 164/400
Job 110: 165/400
Job 110: 166/400
Job 110: 167/400
Job 110: 168/400
Job 110: 169/400
Job 110: 170/400
Job 110: 171/400
Job 110: 172/400
Job 110: 173/400
Job 110: 174/400
Job 110: 175/400
Job 110: 176/400
Job 110: 177/400
Job 110: 178/400
Job 110: 179/400
Job 110: 180/400
Job 110: 181/400
Job 110: 182/400
Job 110: 183/400
Job 110: 184/400
Job 110: 185/400
Job 110: 186/400
Job 110: 187/400
Job 110: 188/400
Job 110: 189/400
Job 110: 190/400
Job 110: 191/400
Job 110: 192/400
Job 110: 193/400
Job 110: 194/400
Job 110: 195/400
Job 110: 196/400
Job 110: 197/400
Job 110: 198/400
Job 110: 199/400
Job 110: 200/400
Job 110: 201/400
Job 110: 202/400
Job 110: 203/400
Job 110: 204/400
Job 110: 205/400
Job 110: 206/400
Job 110: 207/400
Job 110: 208/400
Job 110: 209/400
Job 110: 210/400
Job 110: 211/400
Job 110: 212/400
Job 110: 213/400
Job 110: 214/400
Job 110: 215/400
Job 110: 216/400
Job 110: 217/400
Job 110: 218/400
Job 110: 219/400
Job 110: 220/400
Job 110: 221/400
Job 110: 222/400
Job 110: 223/400
Job 110: 224/400
Job 110: 225/400
Job 110: 226/400
Job 110: 227/400
Job 110: 228/400
Job 110: 229/400
Job 110: 230/400
Job 110: 231/400
Job 110: 232/400
Job 110: 233/400
Job 110: 234/400
Job 110: 235/400
Job 110: 236/400
Job 110: 237/400
Job 110: 238/400
Job 110: 239/400
Job 110: 240/400
Job 110: 241/400
Job 110: 242/400
Job 110: 243/400
Job 110: 244/400
Job 110: 245/400
Job 110: 246/400
Job 110: 247/400
Job 110: 248/400
Job 110: 249/400
Job 110: 250/400
Job 110: 251/400
Job 110: 252/400
Job 110: 253/400
Job 110: 254/400
Job 110: 255/400
Job 110: 256/400
Job 110: 257/400
Job 110: 258/400
Job 110: 259/400
Job 110: 260/400
Job 110: 261/400
Job 110: 262/400
Job 110: 263/400
Job 110: 264/400
Job 110: 265/400
Job 110: 266/400
Job 110: 267/400
Job 110: 268/400
Job 110: 269/400
Job 110: 270/400
Job 110: 271/400
Job 110: 272/400
Job 110: 273/400
Job 110: 274/400
Job 110: 275/400
Job 110: 276/400
Job 110: 277/400
Job 110: 278/400
Job 110: 279/400
Job 110: 280/400
Job 110: 281/400
Job 110: 282/400
Job 110: 283/400
Job 110: 284/400
Job 110: 285/400
Job 110: 286/400
Job 110: 287/400
Job 110: 288/400
Job 110: 289/400
Job 110: 290/400
Job 110: 291/400
Job 110: 292/400
Job 110: 293/400
Job 110: 294/400
Job 110: 295/400
Job 110: 296/400
Job 110: 297/400
Job 110: 298/400
Job 110: 299/400
Job 110: 300/400
Job 110: 301/400
Job 110: 302/400
Job 110: 303/400
Job 110: 304/400
Job 110: 305/400
Job 110: 306/400
Job 110: 307/400
Job 110: 308/400
Job 110: 309/400
Job 110: 310/400
Job 110: 311/400
Job 110: 312/400
Job 110: 313/400
Job 110: 314/400
Job 110: 315/400
Job 110: 316/400
Job 110: 317/400
Job 110: 318/400
Job 110: 319/400
Job 110: 320/400
Job 110: 321/400
Job 110: 322/400
Job 110: 323/400
Job 110: 324/400
Job 110: 325/400
Job 110: 326/400
Job 110: 327/400
Job 110: 328/400
Job 110: 329/400
Job 110: 330/400
Job 110: 331/400
Job 110: 332/400
Job 110: 333/400
Job 110: 334/400
Job 110: 335/400
Job 110: 336/400
Job 110: 337/400
Job 110: 338/400
Job 110: 339/400
Job 110: 340/400
Job 110: 341/400
Job 110: 342/400
Job 110: 343/400
Job 110: 344/400
Job 110: 345/400
Job 110: 346/400
Job 110: 347/400
Job 110: 348/400
Job 110: 349/400
Job 110: 350/400
Job 110: 351/400
Job 110: 352/400
Job 110: 353/400
Job 110: 354/400
Job 110: 355/400
Job 110: 356/400
Job 110: 357/400
Job 110: 358/400
Job 110: 359/400
Job 110: 360/400
Job 110: 361/400
Job 110: 362/400
Job 110: 363/400
Job 110: 364/400
Job 110: 365/400
Job 110: 366/400
Job 110: 367/400
Job 110: 368/400
Job 110: 369/400
Job 110: 370/400
Job 110: 371/400
Job 110: 372/400
Job 110: 373/400
Job 110: 374/400
Job 110: 375/400
Job 110: 376/400
Job 110: 377/400
Job 110: 378/400
Job 110: 379/400
Job 110: 380/400
Job 110: 381/400
Job 110: 382/400
Job 110: 383/400
Job 110: 384/400
Job 110: 385/400
Job 110: 386/400
Job 110: 387/400
Job 110: 388/400
Job 110: 389/400
Job 110: 390/400
Job 110: 391/400
Job 110: 392/400
Job 110: 393/400
Job 110: 394/400
Job 110: 395/400
Job 110: 396/400
Job 110: 397/400
Job 110: 398/400
Job 110: 399/400
Job 110: 400/400
