Registered S3 methods overwritten by 'susieSlide':
  method              from  
  coef.susie          susieR
  predict.susie       susieR
  print.summary.susie susieR
  summary.susie       susieR
Job 31: 1/400
Job 31: 2/400
Job 31: 3/400
Job 31: 4/400
Job 31: 5/400
Job 31: 6/400
Job 31: 7/400
Job 31: 8/400
Job 31: 9/400
Job 31: 10/400
Job 31: 11/400
Job 31: 12/400
Job 31: 13/400
Job 31: 14/400
Job 31: 15/400
Job 31: 16/400
Job 31: 17/400
Job 31: 18/400
Job 31: 19/400
Job 31: 20/400
Job 31: 21/400
Job 31: 22/400
Job 31: 23/400
Job 31: 24/400
Job 31: 25/400
Job 31: 26/400
Job 31: 27/400
Job 31: 28/400
Job 31: 29/400
Job 31: 30/400
Job 31: 31/400
Job 31: 32/400
Job 31: 33/400
Job 31: 34/400
Job 31: 35/400
Job 31: 36/400
Job 31: 37/400
Job 31: 38/400
Job 31: 39/400
Job 31: 40/400
Job 31: 41/400
Job 31: 42/400
Job 31: 43/400
Job 31: 44/400
Job 31: 45/400
Job 31: 46/400
Job 31: 47/400
Job 31: 48/400
Job 31: 49/400
Job 31: 50/400
Job 31: 51/400
Job 31: 52/400
Job 31: 53/400
Job 31: 54/400
Job 31: 55/400
Job 31: 56/400
Job 31: 57/400
Job 31: 58/400
Job 31: 59/400
Job 31: 60/400
Job 31: 61/400
Job 31: 62/400
Job 31: 63/400
Job 31: 64/400
Job 31: 65/400
Job 31: 66/400
Job 31: 67/400
Job 31: 68/400
Job 31: 69/400
Job 31: 70/400
Job 31: 71/400
Job 31: 72/400
Job 31: 73/400
Job 31: 74/400
Job 31: 75/400
Job 31: 76/400
Job 31: 77/400
Job 31: 78/400
Job 31: 79/400
Job 31: 80/400
Job 31: 81/400
Job 31: 82/400
Job 31: 83/400
Job 31: 84/400
Job 31: 85/400
Job 31: 86/400
Job 31: 87/400
Job 31: 88/400
Job 31: 89/400
Job 31: 90/400
Job 31: 91/400
Job 31: 92/400
Job 31: 93/400
Job 31: 94/400
Job 31: 95/400
Job 31: 96/400
Job 31: 97/400
Job 31: 98/400
Job 31: 99/400
Job 31: 100/400
Job 31: 101/400
Job 31: 102/400
Job 31: 103/400
Job 31: 104/400
Job 31: 105/400
Job 31: 106/400
Job 31: 107/400
Job 31: 108/400
Job 31: 109/400
Job 31: 110/400
Job 31: 111/400
Job 31: 112/400
Job 31: 113/400
Job 31: 114/400
Job 31: 115/400
Job 31: 116/400
Job 31: 117/400
Job 31: 118/400
Job 31: 119/400
Job 31: 120/400
Job 31: 121/400
Job 31: 122/400
Job 31: 123/400
Job 31: 124/400
Job 31: 125/400
Job 31: 126/400
Job 31: 127/400
Job 31: 128/400
Job 31: 129/400
Job 31: 130/400
Job 31: 131/400
Job 31: 132/400
Job 31: 133/400
Job 31: 134/400
Job 31: 135/400
Job 31: 136/400
Job 31: 137/400
Job 31: 138/400
Job 31: 139/400
Job 31: 140/400
Job 31: 141/400
Job 31: 142/400
Job 31: 143/400
Job 31: 144/400
Job 31: 145/400
Job 31: 146/400
Job 31: 147/400
Job 31: 148/400
Job 31: 149/400
Job 31: 150/400
Job 31: 151/400
Job 31: 152/400
Job 31: 153/400
Job 31: 154/400
Job 31: 155/400
Job 31: 156/400
Job 31: 157/400
Job 31: 158/400
Job 31: 159/400
Job 31: 160/400
Job 31: 161/400
Job 31: 162/400
Job 31: 163/400
Job 31: 164/400
Job 31: 165/400
Job 31: 166/400
Job 31: 167/400
Job 31: 168/400
Job 31: 169/400
Job 31: 170/400
Job 31: 171/400
Job 31: 172/400
Job 31: 173/400
Job 31: 174/400
Job 31: 175/400
Job 31: 176/400
Job 31: 177/400
Job 31: 178/400
Job 31: 179/400
Job 31: 180/400
Job 31: 181/400
Job 31: 182/400
Job 31: 183/400
Job 31: 184/400
Job 31: 185/400
Job 31: 186/400
Job 31: 187/400
Job 31: 188/400
Job 31: 189/400
Job 31: 190/400
Job 31: 191/400
Job 31: 192/400
Job 31: 193/400
Job 31: 194/400
Job 31: 195/400
Job 31: 196/400
Job 31: 197/400
Job 31: 198/400
Job 31: 199/400
Job 31: 200/400
Job 31: 201/400
Job 31: 202/400
Job 31: 203/400
Job 31: 204/400
Job 31: 205/400
Job 31: 206/400
Job 31: 207/400
Job 31: 208/400
Job 31: 209/400
Job 31: 210/400
Job 31: 211/400
Job 31: 212/400
Job 31: 213/400
Job 31: 214/400
Job 31: 215/400
Job 31: 216/400
Job 31: 217/400
Job 31: 218/400
Job 31: 219/400
Job 31: 220/400
Job 31: 221/400
Job 31: 222/400
Job 31: 223/400
Job 31: 224/400
Job 31: 225/400
Job 31: 226/400
Job 31: 227/400
Job 31: 228/400
Job 31: 229/400
Job 31: 230/400
Job 31: 231/400
Job 31: 232/400
Job 31: 233/400
Job 31: 234/400
Job 31: 235/400
Job 31: 236/400
Job 31: 237/400
Job 31: 238/400
Job 31: 239/400
Job 31: 240/400
Job 31: 241/400
Job 31: 242/400
Job 31: 243/400
Job 31: 244/400
Job 31: 245/400
Job 31: 246/400
Job 31: 247/400
Job 31: 248/400
Job 31: 249/400
Job 31: 250/400
Job 31: 251/400
Job 31: 252/400
Job 31: 253/400
Job 31: 254/400
Job 31: 255/400
Job 31: 256/400
Job 31: 257/400
Job 31: 258/400
Job 31: 259/400
Job 31: 260/400
Job 31: 261/400
Job 31: 262/400
Job 31: 263/400
Job 31: 264/400
Job 31: 265/400
Job 31: 266/400
Job 31: 267/400
Job 31: 268/400
Job 31: 269/400
Job 31: 270/400
Job 31: 271/400
Job 31: 272/400
Job 31: 273/400
Job 31: 274/400
Job 31: 275/400
Job 31: 276/400
Job 31: 277/400
Job 31: 278/400
Job 31: 279/400
Job 31: 280/400
Job 31: 281/400
Job 31: 282/400
Job 31: 283/400
Job 31: 284/400
Job 31: 285/400
Job 31: 286/400
Job 31: 287/400
Job 31: 288/400
Job 31: 289/400
Job 31: 290/400
Job 31: 291/400
Job 31: 292/400
Job 31: 293/400
Job 31: 294/400
Job 31: 295/400
Job 31: 296/400
Job 31: 297/400
Job 31: 298/400
Job 31: 299/400
Job 31: 300/400
Job 31: 301/400
Job 31: 302/400
Job 31: 303/400
Job 31: 304/400
Job 31: 305/400
Job 31: 306/400
Job 31: 307/400
Job 31: 308/400
Job 31: 309/400
Job 31: 310/400
Job 31: 311/400
Job 31: 312/400
Job 31: 313/400
Job 31: 314/400
Job 31: 315/400
Job 31: 316/400
Job 31: 317/400
Job 31: 318/400
Job 31: 319/400
Job 31: 320/400
Job 31: 321/400
Job 31: 322/400
Job 31: 323/400
Job 31: 324/400
Job 31: 325/400
Job 31: 326/400
Job 31: 327/400
Job 31: 328/400
Job 31: 329/400
Job 31: 330/400
Job 31: 331/400
Job 31: 332/400
Job 31: 333/400
Job 31: 334/400
Job 31: 335/400
Job 31: 336/400
Job 31: 337/400
Job 31: 338/400
Job 31: 339/400
Job 31: 340/400
Job 31: 341/400
Job 31: 342/400
Job 31: 343/400
Job 31: 344/400
Job 31: 345/400
Job 31: 346/400
Job 31: 347/400
Job 31: 348/400
Job 31: 349/400
Job 31: 350/400
Job 31: 351/400
Job 31: 352/400
Job 31: 353/400
Job 31: 354/400
Job 31: 355/400
Job 31: 356/400
Job 31: 357/400
Job 31: 358/400
Job 31: 359/400
Job 31: 360/400
Job 31: 361/400
Job 31: 362/400
Job 31: 363/400
Job 31: 364/400
Job 31: 365/400
Job 31: 366/400
Job 31: 367/400
Job 31: 368/400
Job 31: 369/400
Job 31: 370/400
Job 31: 371/400
Job 31: 372/400
Job 31: 373/400
Job 31: 374/400
Job 31: 375/400
Job 31: 376/400
Job 31: 377/400
Job 31: 378/400
Job 31: 379/400
Job 31: 380/400
Job 31: 381/400
Job 31: 382/400
Job 31: 383/400
Job 31: 384/400
Job 31: 385/400
Job 31: 386/400
Job 31: 387/400
Job 31: 388/400
Job 31: 389/400
Job 31: 390/400
Job 31: 391/400
Job 31: 392/400
Job 31: 393/400
Job 31: 394/400
Job 31: 395/400
Job 31: 396/400
Job 31: 397/400
Job 31: 398/400
Job 31: 399/400
Job 31: 400/400
