Registered S3 methods overwritten by 'susieSlide':
  method              from  
  coef.susie          susieR
  predict.susie       susieR
  print.summary.susie susieR
  summary.susie       susieR
Job 686: 1/400
Job 686: 2/400
Job 686: 3/400
Job 686: 4/400
Job 686: 5/400
Job 686: 6/400
Job 686: 7/400
Job 686: 8/400
Job 686: 9/400
Job 686: 10/400
Job 686: 11/400
Job 686: 12/400
Job 686: 13/400
Job 686: 14/400
Job 686: 15/400
Job 686: 16/400
Job 686: 17/400
Job 686: 18/400
Job 686: 19/400
Job 686: 20/400
Job 686: 21/400
Job 686: 22/400
Job 686: 23/400
Job 686: 24/400 ERROR: No .raw files found in temp_dir.
Job 686: 25/400 ERROR: No .raw files found in temp_dir.
Job 686: 26/400 ERROR: No .raw files found in temp_dir.
Job 686: 27/400 ERROR: No .raw files found in temp_dir.
Job 686: 28/400 ERROR: No .raw files found in temp_dir.
Job 686: 29/400 ERROR: No .raw files found in temp_dir.
Job 686: 30/400 ERROR: No .raw files found in temp_dir.
Job 686: 31/400 ERROR: No .raw files found in temp_dir.
Job 686: 32/400 ERROR: No .raw files found in temp_dir.
Job 686: 33/400 ERROR: No .raw files found in temp_dir.
Job 686: 34/400 ERROR: No .raw files found in temp_dir.
Job 686: 35/400 ERROR: No .raw files found in temp_dir.
Job 686: 36/400 ERROR: No .raw files found in temp_dir.
Job 686: 37/400 ERROR: No .raw files found in temp_dir.
Job 686: 38/400 ERROR: No .raw files found in temp_dir.
Job 686: 39/400 ERROR: No .raw files found in temp_dir.
Job 686: 40/400 ERROR: No .raw files found in temp_dir.
Job 686: 41/400 ERROR: No .raw files found in temp_dir.
Job 686: 42/400 ERROR: No .raw files found in temp_dir.
Job 686: 43/400 ERROR: No .raw files found in temp_dir.
Job 686: 44/400 ERROR: No .raw files found in temp_dir.
Job 686: 45/400 ERROR: No .raw files found in temp_dir.
Job 686: 46/400 ERROR: No .raw files found in temp_dir.
Job 686: 47/400 ERROR: No .raw files found in temp_dir.
Job 686: 48/400 ERROR: No .raw files found in temp_dir.
Job 686: 49/400 ERROR: No .raw files found in temp_dir.
Job 686: 50/400 ERROR: No .raw files found in temp_dir.
Job 686: 51/400 ERROR: No .raw files found in temp_dir.
Job 686: 52/400 ERROR: No .raw files found in temp_dir.
Job 686: 53/400 ERROR: No .raw files found in temp_dir.
Job 686: 54/400 ERROR: No .raw files found in temp_dir.
Job 686: 55/400 ERROR: No .raw files found in temp_dir.
Job 686: 56/400 ERROR: No .raw files found in temp_dir.
Job 686: 57/400 ERROR: No .raw files found in temp_dir.
Job 686: 58/400 ERROR: No .raw files found in temp_dir.
Job 686: 59/400 ERROR: No .raw files found in temp_dir.
Job 686: 60/400 ERROR: No .raw files found in temp_dir.
Job 686: 61/400 ERROR: No .raw files found in temp_dir.
Job 686: 62/400 ERROR: No .raw files found in temp_dir.
Job 686: 63/400 ERROR: No .raw files found in temp_dir.
Job 686: 64/400 ERROR: No .raw files found in temp_dir.
Job 686: 65/400 ERROR: No .raw files found in temp_dir.
Job 686: 66/400 ERROR: No .raw files found in temp_dir.
Job 686: 67/400 ERROR: No .raw files found in temp_dir.
Job 686: 68/400 ERROR: No .raw files found in temp_dir.
Job 686: 69/400 ERROR: No .raw files found in temp_dir.
Job 686: 70/400 ERROR: No .raw files found in temp_dir.
Job 686: 71/400 ERROR: No .raw files found in temp_dir.
Job 686: 72/400 ERROR: No .raw files found in temp_dir.
Job 686: 73/400 ERROR: No .raw files found in temp_dir.
Job 686: 74/400 ERROR: No .raw files found in temp_dir.
Job 686: 75/400 ERROR: No .raw files found in temp_dir.
Job 686: 76/400 ERROR: No .raw files found in temp_dir.
Job 686: 77/400 ERROR: No .raw files found in temp_dir.
Job 686: 78/400 ERROR: No .raw files found in temp_dir.
Job 686: 79/400 ERROR: No .raw files found in temp_dir.
Job 686: 80/400 ERROR: No .raw files found in temp_dir.
Job 686: 81/400 ERROR: No .raw files found in temp_dir.
Job 686: 82/400 ERROR: No .raw files found in temp_dir.
Job 686: 83/400 ERROR: No .raw files found in temp_dir.
Job 686: 84/400 ERROR: No .raw files found in temp_dir.
Job 686: 85/400 ERROR: Not enough donors for the requested n.
Job 686: 86/400
Job 686: 87/400
Job 686: 88/400
Job 686: 89/400
Job 686: 90/400
Job 686: 91/400
Job 686: 92/400
Job 686: 93/400
Job 686: 94/400
Job 686: 95/400
Job 686: 96/400
Job 686: 97/400
Job 686: 98/400
Job 686: 99/400
Job 686: 100/400
Job 686: 101/400
Job 686: 102/400
Job 686: 103/400
Job 686: 104/400
Job 686: 105/400
Job 686: 106/400
Job 686: 107/400
Job 686: 108/400
Job 686: 109/400
Job 686: 110/400
Job 686: 111/400
Job 686: 112/400
Job 686: 113/400
Job 686: 114/400
Job 686: 115/400
Job 686: 116/400 ERROR: No .raw files found in temp_dir.
Job 686: 117/400 ERROR: No .raw files found in temp_dir.
Job 686: 118/400 ERROR: No .raw files found in temp_dir.
Job 686: 119/400 ERROR: No .raw files found in temp_dir.
Job 686: 120/400 ERROR: No .raw files found in temp_dir.
Job 686: 121/400 ERROR: No .raw files found in temp_dir.
Job 686: 122/400 ERROR: No .raw files found in temp_dir.
Job 686: 123/400 ERROR: No .raw files found in temp_dir.
Job 686: 124/400 ERROR: No .raw files found in temp_dir.
Job 686: 125/400 ERROR: No .raw files found in temp_dir.
Job 686: 126/400 ERROR: No .raw files found in temp_dir.
Job 686: 127/400 ERROR: No .raw files found in temp_dir.
Job 686: 128/400 ERROR: No .raw files found in temp_dir.
Job 686: 129/400 ERROR: No .raw files found in temp_dir.
Job 686: 130/400 ERROR: No .raw files found in temp_dir.
Job 686: 131/400 ERROR: No .raw files found in temp_dir.
Job 686: 132/400 ERROR: No .raw files found in temp_dir.
Job 686: 133/400 ERROR: No .raw files found in temp_dir.
Job 686: 134/400 ERROR: No .raw files found in temp_dir.
Job 686: 135/400 ERROR: No .raw files found in temp_dir.
Job 686: 136/400 ERROR: No .raw files found in temp_dir.
Job 686: 137/400 ERROR: No .raw files found in temp_dir.
Job 686: 138/400 ERROR: No .raw files found in temp_dir.
Job 686: 139/400 ERROR: No .raw files found in temp_dir.
Job 686: 140/400 ERROR: No .raw files found in temp_dir.
Job 686: 141/400 ERROR: No .raw files found in temp_dir.
Job 686: 142/400 ERROR: No .raw files found in temp_dir.
Job 686: 143/400 ERROR: No .raw files found in temp_dir.
Job 686: 144/400 ERROR: No .raw files found in temp_dir.
Job 686: 145/400 ERROR: No .raw files found in temp_dir.
Job 686: 146/400 ERROR: No .raw files found in temp_dir.
Job 686: 147/400 ERROR: No .raw files found in temp_dir.
Job 686: 148/400 ERROR: No .raw files found in temp_dir.
Job 686: 149/400 ERROR: No .raw files found in temp_dir.
Job 686: 150/400 ERROR: No .raw files found in temp_dir.
Job 686: 151/400 ERROR: No .raw files found in temp_dir.
Job 686: 152/400 ERROR: No .raw files found in temp_dir.
Job 686: 153/400 ERROR: No .raw files found in temp_dir.
Job 686: 154/400 ERROR: No .raw files found in temp_dir.
Job 686: 155/400 ERROR: No .raw files found in temp_dir.
Job 686: 156/400 ERROR: No .raw files found in temp_dir.
Job 686: 157/400 ERROR: No .raw files found in temp_dir.
Job 686: 158/400 ERROR: No .raw files found in temp_dir.
Job 686: 159/400 ERROR: No .raw files found in temp_dir.
Job 686: 160/400 ERROR: Not enough donors for the requested n.
Job 686: 161/400
Job 686: 162/400
Job 686: 163/400
Job 686: 164/400
Job 686: 165/400
Job 686: 166/400
Job 686: 167/400
Job 686: 168/400
Job 686: 169/400
Job 686: 170/400
Job 686: 171/400
Job 686: 172/400
Job 686: 173/400
Job 686: 174/400
Job 686: 175/400
Job 686: 176/400
Job 686: 177/400
Job 686: 178/400
Job 686: 179/400
Job 686: 180/400
Job 686: 181/400
Job 686: 182/400
Job 686: 183/400
Job 686: 184/400
Job 686: 185/400
Job 686: 186/400
Job 686: 187/400
Job 686: 188/400
Job 686: 189/400
Job 686: 190/400
Job 686: 191/400
Job 686: 192/400 ERROR: No .raw files found in temp_dir.
Job 686: 193/400 ERROR: No .raw files found in temp_dir.
Job 686: 194/400 ERROR: No .raw files found in temp_dir.
Job 686: 195/400 ERROR: No .raw files found in temp_dir.
Job 686: 196/400 ERROR: No .raw files found in temp_dir.
Job 686: 197/400 ERROR: No .raw files found in temp_dir.
Job 686: 198/400 ERROR: No .raw files found in temp_dir.
Job 686: 199/400 ERROR: No .raw files found in temp_dir.
Job 686: 200/400 ERROR: No .raw files found in temp_dir.
Job 686: 201/400 ERROR: No .raw files found in temp_dir.
Job 686: 202/400 ERROR: No .raw files found in temp_dir.
Job 686: 203/400 ERROR: No .raw files found in temp_dir.
Job 686: 204/400 ERROR: No .raw files found in temp_dir.
Job 686: 205/400 ERROR: No .raw files found in temp_dir.
Job 686: 206/400 ERROR: No .raw files found in temp_dir.
Job 686: 207/400 ERROR: No .raw files found in temp_dir.
Job 686: 208/400 ERROR: No .raw files found in temp_dir.
Job 686: 209/400 ERROR: No .raw files found in temp_dir.
Job 686: 210/400 ERROR: No .raw files found in temp_dir.
Job 686: 211/400 ERROR: No .raw files found in temp_dir.
Job 686: 212/400 ERROR: No .raw files found in temp_dir.
Job 686: 213/400 ERROR: No .raw files found in temp_dir.
Job 686: 214/400 ERROR: No .raw files found in temp_dir.
Job 686: 215/400 ERROR: No .raw files found in temp_dir.
Job 686: 216/400 ERROR: No .raw files found in temp_dir.
Job 686: 217/400 ERROR: No .raw files found in temp_dir.
Job 686: 218/400 ERROR: No .raw files found in temp_dir.
Job 686: 219/400 ERROR: No .raw files found in temp_dir.
Job 686: 220/400 ERROR: No .raw files found in temp_dir.
Job 686: 221/400 ERROR: No .raw files found in temp_dir.
Job 686: 222/400 ERROR: No .raw files found in temp_dir.
Job 686: 223/400 ERROR: No .raw files found in temp_dir.
Job 686: 224/400 ERROR: No .raw files found in temp_dir.
Job 686: 225/400 ERROR: No .raw files found in temp_dir.
Job 686: 226/400 ERROR: No .raw files found in temp_dir.
Job 686: 227/400 ERROR: No .raw files found in temp_dir.
Job 686: 228/400 ERROR: No .raw files found in temp_dir.
Job 686: 229/400 ERROR: No .raw files found in temp_dir.
Job 686: 230/400 ERROR: No .raw files found in temp_dir.
Job 686: 231/400 ERROR: No .raw files found in temp_dir.
Job 686: 232/400 ERROR: No .raw files found in temp_dir.
Job 686: 233/400 ERROR: No .raw files found in temp_dir.
Job 686: 234/400 ERROR: No .raw files found in temp_dir.
Job 686: 235/400 ERROR: No .raw files found in temp_dir.
Job 686: 236/400 ERROR: No .raw files found in temp_dir.
Job 686: 237/400 ERROR: No .raw files found in temp_dir.
Job 686: 238/400 ERROR: No .raw files found in temp_dir.
Job 686: 239/400 ERROR: No .raw files found in temp_dir.
Job 686: 240/400 ERROR: No .raw files found in temp_dir.
Job 686: 241/400 ERROR: No .raw files found in temp_dir.
Job 686: 242/400 ERROR: No .raw files found in temp_dir.
Job 686: 243/400 ERROR: No .raw files found in temp_dir.
Job 686: 244/400 ERROR: No .raw files found in temp_dir.
Job 686: 245/400 ERROR: No .raw files found in temp_dir.
Job 686: 246/400 ERROR: No .raw files found in temp_dir.
Job 686: 247/400 ERROR: No .raw files found in temp_dir.
Job 686: 248/400 ERROR: No .raw files found in temp_dir.
Job 686: 249/400 ERROR: No .raw files found in temp_dir.
Job 686: 250/400 ERROR: No .raw files found in temp_dir.
Job 686: 251/400 ERROR: No .raw files found in temp_dir.
Job 686: 252/400 ERROR: No .raw files found in temp_dir.
Job 686: 253/400 ERROR: No .raw files found in temp_dir.
Job 686: 254/400 ERROR: No .raw files found in temp_dir.
Job 686: 255/400 ERROR: No .raw files found in temp_dir.
Job 686: 256/400 ERROR: No .raw files found in temp_dir.
Job 686: 257/400 ERROR: No .raw files found in temp_dir.
Job 686: 258/400 ERROR: No .raw files found in temp_dir.
Job 686: 259/400 ERROR: No .raw files found in temp_dir.
Job 686: 260/400 ERROR: No .raw files found in temp_dir.
Job 686: 261/400 ERROR: No .raw files found in temp_dir.
Job 686: 262/400 ERROR: No .raw files found in temp_dir.
Job 686: 263/400 ERROR: No .raw files found in temp_dir.
Job 686: 264/400 ERROR: No .raw files found in temp_dir.
Job 686: 265/400 ERROR: No .raw files found in temp_dir.
Job 686: 266/400 ERROR: No .raw files found in temp_dir.
Job 686: 267/400 ERROR: No .raw files found in temp_dir.
Job 686: 268/400 ERROR: No .raw files found in temp_dir.
Job 686: 269/400 ERROR: No .raw files found in temp_dir.
Job 686: 270/400 ERROR: No .raw files found in temp_dir.
Job 686: 271/400 ERROR: No .raw files found in temp_dir.
Job 686: 272/400 ERROR: No .raw files found in temp_dir.
Job 686: 273/400 ERROR: No .raw files found in temp_dir.
Job 686: 274/400 ERROR: No .raw files found in temp_dir.
Job 686: 275/400 ERROR: No .raw files found in temp_dir.
Job 686: 276/400 ERROR: No .raw files found in temp_dir.
Job 686: 277/400 ERROR: No .raw files found in temp_dir.
Job 686: 278/400 ERROR: No .raw files found in temp_dir.
Job 686: 279/400 ERROR: No .raw files found in temp_dir.
Job 686: 280/400 ERROR: No .raw files found in temp_dir.
Job 686: 281/400 ERROR: No .raw files found in temp_dir.
Job 686: 282/400 ERROR: No .raw files found in temp_dir.
Job 686: 283/400 ERROR: No .raw files found in temp_dir.
Job 686: 284/400 ERROR: No .raw files found in temp_dir.
Job 686: 285/400 ERROR: No .raw files found in temp_dir.
Job 686: 286/400 ERROR: No .raw files found in temp_dir.
Job 686: 287/400 ERROR: No .raw files found in temp_dir.
Job 686: 288/400 ERROR: No .raw files found in temp_dir.
Job 686: 289/400 ERROR: No .raw files found in temp_dir.
Job 686: 290/400 ERROR: No .raw files found in temp_dir.
Job 686: 291/400 ERROR: No .raw files found in temp_dir.
Job 686: 292/400 ERROR: No .raw files found in temp_dir.
Job 686: 293/400 ERROR: No .raw files found in temp_dir.
Job 686: 294/400 ERROR: No .raw files found in temp_dir.
Job 686: 295/400 ERROR: No .raw files found in temp_dir.
Job 686: 296/400 ERROR: No .raw files found in temp_dir.
Job 686: 297/400 ERROR: No .raw files found in temp_dir.
Job 686: 298/400 ERROR: No .raw files found in temp_dir.
Job 686: 299/400 ERROR: No .raw files found in temp_dir.
Job 686: 300/400 ERROR: No .raw files found in temp_dir.
Job 686: 301/400 ERROR: No .raw files found in temp_dir.
Job 686: 302/400 ERROR: No .raw files found in temp_dir.
Job 686: 303/400 ERROR: No .raw files found in temp_dir.
Job 686: 304/400 ERROR: No .raw files found in temp_dir.
Job 686: 305/400 ERROR: No .raw files found in temp_dir.
Job 686: 306/400 ERROR: No .raw files found in temp_dir.
Job 686: 307/400 ERROR: No .raw files found in temp_dir.
Job 686: 308/400 ERROR: No .raw files found in temp_dir.
Job 686: 309/400 ERROR: No .raw files found in temp_dir.
Job 686: 310/400 ERROR: No .raw files found in temp_dir.
Job 686: 311/400 ERROR: No .raw files found in temp_dir.
Job 686: 312/400 ERROR: No .raw files found in temp_dir.
Job 686: 313/400 ERROR: No .raw files found in temp_dir.
Job 686: 314/400 ERROR: No .raw files found in temp_dir.
Job 686: 315/400 ERROR: No .raw files found in temp_dir.
Job 686: 316/400 ERROR: No .raw files found in temp_dir.
Job 686: 317/400 ERROR: No .raw files found in temp_dir.
Job 686: 318/400 ERROR: No .raw files found in temp_dir.
Job 686: 319/400 ERROR: No .raw files found in temp_dir.
Job 686: 320/400 ERROR: No .raw files found in temp_dir.
Job 686: 321/400 ERROR: No .raw files found in temp_dir.
Job 686: 322/400 ERROR: No .raw files found in temp_dir.
Job 686: 323/400 ERROR: No .raw files found in temp_dir.
Job 686: 324/400 ERROR: No .raw files found in temp_dir.
Job 686: 325/400 ERROR: No .raw files found in temp_dir.
Job 686: 326/400 ERROR: No .raw files found in temp_dir.
Job 686: 327/400 ERROR: No .raw files found in temp_dir.
Job 686: 328/400 ERROR: No .raw files found in temp_dir.
Job 686: 329/400 ERROR: No .raw files found in temp_dir.
Job 686: 330/400 ERROR: No .raw files found in temp_dir.
Job 686: 331/400 ERROR: No .raw files found in temp_dir.
Job 686: 332/400 ERROR: No .raw files found in temp_dir.
Job 686: 333/400 ERROR: No .raw files found in temp_dir.
Job 686: 334/400 ERROR: No .raw files found in temp_dir.
Job 686: 335/400 ERROR: No .raw files found in temp_dir.
Job 686: 336/400 ERROR: No .raw files found in temp_dir.
Job 686: 337/400 ERROR: No .raw files found in temp_dir.
Job 686: 338/400 ERROR: No .raw files found in temp_dir.
Job 686: 339/400 ERROR: No .raw files found in temp_dir.
Job 686: 340/400 ERROR: No .raw files found in temp_dir.
Job 686: 341/400 ERROR: No .raw files found in temp_dir.
Job 686: 342/400 ERROR: No .raw files found in temp_dir.
Job 686: 343/400 ERROR: No .raw files found in temp_dir.
Job 686: 344/400 ERROR: No .raw files found in temp_dir.
Job 686: 345/400 ERROR: No .raw files found in temp_dir.
Job 686: 346/400 ERROR: No .raw files found in temp_dir.
Job 686: 347/400 ERROR: No .raw files found in temp_dir.
Job 686: 348/400 ERROR: No .raw files found in temp_dir.
Job 686: 349/400 ERROR: No .raw files found in temp_dir.
Job 686: 350/400 ERROR: No .raw files found in temp_dir.
Job 686: 351/400 ERROR: No .raw files found in temp_dir.
Job 686: 352/400 ERROR: No .raw files found in temp_dir.
Job 686: 353/400 ERROR: No .raw files found in temp_dir.
Job 686: 354/400 ERROR: No .raw files found in temp_dir.
Job 686: 355/400 ERROR: No .raw files found in temp_dir.
Job 686: 356/400 ERROR: No .raw files found in temp_dir.
Job 686: 357/400 ERROR: No .raw files found in temp_dir.
Job 686: 358/400 ERROR: No .raw files found in temp_dir.
Job 686: 359/400 ERROR: No .raw files found in temp_dir.
Job 686: 360/400 ERROR: No .raw files found in temp_dir.
Job 686: 361/400 ERROR: No .raw files found in temp_dir.
Job 686: 362/400 ERROR: No .raw files found in temp_dir.
Job 686: 363/400 ERROR: No .raw files found in temp_dir.
Job 686: 364/400 ERROR: No .raw files found in temp_dir.
Job 686: 365/400 ERROR: No .raw files found in temp_dir.
Job 686: 366/400 ERROR: No .raw files found in temp_dir.
Job 686: 367/400 ERROR: No .raw files found in temp_dir.
Job 686: 368/400 ERROR: No .raw files found in temp_dir.
Job 686: 369/400 ERROR: No .raw files found in temp_dir.
Job 686: 370/400 ERROR: No .raw files found in temp_dir.
Job 686: 371/400 ERROR: No .raw files found in temp_dir.
Job 686: 372/400 ERROR: No .raw files found in temp_dir.
Job 686: 373/400 ERROR: No .raw files found in temp_dir.
Job 686: 374/400 ERROR: No .raw files found in temp_dir.
Job 686: 375/400 ERROR: No .raw files found in temp_dir.
Job 686: 376/400 ERROR: No .raw files found in temp_dir.
Job 686: 377/400 ERROR: No .raw files found in temp_dir.
Job 686: 378/400 ERROR: No .raw files found in temp_dir.
Job 686: 379/400 ERROR: No .raw files found in temp_dir.
Job 686: 380/400 ERROR: No .raw files found in temp_dir.
Job 686: 381/400 ERROR: No .raw files found in temp_dir.
Job 686: 382/400 ERROR: No .raw files found in temp_dir.
Job 686: 383/400 ERROR: No .raw files found in temp_dir.
Job 686: 384/400 ERROR: No .raw files found in temp_dir.
Job 686: 385/400 ERROR: No .raw files found in temp_dir.
Job 686: 386/400 ERROR: No .raw files found in temp_dir.
Job 686: 387/400 ERROR: No .raw files found in temp_dir.
Job 686: 388/400 ERROR: No .raw files found in temp_dir.
Job 686: 389/400 ERROR: No .raw files found in temp_dir.
Job 686: 390/400 ERROR: No .raw files found in temp_dir.
Job 686: 391/400 ERROR: No .raw files found in temp_dir.
Job 686: 392/400 ERROR: No .raw files found in temp_dir.
Job 686: 393/400 ERROR: No .raw files found in temp_dir.
Job 686: 394/400 ERROR: No .raw files found in temp_dir.
Job 686: 395/400 ERROR: No .raw files found in temp_dir.
Job 686: 396/400 ERROR: No .raw files found in temp_dir.
Job 686: 397/400 ERROR: No .raw files found in temp_dir.
Job 686: 398/400 ERROR: No .raw files found in temp_dir.
Job 686: 399/400 ERROR: No .raw files found in temp_dir.
Job 686: 400/400 ERROR: No .raw files found in temp_dir.
Warning messages:
1: In data.table::fread(raw_file, data.table = FALSE) :
  Discarded single-line footer: <<0	GTEX-1399R	0	0	0	-9	2	2	2	2	2	0	2	2	2	2	1	2	1	2	2	2	2	2	1	2	2	2	2	2	2	2	2	2	0	2	0	2	1	2	1	2	1	0	2	2	2	1	2	2	2	2	2	2	1	2	2	2	2	2	2	0	2	2	2	2	2	1	2	2	2	2	1	2	2	2	2	2	2	1	2	2	2	0	2	2	2	2	2	2	2	2	2	2	2	2	0	1	2	2	2	2	2	2	2	2	2	2	2	2	0	2	2	2	2	2	2	2	2	1	2	2	2	2	2	2	2	2	2	2	2	2	1	2	2	0	2	2	2	2	1	2	1	2	0	2	0	2	1	2	2	2	2	2	2	2	2	2	2	2	2	2	2	1	1	2	2	1	2	2	1	1	2	2	2	2	2	2	1	2	2	2	2	2	2	2	2	2	2	2	2	2	2	2	2	2	2	1	2	2	2	2	2	2	2	2	2	2	2	2	2	2	1	2	2	1	2	2	2	2	2	2	2	2	2	2	2	2	2	2	2	2	2	2	2	2	2	2	2	1	2	2	2	2	2	>>
2: In data.table::fread(raw_file, data.table = FALSE) :
  Discarded single-line footer: <<0	GTEX-Q734	0	0	0	-9	2	2	2	2	2	0	2	2	1	2	2	2	0	2	2	2	2	2	2	2	2	2	2	2	2	2	2	2	0	2	0	2	2	2	0	2	2	0	2	2	2	2	2	2	2	2	2	2	2	2	2	2	2	2	2	0	2	2	2	2	2	2	2	2	2	2	2	2	2	2	1	2	2	0	2	2	2	0	2	2	2	2	2	2	2	2	2	2	2	2	0	2	2	2	1	2	2	2	2	2	2	2	2	2	0	2	2	2	2	2	2	2	2	0	2	2	2	2	2	2	2	2	2	2	2	2	2	2	2	0	2	2	2	2	2	2	2	2	0	2	0	2	0	2	2	2	2	2	2	2	2	2	2	2	2	2	2	2	2	2	2	2	2	2	2	2	2	2	2	2	2	2	2	2	2	2	2	2	2	2	2	2	2	2	2	2	2	2	2	2	2	2	2	2	2	2	2	2	2	2	2	2	2	2	2	2	2	2	2	2	2	2	2	2	2	2	2	2	2	2	2	2	2	2	2	2	2	2	2	2	2	2	2	2	2	2	2	2	2	2>>
3: In data.table::fread(raw_file, data.table = FALSE) :
  Discarded single-line footer: <<0	GTEX-14DAQ	0	0	0	-9	2	2	1	2	2	2	2	2	2	2	2	2	2	2	2	2	2	2	2	2	2	2	2	1	1	2	2	2	2	2	1	2	2	2	2	1	2	2	2	2	2	2	2	2	2	2	2	2	2	2	2	2	1	2	2	2	2	2	2	2	2	2	2	1	2	2	2	2	2	2	2	2	2	2	2	2	2	1	2	2	2	2	2	2	2	2	2	2	2	2	2	2	2	2	1	2	2	2	2	2	2	2	2	1	2	1	2	2	2	2	2	2	2	2	2	2	2	2	2	2	NA	NA	NA	2	2	1	2	2	2	2	2	2	2	2	2	1	2	2	2	2	2	2	2	2	2	2	2	2	1	NA	NA	1	2	2	2	2	2	2	2	2	1	2	2	2	1	2	2	2	1	2	2	2	2	2	2	2	2	2	2	2	2	2	1	2	2	2	2	2	0	0	2	2	2	2	2	2	2	2	2	2	2	2	2	2	2	2	2	1	2	2	2	2	2	2	1	2	2	2	2	2	2	2	1	2	2	2	2	2	2	2	2	2	2	2	2	2	2>>
