Registered S3 methods overwritten by 'susieSlide':
  method              from  
  coef.susie          susieR
  predict.susie       susieR
  print.summary.susie susieR
  summary.susie       susieR
Job 167: 1/400
Job 167: 2/400
Job 167: 3/400
Job 167: 4/400
Job 167: 5/400
Job 167: 6/400
Job 167: 7/400
Job 167: 8/400
Job 167: 9/400
Job 167: 10/400
Job 167: 11/400
Job 167: 12/400
Job 167: 13/400
Job 167: 14/400
Job 167: 15/400
Job 167: 16/400
Job 167: 17/400
Job 167: 18/400
Job 167: 19/400
Job 167: 20/400
Job 167: 21/400
Job 167: 22/400
Job 167: 23/400
Job 167: 24/400
Job 167: 25/400
Job 167: 26/400
Job 167: 27/400
Job 167: 28/400
Job 167: 29/400
Job 167: 30/400
Job 167: 31/400
Job 167: 32/400
Job 167: 33/400
Job 167: 34/400
Job 167: 35/400
Job 167: 36/400
Job 167: 37/400
Job 167: 38/400
Job 167: 39/400
Job 167: 40/400
Job 167: 41/400
Job 167: 42/400
Job 167: 43/400
Job 167: 44/400
Job 167: 45/400
Job 167: 46/400
Job 167: 47/400
Job 167: 48/400
Job 167: 49/400
Job 167: 50/400
Job 167: 51/400
Job 167: 52/400
Job 167: 53/400
Job 167: 54/400
Job 167: 55/400
Job 167: 56/400
Job 167: 57/400
Job 167: 58/400
Job 167: 59/400
Job 167: 60/400
Job 167: 61/400
Job 167: 62/400
Job 167: 63/400
Job 167: 64/400
Job 167: 65/400
Job 167: 66/400
Job 167: 67/400
Job 167: 68/400
Job 167: 69/400
Job 167: 70/400
Job 167: 71/400
Job 167: 72/400
Job 167: 73/400
Job 167: 74/400
Job 167: 75/400
Job 167: 76/400
Job 167: 77/400
Job 167: 78/400
Job 167: 79/400
Job 167: 80/400
Job 167: 81/400
Job 167: 82/400
Job 167: 83/400
Job 167: 84/400
Job 167: 85/400
Job 167: 86/400
Job 167: 87/400
Job 167: 88/400
Job 167: 89/400
Job 167: 90/400
Job 167: 91/400
Job 167: 92/400
Job 167: 93/400
Job 167: 94/400
Job 167: 95/400
Job 167: 96/400
Job 167: 97/400
Job 167: 98/400
Job 167: 99/400
Job 167: 100/400
Job 167: 101/400
Job 167: 102/400
Job 167: 103/400
Job 167: 104/400
Job 167: 105/400
Job 167: 106/400
Job 167: 107/400
Job 167: 108/400
Job 167: 109/400
Job 167: 110/400
Job 167: 111/400
Job 167: 112/400
Job 167: 113/400
Job 167: 114/400
Job 167: 115/400
Job 167: 116/400
Job 167: 117/400
Job 167: 118/400
Job 167: 119/400
Job 167: 120/400
Job 167: 121/400
Job 167: 122/400
Job 167: 123/400
Job 167: 124/400
Job 167: 125/400
Job 167: 126/400
Job 167: 127/400
Job 167: 128/400
Job 167: 129/400
Job 167: 130/400
Job 167: 131/400
Job 167: 132/400
Job 167: 133/400
Job 167: 134/400
Job 167: 135/400
Job 167: 136/400
Job 167: 137/400
Job 167: 138/400
Job 167: 139/400
Job 167: 140/400
Job 167: 141/400
Job 167: 142/400
Job 167: 143/400
Job 167: 144/400
Job 167: 145/400
Job 167: 146/400
Job 167: 147/400
Job 167: 148/400
Job 167: 149/400
Job 167: 150/400
Job 167: 151/400
Job 167: 152/400
Job 167: 153/400
Job 167: 154/400
Job 167: 155/400
Job 167: 156/400
Job 167: 157/400
Job 167: 158/400
Job 167: 159/400
Job 167: 160/400
Job 167: 161/400
Job 167: 162/400
Job 167: 163/400
Job 167: 164/400
Job 167: 165/400
Job 167: 166/400
Job 167: 167/400
Job 167: 168/400
Job 167: 169/400
Job 167: 170/400
Job 167: 171/400
Job 167: 172/400
Job 167: 173/400
Job 167: 174/400
Job 167: 175/400
Job 167: 176/400
Job 167: 177/400
Job 167: 178/400
Job 167: 179/400
Job 167: 180/400
Job 167: 181/400
Job 167: 182/400
Job 167: 183/400
Job 167: 184/400
Job 167: 185/400
Job 167: 186/400
Job 167: 187/400
Job 167: 188/400
Job 167: 189/400
Job 167: 190/400
Job 167: 191/400
Job 167: 192/400
Job 167: 193/400
Job 167: 194/400
Job 167: 195/400
Job 167: 196/400
Job 167: 197/400
Job 167: 198/400
Job 167: 199/400
Job 167: 200/400
Job 167: 201/400
Job 167: 202/400
Job 167: 203/400
Job 167: 204/400
Job 167: 205/400
Job 167: 206/400
Job 167: 207/400
Job 167: 208/400
Job 167: 209/400
Job 167: 210/400
Job 167: 211/400
Job 167: 212/400
Job 167: 213/400
Job 167: 214/400
Job 167: 215/400
Job 167: 216/400
Job 167: 217/400
Job 167: 218/400
Job 167: 219/400
Job 167: 220/400
Job 167: 221/400
Job 167: 222/400
Job 167: 223/400
Job 167: 224/400
Job 167: 225/400
Job 167: 226/400
Job 167: 227/400
Job 167: 228/400
Job 167: 229/400
Job 167: 230/400
Job 167: 231/400
Job 167: 232/400
Job 167: 233/400
Job 167: 234/400
Job 167: 235/400
Job 167: 236/400
Job 167: 237/400
Job 167: 238/400
Job 167: 239/400
Job 167: 240/400
Job 167: 241/400
Job 167: 242/400
Job 167: 243/400
Job 167: 244/400
Job 167: 245/400
Job 167: 246/400
Job 167: 247/400
Job 167: 248/400
Job 167: 249/400
Job 167: 250/400
Job 167: 251/400
Job 167: 252/400
Job 167: 253/400
Job 167: 254/400
Job 167: 255/400
Job 167: 256/400
Job 167: 257/400
Job 167: 258/400
Job 167: 259/400
Job 167: 260/400
Job 167: 261/400
Job 167: 262/400
Job 167: 263/400
Job 167: 264/400
Job 167: 265/400
Job 167: 266/400
Job 167: 267/400
Job 167: 268/400
Job 167: 269/400
Job 167: 270/400
Job 167: 271/400
Job 167: 272/400
Job 167: 273/400
Job 167: 274/400
Job 167: 275/400
Job 167: 276/400
Job 167: 277/400
Job 167: 278/400
Job 167: 279/400
Job 167: 280/400
Job 167: 281/400
Job 167: 282/400
Job 167: 283/400
Job 167: 284/400
Job 167: 285/400
Job 167: 286/400
Job 167: 287/400
Job 167: 288/400
Job 167: 289/400
Job 167: 290/400
Job 167: 291/400
Job 167: 292/400
Job 167: 293/400
Job 167: 294/400
Job 167: 295/400
Job 167: 296/400
Job 167: 297/400
Job 167: 298/400
Job 167: 299/400
Job 167: 300/400
Job 167: 301/400
Job 167: 302/400
Job 167: 303/400
Job 167: 304/400
Job 167: 305/400
Job 167: 306/400
Job 167: 307/400
Job 167: 308/400
Job 167: 309/400
Job 167: 310/400
Job 167: 311/400
Job 167: 312/400
Job 167: 313/400
Job 167: 314/400
Job 167: 315/400
Job 167: 316/400
Job 167: 317/400
Job 167: 318/400
Job 167: 319/400
Job 167: 320/400
Job 167: 321/400
Job 167: 322/400
Job 167: 323/400
Job 167: 324/400
Job 167: 325/400
Job 167: 326/400
Job 167: 327/400
Job 167: 328/400
Job 167: 329/400
Job 167: 330/400
Job 167: 331/400
Job 167: 332/400
Job 167: 333/400
Job 167: 334/400
Job 167: 335/400
Job 167: 336/400
Job 167: 337/400
Job 167: 338/400
Job 167: 339/400
Job 167: 340/400
Job 167: 341/400
Job 167: 342/400
Job 167: 343/400
Job 167: 344/400
Job 167: 345/400
Job 167: 346/400
Job 167: 347/400
Job 167: 348/400
Job 167: 349/400
Job 167: 350/400
Job 167: 351/400
Job 167: 352/400
Job 167: 353/400
Job 167: 354/400
Job 167: 355/400
Job 167: 356/400
Job 167: 357/400
Job 167: 358/400
Job 167: 359/400
Job 167: 360/400
Job 167: 361/400
Job 167: 362/400
Job 167: 363/400
Job 167: 364/400
Job 167: 365/400
Job 167: 366/400
Job 167: 367/400
Job 167: 368/400
Job 167: 369/400
Job 167: 370/400
Job 167: 371/400
Job 167: 372/400
Job 167: 373/400
Job 167: 374/400
Job 167: 375/400
Job 167: 376/400
Job 167: 377/400
Job 167: 378/400
Job 167: 379/400
Job 167: 380/400
Job 167: 381/400
Job 167: 382/400
Job 167: 383/400
Job 167: 384/400
Job 167: 385/400
Job 167: 386/400
Job 167: 387/400
Job 167: 388/400
Job 167: 389/400
Job 167: 390/400
Job 167: 391/400
Job 167: 392/400
Job 167: 393/400
Job 167: 394/400
Job 167: 395/400
Job 167: 396/400
Job 167: 397/400
Job 167: 398/400
Job 167: 399/400
Job 167: 400/400
