Registered S3 methods overwritten by 'susieSlide':
  method              from  
  coef.susie          susieR
  predict.susie       susieR
  print.summary.susie susieR
  summary.susie       susieR
Job 407: 1/400
Job 407: 2/400
Job 407: 3/400
Job 407: 4/400
Job 407: 5/400
Job 407: 6/400
Job 407: 7/400
Job 407: 8/400
Job 407: 9/400
Job 407: 10/400
Job 407: 11/400
Job 407: 12/400
Job 407: 13/400
Job 407: 14/400
Job 407: 15/400
Job 407: 16/400
Job 407: 17/400
Job 407: 18/400
Job 407: 19/400
Job 407: 20/400
Job 407: 21/400
Job 407: 22/400
Job 407: 23/400
Job 407: 24/400
Job 407: 25/400
Job 407: 26/400
Job 407: 27/400
Job 407: 28/400
Job 407: 29/400
Job 407: 30/400
Job 407: 31/400
Job 407: 32/400
Job 407: 33/400
Job 407: 34/400
Job 407: 35/400
Job 407: 36/400
Job 407: 37/400
Job 407: 38/400
Job 407: 39/400
Job 407: 40/400
Job 407: 41/400
Job 407: 42/400
Job 407: 43/400
Job 407: 44/400
Job 407: 45/400
Job 407: 46/400
Job 407: 47/400
Job 407: 48/400
Job 407: 49/400
Job 407: 50/400
Job 407: 51/400
Job 407: 52/400
Job 407: 53/400
Job 407: 54/400
Job 407: 55/400
Job 407: 56/400
Job 407: 57/400
Job 407: 58/400
Job 407: 59/400
Job 407: 60/400
Job 407: 61/400
Job 407: 62/400
Job 407: 63/400
Job 407: 64/400
Job 407: 65/400
Job 407: 66/400
Job 407: 67/400
Job 407: 68/400
Job 407: 69/400
Job 407: 70/400
Job 407: 71/400
Job 407: 72/400
Job 407: 73/400
Job 407: 74/400
Job 407: 75/400
Job 407: 76/400
Job 407: 77/400
Job 407: 78/400
Job 407: 79/400
Job 407: 80/400
Job 407: 81/400
Job 407: 82/400
Job 407: 83/400
Job 407: 84/400
Job 407: 85/400
Job 407: 86/400
Job 407: 87/400
Job 407: 88/400
Job 407: 89/400
Job 407: 90/400
Job 407: 91/400
Job 407: 92/400
Job 407: 93/400
Job 407: 94/400
Job 407: 95/400
Job 407: 96/400
Job 407: 97/400
Job 407: 98/400
Job 407: 99/400
Job 407: 100/400
Job 407: 101/400
Job 407: 102/400
Job 407: 103/400
Job 407: 104/400
Job 407: 105/400
Job 407: 106/400
Job 407: 107/400
Job 407: 108/400
Job 407: 109/400
Job 407: 110/400
Job 407: 111/400
Job 407: 112/400
Job 407: 113/400
Job 407: 114/400
Job 407: 115/400
Job 407: 116/400
Job 407: 117/400
Job 407: 118/400
Job 407: 119/400
Job 407: 120/400
Job 407: 121/400
Job 407: 122/400
Job 407: 123/400
Job 407: 124/400
Job 407: 125/400
Job 407: 126/400
Job 407: 127/400
Job 407: 128/400
Job 407: 129/400
Job 407: 130/400
Job 407: 131/400
Job 407: 132/400
Job 407: 133/400
Job 407: 134/400
Job 407: 135/400
Job 407: 136/400
Job 407: 137/400
Job 407: 138/400
Job 407: 139/400
Job 407: 140/400
Job 407: 141/400
Job 407: 142/400
Job 407: 143/400
Job 407: 144/400
Job 407: 145/400
Job 407: 146/400
Job 407: 147/400
Job 407: 148/400
Job 407: 149/400
Job 407: 150/400
Job 407: 151/400
Job 407: 152/400
Job 407: 153/400
Job 407: 154/400
Job 407: 155/400
Job 407: 156/400
Job 407: 157/400
Job 407: 158/400
Job 407: 159/400
Job 407: 160/400
Job 407: 161/400
Job 407: 162/400
Job 407: 163/400
Job 407: 164/400
Job 407: 165/400
Job 407: 166/400
Job 407: 167/400
Job 407: 168/400
Job 407: 169/400
Job 407: 170/400
Job 407: 171/400
Job 407: 172/400
Job 407: 173/400
Job 407: 174/400
Job 407: 175/400
Job 407: 176/400
Job 407: 177/400
Job 407: 178/400
Job 407: 179/400
Job 407: 180/400
Job 407: 181/400
Job 407: 182/400
Job 407: 183/400
Job 407: 184/400
Job 407: 185/400
Job 407: 186/400
Job 407: 187/400
Job 407: 188/400
Job 407: 189/400
Job 407: 190/400
Job 407: 191/400
Job 407: 192/400
Job 407: 193/400
Job 407: 194/400
Job 407: 195/400
Job 407: 196/400
Job 407: 197/400
Job 407: 198/400
Job 407: 199/400
Job 407: 200/400
Job 407: 201/400
Job 407: 202/400
Job 407: 203/400
Job 407: 204/400
Job 407: 205/400
Job 407: 206/400
Job 407: 207/400
Job 407: 208/400
Job 407: 209/400
Job 407: 210/400
Job 407: 211/400
Job 407: 212/400
Job 407: 213/400
Job 407: 214/400
Job 407: 215/400
Job 407: 216/400
Job 407: 217/400
Job 407: 218/400
Job 407: 219/400
Job 407: 220/400
Job 407: 221/400
Job 407: 222/400
Job 407: 223/400
Job 407: 224/400
Job 407: 225/400
Job 407: 226/400
Job 407: 227/400
Job 407: 228/400
Job 407: 229/400
Job 407: 230/400
Job 407: 231/400
Job 407: 232/400
Job 407: 233/400
Job 407: 234/400
Job 407: 235/400
Job 407: 236/400
Job 407: 237/400
Job 407: 238/400
Job 407: 239/400
Job 407: 240/400
Job 407: 241/400
Job 407: 242/400
Job 407: 243/400
Job 407: 244/400
Job 407: 245/400
Job 407: 246/400
Job 407: 247/400
Job 407: 248/400
Job 407: 249/400
Job 407: 250/400
Job 407: 251/400
Job 407: 252/400
Job 407: 253/400
Job 407: 254/400
Job 407: 255/400
Job 407: 256/400
Job 407: 257/400
Job 407: 258/400
Job 407: 259/400
Job 407: 260/400
Job 407: 261/400
Job 407: 262/400
Job 407: 263/400
Job 407: 264/400
Job 407: 265/400
Job 407: 266/400
Job 407: 267/400
Job 407: 268/400
Job 407: 269/400
Job 407: 270/400
Job 407: 271/400
Job 407: 272/400
Job 407: 273/400
Job 407: 274/400
Job 407: 275/400
Job 407: 276/400
Job 407: 277/400
Job 407: 278/400
Job 407: 279/400
Job 407: 280/400
Job 407: 281/400
Job 407: 282/400
Job 407: 283/400
Job 407: 284/400
Job 407: 285/400
Job 407: 286/400
Job 407: 287/400
Job 407: 288/400
Job 407: 289/400
Job 407: 290/400
Job 407: 291/400
Job 407: 292/400
Job 407: 293/400
Job 407: 294/400
Job 407: 295/400
Job 407: 296/400
Job 407: 297/400
Job 407: 298/400
Job 407: 299/400
Job 407: 300/400
Job 407: 301/400
Job 407: 302/400
Job 407: 303/400
Job 407: 304/400
Job 407: 305/400
Job 407: 306/400
Job 407: 307/400
Job 407: 308/400
Job 407: 309/400
Job 407: 310/400
Job 407: 311/400
Job 407: 312/400
Job 407: 313/400
Job 407: 314/400
Job 407: 315/400
Job 407: 316/400
Job 407: 317/400
Job 407: 318/400
Job 407: 319/400
Job 407: 320/400
Job 407: 321/400
Job 407: 322/400
Job 407: 323/400
Job 407: 324/400
Job 407: 325/400
Job 407: 326/400
Job 407: 327/400
Job 407: 328/400
Job 407: 329/400
Job 407: 330/400
Job 407: 331/400
Job 407: 332/400
Job 407: 333/400
Job 407: 334/400
Job 407: 335/400
Job 407: 336/400
Job 407: 337/400
Job 407: 338/400
Job 407: 339/400
Job 407: 340/400
Job 407: 341/400
Job 407: 342/400
Job 407: 343/400
Job 407: 344/400
Job 407: 345/400
Job 407: 346/400
Job 407: 347/400
Job 407: 348/400
Job 407: 349/400
Job 407: 350/400
Job 407: 351/400
Job 407: 352/400
Job 407: 353/400
Job 407: 354/400
Job 407: 355/400
Job 407: 356/400
Job 407: 357/400
Job 407: 358/400
Job 407: 359/400
Job 407: 360/400
Job 407: 361/400
Job 407: 362/400
Job 407: 363/400
Job 407: 364/400
Job 407: 365/400
Job 407: 366/400
Job 407: 367/400
Job 407: 368/400
Job 407: 369/400
Job 407: 370/400
Job 407: 371/400
Job 407: 372/400
Job 407: 373/400
Job 407: 374/400
Job 407: 375/400
Job 407: 376/400
Job 407: 377/400
Job 407: 378/400
Job 407: 379/400
Job 407: 380/400
Job 407: 381/400
Job 407: 382/400
Job 407: 383/400
Job 407: 384/400
Job 407: 385/400
Job 407: 386/400
Job 407: 387/400
Job 407: 388/400
Job 407: 389/400
Job 407: 390/400
Job 407: 391/400
Job 407: 392/400
Job 407: 393/400
Job 407: 394/400
Job 407: 395/400
Job 407: 396/400
Job 407: 397/400
Job 407: 398/400
Job 407: 399/400
Job 407: 400/400
