Registered S3 methods overwritten by 'susieSlide':
  method              from  
  coef.susie          susieR
  predict.susie       susieR
  print.summary.susie susieR
  summary.susie       susieR
Job 89: 1/400
Job 89: 2/400
Job 89: 3/400
Job 89: 4/400
Job 89: 5/400
Job 89: 6/400
Job 89: 7/400
Job 89: 8/400
Job 89: 9/400
Job 89: 10/400
Job 89: 11/400
Job 89: 12/400
Job 89: 13/400
Job 89: 14/400
Job 89: 15/400
Job 89: 16/400
Job 89: 17/400
Job 89: 18/400
Job 89: 19/400
Job 89: 20/400
Job 89: 21/400
Job 89: 22/400
Job 89: 23/400
Job 89: 24/400
Job 89: 25/400
Job 89: 26/400
Job 89: 27/400
Job 89: 28/400
Job 89: 29/400
Job 89: 30/400
Job 89: 31/400
Job 89: 32/400
Job 89: 33/400
Job 89: 34/400
Job 89: 35/400
Job 89: 36/400
Job 89: 37/400
Job 89: 38/400
Job 89: 39/400
Job 89: 40/400
Job 89: 41/400
Job 89: 42/400
Job 89: 43/400
Job 89: 44/400
Job 89: 45/400
Job 89: 46/400
Job 89: 47/400
Job 89: 48/400
Job 89: 49/400
Job 89: 50/400
Job 89: 51/400
Job 89: 52/400
Job 89: 53/400
Job 89: 54/400
Job 89: 55/400
Job 89: 56/400
Job 89: 57/400
Job 89: 58/400
Job 89: 59/400
Job 89: 60/400
Job 89: 61/400
Job 89: 62/400
Job 89: 63/400
Job 89: 64/400
Job 89: 65/400
Job 89: 66/400
Job 89: 67/400
Job 89: 68/400
Job 89: 69/400
Job 89: 70/400
Job 89: 71/400
Job 89: 72/400
Job 89: 73/400
Job 89: 74/400
Job 89: 75/400
Job 89: 76/400
Job 89: 77/400
Job 89: 78/400
Job 89: 79/400
Job 89: 80/400
Job 89: 81/400
Job 89: 82/400
Job 89: 83/400
Job 89: 84/400
Job 89: 85/400
Job 89: 86/400
Job 89: 87/400
Job 89: 88/400
Job 89: 89/400
Job 89: 90/400
Job 89: 91/400
Job 89: 92/400
Job 89: 93/400
Job 89: 94/400
Job 89: 95/400
Job 89: 96/400
Job 89: 97/400
Job 89: 98/400
Job 89: 99/400
Job 89: 100/400
Job 89: 101/400
Job 89: 102/400
Job 89: 103/400
Job 89: 104/400
Job 89: 105/400
Job 89: 106/400
Job 89: 107/400
Job 89: 108/400
Job 89: 109/400
Job 89: 110/400
Job 89: 111/400
Job 89: 112/400
Job 89: 113/400
Job 89: 114/400
Job 89: 115/400
Job 89: 116/400
Job 89: 117/400
Job 89: 118/400
Job 89: 119/400
Job 89: 120/400
Job 89: 121/400
Job 89: 122/400
Job 89: 123/400
Job 89: 124/400
Job 89: 125/400
Job 89: 126/400
Job 89: 127/400
Job 89: 128/400
Job 89: 129/400
Job 89: 130/400
Job 89: 131/400
Job 89: 132/400
Job 89: 133/400
Job 89: 134/400
Job 89: 135/400
Job 89: 136/400
Job 89: 137/400
Job 89: 138/400
Job 89: 139/400
Job 89: 140/400
Job 89: 141/400
Job 89: 142/400
Job 89: 143/400
Job 89: 144/400
Job 89: 145/400
Job 89: 146/400
Job 89: 147/400
Job 89: 148/400
Job 89: 149/400
Job 89: 150/400
Job 89: 151/400
Job 89: 152/400
Job 89: 153/400
Job 89: 154/400
Job 89: 155/400
Job 89: 156/400
Job 89: 157/400
Job 89: 158/400
Job 89: 159/400
Job 89: 160/400
Job 89: 161/400
Job 89: 162/400
Job 89: 163/400
Job 89: 164/400
Job 89: 165/400
Job 89: 166/400
Job 89: 167/400
Job 89: 168/400
Job 89: 169/400
Job 89: 170/400
Job 89: 171/400
Job 89: 172/400
Job 89: 173/400
Job 89: 174/400
Job 89: 175/400
Job 89: 176/400
Job 89: 177/400
Job 89: 178/400
Job 89: 179/400
Job 89: 180/400
Job 89: 181/400
Job 89: 182/400
Job 89: 183/400
Job 89: 184/400
Job 89: 185/400
Job 89: 186/400
Job 89: 187/400
Job 89: 188/400
Job 89: 189/400
Job 89: 190/400
Job 89: 191/400
Job 89: 192/400
Job 89: 193/400
Job 89: 194/400
Job 89: 195/400
Job 89: 196/400
Job 89: 197/400
Job 89: 198/400
Job 89: 199/400
Job 89: 200/400
Job 89: 201/400
Job 89: 202/400
Job 89: 203/400
Job 89: 204/400
Job 89: 205/400
Job 89: 206/400
Job 89: 207/400
Job 89: 208/400
Job 89: 209/400
Job 89: 210/400
Job 89: 211/400
Job 89: 212/400
Job 89: 213/400
Job 89: 214/400
Job 89: 215/400
Job 89: 216/400
Job 89: 217/400
Job 89: 218/400
Job 89: 219/400
Job 89: 220/400
Job 89: 221/400
Job 89: 222/400
Job 89: 223/400
Job 89: 224/400
Job 89: 225/400
Job 89: 226/400
Job 89: 227/400
Job 89: 228/400
Job 89: 229/400
Job 89: 230/400
Job 89: 231/400
Job 89: 232/400
Job 89: 233/400
Job 89: 234/400
Job 89: 235/400
Job 89: 236/400
Job 89: 237/400
Job 89: 238/400
Job 89: 239/400
Job 89: 240/400
Job 89: 241/400
Job 89: 242/400
Job 89: 243/400
Job 89: 244/400
Job 89: 245/400
Job 89: 246/400
Job 89: 247/400
Job 89: 248/400
Job 89: 249/400
Job 89: 250/400
Job 89: 251/400
Job 89: 252/400
Job 89: 253/400
Job 89: 254/400
Job 89: 255/400
Job 89: 256/400
Job 89: 257/400
Job 89: 258/400
Job 89: 259/400
Job 89: 260/400
Job 89: 261/400
Job 89: 262/400
Job 89: 263/400
Job 89: 264/400
Job 89: 265/400
Job 89: 266/400
Job 89: 267/400
Job 89: 268/400
Job 89: 269/400
Job 89: 270/400
Job 89: 271/400
Job 89: 272/400
Job 89: 273/400
Job 89: 274/400
Job 89: 275/400
Job 89: 276/400
Job 89: 277/400
Job 89: 278/400
Job 89: 279/400
Job 89: 280/400
Job 89: 281/400
Job 89: 282/400
Job 89: 283/400
Job 89: 284/400
Job 89: 285/400
Job 89: 286/400
Job 89: 287/400
Job 89: 288/400
Job 89: 289/400
Job 89: 290/400
Job 89: 291/400
Job 89: 292/400
Job 89: 293/400
Job 89: 294/400
Job 89: 295/400
Job 89: 296/400
Job 89: 297/400
Job 89: 298/400
Job 89: 299/400
Job 89: 300/400
Job 89: 301/400
Job 89: 302/400
Job 89: 303/400
Job 89: 304/400
Job 89: 305/400
Job 89: 306/400
Job 89: 307/400
Job 89: 308/400
Job 89: 309/400
Job 89: 310/400
Job 89: 311/400
Job 89: 312/400
Job 89: 313/400
Job 89: 314/400
Job 89: 315/400
Job 89: 316/400
Job 89: 317/400
Job 89: 318/400
Job 89: 319/400
Job 89: 320/400
Job 89: 321/400
Job 89: 322/400
Job 89: 323/400
Job 89: 324/400
Job 89: 325/400
Job 89: 326/400
Job 89: 327/400
Job 89: 328/400
Job 89: 329/400
Job 89: 330/400
Job 89: 331/400
Job 89: 332/400
Job 89: 333/400
Job 89: 334/400
Job 89: 335/400
Job 89: 336/400
Job 89: 337/400
Job 89: 338/400
Job 89: 339/400
Job 89: 340/400
Job 89: 341/400
Job 89: 342/400
Job 89: 343/400
Job 89: 344/400
Job 89: 345/400
Job 89: 346/400
Job 89: 347/400
Job 89: 348/400
Job 89: 349/400
Job 89: 350/400
Job 89: 351/400
Job 89: 352/400
Job 89: 353/400
Job 89: 354/400
Job 89: 355/400
Job 89: 356/400
Job 89: 357/400
Job 89: 358/400
Job 89: 359/400
Job 89: 360/400
Job 89: 361/400
Job 89: 362/400
Job 89: 363/400
Job 89: 364/400
Job 89: 365/400
Job 89: 366/400
Job 89: 367/400
Job 89: 368/400
Job 89: 369/400
Job 89: 370/400
Job 89: 371/400
Job 89: 372/400
Job 89: 373/400
Job 89: 374/400
Job 89: 375/400
Job 89: 376/400
Job 89: 377/400
Job 89: 378/400
Job 89: 379/400
Job 89: 380/400
Job 89: 381/400
Job 89: 382/400
Job 89: 383/400
Job 89: 384/400
Job 89: 385/400
Job 89: 386/400
Job 89: 387/400
Job 89: 388/400
Job 89: 389/400
Job 89: 390/400
Job 89: 391/400
Job 89: 392/400
Job 89: 393/400
Job 89: 394/400
Job 89: 395/400
Job 89: 396/400
Job 89: 397/400
Job 89: 398/400
Job 89: 399/400
Job 89: 400/400
