Registered S3 methods overwritten by 'susieSlide':
  method              from  
  coef.susie          susieR
  predict.susie       susieR
  print.summary.susie susieR
  summary.susie       susieR
Job 472: 1/400
Job 472: 2/400
Job 472: 3/400
Job 472: 4/400
Job 472: 5/400
Job 472: 6/400
Job 472: 7/400
Job 472: 8/400
Job 472: 9/400
Job 472: 10/400
Job 472: 11/400
Job 472: 12/400
Job 472: 13/400
Job 472: 14/400
Job 472: 15/400
Job 472: 16/400
Job 472: 17/400
Job 472: 18/400
Job 472: 19/400
Job 472: 20/400
Job 472: 21/400
Job 472: 22/400
Job 472: 23/400
Job 472: 24/400
Job 472: 25/400
Job 472: 26/400
Job 472: 27/400
Job 472: 28/400
Job 472: 29/400
Job 472: 30/400
Job 472: 31/400
Job 472: 32/400
Job 472: 33/400
Job 472: 34/400
Job 472: 35/400
Job 472: 36/400
Job 472: 37/400
Job 472: 38/400
Job 472: 39/400
Job 472: 40/400
Job 472: 41/400
Job 472: 42/400
Job 472: 43/400
Job 472: 44/400
Job 472: 45/400
Job 472: 46/400
Job 472: 47/400
Job 472: 48/400
Job 472: 49/400
Job 472: 50/400
Job 472: 51/400
Job 472: 52/400
Job 472: 53/400
Job 472: 54/400
Job 472: 55/400
Job 472: 56/400
Job 472: 57/400
Job 472: 58/400
Job 472: 59/400
Job 472: 60/400
Job 472: 61/400
Job 472: 62/400
Job 472: 63/400
Job 472: 64/400
Job 472: 65/400
Job 472: 66/400
Job 472: 67/400
Job 472: 68/400
Job 472: 69/400
Job 472: 70/400
Job 472: 71/400
Job 472: 72/400
Job 472: 73/400
Job 472: 74/400
Job 472: 75/400
Job 472: 76/400
Job 472: 77/400
Job 472: 78/400
Job 472: 79/400
Job 472: 80/400
Job 472: 81/400
Job 472: 82/400
Job 472: 83/400
Job 472: 84/400
Job 472: 85/400
Job 472: 86/400
Job 472: 87/400
Job 472: 88/400
Job 472: 89/400
Job 472: 90/400
Job 472: 91/400
Job 472: 92/400
Job 472: 93/400
Job 472: 94/400
Job 472: 95/400
Job 472: 96/400
Job 472: 97/400
Job 472: 98/400
Job 472: 99/400
Job 472: 100/400
Job 472: 101/400
Job 472: 102/400
Job 472: 103/400
Job 472: 104/400
Job 472: 105/400
Job 472: 106/400
Job 472: 107/400
Job 472: 108/400
Job 472: 109/400
Job 472: 110/400
Job 472: 111/400
Job 472: 112/400
Job 472: 113/400
Job 472: 114/400
Job 472: 115/400
Job 472: 116/400
Job 472: 117/400
Job 472: 118/400
Job 472: 119/400
Job 472: 120/400
Job 472: 121/400
Job 472: 122/400
Job 472: 123/400
Job 472: 124/400
Job 472: 125/400
Job 472: 126/400
Job 472: 127/400
Job 472: 128/400
Job 472: 129/400
Job 472: 130/400
Job 472: 131/400
Job 472: 132/400
Job 472: 133/400
Job 472: 134/400
Job 472: 135/400
Job 472: 136/400
Job 472: 137/400
Job 472: 138/400
Job 472: 139/400
Job 472: 140/400
Job 472: 141/400
Job 472: 142/400
Job 472: 143/400
Job 472: 144/400
Job 472: 145/400
Job 472: 146/400
Job 472: 147/400
Job 472: 148/400
Job 472: 149/400
Job 472: 150/400
Job 472: 151/400
Job 472: 152/400
Job 472: 153/400
Job 472: 154/400
Job 472: 155/400
Job 472: 156/400
Job 472: 157/400
Job 472: 158/400
Job 472: 159/400
Job 472: 160/400
Job 472: 161/400
Job 472: 162/400
Job 472: 163/400
Job 472: 164/400
Job 472: 165/400
Job 472: 166/400
Job 472: 167/400
Job 472: 168/400
Job 472: 169/400
Job 472: 170/400
Job 472: 171/400
Job 472: 172/400
Job 472: 173/400
Job 472: 174/400
Job 472: 175/400
Job 472: 176/400
Job 472: 177/400
Job 472: 178/400
Job 472: 179/400
Job 472: 180/400
Job 472: 181/400
Job 472: 182/400
Job 472: 183/400
Job 472: 184/400
Job 472: 185/400
Job 472: 186/400
Job 472: 187/400
Job 472: 188/400
Job 472: 189/400
Job 472: 190/400
Job 472: 191/400
Job 472: 192/400
Job 472: 193/400
Job 472: 194/400
Job 472: 195/400
Job 472: 196/400
Job 472: 197/400
Job 472: 198/400
Job 472: 199/400
Job 472: 200/400
Job 472: 201/400
Job 472: 202/400
Job 472: 203/400
Job 472: 204/400
Job 472: 205/400
Job 472: 206/400
Job 472: 207/400
Job 472: 208/400
Job 472: 209/400
Job 472: 210/400
Job 472: 211/400
Job 472: 212/400
Job 472: 213/400
Job 472: 214/400
Job 472: 215/400
Job 472: 216/400
Job 472: 217/400
Job 472: 218/400
Job 472: 219/400
Job 472: 220/400
Job 472: 221/400
Job 472: 222/400
Job 472: 223/400
Job 472: 224/400
Job 472: 225/400
Job 472: 226/400
Job 472: 227/400
Job 472: 228/400
Job 472: 229/400
Job 472: 230/400
Job 472: 231/400
Job 472: 232/400
Job 472: 233/400
Job 472: 234/400
Job 472: 235/400
Job 472: 236/400
Job 472: 237/400
Job 472: 238/400
Job 472: 239/400
Job 472: 240/400
Job 472: 241/400
Job 472: 242/400
Job 472: 243/400
Job 472: 244/400
Job 472: 245/400
Job 472: 246/400
Job 472: 247/400
Job 472: 248/400
Job 472: 249/400
Job 472: 250/400
Job 472: 251/400
Job 472: 252/400
Job 472: 253/400
Job 472: 254/400
Job 472: 255/400
Job 472: 256/400
Job 472: 257/400
Job 472: 258/400
Job 472: 259/400
Job 472: 260/400
Job 472: 261/400
Job 472: 262/400
Job 472: 263/400
Job 472: 264/400
Job 472: 265/400
Job 472: 266/400
Job 472: 267/400
Job 472: 268/400
Job 472: 269/400
Job 472: 270/400
Job 472: 271/400
Job 472: 272/400
Job 472: 273/400
Job 472: 274/400
Job 472: 275/400
Job 472: 276/400
Job 472: 277/400
Job 472: 278/400
Job 472: 279/400
Job 472: 280/400
Job 472: 281/400
Job 472: 282/400
Job 472: 283/400
Job 472: 284/400
Job 472: 285/400
Job 472: 286/400
Job 472: 287/400
Job 472: 288/400
Job 472: 289/400
Job 472: 290/400
Job 472: 291/400
Job 472: 292/400
Job 472: 293/400
Job 472: 294/400
Job 472: 295/400
Job 472: 296/400
Job 472: 297/400
Job 472: 298/400
Job 472: 299/400
Job 472: 300/400
Job 472: 301/400
Job 472: 302/400
Job 472: 303/400
Job 472: 304/400
Job 472: 305/400
Job 472: 306/400
Job 472: 307/400
Job 472: 308/400
Job 472: 309/400
Job 472: 310/400
Job 472: 311/400
Job 472: 312/400
Job 472: 313/400
Job 472: 314/400
Job 472: 315/400
Job 472: 316/400
Job 472: 317/400
Job 472: 318/400
Job 472: 319/400
Job 472: 320/400
Job 472: 321/400
Job 472: 322/400
Job 472: 323/400
Job 472: 324/400
Job 472: 325/400
Job 472: 326/400
Job 472: 327/400
Job 472: 328/400
Job 472: 329/400
Job 472: 330/400
Job 472: 331/400
Job 472: 332/400
Job 472: 333/400
Job 472: 334/400
Job 472: 335/400
Job 472: 336/400
Job 472: 337/400
Job 472: 338/400
Job 472: 339/400
Job 472: 340/400
Job 472: 341/400
Job 472: 342/400
Job 472: 343/400
Job 472: 344/400
Job 472: 345/400
Job 472: 346/400
Job 472: 347/400
Job 472: 348/400
Job 472: 349/400
Job 472: 350/400
Job 472: 351/400
Job 472: 352/400
Job 472: 353/400
Job 472: 354/400
Job 472: 355/400
Job 472: 356/400
Job 472: 357/400
Job 472: 358/400
Job 472: 359/400
Job 472: 360/400
Job 472: 361/400
Job 472: 362/400
Job 472: 363/400
Job 472: 364/400
Job 472: 365/400
Job 472: 366/400
Job 472: 367/400
Job 472: 368/400
Job 472: 369/400
Job 472: 370/400
Job 472: 371/400
Job 472: 372/400
Job 472: 373/400
Job 472: 374/400
Job 472: 375/400
Job 472: 376/400
Job 472: 377/400
Job 472: 378/400
Job 472: 379/400
Job 472: 380/400
Job 472: 381/400
Job 472: 382/400
Job 472: 383/400
Job 472: 384/400
Job 472: 385/400
Job 472: 386/400
Job 472: 387/400
Job 472: 388/400
Job 472: 389/400
Job 472: 390/400
Job 472: 391/400
Job 472: 392/400
Job 472: 393/400
Job 472: 394/400
Job 472: 395/400
Job 472: 396/400
Job 472: 397/400
Job 472: 398/400
Job 472: 399/400
Job 472: 400/400
