Registered S3 methods overwritten by 'susieSlide':
  method              from  
  coef.susie          susieR
  predict.susie       susieR
  print.summary.susie susieR
  summary.susie       susieR
Job 21: 1/400
Job 21: 2/400
Job 21: 3/400
Job 21: 4/400
Job 21: 5/400
Job 21: 6/400
Job 21: 7/400
Job 21: 8/400
Job 21: 9/400
Job 21: 10/400
Job 21: 11/400
Job 21: 12/400
Job 21: 13/400
Job 21: 14/400
Job 21: 15/400
Job 21: 16/400
Job 21: 17/400
Job 21: 18/400
Job 21: 19/400
Job 21: 20/400
Job 21: 21/400
Job 21: 22/400
Job 21: 23/400
Job 21: 24/400
Job 21: 25/400
Job 21: 26/400
Job 21: 27/400
Job 21: 28/400
Job 21: 29/400
Job 21: 30/400
Job 21: 31/400
Job 21: 32/400
Job 21: 33/400
Job 21: 34/400
Job 21: 35/400
Job 21: 36/400
Job 21: 37/400
Job 21: 38/400
Job 21: 39/400
Job 21: 40/400
Job 21: 41/400
Job 21: 42/400
Job 21: 43/400
Job 21: 44/400
Job 21: 45/400
Job 21: 46/400
Job 21: 47/400
Job 21: 48/400
Job 21: 49/400
Job 21: 50/400
Job 21: 51/400
Job 21: 52/400
Job 21: 53/400
Job 21: 54/400
Job 21: 55/400
Job 21: 56/400
Job 21: 57/400
Job 21: 58/400
Job 21: 59/400
Job 21: 60/400
Job 21: 61/400
Job 21: 62/400
Job 21: 63/400
Job 21: 64/400
Job 21: 65/400
Job 21: 66/400
Job 21: 67/400
Job 21: 68/400
Job 21: 69/400
Job 21: 70/400
Job 21: 71/400
Job 21: 72/400
Job 21: 73/400
Job 21: 74/400
Job 21: 75/400
Job 21: 76/400
Job 21: 77/400
Job 21: 78/400
Job 21: 79/400
Job 21: 80/400
Job 21: 81/400
Job 21: 82/400
Job 21: 83/400
Job 21: 84/400
Job 21: 85/400
Job 21: 86/400
Job 21: 87/400
Job 21: 88/400
Job 21: 89/400
Job 21: 90/400
Job 21: 91/400
Job 21: 92/400
Job 21: 93/400
Job 21: 94/400
Job 21: 95/400
Job 21: 96/400
Job 21: 97/400
Job 21: 98/400
Job 21: 99/400
Job 21: 100/400
Job 21: 101/400
Job 21: 102/400
Job 21: 103/400
Job 21: 104/400
Job 21: 105/400
Job 21: 106/400
Job 21: 107/400
Job 21: 108/400
Job 21: 109/400
Job 21: 110/400
Job 21: 111/400
Job 21: 112/400
Job 21: 113/400
Job 21: 114/400
Job 21: 115/400
Job 21: 116/400
Job 21: 117/400
Job 21: 118/400
Job 21: 119/400
Job 21: 120/400
Job 21: 121/400
Job 21: 122/400
Job 21: 123/400
Job 21: 124/400
Job 21: 125/400
Job 21: 126/400
Job 21: 127/400
Job 21: 128/400
Job 21: 129/400
Job 21: 130/400
Job 21: 131/400
Job 21: 132/400
Job 21: 133/400
Job 21: 134/400
Job 21: 135/400
Job 21: 136/400
Job 21: 137/400
Job 21: 138/400
Job 21: 139/400
Job 21: 140/400
Job 21: 141/400
Job 21: 142/400
Job 21: 143/400
Job 21: 144/400
Job 21: 145/400
Job 21: 146/400
Job 21: 147/400
Job 21: 148/400
Job 21: 149/400
Job 21: 150/400
Job 21: 151/400
Job 21: 152/400
Job 21: 153/400
Job 21: 154/400
Job 21: 155/400
Job 21: 156/400
Job 21: 157/400
Job 21: 158/400
Job 21: 159/400
Job 21: 160/400
Job 21: 161/400
Job 21: 162/400
Job 21: 163/400
Job 21: 164/400
Job 21: 165/400
Job 21: 166/400
Job 21: 167/400
Job 21: 168/400
Job 21: 169/400
Job 21: 170/400
Job 21: 171/400
Job 21: 172/400
Job 21: 173/400
Job 21: 174/400
Job 21: 175/400
Job 21: 176/400
Job 21: 177/400
Job 21: 178/400
Job 21: 179/400
Job 21: 180/400
Job 21: 181/400
Job 21: 182/400
Job 21: 183/400
Job 21: 184/400
Job 21: 185/400
Job 21: 186/400
Job 21: 187/400
Job 21: 188/400
Job 21: 189/400
Job 21: 190/400
Job 21: 191/400
Job 21: 192/400
Job 21: 193/400
Job 21: 194/400
Job 21: 195/400
Job 21: 196/400
Job 21: 197/400
Job 21: 198/400
Job 21: 199/400
Job 21: 200/400
Job 21: 201/400
Job 21: 202/400
Job 21: 203/400
Job 21: 204/400
Job 21: 205/400
Job 21: 206/400
Job 21: 207/400
Job 21: 208/400
Job 21: 209/400
Job 21: 210/400
Job 21: 211/400
Job 21: 212/400
Job 21: 213/400
Job 21: 214/400
Job 21: 215/400
Job 21: 216/400
Job 21: 217/400
Job 21: 218/400
Job 21: 219/400
Job 21: 220/400
Job 21: 221/400
Job 21: 222/400
Job 21: 223/400
Job 21: 224/400
Job 21: 225/400
Job 21: 226/400
Job 21: 227/400
Job 21: 228/400
Job 21: 229/400
Job 21: 230/400
Job 21: 231/400
Job 21: 232/400
Job 21: 233/400
Job 21: 234/400
Job 21: 235/400
Job 21: 236/400
Job 21: 237/400
Job 21: 238/400
Job 21: 239/400
Job 21: 240/400
Job 21: 241/400
Job 21: 242/400
Job 21: 243/400
Job 21: 244/400
Job 21: 245/400
Job 21: 246/400
Job 21: 247/400
Job 21: 248/400
Job 21: 249/400
Job 21: 250/400
Job 21: 251/400
Job 21: 252/400
Job 21: 253/400
Job 21: 254/400
Job 21: 255/400
Job 21: 256/400
Job 21: 257/400
Job 21: 258/400
Job 21: 259/400
Job 21: 260/400
Job 21: 261/400
Job 21: 262/400
Job 21: 263/400
Job 21: 264/400
Job 21: 265/400
Job 21: 266/400
Job 21: 267/400
Job 21: 268/400
Job 21: 269/400
Job 21: 270/400
Job 21: 271/400
Job 21: 272/400
Job 21: 273/400
Job 21: 274/400
Job 21: 275/400
Job 21: 276/400
Job 21: 277/400
Job 21: 278/400
Job 21: 279/400
Job 21: 280/400
Job 21: 281/400
Job 21: 282/400
Job 21: 283/400
Job 21: 284/400
Job 21: 285/400
Job 21: 286/400
Job 21: 287/400
Job 21: 288/400
Job 21: 289/400
Job 21: 290/400
Job 21: 291/400
Job 21: 292/400
Job 21: 293/400
Job 21: 294/400
Job 21: 295/400
Job 21: 296/400
Job 21: 297/400
Job 21: 298/400
Job 21: 299/400
Job 21: 300/400
Job 21: 301/400
Job 21: 302/400
Job 21: 303/400
Job 21: 304/400
Job 21: 305/400
Job 21: 306/400
Job 21: 307/400
Job 21: 308/400
Job 21: 309/400
Job 21: 310/400
Job 21: 311/400
Job 21: 312/400
Job 21: 313/400
Job 21: 314/400
Job 21: 315/400
Job 21: 316/400
Job 21: 317/400
Job 21: 318/400
Job 21: 319/400
Job 21: 320/400
Job 21: 321/400
Job 21: 322/400
Job 21: 323/400
Job 21: 324/400
Job 21: 325/400
Job 21: 326/400
Job 21: 327/400
Job 21: 328/400
Job 21: 329/400
Job 21: 330/400
Job 21: 331/400
Job 21: 332/400
Job 21: 333/400
Job 21: 334/400
Job 21: 335/400
Job 21: 336/400
Job 21: 337/400
Job 21: 338/400
Job 21: 339/400
Job 21: 340/400
Job 21: 341/400
Job 21: 342/400
Job 21: 343/400
Job 21: 344/400
Job 21: 345/400
Job 21: 346/400
Job 21: 347/400
Job 21: 348/400
Job 21: 349/400
Job 21: 350/400
Job 21: 351/400
Job 21: 352/400
Job 21: 353/400
Job 21: 354/400
Job 21: 355/400
Job 21: 356/400
Job 21: 357/400
Job 21: 358/400
Job 21: 359/400
Job 21: 360/400
Job 21: 361/400
Job 21: 362/400
Job 21: 363/400
Job 21: 364/400
Job 21: 365/400
Job 21: 366/400
Job 21: 367/400
Job 21: 368/400
Job 21: 369/400
Job 21: 370/400
Job 21: 371/400
Job 21: 372/400
Job 21: 373/400
Job 21: 374/400
Job 21: 375/400
Job 21: 376/400
Job 21: 377/400
Job 21: 378/400
Job 21: 379/400
Job 21: 380/400
Job 21: 381/400
Job 21: 382/400
Job 21: 383/400
Job 21: 384/400
Job 21: 385/400
Job 21: 386/400
Job 21: 387/400
Job 21: 388/400
Job 21: 389/400
Job 21: 390/400
Job 21: 391/400
Job 21: 392/400
Job 21: 393/400
Job 21: 394/400
Job 21: 395/400
Job 21: 396/400
Job 21: 397/400
Job 21: 398/400
Job 21: 399/400
Job 21: 400/400
