Registered S3 methods overwritten by 'susieSlide':
  method              from  
  coef.susie          susieR
  predict.susie       susieR
  print.summary.susie susieR
  summary.susie       susieR
Job 249: 1/400
Job 249: 2/400
Job 249: 3/400
Job 249: 4/400
Job 249: 5/400
Job 249: 6/400
Job 249: 7/400
Job 249: 8/400
Job 249: 9/400
Job 249: 10/400
Job 249: 11/400
Job 249: 12/400
Job 249: 13/400
Job 249: 14/400
Job 249: 15/400
Job 249: 16/400
Job 249: 17/400
Job 249: 18/400
Job 249: 19/400
Job 249: 20/400
Job 249: 21/400
Job 249: 22/400
Job 249: 23/400
Job 249: 24/400
Job 249: 25/400
Job 249: 26/400
Job 249: 27/400
Job 249: 28/400
Job 249: 29/400
Job 249: 30/400
Job 249: 31/400
Job 249: 32/400
Job 249: 33/400
Job 249: 34/400
Job 249: 35/400
Job 249: 36/400
Job 249: 37/400
Job 249: 38/400
Job 249: 39/400
Job 249: 40/400
Job 249: 41/400
Job 249: 42/400
Job 249: 43/400
Job 249: 44/400
Job 249: 45/400
Job 249: 46/400
Job 249: 47/400
Job 249: 48/400
Job 249: 49/400
Job 249: 50/400
Job 249: 51/400
Job 249: 52/400
Job 249: 53/400
Job 249: 54/400
Job 249: 55/400
Job 249: 56/400
Job 249: 57/400
Job 249: 58/400
Job 249: 59/400
Job 249: 60/400
Job 249: 61/400
Job 249: 62/400
Job 249: 63/400
Job 249: 64/400
Job 249: 65/400
Job 249: 66/400
Job 249: 67/400
Job 249: 68/400
Job 249: 69/400
Job 249: 70/400
Job 249: 71/400
Job 249: 72/400
Job 249: 73/400
Job 249: 74/400
Job 249: 75/400
Job 249: 76/400
Job 249: 77/400
Job 249: 78/400
Job 249: 79/400
Job 249: 80/400
Job 249: 81/400
Job 249: 82/400
Job 249: 83/400
Job 249: 84/400
Job 249: 85/400
Job 249: 86/400
Job 249: 87/400
Job 249: 88/400
Job 249: 89/400
Job 249: 90/400
Job 249: 91/400
Job 249: 92/400
Job 249: 93/400
Job 249: 94/400
Job 249: 95/400
Job 249: 96/400
Job 249: 97/400
Job 249: 98/400
Job 249: 99/400
Job 249: 100/400
Job 249: 101/400
Job 249: 102/400
Job 249: 103/400
Job 249: 104/400
Job 249: 105/400
Job 249: 106/400
Job 249: 107/400
Job 249: 108/400
Job 249: 109/400
Job 249: 110/400
Job 249: 111/400
Job 249: 112/400
Job 249: 113/400
Job 249: 114/400
Job 249: 115/400
Job 249: 116/400
Job 249: 117/400
Job 249: 118/400
Job 249: 119/400
Job 249: 120/400
Job 249: 121/400
Job 249: 122/400
Job 249: 123/400
Job 249: 124/400
Job 249: 125/400
Job 249: 126/400
Job 249: 127/400
Job 249: 128/400
Job 249: 129/400
Job 249: 130/400
Job 249: 131/400
Job 249: 132/400
Job 249: 133/400
Job 249: 134/400
Job 249: 135/400
Job 249: 136/400
Job 249: 137/400
Job 249: 138/400
Job 249: 139/400
Job 249: 140/400
Job 249: 141/400
Job 249: 142/400
Job 249: 143/400
Job 249: 144/400
Job 249: 145/400
Job 249: 146/400
Job 249: 147/400
Job 249: 148/400
Job 249: 149/400
Job 249: 150/400
Job 249: 151/400
Job 249: 152/400
Job 249: 153/400
Job 249: 154/400
Job 249: 155/400
Job 249: 156/400
Job 249: 157/400
Job 249: 158/400
Job 249: 159/400
Job 249: 160/400
Job 249: 161/400
Job 249: 162/400
Job 249: 163/400
Job 249: 164/400
Job 249: 165/400
Job 249: 166/400
Job 249: 167/400
Job 249: 168/400
Job 249: 169/400
Job 249: 170/400
Job 249: 171/400
Job 249: 172/400
Job 249: 173/400
Job 249: 174/400
Job 249: 175/400
Job 249: 176/400
Job 249: 177/400
Job 249: 178/400
Job 249: 179/400
Job 249: 180/400
Job 249: 181/400
Job 249: 182/400
Job 249: 183/400
Job 249: 184/400
Job 249: 185/400
Job 249: 186/400
Job 249: 187/400
Job 249: 188/400
Job 249: 189/400
Job 249: 190/400
Job 249: 191/400
Job 249: 192/400
Job 249: 193/400
Job 249: 194/400
Job 249: 195/400
Job 249: 196/400
Job 249: 197/400
Job 249: 198/400
Job 249: 199/400
Job 249: 200/400
Job 249: 201/400
Job 249: 202/400
Job 249: 203/400
Job 249: 204/400
Job 249: 205/400
Job 249: 206/400
Job 249: 207/400
Job 249: 208/400
Job 249: 209/400
Job 249: 210/400
Job 249: 211/400
Job 249: 212/400
Job 249: 213/400
Job 249: 214/400
Job 249: 215/400
Job 249: 216/400
Job 249: 217/400
Job 249: 218/400
Job 249: 219/400
Job 249: 220/400
Job 249: 221/400
Job 249: 222/400
Job 249: 223/400
Job 249: 224/400
Job 249: 225/400
Job 249: 226/400
Job 249: 227/400
Job 249: 228/400
Job 249: 229/400
Job 249: 230/400
Job 249: 231/400
Job 249: 232/400
Job 249: 233/400
Job 249: 234/400
Job 249: 235/400
Job 249: 236/400
Job 249: 237/400
Job 249: 238/400
Job 249: 239/400
Job 249: 240/400
Job 249: 241/400
Job 249: 242/400
Job 249: 243/400
Job 249: 244/400
Job 249: 245/400
Job 249: 246/400
Job 249: 247/400
Job 249: 248/400
Job 249: 249/400
Job 249: 250/400
Job 249: 251/400
Job 249: 252/400
Job 249: 253/400
Job 249: 254/400
Job 249: 255/400
Job 249: 256/400
Job 249: 257/400
Job 249: 258/400
Job 249: 259/400
Job 249: 260/400
Job 249: 261/400
Job 249: 262/400
Job 249: 263/400
Job 249: 264/400
Job 249: 265/400
Job 249: 266/400
Job 249: 267/400
Job 249: 268/400
Job 249: 269/400
Job 249: 270/400
Job 249: 271/400
Job 249: 272/400
Job 249: 273/400
Job 249: 274/400
Job 249: 275/400
Job 249: 276/400
Job 249: 277/400
Job 249: 278/400
Job 249: 279/400
Job 249: 280/400
Job 249: 281/400
Job 249: 282/400
Job 249: 283/400
Job 249: 284/400
Job 249: 285/400
Job 249: 286/400
Job 249: 287/400
Job 249: 288/400
Job 249: 289/400
Job 249: 290/400
Job 249: 291/400
Job 249: 292/400
Job 249: 293/400
Job 249: 294/400
Job 249: 295/400
Job 249: 296/400
Job 249: 297/400
Job 249: 298/400
Job 249: 299/400
Job 249: 300/400
Job 249: 301/400
Job 249: 302/400
Job 249: 303/400
Job 249: 304/400
Job 249: 305/400
Job 249: 306/400
Job 249: 307/400
Job 249: 308/400
Job 249: 309/400
Job 249: 310/400
Job 249: 311/400
Job 249: 312/400
Job 249: 313/400
Job 249: 314/400
Job 249: 315/400
Job 249: 316/400
Job 249: 317/400
Job 249: 318/400
Job 249: 319/400
Job 249: 320/400
Job 249: 321/400
Job 249: 322/400
Job 249: 323/400
Job 249: 324/400
Job 249: 325/400
Job 249: 326/400
Job 249: 327/400
Job 249: 328/400
Job 249: 329/400
Job 249: 330/400
Job 249: 331/400
Job 249: 332/400
Job 249: 333/400
Job 249: 334/400
Job 249: 335/400
Job 249: 336/400
Job 249: 337/400
Job 249: 338/400
Job 249: 339/400
Job 249: 340/400
Job 249: 341/400
Job 249: 342/400
Job 249: 343/400
Job 249: 344/400
Job 249: 345/400
Job 249: 346/400
Job 249: 347/400
Job 249: 348/400
Job 249: 349/400
Job 249: 350/400
Job 249: 351/400
Job 249: 352/400
Job 249: 353/400
Job 249: 354/400
Job 249: 355/400
Job 249: 356/400
Job 249: 357/400
Job 249: 358/400
Job 249: 359/400
Job 249: 360/400
Job 249: 361/400
Job 249: 362/400
Job 249: 363/400
Job 249: 364/400
Job 249: 365/400
Job 249: 366/400
Job 249: 367/400
Job 249: 368/400
Job 249: 369/400
Job 249: 370/400
Job 249: 371/400
Job 249: 372/400
Job 249: 373/400
Job 249: 374/400
Job 249: 375/400
Job 249: 376/400
Job 249: 377/400
Job 249: 378/400
Job 249: 379/400
Job 249: 380/400
Job 249: 381/400
Job 249: 382/400
Job 249: 383/400
Job 249: 384/400
Job 249: 385/400
Job 249: 386/400
Job 249: 387/400
Job 249: 388/400
Job 249: 389/400
Job 249: 390/400
Job 249: 391/400
Job 249: 392/400
Job 249: 393/400
Job 249: 394/400
Job 249: 395/400
Job 249: 396/400
Job 249: 397/400
Job 249: 398/400
Job 249: 399/400
Job 249: 400/400
