Registered S3 methods overwritten by 'susieSlide':
  method              from  
  coef.susie          susieR
  predict.susie       susieR
  print.summary.susie susieR
  summary.susie       susieR
Job 550: 1/400
Job 550: 2/400
Job 550: 3/400
Job 550: 4/400
Job 550: 5/400
Job 550: 6/400
Job 550: 7/400
Job 550: 8/400
Job 550: 9/400
Job 550: 10/400
Job 550: 11/400
Job 550: 12/400
Job 550: 13/400
Job 550: 14/400
Job 550: 15/400
Job 550: 16/400
Job 550: 17/400
Job 550: 18/400
Job 550: 19/400
Job 550: 20/400
Job 550: 21/400
Job 550: 22/400
Job 550: 23/400
Job 550: 24/400
Job 550: 25/400
Job 550: 26/400
Job 550: 27/400
Job 550: 28/400
Job 550: 29/400
Job 550: 30/400
Job 550: 31/400
Job 550: 32/400
Job 550: 33/400
Job 550: 34/400
Job 550: 35/400
Job 550: 36/400
Job 550: 37/400
Job 550: 38/400
Job 550: 39/400
Job 550: 40/400
Job 550: 41/400
Job 550: 42/400
Job 550: 43/400
Job 550: 44/400
Job 550: 45/400
Job 550: 46/400
Job 550: 47/400
Job 550: 48/400
Job 550: 49/400
Job 550: 50/400
Job 550: 51/400
Job 550: 52/400
Job 550: 53/400
Job 550: 54/400
Job 550: 55/400
Job 550: 56/400
Job 550: 57/400
Job 550: 58/400
Job 550: 59/400
Job 550: 60/400
Job 550: 61/400
Job 550: 62/400
Job 550: 63/400
Job 550: 64/400
Job 550: 65/400
Job 550: 66/400
Job 550: 67/400
Job 550: 68/400
Job 550: 69/400
Job 550: 70/400
Job 550: 71/400
Job 550: 72/400
Job 550: 73/400
Job 550: 74/400
Job 550: 75/400
Job 550: 76/400
Job 550: 77/400
Job 550: 78/400
Job 550: 79/400
Job 550: 80/400
Job 550: 81/400
Job 550: 82/400
Job 550: 83/400
Job 550: 84/400
Job 550: 85/400
Job 550: 86/400
Job 550: 87/400
Job 550: 88/400
Job 550: 89/400
Job 550: 90/400
Job 550: 91/400
Job 550: 92/400
Job 550: 93/400
Job 550: 94/400
Job 550: 95/400
Job 550: 96/400
Job 550: 97/400
Job 550: 98/400
Job 550: 99/400
Job 550: 100/400
Job 550: 101/400
Job 550: 102/400
Job 550: 103/400
Job 550: 104/400
Job 550: 105/400
Job 550: 106/400
Job 550: 107/400
Job 550: 108/400
Job 550: 109/400
Job 550: 110/400
Job 550: 111/400
Job 550: 112/400
Job 550: 113/400
Job 550: 114/400
Job 550: 115/400
Job 550: 116/400
Job 550: 117/400
Job 550: 118/400
Job 550: 119/400
Job 550: 120/400
Job 550: 121/400
Job 550: 122/400
Job 550: 123/400
Job 550: 124/400
Job 550: 125/400
Job 550: 126/400
Job 550: 127/400
Job 550: 128/400
Job 550: 129/400
Job 550: 130/400
Job 550: 131/400
Job 550: 132/400
Job 550: 133/400
Job 550: 134/400
Job 550: 135/400
Job 550: 136/400
Job 550: 137/400
Job 550: 138/400
Job 550: 139/400
Job 550: 140/400
Job 550: 141/400
Job 550: 142/400
Job 550: 143/400
Job 550: 144/400
Job 550: 145/400
Job 550: 146/400
Job 550: 147/400
Job 550: 148/400
Job 550: 149/400
Job 550: 150/400
Job 550: 151/400
Job 550: 152/400
Job 550: 153/400
Job 550: 154/400
Job 550: 155/400
Job 550: 156/400
Job 550: 157/400
Job 550: 158/400
Job 550: 159/400
Job 550: 160/400
Job 550: 161/400
Job 550: 162/400
Job 550: 163/400
Job 550: 164/400
Job 550: 165/400
Job 550: 166/400
Job 550: 167/400
Job 550: 168/400
Job 550: 169/400
Job 550: 170/400
Job 550: 171/400
Job 550: 172/400
Job 550: 173/400
Job 550: 174/400
Job 550: 175/400
Job 550: 176/400
Job 550: 177/400
Job 550: 178/400
Job 550: 179/400
Job 550: 180/400
Job 550: 181/400
Job 550: 182/400
Job 550: 183/400
Job 550: 184/400
Job 550: 185/400
Job 550: 186/400
Job 550: 187/400
Job 550: 188/400
Job 550: 189/400
Job 550: 190/400
Job 550: 191/400
Job 550: 192/400
Job 550: 193/400
Job 550: 194/400
Job 550: 195/400
Job 550: 196/400
Job 550: 197/400
Job 550: 198/400
Job 550: 199/400
Job 550: 200/400
Job 550: 201/400
Job 550: 202/400
Job 550: 203/400
Job 550: 204/400
Job 550: 205/400
Job 550: 206/400
Job 550: 207/400
Job 550: 208/400
Job 550: 209/400
Job 550: 210/400
Job 550: 211/400
Job 550: 212/400
Job 550: 213/400
Job 550: 214/400
Job 550: 215/400
Job 550: 216/400
Job 550: 217/400
Job 550: 218/400
Job 550: 219/400
Job 550: 220/400
Job 550: 221/400
Job 550: 222/400
Job 550: 223/400
Job 550: 224/400
Job 550: 225/400
Job 550: 226/400
Job 550: 227/400
Job 550: 228/400
Job 550: 229/400
Job 550: 230/400
Job 550: 231/400
Job 550: 232/400
Job 550: 233/400
Job 550: 234/400
Job 550: 235/400
Job 550: 236/400
Job 550: 237/400
Job 550: 238/400
Job 550: 239/400
Job 550: 240/400
Job 550: 241/400
Job 550: 242/400
Job 550: 243/400
Job 550: 244/400
Job 550: 245/400
Job 550: 246/400
Job 550: 247/400
Job 550: 248/400
Job 550: 249/400
Job 550: 250/400
Job 550: 251/400
Job 550: 252/400
Job 550: 253/400
Job 550: 254/400
Job 550: 255/400
Job 550: 256/400
Job 550: 257/400
Job 550: 258/400
Job 550: 259/400
Job 550: 260/400
Job 550: 261/400
Job 550: 262/400
Job 550: 263/400
Job 550: 264/400
Job 550: 265/400
Job 550: 266/400
Job 550: 267/400
Job 550: 268/400
Job 550: 269/400
Job 550: 270/400
Job 550: 271/400
Job 550: 272/400
Job 550: 273/400
Job 550: 274/400
Job 550: 275/400
Job 550: 276/400
Job 550: 277/400
Job 550: 278/400
Job 550: 279/400
Job 550: 280/400
Job 550: 281/400
Job 550: 282/400
Job 550: 283/400
Job 550: 284/400
Job 550: 285/400
Job 550: 286/400
Job 550: 287/400
Job 550: 288/400
Job 550: 289/400
Job 550: 290/400
Job 550: 291/400
Job 550: 292/400
Job 550: 293/400
Job 550: 294/400
Job 550: 295/400
Job 550: 296/400
Job 550: 297/400
Job 550: 298/400
Job 550: 299/400
Job 550: 300/400
Job 550: 301/400
Job 550: 302/400
Job 550: 303/400
Job 550: 304/400
Job 550: 305/400
Job 550: 306/400
Job 550: 307/400
Job 550: 308/400
Job 550: 309/400
Job 550: 310/400
Job 550: 311/400
Job 550: 312/400
Job 550: 313/400
Job 550: 314/400
Job 550: 315/400
Job 550: 316/400
Job 550: 317/400
Job 550: 318/400
Job 550: 319/400
Job 550: 320/400
Job 550: 321/400
Job 550: 322/400
Job 550: 323/400
Job 550: 324/400
Job 550: 325/400
Job 550: 326/400
Job 550: 327/400
Job 550: 328/400
Job 550: 329/400
Job 550: 330/400
Job 550: 331/400
Job 550: 332/400
Job 550: 333/400
Job 550: 334/400
Job 550: 335/400
Job 550: 336/400
Job 550: 337/400
Job 550: 338/400
Job 550: 339/400
Job 550: 340/400
Job 550: 341/400
Job 550: 342/400
Job 550: 343/400
Job 550: 344/400
Job 550: 345/400
Job 550: 346/400
Job 550: 347/400
Job 550: 348/400
Job 550: 349/400
Job 550: 350/400
Job 550: 351/400
Job 550: 352/400
Job 550: 353/400
Job 550: 354/400
Job 550: 355/400
Job 550: 356/400
Job 550: 357/400
Job 550: 358/400
Job 550: 359/400
Job 550: 360/400
Job 550: 361/400
Job 550: 362/400
Job 550: 363/400
Job 550: 364/400
Job 550: 365/400
Job 550: 366/400
Job 550: 367/400
Job 550: 368/400
Job 550: 369/400
Job 550: 370/400
Job 550: 371/400
Job 550: 372/400
Job 550: 373/400
Job 550: 374/400
Job 550: 375/400
Job 550: 376/400
Job 550: 377/400
Job 550: 378/400
Job 550: 379/400
Job 550: 380/400
Job 550: 381/400
Job 550: 382/400
Job 550: 383/400
Job 550: 384/400
Job 550: 385/400
Job 550: 386/400
Job 550: 387/400
Job 550: 388/400
Job 550: 389/400
Job 550: 390/400
Job 550: 391/400
Job 550: 392/400
Job 550: 393/400
Job 550: 394/400
Job 550: 395/400
Job 550: 396/400
Job 550: 397/400
Job 550: 398/400
Job 550: 399/400
Job 550: 400/400
