Registered S3 methods overwritten by 'susieSlide':
  method              from  
  coef.susie          susieR
  predict.susie       susieR
  print.summary.susie susieR
  summary.susie       susieR
Job 372: 1/400
Job 372: 2/400
Job 372: 3/400
Job 372: 4/400
Job 372: 5/400
Job 372: 6/400
Job 372: 7/400
Job 372: 8/400
Job 372: 9/400
Job 372: 10/400
Job 372: 11/400
Job 372: 12/400
Job 372: 13/400
Job 372: 14/400
Job 372: 15/400
Job 372: 16/400
Job 372: 17/400
Job 372: 18/400
Job 372: 19/400
Job 372: 20/400
Job 372: 21/400
Job 372: 22/400
Job 372: 23/400
Job 372: 24/400
Job 372: 25/400
Job 372: 26/400
Job 372: 27/400
Job 372: 28/400
Job 372: 29/400
Job 372: 30/400
Job 372: 31/400
Job 372: 32/400
Job 372: 33/400
Job 372: 34/400
Job 372: 35/400
Job 372: 36/400
Job 372: 37/400
Job 372: 38/400
Job 372: 39/400
Job 372: 40/400
Job 372: 41/400
Job 372: 42/400
Job 372: 43/400
Job 372: 44/400
Job 372: 45/400
Job 372: 46/400
Job 372: 47/400
Job 372: 48/400
Job 372: 49/400
Job 372: 50/400
Job 372: 51/400
Job 372: 52/400
Job 372: 53/400
Job 372: 54/400
Job 372: 55/400
Job 372: 56/400
Job 372: 57/400
Job 372: 58/400
Job 372: 59/400
Job 372: 60/400
Job 372: 61/400
Job 372: 62/400
Job 372: 63/400
Job 372: 64/400
Job 372: 65/400
Job 372: 66/400
Job 372: 67/400
Job 372: 68/400
Job 372: 69/400
Job 372: 70/400
Job 372: 71/400
Job 372: 72/400
Job 372: 73/400
Job 372: 74/400
Job 372: 75/400
Job 372: 76/400
Job 372: 77/400
Job 372: 78/400
Job 372: 79/400
Job 372: 80/400
Job 372: 81/400
Job 372: 82/400
Job 372: 83/400
Job 372: 84/400
Job 372: 85/400
Job 372: 86/400
Job 372: 87/400
Job 372: 88/400
Job 372: 89/400
Job 372: 90/400
Job 372: 91/400
Job 372: 92/400
Job 372: 93/400
Job 372: 94/400
Job 372: 95/400
Job 372: 96/400
Job 372: 97/400
Job 372: 98/400
Job 372: 99/400
Job 372: 100/400
Job 372: 101/400
Job 372: 102/400
Job 372: 103/400
Job 372: 104/400
Job 372: 105/400
Job 372: 106/400
Job 372: 107/400
Job 372: 108/400
Job 372: 109/400
Job 372: 110/400
Job 372: 111/400
Job 372: 112/400
Job 372: 113/400
Job 372: 114/400
Job 372: 115/400
Job 372: 116/400
Job 372: 117/400
Job 372: 118/400
Job 372: 119/400
Job 372: 120/400
Job 372: 121/400
Job 372: 122/400
Job 372: 123/400
Job 372: 124/400
Job 372: 125/400
Job 372: 126/400
Job 372: 127/400
Job 372: 128/400
Job 372: 129/400
Job 372: 130/400
Job 372: 131/400
Job 372: 132/400
Job 372: 133/400
Job 372: 134/400
Job 372: 135/400
Job 372: 136/400
Job 372: 137/400
Job 372: 138/400
Job 372: 139/400
Job 372: 140/400
Job 372: 141/400
Job 372: 142/400
Job 372: 143/400
Job 372: 144/400
Job 372: 145/400
Job 372: 146/400
Job 372: 147/400
Job 372: 148/400
Job 372: 149/400
Job 372: 150/400
Job 372: 151/400
Job 372: 152/400
Job 372: 153/400
Job 372: 154/400
Job 372: 155/400
Job 372: 156/400
Job 372: 157/400
Job 372: 158/400
Job 372: 159/400
Job 372: 160/400
Job 372: 161/400
Job 372: 162/400
Job 372: 163/400
Job 372: 164/400
Job 372: 165/400
Job 372: 166/400
Job 372: 167/400
Job 372: 168/400
Job 372: 169/400
Job 372: 170/400
Job 372: 171/400
Job 372: 172/400
Job 372: 173/400
Job 372: 174/400
Job 372: 175/400
Job 372: 176/400
Job 372: 177/400
Job 372: 178/400
Job 372: 179/400
Job 372: 180/400
Job 372: 181/400
Job 372: 182/400
Job 372: 183/400
Job 372: 184/400
Job 372: 185/400
Job 372: 186/400
Job 372: 187/400
Job 372: 188/400
Job 372: 189/400
Job 372: 190/400
Job 372: 191/400
Job 372: 192/400
Job 372: 193/400
Job 372: 194/400
Job 372: 195/400
Job 372: 196/400
Job 372: 197/400
Job 372: 198/400
Job 372: 199/400
Job 372: 200/400
Job 372: 201/400
Job 372: 202/400
Job 372: 203/400
Job 372: 204/400
Job 372: 205/400
Job 372: 206/400
Job 372: 207/400
Job 372: 208/400
Job 372: 209/400
Job 372: 210/400
Job 372: 211/400
Job 372: 212/400
Job 372: 213/400
Job 372: 214/400
Job 372: 215/400
Job 372: 216/400
Job 372: 217/400
Job 372: 218/400
Job 372: 219/400
Job 372: 220/400
Job 372: 221/400
Job 372: 222/400
Job 372: 223/400
Job 372: 224/400
Job 372: 225/400
Job 372: 226/400
Job 372: 227/400
Job 372: 228/400
Job 372: 229/400
Job 372: 230/400
Job 372: 231/400
Job 372: 232/400
Job 372: 233/400
Job 372: 234/400
Job 372: 235/400
Job 372: 236/400
Job 372: 237/400
Job 372: 238/400
Job 372: 239/400
Job 372: 240/400
Job 372: 241/400
Job 372: 242/400
Job 372: 243/400
Job 372: 244/400
Job 372: 245/400
Job 372: 246/400
Job 372: 247/400
Job 372: 248/400
Job 372: 249/400
Job 372: 250/400
Job 372: 251/400
Job 372: 252/400
Job 372: 253/400
Job 372: 254/400
Job 372: 255/400
Job 372: 256/400
Job 372: 257/400
Job 372: 258/400
Job 372: 259/400
Job 372: 260/400
Job 372: 261/400
Job 372: 262/400
Job 372: 263/400
Job 372: 264/400
Job 372: 265/400
Job 372: 266/400
Job 372: 267/400
Job 372: 268/400
Job 372: 269/400
Job 372: 270/400
Job 372: 271/400
Job 372: 272/400
Job 372: 273/400
Job 372: 274/400
Job 372: 275/400
Job 372: 276/400
Job 372: 277/400
Job 372: 278/400
Job 372: 279/400
Job 372: 280/400
Job 372: 281/400
Job 372: 282/400
Job 372: 283/400
Job 372: 284/400
Job 372: 285/400
Job 372: 286/400
Job 372: 287/400
Job 372: 288/400
Job 372: 289/400
Job 372: 290/400
Job 372: 291/400
Job 372: 292/400
Job 372: 293/400
Job 372: 294/400
Job 372: 295/400
Job 372: 296/400
Job 372: 297/400
Job 372: 298/400
Job 372: 299/400
Job 372: 300/400
Job 372: 301/400
Job 372: 302/400
Job 372: 303/400
Job 372: 304/400
Job 372: 305/400
Job 372: 306/400
Job 372: 307/400
Job 372: 308/400
Job 372: 309/400
Job 372: 310/400
Job 372: 311/400
Job 372: 312/400
Job 372: 313/400
Job 372: 314/400
Job 372: 315/400
Job 372: 316/400
Job 372: 317/400
Job 372: 318/400
Job 372: 319/400
Job 372: 320/400
Job 372: 321/400
Job 372: 322/400
Job 372: 323/400
Job 372: 324/400
Job 372: 325/400
Job 372: 326/400
Job 372: 327/400
Job 372: 328/400
Job 372: 329/400
Job 372: 330/400
Job 372: 331/400
Job 372: 332/400
Job 372: 333/400
Job 372: 334/400
Job 372: 335/400
Job 372: 336/400
Job 372: 337/400
Job 372: 338/400
Job 372: 339/400
Job 372: 340/400
Job 372: 341/400
Job 372: 342/400
Job 372: 343/400
Job 372: 344/400
Job 372: 345/400
Job 372: 346/400
Job 372: 347/400
Job 372: 348/400
Job 372: 349/400
Job 372: 350/400
Job 372: 351/400
Job 372: 352/400
Job 372: 353/400
Job 372: 354/400
Job 372: 355/400
Job 372: 356/400
Job 372: 357/400
Job 372: 358/400
Job 372: 359/400
Job 372: 360/400
Job 372: 361/400
Job 372: 362/400
Job 372: 363/400
Job 372: 364/400
Job 372: 365/400
Job 372: 366/400
Job 372: 367/400
Job 372: 368/400
Job 372: 369/400
Job 372: 370/400
Job 372: 371/400
Job 372: 372/400
Job 372: 373/400
Job 372: 374/400
Job 372: 375/400
Job 372: 376/400
Job 372: 377/400
Job 372: 378/400
Job 372: 379/400
Job 372: 380/400
Job 372: 381/400
Job 372: 382/400
Job 372: 383/400
Job 372: 384/400
Job 372: 385/400
Job 372: 386/400
Job 372: 387/400
Job 372: 388/400
Job 372: 389/400
Job 372: 390/400
Job 372: 391/400
Job 372: 392/400
Job 372: 393/400
Job 372: 394/400
Job 372: 395/400
Job 372: 396/400
Job 372: 397/400
Job 372: 398/400
Job 372: 399/400
Job 372: 400/400
