Registered S3 methods overwritten by 'susieSlide':
  method              from  
  coef.susie          susieR
  predict.susie       susieR
  print.summary.susie susieR
  summary.susie       susieR
Job 243: 1/400
Job 243: 2/400
Job 243: 3/400
Job 243: 4/400
Job 243: 5/400
Job 243: 6/400
Job 243: 7/400
Job 243: 8/400
Job 243: 9/400
Job 243: 10/400
Job 243: 11/400
Job 243: 12/400
Job 243: 13/400
Job 243: 14/400
Job 243: 15/400
Job 243: 16/400
Job 243: 17/400
Job 243: 18/400
Job 243: 19/400
Job 243: 20/400
Job 243: 21/400
Job 243: 22/400
Job 243: 23/400
Job 243: 24/400
Job 243: 25/400
Job 243: 26/400
Job 243: 27/400
Job 243: 28/400
Job 243: 29/400
Job 243: 30/400
Job 243: 31/400
Job 243: 32/400
Job 243: 33/400
Job 243: 34/400
Job 243: 35/400
Job 243: 36/400
Job 243: 37/400
Job 243: 38/400
Job 243: 39/400
Job 243: 40/400
Job 243: 41/400
Job 243: 42/400
Job 243: 43/400
Job 243: 44/400
Job 243: 45/400
Job 243: 46/400
Job 243: 47/400
Job 243: 48/400
Job 243: 49/400
Job 243: 50/400
Job 243: 51/400
Job 243: 52/400
Job 243: 53/400
Job 243: 54/400
Job 243: 55/400
Job 243: 56/400
Job 243: 57/400
Job 243: 58/400
Job 243: 59/400
Job 243: 60/400
Job 243: 61/400
Job 243: 62/400
Job 243: 63/400
Job 243: 64/400
Job 243: 65/400
Job 243: 66/400
Job 243: 67/400
Job 243: 68/400
Job 243: 69/400
Job 243: 70/400
Job 243: 71/400
Job 243: 72/400
Job 243: 73/400
Job 243: 74/400
Job 243: 75/400
Job 243: 76/400
Job 243: 77/400
Job 243: 78/400
Job 243: 79/400
Job 243: 80/400
Job 243: 81/400
Job 243: 82/400
Job 243: 83/400
Job 243: 84/400
Job 243: 85/400
Job 243: 86/400
Job 243: 87/400
Job 243: 88/400
Job 243: 89/400
Job 243: 90/400
Job 243: 91/400
Job 243: 92/400
Job 243: 93/400
Job 243: 94/400
Job 243: 95/400
Job 243: 96/400
Job 243: 97/400
Job 243: 98/400
Job 243: 99/400
Job 243: 100/400
Job 243: 101/400
Job 243: 102/400
Job 243: 103/400
Job 243: 104/400
Job 243: 105/400
Job 243: 106/400
Job 243: 107/400
Job 243: 108/400
Job 243: 109/400
Job 243: 110/400
Job 243: 111/400
Job 243: 112/400
Job 243: 113/400
Job 243: 114/400
Job 243: 115/400
Job 243: 116/400
Job 243: 117/400
Job 243: 118/400
Job 243: 119/400
Job 243: 120/400
Job 243: 121/400
Job 243: 122/400
Job 243: 123/400
Job 243: 124/400
Job 243: 125/400
Job 243: 126/400
Job 243: 127/400
Job 243: 128/400
Job 243: 129/400
Job 243: 130/400
Job 243: 131/400
Job 243: 132/400
Job 243: 133/400
Job 243: 134/400
Job 243: 135/400
Job 243: 136/400
Job 243: 137/400
Job 243: 138/400
Job 243: 139/400
Job 243: 140/400
Job 243: 141/400
Job 243: 142/400
Job 243: 143/400
Job 243: 144/400
Job 243: 145/400
Job 243: 146/400
Job 243: 147/400
Job 243: 148/400
Job 243: 149/400
Job 243: 150/400
Job 243: 151/400
Job 243: 152/400
Job 243: 153/400
Job 243: 154/400
Job 243: 155/400
Job 243: 156/400
Job 243: 157/400
Job 243: 158/400
Job 243: 159/400
Job 243: 160/400
Job 243: 161/400
Job 243: 162/400
Job 243: 163/400
Job 243: 164/400
Job 243: 165/400
Job 243: 166/400
Job 243: 167/400
Job 243: 168/400
Job 243: 169/400
Job 243: 170/400
Job 243: 171/400
Job 243: 172/400
Job 243: 173/400
Job 243: 174/400
Job 243: 175/400
Job 243: 176/400
Job 243: 177/400
Job 243: 178/400
Job 243: 179/400
Job 243: 180/400
Job 243: 181/400
Job 243: 182/400
Job 243: 183/400
Job 243: 184/400
Job 243: 185/400
Job 243: 186/400
Job 243: 187/400
Job 243: 188/400
Job 243: 189/400
Job 243: 190/400
Job 243: 191/400
Job 243: 192/400
Job 243: 193/400
Job 243: 194/400
Job 243: 195/400
Job 243: 196/400
Job 243: 197/400
Job 243: 198/400
Job 243: 199/400
Job 243: 200/400
Job 243: 201/400
Job 243: 202/400
Job 243: 203/400
Job 243: 204/400
Job 243: 205/400
Job 243: 206/400
Job 243: 207/400
Job 243: 208/400
Job 243: 209/400
Job 243: 210/400
Job 243: 211/400
Job 243: 212/400
Job 243: 213/400
Job 243: 214/400
Job 243: 215/400
Job 243: 216/400
Job 243: 217/400
Job 243: 218/400
Job 243: 219/400
Job 243: 220/400
Job 243: 221/400
Job 243: 222/400
Job 243: 223/400
Job 243: 224/400
Job 243: 225/400
Job 243: 226/400
Job 243: 227/400
Job 243: 228/400
Job 243: 229/400
Job 243: 230/400
Job 243: 231/400
Job 243: 232/400
Job 243: 233/400
Job 243: 234/400
Job 243: 235/400
Job 243: 236/400
Job 243: 237/400
Job 243: 238/400
Job 243: 239/400
Job 243: 240/400
Job 243: 241/400
Job 243: 242/400
Job 243: 243/400
Job 243: 244/400
Job 243: 245/400
Job 243: 246/400
Job 243: 247/400
Job 243: 248/400
Job 243: 249/400
Job 243: 250/400
Job 243: 251/400
Job 243: 252/400
Job 243: 253/400
Job 243: 254/400
Job 243: 255/400
Job 243: 256/400
Job 243: 257/400
Job 243: 258/400
Job 243: 259/400
Job 243: 260/400
Job 243: 261/400
Job 243: 262/400
Job 243: 263/400
Job 243: 264/400
Job 243: 265/400
Job 243: 266/400
Job 243: 267/400
Job 243: 268/400
Job 243: 269/400
Job 243: 270/400
Job 243: 271/400
Job 243: 272/400
Job 243: 273/400
Job 243: 274/400
Job 243: 275/400
Job 243: 276/400
Job 243: 277/400
Job 243: 278/400
Job 243: 279/400
Job 243: 280/400
Job 243: 281/400
Job 243: 282/400
Job 243: 283/400
Job 243: 284/400
Job 243: 285/400
Job 243: 286/400
Job 243: 287/400
Job 243: 288/400
Job 243: 289/400
Job 243: 290/400
Job 243: 291/400
Job 243: 292/400
Job 243: 293/400
Job 243: 294/400
Job 243: 295/400
Job 243: 296/400
Job 243: 297/400
Job 243: 298/400
Job 243: 299/400
Job 243: 300/400
Job 243: 301/400
Job 243: 302/400
Job 243: 303/400
Job 243: 304/400
Job 243: 305/400
Job 243: 306/400
Job 243: 307/400
Job 243: 308/400
Job 243: 309/400
Job 243: 310/400
Job 243: 311/400
Job 243: 312/400
Job 243: 313/400
Job 243: 314/400
Job 243: 315/400
Job 243: 316/400
Job 243: 317/400
Job 243: 318/400
Job 243: 319/400
Job 243: 320/400
Job 243: 321/400
Job 243: 322/400
Job 243: 323/400
Job 243: 324/400
Job 243: 325/400
Job 243: 326/400
Job 243: 327/400
Job 243: 328/400
Job 243: 329/400
Job 243: 330/400
Job 243: 331/400
Job 243: 332/400
Job 243: 333/400
Job 243: 334/400
Job 243: 335/400
Job 243: 336/400
Job 243: 337/400
Job 243: 338/400
Job 243: 339/400
Job 243: 340/400
Job 243: 341/400
Job 243: 342/400
Job 243: 343/400
Job 243: 344/400
Job 243: 345/400
Job 243: 346/400
Job 243: 347/400
Job 243: 348/400
Job 243: 349/400
Job 243: 350/400
Job 243: 351/400
Job 243: 352/400
Job 243: 353/400
Job 243: 354/400
Job 243: 355/400
Job 243: 356/400
Job 243: 357/400
Job 243: 358/400
Job 243: 359/400
Job 243: 360/400
Job 243: 361/400
Job 243: 362/400
Job 243: 363/400
Job 243: 364/400
Job 243: 365/400
Job 243: 366/400
Job 243: 367/400
Job 243: 368/400
Job 243: 369/400
Job 243: 370/400
Job 243: 371/400
Job 243: 372/400
Job 243: 373/400
Job 243: 374/400
Job 243: 375/400
Job 243: 376/400
Job 243: 377/400
Job 243: 378/400
Job 243: 379/400
Job 243: 380/400
Job 243: 381/400
Job 243: 382/400
Job 243: 383/400
Job 243: 384/400
Job 243: 385/400
Job 243: 386/400
Job 243: 387/400
Job 243: 388/400
Job 243: 389/400
Job 243: 390/400
Job 243: 391/400
Job 243: 392/400
Job 243: 393/400
Job 243: 394/400
Job 243: 395/400
Job 243: 396/400
Job 243: 397/400
Job 243: 398/400
Job 243: 399/400
Job 243: 400/400
