Registered S3 methods overwritten by 'susieSlide':
  method              from  
  coef.susie          susieR
  predict.susie       susieR
  print.summary.susie susieR
  summary.susie       susieR
Job 615: 1/400
Job 615: 2/400
Job 615: 3/400
Job 615: 4/400
Job 615: 5/400
Job 615: 6/400
Job 615: 7/400
Job 615: 8/400
Job 615: 9/400
Job 615: 10/400
Job 615: 11/400
Job 615: 12/400
Job 615: 13/400
Job 615: 14/400
Job 615: 15/400
Job 615: 16/400
Job 615: 17/400
Job 615: 18/400 ERROR: No .raw files found in temp_dir.
Job 615: 19/400 ERROR: No .raw files found in temp_dir.
Job 615: 20/400 ERROR: No .raw files found in temp_dir.
Job 615: 21/400 ERROR: No .raw files found in temp_dir.
Job 615: 22/400 ERROR: No .raw files found in temp_dir.
Job 615: 23/400 ERROR: No .raw files found in temp_dir.
Job 615: 24/400 ERROR: No .raw files found in temp_dir.
Job 615: 25/400 ERROR: No .raw files found in temp_dir.
Job 615: 26/400 ERROR: No .raw files found in temp_dir.
Job 615: 27/400 ERROR: No .raw files found in temp_dir.
Job 615: 28/400 ERROR: No .raw files found in temp_dir.
Job 615: 29/400 ERROR: No .raw files found in temp_dir.
Job 615: 30/400 ERROR: No .raw files found in temp_dir.
Job 615: 31/400 ERROR: No .raw files found in temp_dir.
Job 615: 32/400 ERROR: No .raw files found in temp_dir.
Job 615: 33/400 ERROR: No .raw files found in temp_dir.
Job 615: 34/400 ERROR: No .raw files found in temp_dir.
Job 615: 35/400 ERROR: No .raw files found in temp_dir.
Job 615: 36/400 ERROR: No .raw files found in temp_dir.
Job 615: 37/400 ERROR: No .raw files found in temp_dir.
Job 615: 38/400 ERROR: No .raw files found in temp_dir.
Job 615: 39/400 ERROR: No .raw files found in temp_dir.
Job 615: 40/400 ERROR: No .raw files found in temp_dir.
Job 615: 41/400 ERROR: No .raw files found in temp_dir.
Job 615: 42/400 ERROR: No .raw files found in temp_dir.
Job 615: 43/400 ERROR: No .raw files found in temp_dir.
Job 615: 44/400 ERROR: No .raw files found in temp_dir.
Job 615: 45/400 ERROR: No .raw files found in temp_dir.
Job 615: 46/400 ERROR: No .raw files found in temp_dir.
Job 615: 47/400 ERROR: No .raw files found in temp_dir.
Job 615: 48/400 ERROR: No .raw files found in temp_dir.
Job 615: 49/400 ERROR: No .raw files found in temp_dir.
Job 615: 50/400 ERROR: No .raw files found in temp_dir.
Job 615: 51/400 ERROR: No .raw files found in temp_dir.
Job 615: 52/400 ERROR: No .raw files found in temp_dir.
Job 615: 53/400 ERROR: No .raw files found in temp_dir.
Job 615: 54/400 ERROR: No .raw files found in temp_dir.
Job 615: 55/400 ERROR: No .raw files found in temp_dir.
Job 615: 56/400 ERROR: No .raw files found in temp_dir.
Job 615: 57/400 ERROR: No .raw files found in temp_dir.
Job 615: 58/400 ERROR: No .raw files found in temp_dir.
Job 615: 59/400 ERROR: No .raw files found in temp_dir.
Job 615: 60/400 ERROR: No .raw files found in temp_dir.
Job 615: 61/400 ERROR: No .raw files found in temp_dir.
Job 615: 62/400 ERROR: No .raw files found in temp_dir.
Job 615: 63/400 ERROR: No .raw files found in temp_dir.
Job 615: 64/400 ERROR: No .raw files found in temp_dir.
Job 615: 65/400 ERROR: No .raw files found in temp_dir.
Job 615: 66/400 ERROR: No .raw files found in temp_dir.
Job 615: 67/400 ERROR: No .raw files found in temp_dir.
Job 615: 68/400 ERROR: No .raw files found in temp_dir.
Job 615: 69/400 ERROR: No .raw files found in temp_dir.
Job 615: 70/400 ERROR: No .raw files found in temp_dir.
Job 615: 71/400 ERROR: No .raw files found in temp_dir.
Job 615: 72/400 ERROR: No .raw files found in temp_dir.
Job 615: 73/400 ERROR: No .raw files found in temp_dir.
Job 615: 74/400 ERROR: No .raw files found in temp_dir.
Job 615: 75/400 ERROR: No .raw files found in temp_dir.
Job 615: 76/400 ERROR: No .raw files found in temp_dir.
Job 615: 77/400 ERROR: No .raw files found in temp_dir.
Job 615: 78/400 ERROR: No .raw files found in temp_dir.
Job 615: 79/400 ERROR: No .raw files found in temp_dir.
Job 615: 80/400 ERROR: No .raw files found in temp_dir.
Job 615: 81/400 ERROR: No .raw files found in temp_dir.
Job 615: 82/400 ERROR: No .raw files found in temp_dir.
Job 615: 83/400 ERROR: No .raw files found in temp_dir.
Job 615: 84/400 ERROR: No .raw files found in temp_dir.
Job 615: 85/400 ERROR: No .raw files found in temp_dir.
Job 615: 86/400 ERROR: No .raw files found in temp_dir.
Job 615: 87/400 ERROR: No .raw files found in temp_dir.
Job 615: 88/400 ERROR: No .raw files found in temp_dir.
Job 615: 89/400 ERROR: No .raw files found in temp_dir.
Job 615: 90/400 ERROR: No .raw files found in temp_dir.
Job 615: 91/400 ERROR: No .raw files found in temp_dir.
Job 615: 92/400 ERROR: No .raw files found in temp_dir.
Job 615: 93/400 ERROR: No .raw files found in temp_dir.
Job 615: 94/400 ERROR: Not enough donors for the requested n.
Job 615: 95/400
Job 615: 96/400
Job 615: 97/400
Job 615: 98/400
Job 615: 99/400
Job 615: 100/400
Job 615: 101/400
Job 615: 102/400
Job 615: 103/400
Job 615: 104/400
Job 615: 105/400
Job 615: 106/400
Job 615: 107/400
Job 615: 108/400
Job 615: 109/400
Job 615: 110/400
Job 615: 111/400
Job 615: 112/400
Job 615: 113/400
Job 615: 114/400
Job 615: 115/400
Job 615: 116/400
Job 615: 117/400
Job 615: 118/400
Job 615: 119/400
Job 615: 120/400
Job 615: 121/400 ERROR: No .raw files found in temp_dir.
Job 615: 122/400 ERROR: No .raw files found in temp_dir.
Job 615: 123/400 ERROR: No .raw files found in temp_dir.
Job 615: 124/400 ERROR: No .raw files found in temp_dir.
Job 615: 125/400 ERROR: No .raw files found in temp_dir.
Job 615: 126/400 ERROR: No .raw files found in temp_dir.
Job 615: 127/400 ERROR: No .raw files found in temp_dir.
Job 615: 128/400 ERROR: No .raw files found in temp_dir.
Job 615: 129/400 ERROR: No .raw files found in temp_dir.
Job 615: 130/400 ERROR: No .raw files found in temp_dir.
Job 615: 131/400 ERROR: No .raw files found in temp_dir.
Job 615: 132/400 ERROR: No .raw files found in temp_dir.
Job 615: 133/400 ERROR: No .raw files found in temp_dir.
Job 615: 134/400 ERROR: No .raw files found in temp_dir.
Job 615: 135/400 ERROR: No .raw files found in temp_dir.
Job 615: 136/400 ERROR: No .raw files found in temp_dir.
Job 615: 137/400 ERROR: No .raw files found in temp_dir.
Job 615: 138/400 ERROR: No .raw files found in temp_dir.
Job 615: 139/400 ERROR: No .raw files found in temp_dir.
Job 615: 140/400 ERROR: No .raw files found in temp_dir.
Job 615: 141/400 ERROR: No .raw files found in temp_dir.
Job 615: 142/400 ERROR: No .raw files found in temp_dir.
Job 615: 143/400 ERROR: No .raw files found in temp_dir.
Job 615: 144/400 ERROR: No .raw files found in temp_dir.
Job 615: 145/400 ERROR: No .raw files found in temp_dir.
Job 615: 146/400 ERROR: No .raw files found in temp_dir.
Job 615: 147/400 ERROR: No .raw files found in temp_dir.
Job 615: 148/400 ERROR: No .raw files found in temp_dir.
Job 615: 149/400 ERROR: No .raw files found in temp_dir.
Job 615: 150/400 ERROR: No .raw files found in temp_dir.
Job 615: 151/400 ERROR: No .raw files found in temp_dir.
Job 615: 152/400 ERROR: No .raw files found in temp_dir.
Job 615: 153/400 ERROR: No .raw files found in temp_dir.
Job 615: 154/400 ERROR: No .raw files found in temp_dir.
Job 615: 155/400 ERROR: No .raw files found in temp_dir.
Job 615: 156/400 ERROR: No .raw files found in temp_dir.
Job 615: 157/400 ERROR: No .raw files found in temp_dir.
Job 615: 158/400 ERROR: No .raw files found in temp_dir.
Job 615: 159/400 ERROR: Not enough donors for the requested n.
Job 615: 160/400
Job 615: 161/400
Job 615: 162/400
Job 615: 163/400
Job 615: 164/400
Job 615: 165/400
Job 615: 166/400
Job 615: 167/400
Job 615: 168/400
Job 615: 169/400
Job 615: 170/400
Job 615: 171/400
Job 615: 172/400
Job 615: 173/400
Job 615: 174/400
Job 615: 175/400
Job 615: 176/400
Job 615: 177/400
Job 615: 178/400
Job 615: 179/400
Job 615: 180/400
Job 615: 181/400 ERROR: No .raw files found in temp_dir.
Job 615: 182/400 ERROR: No .raw files found in temp_dir.
Job 615: 183/400 ERROR: No .raw files found in temp_dir.
Job 615: 184/400 ERROR: No .raw files found in temp_dir.
Job 615: 185/400 ERROR: No .raw files found in temp_dir.
Job 615: 186/400 ERROR: No .raw files found in temp_dir.
Job 615: 187/400 ERROR: No .raw files found in temp_dir.
Job 615: 188/400 ERROR: No .raw files found in temp_dir.
Job 615: 189/400 ERROR: No .raw files found in temp_dir.
Job 615: 190/400 ERROR: No .raw files found in temp_dir.
Job 615: 191/400 ERROR: No .raw files found in temp_dir.
Job 615: 192/400 ERROR: No .raw files found in temp_dir.
Job 615: 193/400 ERROR: No .raw files found in temp_dir.
Job 615: 194/400 ERROR: No .raw files found in temp_dir.
Job 615: 195/400 ERROR: No .raw files found in temp_dir.
Job 615: 196/400 ERROR: No .raw files found in temp_dir.
Job 615: 197/400 ERROR: No .raw files found in temp_dir.
Job 615: 198/400 ERROR: No .raw files found in temp_dir.
Job 615: 199/400 ERROR: No .raw files found in temp_dir.
Job 615: 200/400 ERROR: No .raw files found in temp_dir.
Job 615: 201/400 ERROR: No .raw files found in temp_dir.
Job 615: 202/400 ERROR: No .raw files found in temp_dir.
Job 615: 203/400 ERROR: No .raw files found in temp_dir.
Job 615: 204/400 ERROR: No .raw files found in temp_dir.
Job 615: 205/400 ERROR: No .raw files found in temp_dir.
Job 615: 206/400 ERROR: No .raw files found in temp_dir.
Job 615: 207/400 ERROR: No .raw files found in temp_dir.
Job 615: 208/400 ERROR: No .raw files found in temp_dir.
Job 615: 209/400 ERROR: No .raw files found in temp_dir.
Job 615: 210/400 ERROR: No .raw files found in temp_dir.
Job 615: 211/400 ERROR: No .raw files found in temp_dir.
Job 615: 212/400 ERROR: No .raw files found in temp_dir.
Job 615: 213/400 ERROR: No .raw files found in temp_dir.
Job 615: 214/400 ERROR: No .raw files found in temp_dir.
Job 615: 215/400 ERROR: No .raw files found in temp_dir.
Job 615: 216/400 ERROR: No .raw files found in temp_dir.
Job 615: 217/400 ERROR: No .raw files found in temp_dir.
Job 615: 218/400 ERROR: No .raw files found in temp_dir.
Job 615: 219/400 ERROR: No .raw files found in temp_dir.
Job 615: 220/400 ERROR: No .raw files found in temp_dir.
Job 615: 221/400 ERROR: No .raw files found in temp_dir.
Job 615: 222/400 ERROR: No .raw files found in temp_dir.
Job 615: 223/400 ERROR: No .raw files found in temp_dir.
Job 615: 224/400 ERROR: No .raw files found in temp_dir.
Job 615: 225/400 ERROR: No .raw files found in temp_dir.
Job 615: 226/400 ERROR: No .raw files found in temp_dir.
Job 615: 227/400 ERROR: No .raw files found in temp_dir.
Job 615: 228/400 ERROR: No .raw files found in temp_dir.
Job 615: 229/400 ERROR: No .raw files found in temp_dir.
Job 615: 230/400 ERROR: No .raw files found in temp_dir.
Job 615: 231/400 ERROR: No .raw files found in temp_dir.
Job 615: 232/400 ERROR: No .raw files found in temp_dir.
Job 615: 233/400 ERROR: No .raw files found in temp_dir.
Job 615: 234/400 ERROR: No .raw files found in temp_dir.
Job 615: 235/400 ERROR: No .raw files found in temp_dir.
Job 615: 236/400 ERROR: No .raw files found in temp_dir.
Job 615: 237/400 ERROR: No .raw files found in temp_dir.
Job 615: 238/400 ERROR: No .raw files found in temp_dir.
Job 615: 239/400 ERROR: No .raw files found in temp_dir.
Job 615: 240/400 ERROR: No .raw files found in temp_dir.
Job 615: 241/400 ERROR: No .raw files found in temp_dir.
Job 615: 242/400 ERROR: No .raw files found in temp_dir.
Job 615: 243/400 ERROR: No .raw files found in temp_dir.
Job 615: 244/400 ERROR: No .raw files found in temp_dir.
Job 615: 245/400 ERROR: No .raw files found in temp_dir.
Job 615: 246/400 ERROR: No .raw files found in temp_dir.
Job 615: 247/400 ERROR: No .raw files found in temp_dir.
Job 615: 248/400 ERROR: No .raw files found in temp_dir.
Job 615: 249/400 ERROR: No .raw files found in temp_dir.
Job 615: 250/400 ERROR: No .raw files found in temp_dir.
Job 615: 251/400 ERROR: No .raw files found in temp_dir.
Job 615: 252/400 ERROR: No .raw files found in temp_dir.
Job 615: 253/400 ERROR: No .raw files found in temp_dir.
Job 615: 254/400 ERROR: No .raw files found in temp_dir.
Job 615: 255/400 ERROR: No .raw files found in temp_dir.
Job 615: 256/400 ERROR: No .raw files found in temp_dir.
Job 615: 257/400 ERROR: No .raw files found in temp_dir.
Job 615: 258/400 ERROR: No .raw files found in temp_dir.
Job 615: 259/400 ERROR: No .raw files found in temp_dir.
Job 615: 260/400 ERROR: No .raw files found in temp_dir.
Job 615: 261/400 ERROR: No .raw files found in temp_dir.
Job 615: 262/400 ERROR: No .raw files found in temp_dir.
Job 615: 263/400 ERROR: No .raw files found in temp_dir.
Job 615: 264/400 ERROR: No .raw files found in temp_dir.
Job 615: 265/400 ERROR: No .raw files found in temp_dir.
Job 615: 266/400 ERROR: No .raw files found in temp_dir.
Job 615: 267/400 ERROR: No .raw files found in temp_dir.
Job 615: 268/400 ERROR: No .raw files found in temp_dir.
Job 615: 269/400 ERROR: No .raw files found in temp_dir.
Job 615: 270/400 ERROR: No .raw files found in temp_dir.
Job 615: 271/400 ERROR: No .raw files found in temp_dir.
Job 615: 272/400 ERROR: No .raw files found in temp_dir.
Job 615: 273/400 ERROR: No .raw files found in temp_dir.
Job 615: 274/400 ERROR: No .raw files found in temp_dir.
Job 615: 275/400 ERROR: No .raw files found in temp_dir.
Job 615: 276/400 ERROR: No .raw files found in temp_dir.
Job 615: 277/400 ERROR: No .raw files found in temp_dir.
Job 615: 278/400 ERROR: No .raw files found in temp_dir.
Job 615: 279/400 ERROR: No .raw files found in temp_dir.
Job 615: 280/400 ERROR: No .raw files found in temp_dir.
Job 615: 281/400 ERROR: No .raw files found in temp_dir.
Job 615: 282/400 ERROR: No .raw files found in temp_dir.
Job 615: 283/400 ERROR: No .raw files found in temp_dir.
Job 615: 284/400 ERROR: No .raw files found in temp_dir.
Job 615: 285/400 ERROR: No .raw files found in temp_dir.
Job 615: 286/400 ERROR: No .raw files found in temp_dir.
Job 615: 287/400 ERROR: No .raw files found in temp_dir.
Job 615: 288/400 ERROR: No .raw files found in temp_dir.
Job 615: 289/400 ERROR: No .raw files found in temp_dir.
Job 615: 290/400 ERROR: No .raw files found in temp_dir.
Job 615: 291/400 ERROR: No .raw files found in temp_dir.
Job 615: 292/400 ERROR: No .raw files found in temp_dir.
Job 615: 293/400 ERROR: No .raw files found in temp_dir.
Job 615: 294/400 ERROR: No .raw files found in temp_dir.
Job 615: 295/400 ERROR: No .raw files found in temp_dir.
Job 615: 296/400 ERROR: No .raw files found in temp_dir.
Job 615: 297/400 ERROR: No .raw files found in temp_dir.
Job 615: 298/400 ERROR: No .raw files found in temp_dir.
Job 615: 299/400 ERROR: No .raw files found in temp_dir.
Job 615: 300/400 ERROR: No .raw files found in temp_dir.
Job 615: 301/400 ERROR: No .raw files found in temp_dir.
Job 615: 302/400 ERROR: No .raw files found in temp_dir.
Job 615: 303/400 ERROR: No .raw files found in temp_dir.
Job 615: 304/400 ERROR: No .raw files found in temp_dir.
Job 615: 305/400 ERROR: No .raw files found in temp_dir.
Job 615: 306/400 ERROR: No .raw files found in temp_dir.
Job 615: 307/400 ERROR: No .raw files found in temp_dir.
Job 615: 308/400 ERROR: No .raw files found in temp_dir.
Job 615: 309/400 ERROR: No .raw files found in temp_dir.
Job 615: 310/400 ERROR: No .raw files found in temp_dir.
Job 615: 311/400 ERROR: No .raw files found in temp_dir.
Job 615: 312/400 ERROR: No .raw files found in temp_dir.
Job 615: 313/400 ERROR: No .raw files found in temp_dir.
Job 615: 314/400 ERROR: No .raw files found in temp_dir.
Job 615: 315/400 ERROR: No .raw files found in temp_dir.
Job 615: 316/400 ERROR: No .raw files found in temp_dir.
Job 615: 317/400 ERROR: No .raw files found in temp_dir.
Job 615: 318/400 ERROR: No .raw files found in temp_dir.
Job 615: 319/400 ERROR: No .raw files found in temp_dir.
Job 615: 320/400 ERROR: No .raw files found in temp_dir.
Job 615: 321/400 ERROR: No .raw files found in temp_dir.
Job 615: 322/400 ERROR: No .raw files found in temp_dir.
Job 615: 323/400 ERROR: No .raw files found in temp_dir.
Job 615: 324/400 ERROR: No .raw files found in temp_dir.
Job 615: 325/400 ERROR: No .raw files found in temp_dir.
Job 615: 326/400 ERROR: No .raw files found in temp_dir.
Job 615: 327/400 ERROR: No .raw files found in temp_dir.
Job 615: 328/400 ERROR: No .raw files found in temp_dir.
Job 615: 329/400 ERROR: No .raw files found in temp_dir.
Job 615: 330/400 ERROR: No .raw files found in temp_dir.
Job 615: 331/400 ERROR: No .raw files found in temp_dir.
Job 615: 332/400 ERROR: No .raw files found in temp_dir.
Job 615: 333/400 ERROR: No .raw files found in temp_dir.
Job 615: 334/400 ERROR: No .raw files found in temp_dir.
Job 615: 335/400 ERROR: No .raw files found in temp_dir.
Job 615: 336/400 ERROR: No .raw files found in temp_dir.
Job 615: 337/400 ERROR: No .raw files found in temp_dir.
Job 615: 338/400 ERROR: No .raw files found in temp_dir.
Job 615: 339/400 ERROR: No .raw files found in temp_dir.
Job 615: 340/400 ERROR: No .raw files found in temp_dir.
Job 615: 341/400 ERROR: No .raw files found in temp_dir.
Job 615: 342/400 ERROR: No .raw files found in temp_dir.
Job 615: 343/400 ERROR: No .raw files found in temp_dir.
Job 615: 344/400 ERROR: No .raw files found in temp_dir.
Job 615: 345/400 ERROR: No .raw files found in temp_dir.
Job 615: 346/400 ERROR: No .raw files found in temp_dir.
Job 615: 347/400 ERROR: No .raw files found in temp_dir.
Job 615: 348/400 ERROR: No .raw files found in temp_dir.
Job 615: 349/400 ERROR: No .raw files found in temp_dir.
Job 615: 350/400 ERROR: No .raw files found in temp_dir.
Job 615: 351/400 ERROR: No .raw files found in temp_dir.
Job 615: 352/400 ERROR: No .raw files found in temp_dir.
Job 615: 353/400 ERROR: No .raw files found in temp_dir.
Job 615: 354/400 ERROR: No .raw files found in temp_dir.
Job 615: 355/400 ERROR: No .raw files found in temp_dir.
Job 615: 356/400 ERROR: No .raw files found in temp_dir.
Job 615: 357/400 ERROR: No .raw files found in temp_dir.
Job 615: 358/400 ERROR: No .raw files found in temp_dir.
Job 615: 359/400 ERROR: No .raw files found in temp_dir.
Job 615: 360/400 ERROR: No .raw files found in temp_dir.
Job 615: 361/400 ERROR: No .raw files found in temp_dir.
Job 615: 362/400 ERROR: No .raw files found in temp_dir.
Job 615: 363/400 ERROR: No .raw files found in temp_dir.
Job 615: 364/400 ERROR: No .raw files found in temp_dir.
Job 615: 365/400 ERROR: No .raw files found in temp_dir.
Job 615: 366/400 ERROR: No .raw files found in temp_dir.
Job 615: 367/400 ERROR: No .raw files found in temp_dir.
Job 615: 368/400 ERROR: No .raw files found in temp_dir.
Job 615: 369/400 ERROR: No .raw files found in temp_dir.
Job 615: 370/400 ERROR: No .raw files found in temp_dir.
Job 615: 371/400 ERROR: No .raw files found in temp_dir.
Job 615: 372/400 ERROR: No .raw files found in temp_dir.
Job 615: 373/400 ERROR: No .raw files found in temp_dir.
Job 615: 374/400 ERROR: No .raw files found in temp_dir.
Job 615: 375/400 ERROR: No .raw files found in temp_dir.
Job 615: 376/400 ERROR: No .raw files found in temp_dir.
Job 615: 377/400 ERROR: No .raw files found in temp_dir.
Job 615: 378/400 ERROR: No .raw files found in temp_dir.
Job 615: 379/400 ERROR: No .raw files found in temp_dir.
Job 615: 380/400 ERROR: No .raw files found in temp_dir.
Job 615: 381/400 ERROR: No .raw files found in temp_dir.
Job 615: 382/400 ERROR: No .raw files found in temp_dir.
Job 615: 383/400 ERROR: No .raw files found in temp_dir.
Job 615: 384/400 ERROR: No .raw files found in temp_dir.
Job 615: 385/400 ERROR: No .raw files found in temp_dir.
Job 615: 386/400 ERROR: No .raw files found in temp_dir.
Job 615: 387/400 ERROR: No .raw files found in temp_dir.
Job 615: 388/400 ERROR: No .raw files found in temp_dir.
Job 615: 389/400 ERROR: No .raw files found in temp_dir.
Job 615: 390/400 ERROR: No .raw files found in temp_dir.
Job 615: 391/400 ERROR: No .raw files found in temp_dir.
Job 615: 392/400 ERROR: No .raw files found in temp_dir.
Job 615: 393/400 ERROR: No .raw files found in temp_dir.
Job 615: 394/400 ERROR: No .raw files found in temp_dir.
Job 615: 395/400 ERROR: No .raw files found in temp_dir.
Job 615: 396/400 ERROR: No .raw files found in temp_dir.
Job 615: 397/400 ERROR: No .raw files found in temp_dir.
Job 615: 398/400 ERROR: No .raw files found in temp_dir.
Job 615: 399/400 ERROR: No .raw files found in temp_dir.
Job 615: 400/400 ERROR: No .raw files found in temp_dir.
Warning messages:
1: In data.table::fread(raw_file, data.table = FALSE) :
  Discarded single-line footer: <<0	GTEX-15FZZ	0	0	0	-9	2	2	2	2	2	0	2	2	1	2	2	2	1	2	2	2	2	2	1	2	2	2	2	2	2	2	2	2	0	2	0	2	1	2	1	2	1	0	2	2	2	1	2	2	2	2	2	2	1	2	2	2	2	2	2	0	2	2	2	2	2	1	2	2	2	2	1	2	2	2	1	2	2	1	2	2	2	0	2	2	2	2	2	2	2	2	2	2	2	2	0	1	2	2	1	2	2	2	2	2	2	2	2	2	0	2	2	2	2	2	2	2	2	1	2	2	2	2	2	2	2	2	2	2	2	2	1	2	2	0	2	2	2	2	1	2	1	2	0	2	0	2	1	2	2	2	2	2	2	2	2	2	2	2	2	2	2	1	1	2	2	1	2	2	1	1	2	2	2	2	2	2	1	2	2	2	2	2	2	2	2	2	2	2	2	2	2	2	2	2	2	1	2	2	2	2	2	2	2	2	2	2	2	2	2	2	1	2	2	1	2	2	2	2	2	2	2	2	2	2	2	2	2	2	2	2	2	2	2	2	2	2	2	1	2	2	2	2	2	>>
2: In data.table::fread(raw_file, data.table = FALSE) :
  Discarded single-line footer: <<0	GTEX-15DCZ	0	0	0	-9	2	2	2	2	2	2	2	2	2	2	2	2	2	2	2	2	2	2	2	2	2	2	2	2	2	2	2	2	2	2	2	2	2	2	2	2	2	2	2	2	0	2	2	2	2	2	2	2	2	2	2	2	2	2	2	2	2	2	2	2	2	2	2	2	2	2	2	2	2	2	2	2	2	2	2	2	2	2	2	2	2	2	2	2	2	2	2	2	2	2	2	2	2	2	2	2	2	2	2	2	2	2	2	2	2	2	2	2	2	2	2	2	2	2	2	2	2	2	2	2	2	2	2	2	2	2	2	2	2	2	2	2	2	2	2	2	2	2	2	2	1	2	2	2	2	2	2	2	2	2	2	2	2	2	2	2	2	2	2	2	2	2	2	2	2	2	2	2	2	2	2	2	2	2	2	2	2	2	2	2	2	2	2	2	2	2	2	2	2	0	2	2	2	2	2	2	2	2	0	2	2	2	2	2	2	2	2	2	2	2	2	2	2	2	0	2	2	2	2	2	2	2	2	2	2	2	2	2	2	2	2	2	2	2	2	2	2	2	2	>>
