Registered S3 methods overwritten by 'susieSlide':
  method              from  
  coef.susie          susieR
  predict.susie       susieR
  print.summary.susie susieR
  summary.susie       susieR
Job 268: 1/400
Job 268: 2/400
Job 268: 3/400
Job 268: 4/400
Job 268: 5/400
Job 268: 6/400
Job 268: 7/400
Job 268: 8/400
Job 268: 9/400
Job 268: 10/400
Job 268: 11/400
Job 268: 12/400
Job 268: 13/400
Job 268: 14/400
Job 268: 15/400
Job 268: 16/400
Job 268: 17/400
Job 268: 18/400
Job 268: 19/400
Job 268: 20/400
Job 268: 21/400
Job 268: 22/400
Job 268: 23/400
Job 268: 24/400
Job 268: 25/400
Job 268: 26/400
Job 268: 27/400
Job 268: 28/400
Job 268: 29/400
Job 268: 30/400
Job 268: 31/400
Job 268: 32/400
Job 268: 33/400
Job 268: 34/400
Job 268: 35/400
Job 268: 36/400
Job 268: 37/400
Job 268: 38/400
Job 268: 39/400
Job 268: 40/400
Job 268: 41/400
Job 268: 42/400
Job 268: 43/400
Job 268: 44/400
Job 268: 45/400
Job 268: 46/400
Job 268: 47/400
Job 268: 48/400
Job 268: 49/400
Job 268: 50/400
Job 268: 51/400
Job 268: 52/400
Job 268: 53/400
Job 268: 54/400
Job 268: 55/400
Job 268: 56/400
Job 268: 57/400
Job 268: 58/400
Job 268: 59/400
Job 268: 60/400
Job 268: 61/400
Job 268: 62/400
Job 268: 63/400
Job 268: 64/400
Job 268: 65/400
Job 268: 66/400
Job 268: 67/400
Job 268: 68/400
Job 268: 69/400
Job 268: 70/400
Job 268: 71/400
Job 268: 72/400
Job 268: 73/400
Job 268: 74/400
Job 268: 75/400
Job 268: 76/400
Job 268: 77/400
Job 268: 78/400
Job 268: 79/400
Job 268: 80/400
Job 268: 81/400
Job 268: 82/400
Job 268: 83/400
Job 268: 84/400
Job 268: 85/400
Job 268: 86/400
Job 268: 87/400
Job 268: 88/400
Job 268: 89/400
Job 268: 90/400
Job 268: 91/400
Job 268: 92/400
Job 268: 93/400
Job 268: 94/400
Job 268: 95/400
Job 268: 96/400
Job 268: 97/400
Job 268: 98/400
Job 268: 99/400
Job 268: 100/400
Job 268: 101/400
Job 268: 102/400
Job 268: 103/400
Job 268: 104/400
Job 268: 105/400
Job 268: 106/400
Job 268: 107/400
Job 268: 108/400
Job 268: 109/400
Job 268: 110/400
Job 268: 111/400
Job 268: 112/400
Job 268: 113/400
Job 268: 114/400
Job 268: 115/400
Job 268: 116/400
Job 268: 117/400
Job 268: 118/400
Job 268: 119/400
Job 268: 120/400
Job 268: 121/400
Job 268: 122/400
Job 268: 123/400
Job 268: 124/400
Job 268: 125/400
Job 268: 126/400
Job 268: 127/400
Job 268: 128/400
Job 268: 129/400
Job 268: 130/400
Job 268: 131/400
Job 268: 132/400
Job 268: 133/400
Job 268: 134/400
Job 268: 135/400
Job 268: 136/400
Job 268: 137/400
Job 268: 138/400
Job 268: 139/400
Job 268: 140/400
Job 268: 141/400
Job 268: 142/400
Job 268: 143/400
Job 268: 144/400
Job 268: 145/400
Job 268: 146/400
Job 268: 147/400
Job 268: 148/400
Job 268: 149/400
Job 268: 150/400
Job 268: 151/400
Job 268: 152/400
Job 268: 153/400
Job 268: 154/400
Job 268: 155/400
Job 268: 156/400
Job 268: 157/400
Job 268: 158/400
Job 268: 159/400
Job 268: 160/400
Job 268: 161/400
Job 268: 162/400
Job 268: 163/400
Job 268: 164/400
Job 268: 165/400
Job 268: 166/400
Job 268: 167/400
Job 268: 168/400
Job 268: 169/400
Job 268: 170/400
Job 268: 171/400
Job 268: 172/400
Job 268: 173/400
Job 268: 174/400
Job 268: 175/400
Job 268: 176/400
Job 268: 177/400
Job 268: 178/400
Job 268: 179/400
Job 268: 180/400
Job 268: 181/400
Job 268: 182/400
Job 268: 183/400
Job 268: 184/400
Job 268: 185/400
Job 268: 186/400
Job 268: 187/400
Job 268: 188/400
Job 268: 189/400
Job 268: 190/400
Job 268: 191/400
Job 268: 192/400
Job 268: 193/400
Job 268: 194/400
Job 268: 195/400
Job 268: 196/400
Job 268: 197/400
Job 268: 198/400
Job 268: 199/400
Job 268: 200/400
Job 268: 201/400
Job 268: 202/400
Job 268: 203/400
Job 268: 204/400
Job 268: 205/400
Job 268: 206/400
Job 268: 207/400
Job 268: 208/400
Job 268: 209/400
Job 268: 210/400
Job 268: 211/400
Job 268: 212/400
Job 268: 213/400
Job 268: 214/400
Job 268: 215/400
Job 268: 216/400
Job 268: 217/400
Job 268: 218/400
Job 268: 219/400
Job 268: 220/400
Job 268: 221/400
Job 268: 222/400
Job 268: 223/400
Job 268: 224/400
Job 268: 225/400
Job 268: 226/400
Job 268: 227/400
Job 268: 228/400
Job 268: 229/400
Job 268: 230/400
Job 268: 231/400
Job 268: 232/400
Job 268: 233/400
Job 268: 234/400
Job 268: 235/400
Job 268: 236/400
Job 268: 237/400
Job 268: 238/400
Job 268: 239/400
Job 268: 240/400
Job 268: 241/400
Job 268: 242/400
Job 268: 243/400
Job 268: 244/400
Job 268: 245/400
Job 268: 246/400
Job 268: 247/400
Job 268: 248/400
Job 268: 249/400
Job 268: 250/400
Job 268: 251/400
Job 268: 252/400
Job 268: 253/400
Job 268: 254/400
Job 268: 255/400
Job 268: 256/400
Job 268: 257/400
Job 268: 258/400
Job 268: 259/400
Job 268: 260/400
Job 268: 261/400
Job 268: 262/400
Job 268: 263/400
Job 268: 264/400
Job 268: 265/400
Job 268: 266/400
Job 268: 267/400
Job 268: 268/400
Job 268: 269/400
Job 268: 270/400
Job 268: 271/400
Job 268: 272/400
Job 268: 273/400
Job 268: 274/400
Job 268: 275/400
Job 268: 276/400
Job 268: 277/400
Job 268: 278/400
Job 268: 279/400
Job 268: 280/400
Job 268: 281/400
Job 268: 282/400
Job 268: 283/400
Job 268: 284/400
Job 268: 285/400
Job 268: 286/400
Job 268: 287/400
Job 268: 288/400
Job 268: 289/400
Job 268: 290/400
Job 268: 291/400
Job 268: 292/400
Job 268: 293/400
Job 268: 294/400
Job 268: 295/400
Job 268: 296/400
Job 268: 297/400
Job 268: 298/400
Job 268: 299/400
Job 268: 300/400
Job 268: 301/400
Job 268: 302/400
Job 268: 303/400
Job 268: 304/400
Job 268: 305/400
Job 268: 306/400
Job 268: 307/400
Job 268: 308/400
Job 268: 309/400
Job 268: 310/400
Job 268: 311/400
Job 268: 312/400
Job 268: 313/400
Job 268: 314/400
Job 268: 315/400
Job 268: 316/400
Job 268: 317/400
Job 268: 318/400
Job 268: 319/400
Job 268: 320/400
Job 268: 321/400
Job 268: 322/400
Job 268: 323/400
Job 268: 324/400
Job 268: 325/400
Job 268: 326/400
Job 268: 327/400
Job 268: 328/400
Job 268: 329/400
Job 268: 330/400
Job 268: 331/400
Job 268: 332/400
Job 268: 333/400
Job 268: 334/400
Job 268: 335/400
Job 268: 336/400
Job 268: 337/400
Job 268: 338/400
Job 268: 339/400
Job 268: 340/400
Job 268: 341/400
Job 268: 342/400
Job 268: 343/400
Job 268: 344/400
Job 268: 345/400
Job 268: 346/400
Job 268: 347/400
Job 268: 348/400
Job 268: 349/400
Job 268: 350/400
Job 268: 351/400
Job 268: 352/400
Job 268: 353/400
Job 268: 354/400
Job 268: 355/400
Job 268: 356/400
Job 268: 357/400
Job 268: 358/400
Job 268: 359/400
Job 268: 360/400
Job 268: 361/400
Job 268: 362/400
Job 268: 363/400
Job 268: 364/400
Job 268: 365/400
Job 268: 366/400
Job 268: 367/400
Job 268: 368/400
Job 268: 369/400
Job 268: 370/400
Job 268: 371/400
Job 268: 372/400
Job 268: 373/400
Job 268: 374/400
Job 268: 375/400
Job 268: 376/400
Job 268: 377/400
Job 268: 378/400
Job 268: 379/400
Job 268: 380/400
Job 268: 381/400
Job 268: 382/400
Job 268: 383/400
Job 268: 384/400
Job 268: 385/400
Job 268: 386/400
Job 268: 387/400
Job 268: 388/400
Job 268: 389/400
Job 268: 390/400
Job 268: 391/400
Job 268: 392/400
Job 268: 393/400
Job 268: 394/400
Job 268: 395/400
Job 268: 396/400
Job 268: 397/400
Job 268: 398/400
Job 268: 399/400
Job 268: 400/400
