Registered S3 methods overwritten by 'susieSlide':
  method              from  
  coef.susie          susieR
  predict.susie       susieR
  print.summary.susie susieR
  summary.susie       susieR
Job 234: 1/400
Job 234: 2/400
Job 234: 3/400
Job 234: 4/400
Job 234: 5/400
Job 234: 6/400
Job 234: 7/400
Job 234: 8/400
Job 234: 9/400
Job 234: 10/400
Job 234: 11/400
Job 234: 12/400
Job 234: 13/400
Job 234: 14/400
Job 234: 15/400
Job 234: 16/400
Job 234: 17/400
Job 234: 18/400
Job 234: 19/400
Job 234: 20/400
Job 234: 21/400
Job 234: 22/400
Job 234: 23/400
Job 234: 24/400
Job 234: 25/400
Job 234: 26/400
Job 234: 27/400
Job 234: 28/400
Job 234: 29/400
Job 234: 30/400
Job 234: 31/400
Job 234: 32/400
Job 234: 33/400
Job 234: 34/400
Job 234: 35/400
Job 234: 36/400
Job 234: 37/400
Job 234: 38/400
Job 234: 39/400
Job 234: 40/400
Job 234: 41/400
Job 234: 42/400
Job 234: 43/400
Job 234: 44/400
Job 234: 45/400
Job 234: 46/400
Job 234: 47/400
Job 234: 48/400
Job 234: 49/400
Job 234: 50/400
Job 234: 51/400
Job 234: 52/400
Job 234: 53/400
Job 234: 54/400
Job 234: 55/400
Job 234: 56/400
Job 234: 57/400
Job 234: 58/400
Job 234: 59/400
Job 234: 60/400
Job 234: 61/400
Job 234: 62/400
Job 234: 63/400
Job 234: 64/400
Job 234: 65/400
Job 234: 66/400
Job 234: 67/400
Job 234: 68/400
Job 234: 69/400
Job 234: 70/400
Job 234: 71/400
Job 234: 72/400
Job 234: 73/400
Job 234: 74/400
Job 234: 75/400
Job 234: 76/400
Job 234: 77/400
Job 234: 78/400
Job 234: 79/400
Job 234: 80/400
Job 234: 81/400
Job 234: 82/400
Job 234: 83/400
Job 234: 84/400
Job 234: 85/400
Job 234: 86/400
Job 234: 87/400
Job 234: 88/400
Job 234: 89/400
Job 234: 90/400
Job 234: 91/400
Job 234: 92/400
Job 234: 93/400
Job 234: 94/400
Job 234: 95/400
Job 234: 96/400
Job 234: 97/400
Job 234: 98/400
Job 234: 99/400
Job 234: 100/400
Job 234: 101/400
Job 234: 102/400
Job 234: 103/400
Job 234: 104/400
Job 234: 105/400
Job 234: 106/400
Job 234: 107/400
Job 234: 108/400
Job 234: 109/400
Job 234: 110/400
Job 234: 111/400
Job 234: 112/400
Job 234: 113/400
Job 234: 114/400
Job 234: 115/400
Job 234: 116/400
Job 234: 117/400
Job 234: 118/400
Job 234: 119/400
Job 234: 120/400
Job 234: 121/400
Job 234: 122/400
Job 234: 123/400
Job 234: 124/400
Job 234: 125/400
Job 234: 126/400
Job 234: 127/400
Job 234: 128/400
Job 234: 129/400
Job 234: 130/400
Job 234: 131/400
Job 234: 132/400
Job 234: 133/400
Job 234: 134/400
Job 234: 135/400
Job 234: 136/400
Job 234: 137/400
Job 234: 138/400
Job 234: 139/400
Job 234: 140/400
Job 234: 141/400
Job 234: 142/400
Job 234: 143/400
Job 234: 144/400
Job 234: 145/400
Job 234: 146/400
Job 234: 147/400
Job 234: 148/400
Job 234: 149/400
Job 234: 150/400
Job 234: 151/400
Job 234: 152/400
Job 234: 153/400
Job 234: 154/400
Job 234: 155/400
Job 234: 156/400
Job 234: 157/400
Job 234: 158/400
Job 234: 159/400
Job 234: 160/400
Job 234: 161/400
Job 234: 162/400
Job 234: 163/400
Job 234: 164/400
Job 234: 165/400
Job 234: 166/400
Job 234: 167/400
Job 234: 168/400
Job 234: 169/400
Job 234: 170/400
Job 234: 171/400
Job 234: 172/400
Job 234: 173/400
Job 234: 174/400
Job 234: 175/400
Job 234: 176/400
Job 234: 177/400
Job 234: 178/400
Job 234: 179/400
Job 234: 180/400
Job 234: 181/400
Job 234: 182/400
Job 234: 183/400
Job 234: 184/400
Job 234: 185/400
Job 234: 186/400
Job 234: 187/400
Job 234: 188/400
Job 234: 189/400
Job 234: 190/400
Job 234: 191/400
Job 234: 192/400
Job 234: 193/400
Job 234: 194/400
Job 234: 195/400
Job 234: 196/400
Job 234: 197/400
Job 234: 198/400
Job 234: 199/400
Job 234: 200/400
Job 234: 201/400
Job 234: 202/400
Job 234: 203/400
Job 234: 204/400
Job 234: 205/400
Job 234: 206/400
Job 234: 207/400
Job 234: 208/400
Job 234: 209/400
Job 234: 210/400
Job 234: 211/400
Job 234: 212/400
Job 234: 213/400
Job 234: 214/400
Job 234: 215/400
Job 234: 216/400
Job 234: 217/400
Job 234: 218/400
Job 234: 219/400
Job 234: 220/400
Job 234: 221/400
Job 234: 222/400
Job 234: 223/400
Job 234: 224/400
Job 234: 225/400
Job 234: 226/400
Job 234: 227/400
Job 234: 228/400
Job 234: 229/400
Job 234: 230/400
Job 234: 231/400
Job 234: 232/400
Job 234: 233/400
Job 234: 234/400
Job 234: 235/400
Job 234: 236/400
Job 234: 237/400
Job 234: 238/400
Job 234: 239/400
Job 234: 240/400
Job 234: 241/400
Job 234: 242/400
Job 234: 243/400
Job 234: 244/400
Job 234: 245/400
Job 234: 246/400
Job 234: 247/400
Job 234: 248/400
Job 234: 249/400
Job 234: 250/400
Job 234: 251/400
Job 234: 252/400
Job 234: 253/400
Job 234: 254/400
Job 234: 255/400
Job 234: 256/400
Job 234: 257/400
Job 234: 258/400
Job 234: 259/400
Job 234: 260/400
Job 234: 261/400
Job 234: 262/400
Job 234: 263/400
Job 234: 264/400
Job 234: 265/400
Job 234: 266/400
Job 234: 267/400
Job 234: 268/400
Job 234: 269/400
Job 234: 270/400
Job 234: 271/400
Job 234: 272/400
Job 234: 273/400
Job 234: 274/400
Job 234: 275/400
Job 234: 276/400
Job 234: 277/400
Job 234: 278/400
Job 234: 279/400
Job 234: 280/400
Job 234: 281/400
Job 234: 282/400
Job 234: 283/400
Job 234: 284/400
Job 234: 285/400
Job 234: 286/400
Job 234: 287/400
Job 234: 288/400
Job 234: 289/400
Job 234: 290/400
Job 234: 291/400
Job 234: 292/400
Job 234: 293/400
Job 234: 294/400
Job 234: 295/400
Job 234: 296/400
Job 234: 297/400
Job 234: 298/400
Job 234: 299/400
Job 234: 300/400
Job 234: 301/400
Job 234: 302/400
Job 234: 303/400
Job 234: 304/400
Job 234: 305/400
Job 234: 306/400
Job 234: 307/400
Job 234: 308/400
Job 234: 309/400
Job 234: 310/400
Job 234: 311/400
Job 234: 312/400
Job 234: 313/400
Job 234: 314/400
Job 234: 315/400
Job 234: 316/400
Job 234: 317/400
Job 234: 318/400
Job 234: 319/400
Job 234: 320/400
Job 234: 321/400
Job 234: 322/400
Job 234: 323/400
Job 234: 324/400
Job 234: 325/400
Job 234: 326/400
Job 234: 327/400
Job 234: 328/400
Job 234: 329/400
Job 234: 330/400
Job 234: 331/400
Job 234: 332/400
Job 234: 333/400
Job 234: 334/400
Job 234: 335/400
Job 234: 336/400
Job 234: 337/400
Job 234: 338/400
Job 234: 339/400
Job 234: 340/400
Job 234: 341/400
Job 234: 342/400
Job 234: 343/400
Job 234: 344/400
Job 234: 345/400
Job 234: 346/400
Job 234: 347/400
Job 234: 348/400
Job 234: 349/400
Job 234: 350/400
Job 234: 351/400
Job 234: 352/400
Job 234: 353/400
Job 234: 354/400
Job 234: 355/400
Job 234: 356/400
Job 234: 357/400
Job 234: 358/400
Job 234: 359/400
Job 234: 360/400
Job 234: 361/400
Job 234: 362/400
Job 234: 363/400
Job 234: 364/400
Job 234: 365/400
Job 234: 366/400
Job 234: 367/400
Job 234: 368/400
Job 234: 369/400
Job 234: 370/400
Job 234: 371/400
Job 234: 372/400
Job 234: 373/400
Job 234: 374/400
Job 234: 375/400
Job 234: 376/400
Job 234: 377/400
Job 234: 378/400
Job 234: 379/400
Job 234: 380/400
Job 234: 381/400
Job 234: 382/400
Job 234: 383/400
Job 234: 384/400
Job 234: 385/400
Job 234: 386/400
Job 234: 387/400
Job 234: 388/400
Job 234: 389/400
Job 234: 390/400
Job 234: 391/400
Job 234: 392/400
Job 234: 393/400
Job 234: 394/400
Job 234: 395/400
Job 234: 396/400
Job 234: 397/400
Job 234: 398/400
Job 234: 399/400
Job 234: 400/400
