Registered S3 methods overwritten by 'susieSlide':
  method              from  
  coef.susie          susieR
  predict.susie       susieR
  print.summary.susie susieR
  summary.susie       susieR
Job 484: 1/400
Job 484: 2/400
Job 484: 3/400
Job 484: 4/400
Job 484: 5/400
Job 484: 6/400
Job 484: 7/400
Job 484: 8/400
Job 484: 9/400
Job 484: 10/400
Job 484: 11/400
Job 484: 12/400
Job 484: 13/400
Job 484: 14/400
Job 484: 15/400
Job 484: 16/400
Job 484: 17/400
Job 484: 18/400
Job 484: 19/400
Job 484: 20/400
Job 484: 21/400
Job 484: 22/400
Job 484: 23/400
Job 484: 24/400
Job 484: 25/400
Job 484: 26/400
Job 484: 27/400
Job 484: 28/400
Job 484: 29/400
Job 484: 30/400
Job 484: 31/400
Job 484: 32/400
Job 484: 33/400
Job 484: 34/400
Job 484: 35/400
Job 484: 36/400
Job 484: 37/400
Job 484: 38/400
Job 484: 39/400
Job 484: 40/400
Job 484: 41/400
Job 484: 42/400
Job 484: 43/400
Job 484: 44/400
Job 484: 45/400
Job 484: 46/400
Job 484: 47/400
Job 484: 48/400
Job 484: 49/400
Job 484: 50/400
Job 484: 51/400
Job 484: 52/400
Job 484: 53/400
Job 484: 54/400
Job 484: 55/400
Job 484: 56/400
Job 484: 57/400
Job 484: 58/400
Job 484: 59/400
Job 484: 60/400
Job 484: 61/400
Job 484: 62/400
Job 484: 63/400
Job 484: 64/400
Job 484: 65/400
Job 484: 66/400
Job 484: 67/400
Job 484: 68/400
Job 484: 69/400
Job 484: 70/400
Job 484: 71/400
Job 484: 72/400
Job 484: 73/400
Job 484: 74/400
Job 484: 75/400
Job 484: 76/400
Job 484: 77/400
Job 484: 78/400
Job 484: 79/400
Job 484: 80/400
Job 484: 81/400
Job 484: 82/400
Job 484: 83/400
Job 484: 84/400
Job 484: 85/400
Job 484: 86/400
Job 484: 87/400
Job 484: 88/400
Job 484: 89/400
Job 484: 90/400
Job 484: 91/400
Job 484: 92/400
Job 484: 93/400
Job 484: 94/400
Job 484: 95/400
Job 484: 96/400
Job 484: 97/400
Job 484: 98/400
Job 484: 99/400
Job 484: 100/400
Job 484: 101/400
Job 484: 102/400
Job 484: 103/400
Job 484: 104/400
Job 484: 105/400
Job 484: 106/400
Job 484: 107/400
Job 484: 108/400
Job 484: 109/400
Job 484: 110/400
Job 484: 111/400
Job 484: 112/400
Job 484: 113/400
Job 484: 114/400
Job 484: 115/400
Job 484: 116/400
Job 484: 117/400
Job 484: 118/400
Job 484: 119/400
Job 484: 120/400
Job 484: 121/400
Job 484: 122/400
Job 484: 123/400
Job 484: 124/400
Job 484: 125/400
Job 484: 126/400
Job 484: 127/400
Job 484: 128/400
Job 484: 129/400
Job 484: 130/400
Job 484: 131/400
Job 484: 132/400
Job 484: 133/400
Job 484: 134/400
Job 484: 135/400
Job 484: 136/400
Job 484: 137/400
Job 484: 138/400
Job 484: 139/400
Job 484: 140/400
Job 484: 141/400
Job 484: 142/400
Job 484: 143/400
Job 484: 144/400
Job 484: 145/400
Job 484: 146/400
Job 484: 147/400
Job 484: 148/400
Job 484: 149/400
Job 484: 150/400
Job 484: 151/400
Job 484: 152/400
Job 484: 153/400
Job 484: 154/400
Job 484: 155/400
Job 484: 156/400
Job 484: 157/400
Job 484: 158/400
Job 484: 159/400
Job 484: 160/400
Job 484: 161/400
Job 484: 162/400
Job 484: 163/400
Job 484: 164/400
Job 484: 165/400
Job 484: 166/400
Job 484: 167/400
Job 484: 168/400
Job 484: 169/400
Job 484: 170/400
Job 484: 171/400
Job 484: 172/400
Job 484: 173/400
Job 484: 174/400
Job 484: 175/400
Job 484: 176/400
Job 484: 177/400
Job 484: 178/400
Job 484: 179/400
Job 484: 180/400
Job 484: 181/400
Job 484: 182/400
Job 484: 183/400
Job 484: 184/400
Job 484: 185/400
Job 484: 186/400
Job 484: 187/400
Job 484: 188/400
Job 484: 189/400
Job 484: 190/400
Job 484: 191/400
Job 484: 192/400
Job 484: 193/400
Job 484: 194/400
Job 484: 195/400
Job 484: 196/400
Job 484: 197/400
Job 484: 198/400
Job 484: 199/400
Job 484: 200/400
Job 484: 201/400
Job 484: 202/400
Job 484: 203/400
Job 484: 204/400
Job 484: 205/400
Job 484: 206/400
Job 484: 207/400
Job 484: 208/400
Job 484: 209/400
Job 484: 210/400
Job 484: 211/400
Job 484: 212/400
Job 484: 213/400
Job 484: 214/400
Job 484: 215/400
Job 484: 216/400
Job 484: 217/400
Job 484: 218/400
Job 484: 219/400
Job 484: 220/400
Job 484: 221/400
Job 484: 222/400
Job 484: 223/400
Job 484: 224/400
Job 484: 225/400
Job 484: 226/400
Job 484: 227/400
Job 484: 228/400
Job 484: 229/400
Job 484: 230/400
Job 484: 231/400
Job 484: 232/400
Job 484: 233/400
Job 484: 234/400
Job 484: 235/400
Job 484: 236/400
Job 484: 237/400
Job 484: 238/400
Job 484: 239/400
Job 484: 240/400
Job 484: 241/400
Job 484: 242/400
Job 484: 243/400
Job 484: 244/400
Job 484: 245/400
Job 484: 246/400
Job 484: 247/400
Job 484: 248/400
Job 484: 249/400
Job 484: 250/400
Job 484: 251/400
Job 484: 252/400
Job 484: 253/400
Job 484: 254/400
Job 484: 255/400
Job 484: 256/400
Job 484: 257/400
Job 484: 258/400
Job 484: 259/400
Job 484: 260/400
Job 484: 261/400
Job 484: 262/400
Job 484: 263/400
Job 484: 264/400
Job 484: 265/400
Job 484: 266/400
Job 484: 267/400
Job 484: 268/400
Job 484: 269/400
Job 484: 270/400
Job 484: 271/400
Job 484: 272/400
Job 484: 273/400
Job 484: 274/400
Job 484: 275/400
Job 484: 276/400
Job 484: 277/400
Job 484: 278/400
Job 484: 279/400
Job 484: 280/400
Job 484: 281/400
Job 484: 282/400
Job 484: 283/400
Job 484: 284/400
Job 484: 285/400
Job 484: 286/400
Job 484: 287/400
Job 484: 288/400
Job 484: 289/400
Job 484: 290/400
Job 484: 291/400
Job 484: 292/400
Job 484: 293/400
Job 484: 294/400
Job 484: 295/400
Job 484: 296/400
Job 484: 297/400
Job 484: 298/400
Job 484: 299/400
Job 484: 300/400
Job 484: 301/400
Job 484: 302/400
Job 484: 303/400
Job 484: 304/400
Job 484: 305/400
Job 484: 306/400
Job 484: 307/400
Job 484: 308/400
Job 484: 309/400
Job 484: 310/400
Job 484: 311/400
Job 484: 312/400
Job 484: 313/400
Job 484: 314/400
Job 484: 315/400
Job 484: 316/400
Job 484: 317/400
Job 484: 318/400
Job 484: 319/400
Job 484: 320/400
Job 484: 321/400
Job 484: 322/400
Job 484: 323/400
Job 484: 324/400
Job 484: 325/400
Job 484: 326/400
Job 484: 327/400
Job 484: 328/400
Job 484: 329/400
Job 484: 330/400
Job 484: 331/400
Job 484: 332/400
Job 484: 333/400
Job 484: 334/400
Job 484: 335/400
Job 484: 336/400
Job 484: 337/400
Job 484: 338/400
Job 484: 339/400
Job 484: 340/400
Job 484: 341/400
Job 484: 342/400
Job 484: 343/400
Job 484: 344/400
Job 484: 345/400
Job 484: 346/400
Job 484: 347/400
Job 484: 348/400
Job 484: 349/400
Job 484: 350/400
Job 484: 351/400
Job 484: 352/400
Job 484: 353/400
Job 484: 354/400
Job 484: 355/400
Job 484: 356/400
Job 484: 357/400
Job 484: 358/400
Job 484: 359/400
Job 484: 360/400
Job 484: 361/400
Job 484: 362/400
Job 484: 363/400
Job 484: 364/400
Job 484: 365/400
Job 484: 366/400
Job 484: 367/400
Job 484: 368/400
Job 484: 369/400
Job 484: 370/400
Job 484: 371/400
Job 484: 372/400
Job 484: 373/400
Job 484: 374/400
Job 484: 375/400
Job 484: 376/400
Job 484: 377/400
Job 484: 378/400
Job 484: 379/400
Job 484: 380/400
Job 484: 381/400
Job 484: 382/400
Job 484: 383/400
Job 484: 384/400
Job 484: 385/400
Job 484: 386/400
Job 484: 387/400
Job 484: 388/400
Job 484: 389/400
Job 484: 390/400
Job 484: 391/400
Job 484: 392/400
Job 484: 393/400
Job 484: 394/400
Job 484: 395/400
Job 484: 396/400
Job 484: 397/400
Job 484: 398/400
Job 484: 399/400
Job 484: 400/400
