Registered S3 methods overwritten by 'susieSlide':
  method              from  
  coef.susie          susieR
  predict.susie       susieR
  print.summary.susie susieR
  summary.susie       susieR
Job 6: 1/400
Job 6: 2/400
Job 6: 3/400
Job 6: 4/400
Job 6: 5/400
Job 6: 6/400
Job 6: 7/400
Job 6: 8/400
Job 6: 9/400
Job 6: 10/400
Job 6: 11/400
Job 6: 12/400
Job 6: 13/400
Job 6: 14/400
Job 6: 15/400
Job 6: 16/400
Job 6: 17/400
Job 6: 18/400
Job 6: 19/400
Job 6: 20/400
Job 6: 21/400
Job 6: 22/400
Job 6: 23/400
Job 6: 24/400
Job 6: 25/400
Job 6: 26/400
Job 6: 27/400
Job 6: 28/400
Job 6: 29/400
Job 6: 30/400
Job 6: 31/400
Job 6: 32/400
Job 6: 33/400
Job 6: 34/400
Job 6: 35/400
Job 6: 36/400
Job 6: 37/400
Job 6: 38/400
Job 6: 39/400
Job 6: 40/400
Job 6: 41/400
Job 6: 42/400
Job 6: 43/400
Job 6: 44/400
Job 6: 45/400
Job 6: 46/400
Job 6: 47/400
Job 6: 48/400
Job 6: 49/400
Job 6: 50/400
Job 6: 51/400
Job 6: 52/400
Job 6: 53/400
Job 6: 54/400
Job 6: 55/400
Job 6: 56/400
Job 6: 57/400
Job 6: 58/400
Job 6: 59/400
Job 6: 60/400
Job 6: 61/400
Job 6: 62/400
Job 6: 63/400
Job 6: 64/400
Job 6: 65/400
Job 6: 66/400
Job 6: 67/400
Job 6: 68/400
Job 6: 69/400
Job 6: 70/400
Job 6: 71/400
Job 6: 72/400
Job 6: 73/400
Job 6: 74/400
Job 6: 75/400
Job 6: 76/400
Job 6: 77/400
Job 6: 78/400
Job 6: 79/400
Job 6: 80/400
Job 6: 81/400
Job 6: 82/400
Job 6: 83/400
Job 6: 84/400
Job 6: 85/400
Job 6: 86/400
Job 6: 87/400
Job 6: 88/400
Job 6: 89/400
Job 6: 90/400
Job 6: 91/400
Job 6: 92/400
Job 6: 93/400
Job 6: 94/400
Job 6: 95/400
Job 6: 96/400
Job 6: 97/400
Job 6: 98/400
Job 6: 99/400
Job 6: 100/400
Job 6: 101/400
Job 6: 102/400
Job 6: 103/400
Job 6: 104/400
Job 6: 105/400
Job 6: 106/400
Job 6: 107/400
Job 6: 108/400
Job 6: 109/400
Job 6: 110/400
Job 6: 111/400
Job 6: 112/400
Job 6: 113/400
Job 6: 114/400
Job 6: 115/400
Job 6: 116/400
Job 6: 117/400
Job 6: 118/400
Job 6: 119/400
Job 6: 120/400
Job 6: 121/400
Job 6: 122/400
Job 6: 123/400
Job 6: 124/400
Job 6: 125/400
Job 6: 126/400
Job 6: 127/400
Job 6: 128/400
Job 6: 129/400
Job 6: 130/400
Job 6: 131/400
Job 6: 132/400
Job 6: 133/400
Job 6: 134/400
Job 6: 135/400
Job 6: 136/400
Job 6: 137/400
Job 6: 138/400
Job 6: 139/400
Job 6: 140/400
Job 6: 141/400
Job 6: 142/400
Job 6: 143/400
Job 6: 144/400
Job 6: 145/400
Job 6: 146/400
Job 6: 147/400
Job 6: 148/400
Job 6: 149/400
Job 6: 150/400
Job 6: 151/400
Job 6: 152/400
Job 6: 153/400
Job 6: 154/400
Job 6: 155/400
Job 6: 156/400
Job 6: 157/400
Job 6: 158/400
Job 6: 159/400
Job 6: 160/400
Job 6: 161/400
Job 6: 162/400
Job 6: 163/400
Job 6: 164/400
Job 6: 165/400
Job 6: 166/400
Job 6: 167/400
Job 6: 168/400
Job 6: 169/400
Job 6: 170/400
Job 6: 171/400
Job 6: 172/400
Job 6: 173/400
Job 6: 174/400
Job 6: 175/400
Job 6: 176/400
Job 6: 177/400
Job 6: 178/400
Job 6: 179/400
Job 6: 180/400
Job 6: 181/400
Job 6: 182/400
Job 6: 183/400
Job 6: 184/400
Job 6: 185/400
Job 6: 186/400
Job 6: 187/400
Job 6: 188/400
Job 6: 189/400
Job 6: 190/400
Job 6: 191/400
Job 6: 192/400
Job 6: 193/400
Job 6: 194/400
Job 6: 195/400
Job 6: 196/400
Job 6: 197/400
Job 6: 198/400
Job 6: 199/400
Job 6: 200/400
Job 6: 201/400
Job 6: 202/400
Job 6: 203/400
Job 6: 204/400
Job 6: 205/400
Job 6: 206/400
Job 6: 207/400
Job 6: 208/400
Job 6: 209/400
Job 6: 210/400
Job 6: 211/400
Job 6: 212/400
Job 6: 213/400
Job 6: 214/400
Job 6: 215/400
Job 6: 216/400
Job 6: 217/400
Job 6: 218/400
Job 6: 219/400
Job 6: 220/400
Job 6: 221/400
Job 6: 222/400
Job 6: 223/400
Job 6: 224/400
Job 6: 225/400
Job 6: 226/400
Job 6: 227/400
Job 6: 228/400
Job 6: 229/400
Job 6: 230/400
Job 6: 231/400
Job 6: 232/400
Job 6: 233/400
Job 6: 234/400
Job 6: 235/400
Job 6: 236/400
Job 6: 237/400
Job 6: 238/400
Job 6: 239/400
Job 6: 240/400
Job 6: 241/400
Job 6: 242/400
Job 6: 243/400
Job 6: 244/400
Job 6: 245/400
Job 6: 246/400
Job 6: 247/400
Job 6: 248/400
Job 6: 249/400
Job 6: 250/400
Job 6: 251/400
Job 6: 252/400
Job 6: 253/400
Job 6: 254/400
Job 6: 255/400
Job 6: 256/400
Job 6: 257/400
Job 6: 258/400
Job 6: 259/400
Job 6: 260/400
Job 6: 261/400
Job 6: 262/400
Job 6: 263/400
Job 6: 264/400
Job 6: 265/400
Job 6: 266/400
Job 6: 267/400
Job 6: 268/400
Job 6: 269/400
Job 6: 270/400
Job 6: 271/400
Job 6: 272/400
Job 6: 273/400
Job 6: 274/400
Job 6: 275/400
Job 6: 276/400
Job 6: 277/400
Job 6: 278/400
Job 6: 279/400
Job 6: 280/400
Job 6: 281/400
Job 6: 282/400
Job 6: 283/400
Job 6: 284/400
Job 6: 285/400
Job 6: 286/400
Job 6: 287/400
Job 6: 288/400
Job 6: 289/400
Job 6: 290/400
Job 6: 291/400
Job 6: 292/400
Job 6: 293/400
Job 6: 294/400
Job 6: 295/400
Job 6: 296/400
Job 6: 297/400
Job 6: 298/400
Job 6: 299/400
Job 6: 300/400
Job 6: 301/400
Job 6: 302/400
Job 6: 303/400
Job 6: 304/400
Job 6: 305/400
Job 6: 306/400
Job 6: 307/400
Job 6: 308/400
Job 6: 309/400
Job 6: 310/400
Job 6: 311/400
Job 6: 312/400
Job 6: 313/400
Job 6: 314/400
Job 6: 315/400
Job 6: 316/400
Job 6: 317/400
Job 6: 318/400
Job 6: 319/400
Job 6: 320/400
Job 6: 321/400
Job 6: 322/400
Job 6: 323/400
Job 6: 324/400
Job 6: 325/400
Job 6: 326/400
Job 6: 327/400
Job 6: 328/400
Job 6: 329/400
Job 6: 330/400
Job 6: 331/400
Job 6: 332/400
Job 6: 333/400
Job 6: 334/400
Job 6: 335/400
Job 6: 336/400
Job 6: 337/400
Job 6: 338/400
Job 6: 339/400
Job 6: 340/400
Job 6: 341/400
Job 6: 342/400
Job 6: 343/400
Job 6: 344/400
Job 6: 345/400
Job 6: 346/400
Job 6: 347/400
Job 6: 348/400
Job 6: 349/400
Job 6: 350/400
Job 6: 351/400
Job 6: 352/400
Job 6: 353/400
Job 6: 354/400
Job 6: 355/400
Job 6: 356/400
Job 6: 357/400
Job 6: 358/400
Job 6: 359/400
Job 6: 360/400
Job 6: 361/400
Job 6: 362/400
Job 6: 363/400
Job 6: 364/400
Job 6: 365/400
Job 6: 366/400
Job 6: 367/400
Job 6: 368/400
Job 6: 369/400
Job 6: 370/400
Job 6: 371/400
Job 6: 372/400
Job 6: 373/400
Job 6: 374/400
Job 6: 375/400
Job 6: 376/400
Job 6: 377/400
Job 6: 378/400
Job 6: 379/400
Job 6: 380/400
Job 6: 381/400
Job 6: 382/400
Job 6: 383/400
Job 6: 384/400
Job 6: 385/400
Job 6: 386/400
Job 6: 387/400
Job 6: 388/400
Job 6: 389/400
Job 6: 390/400
Job 6: 391/400
Job 6: 392/400
Job 6: 393/400
Job 6: 394/400
Job 6: 395/400
Job 6: 396/400
Job 6: 397/400
Job 6: 398/400
Job 6: 399/400
Job 6: 400/400
