Registered S3 methods overwritten by 'susieSlide':
  method              from  
  coef.susie          susieR
  predict.susie       susieR
  print.summary.susie susieR
  summary.susie       susieR
Job 602: 1/400
Job 602: 2/400
Job 602: 3/400
Job 602: 4/400
Job 602: 5/400
Job 602: 6/400
Job 602: 7/400
Job 602: 8/400
Job 602: 9/400
Job 602: 10/400
Job 602: 11/400
Job 602: 12/400
Job 602: 13/400
Job 602: 14/400
Job 602: 15/400
Job 602: 16/400
Job 602: 17/400
Job 602: 18/400
Job 602: 19/400
Job 602: 20/400
Job 602: 21/400 ERROR: No .raw files found in temp_dir.
Job 602: 22/400 ERROR: No .raw files found in temp_dir.
Job 602: 23/400 ERROR: No .raw files found in temp_dir.
Job 602: 24/400 ERROR: No .raw files found in temp_dir.
Job 602: 25/400 ERROR: No .raw files found in temp_dir.
Job 602: 26/400 ERROR: No .raw files found in temp_dir.
Job 602: 27/400 ERROR: No .raw files found in temp_dir.
Job 602: 28/400 ERROR: No .raw files found in temp_dir.
Job 602: 29/400 ERROR: No .raw files found in temp_dir.
Job 602: 30/400 ERROR: No .raw files found in temp_dir.
Job 602: 31/400 ERROR: No .raw files found in temp_dir.
Job 602: 32/400 ERROR: No .raw files found in temp_dir.
Job 602: 33/400 ERROR: No .raw files found in temp_dir.
Job 602: 34/400 ERROR: No .raw files found in temp_dir.
Job 602: 35/400 ERROR: No .raw files found in temp_dir.
Job 602: 36/400 ERROR: No .raw files found in temp_dir.
Job 602: 37/400 ERROR: No .raw files found in temp_dir.
Job 602: 38/400 ERROR: No .raw files found in temp_dir.
Job 602: 39/400 ERROR: No .raw files found in temp_dir.
Job 602: 40/400 ERROR: No .raw files found in temp_dir.
Job 602: 41/400 ERROR: No .raw files found in temp_dir.
Job 602: 42/400 ERROR: No .raw files found in temp_dir.
Job 602: 43/400 ERROR: No .raw files found in temp_dir.
Job 602: 44/400 ERROR: No .raw files found in temp_dir.
Job 602: 45/400 ERROR: No .raw files found in temp_dir.
Job 602: 46/400 ERROR: No .raw files found in temp_dir.
Job 602: 47/400 ERROR: No .raw files found in temp_dir.
Job 602: 48/400 ERROR: No .raw files found in temp_dir.
Job 602: 49/400 ERROR: No .raw files found in temp_dir.
Job 602: 50/400 ERROR: No .raw files found in temp_dir.
Job 602: 51/400 ERROR: No .raw files found in temp_dir.
Job 602: 52/400 ERROR: No .raw files found in temp_dir.
Job 602: 53/400 ERROR: No .raw files found in temp_dir.
Job 602: 54/400 ERROR: No .raw files found in temp_dir.
Job 602: 55/400 ERROR: No .raw files found in temp_dir.
Job 602: 56/400 ERROR: No .raw files found in temp_dir.
Job 602: 57/400 ERROR: No .raw files found in temp_dir.
Job 602: 58/400 ERROR: No .raw files found in temp_dir.
Job 602: 59/400 ERROR: No .raw files found in temp_dir.
Job 602: 60/400 ERROR: No .raw files found in temp_dir.
Job 602: 61/400 ERROR: No .raw files found in temp_dir.
Job 602: 62/400 ERROR: No .raw files found in temp_dir.
Job 602: 63/400 ERROR: No .raw files found in temp_dir.
Job 602: 64/400 ERROR: No .raw files found in temp_dir.
Job 602: 65/400 ERROR: No .raw files found in temp_dir.
Job 602: 66/400 ERROR: No .raw files found in temp_dir.
Job 602: 67/400 ERROR: No .raw files found in temp_dir.
Job 602: 68/400 ERROR: No .raw files found in temp_dir.
Job 602: 69/400 ERROR: No .raw files found in temp_dir.
Job 602: 70/400 ERROR: No .raw files found in temp_dir.
Job 602: 71/400 ERROR: No .raw files found in temp_dir.
Job 602: 72/400 ERROR: No .raw files found in temp_dir.
Job 602: 73/400 ERROR: No .raw files found in temp_dir.
Job 602: 74/400 ERROR: No .raw files found in temp_dir.
Job 602: 75/400 ERROR: No .raw files found in temp_dir.
Job 602: 76/400 ERROR: No .raw files found in temp_dir.
Job 602: 77/400 ERROR: No .raw files found in temp_dir.
Job 602: 78/400 ERROR: No .raw files found in temp_dir.
Job 602: 79/400 ERROR: No .raw files found in temp_dir.
Job 602: 80/400 ERROR: No .raw files found in temp_dir.
Job 602: 81/400 ERROR: No .raw files found in temp_dir.
Job 602: 82/400 ERROR: No .raw files found in temp_dir.
Job 602: 83/400 ERROR: No .raw files found in temp_dir.
Job 602: 84/400 ERROR: No .raw files found in temp_dir.
Job 602: 85/400 ERROR: No .raw files found in temp_dir.
Job 602: 86/400 ERROR: No .raw files found in temp_dir.
Job 602: 87/400 ERROR: No .raw files found in temp_dir.
Job 602: 88/400 ERROR: No .raw files found in temp_dir.
Job 602: 89/400 ERROR: No .raw files found in temp_dir.
Job 602: 90/400 ERROR: No .raw files found in temp_dir.
Job 602: 91/400 ERROR: Not enough donors for the requested n.
Job 602: 92/400
Job 602: 93/400
Job 602: 94/400
Job 602: 95/400
Job 602: 96/400
Job 602: 97/400
Job 602: 98/400
Job 602: 99/400
Job 602: 100/400
Job 602: 101/400
Job 602: 102/400
Job 602: 103/400
Job 602: 104/400
Job 602: 105/400
Job 602: 106/400
Job 602: 107/400
Job 602: 108/400
Job 602: 109/400
Job 602: 110/400
Job 602: 111/400
Job 602: 112/400
Job 602: 113/400
Job 602: 114/400
Job 602: 115/400
Job 602: 116/400
Job 602: 117/400
Job 602: 118/400
Job 602: 119/400
Job 602: 120/400
Job 602: 121/400 ERROR: No .raw files found in temp_dir.
Job 602: 122/400 ERROR: No .raw files found in temp_dir.
Job 602: 123/400 ERROR: No .raw files found in temp_dir.
Job 602: 124/400 ERROR: No .raw files found in temp_dir.
Job 602: 125/400 ERROR: No .raw files found in temp_dir.
Job 602: 126/400 ERROR: No .raw files found in temp_dir.
Job 602: 127/400 ERROR: No .raw files found in temp_dir.
Job 602: 128/400 ERROR: No .raw files found in temp_dir.
Job 602: 129/400 ERROR: No .raw files found in temp_dir.
Job 602: 130/400 ERROR: No .raw files found in temp_dir.
Job 602: 131/400 ERROR: No .raw files found in temp_dir.
Job 602: 132/400 ERROR: No .raw files found in temp_dir.
Job 602: 133/400 ERROR: No .raw files found in temp_dir.
Job 602: 134/400 ERROR: No .raw files found in temp_dir.
Job 602: 135/400 ERROR: No .raw files found in temp_dir.
Job 602: 136/400 ERROR: No .raw files found in temp_dir.
Job 602: 137/400 ERROR: No .raw files found in temp_dir.
Job 602: 138/400 ERROR: No .raw files found in temp_dir.
Job 602: 139/400 ERROR: No .raw files found in temp_dir.
Job 602: 140/400 ERROR: No .raw files found in temp_dir.
Job 602: 141/400 ERROR: No .raw files found in temp_dir.
Job 602: 142/400 ERROR: No .raw files found in temp_dir.
Job 602: 143/400 ERROR: No .raw files found in temp_dir.
Job 602: 144/400 ERROR: No .raw files found in temp_dir.
Job 602: 145/400 ERROR: No .raw files found in temp_dir.
Job 602: 146/400 ERROR: No .raw files found in temp_dir.
Job 602: 147/400 ERROR: Not enough donors for the requested n.
Job 602: 148/400
Job 602: 149/400
Job 602: 150/400
Job 602: 151/400
Job 602: 152/400
Job 602: 153/400
Job 602: 154/400
Job 602: 155/400
Job 602: 156/400
Job 602: 157/400
Job 602: 158/400
Job 602: 159/400
Job 602: 160/400
Job 602: 161/400
Job 602: 162/400
Job 602: 163/400
Job 602: 164/400
Job 602: 165/400
Job 602: 166/400
Job 602: 167/400
Job 602: 168/400
Job 602: 169/400
Job 602: 170/400
Job 602: 171/400
Job 602: 172/400
Job 602: 173/400
Job 602: 174/400
Job 602: 175/400
Job 602: 176/400 ERROR: No .raw files found in temp_dir.
Job 602: 177/400 ERROR: No .raw files found in temp_dir.
Job 602: 178/400 ERROR: No .raw files found in temp_dir.
Job 602: 179/400 ERROR: No .raw files found in temp_dir.
Job 602: 180/400 ERROR: No .raw files found in temp_dir.
Job 602: 181/400 ERROR: No .raw files found in temp_dir.
Job 602: 182/400 ERROR: No .raw files found in temp_dir.
Job 602: 183/400 ERROR: No .raw files found in temp_dir.
Job 602: 184/400 ERROR: No .raw files found in temp_dir.
Job 602: 185/400 ERROR: No .raw files found in temp_dir.
Job 602: 186/400 ERROR: No .raw files found in temp_dir.
Job 602: 187/400 ERROR: No .raw files found in temp_dir.
Job 602: 188/400 ERROR: No .raw files found in temp_dir.
Job 602: 189/400 ERROR: No .raw files found in temp_dir.
Job 602: 190/400 ERROR: No .raw files found in temp_dir.
Job 602: 191/400 ERROR: No .raw files found in temp_dir.
Job 602: 192/400 ERROR: No .raw files found in temp_dir.
Job 602: 193/400 ERROR: No .raw files found in temp_dir.
Job 602: 194/400 ERROR: No .raw files found in temp_dir.
Job 602: 195/400 ERROR: No .raw files found in temp_dir.
Job 602: 196/400 ERROR: No .raw files found in temp_dir.
Job 602: 197/400 ERROR: No .raw files found in temp_dir.
Job 602: 198/400 ERROR: No .raw files found in temp_dir.
Job 602: 199/400 ERROR: No .raw files found in temp_dir.
Job 602: 200/400 ERROR: No .raw files found in temp_dir.
Job 602: 201/400 ERROR: No .raw files found in temp_dir.
Job 602: 202/400 ERROR: No .raw files found in temp_dir.
Job 602: 203/400 ERROR: No .raw files found in temp_dir.
Job 602: 204/400 ERROR: No .raw files found in temp_dir.
Job 602: 205/400 ERROR: No .raw files found in temp_dir.
Job 602: 206/400 ERROR: No .raw files found in temp_dir.
Job 602: 207/400 ERROR: No .raw files found in temp_dir.
Job 602: 208/400 ERROR: No .raw files found in temp_dir.
Job 602: 209/400 ERROR: No .raw files found in temp_dir.
Job 602: 210/400 ERROR: No .raw files found in temp_dir.
Job 602: 211/400 ERROR: No .raw files found in temp_dir.
Job 602: 212/400 ERROR: No .raw files found in temp_dir.
Job 602: 213/400 ERROR: No .raw files found in temp_dir.
Job 602: 214/400 ERROR: No .raw files found in temp_dir.
Job 602: 215/400 ERROR: No .raw files found in temp_dir.
Job 602: 216/400 ERROR: No .raw files found in temp_dir.
Job 602: 217/400 ERROR: No .raw files found in temp_dir.
Job 602: 218/400 ERROR: No .raw files found in temp_dir.
Job 602: 219/400 ERROR: No .raw files found in temp_dir.
Job 602: 220/400 ERROR: No .raw files found in temp_dir.
Job 602: 221/400 ERROR: No .raw files found in temp_dir.
Job 602: 222/400 ERROR: No .raw files found in temp_dir.
Job 602: 223/400 ERROR: No .raw files found in temp_dir.
Job 602: 224/400 ERROR: No .raw files found in temp_dir.
Job 602: 225/400 ERROR: No .raw files found in temp_dir.
Job 602: 226/400 ERROR: No .raw files found in temp_dir.
Job 602: 227/400 ERROR: No .raw files found in temp_dir.
Job 602: 228/400 ERROR: No .raw files found in temp_dir.
Job 602: 229/400 ERROR: No .raw files found in temp_dir.
Job 602: 230/400 ERROR: No .raw files found in temp_dir.
Job 602: 231/400 ERROR: No .raw files found in temp_dir.
Job 602: 232/400 ERROR: No .raw files found in temp_dir.
Job 602: 233/400 ERROR: No .raw files found in temp_dir.
Job 602: 234/400 ERROR: No .raw files found in temp_dir.
Job 602: 235/400 ERROR: No .raw files found in temp_dir.
Job 602: 236/400 ERROR: No .raw files found in temp_dir.
Job 602: 237/400 ERROR: No .raw files found in temp_dir.
Job 602: 238/400 ERROR: No .raw files found in temp_dir.
Job 602: 239/400 ERROR: No .raw files found in temp_dir.
Job 602: 240/400 ERROR: No .raw files found in temp_dir.
Job 602: 241/400 ERROR: No .raw files found in temp_dir.
Job 602: 242/400 ERROR: No .raw files found in temp_dir.
Job 602: 243/400 ERROR: No .raw files found in temp_dir.
Job 602: 244/400 ERROR: No .raw files found in temp_dir.
Job 602: 245/400 ERROR: No .raw files found in temp_dir.
Job 602: 246/400 ERROR: No .raw files found in temp_dir.
Job 602: 247/400 ERROR: No .raw files found in temp_dir.
Job 602: 248/400 ERROR: No .raw files found in temp_dir.
Job 602: 249/400 ERROR: No .raw files found in temp_dir.
Job 602: 250/400 ERROR: No .raw files found in temp_dir.
Job 602: 251/400 ERROR: No .raw files found in temp_dir.
Job 602: 252/400 ERROR: No .raw files found in temp_dir.
Job 602: 253/400 ERROR: No .raw files found in temp_dir.
Job 602: 254/400 ERROR: No .raw files found in temp_dir.
Job 602: 255/400 ERROR: No .raw files found in temp_dir.
Job 602: 256/400 ERROR: No .raw files found in temp_dir.
Job 602: 257/400 ERROR: No .raw files found in temp_dir.
Job 602: 258/400 ERROR: No .raw files found in temp_dir.
Job 602: 259/400 ERROR: No .raw files found in temp_dir.
Job 602: 260/400 ERROR: No .raw files found in temp_dir.
Job 602: 261/400 ERROR: No .raw files found in temp_dir.
Job 602: 262/400 ERROR: No .raw files found in temp_dir.
Job 602: 263/400 ERROR: No .raw files found in temp_dir.
Job 602: 264/400 ERROR: No .raw files found in temp_dir.
Job 602: 265/400 ERROR: No .raw files found in temp_dir.
Job 602: 266/400 ERROR: No .raw files found in temp_dir.
Job 602: 267/400 ERROR: No .raw files found in temp_dir.
Job 602: 268/400 ERROR: No .raw files found in temp_dir.
Job 602: 269/400 ERROR: No .raw files found in temp_dir.
Job 602: 270/400 ERROR: No .raw files found in temp_dir.
Job 602: 271/400 ERROR: No .raw files found in temp_dir.
Job 602: 272/400 ERROR: No .raw files found in temp_dir.
Job 602: 273/400 ERROR: No .raw files found in temp_dir.
Job 602: 274/400 ERROR: No .raw files found in temp_dir.
Job 602: 275/400 ERROR: No .raw files found in temp_dir.
Job 602: 276/400 ERROR: No .raw files found in temp_dir.
Job 602: 277/400 ERROR: No .raw files found in temp_dir.
Job 602: 278/400 ERROR: No .raw files found in temp_dir.
Job 602: 279/400 ERROR: No .raw files found in temp_dir.
Job 602: 280/400 ERROR: No .raw files found in temp_dir.
Job 602: 281/400 ERROR: No .raw files found in temp_dir.
Job 602: 282/400 ERROR: No .raw files found in temp_dir.
Job 602: 283/400 ERROR: No .raw files found in temp_dir.
Job 602: 284/400 ERROR: No .raw files found in temp_dir.
Job 602: 285/400 ERROR: No .raw files found in temp_dir.
Job 602: 286/400 ERROR: No .raw files found in temp_dir.
Job 602: 287/400 ERROR: No .raw files found in temp_dir.
Job 602: 288/400 ERROR: No .raw files found in temp_dir.
Job 602: 289/400 ERROR: No .raw files found in temp_dir.
Job 602: 290/400 ERROR: No .raw files found in temp_dir.
Job 602: 291/400 ERROR: No .raw files found in temp_dir.
Job 602: 292/400 ERROR: No .raw files found in temp_dir.
Job 602: 293/400 ERROR: No .raw files found in temp_dir.
Job 602: 294/400 ERROR: No .raw files found in temp_dir.
Job 602: 295/400 ERROR: No .raw files found in temp_dir.
Job 602: 296/400 ERROR: No .raw files found in temp_dir.
Job 602: 297/400 ERROR: No .raw files found in temp_dir.
Job 602: 298/400 ERROR: No .raw files found in temp_dir.
Job 602: 299/400 ERROR: No .raw files found in temp_dir.
Job 602: 300/400 ERROR: No .raw files found in temp_dir.
Job 602: 301/400 ERROR: No .raw files found in temp_dir.
Job 602: 302/400 ERROR: No .raw files found in temp_dir.
Job 602: 303/400 ERROR: No .raw files found in temp_dir.
Job 602: 304/400 ERROR: No .raw files found in temp_dir.
Job 602: 305/400 ERROR: No .raw files found in temp_dir.
Job 602: 306/400 ERROR: No .raw files found in temp_dir.
Job 602: 307/400 ERROR: No .raw files found in temp_dir.
Job 602: 308/400 ERROR: No .raw files found in temp_dir.
Job 602: 309/400 ERROR: No .raw files found in temp_dir.
Job 602: 310/400 ERROR: No .raw files found in temp_dir.
Job 602: 311/400 ERROR: No .raw files found in temp_dir.
Job 602: 312/400 ERROR: No .raw files found in temp_dir.
Job 602: 313/400 ERROR: No .raw files found in temp_dir.
Job 602: 314/400 ERROR: No .raw files found in temp_dir.
Job 602: 315/400 ERROR: No .raw files found in temp_dir.
Job 602: 316/400 ERROR: No .raw files found in temp_dir.
Job 602: 317/400 ERROR: No .raw files found in temp_dir.
Job 602: 318/400 ERROR: No .raw files found in temp_dir.
Job 602: 319/400 ERROR: No .raw files found in temp_dir.
Job 602: 320/400 ERROR: No .raw files found in temp_dir.
Job 602: 321/400 ERROR: No .raw files found in temp_dir.
Job 602: 322/400 ERROR: No .raw files found in temp_dir.
Job 602: 323/400 ERROR: No .raw files found in temp_dir.
Job 602: 324/400 ERROR: No .raw files found in temp_dir.
Job 602: 325/400 ERROR: No .raw files found in temp_dir.
Job 602: 326/400 ERROR: No .raw files found in temp_dir.
Job 602: 327/400 ERROR: No .raw files found in temp_dir.
Job 602: 328/400 ERROR: No .raw files found in temp_dir.
Job 602: 329/400 ERROR: No .raw files found in temp_dir.
Job 602: 330/400 ERROR: No .raw files found in temp_dir.
Job 602: 331/400 ERROR: No .raw files found in temp_dir.
Job 602: 332/400 ERROR: No .raw files found in temp_dir.
Job 602: 333/400 ERROR: No .raw files found in temp_dir.
Job 602: 334/400 ERROR: No .raw files found in temp_dir.
Job 602: 335/400 ERROR: No .raw files found in temp_dir.
Job 602: 336/400 ERROR: No .raw files found in temp_dir.
Job 602: 337/400 ERROR: No .raw files found in temp_dir.
Job 602: 338/400 ERROR: No .raw files found in temp_dir.
Job 602: 339/400 ERROR: No .raw files found in temp_dir.
Job 602: 340/400 ERROR: No .raw files found in temp_dir.
Job 602: 341/400 ERROR: No .raw files found in temp_dir.
Job 602: 342/400 ERROR: No .raw files found in temp_dir.
Job 602: 343/400 ERROR: No .raw files found in temp_dir.
Job 602: 344/400 ERROR: No .raw files found in temp_dir.
Job 602: 345/400 ERROR: No .raw files found in temp_dir.
Job 602: 346/400 ERROR: No .raw files found in temp_dir.
Job 602: 347/400 ERROR: No .raw files found in temp_dir.
Job 602: 348/400 ERROR: No .raw files found in temp_dir.
Job 602: 349/400 ERROR: No .raw files found in temp_dir.
Job 602: 350/400 ERROR: No .raw files found in temp_dir.
Job 602: 351/400 ERROR: No .raw files found in temp_dir.
Job 602: 352/400 ERROR: No .raw files found in temp_dir.
Job 602: 353/400 ERROR: No .raw files found in temp_dir.
Job 602: 354/400 ERROR: No .raw files found in temp_dir.
Job 602: 355/400 ERROR: No .raw files found in temp_dir.
Job 602: 356/400 ERROR: No .raw files found in temp_dir.
Job 602: 357/400 ERROR: No .raw files found in temp_dir.
Job 602: 358/400 ERROR: No .raw files found in temp_dir.
Job 602: 359/400 ERROR: No .raw files found in temp_dir.
Job 602: 360/400 ERROR: No .raw files found in temp_dir.
Job 602: 361/400 ERROR: No .raw files found in temp_dir.
Job 602: 362/400 ERROR: No .raw files found in temp_dir.
Job 602: 363/400 ERROR: No .raw files found in temp_dir.
Job 602: 364/400 ERROR: No .raw files found in temp_dir.
Job 602: 365/400 ERROR: No .raw files found in temp_dir.
Job 602: 366/400 ERROR: No .raw files found in temp_dir.
Job 602: 367/400 ERROR: No .raw files found in temp_dir.
Job 602: 368/400 ERROR: No .raw files found in temp_dir.
Job 602: 369/400 ERROR: No .raw files found in temp_dir.
Job 602: 370/400 ERROR: No .raw files found in temp_dir.
Job 602: 371/400 ERROR: No .raw files found in temp_dir.
Job 602: 372/400 ERROR: No .raw files found in temp_dir.
Job 602: 373/400 ERROR: No .raw files found in temp_dir.
Job 602: 374/400 ERROR: No .raw files found in temp_dir.
Job 602: 375/400 ERROR: No .raw files found in temp_dir.
Job 602: 376/400 ERROR: No .raw files found in temp_dir.
Job 602: 377/400 ERROR: No .raw files found in temp_dir.
Job 602: 378/400 ERROR: No .raw files found in temp_dir.
Job 602: 379/400 ERROR: No .raw files found in temp_dir.
Job 602: 380/400 ERROR: No .raw files found in temp_dir.
Job 602: 381/400 ERROR: No .raw files found in temp_dir.
Job 602: 382/400 ERROR: No .raw files found in temp_dir.
Job 602: 383/400 ERROR: No .raw files found in temp_dir.
Job 602: 384/400 ERROR: No .raw files found in temp_dir.
Job 602: 385/400 ERROR: No .raw files found in temp_dir.
Job 602: 386/400 ERROR: No .raw files found in temp_dir.
Job 602: 387/400 ERROR: No .raw files found in temp_dir.
Job 602: 388/400 ERROR: No .raw files found in temp_dir.
Job 602: 389/400 ERROR: No .raw files found in temp_dir.
Job 602: 390/400 ERROR: No .raw files found in temp_dir.
Job 602: 391/400 ERROR: No .raw files found in temp_dir.
Job 602: 392/400 ERROR: No .raw files found in temp_dir.
Job 602: 393/400 ERROR: No .raw files found in temp_dir.
Job 602: 394/400 ERROR: No .raw files found in temp_dir.
Job 602: 395/400 ERROR: No .raw files found in temp_dir.
Job 602: 396/400 ERROR: No .raw files found in temp_dir.
Job 602: 397/400 ERROR: No .raw files found in temp_dir.
Job 602: 398/400 ERROR: No .raw files found in temp_dir.
Job 602: 399/400 ERROR: No .raw files found in temp_dir.
Job 602: 400/400 ERROR: No .raw files found in temp_dir.
Warning messages:
1: In data.table::fread(raw_file, data.table = FALSE) :
  Discarded single-line footer: <<0	GTEX-183FY	0	0	0	-9	2	2	2	2	1	0	2	2	2	2	1	2	1	2	2	2	2	2	2	2	2	2	2	2	2	2	2	2	0	2	0	2	1	2	1	2	1	0	2	2	2	1	2	1	2	2	2	2	1	2	2	1	2	2	2	0	2	2	2	2	2	1	2	2	2	2	1	2	2	2	2	2	2	1	2	2	2	0	2	2	2	2	2	2	2	2	2	2	2	2	0	1	2	2	2	1	2	2	2	2	2	2	2	2	0	2	2	2	2	2	2	2	2	1	2	2	2	1	2	2	2	2	2	2	2	1	2	2	2	0	2	2	2	2	1	2	1	2	0	2	0	2	1	2	2	2	2	2	2	2	2	2	2	2	2	2	2	1	1	2	2	1	2	2	1	1	2	2	2	2	2	2	1	2	2	2	2	2	2	2	2	2	2	2	2	1	2	2	2	2	2	1	2	2	2	2	2	2	2	2	2	2	2	2	2	2	2	2	2	2	2	2	2	2	2	2	2	2	2	2	2	2	2	1	2	2	2	2	2	2	2	2	2	1	2	2	2	2	2	>>
2: In data.table::fread(raw_file, data.table = FALSE) :
  Discarded single-line footer: <<0	GTEX-15D1Q	0	0	0	-9	2	2	2	2	2	2	2	2	2	>>
