Registered S3 methods overwritten by 'susieSlide':
  method              from  
  coef.susie          susieR
  predict.susie       susieR
  print.summary.susie susieR
  summary.susie       susieR
Job 649: 1/400
Job 649: 2/400
Job 649: 3/400
Job 649: 4/400
Job 649: 5/400
Job 649: 6/400
Job 649: 7/400
Job 649: 8/400
Job 649: 9/400
Job 649: 10/400
Job 649: 11/400
Job 649: 12/400
Job 649: 13/400
Job 649: 14/400
Job 649: 15/400
Job 649: 16/400
Job 649: 17/400
Job 649: 18/400
Job 649: 19/400 ERROR: No .raw files found in temp_dir.
Job 649: 20/400 ERROR: No .raw files found in temp_dir.
Job 649: 21/400 ERROR: No .raw files found in temp_dir.
Job 649: 22/400 ERROR: No .raw files found in temp_dir.
Job 649: 23/400 ERROR: No .raw files found in temp_dir.
Job 649: 24/400 ERROR: No .raw files found in temp_dir.
Job 649: 25/400 ERROR: No .raw files found in temp_dir.
Job 649: 26/400 ERROR: No .raw files found in temp_dir.
Job 649: 27/400 ERROR: No .raw files found in temp_dir.
Job 649: 28/400 ERROR: No .raw files found in temp_dir.
Job 649: 29/400 ERROR: No .raw files found in temp_dir.
Job 649: 30/400 ERROR: No .raw files found in temp_dir.
Job 649: 31/400 ERROR: No .raw files found in temp_dir.
Job 649: 32/400 ERROR: No .raw files found in temp_dir.
Job 649: 33/400 ERROR: No .raw files found in temp_dir.
Job 649: 34/400 ERROR: No .raw files found in temp_dir.
Job 649: 35/400 ERROR: No .raw files found in temp_dir.
Job 649: 36/400 ERROR: No .raw files found in temp_dir.
Job 649: 37/400 ERROR: No .raw files found in temp_dir.
Job 649: 38/400 ERROR: No .raw files found in temp_dir.
Job 649: 39/400 ERROR: No .raw files found in temp_dir.
Job 649: 40/400 ERROR: No .raw files found in temp_dir.
Job 649: 41/400 ERROR: No .raw files found in temp_dir.
Job 649: 42/400 ERROR: No .raw files found in temp_dir.
Job 649: 43/400 ERROR: No .raw files found in temp_dir.
Job 649: 44/400 ERROR: No .raw files found in temp_dir.
Job 649: 45/400 ERROR: No .raw files found in temp_dir.
Job 649: 46/400 ERROR: No .raw files found in temp_dir.
Job 649: 47/400 ERROR: No .raw files found in temp_dir.
Job 649: 48/400 ERROR: No .raw files found in temp_dir.
Job 649: 49/400 ERROR: No .raw files found in temp_dir.
Job 649: 50/400 ERROR: No .raw files found in temp_dir.
Job 649: 51/400 ERROR: No .raw files found in temp_dir.
Job 649: 52/400 ERROR: No .raw files found in temp_dir.
Job 649: 53/400 ERROR: No .raw files found in temp_dir.
Job 649: 54/400 ERROR: No .raw files found in temp_dir.
Job 649: 55/400 ERROR: No .raw files found in temp_dir.
Job 649: 56/400 ERROR: No .raw files found in temp_dir.
Job 649: 57/400 ERROR: No .raw files found in temp_dir.
Job 649: 58/400 ERROR: No .raw files found in temp_dir.
Job 649: 59/400 ERROR: No .raw files found in temp_dir.
Job 649: 60/400 ERROR: No .raw files found in temp_dir.
Job 649: 61/400 ERROR: No .raw files found in temp_dir.
Job 649: 62/400 ERROR: No .raw files found in temp_dir.
Job 649: 63/400 ERROR: No .raw files found in temp_dir.
Job 649: 64/400 ERROR: No .raw files found in temp_dir.
Job 649: 65/400 ERROR: No .raw files found in temp_dir.
Job 649: 66/400 ERROR: No .raw files found in temp_dir.
Job 649: 67/400 ERROR: No .raw files found in temp_dir.
Job 649: 68/400 ERROR: No .raw files found in temp_dir.
Job 649: 69/400 ERROR: No .raw files found in temp_dir.
Job 649: 70/400 ERROR: No .raw files found in temp_dir.
Job 649: 71/400 ERROR: No .raw files found in temp_dir.
Job 649: 72/400 ERROR: No .raw files found in temp_dir.
Job 649: 73/400 ERROR: No .raw files found in temp_dir.
Job 649: 74/400 ERROR: No .raw files found in temp_dir.
Job 649: 75/400 ERROR: No .raw files found in temp_dir.
Job 649: 76/400 ERROR: No .raw files found in temp_dir.
Job 649: 77/400 ERROR: No .raw files found in temp_dir.
Job 649: 78/400 ERROR: No .raw files found in temp_dir.
Job 649: 79/400 ERROR: No .raw files found in temp_dir.
Job 649: 80/400 ERROR: No .raw files found in temp_dir.
Job 649: 81/400 ERROR: No .raw files found in temp_dir.
Job 649: 82/400 ERROR: No .raw files found in temp_dir.
Job 649: 83/400 ERROR: Not enough donors for the requested n.
Job 649: 84/400
Job 649: 85/400
Job 649: 86/400
Job 649: 87/400
Job 649: 88/400
Job 649: 89/400
Job 649: 90/400
Job 649: 91/400
Job 649: 92/400
Job 649: 93/400
Job 649: 94/400
Job 649: 95/400
Job 649: 96/400
Job 649: 97/400
Job 649: 98/400
Job 649: 99/400
Job 649: 100/400
Job 649: 101/400
Job 649: 102/400
Job 649: 103/400
Job 649: 104/400
Job 649: 105/400
Job 649: 106/400
Job 649: 107/400
Job 649: 108/400
Job 649: 109/400 ERROR: No .raw files found in temp_dir.
Job 649: 110/400 ERROR: No .raw files found in temp_dir.
Job 649: 111/400 ERROR: No .raw files found in temp_dir.
Job 649: 112/400 ERROR: No .raw files found in temp_dir.
Job 649: 113/400 ERROR: No .raw files found in temp_dir.
Job 649: 114/400 ERROR: No .raw files found in temp_dir.
Job 649: 115/400 ERROR: No .raw files found in temp_dir.
Job 649: 116/400 ERROR: No .raw files found in temp_dir.
Job 649: 117/400 ERROR: No .raw files found in temp_dir.
Job 649: 118/400 ERROR: No .raw files found in temp_dir.
Job 649: 119/400 ERROR: No .raw files found in temp_dir.
Job 649: 120/400 ERROR: No .raw files found in temp_dir.
Job 649: 121/400 ERROR: No .raw files found in temp_dir.
Job 649: 122/400 ERROR: No .raw files found in temp_dir.
Job 649: 123/400 ERROR: No .raw files found in temp_dir.
Job 649: 124/400 ERROR: No .raw files found in temp_dir.
Job 649: 125/400 ERROR: No .raw files found in temp_dir.
Job 649: 126/400 ERROR: No .raw files found in temp_dir.
Job 649: 127/400 ERROR: No .raw files found in temp_dir.
Job 649: 128/400 ERROR: No .raw files found in temp_dir.
Job 649: 129/400 ERROR: No .raw files found in temp_dir.
Job 649: 130/400 ERROR: No .raw files found in temp_dir.
Job 649: 131/400 ERROR: No .raw files found in temp_dir.
Job 649: 132/400 ERROR: No .raw files found in temp_dir.
Job 649: 133/400 ERROR: No .raw files found in temp_dir.
Job 649: 134/400 ERROR: No .raw files found in temp_dir.
Job 649: 135/400 ERROR: No .raw files found in temp_dir.
Job 649: 136/400 ERROR: No .raw files found in temp_dir.
Job 649: 137/400 ERROR: No .raw files found in temp_dir.
Job 649: 138/400 ERROR: No .raw files found in temp_dir.
Job 649: 139/400 ERROR: No .raw files found in temp_dir.
Job 649: 140/400 ERROR: No .raw files found in temp_dir.
Job 649: 141/400 ERROR: No .raw files found in temp_dir.
Job 649: 142/400 ERROR: No .raw files found in temp_dir.
Job 649: 143/400 ERROR: No .raw files found in temp_dir.
Job 649: 144/400 ERROR: No .raw files found in temp_dir.
Job 649: 145/400 ERROR: No .raw files found in temp_dir.
Job 649: 146/400 ERROR: No .raw files found in temp_dir.
Job 649: 147/400 ERROR: No .raw files found in temp_dir.
Job 649: 148/400 ERROR: No .raw files found in temp_dir.
Job 649: 149/400 ERROR: No .raw files found in temp_dir.
Job 649: 150/400 ERROR: No .raw files found in temp_dir.
Job 649: 151/400 ERROR: No .raw files found in temp_dir.
Job 649: 152/400 ERROR: No .raw files found in temp_dir.
Job 649: 153/400 ERROR: No .raw files found in temp_dir.
Job 649: 154/400 ERROR: No .raw files found in temp_dir.
Job 649: 155/400 ERROR: No .raw files found in temp_dir.
Job 649: 156/400 ERROR: No .raw files found in temp_dir.
Job 649: 157/400 ERROR: No .raw files found in temp_dir.
Job 649: 158/400 ERROR: No .raw files found in temp_dir.
Job 649: 159/400 ERROR: No .raw files found in temp_dir.
Job 649: 160/400 ERROR: No .raw files found in temp_dir.
Job 649: 161/400 ERROR: No .raw files found in temp_dir.
Job 649: 162/400 ERROR: No .raw files found in temp_dir.
Job 649: 163/400 ERROR: No .raw files found in temp_dir.
Job 649: 164/400 ERROR: Not enough donors for the requested n.
Job 649: 165/400
Job 649: 166/400
Job 649: 167/400
Job 649: 168/400
Job 649: 169/400
Job 649: 170/400
Job 649: 171/400
Job 649: 172/400
Job 649: 173/400
Job 649: 174/400
Job 649: 175/400
Job 649: 176/400
Job 649: 177/400
Job 649: 178/400
Job 649: 179/400
Job 649: 180/400
Job 649: 181/400
Job 649: 182/400
Job 649: 183/400
Job 649: 184/400
Job 649: 185/400
Job 649: 186/400
Job 649: 187/400
Job 649: 188/400 ERROR: No .raw files found in temp_dir.
Job 649: 189/400 ERROR: No .raw files found in temp_dir.
Job 649: 190/400 ERROR: No .raw files found in temp_dir.
Job 649: 191/400 ERROR: No .raw files found in temp_dir.
Job 649: 192/400 ERROR: No .raw files found in temp_dir.
Job 649: 193/400 ERROR: No .raw files found in temp_dir.
Job 649: 194/400 ERROR: No .raw files found in temp_dir.
Job 649: 195/400 ERROR: No .raw files found in temp_dir.
Job 649: 196/400 ERROR: No .raw files found in temp_dir.
Job 649: 197/400 ERROR: No .raw files found in temp_dir.
Job 649: 198/400 ERROR: No .raw files found in temp_dir.
Job 649: 199/400 ERROR: No .raw files found in temp_dir.
Job 649: 200/400 ERROR: No .raw files found in temp_dir.
Job 649: 201/400 ERROR: No .raw files found in temp_dir.
Job 649: 202/400 ERROR: No .raw files found in temp_dir.
Job 649: 203/400 ERROR: No .raw files found in temp_dir.
Job 649: 204/400 ERROR: No .raw files found in temp_dir.
Job 649: 205/400 ERROR: No .raw files found in temp_dir.
Job 649: 206/400 ERROR: No .raw files found in temp_dir.
Job 649: 207/400 ERROR: No .raw files found in temp_dir.
Job 649: 208/400 ERROR: No .raw files found in temp_dir.
Job 649: 209/400 ERROR: No .raw files found in temp_dir.
Job 649: 210/400 ERROR: No .raw files found in temp_dir.
Job 649: 211/400 ERROR: No .raw files found in temp_dir.
Job 649: 212/400 ERROR: No .raw files found in temp_dir.
Job 649: 213/400 ERROR: No .raw files found in temp_dir.
Job 649: 214/400 ERROR: No .raw files found in temp_dir.
Job 649: 215/400 ERROR: No .raw files found in temp_dir.
Job 649: 216/400 ERROR: No .raw files found in temp_dir.
Job 649: 217/400 ERROR: No .raw files found in temp_dir.
Job 649: 218/400 ERROR: No .raw files found in temp_dir.
Job 649: 219/400 ERROR: No .raw files found in temp_dir.
Job 649: 220/400 ERROR: No .raw files found in temp_dir.
Job 649: 221/400 ERROR: No .raw files found in temp_dir.
Job 649: 222/400 ERROR: No .raw files found in temp_dir.
Job 649: 223/400 ERROR: No .raw files found in temp_dir.
Job 649: 224/400 ERROR: No .raw files found in temp_dir.
Job 649: 225/400 ERROR: No .raw files found in temp_dir.
Job 649: 226/400 ERROR: No .raw files found in temp_dir.
Job 649: 227/400 ERROR: No .raw files found in temp_dir.
Job 649: 228/400 ERROR: No .raw files found in temp_dir.
Job 649: 229/400 ERROR: No .raw files found in temp_dir.
Job 649: 230/400 ERROR: No .raw files found in temp_dir.
Job 649: 231/400 ERROR: No .raw files found in temp_dir.
Job 649: 232/400 ERROR: No .raw files found in temp_dir.
Job 649: 233/400 ERROR: No .raw files found in temp_dir.
Job 649: 234/400 ERROR: No .raw files found in temp_dir.
Job 649: 235/400 ERROR: No .raw files found in temp_dir.
Job 649: 236/400 ERROR: No .raw files found in temp_dir.
Job 649: 237/400 ERROR: No .raw files found in temp_dir.
Job 649: 238/400 ERROR: No .raw files found in temp_dir.
Job 649: 239/400 ERROR: No .raw files found in temp_dir.
Job 649: 240/400 ERROR: No .raw files found in temp_dir.
Job 649: 241/400 ERROR: No .raw files found in temp_dir.
Job 649: 242/400 ERROR: No .raw files found in temp_dir.
Job 649: 243/400 ERROR: No .raw files found in temp_dir.
Job 649: 244/400 ERROR: No .raw files found in temp_dir.
Job 649: 245/400 ERROR: No .raw files found in temp_dir.
Job 649: 246/400 ERROR: No .raw files found in temp_dir.
Job 649: 247/400 ERROR: No .raw files found in temp_dir.
Job 649: 248/400 ERROR: No .raw files found in temp_dir.
Job 649: 249/400 ERROR: No .raw files found in temp_dir.
Job 649: 250/400 ERROR: No .raw files found in temp_dir.
Job 649: 251/400 ERROR: No .raw files found in temp_dir.
Job 649: 252/400 ERROR: No .raw files found in temp_dir.
Job 649: 253/400 ERROR: No .raw files found in temp_dir.
Job 649: 254/400 ERROR: No .raw files found in temp_dir.
Job 649: 255/400 ERROR: No .raw files found in temp_dir.
Job 649: 256/400 ERROR: No .raw files found in temp_dir.
Job 649: 257/400 ERROR: No .raw files found in temp_dir.
Job 649: 258/400 ERROR: No .raw files found in temp_dir.
Job 649: 259/400 ERROR: No .raw files found in temp_dir.
Job 649: 260/400 ERROR: No .raw files found in temp_dir.
Job 649: 261/400 ERROR: No .raw files found in temp_dir.
Job 649: 262/400 ERROR: No .raw files found in temp_dir.
Job 649: 263/400 ERROR: No .raw files found in temp_dir.
Job 649: 264/400 ERROR: No .raw files found in temp_dir.
Job 649: 265/400 ERROR: No .raw files found in temp_dir.
Job 649: 266/400 ERROR: No .raw files found in temp_dir.
Job 649: 267/400 ERROR: No .raw files found in temp_dir.
Job 649: 268/400 ERROR: No .raw files found in temp_dir.
Job 649: 269/400 ERROR: No .raw files found in temp_dir.
Job 649: 270/400 ERROR: No .raw files found in temp_dir.
Job 649: 271/400 ERROR: No .raw files found in temp_dir.
Job 649: 272/400 ERROR: No .raw files found in temp_dir.
Job 649: 273/400 ERROR: No .raw files found in temp_dir.
Job 649: 274/400 ERROR: No .raw files found in temp_dir.
Job 649: 275/400 ERROR: No .raw files found in temp_dir.
Job 649: 276/400 ERROR: No .raw files found in temp_dir.
Job 649: 277/400 ERROR: No .raw files found in temp_dir.
Job 649: 278/400 ERROR: No .raw files found in temp_dir.
Job 649: 279/400 ERROR: No .raw files found in temp_dir.
Job 649: 280/400 ERROR: No .raw files found in temp_dir.
Job 649: 281/400 ERROR: No .raw files found in temp_dir.
Job 649: 282/400 ERROR: No .raw files found in temp_dir.
Job 649: 283/400 ERROR: No .raw files found in temp_dir.
Job 649: 284/400 ERROR: No .raw files found in temp_dir.
Job 649: 285/400 ERROR: No .raw files found in temp_dir.
Job 649: 286/400 ERROR: No .raw files found in temp_dir.
Job 649: 287/400 ERROR: No .raw files found in temp_dir.
Job 649: 288/400 ERROR: No .raw files found in temp_dir.
Job 649: 289/400 ERROR: No .raw files found in temp_dir.
Job 649: 290/400 ERROR: No .raw files found in temp_dir.
Job 649: 291/400 ERROR: No .raw files found in temp_dir.
Job 649: 292/400 ERROR: No .raw files found in temp_dir.
Job 649: 293/400 ERROR: No .raw files found in temp_dir.
Job 649: 294/400 ERROR: No .raw files found in temp_dir.
Job 649: 295/400 ERROR: No .raw files found in temp_dir.
Job 649: 296/400 ERROR: No .raw files found in temp_dir.
Job 649: 297/400 ERROR: No .raw files found in temp_dir.
Job 649: 298/400 ERROR: No .raw files found in temp_dir.
Job 649: 299/400 ERROR: No .raw files found in temp_dir.
Job 649: 300/400 ERROR: No .raw files found in temp_dir.
Job 649: 301/400 ERROR: No .raw files found in temp_dir.
Job 649: 302/400 ERROR: No .raw files found in temp_dir.
Job 649: 303/400 ERROR: No .raw files found in temp_dir.
Job 649: 304/400 ERROR: No .raw files found in temp_dir.
Job 649: 305/400 ERROR: No .raw files found in temp_dir.
Job 649: 306/400 ERROR: No .raw files found in temp_dir.
Job 649: 307/400 ERROR: No .raw files found in temp_dir.
Job 649: 308/400 ERROR: No .raw files found in temp_dir.
Job 649: 309/400 ERROR: No .raw files found in temp_dir.
Job 649: 310/400 ERROR: No .raw files found in temp_dir.
Job 649: 311/400 ERROR: No .raw files found in temp_dir.
Job 649: 312/400 ERROR: No .raw files found in temp_dir.
Job 649: 313/400 ERROR: No .raw files found in temp_dir.
Job 649: 314/400 ERROR: No .raw files found in temp_dir.
Job 649: 315/400 ERROR: No .raw files found in temp_dir.
Job 649: 316/400 ERROR: No .raw files found in temp_dir.
Job 649: 317/400 ERROR: No .raw files found in temp_dir.
Job 649: 318/400 ERROR: No .raw files found in temp_dir.
Job 649: 319/400 ERROR: No .raw files found in temp_dir.
Job 649: 320/400 ERROR: No .raw files found in temp_dir.
Job 649: 321/400 ERROR: No .raw files found in temp_dir.
Job 649: 322/400 ERROR: No .raw files found in temp_dir.
Job 649: 323/400 ERROR: No .raw files found in temp_dir.
Job 649: 324/400 ERROR: No .raw files found in temp_dir.
Job 649: 325/400 ERROR: No .raw files found in temp_dir.
Job 649: 326/400 ERROR: No .raw files found in temp_dir.
Job 649: 327/400 ERROR: No .raw files found in temp_dir.
Job 649: 328/400 ERROR: No .raw files found in temp_dir.
Job 649: 329/400 ERROR: No .raw files found in temp_dir.
Job 649: 330/400 ERROR: No .raw files found in temp_dir.
Job 649: 331/400 ERROR: No .raw files found in temp_dir.
Job 649: 332/400 ERROR: No .raw files found in temp_dir.
Job 649: 333/400 ERROR: No .raw files found in temp_dir.
Job 649: 334/400 ERROR: No .raw files found in temp_dir.
Job 649: 335/400 ERROR: No .raw files found in temp_dir.
Job 649: 336/400 ERROR: No .raw files found in temp_dir.
Job 649: 337/400 ERROR: No .raw files found in temp_dir.
Job 649: 338/400 ERROR: No .raw files found in temp_dir.
Job 649: 339/400 ERROR: No .raw files found in temp_dir.
Job 649: 340/400 ERROR: No .raw files found in temp_dir.
Job 649: 341/400 ERROR: No .raw files found in temp_dir.
Job 649: 342/400 ERROR: No .raw files found in temp_dir.
Job 649: 343/400 ERROR: No .raw files found in temp_dir.
Job 649: 344/400 ERROR: No .raw files found in temp_dir.
Job 649: 345/400 ERROR: No .raw files found in temp_dir.
Job 649: 346/400 ERROR: No .raw files found in temp_dir.
Job 649: 347/400 ERROR: No .raw files found in temp_dir.
Job 649: 348/400 ERROR: No .raw files found in temp_dir.
Job 649: 349/400 ERROR: No .raw files found in temp_dir.
Job 649: 350/400 ERROR: No .raw files found in temp_dir.
Job 649: 351/400 ERROR: No .raw files found in temp_dir.
Job 649: 352/400 ERROR: No .raw files found in temp_dir.
Job 649: 353/400 ERROR: No .raw files found in temp_dir.
Job 649: 354/400 ERROR: No .raw files found in temp_dir.
Job 649: 355/400 ERROR: No .raw files found in temp_dir.
Job 649: 356/400 ERROR: No .raw files found in temp_dir.
Job 649: 357/400 ERROR: No .raw files found in temp_dir.
Job 649: 358/400 ERROR: No .raw files found in temp_dir.
Job 649: 359/400 ERROR: No .raw files found in temp_dir.
Job 649: 360/400 ERROR: No .raw files found in temp_dir.
Job 649: 361/400 ERROR: No .raw files found in temp_dir.
Job 649: 362/400 ERROR: No .raw files found in temp_dir.
Job 649: 363/400 ERROR: No .raw files found in temp_dir.
Job 649: 364/400 ERROR: No .raw files found in temp_dir.
Job 649: 365/400 ERROR: No .raw files found in temp_dir.
Job 649: 366/400 ERROR: No .raw files found in temp_dir.
Job 649: 367/400 ERROR: No .raw files found in temp_dir.
Job 649: 368/400 ERROR: No .raw files found in temp_dir.
Job 649: 369/400 ERROR: No .raw files found in temp_dir.
Job 649: 370/400 ERROR: No .raw files found in temp_dir.
Job 649: 371/400 ERROR: No .raw files found in temp_dir.
Job 649: 372/400 ERROR: No .raw files found in temp_dir.
Job 649: 373/400 ERROR: No .raw files found in temp_dir.
Job 649: 374/400 ERROR: No .raw files found in temp_dir.
Job 649: 375/400 ERROR: No .raw files found in temp_dir.
Job 649: 376/400 ERROR: No .raw files found in temp_dir.
Job 649: 377/400 ERROR: No .raw files found in temp_dir.
Job 649: 378/400 ERROR: No .raw files found in temp_dir.
Job 649: 379/400 ERROR: No .raw files found in temp_dir.
Job 649: 380/400 ERROR: No .raw files found in temp_dir.
Job 649: 381/400 ERROR: No .raw files found in temp_dir.
Job 649: 382/400 ERROR: No .raw files found in temp_dir.
Job 649: 383/400 ERROR: No .raw files found in temp_dir.
Job 649: 384/400 ERROR: No .raw files found in temp_dir.
Job 649: 385/400 ERROR: No .raw files found in temp_dir.
Job 649: 386/400 ERROR: No .raw files found in temp_dir.
Job 649: 387/400 ERROR: No .raw files found in temp_dir.
Job 649: 388/400 ERROR: No .raw files found in temp_dir.
Job 649: 389/400 ERROR: No .raw files found in temp_dir.
Job 649: 390/400 ERROR: No .raw files found in temp_dir.
Job 649: 391/400 ERROR: No .raw files found in temp_dir.
Job 649: 392/400 ERROR: No .raw files found in temp_dir.
Job 649: 393/400 ERROR: No .raw files found in temp_dir.
Job 649: 394/400 ERROR: No .raw files found in temp_dir.
Job 649: 395/400 ERROR: No .raw files found in temp_dir.
Job 649: 396/400 ERROR: No .raw files found in temp_dir.
Job 649: 397/400 ERROR: No .raw files found in temp_dir.
Job 649: 398/400 ERROR: No .raw files found in temp_dir.
Job 649: 399/400 ERROR: No .raw files found in temp_dir.
Job 649: 400/400 ERROR: No .raw files found in temp_dir.
Warning messages:
1: In data.table::fread(raw_file, data.table = FALSE) :
  Discarded single-line footer: <<0	GTEX-13FHO	0	0	0	-9	2	2	2	2	2	0	2	2	1	2	2	2	0	2	2	2	2	2	2	2	2	2	2	2	2	2	2	2	0	2	0	2	2	2	0	2	2	0	2	2	2	2	2	2	2	2	2	2	2	2	2	2	2	2	2	0	2	2	2	2	2	2	2	2	2	2	2	2	2	2	1	2	2	0	2	2	2	0	2	2	2	2	2	2	2	2	2	2	2	2	0	2	2	2	1	2	2	2	2	2	2	2	2	2	0	2	2	2	2	2	2	2	2	0	2	2	2	2	2	2	2	2	2	2	2	2	2	2	2	0	2	2	2	2	2	2	2	2	0	2	0	2	0	2	2	2	2	2	2	2	2	2	2	2	2	2	2	2	2	2	2	2	2	2	2	2	2	2	2	2	2	2	2	2	2	2	2	2	2	2	2	2	2	2	2	2	2	2	2	2	2	2	2	2	2	2	2	2	2	2	2	2	2	2	2	2	2	2	2	2	2	2	2	2	2	2	2	2	2	2	2	2	2	2	2	2	2	2	2	2	2	2	2	2	2	2	2	2	2	>>
2: In data.table::fread(raw_file, data.table = FALSE) :
  Discarded single-line footer: <<0	GTEX-1S3DN	0	0	0	-9	2	2	2	2	1	0	2	2	2	2	2	2	1	2	2	2	2	2	2	2	2	2	2	2	2	2	2	2	0	2	0	2	1	2	1	2	1	0	2	1	2	1	2	1	2	2	2	2	1	2	2	1	2	2	2	0	2	2	2	2	2	1	2	2	2	2	1	2	2	2	2	2	2	1	2	2	2	0	2	2	2	1	2	2	2	2	2	2	2	2	0	1	2	2	2	1	2	2	2	2	2	2	2	2	0	2	2	2	2	2	2	2	2	1	2	2	2	1	2	2	2	2	2	2	2	1	2	2	2	0	2	2	2	2	1	2	1	2	0	2	0	2	1	2	2	2	2	2	2	2	2	2	2	2	2	2	2	1	1	2	2	1	2	2	1	1	2	2	2	2	2	2	1	2	2	2	2	2	2	2	2	2	2	2	2	1	2	2	2	2	2	1	2	2	2	2	2	2	2	2	2	2	2	2	2	2	2	2	2	2	2	2	2	2	2	2	2	2	2	2	2	2	2	1	2	2	2	2	2	2	2	2	2	1	2	2	2	2	2	>>
3: In data.table::fread(raw_file, data.table = FALSE) :
  Discarded single-line footer: <<0	GTEX-14PJ5	0	0	0	-9	2	2	1	2	2	2	2	2	2	2	2	2	2	2	2	2	2	2	2	2	2	2	2	1	1	2	2	2	2	2	1	2	2	2	2	1	2	2	2	2	1	2	2	2	2	2	2	2	2	2	2	2	1	2	2	2	2	2	2	2	2	2	2	2	2	2	2	2	2	2	2	2	2	2	2	2	2	1	2	2	2	2	2	2	2	2	2	2	2	2	2	2	2	2	1	2	2	2	2	2	2	2	2	1	2	1	2	2	2	2	2	2	2	2	2	2	2	2	2	2	1	2	2	2	2	1	2	2	2	2	2	2	2	2	2	1	2	2	2	2	2	2	2	2	2	2	2	2	1	2	2	1	2	2	2	2	2	2	2	2	1	1	2	2	1	2	2	2	1	2	2	2	2	2	2	2	2	2	2	2	2	2	2	2	2	2	2	2	1	0	2	2	2	2	2	2	2	2	1	2	2	2	2	2	2	2	2	2	2	2	2	2	2	2	0	2	2	2	2	2	2	2	1	2	2	2	2	2	2	2	2	2	2	2	2	2	2	2	2	>>
