Registered S3 methods overwritten by 'susieSlide':
  method              from  
  coef.susie          susieR
  predict.susie       susieR
  print.summary.susie susieR
  summary.susie       susieR
Job 42: 1/400
Job 42: 2/400
Job 42: 3/400
Job 42: 4/400
Job 42: 5/400
Job 42: 6/400
Job 42: 7/400
Job 42: 8/400
Job 42: 9/400
Job 42: 10/400
Job 42: 11/400
Job 42: 12/400
Job 42: 13/400
Job 42: 14/400
Job 42: 15/400
Job 42: 16/400
Job 42: 17/400
Job 42: 18/400
Job 42: 19/400
Job 42: 20/400
Job 42: 21/400
Job 42: 22/400
Job 42: 23/400
Job 42: 24/400
Job 42: 25/400
Job 42: 26/400
Job 42: 27/400
Job 42: 28/400
Job 42: 29/400
Job 42: 30/400
Job 42: 31/400
Job 42: 32/400
Job 42: 33/400
Job 42: 34/400
Job 42: 35/400
Job 42: 36/400
Job 42: 37/400
Job 42: 38/400
Job 42: 39/400
Job 42: 40/400
Job 42: 41/400
Job 42: 42/400
Job 42: 43/400
Job 42: 44/400
Job 42: 45/400
Job 42: 46/400
Job 42: 47/400
Job 42: 48/400
Job 42: 49/400
Job 42: 50/400
Job 42: 51/400
Job 42: 52/400
Job 42: 53/400
Job 42: 54/400
Job 42: 55/400
Job 42: 56/400
Job 42: 57/400
Job 42: 58/400
Job 42: 59/400
Job 42: 60/400
Job 42: 61/400
Job 42: 62/400
Job 42: 63/400
Job 42: 64/400
Job 42: 65/400
Job 42: 66/400
Job 42: 67/400
Job 42: 68/400
Job 42: 69/400
Job 42: 70/400
Job 42: 71/400
Job 42: 72/400
Job 42: 73/400
Job 42: 74/400
Job 42: 75/400
Job 42: 76/400
Job 42: 77/400
Job 42: 78/400
Job 42: 79/400
Job 42: 80/400
Job 42: 81/400
Job 42: 82/400
Job 42: 83/400
Job 42: 84/400
Job 42: 85/400
Job 42: 86/400
Job 42: 87/400
Job 42: 88/400
Job 42: 89/400
Job 42: 90/400
Job 42: 91/400
Job 42: 92/400
Job 42: 93/400
Job 42: 94/400
Job 42: 95/400
Job 42: 96/400
Job 42: 97/400
Job 42: 98/400
Job 42: 99/400
Job 42: 100/400
Job 42: 101/400
Job 42: 102/400
Job 42: 103/400
Job 42: 104/400
Job 42: 105/400
Job 42: 106/400
Job 42: 107/400
Job 42: 108/400
Job 42: 109/400
Job 42: 110/400
Job 42: 111/400
Job 42: 112/400
Job 42: 113/400
Job 42: 114/400
Job 42: 115/400
Job 42: 116/400
Job 42: 117/400
Job 42: 118/400
Job 42: 119/400
Job 42: 120/400
Job 42: 121/400
Job 42: 122/400
Job 42: 123/400
Job 42: 124/400
Job 42: 125/400
Job 42: 126/400
Job 42: 127/400
Job 42: 128/400
Job 42: 129/400
Job 42: 130/400
Job 42: 131/400
Job 42: 132/400
Job 42: 133/400
Job 42: 134/400
Job 42: 135/400
Job 42: 136/400
Job 42: 137/400
Job 42: 138/400
Job 42: 139/400
Job 42: 140/400
Job 42: 141/400
Job 42: 142/400
Job 42: 143/400
Job 42: 144/400
Job 42: 145/400
Job 42: 146/400
Job 42: 147/400
Job 42: 148/400
Job 42: 149/400
Job 42: 150/400
Job 42: 151/400
Job 42: 152/400
Job 42: 153/400
Job 42: 154/400
Job 42: 155/400
Job 42: 156/400
Job 42: 157/400
Job 42: 158/400
Job 42: 159/400
Job 42: 160/400
Job 42: 161/400
Job 42: 162/400
Job 42: 163/400
Job 42: 164/400
Job 42: 165/400
Job 42: 166/400
Job 42: 167/400
Job 42: 168/400
Job 42: 169/400
Job 42: 170/400
Job 42: 171/400
Job 42: 172/400
Job 42: 173/400
Job 42: 174/400
Job 42: 175/400
Job 42: 176/400
Job 42: 177/400
Job 42: 178/400
Job 42: 179/400
Job 42: 180/400
Job 42: 181/400
Job 42: 182/400
Job 42: 183/400
Job 42: 184/400
Job 42: 185/400
Job 42: 186/400
Job 42: 187/400
Job 42: 188/400
Job 42: 189/400
Job 42: 190/400
Job 42: 191/400
Job 42: 192/400
Job 42: 193/400
Job 42: 194/400
Job 42: 195/400
Job 42: 196/400
Job 42: 197/400
Job 42: 198/400
Job 42: 199/400
Job 42: 200/400
Job 42: 201/400
Job 42: 202/400
Job 42: 203/400
Job 42: 204/400
Job 42: 205/400
Job 42: 206/400
Job 42: 207/400
Job 42: 208/400
Job 42: 209/400
Job 42: 210/400
Job 42: 211/400
Job 42: 212/400
Job 42: 213/400
Job 42: 214/400
Job 42: 215/400
Job 42: 216/400
Job 42: 217/400
Job 42: 218/400
Job 42: 219/400
Job 42: 220/400
Job 42: 221/400
Job 42: 222/400
Job 42: 223/400
Job 42: 224/400
Job 42: 225/400
Job 42: 226/400
Job 42: 227/400
Job 42: 228/400
Job 42: 229/400
Job 42: 230/400
Job 42: 231/400
Job 42: 232/400
Job 42: 233/400
Job 42: 234/400
Job 42: 235/400
Job 42: 236/400
Job 42: 237/400
Job 42: 238/400
Job 42: 239/400
Job 42: 240/400
Job 42: 241/400
Job 42: 242/400
Job 42: 243/400
Job 42: 244/400
Job 42: 245/400
Job 42: 246/400
Job 42: 247/400
Job 42: 248/400
Job 42: 249/400
Job 42: 250/400
Job 42: 251/400
Job 42: 252/400
Job 42: 253/400
Job 42: 254/400
Job 42: 255/400
Job 42: 256/400
Job 42: 257/400
Job 42: 258/400
Job 42: 259/400
Job 42: 260/400
Job 42: 261/400
Job 42: 262/400
Job 42: 263/400
Job 42: 264/400
Job 42: 265/400
Job 42: 266/400
Job 42: 267/400
Job 42: 268/400
Job 42: 269/400
Job 42: 270/400
Job 42: 271/400
Job 42: 272/400
Job 42: 273/400
Job 42: 274/400
Job 42: 275/400
Job 42: 276/400
Job 42: 277/400
Job 42: 278/400
Job 42: 279/400
Job 42: 280/400
Job 42: 281/400
Job 42: 282/400
Job 42: 283/400
Job 42: 284/400
Job 42: 285/400
Job 42: 286/400
Job 42: 287/400
Job 42: 288/400
Job 42: 289/400
Job 42: 290/400
Job 42: 291/400
Job 42: 292/400
Job 42: 293/400
Job 42: 294/400
Job 42: 295/400
Job 42: 296/400
Job 42: 297/400
Job 42: 298/400
Job 42: 299/400
Job 42: 300/400
Job 42: 301/400
Job 42: 302/400
Job 42: 303/400
Job 42: 304/400
Job 42: 305/400
Job 42: 306/400
Job 42: 307/400
Job 42: 308/400
Job 42: 309/400
Job 42: 310/400
Job 42: 311/400
Job 42: 312/400
Job 42: 313/400
Job 42: 314/400
Job 42: 315/400
Job 42: 316/400
Job 42: 317/400
Job 42: 318/400
Job 42: 319/400
Job 42: 320/400
Job 42: 321/400
Job 42: 322/400
Job 42: 323/400
Job 42: 324/400
Job 42: 325/400
Job 42: 326/400
Job 42: 327/400
Job 42: 328/400
Job 42: 329/400
Job 42: 330/400
Job 42: 331/400
Job 42: 332/400
Job 42: 333/400
Job 42: 334/400
Job 42: 335/400
Job 42: 336/400
Job 42: 337/400
Job 42: 338/400
Job 42: 339/400
Job 42: 340/400
Job 42: 341/400
Job 42: 342/400
Job 42: 343/400
Job 42: 344/400
Job 42: 345/400
Job 42: 346/400
Job 42: 347/400
Job 42: 348/400
Job 42: 349/400
Job 42: 350/400
Job 42: 351/400
Job 42: 352/400
Job 42: 353/400
Job 42: 354/400
Job 42: 355/400
Job 42: 356/400
Job 42: 357/400
Job 42: 358/400
Job 42: 359/400
Job 42: 360/400
Job 42: 361/400
Job 42: 362/400
Job 42: 363/400
Job 42: 364/400
Job 42: 365/400
Job 42: 366/400
Job 42: 367/400
Job 42: 368/400
Job 42: 369/400
Job 42: 370/400
Job 42: 371/400
Job 42: 372/400
Job 42: 373/400
Job 42: 374/400
Job 42: 375/400
Job 42: 376/400
Job 42: 377/400
Job 42: 378/400
Job 42: 379/400
Job 42: 380/400
Job 42: 381/400
Job 42: 382/400
Job 42: 383/400
Job 42: 384/400
Job 42: 385/400
Job 42: 386/400
Job 42: 387/400
Job 42: 388/400
Job 42: 389/400
Job 42: 390/400
Job 42: 391/400
Job 42: 392/400
Job 42: 393/400
Job 42: 394/400
Job 42: 395/400
Job 42: 396/400
Job 42: 397/400
Job 42: 398/400
Job 42: 399/400
Job 42: 400/400
