Registered S3 methods overwritten by 'susieSlide':
  method              from  
  coef.susie          susieR
  predict.susie       susieR
  print.summary.susie susieR
  summary.susie       susieR
Job 216: 1/400
Job 216: 2/400
Job 216: 3/400
Job 216: 4/400
Job 216: 5/400
Job 216: 6/400
Job 216: 7/400
Job 216: 8/400
Job 216: 9/400
Job 216: 10/400
Job 216: 11/400
Job 216: 12/400
Job 216: 13/400
Job 216: 14/400
Job 216: 15/400
Job 216: 16/400
Job 216: 17/400
Job 216: 18/400
Job 216: 19/400
Job 216: 20/400
Job 216: 21/400
Job 216: 22/400
Job 216: 23/400
Job 216: 24/400
Job 216: 25/400
Job 216: 26/400
Job 216: 27/400
Job 216: 28/400
Job 216: 29/400
Job 216: 30/400
Job 216: 31/400
Job 216: 32/400
Job 216: 33/400
Job 216: 34/400
Job 216: 35/400
Job 216: 36/400
Job 216: 37/400
Job 216: 38/400
Job 216: 39/400
Job 216: 40/400
Job 216: 41/400
Job 216: 42/400
Job 216: 43/400
Job 216: 44/400
Job 216: 45/400
Job 216: 46/400
Job 216: 47/400
Job 216: 48/400
Job 216: 49/400
Job 216: 50/400
Job 216: 51/400
Job 216: 52/400
Job 216: 53/400
Job 216: 54/400
Job 216: 55/400
Job 216: 56/400
Job 216: 57/400
Job 216: 58/400
Job 216: 59/400
Job 216: 60/400
Job 216: 61/400
Job 216: 62/400
Job 216: 63/400
Job 216: 64/400
Job 216: 65/400
Job 216: 66/400
Job 216: 67/400
Job 216: 68/400
Job 216: 69/400
Job 216: 70/400
Job 216: 71/400
Job 216: 72/400
Job 216: 73/400
Job 216: 74/400
Job 216: 75/400
Job 216: 76/400
Job 216: 77/400
Job 216: 78/400
Job 216: 79/400
Job 216: 80/400
Job 216: 81/400
Job 216: 82/400
Job 216: 83/400
Job 216: 84/400
Job 216: 85/400
Job 216: 86/400
Job 216: 87/400
Job 216: 88/400
Job 216: 89/400
Job 216: 90/400
Job 216: 91/400
Job 216: 92/400
Job 216: 93/400
Job 216: 94/400
Job 216: 95/400
Job 216: 96/400
Job 216: 97/400
Job 216: 98/400
Job 216: 99/400
Job 216: 100/400
Job 216: 101/400
Job 216: 102/400
Job 216: 103/400
Job 216: 104/400
Job 216: 105/400
Job 216: 106/400
Job 216: 107/400
Job 216: 108/400
Job 216: 109/400
Job 216: 110/400
Job 216: 111/400
Job 216: 112/400
Job 216: 113/400
Job 216: 114/400
Job 216: 115/400
Job 216: 116/400
Job 216: 117/400
Job 216: 118/400
Job 216: 119/400
Job 216: 120/400
Job 216: 121/400
Job 216: 122/400
Job 216: 123/400
Job 216: 124/400
Job 216: 125/400
Job 216: 126/400
Job 216: 127/400
Job 216: 128/400
Job 216: 129/400
Job 216: 130/400
Job 216: 131/400
Job 216: 132/400
Job 216: 133/400
Job 216: 134/400
Job 216: 135/400
Job 216: 136/400
Job 216: 137/400
Job 216: 138/400
Job 216: 139/400
Job 216: 140/400
Job 216: 141/400
Job 216: 142/400
Job 216: 143/400
Job 216: 144/400
Job 216: 145/400
Job 216: 146/400
Job 216: 147/400
Job 216: 148/400
Job 216: 149/400
Job 216: 150/400
Job 216: 151/400
Job 216: 152/400
Job 216: 153/400
Job 216: 154/400
Job 216: 155/400
Job 216: 156/400
Job 216: 157/400
Job 216: 158/400
Job 216: 159/400
Job 216: 160/400
Job 216: 161/400
Job 216: 162/400
Job 216: 163/400
Job 216: 164/400
Job 216: 165/400
Job 216: 166/400
Job 216: 167/400
Job 216: 168/400
Job 216: 169/400
Job 216: 170/400
Job 216: 171/400
Job 216: 172/400
Job 216: 173/400
Job 216: 174/400
Job 216: 175/400
Job 216: 176/400
Job 216: 177/400
Job 216: 178/400
Job 216: 179/400
Job 216: 180/400
Job 216: 181/400
Job 216: 182/400
Job 216: 183/400
Job 216: 184/400
Job 216: 185/400
Job 216: 186/400
Job 216: 187/400
Job 216: 188/400
Job 216: 189/400
Job 216: 190/400
Job 216: 191/400
Job 216: 192/400
Job 216: 193/400
Job 216: 194/400
Job 216: 195/400
Job 216: 196/400
Job 216: 197/400
Job 216: 198/400
Job 216: 199/400
Job 216: 200/400
Job 216: 201/400
Job 216: 202/400
Job 216: 203/400
Job 216: 204/400
Job 216: 205/400
Job 216: 206/400
Job 216: 207/400
Job 216: 208/400
Job 216: 209/400
Job 216: 210/400
Job 216: 211/400
Job 216: 212/400
Job 216: 213/400
Job 216: 214/400
Job 216: 215/400
Job 216: 216/400
Job 216: 217/400
Job 216: 218/400
Job 216: 219/400
Job 216: 220/400
Job 216: 221/400
Job 216: 222/400
Job 216: 223/400
Job 216: 224/400
Job 216: 225/400
Job 216: 226/400
Job 216: 227/400
Job 216: 228/400
Job 216: 229/400
Job 216: 230/400
Job 216: 231/400
Job 216: 232/400
Job 216: 233/400
Job 216: 234/400
Job 216: 235/400
Job 216: 236/400
Job 216: 237/400
Job 216: 238/400
Job 216: 239/400
Job 216: 240/400
Job 216: 241/400
Job 216: 242/400
Job 216: 243/400
Job 216: 244/400
Job 216: 245/400
Job 216: 246/400
Job 216: 247/400
Job 216: 248/400
Job 216: 249/400
Job 216: 250/400
Job 216: 251/400
Job 216: 252/400
Job 216: 253/400
Job 216: 254/400
Job 216: 255/400
Job 216: 256/400
Job 216: 257/400
Job 216: 258/400
Job 216: 259/400
Job 216: 260/400
Job 216: 261/400
Job 216: 262/400
Job 216: 263/400
Job 216: 264/400
Job 216: 265/400
Job 216: 266/400
Job 216: 267/400
Job 216: 268/400
Job 216: 269/400
Job 216: 270/400
Job 216: 271/400
Job 216: 272/400
Job 216: 273/400
Job 216: 274/400
Job 216: 275/400
Job 216: 276/400
Job 216: 277/400
Job 216: 278/400
Job 216: 279/400
Job 216: 280/400
Job 216: 281/400
Job 216: 282/400
Job 216: 283/400
Job 216: 284/400
Job 216: 285/400
Job 216: 286/400
Job 216: 287/400
Job 216: 288/400
Job 216: 289/400
Job 216: 290/400
Job 216: 291/400
Job 216: 292/400
Job 216: 293/400
Job 216: 294/400
Job 216: 295/400
Job 216: 296/400
Job 216: 297/400
Job 216: 298/400
Job 216: 299/400
Job 216: 300/400
Job 216: 301/400
Job 216: 302/400
Job 216: 303/400
Job 216: 304/400
Job 216: 305/400
Job 216: 306/400
Job 216: 307/400
Job 216: 308/400
Job 216: 309/400
Job 216: 310/400
Job 216: 311/400
Job 216: 312/400
Job 216: 313/400
Job 216: 314/400
Job 216: 315/400
Job 216: 316/400
Job 216: 317/400
Job 216: 318/400
Job 216: 319/400
Job 216: 320/400
Job 216: 321/400
Job 216: 322/400
Job 216: 323/400
Job 216: 324/400
Job 216: 325/400
Job 216: 326/400
Job 216: 327/400
Job 216: 328/400
Job 216: 329/400
Job 216: 330/400
Job 216: 331/400
Job 216: 332/400
Job 216: 333/400
Job 216: 334/400
Job 216: 335/400
Job 216: 336/400
Job 216: 337/400
Job 216: 338/400
Job 216: 339/400
Job 216: 340/400
Job 216: 341/400
Job 216: 342/400
Job 216: 343/400
Job 216: 344/400
Job 216: 345/400
Job 216: 346/400
Job 216: 347/400
Job 216: 348/400
Job 216: 349/400
Job 216: 350/400
Job 216: 351/400
Job 216: 352/400
Job 216: 353/400
Job 216: 354/400
Job 216: 355/400
Job 216: 356/400
Job 216: 357/400
Job 216: 358/400
Job 216: 359/400
Job 216: 360/400
Job 216: 361/400
Job 216: 362/400
Job 216: 363/400
Job 216: 364/400
Job 216: 365/400
Job 216: 366/400
Job 216: 367/400
Job 216: 368/400
Job 216: 369/400
Job 216: 370/400
Job 216: 371/400
Job 216: 372/400
Job 216: 373/400
Job 216: 374/400
Job 216: 375/400
Job 216: 376/400
Job 216: 377/400
Job 216: 378/400
Job 216: 379/400
Job 216: 380/400
Job 216: 381/400
Job 216: 382/400
Job 216: 383/400
Job 216: 384/400
Job 216: 385/400
Job 216: 386/400
Job 216: 387/400
Job 216: 388/400
Job 216: 389/400
Job 216: 390/400
Job 216: 391/400
Job 216: 392/400
Job 216: 393/400
Job 216: 394/400
Job 216: 395/400
Job 216: 396/400
Job 216: 397/400
Job 216: 398/400
Job 216: 399/400
Job 216: 400/400
