Registered S3 methods overwritten by 'susieSlide':
  method              from  
  coef.susie          susieR
  predict.susie       susieR
  print.summary.susie susieR
  summary.susie       susieR
Job 127: 1/400
Job 127: 2/400
Job 127: 3/400
Job 127: 4/400
Job 127: 5/400
Job 127: 6/400
Job 127: 7/400
Job 127: 8/400
Job 127: 9/400
Job 127: 10/400
Job 127: 11/400
Job 127: 12/400
Job 127: 13/400
Job 127: 14/400
Job 127: 15/400
Job 127: 16/400
Job 127: 17/400
Job 127: 18/400
Job 127: 19/400
Job 127: 20/400
Job 127: 21/400
Job 127: 22/400
Job 127: 23/400
Job 127: 24/400
Job 127: 25/400
Job 127: 26/400
Job 127: 27/400
Job 127: 28/400
Job 127: 29/400
Job 127: 30/400
Job 127: 31/400
Job 127: 32/400
Job 127: 33/400
Job 127: 34/400
Job 127: 35/400
Job 127: 36/400
Job 127: 37/400
Job 127: 38/400
Job 127: 39/400
Job 127: 40/400
Job 127: 41/400
Job 127: 42/400
Job 127: 43/400
Job 127: 44/400
Job 127: 45/400
Job 127: 46/400
Job 127: 47/400
Job 127: 48/400
Job 127: 49/400
Job 127: 50/400
Job 127: 51/400
Job 127: 52/400
Job 127: 53/400
Job 127: 54/400
Job 127: 55/400
Job 127: 56/400
Job 127: 57/400
Job 127: 58/400
Job 127: 59/400
Job 127: 60/400
Job 127: 61/400
Job 127: 62/400
Job 127: 63/400
Job 127: 64/400
Job 127: 65/400
Job 127: 66/400
Job 127: 67/400
Job 127: 68/400
Job 127: 69/400
Job 127: 70/400
Job 127: 71/400
Job 127: 72/400
Job 127: 73/400
Job 127: 74/400
Job 127: 75/400
Job 127: 76/400
Job 127: 77/400
Job 127: 78/400
Job 127: 79/400
Job 127: 80/400
Job 127: 81/400
Job 127: 82/400
Job 127: 83/400
Job 127: 84/400
Job 127: 85/400
Job 127: 86/400
Job 127: 87/400
Job 127: 88/400
Job 127: 89/400
Job 127: 90/400
Job 127: 91/400
Job 127: 92/400
Job 127: 93/400
Job 127: 94/400
Job 127: 95/400
Job 127: 96/400
Job 127: 97/400
Job 127: 98/400
Job 127: 99/400
Job 127: 100/400
Job 127: 101/400
Job 127: 102/400
Job 127: 103/400
Job 127: 104/400
Job 127: 105/400
Job 127: 106/400
Job 127: 107/400
Job 127: 108/400
Job 127: 109/400
Job 127: 110/400
Job 127: 111/400
Job 127: 112/400
Job 127: 113/400
Job 127: 114/400
Job 127: 115/400
Job 127: 116/400
Job 127: 117/400
Job 127: 118/400
Job 127: 119/400
Job 127: 120/400
Job 127: 121/400
Job 127: 122/400
Job 127: 123/400
Job 127: 124/400
Job 127: 125/400
Job 127: 126/400
Job 127: 127/400
Job 127: 128/400
Job 127: 129/400
Job 127: 130/400
Job 127: 131/400
Job 127: 132/400
Job 127: 133/400
Job 127: 134/400
Job 127: 135/400
Job 127: 136/400
Job 127: 137/400
Job 127: 138/400
Job 127: 139/400
Job 127: 140/400
Job 127: 141/400
Job 127: 142/400
Job 127: 143/400
Job 127: 144/400
Job 127: 145/400
Job 127: 146/400
Job 127: 147/400
Job 127: 148/400
Job 127: 149/400
Job 127: 150/400
Job 127: 151/400
Job 127: 152/400
Job 127: 153/400
Job 127: 154/400
Job 127: 155/400
Job 127: 156/400
Job 127: 157/400
Job 127: 158/400
Job 127: 159/400
Job 127: 160/400
Job 127: 161/400
Job 127: 162/400
Job 127: 163/400
Job 127: 164/400
Job 127: 165/400
Job 127: 166/400
Job 127: 167/400
Job 127: 168/400
Job 127: 169/400
Job 127: 170/400
Job 127: 171/400
Job 127: 172/400
Job 127: 173/400
Job 127: 174/400
Job 127: 175/400
Job 127: 176/400
Job 127: 177/400
Job 127: 178/400
Job 127: 179/400
Job 127: 180/400
Job 127: 181/400
Job 127: 182/400
Job 127: 183/400
Job 127: 184/400
Job 127: 185/400
Job 127: 186/400
Job 127: 187/400
Job 127: 188/400
Job 127: 189/400
Job 127: 190/400
Job 127: 191/400
Job 127: 192/400
Job 127: 193/400
Job 127: 194/400
Job 127: 195/400
Job 127: 196/400
Job 127: 197/400
Job 127: 198/400
Job 127: 199/400
Job 127: 200/400
Job 127: 201/400
Job 127: 202/400
Job 127: 203/400
Job 127: 204/400
Job 127: 205/400
Job 127: 206/400
Job 127: 207/400
Job 127: 208/400
Job 127: 209/400
Job 127: 210/400
Job 127: 211/400
Job 127: 212/400
Job 127: 213/400
Job 127: 214/400
Job 127: 215/400
Job 127: 216/400
Job 127: 217/400
Job 127: 218/400
Job 127: 219/400
Job 127: 220/400
Job 127: 221/400
Job 127: 222/400
Job 127: 223/400
Job 127: 224/400
Job 127: 225/400
Job 127: 226/400
Job 127: 227/400
Job 127: 228/400
Job 127: 229/400
Job 127: 230/400
Job 127: 231/400
Job 127: 232/400
Job 127: 233/400
Job 127: 234/400
Job 127: 235/400
Job 127: 236/400
Job 127: 237/400
Job 127: 238/400
Job 127: 239/400
Job 127: 240/400
Job 127: 241/400
Job 127: 242/400
Job 127: 243/400
Job 127: 244/400
Job 127: 245/400
Job 127: 246/400
Job 127: 247/400
Job 127: 248/400
Job 127: 249/400
Job 127: 250/400
Job 127: 251/400
Job 127: 252/400
Job 127: 253/400
Job 127: 254/400
Job 127: 255/400
Job 127: 256/400
Job 127: 257/400
Job 127: 258/400
Job 127: 259/400
Job 127: 260/400
Job 127: 261/400
Job 127: 262/400
Job 127: 263/400
Job 127: 264/400
Job 127: 265/400
Job 127: 266/400
Job 127: 267/400
Job 127: 268/400
Job 127: 269/400
Job 127: 270/400
Job 127: 271/400
Job 127: 272/400
Job 127: 273/400
Job 127: 274/400
Job 127: 275/400
Job 127: 276/400
Job 127: 277/400
Job 127: 278/400
Job 127: 279/400
Job 127: 280/400
Job 127: 281/400
Job 127: 282/400
Job 127: 283/400
Job 127: 284/400
Job 127: 285/400
Job 127: 286/400
Job 127: 287/400
Job 127: 288/400
Job 127: 289/400
Job 127: 290/400
Job 127: 291/400
Job 127: 292/400
Job 127: 293/400
Job 127: 294/400
Job 127: 295/400
Job 127: 296/400
Job 127: 297/400
Job 127: 298/400
Job 127: 299/400
Job 127: 300/400
Job 127: 301/400
Job 127: 302/400
Job 127: 303/400
Job 127: 304/400
Job 127: 305/400
Job 127: 306/400
Job 127: 307/400
Job 127: 308/400
Job 127: 309/400
Job 127: 310/400
Job 127: 311/400
Job 127: 312/400
Job 127: 313/400
Job 127: 314/400
Job 127: 315/400
Job 127: 316/400
Job 127: 317/400
Job 127: 318/400
Job 127: 319/400
Job 127: 320/400
Job 127: 321/400
Job 127: 322/400
Job 127: 323/400
Job 127: 324/400
Job 127: 325/400
Job 127: 326/400
Job 127: 327/400
Job 127: 328/400
Job 127: 329/400
Job 127: 330/400
Job 127: 331/400
Job 127: 332/400
Job 127: 333/400
Job 127: 334/400
Job 127: 335/400
Job 127: 336/400
Job 127: 337/400
Job 127: 338/400
Job 127: 339/400
Job 127: 340/400
Job 127: 341/400
Job 127: 342/400
Job 127: 343/400
Job 127: 344/400
Job 127: 345/400
Job 127: 346/400
Job 127: 347/400
Job 127: 348/400
Job 127: 349/400
Job 127: 350/400
Job 127: 351/400
Job 127: 352/400
Job 127: 353/400
Job 127: 354/400
Job 127: 355/400
Job 127: 356/400
Job 127: 357/400
Job 127: 358/400
Job 127: 359/400
Job 127: 360/400
Job 127: 361/400
Job 127: 362/400
Job 127: 363/400
Job 127: 364/400
Job 127: 365/400
Job 127: 366/400
Job 127: 367/400
Job 127: 368/400
Job 127: 369/400
Job 127: 370/400
Job 127: 371/400
Job 127: 372/400
Job 127: 373/400
Job 127: 374/400
Job 127: 375/400
Job 127: 376/400
Job 127: 377/400
Job 127: 378/400
Job 127: 379/400
Job 127: 380/400
Job 127: 381/400
Job 127: 382/400
Job 127: 383/400
Job 127: 384/400
Job 127: 385/400
Job 127: 386/400
Job 127: 387/400
Job 127: 388/400
Job 127: 389/400
Job 127: 390/400
Job 127: 391/400
Job 127: 392/400
Job 127: 393/400
Job 127: 394/400
Job 127: 395/400
Job 127: 396/400
Job 127: 397/400
Job 127: 398/400
Job 127: 399/400
Job 127: 400/400
