Registered S3 methods overwritten by 'susieSlide':
  method              from  
  coef.susie          susieR
  predict.susie       susieR
  print.summary.susie susieR
  summary.susie       susieR
Job 610: 1/400
Job 610: 2/400
Job 610: 3/400
Job 610: 4/400
Job 610: 5/400
Job 610: 6/400
Job 610: 7/400
Job 610: 8/400
Job 610: 9/400
Job 610: 10/400
Job 610: 11/400
Job 610: 12/400
Job 610: 13/400
Job 610: 14/400
Job 610: 15/400
Job 610: 16/400
Job 610: 17/400
Job 610: 18/400 ERROR: No .raw files found in temp_dir.
Job 610: 19/400 ERROR: No .raw files found in temp_dir.
Job 610: 20/400 ERROR: No .raw files found in temp_dir.
Job 610: 21/400 ERROR: No .raw files found in temp_dir.
Job 610: 22/400 ERROR: No .raw files found in temp_dir.
Job 610: 23/400 ERROR: No .raw files found in temp_dir.
Job 610: 24/400 ERROR: No .raw files found in temp_dir.
Job 610: 25/400 ERROR: No .raw files found in temp_dir.
Job 610: 26/400 ERROR: No .raw files found in temp_dir.
Job 610: 27/400 ERROR: No .raw files found in temp_dir.
Job 610: 28/400 ERROR: No .raw files found in temp_dir.
Job 610: 29/400 ERROR: No .raw files found in temp_dir.
Job 610: 30/400 ERROR: No .raw files found in temp_dir.
Job 610: 31/400 ERROR: No .raw files found in temp_dir.
Job 610: 32/400 ERROR: No .raw files found in temp_dir.
Job 610: 33/400 ERROR: No .raw files found in temp_dir.
Job 610: 34/400 ERROR: No .raw files found in temp_dir.
Job 610: 35/400 ERROR: No .raw files found in temp_dir.
Job 610: 36/400 ERROR: No .raw files found in temp_dir.
Job 610: 37/400 ERROR: No .raw files found in temp_dir.
Job 610: 38/400 ERROR: No .raw files found in temp_dir.
Job 610: 39/400 ERROR: No .raw files found in temp_dir.
Job 610: 40/400 ERROR: No .raw files found in temp_dir.
Job 610: 41/400 ERROR: No .raw files found in temp_dir.
Job 610: 42/400 ERROR: No .raw files found in temp_dir.
Job 610: 43/400 ERROR: No .raw files found in temp_dir.
Job 610: 44/400 ERROR: No .raw files found in temp_dir.
Job 610: 45/400 ERROR: No .raw files found in temp_dir.
Job 610: 46/400 ERROR: No .raw files found in temp_dir.
Job 610: 47/400 ERROR: No .raw files found in temp_dir.
Job 610: 48/400 ERROR: No .raw files found in temp_dir.
Job 610: 49/400 ERROR: No .raw files found in temp_dir.
Job 610: 50/400 ERROR: No .raw files found in temp_dir.
Job 610: 51/400 ERROR: No .raw files found in temp_dir.
Job 610: 52/400 ERROR: No .raw files found in temp_dir.
Job 610: 53/400 ERROR: No .raw files found in temp_dir.
Job 610: 54/400 ERROR: No .raw files found in temp_dir.
Job 610: 55/400 ERROR: No .raw files found in temp_dir.
Job 610: 56/400 ERROR: No .raw files found in temp_dir.
Job 610: 57/400 ERROR: No .raw files found in temp_dir.
Job 610: 58/400 ERROR: No .raw files found in temp_dir.
Job 610: 59/400 ERROR: No .raw files found in temp_dir.
Job 610: 60/400 ERROR: No .raw files found in temp_dir.
Job 610: 61/400 ERROR: No .raw files found in temp_dir.
Job 610: 62/400 ERROR: No .raw files found in temp_dir.
Job 610: 63/400 ERROR: No .raw files found in temp_dir.
Job 610: 64/400 ERROR: No .raw files found in temp_dir.
Job 610: 65/400 ERROR: No .raw files found in temp_dir.
Job 610: 66/400 ERROR: No .raw files found in temp_dir.
Job 610: 67/400 ERROR: No .raw files found in temp_dir.
Job 610: 68/400 ERROR: No .raw files found in temp_dir.
Job 610: 69/400 ERROR: No .raw files found in temp_dir.
Job 610: 70/400 ERROR: No .raw files found in temp_dir.
Job 610: 71/400 ERROR: No .raw files found in temp_dir.
Job 610: 72/400 ERROR: No .raw files found in temp_dir.
Job 610: 73/400 ERROR: No .raw files found in temp_dir.
Job 610: 74/400 ERROR: No .raw files found in temp_dir.
Job 610: 75/400 ERROR: No .raw files found in temp_dir.
Job 610: 76/400 ERROR: No .raw files found in temp_dir.
Job 610: 77/400 ERROR: No .raw files found in temp_dir.
Job 610: 78/400 ERROR: No .raw files found in temp_dir.
Job 610: 79/400 ERROR: No .raw files found in temp_dir.
Job 610: 80/400 ERROR: No .raw files found in temp_dir.
Job 610: 81/400 ERROR: No .raw files found in temp_dir.
Job 610: 82/400 ERROR: No .raw files found in temp_dir.
Job 610: 83/400 ERROR: No .raw files found in temp_dir.
Job 610: 84/400 ERROR: No .raw files found in temp_dir.
Job 610: 85/400 ERROR: No .raw files found in temp_dir.
Job 610: 86/400 ERROR: No .raw files found in temp_dir.
Job 610: 87/400 ERROR: No .raw files found in temp_dir.
Job 610: 88/400 ERROR: No .raw files found in temp_dir.
Job 610: 89/400 ERROR: No .raw files found in temp_dir.
Job 610: 90/400 ERROR: No .raw files found in temp_dir.
Job 610: 91/400 ERROR: No .raw files found in temp_dir.
Job 610: 92/400 ERROR: No .raw files found in temp_dir.
Job 610: 93/400 ERROR: No .raw files found in temp_dir.
Job 610: 94/400 ERROR: No .raw files found in temp_dir.
Job 610: 95/400 ERROR: No .raw files found in temp_dir.
Job 610: 96/400 ERROR: No .raw files found in temp_dir.
Job 610: 97/400 ERROR: No .raw files found in temp_dir.
Job 610: 98/400 ERROR: No .raw files found in temp_dir.
Job 610: 99/400 ERROR: No .raw files found in temp_dir.
Job 610: 100/400 ERROR: No .raw files found in temp_dir.
Job 610: 101/400 ERROR: No .raw files found in temp_dir.
Job 610: 102/400 ERROR: No .raw files found in temp_dir.
Job 610: 103/400 ERROR: No .raw files found in temp_dir.
Job 610: 104/400 ERROR: No .raw files found in temp_dir.
Job 610: 105/400 ERROR: No .raw files found in temp_dir.
Job 610: 106/400 ERROR: Not enough donors for the requested n.
Job 610: 107/400
Job 610: 108/400
Job 610: 109/400
Job 610: 110/400
Job 610: 111/400
Job 610: 112/400
Job 610: 113/400
Job 610: 114/400
Job 610: 115/400
Job 610: 116/400
Job 610: 117/400
Job 610: 118/400
Job 610: 119/400
Job 610: 120/400
Job 610: 121/400
Job 610: 122/400
Job 610: 123/400
Job 610: 124/400
Job 610: 125/400
Job 610: 126/400
Job 610: 127/400
Job 610: 128/400
Job 610: 129/400
Job 610: 130/400
Job 610: 131/400 ERROR: No .raw files found in temp_dir.
Job 610: 132/400 ERROR: No .raw files found in temp_dir.
Job 610: 133/400 ERROR: No .raw files found in temp_dir.
Job 610: 134/400 ERROR: No .raw files found in temp_dir.
Job 610: 135/400 ERROR: No .raw files found in temp_dir.
Job 610: 136/400 ERROR: No .raw files found in temp_dir.
Job 610: 137/400 ERROR: No .raw files found in temp_dir.
Job 610: 138/400 ERROR: No .raw files found in temp_dir.
Job 610: 139/400 ERROR: No .raw files found in temp_dir.
Job 610: 140/400 ERROR: No .raw files found in temp_dir.
Job 610: 141/400 ERROR: No .raw files found in temp_dir.
Job 610: 142/400 ERROR: No .raw files found in temp_dir.
Job 610: 143/400 ERROR: No .raw files found in temp_dir.
Job 610: 144/400 ERROR: No .raw files found in temp_dir.
Job 610: 145/400 ERROR: No .raw files found in temp_dir.
Job 610: 146/400 ERROR: No .raw files found in temp_dir.
Job 610: 147/400 ERROR: No .raw files found in temp_dir.
Job 610: 148/400 ERROR: No .raw files found in temp_dir.
Job 610: 149/400 ERROR: No .raw files found in temp_dir.
Job 610: 150/400 ERROR: No .raw files found in temp_dir.
Job 610: 151/400 ERROR: No .raw files found in temp_dir.
Job 610: 152/400 ERROR: No .raw files found in temp_dir.
Job 610: 153/400 ERROR: No .raw files found in temp_dir.
Job 610: 154/400 ERROR: No .raw files found in temp_dir.
Job 610: 155/400 ERROR: No .raw files found in temp_dir.
Job 610: 156/400 ERROR: No .raw files found in temp_dir.
Job 610: 157/400 ERROR: No .raw files found in temp_dir.
Job 610: 158/400 ERROR: No .raw files found in temp_dir.
Job 610: 159/400 ERROR: No .raw files found in temp_dir.
Job 610: 160/400 ERROR: No .raw files found in temp_dir.
Job 610: 161/400 ERROR: No .raw files found in temp_dir.
Job 610: 162/400 ERROR: No .raw files found in temp_dir.
Job 610: 163/400 ERROR: No .raw files found in temp_dir.
Job 610: 164/400 ERROR: No .raw files found in temp_dir.
Job 610: 165/400 ERROR: No .raw files found in temp_dir.
Job 610: 166/400 ERROR: No .raw files found in temp_dir.
Job 610: 167/400 ERROR: No .raw files found in temp_dir.
Job 610: 168/400 ERROR: No .raw files found in temp_dir.
Job 610: 169/400 ERROR: No .raw files found in temp_dir.
Job 610: 170/400 ERROR: No .raw files found in temp_dir.
Job 610: 171/400 ERROR: No .raw files found in temp_dir.
Job 610: 172/400 ERROR: No .raw files found in temp_dir.
Job 610: 173/400 ERROR: No .raw files found in temp_dir.
Job 610: 174/400 ERROR: No .raw files found in temp_dir.
Job 610: 175/400 ERROR: No .raw files found in temp_dir.
Job 610: 176/400 ERROR: No .raw files found in temp_dir.
Job 610: 177/400 ERROR: No .raw files found in temp_dir.
Job 610: 178/400 ERROR: No .raw files found in temp_dir.
Job 610: 179/400 ERROR: No .raw files found in temp_dir.
Job 610: 180/400 ERROR: No .raw files found in temp_dir.
Job 610: 181/400
Job 610: 182/400
Job 610: 183/400
Job 610: 184/400
Job 610: 185/400
Job 610: 186/400
Job 610: 187/400
Job 610: 188/400
Job 610: 189/400
Job 610: 190/400
Job 610: 191/400
Job 610: 192/400
Job 610: 193/400
Job 610: 194/400
Job 610: 195/400
Job 610: 196/400
Job 610: 197/400
Job 610: 198/400
Job 610: 199/400
Job 610: 200/400
Job 610: 201/400
Job 610: 202/400
Job 610: 203/400 ERROR: No .raw files found in temp_dir.
Job 610: 204/400 ERROR: No .raw files found in temp_dir.
Job 610: 205/400 ERROR: No .raw files found in temp_dir.
Job 610: 206/400 ERROR: No .raw files found in temp_dir.
Job 610: 207/400 ERROR: No .raw files found in temp_dir.
Job 610: 208/400 ERROR: No .raw files found in temp_dir.
Job 610: 209/400 ERROR: No .raw files found in temp_dir.
Job 610: 210/400 ERROR: No .raw files found in temp_dir.
Job 610: 211/400 ERROR: No .raw files found in temp_dir.
Job 610: 212/400 ERROR: No .raw files found in temp_dir.
Job 610: 213/400 ERROR: No .raw files found in temp_dir.
Job 610: 214/400 ERROR: No .raw files found in temp_dir.
Job 610: 215/400 ERROR: No .raw files found in temp_dir.
Job 610: 216/400 ERROR: No .raw files found in temp_dir.
Job 610: 217/400 ERROR: No .raw files found in temp_dir.
Job 610: 218/400 ERROR: No .raw files found in temp_dir.
Job 610: 219/400 ERROR: No .raw files found in temp_dir.
Job 610: 220/400 ERROR: No .raw files found in temp_dir.
Job 610: 221/400 ERROR: No .raw files found in temp_dir.
Job 610: 222/400 ERROR: No .raw files found in temp_dir.
Job 610: 223/400 ERROR: No .raw files found in temp_dir.
Job 610: 224/400 ERROR: No .raw files found in temp_dir.
Job 610: 225/400 ERROR: No .raw files found in temp_dir.
Job 610: 226/400 ERROR: No .raw files found in temp_dir.
Job 610: 227/400 ERROR: No .raw files found in temp_dir.
Job 610: 228/400 ERROR: No .raw files found in temp_dir.
Job 610: 229/400 ERROR: No .raw files found in temp_dir.
Job 610: 230/400 ERROR: No .raw files found in temp_dir.
Job 610: 231/400 ERROR: No .raw files found in temp_dir.
Job 610: 232/400 ERROR: No .raw files found in temp_dir.
Job 610: 233/400 ERROR: No .raw files found in temp_dir.
Job 610: 234/400 ERROR: No .raw files found in temp_dir.
Job 610: 235/400 ERROR: No .raw files found in temp_dir.
Job 610: 236/400 ERROR: No .raw files found in temp_dir.
Job 610: 237/400 ERROR: No .raw files found in temp_dir.
Job 610: 238/400 ERROR: No .raw files found in temp_dir.
Job 610: 239/400 ERROR: No .raw files found in temp_dir.
Job 610: 240/400 ERROR: No .raw files found in temp_dir.
Job 610: 241/400 ERROR: No .raw files found in temp_dir.
Job 610: 242/400 ERROR: No .raw files found in temp_dir.
Job 610: 243/400 ERROR: No .raw files found in temp_dir.
Job 610: 244/400 ERROR: No .raw files found in temp_dir.
Job 610: 245/400 ERROR: No .raw files found in temp_dir.
Job 610: 246/400 ERROR: No .raw files found in temp_dir.
Job 610: 247/400 ERROR: No .raw files found in temp_dir.
Job 610: 248/400 ERROR: No .raw files found in temp_dir.
Job 610: 249/400 ERROR: No .raw files found in temp_dir.
Job 610: 250/400 ERROR: No .raw files found in temp_dir.
Job 610: 251/400 ERROR: No .raw files found in temp_dir.
Job 610: 252/400 ERROR: No .raw files found in temp_dir.
Job 610: 253/400 ERROR: No .raw files found in temp_dir.
Job 610: 254/400 ERROR: No .raw files found in temp_dir.
Job 610: 255/400 ERROR: No .raw files found in temp_dir.
Job 610: 256/400 ERROR: No .raw files found in temp_dir.
Job 610: 257/400 ERROR: No .raw files found in temp_dir.
Job 610: 258/400 ERROR: No .raw files found in temp_dir.
Job 610: 259/400 ERROR: No .raw files found in temp_dir.
Job 610: 260/400 ERROR: No .raw files found in temp_dir.
Job 610: 261/400 ERROR: No .raw files found in temp_dir.
Job 610: 262/400 ERROR: No .raw files found in temp_dir.
Job 610: 263/400 ERROR: No .raw files found in temp_dir.
Job 610: 264/400 ERROR: No .raw files found in temp_dir.
Job 610: 265/400 ERROR: No .raw files found in temp_dir.
Job 610: 266/400 ERROR: No .raw files found in temp_dir.
Job 610: 267/400 ERROR: No .raw files found in temp_dir.
Job 610: 268/400 ERROR: No .raw files found in temp_dir.
Job 610: 269/400 ERROR: No .raw files found in temp_dir.
Job 610: 270/400 ERROR: No .raw files found in temp_dir.
Job 610: 271/400 ERROR: No .raw files found in temp_dir.
Job 610: 272/400 ERROR: No .raw files found in temp_dir.
Job 610: 273/400 ERROR: No .raw files found in temp_dir.
Job 610: 274/400 ERROR: No .raw files found in temp_dir.
Job 610: 275/400 ERROR: No .raw files found in temp_dir.
Job 610: 276/400 ERROR: No .raw files found in temp_dir.
Job 610: 277/400 ERROR: No .raw files found in temp_dir.
Job 610: 278/400 ERROR: No .raw files found in temp_dir.
Job 610: 279/400 ERROR: No .raw files found in temp_dir.
Job 610: 280/400 ERROR: No .raw files found in temp_dir.
Job 610: 281/400 ERROR: No .raw files found in temp_dir.
Job 610: 282/400 ERROR: No .raw files found in temp_dir.
Job 610: 283/400 ERROR: No .raw files found in temp_dir.
Job 610: 284/400 ERROR: No .raw files found in temp_dir.
Job 610: 285/400 ERROR: No .raw files found in temp_dir.
Job 610: 286/400 ERROR: No .raw files found in temp_dir.
Job 610: 287/400 ERROR: No .raw files found in temp_dir.
Job 610: 288/400 ERROR: No .raw files found in temp_dir.
Job 610: 289/400 ERROR: No .raw files found in temp_dir.
Job 610: 290/400 ERROR: No .raw files found in temp_dir.
Job 610: 291/400 ERROR: No .raw files found in temp_dir.
Job 610: 292/400 ERROR: No .raw files found in temp_dir.
Job 610: 293/400 ERROR: No .raw files found in temp_dir.
Job 610: 294/400 ERROR: No .raw files found in temp_dir.
Job 610: 295/400 ERROR: No .raw files found in temp_dir.
Job 610: 296/400 ERROR: No .raw files found in temp_dir.
Job 610: 297/400 ERROR: No .raw files found in temp_dir.
Job 610: 298/400 ERROR: No .raw files found in temp_dir.
Job 610: 299/400 ERROR: No .raw files found in temp_dir.
Job 610: 300/400 ERROR: No .raw files found in temp_dir.
Job 610: 301/400 ERROR: No .raw files found in temp_dir.
Job 610: 302/400 ERROR: No .raw files found in temp_dir.
Job 610: 303/400 ERROR: No .raw files found in temp_dir.
Job 610: 304/400 ERROR: No .raw files found in temp_dir.
Job 610: 305/400 ERROR: No .raw files found in temp_dir.
Job 610: 306/400 ERROR: No .raw files found in temp_dir.
Job 610: 307/400 ERROR: No .raw files found in temp_dir.
Job 610: 308/400 ERROR: No .raw files found in temp_dir.
Job 610: 309/400 ERROR: No .raw files found in temp_dir.
Job 610: 310/400 ERROR: No .raw files found in temp_dir.
Job 610: 311/400 ERROR: No .raw files found in temp_dir.
Job 610: 312/400 ERROR: No .raw files found in temp_dir.
Job 610: 313/400 ERROR: No .raw files found in temp_dir.
Job 610: 314/400 ERROR: No .raw files found in temp_dir.
Job 610: 315/400 ERROR: No .raw files found in temp_dir.
Job 610: 316/400 ERROR: No .raw files found in temp_dir.
Job 610: 317/400 ERROR: No .raw files found in temp_dir.
Job 610: 318/400 ERROR: No .raw files found in temp_dir.
Job 610: 319/400 ERROR: No .raw files found in temp_dir.
Job 610: 320/400 ERROR: No .raw files found in temp_dir.
Job 610: 321/400 ERROR: No .raw files found in temp_dir.
Job 610: 322/400 ERROR: No .raw files found in temp_dir.
Job 610: 323/400 ERROR: No .raw files found in temp_dir.
Job 610: 324/400 ERROR: No .raw files found in temp_dir.
Job 610: 325/400 ERROR: No .raw files found in temp_dir.
Job 610: 326/400 ERROR: No .raw files found in temp_dir.
Job 610: 327/400 ERROR: No .raw files found in temp_dir.
Job 610: 328/400 ERROR: No .raw files found in temp_dir.
Job 610: 329/400 ERROR: No .raw files found in temp_dir.
Job 610: 330/400 ERROR: No .raw files found in temp_dir.
Job 610: 331/400 ERROR: No .raw files found in temp_dir.
Job 610: 332/400 ERROR: No .raw files found in temp_dir.
Job 610: 333/400 ERROR: No .raw files found in temp_dir.
Job 610: 334/400 ERROR: No .raw files found in temp_dir.
Job 610: 335/400 ERROR: No .raw files found in temp_dir.
Job 610: 336/400 ERROR: No .raw files found in temp_dir.
Job 610: 337/400 ERROR: No .raw files found in temp_dir.
Job 610: 338/400 ERROR: No .raw files found in temp_dir.
Job 610: 339/400 ERROR: No .raw files found in temp_dir.
Job 610: 340/400 ERROR: No .raw files found in temp_dir.
Job 610: 341/400 ERROR: No .raw files found in temp_dir.
Job 610: 342/400 ERROR: No .raw files found in temp_dir.
Job 610: 343/400 ERROR: No .raw files found in temp_dir.
Job 610: 344/400 ERROR: No .raw files found in temp_dir.
Job 610: 345/400 ERROR: No .raw files found in temp_dir.
Job 610: 346/400 ERROR: No .raw files found in temp_dir.
Job 610: 347/400 ERROR: No .raw files found in temp_dir.
Job 610: 348/400 ERROR: No .raw files found in temp_dir.
Job 610: 349/400 ERROR: No .raw files found in temp_dir.
Job 610: 350/400 ERROR: No .raw files found in temp_dir.
Job 610: 351/400 ERROR: No .raw files found in temp_dir.
Job 610: 352/400 ERROR: No .raw files found in temp_dir.
Job 610: 353/400 ERROR: No .raw files found in temp_dir.
Job 610: 354/400 ERROR: No .raw files found in temp_dir.
Job 610: 355/400 ERROR: No .raw files found in temp_dir.
Job 610: 356/400 ERROR: No .raw files found in temp_dir.
Job 610: 357/400 ERROR: No .raw files found in temp_dir.
Job 610: 358/400 ERROR: No .raw files found in temp_dir.
Job 610: 359/400 ERROR: No .raw files found in temp_dir.
Job 610: 360/400 ERROR: No .raw files found in temp_dir.
Job 610: 361/400 ERROR: No .raw files found in temp_dir.
Job 610: 362/400 ERROR: No .raw files found in temp_dir.
Job 610: 363/400 ERROR: No .raw files found in temp_dir.
Job 610: 364/400 ERROR: No .raw files found in temp_dir.
Job 610: 365/400 ERROR: No .raw files found in temp_dir.
Job 610: 366/400 ERROR: No .raw files found in temp_dir.
Job 610: 367/400 ERROR: No .raw files found in temp_dir.
Job 610: 368/400 ERROR: No .raw files found in temp_dir.
Job 610: 369/400 ERROR: No .raw files found in temp_dir.
Job 610: 370/400 ERROR: No .raw files found in temp_dir.
Job 610: 371/400 ERROR: No .raw files found in temp_dir.
Job 610: 372/400 ERROR: No .raw files found in temp_dir.
Job 610: 373/400 ERROR: No .raw files found in temp_dir.
Job 610: 374/400 ERROR: No .raw files found in temp_dir.
Job 610: 375/400 ERROR: No .raw files found in temp_dir.
Job 610: 376/400 ERROR: No .raw files found in temp_dir.
Job 610: 377/400 ERROR: No .raw files found in temp_dir.
Job 610: 378/400 ERROR: No .raw files found in temp_dir.
Job 610: 379/400 ERROR: No .raw files found in temp_dir.
Job 610: 380/400 ERROR: No .raw files found in temp_dir.
Job 610: 381/400 ERROR: No .raw files found in temp_dir.
Job 610: 382/400 ERROR: No .raw files found in temp_dir.
Job 610: 383/400 ERROR: No .raw files found in temp_dir.
Job 610: 384/400 ERROR: No .raw files found in temp_dir.
Job 610: 385/400 ERROR: No .raw files found in temp_dir.
Job 610: 386/400 ERROR: No .raw files found in temp_dir.
Job 610: 387/400 ERROR: No .raw files found in temp_dir.
Job 610: 388/400 ERROR: No .raw files found in temp_dir.
Job 610: 389/400 ERROR: No .raw files found in temp_dir.
Job 610: 390/400 ERROR: No .raw files found in temp_dir.
Job 610: 391/400 ERROR: No .raw files found in temp_dir.
Job 610: 392/400 ERROR: No .raw files found in temp_dir.
Job 610: 393/400 ERROR: No .raw files found in temp_dir.
Job 610: 394/400 ERROR: No .raw files found in temp_dir.
Job 610: 395/400 ERROR: No .raw files found in temp_dir.
Job 610: 396/400 ERROR: No .raw files found in temp_dir.
Job 610: 397/400 ERROR: No .raw files found in temp_dir.
Job 610: 398/400 ERROR: No .raw files found in temp_dir.
Job 610: 399/400 ERROR: No .raw files found in temp_dir.
Job 610: 400/400 ERROR: No .raw files found in temp_dir.
Warning message:
In data.table::fread(raw_file, data.table = FALSE) :
  Discarded single-line footer: <<0	GTEX-17JCI	0	0	0	-9	2	2	2	2	2	0	2	2	2	2	2	2	0	2	2	2	2	2	2	2	2	2	2	2	2	2	2	2	0	2	0	2	2	2	0	2	2	0	2	2	2	2	2	2	2	2	2	2	2	2	2	2	2	2	2	0	2	2	2	2	2	2	2	2	2	2	2	2	2	2	2	2	2	0	2	2	2	0	2	2	2	2	2	2	2	2	2	2	2	2	0	2	2	2	2	2	2	2	2	2	2	2	2	2	0	2	2	2	2	2	2	2	2	0	2	2	2	2	2	2	2	2	2	2	2	2	2	2	2	0	2	2	2	2	2	2	2	2	0	2	0	2	0	2	2	2	2	2	2	2	2	2	2	2	2	2	2	2	2	2	2	2	2	2	2	2	2	2	2	2	2	2	2	2	2	2	2	2	2	2	2	2	2	2	2	2	2	2	2	2	2	2	2	2	2	2	2	2	2	2	2	2	2	2	2	2	2	2	2	2	2	2	2	2	2	2	2	2	2	2	2	2	2	2	2	2	2	2	2	2	2	2	2	2	2	2	2	2	2	>>
