Registered S3 methods overwritten by 'susieSlide':
  method              from  
  coef.susie          susieR
  predict.susie       susieR
  print.summary.susie susieR
  summary.susie       susieR
Job 557: 1/400
Job 557: 2/400
Job 557: 3/400
Job 557: 4/400
Job 557: 5/400
Job 557: 6/400
Job 557: 7/400
Job 557: 8/400
Job 557: 9/400
Job 557: 10/400
Job 557: 11/400
Job 557: 12/400
Job 557: 13/400
Job 557: 14/400
Job 557: 15/400
Job 557: 16/400
Job 557: 17/400
Job 557: 18/400
Job 557: 19/400
Job 557: 20/400
Job 557: 21/400
Job 557: 22/400
Job 557: 23/400
Job 557: 24/400
Job 557: 25/400
Job 557: 26/400
Job 557: 27/400
Job 557: 28/400
Job 557: 29/400
Job 557: 30/400
Job 557: 31/400
Job 557: 32/400
Job 557: 33/400
Job 557: 34/400
Job 557: 35/400
Job 557: 36/400
Job 557: 37/400
Job 557: 38/400
Job 557: 39/400
Job 557: 40/400
Job 557: 41/400
Job 557: 42/400
Job 557: 43/400
Job 557: 44/400
Job 557: 45/400
Job 557: 46/400
Job 557: 47/400
Job 557: 48/400
Job 557: 49/400
Job 557: 50/400
Job 557: 51/400
Job 557: 52/400
Job 557: 53/400
Job 557: 54/400
Job 557: 55/400
Job 557: 56/400
Job 557: 57/400
Job 557: 58/400
Job 557: 59/400
Job 557: 60/400
Job 557: 61/400
Job 557: 62/400
Job 557: 63/400
Job 557: 64/400
Job 557: 65/400
Job 557: 66/400
Job 557: 67/400
Job 557: 68/400
Job 557: 69/400
Job 557: 70/400
Job 557: 71/400
Job 557: 72/400
Job 557: 73/400
Job 557: 74/400
Job 557: 75/400
Job 557: 76/400
Job 557: 77/400
Job 557: 78/400
Job 557: 79/400
Job 557: 80/400
Job 557: 81/400
Job 557: 82/400
Job 557: 83/400
Job 557: 84/400
Job 557: 85/400
Job 557: 86/400
Job 557: 87/400
Job 557: 88/400
Job 557: 89/400
Job 557: 90/400
Job 557: 91/400
Job 557: 92/400
Job 557: 93/400
Job 557: 94/400
Job 557: 95/400
Job 557: 96/400
Job 557: 97/400
Job 557: 98/400
Job 557: 99/400
Job 557: 100/400
Job 557: 101/400
Job 557: 102/400
Job 557: 103/400
Job 557: 104/400
Job 557: 105/400
Job 557: 106/400
Job 557: 107/400
Job 557: 108/400
Job 557: 109/400
Job 557: 110/400
Job 557: 111/400
Job 557: 112/400
Job 557: 113/400
Job 557: 114/400
Job 557: 115/400
Job 557: 116/400
Job 557: 117/400
Job 557: 118/400
Job 557: 119/400
Job 557: 120/400
Job 557: 121/400
Job 557: 122/400
Job 557: 123/400
Job 557: 124/400
Job 557: 125/400
Job 557: 126/400
Job 557: 127/400
Job 557: 128/400
Job 557: 129/400
Job 557: 130/400
Job 557: 131/400
Job 557: 132/400
Job 557: 133/400
Job 557: 134/400
Job 557: 135/400
Job 557: 136/400
Job 557: 137/400
Job 557: 138/400
Job 557: 139/400
Job 557: 140/400
Job 557: 141/400
Job 557: 142/400
Job 557: 143/400
Job 557: 144/400
Job 557: 145/400
Job 557: 146/400
Job 557: 147/400
Job 557: 148/400
Job 557: 149/400
Job 557: 150/400
Job 557: 151/400
Job 557: 152/400
Job 557: 153/400
Job 557: 154/400
Job 557: 155/400
Job 557: 156/400
Job 557: 157/400
Job 557: 158/400
Job 557: 159/400
Job 557: 160/400
Job 557: 161/400
Job 557: 162/400
Job 557: 163/400
Job 557: 164/400
Job 557: 165/400
Job 557: 166/400
Job 557: 167/400
Job 557: 168/400
Job 557: 169/400
Job 557: 170/400
Job 557: 171/400
Job 557: 172/400
Job 557: 173/400
Job 557: 174/400
Job 557: 175/400
Job 557: 176/400
Job 557: 177/400
Job 557: 178/400
Job 557: 179/400
Job 557: 180/400
Job 557: 181/400
Job 557: 182/400
Job 557: 183/400
Job 557: 184/400
Job 557: 185/400
Job 557: 186/400
Job 557: 187/400
Job 557: 188/400
Job 557: 189/400
Job 557: 190/400
Job 557: 191/400
Job 557: 192/400
Job 557: 193/400
Job 557: 194/400
Job 557: 195/400
Job 557: 196/400
Job 557: 197/400
Job 557: 198/400
Job 557: 199/400
Job 557: 200/400
Job 557: 201/400
Job 557: 202/400
Job 557: 203/400
Job 557: 204/400
Job 557: 205/400
Job 557: 206/400
Job 557: 207/400
Job 557: 208/400
Job 557: 209/400
Job 557: 210/400
Job 557: 211/400
Job 557: 212/400
Job 557: 213/400
Job 557: 214/400
Job 557: 215/400
Job 557: 216/400
Job 557: 217/400
Job 557: 218/400
Job 557: 219/400
Job 557: 220/400
Job 557: 221/400
Job 557: 222/400
Job 557: 223/400
Job 557: 224/400
Job 557: 225/400
Job 557: 226/400
Job 557: 227/400
Job 557: 228/400
Job 557: 229/400
Job 557: 230/400
Job 557: 231/400
Job 557: 232/400
Job 557: 233/400
Job 557: 234/400
Job 557: 235/400
Job 557: 236/400
Job 557: 237/400
Job 557: 238/400
Job 557: 239/400
Job 557: 240/400
Job 557: 241/400
Job 557: 242/400
Job 557: 243/400
Job 557: 244/400
Job 557: 245/400
Job 557: 246/400
Job 557: 247/400
Job 557: 248/400
Job 557: 249/400
Job 557: 250/400
Job 557: 251/400
Job 557: 252/400
Job 557: 253/400
Job 557: 254/400
Job 557: 255/400
Job 557: 256/400
Job 557: 257/400
Job 557: 258/400
Job 557: 259/400
Job 557: 260/400
Job 557: 261/400
Job 557: 262/400
Job 557: 263/400
Job 557: 264/400
Job 557: 265/400
Job 557: 266/400
Job 557: 267/400
Job 557: 268/400
Job 557: 269/400
Job 557: 270/400
Job 557: 271/400
Job 557: 272/400
Job 557: 273/400
Job 557: 274/400
Job 557: 275/400
Job 557: 276/400
Job 557: 277/400
Job 557: 278/400
Job 557: 279/400
Job 557: 280/400
Job 557: 281/400
Job 557: 282/400
Job 557: 283/400
Job 557: 284/400
Job 557: 285/400
Job 557: 286/400
Job 557: 287/400
Job 557: 288/400
Job 557: 289/400
Job 557: 290/400
Job 557: 291/400
Job 557: 292/400
Job 557: 293/400
Job 557: 294/400
Job 557: 295/400
Job 557: 296/400
Job 557: 297/400
Job 557: 298/400
Job 557: 299/400
Job 557: 300/400
Job 557: 301/400
Job 557: 302/400
Job 557: 303/400
Job 557: 304/400
Job 557: 305/400
Job 557: 306/400
Job 557: 307/400
Job 557: 308/400
Job 557: 309/400
Job 557: 310/400
Job 557: 311/400
Job 557: 312/400
Job 557: 313/400
Job 557: 314/400
Job 557: 315/400
Job 557: 316/400
Job 557: 317/400
Job 557: 318/400
Job 557: 319/400
Job 557: 320/400
Job 557: 321/400
Job 557: 322/400
Job 557: 323/400
Job 557: 324/400
Job 557: 325/400
Job 557: 326/400
Job 557: 327/400
Job 557: 328/400
Job 557: 329/400
Job 557: 330/400
Job 557: 331/400
Job 557: 332/400
Job 557: 333/400
Job 557: 334/400
Job 557: 335/400
Job 557: 336/400
Job 557: 337/400
Job 557: 338/400
Job 557: 339/400
Job 557: 340/400
Job 557: 341/400
Job 557: 342/400
Job 557: 343/400
Job 557: 344/400
Job 557: 345/400
Job 557: 346/400
Job 557: 347/400
Job 557: 348/400
Job 557: 349/400
Job 557: 350/400
Job 557: 351/400
Job 557: 352/400
Job 557: 353/400
Job 557: 354/400
Job 557: 355/400
Job 557: 356/400
Job 557: 357/400
Job 557: 358/400
Job 557: 359/400
Job 557: 360/400
Job 557: 361/400
Job 557: 362/400
Job 557: 363/400
Job 557: 364/400
Job 557: 365/400
Job 557: 366/400
Job 557: 367/400
Job 557: 368/400
Job 557: 369/400
Job 557: 370/400
Job 557: 371/400
Job 557: 372/400
Job 557: 373/400
Job 557: 374/400
Job 557: 375/400
Job 557: 376/400
Job 557: 377/400
Job 557: 378/400
Job 557: 379/400
Job 557: 380/400
Job 557: 381/400
Job 557: 382/400
Job 557: 383/400
Job 557: 384/400
Job 557: 385/400
Job 557: 386/400
Job 557: 387/400
Job 557: 388/400
Job 557: 389/400
Job 557: 390/400
Job 557: 391/400
Job 557: 392/400
Job 557: 393/400
Job 557: 394/400
Job 557: 395/400
Job 557: 396/400
Job 557: 397/400
Job 557: 398/400
Job 557: 399/400
Job 557: 400/400
