Registered S3 methods overwritten by 'susieSlide':
  method              from  
  coef.susie          susieR
  predict.susie       susieR
  print.summary.susie susieR
  summary.susie       susieR
Job 9: 1/400
Job 9: 2/400
Job 9: 3/400
Job 9: 4/400
Job 9: 5/400
Job 9: 6/400
Job 9: 7/400
Job 9: 8/400
Job 9: 9/400
Job 9: 10/400
Job 9: 11/400
Job 9: 12/400
Job 9: 13/400
Job 9: 14/400
Job 9: 15/400
Job 9: 16/400
Job 9: 17/400
Job 9: 18/400
Job 9: 19/400
Job 9: 20/400
Job 9: 21/400
Job 9: 22/400
Job 9: 23/400
Job 9: 24/400
Job 9: 25/400
Job 9: 26/400
Job 9: 27/400
Job 9: 28/400
Job 9: 29/400
Job 9: 30/400
Job 9: 31/400
Job 9: 32/400
Job 9: 33/400
Job 9: 34/400
Job 9: 35/400
Job 9: 36/400
Job 9: 37/400
Job 9: 38/400
Job 9: 39/400
Job 9: 40/400
Job 9: 41/400
Job 9: 42/400
Job 9: 43/400
Job 9: 44/400
Job 9: 45/400
Job 9: 46/400
Job 9: 47/400
Job 9: 48/400
Job 9: 49/400
Job 9: 50/400
Job 9: 51/400
Job 9: 52/400
Job 9: 53/400
Job 9: 54/400
Job 9: 55/400
Job 9: 56/400
Job 9: 57/400
Job 9: 58/400
Job 9: 59/400
Job 9: 60/400
Job 9: 61/400
Job 9: 62/400
Job 9: 63/400
Job 9: 64/400
Job 9: 65/400
Job 9: 66/400
Job 9: 67/400
Job 9: 68/400
Job 9: 69/400
Job 9: 70/400
Job 9: 71/400
Job 9: 72/400
Job 9: 73/400
Job 9: 74/400
Job 9: 75/400
Job 9: 76/400
Job 9: 77/400
Job 9: 78/400
Job 9: 79/400
Job 9: 80/400
Job 9: 81/400
Job 9: 82/400
Job 9: 83/400
Job 9: 84/400
Job 9: 85/400
Job 9: 86/400
Job 9: 87/400
Job 9: 88/400
Job 9: 89/400
Job 9: 90/400
Job 9: 91/400
Job 9: 92/400
Job 9: 93/400
Job 9: 94/400
Job 9: 95/400
Job 9: 96/400
Job 9: 97/400
Job 9: 98/400
Job 9: 99/400
Job 9: 100/400
Job 9: 101/400
Job 9: 102/400
Job 9: 103/400
Job 9: 104/400
Job 9: 105/400
Job 9: 106/400
Job 9: 107/400
Job 9: 108/400
Job 9: 109/400
Job 9: 110/400
Job 9: 111/400
Job 9: 112/400
Job 9: 113/400
Job 9: 114/400
Job 9: 115/400
Job 9: 116/400
Job 9: 117/400
Job 9: 118/400
Job 9: 119/400
Job 9: 120/400
Job 9: 121/400
Job 9: 122/400
Job 9: 123/400
Job 9: 124/400
Job 9: 125/400
Job 9: 126/400
Job 9: 127/400
Job 9: 128/400
Job 9: 129/400
Job 9: 130/400
Job 9: 131/400
Job 9: 132/400
Job 9: 133/400
Job 9: 134/400
Job 9: 135/400
Job 9: 136/400
Job 9: 137/400
Job 9: 138/400
Job 9: 139/400
Job 9: 140/400
Job 9: 141/400
Job 9: 142/400
Job 9: 143/400
Job 9: 144/400
Job 9: 145/400
Job 9: 146/400
Job 9: 147/400
Job 9: 148/400
Job 9: 149/400
Job 9: 150/400
Job 9: 151/400
Job 9: 152/400
Job 9: 153/400
Job 9: 154/400
Job 9: 155/400
Job 9: 156/400
Job 9: 157/400
Job 9: 158/400
Job 9: 159/400
Job 9: 160/400
Job 9: 161/400
Job 9: 162/400
Job 9: 163/400
Job 9: 164/400
Job 9: 165/400
Job 9: 166/400
Job 9: 167/400
Job 9: 168/400
Job 9: 169/400
Job 9: 170/400
Job 9: 171/400
Job 9: 172/400
Job 9: 173/400
Job 9: 174/400
Job 9: 175/400
Job 9: 176/400
Job 9: 177/400
Job 9: 178/400
Job 9: 179/400
Job 9: 180/400
Job 9: 181/400
Job 9: 182/400
Job 9: 183/400
Job 9: 184/400
Job 9: 185/400
Job 9: 186/400
Job 9: 187/400
Job 9: 188/400
Job 9: 189/400
Job 9: 190/400
Job 9: 191/400
Job 9: 192/400
Job 9: 193/400
Job 9: 194/400
Job 9: 195/400
Job 9: 196/400
Job 9: 197/400
Job 9: 198/400
Job 9: 199/400
Job 9: 200/400
Job 9: 201/400
Job 9: 202/400
Job 9: 203/400
Job 9: 204/400
Job 9: 205/400
Job 9: 206/400
Job 9: 207/400
Job 9: 208/400
Job 9: 209/400
Job 9: 210/400
Job 9: 211/400
Job 9: 212/400
Job 9: 213/400
Job 9: 214/400
Job 9: 215/400
Job 9: 216/400
Job 9: 217/400
Job 9: 218/400
Job 9: 219/400
Job 9: 220/400
Job 9: 221/400
Job 9: 222/400
Job 9: 223/400
Job 9: 224/400
Job 9: 225/400
Job 9: 226/400
Job 9: 227/400
Job 9: 228/400
Job 9: 229/400
Job 9: 230/400
Job 9: 231/400
Job 9: 232/400
Job 9: 233/400
Job 9: 234/400
Job 9: 235/400
Job 9: 236/400
Job 9: 237/400
Job 9: 238/400
Job 9: 239/400
Job 9: 240/400
Job 9: 241/400
Job 9: 242/400
Job 9: 243/400
Job 9: 244/400
Job 9: 245/400
Job 9: 246/400
Job 9: 247/400
Job 9: 248/400
Job 9: 249/400
Job 9: 250/400
Job 9: 251/400
Job 9: 252/400
Job 9: 253/400
Job 9: 254/400
Job 9: 255/400
Job 9: 256/400
Job 9: 257/400
Job 9: 258/400
Job 9: 259/400
Job 9: 260/400
Job 9: 261/400
Job 9: 262/400
Job 9: 263/400
Job 9: 264/400
Job 9: 265/400
Job 9: 266/400
Job 9: 267/400
Job 9: 268/400
Job 9: 269/400
Job 9: 270/400
Job 9: 271/400
Job 9: 272/400
Job 9: 273/400
Job 9: 274/400
Job 9: 275/400
Job 9: 276/400
Job 9: 277/400
Job 9: 278/400
Job 9: 279/400
Job 9: 280/400
Job 9: 281/400
Job 9: 282/400
Job 9: 283/400
Job 9: 284/400
Job 9: 285/400
Job 9: 286/400
Job 9: 287/400
Job 9: 288/400
Job 9: 289/400
Job 9: 290/400
Job 9: 291/400
Job 9: 292/400
Job 9: 293/400
Job 9: 294/400
Job 9: 295/400
Job 9: 296/400
Job 9: 297/400
Job 9: 298/400
Job 9: 299/400
Job 9: 300/400
Job 9: 301/400
Job 9: 302/400
Job 9: 303/400
Job 9: 304/400
Job 9: 305/400
Job 9: 306/400
Job 9: 307/400
Job 9: 308/400
Job 9: 309/400
Job 9: 310/400
Job 9: 311/400
Job 9: 312/400
Job 9: 313/400
Job 9: 314/400
Job 9: 315/400
Job 9: 316/400
Job 9: 317/400
Job 9: 318/400
Job 9: 319/400
Job 9: 320/400
Job 9: 321/400
Job 9: 322/400
Job 9: 323/400
Job 9: 324/400
Job 9: 325/400
Job 9: 326/400
Job 9: 327/400
Job 9: 328/400
Job 9: 329/400
Job 9: 330/400
Job 9: 331/400
Job 9: 332/400
Job 9: 333/400
Job 9: 334/400
Job 9: 335/400
Job 9: 336/400
Job 9: 337/400
Job 9: 338/400
Job 9: 339/400
Job 9: 340/400
Job 9: 341/400
Job 9: 342/400
Job 9: 343/400
Job 9: 344/400
Job 9: 345/400
Job 9: 346/400
Job 9: 347/400
Job 9: 348/400
Job 9: 349/400
Job 9: 350/400
Job 9: 351/400
Job 9: 352/400
Job 9: 353/400
Job 9: 354/400
Job 9: 355/400
Job 9: 356/400
Job 9: 357/400
Job 9: 358/400
Job 9: 359/400
Job 9: 360/400
Job 9: 361/400
Job 9: 362/400
Job 9: 363/400
Job 9: 364/400
Job 9: 365/400
Job 9: 366/400
Job 9: 367/400
Job 9: 368/400
Job 9: 369/400
Job 9: 370/400
Job 9: 371/400
Job 9: 372/400
Job 9: 373/400
Job 9: 374/400
Job 9: 375/400
Job 9: 376/400
Job 9: 377/400
Job 9: 378/400
Job 9: 379/400
Job 9: 380/400
Job 9: 381/400
Job 9: 382/400
Job 9: 383/400
Job 9: 384/400
Job 9: 385/400
Job 9: 386/400
Job 9: 387/400
Job 9: 388/400
Job 9: 389/400
Job 9: 390/400
Job 9: 391/400
Job 9: 392/400
Job 9: 393/400
Job 9: 394/400
Job 9: 395/400
Job 9: 396/400
Job 9: 397/400
Job 9: 398/400
Job 9: 399/400
Job 9: 400/400
