Registered S3 methods overwritten by 'susieSlide':
  method              from  
  coef.susie          susieR
  predict.susie       susieR
  print.summary.susie susieR
  summary.susie       susieR
Job 314: 1/400
Job 314: 2/400
Job 314: 3/400
Job 314: 4/400
Job 314: 5/400
Job 314: 6/400
Job 314: 7/400
Job 314: 8/400
Job 314: 9/400
Job 314: 10/400
Job 314: 11/400
Job 314: 12/400
Job 314: 13/400
Job 314: 14/400
Job 314: 15/400
Job 314: 16/400
Job 314: 17/400
Job 314: 18/400
Job 314: 19/400
Job 314: 20/400
Job 314: 21/400
Job 314: 22/400
Job 314: 23/400
Job 314: 24/400
Job 314: 25/400
Job 314: 26/400
Job 314: 27/400
Job 314: 28/400
Job 314: 29/400
Job 314: 30/400
Job 314: 31/400
Job 314: 32/400
Job 314: 33/400
Job 314: 34/400
Job 314: 35/400
Job 314: 36/400
Job 314: 37/400
Job 314: 38/400
Job 314: 39/400
Job 314: 40/400
Job 314: 41/400
Job 314: 42/400
Job 314: 43/400
Job 314: 44/400
Job 314: 45/400
Job 314: 46/400
Job 314: 47/400
Job 314: 48/400
Job 314: 49/400
Job 314: 50/400
Job 314: 51/400
Job 314: 52/400
Job 314: 53/400
Job 314: 54/400
Job 314: 55/400
Job 314: 56/400
Job 314: 57/400
Job 314: 58/400
Job 314: 59/400
Job 314: 60/400
Job 314: 61/400
Job 314: 62/400
Job 314: 63/400
Job 314: 64/400
Job 314: 65/400
Job 314: 66/400
Job 314: 67/400
Job 314: 68/400
Job 314: 69/400
Job 314: 70/400
Job 314: 71/400
Job 314: 72/400
Job 314: 73/400
Job 314: 74/400
Job 314: 75/400
Job 314: 76/400
Job 314: 77/400
Job 314: 78/400
Job 314: 79/400
Job 314: 80/400
Job 314: 81/400
Job 314: 82/400
Job 314: 83/400
Job 314: 84/400
Job 314: 85/400
Job 314: 86/400
Job 314: 87/400
Job 314: 88/400
Job 314: 89/400
Job 314: 90/400
Job 314: 91/400
Job 314: 92/400
Job 314: 93/400
Job 314: 94/400
Job 314: 95/400
Job 314: 96/400
Job 314: 97/400
Job 314: 98/400
Job 314: 99/400
Job 314: 100/400
Job 314: 101/400
Job 314: 102/400
Job 314: 103/400
Job 314: 104/400
Job 314: 105/400
Job 314: 106/400
Job 314: 107/400
Job 314: 108/400
Job 314: 109/400
Job 314: 110/400
Job 314: 111/400
Job 314: 112/400
Job 314: 113/400
Job 314: 114/400
Job 314: 115/400
Job 314: 116/400
Job 314: 117/400
Job 314: 118/400
Job 314: 119/400
Job 314: 120/400
Job 314: 121/400
Job 314: 122/400
Job 314: 123/400
Job 314: 124/400
Job 314: 125/400
Job 314: 126/400
Job 314: 127/400
Job 314: 128/400
Job 314: 129/400
Job 314: 130/400
Job 314: 131/400
Job 314: 132/400
Job 314: 133/400
Job 314: 134/400
Job 314: 135/400
Job 314: 136/400
Job 314: 137/400
Job 314: 138/400
Job 314: 139/400
Job 314: 140/400
Job 314: 141/400
Job 314: 142/400
Job 314: 143/400
Job 314: 144/400
Job 314: 145/400
Job 314: 146/400
Job 314: 147/400
Job 314: 148/400
Job 314: 149/400
Job 314: 150/400
Job 314: 151/400
Job 314: 152/400
Job 314: 153/400
Job 314: 154/400
Job 314: 155/400
Job 314: 156/400
Job 314: 157/400
Job 314: 158/400
Job 314: 159/400
Job 314: 160/400
Job 314: 161/400
Job 314: 162/400
Job 314: 163/400
Job 314: 164/400
Job 314: 165/400
Job 314: 166/400
Job 314: 167/400
Job 314: 168/400
Job 314: 169/400
Job 314: 170/400
Job 314: 171/400
Job 314: 172/400
Job 314: 173/400
Job 314: 174/400
Job 314: 175/400
Job 314: 176/400
Job 314: 177/400
Job 314: 178/400
Job 314: 179/400
Job 314: 180/400
Job 314: 181/400
Job 314: 182/400
Job 314: 183/400
Job 314: 184/400
Job 314: 185/400
Job 314: 186/400
Job 314: 187/400
Job 314: 188/400
Job 314: 189/400
Job 314: 190/400
Job 314: 191/400
Job 314: 192/400
Job 314: 193/400
Job 314: 194/400
Job 314: 195/400
Job 314: 196/400
Job 314: 197/400
Job 314: 198/400
Job 314: 199/400
Job 314: 200/400
Job 314: 201/400
Job 314: 202/400
Job 314: 203/400
Job 314: 204/400
Job 314: 205/400
Job 314: 206/400
Job 314: 207/400
Job 314: 208/400
Job 314: 209/400
Job 314: 210/400
Job 314: 211/400
Job 314: 212/400
Job 314: 213/400
Job 314: 214/400
Job 314: 215/400
Job 314: 216/400
Job 314: 217/400
Job 314: 218/400
Job 314: 219/400
Job 314: 220/400
Job 314: 221/400
Job 314: 222/400
Job 314: 223/400
Job 314: 224/400
Job 314: 225/400
Job 314: 226/400
Job 314: 227/400
Job 314: 228/400
Job 314: 229/400
Job 314: 230/400
Job 314: 231/400
Job 314: 232/400
Job 314: 233/400
Job 314: 234/400
Job 314: 235/400
Job 314: 236/400
Job 314: 237/400
Job 314: 238/400
Job 314: 239/400
Job 314: 240/400
Job 314: 241/400
Job 314: 242/400
Job 314: 243/400
Job 314: 244/400
Job 314: 245/400
Job 314: 246/400
Job 314: 247/400
Job 314: 248/400
Job 314: 249/400
Job 314: 250/400
Job 314: 251/400
Job 314: 252/400
Job 314: 253/400
Job 314: 254/400
Job 314: 255/400
Job 314: 256/400
Job 314: 257/400
Job 314: 258/400
Job 314: 259/400
Job 314: 260/400
Job 314: 261/400
Job 314: 262/400
Job 314: 263/400
Job 314: 264/400
Job 314: 265/400
Job 314: 266/400
Job 314: 267/400
Job 314: 268/400
Job 314: 269/400
Job 314: 270/400
Job 314: 271/400
Job 314: 272/400
Job 314: 273/400
Job 314: 274/400
Job 314: 275/400
Job 314: 276/400
Job 314: 277/400
Job 314: 278/400
Job 314: 279/400
Job 314: 280/400
Job 314: 281/400
Job 314: 282/400
Job 314: 283/400
Job 314: 284/400
Job 314: 285/400
Job 314: 286/400
Job 314: 287/400
Job 314: 288/400
Job 314: 289/400
Job 314: 290/400
Job 314: 291/400
Job 314: 292/400
Job 314: 293/400
Job 314: 294/400
Job 314: 295/400
Job 314: 296/400
Job 314: 297/400
Job 314: 298/400
Job 314: 299/400
Job 314: 300/400
Job 314: 301/400
Job 314: 302/400
Job 314: 303/400
Job 314: 304/400
Job 314: 305/400
Job 314: 306/400
Job 314: 307/400
Job 314: 308/400
Job 314: 309/400
Job 314: 310/400
Job 314: 311/400
Job 314: 312/400
Job 314: 313/400
Job 314: 314/400
Job 314: 315/400
Job 314: 316/400
Job 314: 317/400
Job 314: 318/400
Job 314: 319/400
Job 314: 320/400
Job 314: 321/400
Job 314: 322/400
Job 314: 323/400
Job 314: 324/400
Job 314: 325/400
Job 314: 326/400
Job 314: 327/400
Job 314: 328/400
Job 314: 329/400
Job 314: 330/400
Job 314: 331/400
Job 314: 332/400
Job 314: 333/400
Job 314: 334/400
Job 314: 335/400
Job 314: 336/400
Job 314: 337/400
Job 314: 338/400
Job 314: 339/400
Job 314: 340/400
Job 314: 341/400
Job 314: 342/400
Job 314: 343/400
Job 314: 344/400
Job 314: 345/400
Job 314: 346/400
Job 314: 347/400
Job 314: 348/400
Job 314: 349/400
Job 314: 350/400
Job 314: 351/400
Job 314: 352/400
Job 314: 353/400
Job 314: 354/400
Job 314: 355/400
Job 314: 356/400
Job 314: 357/400
Job 314: 358/400
Job 314: 359/400
Job 314: 360/400
Job 314: 361/400
Job 314: 362/400
Job 314: 363/400
Job 314: 364/400
Job 314: 365/400
Job 314: 366/400
Job 314: 367/400
Job 314: 368/400
Job 314: 369/400
Job 314: 370/400
Job 314: 371/400
Job 314: 372/400
Job 314: 373/400
Job 314: 374/400
Job 314: 375/400
Job 314: 376/400
Job 314: 377/400
Job 314: 378/400
Job 314: 379/400
Job 314: 380/400
Job 314: 381/400
Job 314: 382/400
Job 314: 383/400
Job 314: 384/400
Job 314: 385/400
Job 314: 386/400
Job 314: 387/400
Job 314: 388/400
Job 314: 389/400
Job 314: 390/400
Job 314: 391/400
Job 314: 392/400
Job 314: 393/400
Job 314: 394/400
Job 314: 395/400
Job 314: 396/400
Job 314: 397/400
Job 314: 398/400
Job 314: 399/400
Job 314: 400/400
