Registered S3 methods overwritten by 'susieSlide':
  method              from  
  coef.susie          susieR
  predict.susie       susieR
  print.summary.susie susieR
  summary.susie       susieR
Job 232: 1/400
Job 232: 2/400
Job 232: 3/400
Job 232: 4/400
Job 232: 5/400
Job 232: 6/400
Job 232: 7/400
Job 232: 8/400
Job 232: 9/400
Job 232: 10/400
Job 232: 11/400
Job 232: 12/400
Job 232: 13/400
Job 232: 14/400
Job 232: 15/400
Job 232: 16/400
Job 232: 17/400
Job 232: 18/400
Job 232: 19/400
Job 232: 20/400
Job 232: 21/400
Job 232: 22/400
Job 232: 23/400
Job 232: 24/400
Job 232: 25/400
Job 232: 26/400
Job 232: 27/400
Job 232: 28/400
Job 232: 29/400
Job 232: 30/400
Job 232: 31/400
Job 232: 32/400
Job 232: 33/400
Job 232: 34/400
Job 232: 35/400
Job 232: 36/400
Job 232: 37/400
Job 232: 38/400
Job 232: 39/400
Job 232: 40/400
Job 232: 41/400
Job 232: 42/400
Job 232: 43/400
Job 232: 44/400
Job 232: 45/400
Job 232: 46/400
Job 232: 47/400
Job 232: 48/400
Job 232: 49/400
Job 232: 50/400
Job 232: 51/400
Job 232: 52/400
Job 232: 53/400
Job 232: 54/400
Job 232: 55/400
Job 232: 56/400
Job 232: 57/400
Job 232: 58/400
Job 232: 59/400
Job 232: 60/400
Job 232: 61/400
Job 232: 62/400
Job 232: 63/400
Job 232: 64/400
Job 232: 65/400
Job 232: 66/400
Job 232: 67/400
Job 232: 68/400
Job 232: 69/400
Job 232: 70/400
Job 232: 71/400
Job 232: 72/400
Job 232: 73/400
Job 232: 74/400
Job 232: 75/400
Job 232: 76/400
Job 232: 77/400
Job 232: 78/400
Job 232: 79/400
Job 232: 80/400
Job 232: 81/400
Job 232: 82/400
Job 232: 83/400
Job 232: 84/400
Job 232: 85/400
Job 232: 86/400
Job 232: 87/400
Job 232: 88/400
Job 232: 89/400
Job 232: 90/400
Job 232: 91/400
Job 232: 92/400
Job 232: 93/400
Job 232: 94/400
Job 232: 95/400
Job 232: 96/400
Job 232: 97/400
Job 232: 98/400
Job 232: 99/400
Job 232: 100/400
Job 232: 101/400
Job 232: 102/400
Job 232: 103/400
Job 232: 104/400
Job 232: 105/400
Job 232: 106/400
Job 232: 107/400
Job 232: 108/400
Job 232: 109/400
Job 232: 110/400
Job 232: 111/400
Job 232: 112/400
Job 232: 113/400
Job 232: 114/400
Job 232: 115/400
Job 232: 116/400
Job 232: 117/400
Job 232: 118/400
Job 232: 119/400
Job 232: 120/400
Job 232: 121/400
Job 232: 122/400
Job 232: 123/400
Job 232: 124/400
Job 232: 125/400
Job 232: 126/400
Job 232: 127/400
Job 232: 128/400
Job 232: 129/400
Job 232: 130/400
Job 232: 131/400
Job 232: 132/400
Job 232: 133/400
Job 232: 134/400
Job 232: 135/400
Job 232: 136/400
Job 232: 137/400
Job 232: 138/400
Job 232: 139/400
Job 232: 140/400
Job 232: 141/400
Job 232: 142/400
Job 232: 143/400
Job 232: 144/400
Job 232: 145/400
Job 232: 146/400
Job 232: 147/400
Job 232: 148/400
Job 232: 149/400
Job 232: 150/400
Job 232: 151/400
Job 232: 152/400
Job 232: 153/400
Job 232: 154/400
Job 232: 155/400
Job 232: 156/400
Job 232: 157/400
Job 232: 158/400
Job 232: 159/400
Job 232: 160/400
Job 232: 161/400
Job 232: 162/400
Job 232: 163/400
Job 232: 164/400
Job 232: 165/400
Job 232: 166/400
Job 232: 167/400
Job 232: 168/400
Job 232: 169/400
Job 232: 170/400
Job 232: 171/400
Job 232: 172/400
Job 232: 173/400
Job 232: 174/400
Job 232: 175/400
Job 232: 176/400
Job 232: 177/400
Job 232: 178/400
Job 232: 179/400
Job 232: 180/400
Job 232: 181/400
Job 232: 182/400
Job 232: 183/400
Job 232: 184/400
Job 232: 185/400
Job 232: 186/400
Job 232: 187/400
Job 232: 188/400
Job 232: 189/400
Job 232: 190/400
Job 232: 191/400
Job 232: 192/400
Job 232: 193/400
Job 232: 194/400
Job 232: 195/400
Job 232: 196/400
Job 232: 197/400
Job 232: 198/400
Job 232: 199/400
Job 232: 200/400
Job 232: 201/400
Job 232: 202/400
Job 232: 203/400
Job 232: 204/400
Job 232: 205/400
Job 232: 206/400
Job 232: 207/400
Job 232: 208/400
Job 232: 209/400
Job 232: 210/400
Job 232: 211/400
Job 232: 212/400
Job 232: 213/400
Job 232: 214/400
Job 232: 215/400
Job 232: 216/400
Job 232: 217/400
Job 232: 218/400
Job 232: 219/400
Job 232: 220/400
Job 232: 221/400
Job 232: 222/400
Job 232: 223/400
Job 232: 224/400
Job 232: 225/400
Job 232: 226/400
Job 232: 227/400
Job 232: 228/400
Job 232: 229/400
Job 232: 230/400
Job 232: 231/400
Job 232: 232/400
Job 232: 233/400
Job 232: 234/400
Job 232: 235/400
Job 232: 236/400
Job 232: 237/400
Job 232: 238/400
Job 232: 239/400
Job 232: 240/400
Job 232: 241/400
Job 232: 242/400
Job 232: 243/400
Job 232: 244/400
Job 232: 245/400
Job 232: 246/400
Job 232: 247/400
Job 232: 248/400
Job 232: 249/400
Job 232: 250/400
Job 232: 251/400
Job 232: 252/400
Job 232: 253/400
Job 232: 254/400
Job 232: 255/400
Job 232: 256/400
Job 232: 257/400
Job 232: 258/400
Job 232: 259/400
Job 232: 260/400
Job 232: 261/400
Job 232: 262/400
Job 232: 263/400
Job 232: 264/400
Job 232: 265/400
Job 232: 266/400
Job 232: 267/400
Job 232: 268/400
Job 232: 269/400
Job 232: 270/400
Job 232: 271/400
Job 232: 272/400
Job 232: 273/400
Job 232: 274/400
Job 232: 275/400
Job 232: 276/400
Job 232: 277/400
Job 232: 278/400
Job 232: 279/400
Job 232: 280/400
Job 232: 281/400
Job 232: 282/400
Job 232: 283/400
Job 232: 284/400
Job 232: 285/400
Job 232: 286/400
Job 232: 287/400
Job 232: 288/400
Job 232: 289/400
Job 232: 290/400
Job 232: 291/400
Job 232: 292/400
Job 232: 293/400
Job 232: 294/400
Job 232: 295/400
Job 232: 296/400
Job 232: 297/400
Job 232: 298/400
Job 232: 299/400
Job 232: 300/400
Job 232: 301/400
Job 232: 302/400
Job 232: 303/400
Job 232: 304/400
Job 232: 305/400
Job 232: 306/400
Job 232: 307/400
Job 232: 308/400
Job 232: 309/400
Job 232: 310/400
Job 232: 311/400
Job 232: 312/400
Job 232: 313/400
Job 232: 314/400
Job 232: 315/400
Job 232: 316/400
Job 232: 317/400
Job 232: 318/400
Job 232: 319/400
Job 232: 320/400
Job 232: 321/400
Job 232: 322/400
Job 232: 323/400
Job 232: 324/400
Job 232: 325/400
Job 232: 326/400
Job 232: 327/400
Job 232: 328/400
Job 232: 329/400
Job 232: 330/400
Job 232: 331/400
Job 232: 332/400
Job 232: 333/400
Job 232: 334/400
Job 232: 335/400
Job 232: 336/400
Job 232: 337/400
Job 232: 338/400
Job 232: 339/400
Job 232: 340/400
Job 232: 341/400
Job 232: 342/400
Job 232: 343/400
Job 232: 344/400
Job 232: 345/400
Job 232: 346/400
Job 232: 347/400
Job 232: 348/400
Job 232: 349/400
Job 232: 350/400
Job 232: 351/400
Job 232: 352/400
Job 232: 353/400
Job 232: 354/400
Job 232: 355/400
Job 232: 356/400
Job 232: 357/400
Job 232: 358/400
Job 232: 359/400
Job 232: 360/400
Job 232: 361/400
Job 232: 362/400
Job 232: 363/400
Job 232: 364/400
Job 232: 365/400
Job 232: 366/400
Job 232: 367/400
Job 232: 368/400
Job 232: 369/400
Job 232: 370/400
Job 232: 371/400
Job 232: 372/400
Job 232: 373/400
Job 232: 374/400
Job 232: 375/400
Job 232: 376/400
Job 232: 377/400
Job 232: 378/400
Job 232: 379/400
Job 232: 380/400
Job 232: 381/400
Job 232: 382/400
Job 232: 383/400
Job 232: 384/400
Job 232: 385/400
Job 232: 386/400
Job 232: 387/400
Job 232: 388/400
Job 232: 389/400
Job 232: 390/400
Job 232: 391/400
Job 232: 392/400
Job 232: 393/400
Job 232: 394/400
Job 232: 395/400
Job 232: 396/400
Job 232: 397/400
Job 232: 398/400
Job 232: 399/400
Job 232: 400/400
