Registered S3 methods overwritten by 'susieSlide':
  method              from  
  coef.susie          susieR
  predict.susie       susieR
  print.summary.susie susieR
  summary.susie       susieR
Job 448: 1/400
Job 448: 2/400
Job 448: 3/400
Job 448: 4/400
Job 448: 5/400
Job 448: 6/400
Job 448: 7/400
Job 448: 8/400
Job 448: 9/400
Job 448: 10/400
Job 448: 11/400
Job 448: 12/400
Job 448: 13/400
Job 448: 14/400
Job 448: 15/400
Job 448: 16/400
Job 448: 17/400
Job 448: 18/400
Job 448: 19/400
Job 448: 20/400
Job 448: 21/400
Job 448: 22/400
Job 448: 23/400
Job 448: 24/400
Job 448: 25/400
Job 448: 26/400
Job 448: 27/400
Job 448: 28/400
Job 448: 29/400
Job 448: 30/400
Job 448: 31/400
Job 448: 32/400
Job 448: 33/400
Job 448: 34/400
Job 448: 35/400
Job 448: 36/400
Job 448: 37/400
Job 448: 38/400
Job 448: 39/400
Job 448: 40/400
Job 448: 41/400
Job 448: 42/400
Job 448: 43/400
Job 448: 44/400
Job 448: 45/400
Job 448: 46/400
Job 448: 47/400
Job 448: 48/400
Job 448: 49/400
Job 448: 50/400
Job 448: 51/400
Job 448: 52/400
Job 448: 53/400
Job 448: 54/400
Job 448: 55/400
Job 448: 56/400
Job 448: 57/400
Job 448: 58/400
Job 448: 59/400
Job 448: 60/400
Job 448: 61/400
Job 448: 62/400
Job 448: 63/400
Job 448: 64/400
Job 448: 65/400
Job 448: 66/400
Job 448: 67/400
Job 448: 68/400
Job 448: 69/400
Job 448: 70/400
Job 448: 71/400
Job 448: 72/400
Job 448: 73/400
Job 448: 74/400
Job 448: 75/400
Job 448: 76/400
Job 448: 77/400
Job 448: 78/400
Job 448: 79/400
Job 448: 80/400
Job 448: 81/400
Job 448: 82/400
Job 448: 83/400
Job 448: 84/400
Job 448: 85/400
Job 448: 86/400
Job 448: 87/400
Job 448: 88/400
Job 448: 89/400
Job 448: 90/400
Job 448: 91/400
Job 448: 92/400
Job 448: 93/400
Job 448: 94/400
Job 448: 95/400
Job 448: 96/400
Job 448: 97/400
Job 448: 98/400
Job 448: 99/400
Job 448: 100/400
Job 448: 101/400
Job 448: 102/400
Job 448: 103/400
Job 448: 104/400
Job 448: 105/400
Job 448: 106/400
Job 448: 107/400
Job 448: 108/400
Job 448: 109/400
Job 448: 110/400
Job 448: 111/400
Job 448: 112/400
Job 448: 113/400
Job 448: 114/400
Job 448: 115/400
Job 448: 116/400
Job 448: 117/400
Job 448: 118/400
Job 448: 119/400
Job 448: 120/400
Job 448: 121/400
Job 448: 122/400
Job 448: 123/400
Job 448: 124/400
Job 448: 125/400
Job 448: 126/400
Job 448: 127/400
Job 448: 128/400
Job 448: 129/400
Job 448: 130/400
Job 448: 131/400
Job 448: 132/400
Job 448: 133/400
Job 448: 134/400
Job 448: 135/400
Job 448: 136/400
Job 448: 137/400
Job 448: 138/400
Job 448: 139/400
Job 448: 140/400
Job 448: 141/400
Job 448: 142/400
Job 448: 143/400
Job 448: 144/400
Job 448: 145/400
Job 448: 146/400
Job 448: 147/400
Job 448: 148/400
Job 448: 149/400
Job 448: 150/400
Job 448: 151/400
Job 448: 152/400
Job 448: 153/400
Job 448: 154/400
Job 448: 155/400
Job 448: 156/400
Job 448: 157/400
Job 448: 158/400
Job 448: 159/400
Job 448: 160/400
Job 448: 161/400
Job 448: 162/400
Job 448: 163/400
Job 448: 164/400
Job 448: 165/400
Job 448: 166/400
Job 448: 167/400
Job 448: 168/400
Job 448: 169/400
Job 448: 170/400
Job 448: 171/400
Job 448: 172/400
Job 448: 173/400
Job 448: 174/400
Job 448: 175/400
Job 448: 176/400
Job 448: 177/400
Job 448: 178/400
Job 448: 179/400
Job 448: 180/400
Job 448: 181/400
Job 448: 182/400
Job 448: 183/400
Job 448: 184/400
Job 448: 185/400
Job 448: 186/400
Job 448: 187/400
Job 448: 188/400
Job 448: 189/400
Job 448: 190/400
Job 448: 191/400
Job 448: 192/400
Job 448: 193/400
Job 448: 194/400
Job 448: 195/400
Job 448: 196/400
Job 448: 197/400
Job 448: 198/400
Job 448: 199/400
Job 448: 200/400
Job 448: 201/400
Job 448: 202/400
Job 448: 203/400
Job 448: 204/400
Job 448: 205/400
Job 448: 206/400
Job 448: 207/400
Job 448: 208/400
Job 448: 209/400
Job 448: 210/400
Job 448: 211/400
Job 448: 212/400
Job 448: 213/400
Job 448: 214/400
Job 448: 215/400
Job 448: 216/400
Job 448: 217/400
Job 448: 218/400
Job 448: 219/400
Job 448: 220/400
Job 448: 221/400
Job 448: 222/400
Job 448: 223/400
Job 448: 224/400
Job 448: 225/400
Job 448: 226/400
Job 448: 227/400
Job 448: 228/400
Job 448: 229/400
Job 448: 230/400
Job 448: 231/400
Job 448: 232/400
Job 448: 233/400
Job 448: 234/400
Job 448: 235/400
Job 448: 236/400
Job 448: 237/400
Job 448: 238/400
Job 448: 239/400
Job 448: 240/400
Job 448: 241/400
Job 448: 242/400
Job 448: 243/400
Job 448: 244/400
Job 448: 245/400
Job 448: 246/400
Job 448: 247/400
Job 448: 248/400
Job 448: 249/400
Job 448: 250/400
Job 448: 251/400
Job 448: 252/400
Job 448: 253/400
Job 448: 254/400
Job 448: 255/400
Job 448: 256/400
Job 448: 257/400
Job 448: 258/400
Job 448: 259/400
Job 448: 260/400
Job 448: 261/400
Job 448: 262/400
Job 448: 263/400
Job 448: 264/400
Job 448: 265/400
Job 448: 266/400
Job 448: 267/400
Job 448: 268/400
Job 448: 269/400
Job 448: 270/400
Job 448: 271/400
Job 448: 272/400
Job 448: 273/400
Job 448: 274/400
Job 448: 275/400
Job 448: 276/400
Job 448: 277/400
Job 448: 278/400
Job 448: 279/400
Job 448: 280/400
Job 448: 281/400
Job 448: 282/400
Job 448: 283/400
Job 448: 284/400
Job 448: 285/400
Job 448: 286/400
Job 448: 287/400
Job 448: 288/400
Job 448: 289/400
Job 448: 290/400
Job 448: 291/400
Job 448: 292/400
Job 448: 293/400
Job 448: 294/400
Job 448: 295/400
Job 448: 296/400
Job 448: 297/400
Job 448: 298/400
Job 448: 299/400
Job 448: 300/400
Job 448: 301/400
Job 448: 302/400
Job 448: 303/400
Job 448: 304/400
Job 448: 305/400
Job 448: 306/400
Job 448: 307/400
Job 448: 308/400
Job 448: 309/400
Job 448: 310/400
Job 448: 311/400
Job 448: 312/400
Job 448: 313/400
Job 448: 314/400
Job 448: 315/400
Job 448: 316/400
Job 448: 317/400
Job 448: 318/400
Job 448: 319/400
Job 448: 320/400
Job 448: 321/400
Job 448: 322/400
Job 448: 323/400
Job 448: 324/400
Job 448: 325/400
Job 448: 326/400
Job 448: 327/400
Job 448: 328/400
Job 448: 329/400
Job 448: 330/400
Job 448: 331/400
Job 448: 332/400
Job 448: 333/400
Job 448: 334/400
Job 448: 335/400
Job 448: 336/400
Job 448: 337/400
Job 448: 338/400
Job 448: 339/400
Job 448: 340/400
Job 448: 341/400
Job 448: 342/400
Job 448: 343/400
Job 448: 344/400
Job 448: 345/400
Job 448: 346/400
Job 448: 347/400
Job 448: 348/400
Job 448: 349/400
Job 448: 350/400
Job 448: 351/400
Job 448: 352/400
Job 448: 353/400
Job 448: 354/400
Job 448: 355/400
Job 448: 356/400
Job 448: 357/400
Job 448: 358/400
Job 448: 359/400
Job 448: 360/400
Job 448: 361/400
Job 448: 362/400
Job 448: 363/400
Job 448: 364/400
Job 448: 365/400
Job 448: 366/400
Job 448: 367/400
Job 448: 368/400
Job 448: 369/400
Job 448: 370/400
Job 448: 371/400
Job 448: 372/400
Job 448: 373/400
Job 448: 374/400
Job 448: 375/400
Job 448: 376/400
Job 448: 377/400
Job 448: 378/400
Job 448: 379/400
Job 448: 380/400
Job 448: 381/400
Job 448: 382/400
Job 448: 383/400
Job 448: 384/400
Job 448: 385/400
Job 448: 386/400
Job 448: 387/400
Job 448: 388/400
Job 448: 389/400
Job 448: 390/400
Job 448: 391/400
Job 448: 392/400
Job 448: 393/400
Job 448: 394/400
Job 448: 395/400
Job 448: 396/400
Job 448: 397/400
Job 448: 398/400
Job 448: 399/400
Job 448: 400/400
