Registered S3 methods overwritten by 'susieSlide':
  method              from  
  coef.susie          susieR
  predict.susie       susieR
  print.summary.susie susieR
  summary.susie       susieR
Job 151: 1/400
Job 151: 2/400
Job 151: 3/400
Job 151: 4/400
Job 151: 5/400
Job 151: 6/400
Job 151: 7/400
Job 151: 8/400
Job 151: 9/400
Job 151: 10/400
Job 151: 11/400
Job 151: 12/400
Job 151: 13/400
Job 151: 14/400
Job 151: 15/400
Job 151: 16/400
Job 151: 17/400
Job 151: 18/400
Job 151: 19/400
Job 151: 20/400
Job 151: 21/400
Job 151: 22/400
Job 151: 23/400
Job 151: 24/400
Job 151: 25/400
Job 151: 26/400
Job 151: 27/400
Job 151: 28/400
Job 151: 29/400
Job 151: 30/400
Job 151: 31/400
Job 151: 32/400
Job 151: 33/400
Job 151: 34/400
Job 151: 35/400
Job 151: 36/400
Job 151: 37/400
Job 151: 38/400
Job 151: 39/400
Job 151: 40/400
Job 151: 41/400
Job 151: 42/400
Job 151: 43/400
Job 151: 44/400
Job 151: 45/400
Job 151: 46/400
Job 151: 47/400
Job 151: 48/400
Job 151: 49/400
Job 151: 50/400
Job 151: 51/400
Job 151: 52/400
Job 151: 53/400
Job 151: 54/400
Job 151: 55/400
Job 151: 56/400
Job 151: 57/400
Job 151: 58/400
Job 151: 59/400
Job 151: 60/400
Job 151: 61/400
Job 151: 62/400
Job 151: 63/400
Job 151: 64/400
Job 151: 65/400
Job 151: 66/400
Job 151: 67/400
Job 151: 68/400
Job 151: 69/400
Job 151: 70/400
Job 151: 71/400
Job 151: 72/400
Job 151: 73/400
Job 151: 74/400
Job 151: 75/400
Job 151: 76/400
Job 151: 77/400
Job 151: 78/400
Job 151: 79/400
Job 151: 80/400
Job 151: 81/400
Job 151: 82/400
Job 151: 83/400
Job 151: 84/400
Job 151: 85/400
Job 151: 86/400
Job 151: 87/400
Job 151: 88/400
Job 151: 89/400
Job 151: 90/400
Job 151: 91/400
Job 151: 92/400
Job 151: 93/400
Job 151: 94/400
Job 151: 95/400
Job 151: 96/400
Job 151: 97/400
Job 151: 98/400
Job 151: 99/400
Job 151: 100/400
Job 151: 101/400
Job 151: 102/400
Job 151: 103/400
Job 151: 104/400
Job 151: 105/400
Job 151: 106/400
Job 151: 107/400
Job 151: 108/400
Job 151: 109/400
Job 151: 110/400
Job 151: 111/400
Job 151: 112/400
Job 151: 113/400
Job 151: 114/400
Job 151: 115/400
Job 151: 116/400
Job 151: 117/400
Job 151: 118/400
Job 151: 119/400
Job 151: 120/400
Job 151: 121/400
Job 151: 122/400
Job 151: 123/400
Job 151: 124/400
Job 151: 125/400
Job 151: 126/400
Job 151: 127/400
Job 151: 128/400
Job 151: 129/400
Job 151: 130/400
Job 151: 131/400
Job 151: 132/400
Job 151: 133/400
Job 151: 134/400
Job 151: 135/400
Job 151: 136/400
Job 151: 137/400
Job 151: 138/400
Job 151: 139/400
Job 151: 140/400
Job 151: 141/400
Job 151: 142/400
Job 151: 143/400
Job 151: 144/400
Job 151: 145/400
Job 151: 146/400
Job 151: 147/400
Job 151: 148/400
Job 151: 149/400
Job 151: 150/400
Job 151: 151/400
Job 151: 152/400
Job 151: 153/400
Job 151: 154/400
Job 151: 155/400
Job 151: 156/400
Job 151: 157/400
Job 151: 158/400
Job 151: 159/400
Job 151: 160/400
Job 151: 161/400
Job 151: 162/400
Job 151: 163/400
Job 151: 164/400
Job 151: 165/400
Job 151: 166/400
Job 151: 167/400
Job 151: 168/400
Job 151: 169/400
Job 151: 170/400
Job 151: 171/400
Job 151: 172/400
Job 151: 173/400
Job 151: 174/400
Job 151: 175/400
Job 151: 176/400
Job 151: 177/400
Job 151: 178/400
Job 151: 179/400
Job 151: 180/400
Job 151: 181/400
Job 151: 182/400
Job 151: 183/400
Job 151: 184/400
Job 151: 185/400
Job 151: 186/400
Job 151: 187/400
Job 151: 188/400
Job 151: 189/400
Job 151: 190/400
Job 151: 191/400
Job 151: 192/400
Job 151: 193/400
Job 151: 194/400
Job 151: 195/400
Job 151: 196/400
Job 151: 197/400
Job 151: 198/400
Job 151: 199/400
Job 151: 200/400
Job 151: 201/400
Job 151: 202/400
Job 151: 203/400
Job 151: 204/400
Job 151: 205/400
Job 151: 206/400
Job 151: 207/400
Job 151: 208/400
Job 151: 209/400
Job 151: 210/400
Job 151: 211/400
Job 151: 212/400
Job 151: 213/400
Job 151: 214/400
Job 151: 215/400
Job 151: 216/400
Job 151: 217/400
Job 151: 218/400
Job 151: 219/400
Job 151: 220/400
Job 151: 221/400
Job 151: 222/400
Job 151: 223/400
Job 151: 224/400
Job 151: 225/400
Job 151: 226/400
Job 151: 227/400
Job 151: 228/400
Job 151: 229/400
Job 151: 230/400
Job 151: 231/400
Job 151: 232/400
Job 151: 233/400
Job 151: 234/400
Job 151: 235/400
Job 151: 236/400
Job 151: 237/400
Job 151: 238/400
Job 151: 239/400
Job 151: 240/400
Job 151: 241/400
Job 151: 242/400
Job 151: 243/400
Job 151: 244/400
Job 151: 245/400
Job 151: 246/400
Job 151: 247/400
Job 151: 248/400
Job 151: 249/400
Job 151: 250/400
Job 151: 251/400
Job 151: 252/400
Job 151: 253/400
Job 151: 254/400
Job 151: 255/400
Job 151: 256/400
Job 151: 257/400
Job 151: 258/400
Job 151: 259/400
Job 151: 260/400
Job 151: 261/400
Job 151: 262/400
Job 151: 263/400
Job 151: 264/400
Job 151: 265/400
Job 151: 266/400
Job 151: 267/400
Job 151: 268/400
Job 151: 269/400
Job 151: 270/400
Job 151: 271/400
Job 151: 272/400
Job 151: 273/400
Job 151: 274/400
Job 151: 275/400
Job 151: 276/400
Job 151: 277/400
Job 151: 278/400
Job 151: 279/400
Job 151: 280/400
Job 151: 281/400
Job 151: 282/400
Job 151: 283/400
Job 151: 284/400
Job 151: 285/400
Job 151: 286/400
Job 151: 287/400
Job 151: 288/400
Job 151: 289/400
Job 151: 290/400
Job 151: 291/400
Job 151: 292/400
Job 151: 293/400
Job 151: 294/400
Job 151: 295/400
Job 151: 296/400
Job 151: 297/400
Job 151: 298/400
Job 151: 299/400
Job 151: 300/400
Job 151: 301/400
Job 151: 302/400
Job 151: 303/400
Job 151: 304/400
Job 151: 305/400
Job 151: 306/400
Job 151: 307/400
Job 151: 308/400
Job 151: 309/400
Job 151: 310/400
Job 151: 311/400
Job 151: 312/400
Job 151: 313/400
Job 151: 314/400
Job 151: 315/400
Job 151: 316/400
Job 151: 317/400
Job 151: 318/400
Job 151: 319/400
Job 151: 320/400
Job 151: 321/400
Job 151: 322/400
Job 151: 323/400
Job 151: 324/400
Job 151: 325/400
Job 151: 326/400
Job 151: 327/400
Job 151: 328/400
Job 151: 329/400
Job 151: 330/400
Job 151: 331/400
Job 151: 332/400
Job 151: 333/400
Job 151: 334/400
Job 151: 335/400
Job 151: 336/400
Job 151: 337/400
Job 151: 338/400
Job 151: 339/400
Job 151: 340/400
Job 151: 341/400
Job 151: 342/400
Job 151: 343/400
Job 151: 344/400
Job 151: 345/400
Job 151: 346/400
Job 151: 347/400
Job 151: 348/400
Job 151: 349/400
Job 151: 350/400
Job 151: 351/400
Job 151: 352/400
Job 151: 353/400
Job 151: 354/400
Job 151: 355/400
Job 151: 356/400
Job 151: 357/400
Job 151: 358/400
Job 151: 359/400
Job 151: 360/400
Job 151: 361/400
Job 151: 362/400
Job 151: 363/400
Job 151: 364/400
Job 151: 365/400
Job 151: 366/400
Job 151: 367/400
Job 151: 368/400
Job 151: 369/400
Job 151: 370/400
Job 151: 371/400
Job 151: 372/400
Job 151: 373/400
Job 151: 374/400
Job 151: 375/400
Job 151: 376/400
Job 151: 377/400
Job 151: 378/400
Job 151: 379/400
Job 151: 380/400
Job 151: 381/400
Job 151: 382/400
Job 151: 383/400
Job 151: 384/400
Job 151: 385/400
Job 151: 386/400
Job 151: 387/400
Job 151: 388/400
Job 151: 389/400
Job 151: 390/400
Job 151: 391/400
Job 151: 392/400
Job 151: 393/400
Job 151: 394/400
Job 151: 395/400
Job 151: 396/400
Job 151: 397/400
Job 151: 398/400
Job 151: 399/400
Job 151: 400/400
