Registered S3 methods overwritten by 'susieSlide':
  method              from  
  coef.susie          susieR
  predict.susie       susieR
  print.summary.susie susieR
  summary.susie       susieR
Job 493: 1/400
Job 493: 2/400
Job 493: 3/400
Job 493: 4/400
Job 493: 5/400
Job 493: 6/400
Job 493: 7/400
Job 493: 8/400
Job 493: 9/400
Job 493: 10/400
Job 493: 11/400
Job 493: 12/400
Job 493: 13/400
Job 493: 14/400
Job 493: 15/400
Job 493: 16/400
Job 493: 17/400
Job 493: 18/400
Job 493: 19/400
Job 493: 20/400
Job 493: 21/400
Job 493: 22/400
Job 493: 23/400
Job 493: 24/400
Job 493: 25/400
Job 493: 26/400
Job 493: 27/400
Job 493: 28/400
Job 493: 29/400
Job 493: 30/400
Job 493: 31/400
Job 493: 32/400
Job 493: 33/400
Job 493: 34/400
Job 493: 35/400
Job 493: 36/400
Job 493: 37/400
Job 493: 38/400
Job 493: 39/400
Job 493: 40/400
Job 493: 41/400
Job 493: 42/400
Job 493: 43/400
Job 493: 44/400
Job 493: 45/400
Job 493: 46/400
Job 493: 47/400
Job 493: 48/400
Job 493: 49/400
Job 493: 50/400
Job 493: 51/400
Job 493: 52/400
Job 493: 53/400
Job 493: 54/400
Job 493: 55/400
Job 493: 56/400
Job 493: 57/400
Job 493: 58/400
Job 493: 59/400
Job 493: 60/400
Job 493: 61/400
Job 493: 62/400
Job 493: 63/400
Job 493: 64/400
Job 493: 65/400
Job 493: 66/400
Job 493: 67/400
Job 493: 68/400
Job 493: 69/400
Job 493: 70/400
Job 493: 71/400
Job 493: 72/400
Job 493: 73/400
Job 493: 74/400
Job 493: 75/400
Job 493: 76/400
Job 493: 77/400
Job 493: 78/400
Job 493: 79/400
Job 493: 80/400
Job 493: 81/400
Job 493: 82/400
Job 493: 83/400
Job 493: 84/400
Job 493: 85/400
Job 493: 86/400
Job 493: 87/400
Job 493: 88/400
Job 493: 89/400
Job 493: 90/400
Job 493: 91/400
Job 493: 92/400
Job 493: 93/400
Job 493: 94/400
Job 493: 95/400
Job 493: 96/400
Job 493: 97/400
Job 493: 98/400
Job 493: 99/400
Job 493: 100/400
Job 493: 101/400
Job 493: 102/400
Job 493: 103/400
Job 493: 104/400
Job 493: 105/400
Job 493: 106/400
Job 493: 107/400
Job 493: 108/400
Job 493: 109/400
Job 493: 110/400
Job 493: 111/400
Job 493: 112/400
Job 493: 113/400
Job 493: 114/400
Job 493: 115/400
Job 493: 116/400
Job 493: 117/400
Job 493: 118/400
Job 493: 119/400
Job 493: 120/400
Job 493: 121/400
Job 493: 122/400
Job 493: 123/400
Job 493: 124/400
Job 493: 125/400
Job 493: 126/400
Job 493: 127/400
Job 493: 128/400
Job 493: 129/400
Job 493: 130/400
Job 493: 131/400
Job 493: 132/400
Job 493: 133/400
Job 493: 134/400
Job 493: 135/400
Job 493: 136/400
Job 493: 137/400
Job 493: 138/400
Job 493: 139/400
Job 493: 140/400
Job 493: 141/400
Job 493: 142/400
Job 493: 143/400
Job 493: 144/400
Job 493: 145/400
Job 493: 146/400
Job 493: 147/400
Job 493: 148/400
Job 493: 149/400
Job 493: 150/400
Job 493: 151/400
Job 493: 152/400
Job 493: 153/400
Job 493: 154/400
Job 493: 155/400
Job 493: 156/400
Job 493: 157/400
Job 493: 158/400
Job 493: 159/400
Job 493: 160/400
Job 493: 161/400
Job 493: 162/400
Job 493: 163/400
Job 493: 164/400
Job 493: 165/400
Job 493: 166/400
Job 493: 167/400
Job 493: 168/400
Job 493: 169/400
Job 493: 170/400
Job 493: 171/400
Job 493: 172/400
Job 493: 173/400
Job 493: 174/400
Job 493: 175/400
Job 493: 176/400
Job 493: 177/400
Job 493: 178/400
Job 493: 179/400
Job 493: 180/400
Job 493: 181/400
Job 493: 182/400
Job 493: 183/400
Job 493: 184/400
Job 493: 185/400
Job 493: 186/400
Job 493: 187/400
Job 493: 188/400
Job 493: 189/400
Job 493: 190/400
Job 493: 191/400
Job 493: 192/400
Job 493: 193/400
Job 493: 194/400
Job 493: 195/400
Job 493: 196/400
Job 493: 197/400
Job 493: 198/400
Job 493: 199/400
Job 493: 200/400
Job 493: 201/400
Job 493: 202/400
Job 493: 203/400
Job 493: 204/400
Job 493: 205/400
Job 493: 206/400
Job 493: 207/400
Job 493: 208/400
Job 493: 209/400
Job 493: 210/400
Job 493: 211/400
Job 493: 212/400
Job 493: 213/400
Job 493: 214/400
Job 493: 215/400
Job 493: 216/400
Job 493: 217/400
Job 493: 218/400
Job 493: 219/400
Job 493: 220/400
Job 493: 221/400
Job 493: 222/400
Job 493: 223/400
Job 493: 224/400
Job 493: 225/400
Job 493: 226/400
Job 493: 227/400
Job 493: 228/400
Job 493: 229/400
Job 493: 230/400
Job 493: 231/400
Job 493: 232/400
Job 493: 233/400
Job 493: 234/400
Job 493: 235/400
Job 493: 236/400
Job 493: 237/400
Job 493: 238/400
Job 493: 239/400
Job 493: 240/400
Job 493: 241/400
Job 493: 242/400
Job 493: 243/400
Job 493: 244/400
Job 493: 245/400
Job 493: 246/400
Job 493: 247/400
Job 493: 248/400
Job 493: 249/400
Job 493: 250/400
Job 493: 251/400
Job 493: 252/400
Job 493: 253/400
Job 493: 254/400
Job 493: 255/400
Job 493: 256/400
Job 493: 257/400
Job 493: 258/400
Job 493: 259/400
Job 493: 260/400
Job 493: 261/400
Job 493: 262/400
Job 493: 263/400
Job 493: 264/400
Job 493: 265/400
Job 493: 266/400
Job 493: 267/400
Job 493: 268/400
Job 493: 269/400
Job 493: 270/400
Job 493: 271/400
Job 493: 272/400
Job 493: 273/400
Job 493: 274/400
Job 493: 275/400
Job 493: 276/400
Job 493: 277/400
Job 493: 278/400
Job 493: 279/400
Job 493: 280/400
Job 493: 281/400
Job 493: 282/400
Job 493: 283/400
Job 493: 284/400
Job 493: 285/400
Job 493: 286/400
Job 493: 287/400
Job 493: 288/400
Job 493: 289/400
Job 493: 290/400
Job 493: 291/400
Job 493: 292/400
Job 493: 293/400
Job 493: 294/400
Job 493: 295/400
Job 493: 296/400
Job 493: 297/400
Job 493: 298/400
Job 493: 299/400
Job 493: 300/400
Job 493: 301/400
Job 493: 302/400
Job 493: 303/400
Job 493: 304/400
Job 493: 305/400
Job 493: 306/400
Job 493: 307/400
Job 493: 308/400
Job 493: 309/400
Job 493: 310/400
Job 493: 311/400
Job 493: 312/400
Job 493: 313/400
Job 493: 314/400
Job 493: 315/400
Job 493: 316/400
Job 493: 317/400
Job 493: 318/400
Job 493: 319/400
Job 493: 320/400
Job 493: 321/400
Job 493: 322/400
Job 493: 323/400
Job 493: 324/400
Job 493: 325/400
Job 493: 326/400
Job 493: 327/400
Job 493: 328/400
Job 493: 329/400
Job 493: 330/400
Job 493: 331/400
Job 493: 332/400
Job 493: 333/400
Job 493: 334/400
Job 493: 335/400
Job 493: 336/400
Job 493: 337/400
Job 493: 338/400
Job 493: 339/400
Job 493: 340/400
Job 493: 341/400
Job 493: 342/400
Job 493: 343/400
Job 493: 344/400
Job 493: 345/400
Job 493: 346/400
Job 493: 347/400
Job 493: 348/400
Job 493: 349/400
Job 493: 350/400
Job 493: 351/400
Job 493: 352/400
Job 493: 353/400
Job 493: 354/400
Job 493: 355/400
Job 493: 356/400
Job 493: 357/400
Job 493: 358/400
Job 493: 359/400
Job 493: 360/400
Job 493: 361/400
Job 493: 362/400
Job 493: 363/400
Job 493: 364/400
Job 493: 365/400
Job 493: 366/400
Job 493: 367/400
Job 493: 368/400
Job 493: 369/400
Job 493: 370/400
Job 493: 371/400
Job 493: 372/400
Job 493: 373/400
Job 493: 374/400
Job 493: 375/400
Job 493: 376/400
Job 493: 377/400
Job 493: 378/400
Job 493: 379/400
Job 493: 380/400
Job 493: 381/400
Job 493: 382/400
Job 493: 383/400
Job 493: 384/400
Job 493: 385/400
Job 493: 386/400
Job 493: 387/400
Job 493: 388/400
Job 493: 389/400
Job 493: 390/400
Job 493: 391/400
Job 493: 392/400
Job 493: 393/400
Job 493: 394/400
Job 493: 395/400
Job 493: 396/400
Job 493: 397/400
Job 493: 398/400
Job 493: 399/400
Job 493: 400/400
