Registered S3 methods overwritten by 'susieSlide':
  method              from  
  coef.susie          susieR
  predict.susie       susieR
  print.summary.susie susieR
  summary.susie       susieR
Job 365: 208/400
Job 365: 209/400
Job 365: 210/400
Job 365: 211/400
Job 365: 212/400
Job 365: 213/400
Job 365: 214/400
Job 365: 215/400
Job 365: 216/400
Job 365: 217/400
Job 365: 218/400
Job 365: 219/400
Job 365: 220/400
Job 365: 221/400
Job 365: 222/400
Job 365: 223/400
Job 365: 224/400
Job 365: 225/400
Job 365: 226/400
Job 365: 227/400
Job 365: 228/400
Job 365: 229/400
Job 365: 230/400
Job 365: 231/400
Job 365: 232/400
Job 365: 233/400
Job 365: 234/400
Job 365: 235/400
Job 365: 236/400
Job 365: 237/400
Job 365: 238/400
Job 365: 239/400
Job 365: 240/400
Job 365: 241/400
Job 365: 242/400
Job 365: 243/400
Job 365: 244/400
Job 365: 245/400
Job 365: 246/400
Job 365: 247/400
Job 365: 248/400
Job 365: 249/400
Job 365: 250/400
Job 365: 251/400
Job 365: 252/400
Job 365: 253/400
Job 365: 254/400
Job 365: 255/400
Job 365: 256/400
Job 365: 257/400
Job 365: 258/400
Job 365: 259/400
Job 365: 260/400
Job 365: 261/400
Job 365: 262/400
Job 365: 263/400
Job 365: 264/400
Job 365: 265/400
Job 365: 266/400
Job 365: 267/400
Job 365: 268/400
Job 365: 269/400
Job 365: 270/400
Job 365: 271/400
Job 365: 272/400
Job 365: 273/400
Job 365: 274/400
Job 365: 275/400
Job 365: 276/400
Job 365: 277/400
Job 365: 278/400
Job 365: 279/400
Job 365: 280/400
Job 365: 281/400
Job 365: 282/400
Job 365: 283/400
Job 365: 284/400
Job 365: 285/400
Job 365: 286/400
Job 365: 287/400
Job 365: 288/400
Job 365: 289/400
Job 365: 290/400
Job 365: 291/400
Job 365: 292/400
Job 365: 293/400
Job 365: 294/400
Job 365: 295/400
Job 365: 296/400
Job 365: 297/400
Job 365: 298/400
Job 365: 299/400
Job 365: 300/400
Job 365: 301/400
Job 365: 302/400
Job 365: 303/400
Job 365: 304/400
Job 365: 305/400
Job 365: 306/400
Job 365: 307/400
Job 365: 308/400
Job 365: 309/400
Job 365: 310/400
Job 365: 311/400
Job 365: 312/400
Job 365: 313/400
Job 365: 314/400
Job 365: 315/400
Job 365: 316/400
Job 365: 317/400
Job 365: 318/400
Job 365: 319/400
Job 365: 320/400
Job 365: 321/400
Job 365: 322/400
Job 365: 323/400
Job 365: 324/400
Job 365: 325/400
Job 365: 326/400
Job 365: 327/400
Job 365: 328/400
Job 365: 329/400
Job 365: 330/400
Job 365: 331/400
Job 365: 332/400
Job 365: 333/400
Job 365: 334/400
Job 365: 335/400
Job 365: 336/400
Job 365: 337/400
Job 365: 338/400
Job 365: 339/400
Job 365: 340/400
Job 365: 341/400
Job 365: 342/400
Job 365: 343/400
Job 365: 344/400
Job 365: 345/400
Job 365: 346/400
Job 365: 347/400
Job 365: 348/400
Job 365: 349/400
Job 365: 350/400
Job 365: 351/400
Job 365: 352/400
Job 365: 353/400
Job 365: 354/400
Job 365: 355/400
Job 365: 356/400
Job 365: 357/400
Job 365: 358/400
Job 365: 359/400
Job 365: 360/400
Job 365: 361/400
Job 365: 362/400
Job 365: 363/400
Job 365: 364/400
Job 365: 365/400
Job 365: 366/400
Job 365: 367/400
Job 365: 368/400
Job 365: 369/400
Job 365: 370/400
Job 365: 371/400
Job 365: 372/400
Job 365: 373/400
Job 365: 374/400
Job 365: 375/400
Job 365: 376/400
Job 365: 377/400
Job 365: 378/400
Job 365: 379/400
Job 365: 380/400
Job 365: 381/400
Job 365: 382/400
Job 365: 383/400
Job 365: 384/400
Job 365: 385/400
Job 365: 386/400
Job 365: 387/400
Job 365: 388/400
Job 365: 389/400
Job 365: 390/400
Job 365: 391/400
Job 365: 392/400
Job 365: 393/400
Job 365: 394/400
Job 365: 395/400
Job 365: 396/400
Job 365: 397/400
Job 365: 398/400
Job 365: 399/400
Job 365: 400/400
