Registered S3 methods overwritten by 'susieSlide':
  method              from  
  coef.susie          susieR
  predict.susie       susieR
  print.summary.susie susieR
  summary.susie       susieR
Job 494: 1/400
Job 494: 2/400
Job 494: 3/400
Job 494: 4/400
Job 494: 5/400
Job 494: 6/400
Job 494: 7/400
Job 494: 8/400
Job 494: 9/400
Job 494: 10/400
Job 494: 11/400
Job 494: 12/400
Job 494: 13/400
Job 494: 14/400
Job 494: 15/400
Job 494: 16/400
Job 494: 17/400
Job 494: 18/400
Job 494: 19/400
Job 494: 20/400
Job 494: 21/400
Job 494: 22/400
Job 494: 23/400
Job 494: 24/400
Job 494: 25/400
Job 494: 26/400
Job 494: 27/400
Job 494: 28/400
Job 494: 29/400
Job 494: 30/400
Job 494: 31/400
Job 494: 32/400
Job 494: 33/400
Job 494: 34/400
Job 494: 35/400
Job 494: 36/400
Job 494: 37/400
Job 494: 38/400
Job 494: 39/400
Job 494: 40/400
Job 494: 41/400
Job 494: 42/400
Job 494: 43/400
Job 494: 44/400
Job 494: 45/400
Job 494: 46/400
Job 494: 47/400
Job 494: 48/400
Job 494: 49/400
Job 494: 50/400
Job 494: 51/400
Job 494: 52/400
Job 494: 53/400
Job 494: 54/400
Job 494: 55/400
Job 494: 56/400
Job 494: 57/400
Job 494: 58/400
Job 494: 59/400
Job 494: 60/400
Job 494: 61/400
Job 494: 62/400
Job 494: 63/400
Job 494: 64/400
Job 494: 65/400
Job 494: 66/400
Job 494: 67/400
Job 494: 68/400
Job 494: 69/400
Job 494: 70/400
Job 494: 71/400
Job 494: 72/400
Job 494: 73/400
Job 494: 74/400
Job 494: 75/400
Job 494: 76/400
Job 494: 77/400
Job 494: 78/400
Job 494: 79/400
Job 494: 80/400
Job 494: 81/400
Job 494: 82/400
Job 494: 83/400
Job 494: 84/400
Job 494: 85/400
Job 494: 86/400
Job 494: 87/400
Job 494: 88/400
Job 494: 89/400
Job 494: 90/400
Job 494: 91/400
Job 494: 92/400
Job 494: 93/400
Job 494: 94/400
Job 494: 95/400
Job 494: 96/400
Job 494: 97/400
Job 494: 98/400
Job 494: 99/400
Job 494: 100/400
Job 494: 101/400
Job 494: 102/400
Job 494: 103/400
Job 494: 104/400
Job 494: 105/400
Job 494: 106/400
Job 494: 107/400
Job 494: 108/400
Job 494: 109/400
Job 494: 110/400
Job 494: 111/400
Job 494: 112/400
Job 494: 113/400
Job 494: 114/400
Job 494: 115/400
Job 494: 116/400
Job 494: 117/400
Job 494: 118/400
Job 494: 119/400
Job 494: 120/400
Job 494: 121/400
Job 494: 122/400
Job 494: 123/400
Job 494: 124/400
Job 494: 125/400
Job 494: 126/400
Job 494: 127/400
Job 494: 128/400
Job 494: 129/400
Job 494: 130/400
Job 494: 131/400
Job 494: 132/400
Job 494: 133/400
Job 494: 134/400
Job 494: 135/400
Job 494: 136/400
Job 494: 137/400
Job 494: 138/400
Job 494: 139/400
Job 494: 140/400
Job 494: 141/400
Job 494: 142/400
Job 494: 143/400
Job 494: 144/400
Job 494: 145/400
Job 494: 146/400
Job 494: 147/400
Job 494: 148/400
Job 494: 149/400
Job 494: 150/400
Job 494: 151/400
Job 494: 152/400
Job 494: 153/400
Job 494: 154/400
Job 494: 155/400
Job 494: 156/400
Job 494: 157/400
Job 494: 158/400
Job 494: 159/400
Job 494: 160/400
Job 494: 161/400
Job 494: 162/400
Job 494: 163/400
Job 494: 164/400
Job 494: 165/400
Job 494: 166/400
Job 494: 167/400
Job 494: 168/400
Job 494: 169/400
Job 494: 170/400
Job 494: 171/400
Job 494: 172/400
Job 494: 173/400
Job 494: 174/400
Job 494: 175/400
Job 494: 176/400
Job 494: 177/400
Job 494: 178/400
Job 494: 179/400
Job 494: 180/400
Job 494: 181/400
Job 494: 182/400
Job 494: 183/400
Job 494: 184/400
Job 494: 185/400
Job 494: 186/400
Job 494: 187/400
Job 494: 188/400
Job 494: 189/400
Job 494: 190/400
Job 494: 191/400
Job 494: 192/400
Job 494: 193/400
Job 494: 194/400
Job 494: 195/400
Job 494: 196/400
Job 494: 197/400
Job 494: 198/400
Job 494: 199/400
Job 494: 200/400
Job 494: 201/400
Job 494: 202/400
Job 494: 203/400
Job 494: 204/400
Job 494: 205/400
Job 494: 206/400
Job 494: 207/400
Job 494: 208/400
Job 494: 209/400
Job 494: 210/400
Job 494: 211/400
Job 494: 212/400
Job 494: 213/400
Job 494: 214/400
Job 494: 215/400
Job 494: 216/400
Job 494: 217/400
Job 494: 218/400
Job 494: 219/400
Job 494: 220/400
Job 494: 221/400
Job 494: 222/400
Job 494: 223/400
Job 494: 224/400
Job 494: 225/400
Job 494: 226/400
Job 494: 227/400
Job 494: 228/400
Job 494: 229/400
Job 494: 230/400
Job 494: 231/400
Job 494: 232/400
Job 494: 233/400
Job 494: 234/400
Job 494: 235/400
Job 494: 236/400
Job 494: 237/400
Job 494: 238/400
Job 494: 239/400
Job 494: 240/400
Job 494: 241/400
Job 494: 242/400
Job 494: 243/400
Job 494: 244/400
Job 494: 245/400
Job 494: 246/400
Job 494: 247/400
Job 494: 248/400
Job 494: 249/400
Job 494: 250/400
Job 494: 251/400
Job 494: 252/400
Job 494: 253/400
Job 494: 254/400
Job 494: 255/400
Job 494: 256/400
Job 494: 257/400
Job 494: 258/400
Job 494: 259/400
Job 494: 260/400
Job 494: 261/400
Job 494: 262/400
Job 494: 263/400
Job 494: 264/400
Job 494: 265/400
Job 494: 266/400
Job 494: 267/400
Job 494: 268/400
Job 494: 269/400
Job 494: 270/400
Job 494: 271/400
Job 494: 272/400
Job 494: 273/400
Job 494: 274/400
Job 494: 275/400
Job 494: 276/400
Job 494: 277/400
Job 494: 278/400
Job 494: 279/400
Job 494: 280/400
Job 494: 281/400
Job 494: 282/400
Job 494: 283/400
Job 494: 284/400
Job 494: 285/400
Job 494: 286/400
Job 494: 287/400
Job 494: 288/400
Job 494: 289/400
Job 494: 290/400
Job 494: 291/400
Job 494: 292/400
Job 494: 293/400
Job 494: 294/400
Job 494: 295/400
Job 494: 296/400
Job 494: 297/400
Job 494: 298/400
Job 494: 299/400
Job 494: 300/400
Job 494: 301/400
Job 494: 302/400
Job 494: 303/400
Job 494: 304/400
Job 494: 305/400
Job 494: 306/400
Job 494: 307/400
Job 494: 308/400
Job 494: 309/400
Job 494: 310/400
Job 494: 311/400
Job 494: 312/400
Job 494: 313/400
Job 494: 314/400
Job 494: 315/400
Job 494: 316/400
Job 494: 317/400
Job 494: 318/400
Job 494: 319/400
Job 494: 320/400
Job 494: 321/400
Job 494: 322/400
Job 494: 323/400
Job 494: 324/400
Job 494: 325/400
Job 494: 326/400
Job 494: 327/400
Job 494: 328/400
Job 494: 329/400
Job 494: 330/400
Job 494: 331/400
Job 494: 332/400
Job 494: 333/400
Job 494: 334/400
Job 494: 335/400
Job 494: 336/400
Job 494: 337/400
Job 494: 338/400
Job 494: 339/400
Job 494: 340/400
Job 494: 341/400
Job 494: 342/400
Job 494: 343/400
Job 494: 344/400
Job 494: 345/400
Job 494: 346/400
Job 494: 347/400
Job 494: 348/400
Job 494: 349/400
Job 494: 350/400
Job 494: 351/400
Job 494: 352/400
Job 494: 353/400
Job 494: 354/400
Job 494: 355/400
Job 494: 356/400
Job 494: 357/400
Job 494: 358/400
Job 494: 359/400
Job 494: 360/400
Job 494: 361/400
Job 494: 362/400
Job 494: 363/400
Job 494: 364/400
Job 494: 365/400
Job 494: 366/400
Job 494: 367/400
Job 494: 368/400
Job 494: 369/400
Job 494: 370/400
Job 494: 371/400
Job 494: 372/400
Job 494: 373/400
Job 494: 374/400
Job 494: 375/400
Job 494: 376/400
Job 494: 377/400
Job 494: 378/400
Job 494: 379/400
Job 494: 380/400
Job 494: 381/400
Job 494: 382/400
Job 494: 383/400
Job 494: 384/400
Job 494: 385/400
Job 494: 386/400
Job 494: 387/400
Job 494: 388/400
Job 494: 389/400
Job 494: 390/400
Job 494: 391/400
Job 494: 392/400
Job 494: 393/400
Job 494: 394/400
Job 494: 395/400
Job 494: 396/400
Job 494: 397/400
Job 494: 398/400
Job 494: 399/400
Job 494: 400/400
Warning message:
In data.table::fread(raw_file, data.table = FALSE) :
  Discarded single-line footer: <<0	GTEX-OIZF	0	0	0	-9	2	2	2	2	2	2	2	2	2	2	2	2	2	2	2	2	2	2	2	2	2	2	2	2	2	2	2	2	2	2	2	2	2	2	2	2	2	2	2	2	2	2	2	2	2	2	2	2	2	2	2	2	2	2	2	2	2	2	2	2	2	2	2	2	2	1	2	2	2	2	2	2	2	2	2	2	2	2	2	2	2	2	2	2	2	2	2	2	2	2	2	2	2	2	2	2	2	2	2	2	2	2	2	2	2	2	2	2	2	2	2	2	2	2	2	2	2	2	2	2	2	2	1	2	2	2	2	2	2	2	2	2	2	2	2	2	2	2	2	1	2	2	2	2	2	2	2	2	2	2	2	2	2	2	2	2	2	2	1	2	2	2	2	2	2	2	2	2	2	1	2	2	2	2	2	2	2	2	2	2	2	2	2	2	2	2	1	2	2	2	1	2	2	2	2	2	2	2	1	2	2	2	2	2	2	2	2	2	2	2	2	2	2	2	2	2	2	2	2	2	2	2	2	2	2	2	2	2	2	2	2	2	2	2	2	2	1	1	2	2>>
