Registered S3 methods overwritten by 'susieSlide':
  method              from  
  coef.susie          susieR
  predict.susie       susieR
  print.summary.susie susieR
  summary.susie       susieR
Job 255: 1/400
Job 255: 2/400
Job 255: 3/400
Job 255: 4/400
Job 255: 5/400
Job 255: 6/400
Job 255: 7/400
Job 255: 8/400
Job 255: 9/400
Job 255: 10/400
Job 255: 11/400
Job 255: 12/400
Job 255: 13/400
Job 255: 14/400
Job 255: 15/400
Job 255: 16/400
Job 255: 17/400
Job 255: 18/400
Job 255: 19/400
Job 255: 20/400
Job 255: 21/400
Job 255: 22/400
Job 255: 23/400
Job 255: 24/400
Job 255: 25/400
Job 255: 26/400
Job 255: 27/400
Job 255: 28/400
Job 255: 29/400
Job 255: 30/400
Job 255: 31/400
Job 255: 32/400
Job 255: 33/400
Job 255: 34/400
Job 255: 35/400
Job 255: 36/400
Job 255: 37/400
Job 255: 38/400
Job 255: 39/400
Job 255: 40/400
Job 255: 41/400
Job 255: 42/400
Job 255: 43/400
Job 255: 44/400
Job 255: 45/400
Job 255: 46/400
Job 255: 47/400
Job 255: 48/400
Job 255: 49/400
Job 255: 50/400
Job 255: 51/400
Job 255: 52/400
Job 255: 53/400
Job 255: 54/400
Job 255: 55/400
Job 255: 56/400
Job 255: 57/400
Job 255: 58/400
Job 255: 59/400
Job 255: 60/400
Job 255: 61/400
Job 255: 62/400
Job 255: 63/400
Job 255: 64/400
Job 255: 65/400
Job 255: 66/400
Job 255: 67/400
Job 255: 68/400
Job 255: 69/400
Job 255: 70/400
Job 255: 71/400
Job 255: 72/400
Job 255: 73/400
Job 255: 74/400
Job 255: 75/400
Job 255: 76/400
Job 255: 77/400
Job 255: 78/400
Job 255: 79/400
Job 255: 80/400
Job 255: 81/400
Job 255: 82/400
Job 255: 83/400
Job 255: 84/400
Job 255: 85/400
Job 255: 86/400
Job 255: 87/400
Job 255: 88/400
Job 255: 89/400
Job 255: 90/400
Job 255: 91/400
Job 255: 92/400
Job 255: 93/400
Job 255: 94/400
Job 255: 95/400
Job 255: 96/400
Job 255: 97/400
Job 255: 98/400
Job 255: 99/400
Job 255: 100/400
Job 255: 101/400
Job 255: 102/400
Job 255: 103/400
Job 255: 104/400
Job 255: 105/400
Job 255: 106/400
Job 255: 107/400
Job 255: 108/400
Job 255: 109/400
Job 255: 110/400
Job 255: 111/400
Job 255: 112/400
Job 255: 113/400
Job 255: 114/400
Job 255: 115/400
Job 255: 116/400
Job 255: 117/400
Job 255: 118/400
Job 255: 119/400
Job 255: 120/400
Job 255: 121/400
Job 255: 122/400
Job 255: 123/400
Job 255: 124/400
Job 255: 125/400
Job 255: 126/400
Job 255: 127/400
Job 255: 128/400
Job 255: 129/400
Job 255: 130/400
Job 255: 131/400
Job 255: 132/400
Job 255: 133/400
Job 255: 134/400
Job 255: 135/400
Job 255: 136/400
Job 255: 137/400
Job 255: 138/400
Job 255: 139/400
Job 255: 140/400
Job 255: 141/400
Job 255: 142/400
Job 255: 143/400
Job 255: 144/400
Job 255: 145/400
Job 255: 146/400
Job 255: 147/400
Job 255: 148/400
Job 255: 149/400
Job 255: 150/400
Job 255: 151/400
Job 255: 152/400
Job 255: 153/400
Job 255: 154/400
Job 255: 155/400
Job 255: 156/400
Job 255: 157/400
Job 255: 158/400
Job 255: 159/400
Job 255: 160/400
Job 255: 161/400
Job 255: 162/400
Job 255: 163/400
Job 255: 164/400
Job 255: 165/400
Job 255: 166/400
Job 255: 167/400
Job 255: 168/400
Job 255: 169/400
Job 255: 170/400
Job 255: 171/400
Job 255: 172/400
Job 255: 173/400
Job 255: 174/400
Job 255: 175/400
Job 255: 176/400
Job 255: 177/400
Job 255: 178/400
Job 255: 179/400
Job 255: 180/400
Job 255: 181/400
Job 255: 182/400
Job 255: 183/400
Job 255: 184/400
Job 255: 185/400
Job 255: 186/400
Job 255: 187/400
Job 255: 188/400
Job 255: 189/400
Job 255: 190/400
Job 255: 191/400
Job 255: 192/400
Job 255: 193/400
Job 255: 194/400
Job 255: 195/400
Job 255: 196/400
Job 255: 197/400
Job 255: 198/400
Job 255: 199/400
Job 255: 200/400
Job 255: 201/400
Job 255: 202/400
Job 255: 203/400
Job 255: 204/400
Job 255: 205/400
Job 255: 206/400
Job 255: 207/400
Job 255: 208/400
Job 255: 209/400
Job 255: 210/400
Job 255: 211/400
Job 255: 212/400
Job 255: 213/400
Job 255: 214/400
Job 255: 215/400
Job 255: 216/400
Job 255: 217/400
Job 255: 218/400
Job 255: 219/400
Job 255: 220/400
Job 255: 221/400
Job 255: 222/400
Job 255: 223/400
Job 255: 224/400
Job 255: 225/400
Job 255: 226/400
Job 255: 227/400
Job 255: 228/400
Job 255: 229/400
Job 255: 230/400
Job 255: 231/400
Job 255: 232/400
Job 255: 233/400
Job 255: 234/400
Job 255: 235/400
Job 255: 236/400
Job 255: 237/400
Job 255: 238/400
Job 255: 239/400
Job 255: 240/400
Job 255: 241/400
Job 255: 242/400
Job 255: 243/400
Job 255: 244/400
Job 255: 245/400
Job 255: 246/400
Job 255: 247/400
Job 255: 248/400
Job 255: 249/400
Job 255: 250/400
Job 255: 251/400
Job 255: 252/400
Job 255: 253/400
Job 255: 254/400
Job 255: 255/400
Job 255: 256/400
Job 255: 257/400
Job 255: 258/400
Job 255: 259/400
Job 255: 260/400
Job 255: 261/400
Job 255: 262/400
Job 255: 263/400
Job 255: 264/400
Job 255: 265/400
Job 255: 266/400
Job 255: 267/400
Job 255: 268/400
Job 255: 269/400
Job 255: 270/400
Job 255: 271/400
Job 255: 272/400
Job 255: 273/400
Job 255: 274/400
Job 255: 275/400
Job 255: 276/400
Job 255: 277/400
Job 255: 278/400
Job 255: 279/400
Job 255: 280/400
Job 255: 281/400
Job 255: 282/400
Job 255: 283/400
Job 255: 284/400
Job 255: 285/400
Job 255: 286/400
Job 255: 287/400
Job 255: 288/400
Job 255: 289/400
Job 255: 290/400
Job 255: 291/400
Job 255: 292/400
Job 255: 293/400
Job 255: 294/400
Job 255: 295/400
Job 255: 296/400
Job 255: 297/400
Job 255: 298/400
Job 255: 299/400
Job 255: 300/400
Job 255: 301/400
Job 255: 302/400
Job 255: 303/400
Job 255: 304/400
Job 255: 305/400
Job 255: 306/400
Job 255: 307/400
Job 255: 308/400
Job 255: 309/400
Job 255: 310/400
Job 255: 311/400
Job 255: 312/400
Job 255: 313/400
Job 255: 314/400
Job 255: 315/400
Job 255: 316/400
Job 255: 317/400
Job 255: 318/400
Job 255: 319/400
Job 255: 320/400
Job 255: 321/400
Job 255: 322/400
Job 255: 323/400
Job 255: 324/400
Job 255: 325/400
Job 255: 326/400
Job 255: 327/400
Job 255: 328/400
Job 255: 329/400
Job 255: 330/400
Job 255: 331/400
Job 255: 332/400
Job 255: 333/400
Job 255: 334/400
Job 255: 335/400
Job 255: 336/400
Job 255: 337/400
Job 255: 338/400
Job 255: 339/400
Job 255: 340/400
Job 255: 341/400
Job 255: 342/400
Job 255: 343/400
Job 255: 344/400
Job 255: 345/400
Job 255: 346/400
Job 255: 347/400
Job 255: 348/400
Job 255: 349/400
Job 255: 350/400
Job 255: 351/400
Job 255: 352/400
Job 255: 353/400
Job 255: 354/400
Job 255: 355/400
Job 255: 356/400
Job 255: 357/400
Job 255: 358/400
Job 255: 359/400
Job 255: 360/400
Job 255: 361/400
Job 255: 362/400
Job 255: 363/400
Job 255: 364/400
Job 255: 365/400
Job 255: 366/400
Job 255: 367/400
Job 255: 368/400
Job 255: 369/400
Job 255: 370/400
Job 255: 371/400
Job 255: 372/400
Job 255: 373/400
Job 255: 374/400
Job 255: 375/400
Job 255: 376/400
Job 255: 377/400
Job 255: 378/400
Job 255: 379/400
Job 255: 380/400
Job 255: 381/400
Job 255: 382/400
Job 255: 383/400
Job 255: 384/400
Job 255: 385/400
Job 255: 386/400
Job 255: 387/400
Job 255: 388/400
Job 255: 389/400
Job 255: 390/400
Job 255: 391/400
Job 255: 392/400
Job 255: 393/400
Job 255: 394/400
Job 255: 395/400
Job 255: 396/400
Job 255: 397/400
Job 255: 398/400
Job 255: 399/400
Job 255: 400/400
