Registered S3 methods overwritten by 'susieSlide':
  method              from  
  coef.susie          susieR
  predict.susie       susieR
  print.summary.susie susieR
  summary.susie       susieR
Job 40: 1/400
Job 40: 2/400
Job 40: 3/400
Job 40: 4/400
Job 40: 5/400
Job 40: 6/400
Job 40: 7/400
Job 40: 8/400
Job 40: 9/400
Job 40: 10/400
Job 40: 11/400
Job 40: 12/400
Job 40: 13/400
Job 40: 14/400
Job 40: 15/400
Job 40: 16/400
Job 40: 17/400
Job 40: 18/400
Job 40: 19/400
Job 40: 20/400
Job 40: 21/400
Job 40: 22/400
Job 40: 23/400
Job 40: 24/400
Job 40: 25/400
Job 40: 26/400
Job 40: 27/400
Job 40: 28/400
Job 40: 29/400
Job 40: 30/400
Job 40: 31/400
Job 40: 32/400
Job 40: 33/400
Job 40: 34/400
Job 40: 35/400
Job 40: 36/400
Job 40: 37/400
Job 40: 38/400
Job 40: 39/400
Job 40: 40/400
Job 40: 41/400
Job 40: 42/400
Job 40: 43/400
Job 40: 44/400
Job 40: 45/400
Job 40: 46/400
Job 40: 47/400
Job 40: 48/400
Job 40: 49/400
Job 40: 50/400
Job 40: 51/400
Job 40: 52/400
Job 40: 53/400
Job 40: 54/400
Job 40: 55/400
Job 40: 56/400
Job 40: 57/400
Job 40: 58/400
Job 40: 59/400
Job 40: 60/400
Job 40: 61/400
Job 40: 62/400
Job 40: 63/400
Job 40: 64/400
Job 40: 65/400
Job 40: 66/400
Job 40: 67/400
Job 40: 68/400
Job 40: 69/400
Job 40: 70/400
Job 40: 71/400
Job 40: 72/400
Job 40: 73/400
Job 40: 74/400
Job 40: 75/400
Job 40: 76/400
Job 40: 77/400
Job 40: 78/400
Job 40: 79/400
Job 40: 80/400
Job 40: 81/400
Job 40: 82/400
Job 40: 83/400
Job 40: 84/400
Job 40: 85/400
Job 40: 86/400
Job 40: 87/400
Job 40: 88/400
Job 40: 89/400
Job 40: 90/400
Job 40: 91/400
Job 40: 92/400
Job 40: 93/400
Job 40: 94/400
Job 40: 95/400
Job 40: 96/400
Job 40: 97/400
Job 40: 98/400
Job 40: 99/400
Job 40: 100/400
Job 40: 101/400
Job 40: 102/400
Job 40: 103/400
Job 40: 104/400
Job 40: 105/400
Job 40: 106/400
Job 40: 107/400
Job 40: 108/400
Job 40: 109/400
Job 40: 110/400
Job 40: 111/400
Job 40: 112/400
Job 40: 113/400
Job 40: 114/400
Job 40: 115/400
Job 40: 116/400
Job 40: 117/400
Job 40: 118/400
Job 40: 119/400
Job 40: 120/400
Job 40: 121/400
Job 40: 122/400
Job 40: 123/400
Job 40: 124/400
Job 40: 125/400
Job 40: 126/400
Job 40: 127/400
Job 40: 128/400 ERROR: Not enough donors for the requested n.
Job 40: 129/400
Job 40: 130/400
Job 40: 131/400
Job 40: 132/400
Job 40: 133/400
Job 40: 134/400
Job 40: 135/400
Job 40: 136/400
Job 40: 137/400
Job 40: 138/400
Job 40: 139/400
Job 40: 140/400
Job 40: 141/400
Job 40: 142/400
Job 40: 143/400
Job 40: 144/400
Job 40: 145/400
Job 40: 146/400
Job 40: 147/400
Job 40: 148/400
Job 40: 149/400
Job 40: 150/400
Job 40: 151/400
Job 40: 152/400
Job 40: 153/400
Job 40: 154/400
Job 40: 155/400
Job 40: 156/400
Job 40: 157/400
Job 40: 158/400
Job 40: 159/400
Job 40: 160/400
Job 40: 161/400
Job 40: 162/400
Job 40: 163/400
Job 40: 164/400
Job 40: 165/400
Job 40: 166/400
Job 40: 167/400
Job 40: 168/400
Job 40: 169/400
Job 40: 170/400
Job 40: 171/400
Job 40: 172/400
Job 40: 173/400
Job 40: 174/400
Job 40: 175/400
Job 40: 176/400
Job 40: 177/400
Job 40: 178/400
Job 40: 179/400
Job 40: 180/400
Job 40: 181/400
Job 40: 182/400
Job 40: 183/400
Job 40: 184/400
Job 40: 185/400
Job 40: 186/400
Job 40: 187/400
Job 40: 188/400
Job 40: 189/400
Job 40: 190/400
Job 40: 191/400
Job 40: 192/400
Job 40: 193/400
Job 40: 194/400
Job 40: 195/400
Job 40: 196/400
Job 40: 197/400
Job 40: 198/400
Job 40: 199/400
Job 40: 200/400
Job 40: 201/400
Job 40: 202/400
Job 40: 203/400
Job 40: 204/400
Job 40: 205/400
Job 40: 206/400
Job 40: 207/400
Job 40: 208/400
Job 40: 209/400
Job 40: 210/400
Job 40: 211/400
Job 40: 212/400
Job 40: 213/400
Job 40: 214/400
Job 40: 215/400
Job 40: 216/400
Job 40: 217/400
Job 40: 218/400
Job 40: 219/400
Job 40: 220/400
Job 40: 221/400
Job 40: 222/400
Job 40: 223/400
Job 40: 224/400
Job 40: 225/400
Job 40: 226/400
Job 40: 227/400
Job 40: 228/400
Job 40: 229/400
Job 40: 230/400
Job 40: 231/400
Job 40: 232/400
Job 40: 233/400
Job 40: 234/400
Job 40: 235/400
Job 40: 236/400
Job 40: 237/400 ERROR: The genetic signal has zero variance.
Job 40: 238/400
Job 40: 239/400
Job 40: 240/400
Job 40: 241/400
Job 40: 242/400
Job 40: 243/400
Job 40: 244/400
Job 40: 245/400
Job 40: 246/400
Job 40: 247/400
Job 40: 248/400
Job 40: 249/400
Job 40: 250/400
Job 40: 251/400
Job 40: 252/400
Job 40: 253/400
Job 40: 254/400
Job 40: 255/400
Job 40: 256/400
Job 40: 257/400
Job 40: 258/400
Job 40: 259/400
Job 40: 260/400
Job 40: 261/400
Job 40: 262/400
Job 40: 263/400
Job 40: 264/400
Job 40: 265/400
Job 40: 266/400
Job 40: 267/400
Job 40: 268/400
Job 40: 269/400
Job 40: 270/400
Job 40: 271/400
Job 40: 272/400
Job 40: 273/400
Job 40: 274/400
Job 40: 275/400
Job 40: 276/400
Job 40: 277/400
Job 40: 278/400
Job 40: 279/400
Job 40: 280/400
Job 40: 281/400
Job 40: 282/400
Job 40: 283/400
Job 40: 284/400
Job 40: 285/400
Job 40: 286/400
Job 40: 287/400
Job 40: 288/400
Job 40: 289/400
Job 40: 290/400
Job 40: 291/400
Job 40: 292/400
Job 40: 293/400
Job 40: 294/400
Job 40: 295/400
Job 40: 296/400
Job 40: 297/400
Job 40: 298/400
Job 40: 299/400
Job 40: 300/400
Job 40: 301/400
Job 40: 302/400
Job 40: 303/400
Job 40: 304/400
Job 40: 305/400
Job 40: 306/400
Job 40: 307/400
Job 40: 308/400
Job 40: 309/400
Job 40: 310/400
Job 40: 311/400
Job 40: 312/400
Job 40: 313/400
Job 40: 314/400
Job 40: 315/400
Job 40: 316/400
Job 40: 317/400
Job 40: 318/400
Job 40: 319/400
Job 40: 320/400
Job 40: 321/400
Job 40: 322/400
Job 40: 323/400
Job 40: 324/400
Job 40: 325/400
Job 40: 326/400
Job 40: 327/400
Job 40: 328/400
Job 40: 329/400
Job 40: 330/400
Job 40: 331/400
Job 40: 332/400
Job 40: 333/400
Job 40: 334/400
Job 40: 335/400
Job 40: 336/400
Job 40: 337/400
Job 40: 338/400
Job 40: 339/400
Job 40: 340/400
Job 40: 341/400
Job 40: 342/400
Job 40: 343/400
Job 40: 344/400
Job 40: 345/400
Job 40: 346/400
Job 40: 347/400
Job 40: 348/400
Job 40: 349/400
Job 40: 350/400
Job 40: 351/400
Job 40: 352/400
Job 40: 353/400
Job 40: 354/400
Job 40: 355/400
Job 40: 356/400
Job 40: 357/400
Job 40: 358/400
Job 40: 359/400
Job 40: 360/400
Job 40: 361/400
Job 40: 362/400
Job 40: 363/400
Job 40: 364/400
Job 40: 365/400
Job 40: 366/400
Job 40: 367/400
Job 40: 368/400
Job 40: 369/400
Job 40: 370/400
Job 40: 371/400
Job 40: 372/400
Job 40: 373/400
Job 40: 374/400
Job 40: 375/400
Job 40: 376/400
Job 40: 377/400
Job 40: 378/400
Job 40: 379/400
Job 40: 380/400
Job 40: 381/400
Job 40: 382/400
Job 40: 383/400
Job 40: 384/400
Job 40: 385/400
Job 40: 386/400
Job 40: 387/400
Job 40: 388/400
Job 40: 389/400
Job 40: 390/400
Job 40: 391/400
Job 40: 392/400
Job 40: 393/400
Job 40: 394/400
Job 40: 395/400
Job 40: 396/400
Job 40: 397/400
Job 40: 398/400
Job 40: 399/400
Job 40: 400/400
Warning message:
In data.table::fread(raw_file, data.table = FALSE) :
  Discarded single-line footer: <<0	GTEX-14PJO	0	0	0	-9	2	2	2	1	2	1	2	1	2	2	2	2	2	2	2	2	2	2	2	2	2	2	1	2	2	2	2	2	2	2	2	2	2	2	2	2	2	2	2	2	2	2	2	2	2	2	2	2	2	2	2	2	2	2	2	2	2	2	2	2	2	2	2	2	2	2	2	2	2	2	2	2	2	2	2	1	2	2	2	2	2	2	1	2	2	2	2	2	2	2	2	2	2	2	2	2	2	2	2	2	2	2	2	2	2	2	2	2	2	2	2	2	2	2	2	2	2	2	2	2	2	2	2	2	2	2	2	2	2	2	2	2	2	2	2	2	2	2	2	2	2	2	2	2	2	2	2	1	2	2	2	2	1	2	2	2	2	2	1	2	2	2	2	2	2	2	2	2	2	2	2	2	1	2	2	2	2	2	2	2	2	2	2	2	2	2	2	2	2	2	2	2	2	2	2	2	2	2	2	2	2	2	2	1	2	2	2	2	1	2	2	2	2	2	2	2	2	2	2	2	2	2	2	2	2	2	2	2	2	2	2	2	2	2	2	2	1	2	2	>>
