Registered S3 methods overwritten by 'susieSlide':
  method              from  
  coef.susie          susieR
  predict.susie       susieR
  print.summary.susie susieR
  summary.susie       susieR
Job 593: 1/400
Job 593: 2/400
Job 593: 3/400
Job 593: 4/400
Job 593: 5/400
Job 593: 6/400
Job 593: 7/400
Job 593: 8/400
Job 593: 9/400
Job 593: 10/400
Job 593: 11/400
Job 593: 12/400
Job 593: 13/400
Job 593: 14/400
Job 593: 15/400
Job 593: 16/400
Job 593: 17/400
Job 593: 18/400
Job 593: 19/400
Job 593: 20/400
Job 593: 21/400
Job 593: 22/400
Job 593: 23/400
Job 593: 24/400
Job 593: 25/400
Job 593: 26/400
Job 593: 27/400
Job 593: 28/400
Job 593: 29/400
Job 593: 30/400
Job 593: 31/400
Job 593: 32/400
Job 593: 33/400
Job 593: 34/400
Job 593: 35/400
Job 593: 36/400
Job 593: 37/400
Job 593: 38/400
Job 593: 39/400
Job 593: 40/400
Job 593: 41/400
Job 593: 42/400
Job 593: 43/400
Job 593: 44/400
Job 593: 45/400
Job 593: 46/400
Job 593: 47/400
Job 593: 48/400
Job 593: 49/400
Job 593: 50/400
Job 593: 51/400
Job 593: 52/400
Job 593: 53/400
Job 593: 54/400
Job 593: 55/400
Job 593: 56/400
Job 593: 57/400
Job 593: 58/400
Job 593: 59/400
Job 593: 60/400
Job 593: 61/400
Job 593: 62/400
Job 593: 63/400
Job 593: 64/400
Job 593: 65/400
Job 593: 66/400
Job 593: 67/400
Job 593: 68/400
Job 593: 69/400
Job 593: 70/400
Job 593: 71/400
Job 593: 72/400
Job 593: 73/400
Job 593: 74/400
Job 593: 75/400
Job 593: 76/400
Job 593: 77/400
Job 593: 78/400
Job 593: 79/400
Job 593: 80/400
Job 593: 81/400
Job 593: 82/400
Job 593: 83/400
Job 593: 84/400
Job 593: 85/400
Job 593: 86/400
Job 593: 87/400
Job 593: 88/400
Job 593: 89/400
Job 593: 90/400
Job 593: 91/400
Job 593: 92/400
Job 593: 93/400
Job 593: 94/400
Job 593: 95/400
Job 593: 96/400
Job 593: 97/400
Job 593: 98/400
Job 593: 99/400
Job 593: 100/400
Job 593: 101/400
Job 593: 102/400
Job 593: 103/400
Job 593: 104/400
Job 593: 105/400
Job 593: 106/400
Job 593: 107/400
Job 593: 108/400
Job 593: 109/400
Job 593: 110/400
Job 593: 111/400
Job 593: 112/400
Job 593: 113/400
Job 593: 114/400
Job 593: 115/400
Job 593: 116/400
Job 593: 117/400
Job 593: 118/400
Job 593: 119/400
Job 593: 120/400
Job 593: 121/400
Job 593: 122/400
Job 593: 123/400
Job 593: 124/400
Job 593: 125/400
Job 593: 126/400
Job 593: 127/400
Job 593: 128/400
Job 593: 129/400
Job 593: 130/400
Job 593: 131/400
Job 593: 132/400
Job 593: 133/400
Job 593: 134/400
Job 593: 135/400
Job 593: 136/400
Job 593: 137/400
Job 593: 138/400
Job 593: 139/400
Job 593: 140/400
Job 593: 141/400
Job 593: 142/400
Job 593: 143/400
Job 593: 144/400
Job 593: 145/400
Job 593: 146/400
Job 593: 147/400
Job 593: 148/400
Job 593: 149/400
Job 593: 150/400
Job 593: 151/400
Job 593: 152/400
Job 593: 153/400
Job 593: 154/400
Job 593: 155/400
Job 593: 156/400
Job 593: 157/400
Job 593: 158/400
Job 593: 159/400
Job 593: 160/400
Job 593: 161/400
Job 593: 162/400
Job 593: 163/400
Job 593: 164/400
Job 593: 165/400
Job 593: 166/400
Job 593: 167/400
Job 593: 168/400
Job 593: 169/400
Job 593: 170/400
Job 593: 171/400
Job 593: 172/400
Job 593: 173/400
Job 593: 174/400
Job 593: 175/400
Job 593: 176/400
Job 593: 177/400
Job 593: 178/400
Job 593: 179/400
Job 593: 180/400
Job 593: 181/400
Job 593: 182/400
Job 593: 183/400
Job 593: 184/400
Job 593: 185/400
Job 593: 186/400
Job 593: 187/400
Job 593: 188/400
Job 593: 189/400
Job 593: 190/400
Job 593: 191/400
Job 593: 192/400
Job 593: 193/400
Job 593: 194/400
Job 593: 195/400
Job 593: 196/400
Job 593: 197/400
Job 593: 198/400
Job 593: 199/400
Job 593: 200/400
Job 593: 201/400
Job 593: 202/400
Job 593: 203/400
Job 593: 204/400
Job 593: 205/400
Job 593: 206/400
Job 593: 207/400
Job 593: 208/400
Job 593: 209/400
Job 593: 210/400
Job 593: 211/400
Job 593: 212/400
Job 593: 213/400
Job 593: 214/400
Job 593: 215/400
Job 593: 216/400
Job 593: 217/400
Job 593: 218/400
Job 593: 219/400
Job 593: 220/400
Job 593: 221/400
Job 593: 222/400
Job 593: 223/400
Job 593: 224/400
Job 593: 225/400
Job 593: 226/400
Job 593: 227/400
Job 593: 228/400
Job 593: 229/400
Job 593: 230/400
Job 593: 231/400
Job 593: 232/400
Job 593: 233/400
Job 593: 234/400
Job 593: 235/400
Job 593: 236/400
Job 593: 237/400
Job 593: 238/400
Job 593: 239/400
Job 593: 240/400
Job 593: 241/400
Job 593: 242/400
Job 593: 243/400
Job 593: 244/400
Job 593: 245/400
Job 593: 246/400
Job 593: 247/400
Job 593: 248/400
Job 593: 249/400
Job 593: 250/400
Job 593: 251/400
Job 593: 252/400
Job 593: 253/400
Job 593: 254/400
Job 593: 255/400
Job 593: 256/400
Job 593: 257/400
Job 593: 258/400
Job 593: 259/400
Job 593: 260/400
Job 593: 261/400
Job 593: 262/400
Job 593: 263/400
Job 593: 264/400
Job 593: 265/400
Job 593: 266/400
Job 593: 267/400
Job 593: 268/400
Job 593: 269/400
Job 593: 270/400
Job 593: 271/400
Job 593: 272/400
Job 593: 273/400
Job 593: 274/400
Job 593: 275/400
Job 593: 276/400
Job 593: 277/400
Job 593: 278/400
Job 593: 279/400
Job 593: 280/400
Job 593: 281/400
Job 593: 282/400
Job 593: 283/400
Job 593: 284/400
Job 593: 285/400
Job 593: 286/400
Job 593: 287/400
Job 593: 288/400
Job 593: 289/400
Job 593: 290/400
Job 593: 291/400
Job 593: 292/400
Job 593: 293/400
Job 593: 294/400
Job 593: 295/400
Job 593: 296/400
Job 593: 297/400
Job 593: 298/400
Job 593: 299/400
Job 593: 300/400
Job 593: 301/400
Job 593: 302/400
Job 593: 303/400
Job 593: 304/400
Job 593: 305/400
Job 593: 306/400
Job 593: 307/400
Job 593: 308/400
Job 593: 309/400
Job 593: 310/400
Job 593: 311/400
Job 593: 312/400
Job 593: 313/400
Job 593: 314/400
Job 593: 315/400
Job 593: 316/400
Job 593: 317/400
Job 593: 318/400
Job 593: 319/400
Job 593: 320/400
Job 593: 321/400
Job 593: 322/400
Job 593: 323/400
Job 593: 324/400
Job 593: 325/400
Job 593: 326/400
Job 593: 327/400
Job 593: 328/400
Job 593: 329/400
Job 593: 330/400
Job 593: 331/400
Job 593: 332/400
Job 593: 333/400
Job 593: 334/400
Job 593: 335/400
Job 593: 336/400
Job 593: 337/400
Job 593: 338/400
Job 593: 339/400
Job 593: 340/400
Job 593: 341/400
Job 593: 342/400
Job 593: 343/400
Job 593: 344/400
Job 593: 345/400
Job 593: 346/400
Job 593: 347/400
Job 593: 348/400
Job 593: 349/400
Job 593: 350/400
Job 593: 351/400
Job 593: 352/400
Job 593: 353/400
Job 593: 354/400
Job 593: 355/400
Job 593: 356/400
Job 593: 357/400
Job 593: 358/400
Job 593: 359/400
Job 593: 360/400
Job 593: 361/400
Job 593: 362/400
Job 593: 363/400
Job 593: 364/400
Job 593: 365/400
Job 593: 366/400
Job 593: 367/400
Job 593: 368/400
Job 593: 369/400
Job 593: 370/400
Job 593: 371/400
Job 593: 372/400
Job 593: 373/400
Job 593: 374/400
Job 593: 375/400
Job 593: 376/400
Job 593: 377/400
Job 593: 378/400
Job 593: 379/400
Job 593: 380/400
Job 593: 381/400
Job 593: 382/400
Job 593: 383/400
Job 593: 384/400
Job 593: 385/400
Job 593: 386/400
Job 593: 387/400
Job 593: 388/400
Job 593: 389/400
Job 593: 390/400
Job 593: 391/400
Job 593: 392/400
Job 593: 393/400
Job 593: 394/400
Job 593: 395/400
Job 593: 396/400
Job 593: 397/400
Job 593: 398/400
Job 593: 399/400
Job 593: 400/400
