Registered S3 methods overwritten by 'susieSlide':
  method              from  
  coef.susie          susieR
  predict.susie       susieR
  print.summary.susie susieR
  summary.susie       susieR
Job 35: 1/400
Job 35: 2/400
Job 35: 3/400
Job 35: 4/400
Job 35: 5/400
Job 35: 6/400
Job 35: 7/400
Job 35: 8/400
Job 35: 9/400
Job 35: 10/400
Job 35: 11/400
Job 35: 12/400
Job 35: 13/400
Job 35: 14/400
Job 35: 15/400
Job 35: 16/400
Job 35: 17/400
Job 35: 18/400
Job 35: 19/400
Job 35: 20/400
Job 35: 21/400
Job 35: 22/400
Job 35: 23/400
Job 35: 24/400
Job 35: 25/400
Job 35: 26/400
Job 35: 27/400
Job 35: 28/400
Job 35: 29/400
Job 35: 30/400
Job 35: 31/400
Job 35: 32/400
Job 35: 33/400
Job 35: 34/400
Job 35: 35/400
Job 35: 36/400
Job 35: 37/400
Job 35: 38/400
Job 35: 39/400
Job 35: 40/400
Job 35: 41/400
Job 35: 42/400
Job 35: 43/400
Job 35: 44/400
Job 35: 45/400
Job 35: 46/400
Job 35: 47/400
Job 35: 48/400
Job 35: 49/400
Job 35: 50/400
Job 35: 51/400
Job 35: 52/400
Job 35: 53/400
Job 35: 54/400
Job 35: 55/400
Job 35: 56/400
Job 35: 57/400
Job 35: 58/400
Job 35: 59/400
Job 35: 60/400
Job 35: 61/400
Job 35: 62/400
Job 35: 63/400
Job 35: 64/400
Job 35: 65/400
Job 35: 66/400
Job 35: 67/400
Job 35: 68/400
Job 35: 69/400
Job 35: 70/400
Job 35: 71/400
Job 35: 72/400
Job 35: 73/400
Job 35: 74/400
Job 35: 75/400
Job 35: 76/400
Job 35: 77/400
Job 35: 78/400
Job 35: 79/400
Job 35: 80/400
Job 35: 81/400
Job 35: 82/400
Job 35: 83/400
Job 35: 84/400
Job 35: 85/400
Job 35: 86/400
Job 35: 87/400
Job 35: 88/400
Job 35: 89/400
Job 35: 90/400
Job 35: 91/400
Job 35: 92/400
Job 35: 93/400
Job 35: 94/400
Job 35: 95/400
Job 35: 96/400
Job 35: 97/400
Job 35: 98/400
Job 35: 99/400
Job 35: 100/400
Job 35: 101/400
Job 35: 102/400
Job 35: 103/400
Job 35: 104/400
Job 35: 105/400
Job 35: 106/400
Job 35: 107/400
Job 35: 108/400
Job 35: 109/400
Job 35: 110/400
Job 35: 111/400
Job 35: 112/400
Job 35: 113/400
Job 35: 114/400
Job 35: 115/400
Job 35: 116/400
Job 35: 117/400
Job 35: 118/400
Job 35: 119/400
Job 35: 120/400
Job 35: 121/400
Job 35: 122/400
Job 35: 123/400
Job 35: 124/400
Job 35: 125/400
Job 35: 126/400
Job 35: 127/400
Job 35: 128/400
Job 35: 129/400
Job 35: 130/400
Job 35: 131/400
Job 35: 132/400
Job 35: 133/400
Job 35: 134/400
Job 35: 135/400
Job 35: 136/400
Job 35: 137/400
Job 35: 138/400
Job 35: 139/400
Job 35: 140/400
Job 35: 141/400
Job 35: 142/400
Job 35: 143/400
Job 35: 144/400
Job 35: 145/400
Job 35: 146/400
Job 35: 147/400
Job 35: 148/400
Job 35: 149/400
Job 35: 150/400
Job 35: 151/400
Job 35: 152/400
Job 35: 153/400
Job 35: 154/400
Job 35: 155/400
Job 35: 156/400
Job 35: 157/400
Job 35: 158/400
Job 35: 159/400
Job 35: 160/400
Job 35: 161/400
Job 35: 162/400
Job 35: 163/400
Job 35: 164/400
Job 35: 165/400
Job 35: 166/400
Job 35: 167/400
Job 35: 168/400
Job 35: 169/400
Job 35: 170/400
Job 35: 171/400
Job 35: 172/400
Job 35: 173/400
Job 35: 174/400
Job 35: 175/400
Job 35: 176/400
Job 35: 177/400
Job 35: 178/400
Job 35: 179/400
Job 35: 180/400
Job 35: 181/400
Job 35: 182/400
Job 35: 183/400
Job 35: 184/400
Job 35: 185/400
Job 35: 186/400
Job 35: 187/400
Job 35: 188/400
Job 35: 189/400
Job 35: 190/400
Job 35: 191/400
Job 35: 192/400
Job 35: 193/400
Job 35: 194/400
Job 35: 195/400
Job 35: 196/400
Job 35: 197/400
Job 35: 198/400
Job 35: 199/400
Job 35: 200/400
Job 35: 201/400
Job 35: 202/400
Job 35: 203/400
Job 35: 204/400
Job 35: 205/400
Job 35: 206/400
Job 35: 207/400
Job 35: 208/400
Job 35: 209/400
Job 35: 210/400
Job 35: 211/400
Job 35: 212/400
Job 35: 213/400
Job 35: 214/400
Job 35: 215/400
Job 35: 216/400
Job 35: 217/400
Job 35: 218/400
Job 35: 219/400
Job 35: 220/400
Job 35: 221/400
Job 35: 222/400
Job 35: 223/400
Job 35: 224/400
Job 35: 225/400
Job 35: 226/400
Job 35: 227/400
Job 35: 228/400
Job 35: 229/400
Job 35: 230/400
Job 35: 231/400
Job 35: 232/400
Job 35: 233/400
Job 35: 234/400
Job 35: 235/400
Job 35: 236/400
Job 35: 237/400
Job 35: 238/400
Job 35: 239/400
Job 35: 240/400
Job 35: 241/400
Job 35: 242/400
Job 35: 243/400
Job 35: 244/400
Job 35: 245/400
Job 35: 246/400
Job 35: 247/400
Job 35: 248/400
Job 35: 249/400
Job 35: 250/400
Job 35: 251/400
Job 35: 252/400
Job 35: 253/400
Job 35: 254/400
Job 35: 255/400
Job 35: 256/400
Job 35: 257/400
Job 35: 258/400
Job 35: 259/400
Job 35: 260/400
Job 35: 261/400
Job 35: 262/400
Job 35: 263/400
Job 35: 264/400
Job 35: 265/400
Job 35: 266/400
Job 35: 267/400
Job 35: 268/400
Job 35: 269/400
Job 35: 270/400
Job 35: 271/400
Job 35: 272/400
Job 35: 273/400
Job 35: 274/400
Job 35: 275/400
Job 35: 276/400
Job 35: 277/400
Job 35: 278/400
Job 35: 279/400
Job 35: 280/400
Job 35: 281/400
Job 35: 282/400
Job 35: 283/400
Job 35: 284/400
Job 35: 285/400
Job 35: 286/400
Job 35: 287/400
Job 35: 288/400
Job 35: 289/400
Job 35: 290/400
Job 35: 291/400
Job 35: 292/400
Job 35: 293/400
Job 35: 294/400
Job 35: 295/400
Job 35: 296/400
Job 35: 297/400
Job 35: 298/400
Job 35: 299/400
Job 35: 300/400
Job 35: 301/400
Job 35: 302/400
Job 35: 303/400
Job 35: 304/400
Job 35: 305/400
Job 35: 306/400
Job 35: 307/400
Job 35: 308/400
Job 35: 309/400
Job 35: 310/400
Job 35: 311/400
Job 35: 312/400
Job 35: 313/400
Job 35: 314/400
Job 35: 315/400
Job 35: 316/400
Job 35: 317/400
Job 35: 318/400
Job 35: 319/400
Job 35: 320/400
Job 35: 321/400
Job 35: 322/400
Job 35: 323/400
Job 35: 324/400
Job 35: 325/400
Job 35: 326/400
Job 35: 327/400
Job 35: 328/400
Job 35: 329/400
Job 35: 330/400
Job 35: 331/400
Job 35: 332/400
Job 35: 333/400
Job 35: 334/400
Job 35: 335/400
Job 35: 336/400
Job 35: 337/400
Job 35: 338/400
Job 35: 339/400
Job 35: 340/400
Job 35: 341/400
Job 35: 342/400
Job 35: 343/400
Job 35: 344/400
Job 35: 345/400
Job 35: 346/400
Job 35: 347/400
Job 35: 348/400
Job 35: 349/400
Job 35: 350/400
Job 35: 351/400
Job 35: 352/400
Job 35: 353/400
Job 35: 354/400
Job 35: 355/400
Job 35: 356/400
Job 35: 357/400
Job 35: 358/400
Job 35: 359/400
Job 35: 360/400
Job 35: 361/400
Job 35: 362/400
Job 35: 363/400
Job 35: 364/400
Job 35: 365/400
Job 35: 366/400
Job 35: 367/400
Job 35: 368/400
Job 35: 369/400
Job 35: 370/400
Job 35: 371/400
Job 35: 372/400
Job 35: 373/400
Job 35: 374/400
Job 35: 375/400
Job 35: 376/400
Job 35: 377/400
Job 35: 378/400
Job 35: 379/400
Job 35: 380/400
Job 35: 381/400
Job 35: 382/400
Job 35: 383/400
Job 35: 384/400
Job 35: 385/400
Job 35: 386/400
Job 35: 387/400
Job 35: 388/400
Job 35: 389/400
Job 35: 390/400
Job 35: 391/400
Job 35: 392/400
Job 35: 393/400
Job 35: 394/400
Job 35: 395/400
Job 35: 396/400
Job 35: 397/400
Job 35: 398/400
Job 35: 399/400
Job 35: 400/400
