Registered S3 methods overwritten by 'susieSlide':
  method              from  
  coef.susie          susieR
  predict.susie       susieR
  print.summary.susie susieR
  summary.susie       susieR
Job 103: 1/400
Job 103: 2/400
Job 103: 3/400
Job 103: 4/400
Job 103: 5/400
Job 103: 6/400
Job 103: 7/400
Job 103: 8/400
Job 103: 9/400
Job 103: 10/400
Job 103: 11/400
Job 103: 12/400
Job 103: 13/400
Job 103: 14/400
Job 103: 15/400
Job 103: 16/400
Job 103: 17/400
Job 103: 18/400
Job 103: 19/400
Job 103: 20/400
Job 103: 21/400
Job 103: 22/400
Job 103: 23/400
Job 103: 24/400
Job 103: 25/400
Job 103: 26/400
Job 103: 27/400
Job 103: 28/400
Job 103: 29/400
Job 103: 30/400
Job 103: 31/400
Job 103: 32/400
Job 103: 33/400
Job 103: 34/400
Job 103: 35/400
Job 103: 36/400
Job 103: 37/400
Job 103: 38/400
Job 103: 39/400
Job 103: 40/400
Job 103: 41/400
Job 103: 42/400
Job 103: 43/400
Job 103: 44/400
Job 103: 45/400
Job 103: 46/400
Job 103: 47/400
Job 103: 48/400
Job 103: 49/400
Job 103: 50/400
Job 103: 51/400
Job 103: 52/400
Job 103: 53/400
Job 103: 54/400
Job 103: 55/400
Job 103: 56/400
Job 103: 57/400
Job 103: 58/400
Job 103: 59/400
Job 103: 60/400
Job 103: 61/400
Job 103: 62/400
Job 103: 63/400
Job 103: 64/400
Job 103: 65/400
Job 103: 66/400
Job 103: 67/400
Job 103: 68/400
Job 103: 69/400
Job 103: 70/400
Job 103: 71/400
Job 103: 72/400
Job 103: 73/400
Job 103: 74/400
Job 103: 75/400
Job 103: 76/400
Job 103: 77/400
Job 103: 78/400
Job 103: 79/400
Job 103: 80/400
Job 103: 81/400
Job 103: 82/400
Job 103: 83/400
Job 103: 84/400
Job 103: 85/400
Job 103: 86/400
Job 103: 87/400
Job 103: 88/400
Job 103: 89/400
Job 103: 90/400
Job 103: 91/400
Job 103: 92/400
Job 103: 93/400
Job 103: 94/400
Job 103: 95/400
Job 103: 96/400
Job 103: 97/400
Job 103: 98/400
Job 103: 99/400
Job 103: 100/400
Job 103: 101/400
Job 103: 102/400
Job 103: 103/400
Job 103: 104/400
Job 103: 105/400
Job 103: 106/400
Job 103: 107/400
Job 103: 108/400
Job 103: 109/400
Job 103: 110/400
Job 103: 111/400
Job 103: 112/400
Job 103: 113/400
Job 103: 114/400
Job 103: 115/400
Job 103: 116/400
Job 103: 117/400
Job 103: 118/400
Job 103: 119/400
Job 103: 120/400
Job 103: 121/400
Job 103: 122/400
Job 103: 123/400
Job 103: 124/400
Job 103: 125/400
Job 103: 126/400
Job 103: 127/400
Job 103: 128/400
Job 103: 129/400
Job 103: 130/400
Job 103: 131/400
Job 103: 132/400
Job 103: 133/400
Job 103: 134/400
Job 103: 135/400
Job 103: 136/400
Job 103: 137/400
Job 103: 138/400
Job 103: 139/400
Job 103: 140/400
Job 103: 141/400
Job 103: 142/400
Job 103: 143/400
Job 103: 144/400
Job 103: 145/400
Job 103: 146/400
Job 103: 147/400
Job 103: 148/400
Job 103: 149/400
Job 103: 150/400
Job 103: 151/400
Job 103: 152/400
Job 103: 153/400
Job 103: 154/400
Job 103: 155/400
Job 103: 156/400
Job 103: 157/400
Job 103: 158/400
Job 103: 159/400
Job 103: 160/400
Job 103: 161/400
Job 103: 162/400
Job 103: 163/400
Job 103: 164/400
Job 103: 165/400
Job 103: 166/400
Job 103: 167/400
Job 103: 168/400
Job 103: 169/400
Job 103: 170/400
Job 103: 171/400
Job 103: 172/400
Job 103: 173/400
Job 103: 174/400
Job 103: 175/400
Job 103: 176/400
Job 103: 177/400
Job 103: 178/400
Job 103: 179/400
Job 103: 180/400
Job 103: 181/400
Job 103: 182/400
Job 103: 183/400
Job 103: 184/400
Job 103: 185/400
Job 103: 186/400
Job 103: 187/400
Job 103: 188/400
Job 103: 189/400
Job 103: 190/400
Job 103: 191/400
Job 103: 192/400
Job 103: 193/400
Job 103: 194/400
Job 103: 195/400
Job 103: 196/400
Job 103: 197/400
Job 103: 198/400
Job 103: 199/400
Job 103: 200/400
Job 103: 201/400
Job 103: 202/400
Job 103: 203/400
Job 103: 204/400
Job 103: 205/400
Job 103: 206/400
Job 103: 207/400
Job 103: 208/400
Job 103: 209/400
Job 103: 210/400
Job 103: 211/400
Job 103: 212/400
Job 103: 213/400
Job 103: 214/400
Job 103: 215/400
Job 103: 216/400
Job 103: 217/400
Job 103: 218/400
Job 103: 219/400
Job 103: 220/400
Job 103: 221/400
Job 103: 222/400
Job 103: 223/400
Job 103: 224/400
Job 103: 225/400
Job 103: 226/400
Job 103: 227/400
Job 103: 228/400
Job 103: 229/400
Job 103: 230/400
Job 103: 231/400
Job 103: 232/400
Job 103: 233/400
Job 103: 234/400
Job 103: 235/400
Job 103: 236/400
Job 103: 237/400
Job 103: 238/400
Job 103: 239/400
Job 103: 240/400
Job 103: 241/400
Job 103: 242/400
Job 103: 243/400
Job 103: 244/400
Job 103: 245/400
Job 103: 246/400
Job 103: 247/400
Job 103: 248/400
Job 103: 249/400
Job 103: 250/400
Job 103: 251/400
Job 103: 252/400
Job 103: 253/400
Job 103: 254/400
Job 103: 255/400
Job 103: 256/400
Job 103: 257/400
Job 103: 258/400
Job 103: 259/400
Job 103: 260/400
Job 103: 261/400
Job 103: 262/400
Job 103: 263/400
Job 103: 264/400
Job 103: 265/400
Job 103: 266/400
Job 103: 267/400
Job 103: 268/400
Job 103: 269/400
Job 103: 270/400
Job 103: 271/400
Job 103: 272/400
Job 103: 273/400
Job 103: 274/400
Job 103: 275/400
Job 103: 276/400
Job 103: 277/400
Job 103: 278/400
Job 103: 279/400
Job 103: 280/400
Job 103: 281/400
Job 103: 282/400
Job 103: 283/400
Job 103: 284/400
Job 103: 285/400
Job 103: 286/400
Job 103: 287/400
Job 103: 288/400
Job 103: 289/400
Job 103: 290/400
Job 103: 291/400
Job 103: 292/400
Job 103: 293/400
Job 103: 294/400
Job 103: 295/400
Job 103: 296/400
Job 103: 297/400
Job 103: 298/400
Job 103: 299/400
Job 103: 300/400
Job 103: 301/400
Job 103: 302/400
Job 103: 303/400
Job 103: 304/400
Job 103: 305/400
Job 103: 306/400
Job 103: 307/400
Job 103: 308/400
Job 103: 309/400
Job 103: 310/400
Job 103: 311/400
Job 103: 312/400
Job 103: 313/400
Job 103: 314/400
Job 103: 315/400
Job 103: 316/400
Job 103: 317/400
Job 103: 318/400
Job 103: 319/400
Job 103: 320/400
Job 103: 321/400
Job 103: 322/400
Job 103: 323/400
Job 103: 324/400
Job 103: 325/400
Job 103: 326/400
Job 103: 327/400
Job 103: 328/400
Job 103: 329/400
Job 103: 330/400
Job 103: 331/400
Job 103: 332/400
Job 103: 333/400
Job 103: 334/400
Job 103: 335/400
Job 103: 336/400
Job 103: 337/400
Job 103: 338/400
Job 103: 339/400
Job 103: 340/400
Job 103: 341/400
Job 103: 342/400
Job 103: 343/400
Job 103: 344/400
Job 103: 345/400
Job 103: 346/400
Job 103: 347/400
Job 103: 348/400
Job 103: 349/400
Job 103: 350/400
Job 103: 351/400
Job 103: 352/400
Job 103: 353/400
Job 103: 354/400
Job 103: 355/400
Job 103: 356/400
Job 103: 357/400
Job 103: 358/400
Job 103: 359/400
Job 103: 360/400
Job 103: 361/400
Job 103: 362/400
Job 103: 363/400
Job 103: 364/400
Job 103: 365/400
Job 103: 366/400
Job 103: 367/400
Job 103: 368/400
Job 103: 369/400
Job 103: 370/400
Job 103: 371/400
Job 103: 372/400
Job 103: 373/400
Job 103: 374/400
Job 103: 375/400
Job 103: 376/400
Job 103: 377/400
Job 103: 378/400
Job 103: 379/400
Job 103: 380/400
Job 103: 381/400
Job 103: 382/400
Job 103: 383/400
Job 103: 384/400
Job 103: 385/400
Job 103: 386/400
Job 103: 387/400
Job 103: 388/400
Job 103: 389/400
Job 103: 390/400
Job 103: 391/400
Job 103: 392/400
Job 103: 393/400
Job 103: 394/400
Job 103: 395/400
Job 103: 396/400
Job 103: 397/400
Job 103: 398/400
Job 103: 399/400
Job 103: 400/400
