Registered S3 methods overwritten by 'susieSlide':
  method              from  
  coef.susie          susieR
  predict.susie       susieR
  print.summary.susie susieR
  summary.susie       susieR
Job 382: 1/400
Job 382: 2/400
Job 382: 3/400
Job 382: 4/400
Job 382: 5/400
Job 382: 6/400
Job 382: 7/400
Job 382: 8/400
Job 382: 9/400
Job 382: 10/400
Job 382: 11/400
Job 382: 12/400
Job 382: 13/400
Job 382: 14/400
Job 382: 15/400
Job 382: 16/400
Job 382: 17/400
Job 382: 18/400
Job 382: 19/400
Job 382: 20/400
Job 382: 21/400
Job 382: 22/400 ERROR: File '/project2/mstephens/wdenault/susie_mix/temp_plink/plink_RBKS.raw' does not exist or is non-readable. getwd()=='/project2/mstephens/wdenault/susie_mix/job'
Job 382: 23/400
Job 382: 24/400
Job 382: 25/400
Job 382: 26/400
Job 382: 27/400
Job 382: 28/400
Job 382: 29/400
Job 382: 30/400
Job 382: 31/400
Job 382: 32/400
Job 382: 33/400
Job 382: 34/400
Job 382: 35/400
Job 382: 36/400
Job 382: 37/400
Job 382: 38/400
Job 382: 39/400
Job 382: 40/400
Job 382: 41/400
Job 382: 42/400
Job 382: 43/400
Job 382: 44/400
Job 382: 45/400
Job 382: 46/400
Job 382: 47/400
Job 382: 48/400
Job 382: 49/400
Job 382: 50/400
Job 382: 51/400
Job 382: 52/400
Job 382: 53/400
Job 382: 54/400
Job 382: 55/400
Job 382: 56/400
Job 382: 57/400
Job 382: 58/400
Job 382: 59/400
Job 382: 60/400
Job 382: 61/400
Job 382: 62/400
Job 382: 63/400
Job 382: 64/400
Job 382: 65/400
Job 382: 66/400
Job 382: 67/400
Job 382: 68/400
Job 382: 69/400
Job 382: 70/400
Job 382: 71/400
Job 382: 72/400
Job 382: 73/400
Job 382: 74/400
Job 382: 75/400
Job 382: 76/400
Job 382: 77/400
Job 382: 78/400
Job 382: 79/400
Job 382: 80/400
Job 382: 81/400
Job 382: 82/400
Job 382: 83/400
Job 382: 84/400
Job 382: 85/400
Job 382: 86/400
Job 382: 87/400
Job 382: 88/400
Job 382: 89/400
Job 382: 90/400
Job 382: 91/400
Job 382: 92/400
Job 382: 93/400
Job 382: 94/400
Job 382: 95/400
Job 382: 96/400
Job 382: 97/400
Job 382: 98/400
Job 382: 99/400
Job 382: 100/400
Job 382: 101/400
Job 382: 102/400
Job 382: 103/400
Job 382: 104/400
Job 382: 105/400
Job 382: 106/400
Job 382: 107/400
Job 382: 108/400
Job 382: 109/400
Job 382: 110/400
Job 382: 111/400
Job 382: 112/400
Job 382: 113/400
Job 382: 114/400
Job 382: 115/400
Job 382: 116/400
Job 382: 117/400
Job 382: 118/400
Job 382: 119/400
Job 382: 120/400
Job 382: 121/400
Job 382: 122/400
Job 382: 123/400
Job 382: 124/400
Job 382: 125/400
Job 382: 126/400
Job 382: 127/400
Job 382: 128/400
Job 382: 129/400
Job 382: 130/400
Job 382: 131/400
Job 382: 132/400
Job 382: 133/400
Job 382: 134/400
Job 382: 135/400
Job 382: 136/400
Job 382: 137/400
Job 382: 138/400
Job 382: 139/400
Job 382: 140/400
Job 382: 141/400
Job 382: 142/400
Job 382: 143/400
Job 382: 144/400
Job 382: 145/400
Job 382: 146/400
Job 382: 147/400
Job 382: 148/400
Job 382: 149/400
Job 382: 150/400
Job 382: 151/400
Job 382: 152/400
Job 382: 153/400
Job 382: 154/400
Job 382: 155/400
Job 382: 156/400
Job 382: 157/400
Job 382: 158/400
Job 382: 159/400
Job 382: 160/400
Job 382: 161/400
Job 382: 162/400
Job 382: 163/400
Job 382: 164/400
Job 382: 165/400
Job 382: 166/400
Job 382: 167/400
Job 382: 168/400
Job 382: 169/400
Job 382: 170/400
Job 382: 171/400
Job 382: 172/400
Job 382: 173/400
Job 382: 174/400
Job 382: 175/400
Job 382: 176/400
Job 382: 177/400
Job 382: 178/400
Job 382: 179/400
Job 382: 180/400
Job 382: 181/400
Job 382: 182/400
Job 382: 183/400
Job 382: 184/400
Job 382: 185/400
Job 382: 186/400
Job 382: 187/400
Job 382: 188/400
Job 382: 189/400
Job 382: 190/400
Job 382: 191/400
Job 382: 192/400
Job 382: 193/400
Job 382: 194/400
Job 382: 195/400
Job 382: 196/400
Job 382: 197/400
Job 382: 198/400
Job 382: 199/400
Job 382: 200/400
Job 382: 201/400
Job 382: 202/400
Job 382: 203/400
Job 382: 204/400
Job 382: 205/400
Job 382: 206/400
Job 382: 207/400
Job 382: 208/400
Job 382: 209/400
Job 382: 210/400
Job 382: 211/400
Job 382: 212/400
Job 382: 213/400
Job 382: 214/400
Job 382: 215/400
Job 382: 216/400
Job 382: 217/400
Job 382: 218/400
Job 382: 219/400
Job 382: 220/400
Job 382: 221/400
Job 382: 222/400
Job 382: 223/400
Job 382: 224/400
Job 382: 225/400
Job 382: 226/400
Job 382: 227/400
Job 382: 228/400
Job 382: 229/400
Job 382: 230/400
Job 382: 231/400
Job 382: 232/400
Job 382: 233/400
Job 382: 234/400
Job 382: 235/400
Job 382: 236/400
Job 382: 237/400
Job 382: 238/400
Job 382: 239/400
Job 382: 240/400
Job 382: 241/400
Job 382: 242/400
Job 382: 243/400
Job 382: 244/400
Job 382: 245/400
Job 382: 246/400
Job 382: 247/400
Job 382: 248/400
Job 382: 249/400
Job 382: 250/400
Job 382: 251/400
Job 382: 252/400
Job 382: 253/400
Job 382: 254/400
Job 382: 255/400
Job 382: 256/400
Job 382: 257/400
Job 382: 258/400
Job 382: 259/400
Job 382: 260/400
Job 382: 261/400
Job 382: 262/400
Job 382: 263/400
Job 382: 264/400
Job 382: 265/400
Job 382: 266/400
Job 382: 267/400
Job 382: 268/400
Job 382: 269/400
Job 382: 270/400
Job 382: 271/400
Job 382: 272/400
Job 382: 273/400
Job 382: 274/400
Job 382: 275/400
Job 382: 276/400
Job 382: 277/400
Job 382: 278/400
Job 382: 279/400
Job 382: 280/400
Job 382: 281/400
Job 382: 282/400
Job 382: 283/400
Job 382: 284/400
Job 382: 285/400
Job 382: 286/400
Job 382: 287/400
Job 382: 288/400
Job 382: 289/400
Job 382: 290/400
Job 382: 291/400
Job 382: 292/400
Job 382: 293/400
Job 382: 294/400
Job 382: 295/400
Job 382: 296/400
Job 382: 297/400
Job 382: 298/400
Job 382: 299/400
Job 382: 300/400
Job 382: 301/400
Job 382: 302/400
Job 382: 303/400
Job 382: 304/400
Job 382: 305/400
Job 382: 306/400
Job 382: 307/400
Job 382: 308/400
Job 382: 309/400
Job 382: 310/400
Job 382: 311/400
Job 382: 312/400
Job 382: 313/400
Job 382: 314/400
Job 382: 315/400
Job 382: 316/400
Job 382: 317/400
Job 382: 318/400
Job 382: 319/400
Job 382: 320/400
Job 382: 321/400
Job 382: 322/400
Job 382: 323/400
Job 382: 324/400
Job 382: 325/400
Job 382: 326/400
Job 382: 327/400
Job 382: 328/400
Job 382: 329/400
Job 382: 330/400
Job 382: 331/400
Job 382: 332/400
Job 382: 333/400
Job 382: 334/400
Job 382: 335/400
Job 382: 336/400
Job 382: 337/400
Job 382: 338/400
Job 382: 339/400
Job 382: 340/400
Job 382: 341/400
Job 382: 342/400
Job 382: 343/400
Job 382: 344/400
Job 382: 345/400
Job 382: 346/400
Job 382: 347/400
Job 382: 348/400
Job 382: 349/400
Job 382: 350/400
Job 382: 351/400
Job 382: 352/400
Job 382: 353/400
Job 382: 354/400
Job 382: 355/400
Job 382: 356/400
Job 382: 357/400
Job 382: 358/400
Job 382: 359/400
Job 382: 360/400
Job 382: 361/400
Job 382: 362/400
Job 382: 363/400
Job 382: 364/400
Job 382: 365/400
Job 382: 366/400
Job 382: 367/400
Job 382: 368/400
Job 382: 369/400
Job 382: 370/400
Job 382: 371/400
Job 382: 372/400
Job 382: 373/400
Job 382: 374/400
Job 382: 375/400
Job 382: 376/400
Job 382: 377/400
Job 382: 378/400
Job 382: 379/400
Job 382: 380/400
Job 382: 381/400
Job 382: 382/400
Job 382: 383/400
Job 382: 384/400
Job 382: 385/400
Job 382: 386/400
Job 382: 387/400
Job 382: 388/400
Job 382: 389/400
Job 382: 390/400
Job 382: 391/400
Job 382: 392/400
Job 382: 393/400
Job 382: 394/400
Job 382: 395/400
Job 382: 396/400
Job 382: 397/400
Job 382: 398/400
Job 382: 399/400
Job 382: 400/400
