Registered S3 methods overwritten by 'susieSlide':
  method              from  
  coef.susie          susieR
  predict.susie       susieR
  print.summary.susie susieR
  summary.susie       susieR
Job 632: 1/400
Job 632: 2/400
Job 632: 3/400
Job 632: 4/400
Job 632: 5/400
Job 632: 6/400
Job 632: 7/400
Job 632: 8/400
Job 632: 9/400
Job 632: 10/400
Job 632: 11/400
Job 632: 12/400
Job 632: 13/400
Job 632: 14/400
Job 632: 15/400
Job 632: 16/400
Job 632: 17/400
Job 632: 18/400
Job 632: 19/400
Job 632: 20/400
Job 632: 21/400
Job 632: 22/400 ERROR: No .raw files found in temp_dir.
Job 632: 23/400 ERROR: No .raw files found in temp_dir.
Job 632: 24/400 ERROR: No .raw files found in temp_dir.
Job 632: 25/400 ERROR: No .raw files found in temp_dir.
Job 632: 26/400 ERROR: No .raw files found in temp_dir.
Job 632: 27/400 ERROR: No .raw files found in temp_dir.
Job 632: 28/400 ERROR: No .raw files found in temp_dir.
Job 632: 29/400 ERROR: No .raw files found in temp_dir.
Job 632: 30/400 ERROR: No .raw files found in temp_dir.
Job 632: 31/400 ERROR: No .raw files found in temp_dir.
Job 632: 32/400 ERROR: No .raw files found in temp_dir.
Job 632: 33/400 ERROR: No .raw files found in temp_dir.
Job 632: 34/400 ERROR: No .raw files found in temp_dir.
Job 632: 35/400 ERROR: No .raw files found in temp_dir.
Job 632: 36/400 ERROR: No .raw files found in temp_dir.
Job 632: 37/400 ERROR: No .raw files found in temp_dir.
Job 632: 38/400 ERROR: No .raw files found in temp_dir.
Job 632: 39/400 ERROR: No .raw files found in temp_dir.
Job 632: 40/400 ERROR: No .raw files found in temp_dir.
Job 632: 41/400 ERROR: No .raw files found in temp_dir.
Job 632: 42/400 ERROR: No .raw files found in temp_dir.
Job 632: 43/400 ERROR: No .raw files found in temp_dir.
Job 632: 44/400 ERROR: No .raw files found in temp_dir.
Job 632: 45/400 ERROR: No .raw files found in temp_dir.
Job 632: 46/400 ERROR: No .raw files found in temp_dir.
Job 632: 47/400 ERROR: No .raw files found in temp_dir.
Job 632: 48/400 ERROR: No .raw files found in temp_dir.
Job 632: 49/400 ERROR: No .raw files found in temp_dir.
Job 632: 50/400 ERROR: No .raw files found in temp_dir.
Job 632: 51/400 ERROR: No .raw files found in temp_dir.
Job 632: 52/400 ERROR: No .raw files found in temp_dir.
Job 632: 53/400 ERROR: No .raw files found in temp_dir.
Job 632: 54/400 ERROR: No .raw files found in temp_dir.
Job 632: 55/400 ERROR: No .raw files found in temp_dir.
Job 632: 56/400 ERROR: No .raw files found in temp_dir.
Job 632: 57/400 ERROR: No .raw files found in temp_dir.
Job 632: 58/400 ERROR: No .raw files found in temp_dir.
Job 632: 59/400 ERROR: No .raw files found in temp_dir.
Job 632: 60/400 ERROR: No .raw files found in temp_dir.
Job 632: 61/400 ERROR: No .raw files found in temp_dir.
Job 632: 62/400 ERROR: No .raw files found in temp_dir.
Job 632: 63/400 ERROR: No .raw files found in temp_dir.
Job 632: 64/400 ERROR: No .raw files found in temp_dir.
Job 632: 65/400 ERROR: No .raw files found in temp_dir.
Job 632: 66/400 ERROR: No .raw files found in temp_dir.
Job 632: 67/400 ERROR: No .raw files found in temp_dir.
Job 632: 68/400 ERROR: No .raw files found in temp_dir.
Job 632: 69/400 ERROR: No .raw files found in temp_dir.
Job 632: 70/400 ERROR: No .raw files found in temp_dir.
Job 632: 71/400 ERROR: No .raw files found in temp_dir.
Job 632: 72/400 ERROR: No .raw files found in temp_dir.
Job 632: 73/400 ERROR: No .raw files found in temp_dir.
Job 632: 74/400 ERROR: No .raw files found in temp_dir.
Job 632: 75/400 ERROR: No .raw files found in temp_dir.
Job 632: 76/400 ERROR: No .raw files found in temp_dir.
Job 632: 77/400 ERROR: No .raw files found in temp_dir.
Job 632: 78/400 ERROR: No .raw files found in temp_dir.
Job 632: 79/400 ERROR: No .raw files found in temp_dir.
Job 632: 80/400 ERROR: No .raw files found in temp_dir.
Job 632: 81/400 ERROR: No .raw files found in temp_dir.
Job 632: 82/400 ERROR: No .raw files found in temp_dir.
Job 632: 83/400 ERROR: No .raw files found in temp_dir.
Job 632: 84/400 ERROR: No .raw files found in temp_dir.
Job 632: 85/400 ERROR: No .raw files found in temp_dir.
Job 632: 86/400 ERROR: No .raw files found in temp_dir.
Job 632: 87/400 ERROR: No .raw files found in temp_dir.
Job 632: 88/400 ERROR: No .raw files found in temp_dir.
Job 632: 89/400 ERROR: No .raw files found in temp_dir.
Job 632: 90/400 ERROR: No .raw files found in temp_dir.
Job 632: 91/400 ERROR: No .raw files found in temp_dir.
Job 632: 92/400 ERROR: No .raw files found in temp_dir.
Job 632: 93/400 ERROR: No .raw files found in temp_dir.
Job 632: 94/400 ERROR: No .raw files found in temp_dir.
Job 632: 95/400 ERROR: No .raw files found in temp_dir.
Job 632: 96/400 ERROR: No .raw files found in temp_dir.
Job 632: 97/400 ERROR: No .raw files found in temp_dir.
Job 632: 98/400 ERROR: No .raw files found in temp_dir.
Job 632: 99/400 ERROR: No .raw files found in temp_dir.
Job 632: 100/400 ERROR: Not enough donors for the requested n.
Job 632: 101/400
Job 632: 102/400
Job 632: 103/400
Job 632: 104/400
Job 632: 105/400
Job 632: 106/400
Job 632: 107/400
Job 632: 108/400
Job 632: 109/400
Job 632: 110/400
Job 632: 111/400
Job 632: 112/400
Job 632: 113/400
Job 632: 114/400
Job 632: 115/400
Job 632: 116/400
Job 632: 117/400
Job 632: 118/400
Job 632: 119/400
Job 632: 120/400
Job 632: 121/400
Job 632: 122/400
Job 632: 123/400
Job 632: 124/400
Job 632: 125/400
Job 632: 126/400 ERROR: No .raw files found in temp_dir.
Job 632: 127/400 ERROR: No .raw files found in temp_dir.
Job 632: 128/400 ERROR: No .raw files found in temp_dir.
Job 632: 129/400 ERROR: No .raw files found in temp_dir.
Job 632: 130/400 ERROR: No .raw files found in temp_dir.
Job 632: 131/400 ERROR: No .raw files found in temp_dir.
Job 632: 132/400 ERROR: No .raw files found in temp_dir.
Job 632: 133/400 ERROR: No .raw files found in temp_dir.
Job 632: 134/400 ERROR: No .raw files found in temp_dir.
Job 632: 135/400 ERROR: No .raw files found in temp_dir.
Job 632: 136/400 ERROR: No .raw files found in temp_dir.
Job 632: 137/400 ERROR: No .raw files found in temp_dir.
Job 632: 138/400 ERROR: No .raw files found in temp_dir.
Job 632: 139/400 ERROR: No .raw files found in temp_dir.
Job 632: 140/400 ERROR: No .raw files found in temp_dir.
Job 632: 141/400 ERROR: No .raw files found in temp_dir.
Job 632: 142/400 ERROR: No .raw files found in temp_dir.
Job 632: 143/400 ERROR: No .raw files found in temp_dir.
Job 632: 144/400 ERROR: No .raw files found in temp_dir.
Job 632: 145/400 ERROR: No .raw files found in temp_dir.
Job 632: 146/400 ERROR: No .raw files found in temp_dir.
Job 632: 147/400 ERROR: No .raw files found in temp_dir.
Job 632: 148/400 ERROR: No .raw files found in temp_dir.
Job 632: 149/400 ERROR: No .raw files found in temp_dir.
Job 632: 150/400 ERROR: No .raw files found in temp_dir.
Job 632: 151/400 ERROR: No .raw files found in temp_dir.
Job 632: 152/400 ERROR: No .raw files found in temp_dir.
Job 632: 153/400 ERROR: No .raw files found in temp_dir.
Job 632: 154/400 ERROR: No .raw files found in temp_dir.
Job 632: 155/400 ERROR: No .raw files found in temp_dir.
Job 632: 156/400 ERROR: No .raw files found in temp_dir.
Job 632: 157/400 ERROR: No .raw files found in temp_dir.
Job 632: 158/400 ERROR: No .raw files found in temp_dir.
Job 632: 159/400 ERROR: No .raw files found in temp_dir.
Job 632: 160/400 ERROR: No .raw files found in temp_dir.
Job 632: 161/400 ERROR: No .raw files found in temp_dir.
Job 632: 162/400 ERROR: No .raw files found in temp_dir.
Job 632: 163/400 ERROR: No .raw files found in temp_dir.
Job 632: 164/400 ERROR: No .raw files found in temp_dir.
Job 632: 165/400 ERROR: No .raw files found in temp_dir.
Job 632: 166/400 ERROR: No .raw files found in temp_dir.
Job 632: 167/400 ERROR: No .raw files found in temp_dir.
Job 632: 168/400 ERROR: No .raw files found in temp_dir.
Job 632: 169/400 ERROR: No .raw files found in temp_dir.
Job 632: 170/400 ERROR: No .raw files found in temp_dir.
Job 632: 171/400 ERROR: No .raw files found in temp_dir.
Job 632: 172/400 ERROR: No .raw files found in temp_dir.
Job 632: 173/400 ERROR: No .raw files found in temp_dir.
Job 632: 174/400 ERROR: No .raw files found in temp_dir.
Job 632: 175/400 ERROR: No .raw files found in temp_dir.
Job 632: 176/400 ERROR: No .raw files found in temp_dir.
Job 632: 177/400 ERROR: No .raw files found in temp_dir.
Job 632: 178/400 ERROR: No .raw files found in temp_dir.
Job 632: 179/400 ERROR: No .raw files found in temp_dir.
Job 632: 180/400 ERROR: No .raw files found in temp_dir.
Job 632: 181/400 ERROR: No .raw files found in temp_dir.
Job 632: 182/400 ERROR: No .raw files found in temp_dir.
Job 632: 183/400
Job 632: 184/400
Job 632: 185/400
Job 632: 186/400
Job 632: 187/400
Job 632: 188/400
Job 632: 189/400
Job 632: 190/400
Job 632: 191/400
Job 632: 192/400
Job 632: 193/400
Job 632: 194/400
Job 632: 195/400
Job 632: 196/400
Job 632: 197/400
Job 632: 198/400
Job 632: 199/400
Job 632: 200/400
Job 632: 201/400
Job 632: 202/400
Job 632: 203/400
Job 632: 204/400
Job 632: 205/400
Job 632: 206/400
Job 632: 207/400
Job 632: 208/400
Job 632: 209/400
Job 632: 210/400
Job 632: 211/400
Job 632: 212/400
Job 632: 213/400 ERROR: No .raw files found in temp_dir.
Job 632: 214/400 ERROR: No .raw files found in temp_dir.
Job 632: 215/400 ERROR: No .raw files found in temp_dir.
Job 632: 216/400 ERROR: No .raw files found in temp_dir.
Job 632: 217/400 ERROR: No .raw files found in temp_dir.
Job 632: 218/400 ERROR: No .raw files found in temp_dir.
Job 632: 219/400 ERROR: No .raw files found in temp_dir.
Job 632: 220/400 ERROR: No .raw files found in temp_dir.
Job 632: 221/400 ERROR: No .raw files found in temp_dir.
Job 632: 222/400 ERROR: No .raw files found in temp_dir.
Job 632: 223/400 ERROR: No .raw files found in temp_dir.
Job 632: 224/400 ERROR: No .raw files found in temp_dir.
Job 632: 225/400 ERROR: No .raw files found in temp_dir.
Job 632: 226/400 ERROR: No .raw files found in temp_dir.
Job 632: 227/400 ERROR: No .raw files found in temp_dir.
Job 632: 228/400 ERROR: No .raw files found in temp_dir.
Job 632: 229/400 ERROR: No .raw files found in temp_dir.
Job 632: 230/400 ERROR: No .raw files found in temp_dir.
Job 632: 231/400 ERROR: No .raw files found in temp_dir.
Job 632: 232/400 ERROR: No .raw files found in temp_dir.
Job 632: 233/400 ERROR: No .raw files found in temp_dir.
Job 632: 234/400 ERROR: No .raw files found in temp_dir.
Job 632: 235/400 ERROR: No .raw files found in temp_dir.
Job 632: 236/400 ERROR: No .raw files found in temp_dir.
Job 632: 237/400 ERROR: No .raw files found in temp_dir.
Job 632: 238/400 ERROR: No .raw files found in temp_dir.
Job 632: 239/400 ERROR: No .raw files found in temp_dir.
Job 632: 240/400 ERROR: No .raw files found in temp_dir.
Job 632: 241/400 ERROR: No .raw files found in temp_dir.
Job 632: 242/400 ERROR: No .raw files found in temp_dir.
Job 632: 243/400 ERROR: No .raw files found in temp_dir.
Job 632: 244/400 ERROR: No .raw files found in temp_dir.
Job 632: 245/400 ERROR: No .raw files found in temp_dir.
Job 632: 246/400 ERROR: No .raw files found in temp_dir.
Job 632: 247/400 ERROR: No .raw files found in temp_dir.
Job 632: 248/400 ERROR: No .raw files found in temp_dir.
Job 632: 249/400 ERROR: No .raw files found in temp_dir.
Job 632: 250/400 ERROR: No .raw files found in temp_dir.
Job 632: 251/400 ERROR: No .raw files found in temp_dir.
Job 632: 252/400 ERROR: No .raw files found in temp_dir.
Job 632: 253/400 ERROR: No .raw files found in temp_dir.
Job 632: 254/400 ERROR: No .raw files found in temp_dir.
Job 632: 255/400 ERROR: No .raw files found in temp_dir.
Job 632: 256/400 ERROR: No .raw files found in temp_dir.
Job 632: 257/400 ERROR: No .raw files found in temp_dir.
Job 632: 258/400 ERROR: No .raw files found in temp_dir.
Job 632: 259/400 ERROR: No .raw files found in temp_dir.
Job 632: 260/400 ERROR: No .raw files found in temp_dir.
Job 632: 261/400 ERROR: No .raw files found in temp_dir.
Job 632: 262/400 ERROR: No .raw files found in temp_dir.
Job 632: 263/400 ERROR: No .raw files found in temp_dir.
Job 632: 264/400 ERROR: No .raw files found in temp_dir.
Job 632: 265/400 ERROR: No .raw files found in temp_dir.
Job 632: 266/400 ERROR: No .raw files found in temp_dir.
Job 632: 267/400 ERROR: No .raw files found in temp_dir.
Job 632: 268/400 ERROR: No .raw files found in temp_dir.
Job 632: 269/400 ERROR: No .raw files found in temp_dir.
Job 632: 270/400 ERROR: No .raw files found in temp_dir.
Job 632: 271/400 ERROR: No .raw files found in temp_dir.
Job 632: 272/400 ERROR: No .raw files found in temp_dir.
Job 632: 273/400 ERROR: No .raw files found in temp_dir.
Job 632: 274/400 ERROR: No .raw files found in temp_dir.
Job 632: 275/400 ERROR: No .raw files found in temp_dir.
Job 632: 276/400 ERROR: No .raw files found in temp_dir.
Job 632: 277/400 ERROR: No .raw files found in temp_dir.
Job 632: 278/400 ERROR: No .raw files found in temp_dir.
Job 632: 279/400 ERROR: No .raw files found in temp_dir.
Job 632: 280/400 ERROR: No .raw files found in temp_dir.
Job 632: 281/400 ERROR: No .raw files found in temp_dir.
Job 632: 282/400 ERROR: No .raw files found in temp_dir.
Job 632: 283/400 ERROR: No .raw files found in temp_dir.
Job 632: 284/400 ERROR: No .raw files found in temp_dir.
Job 632: 285/400 ERROR: No .raw files found in temp_dir.
Job 632: 286/400 ERROR: No .raw files found in temp_dir.
Job 632: 287/400 ERROR: No .raw files found in temp_dir.
Job 632: 288/400 ERROR: No .raw files found in temp_dir.
Job 632: 289/400 ERROR: No .raw files found in temp_dir.
Job 632: 290/400 ERROR: No .raw files found in temp_dir.
Job 632: 291/400 ERROR: No .raw files found in temp_dir.
Job 632: 292/400 ERROR: No .raw files found in temp_dir.
Job 632: 293/400 ERROR: No .raw files found in temp_dir.
Job 632: 294/400 ERROR: No .raw files found in temp_dir.
Job 632: 295/400 ERROR: No .raw files found in temp_dir.
Job 632: 296/400 ERROR: No .raw files found in temp_dir.
Job 632: 297/400 ERROR: No .raw files found in temp_dir.
Job 632: 298/400 ERROR: No .raw files found in temp_dir.
Job 632: 299/400 ERROR: No .raw files found in temp_dir.
Job 632: 300/400 ERROR: No .raw files found in temp_dir.
Job 632: 301/400 ERROR: No .raw files found in temp_dir.
Job 632: 302/400 ERROR: No .raw files found in temp_dir.
Job 632: 303/400 ERROR: No .raw files found in temp_dir.
Job 632: 304/400 ERROR: No .raw files found in temp_dir.
Job 632: 305/400 ERROR: No .raw files found in temp_dir.
Job 632: 306/400 ERROR: No .raw files found in temp_dir.
Job 632: 307/400 ERROR: No .raw files found in temp_dir.
Job 632: 308/400 ERROR: No .raw files found in temp_dir.
Job 632: 309/400 ERROR: No .raw files found in temp_dir.
Job 632: 310/400 ERROR: No .raw files found in temp_dir.
Job 632: 311/400 ERROR: No .raw files found in temp_dir.
Job 632: 312/400 ERROR: No .raw files found in temp_dir.
Job 632: 313/400 ERROR: No .raw files found in temp_dir.
Job 632: 314/400 ERROR: No .raw files found in temp_dir.
Job 632: 315/400 ERROR: No .raw files found in temp_dir.
Job 632: 316/400 ERROR: No .raw files found in temp_dir.
Job 632: 317/400 ERROR: No .raw files found in temp_dir.
Job 632: 318/400 ERROR: No .raw files found in temp_dir.
Job 632: 319/400 ERROR: No .raw files found in temp_dir.
Job 632: 320/400 ERROR: No .raw files found in temp_dir.
Job 632: 321/400 ERROR: No .raw files found in temp_dir.
Job 632: 322/400 ERROR: No .raw files found in temp_dir.
Job 632: 323/400 ERROR: No .raw files found in temp_dir.
Job 632: 324/400 ERROR: No .raw files found in temp_dir.
Job 632: 325/400 ERROR: No .raw files found in temp_dir.
Job 632: 326/400 ERROR: No .raw files found in temp_dir.
Job 632: 327/400 ERROR: No .raw files found in temp_dir.
Job 632: 328/400 ERROR: No .raw files found in temp_dir.
Job 632: 329/400 ERROR: No .raw files found in temp_dir.
Job 632: 330/400 ERROR: No .raw files found in temp_dir.
Job 632: 331/400 ERROR: No .raw files found in temp_dir.
Job 632: 332/400 ERROR: No .raw files found in temp_dir.
Job 632: 333/400 ERROR: No .raw files found in temp_dir.
Job 632: 334/400 ERROR: No .raw files found in temp_dir.
Job 632: 335/400 ERROR: No .raw files found in temp_dir.
Job 632: 336/400 ERROR: No .raw files found in temp_dir.
Job 632: 337/400 ERROR: No .raw files found in temp_dir.
Job 632: 338/400 ERROR: No .raw files found in temp_dir.
Job 632: 339/400 ERROR: No .raw files found in temp_dir.
Job 632: 340/400 ERROR: No .raw files found in temp_dir.
Job 632: 341/400 ERROR: No .raw files found in temp_dir.
Job 632: 342/400 ERROR: No .raw files found in temp_dir.
Job 632: 343/400 ERROR: No .raw files found in temp_dir.
Job 632: 344/400 ERROR: No .raw files found in temp_dir.
Job 632: 345/400 ERROR: No .raw files found in temp_dir.
Job 632: 346/400 ERROR: No .raw files found in temp_dir.
Job 632: 347/400 ERROR: No .raw files found in temp_dir.
Job 632: 348/400 ERROR: No .raw files found in temp_dir.
Job 632: 349/400 ERROR: No .raw files found in temp_dir.
Job 632: 350/400 ERROR: No .raw files found in temp_dir.
Job 632: 351/400 ERROR: No .raw files found in temp_dir.
Job 632: 352/400 ERROR: No .raw files found in temp_dir.
Job 632: 353/400 ERROR: No .raw files found in temp_dir.
Job 632: 354/400 ERROR: No .raw files found in temp_dir.
Job 632: 355/400 ERROR: No .raw files found in temp_dir.
Job 632: 356/400 ERROR: No .raw files found in temp_dir.
Job 632: 357/400 ERROR: No .raw files found in temp_dir.
Job 632: 358/400 ERROR: No .raw files found in temp_dir.
Job 632: 359/400 ERROR: No .raw files found in temp_dir.
Job 632: 360/400 ERROR: No .raw files found in temp_dir.
Job 632: 361/400 ERROR: No .raw files found in temp_dir.
Job 632: 362/400 ERROR: No .raw files found in temp_dir.
Job 632: 363/400 ERROR: No .raw files found in temp_dir.
Job 632: 364/400 ERROR: No .raw files found in temp_dir.
Job 632: 365/400 ERROR: No .raw files found in temp_dir.
Job 632: 366/400 ERROR: No .raw files found in temp_dir.
Job 632: 367/400 ERROR: No .raw files found in temp_dir.
Job 632: 368/400 ERROR: No .raw files found in temp_dir.
Job 632: 369/400 ERROR: No .raw files found in temp_dir.
Job 632: 370/400 ERROR: No .raw files found in temp_dir.
Job 632: 371/400 ERROR: No .raw files found in temp_dir.
Job 632: 372/400 ERROR: No .raw files found in temp_dir.
Job 632: 373/400 ERROR: No .raw files found in temp_dir.
Job 632: 374/400 ERROR: No .raw files found in temp_dir.
Job 632: 375/400 ERROR: No .raw files found in temp_dir.
Job 632: 376/400 ERROR: No .raw files found in temp_dir.
Job 632: 377/400 ERROR: No .raw files found in temp_dir.
Job 632: 378/400 ERROR: No .raw files found in temp_dir.
Job 632: 379/400 ERROR: No .raw files found in temp_dir.
Job 632: 380/400 ERROR: No .raw files found in temp_dir.
Job 632: 381/400 ERROR: No .raw files found in temp_dir.
Job 632: 382/400 ERROR: No .raw files found in temp_dir.
Job 632: 383/400 ERROR: No .raw files found in temp_dir.
Job 632: 384/400 ERROR: No .raw files found in temp_dir.
Job 632: 385/400 ERROR: No .raw files found in temp_dir.
Job 632: 386/400 ERROR: No .raw files found in temp_dir.
Job 632: 387/400 ERROR: No .raw files found in temp_dir.
Job 632: 388/400 ERROR: No .raw files found in temp_dir.
Job 632: 389/400 ERROR: No .raw files found in temp_dir.
Job 632: 390/400 ERROR: No .raw files found in temp_dir.
Job 632: 391/400 ERROR: No .raw files found in temp_dir.
Job 632: 392/400 ERROR: No .raw files found in temp_dir.
Job 632: 393/400 ERROR: No .raw files found in temp_dir.
Job 632: 394/400 ERROR: No .raw files found in temp_dir.
Job 632: 395/400 ERROR: No .raw files found in temp_dir.
Job 632: 396/400 ERROR: No .raw files found in temp_dir.
Job 632: 397/400 ERROR: No .raw files found in temp_dir.
Job 632: 398/400 ERROR: No .raw files found in temp_dir.
Job 632: 399/400 ERROR: No .raw files found in temp_dir.
Job 632: 400/400 ERROR: No .raw files found in temp_dir.
Warning message:
In data.table::fread(raw_file, data.table = FALSE) :
  Discarded single-line footer: <<0	GTEX-17F97	0	0	0	-9	2	2	2	2	2	1	2	2	2	2	2	2	1	2	2	2	2	2	2	2	2	2	2	2	2	2	2	2	0	2	0	2	2	2	1	2	2	0	2	2	2	2	2	2	2	2	2	2	2	2	2	2	2	2	2	0	2	2	2	2	2	2	2	2	2	2	2	2	2	2	2	2	2	1	2	2	2	0	2	2	2	2	2	2	2	2	2	2	2	2	0	2	2	2	2	2	2	2	2	2	2	2	2	2	0	2	2	2	2	2	2	2	2	1	2	2	2	2	2	2	2	2	2	2	2	2	2	2	2	0	2	2	2	2	2	2	2	2	1	2	1	2	1	2	2	2	2	2	2	2	2	2	2	2	2	2	2	2	2	2	2	2	2	2	2	2	2	2	2	2	2	2	2	2	2	2	2	2	2	2	2	2	NA	NA	2	2	2	2	2	2	2	2	2	2	2	2	2	2	2	2	2	2	2	2	2	2	2	2	2	2	2	2	2	2	2	2	2	2	2	2	2	2	2	2	2	2	2	2	2	2	2	2	2	2	2	2	2	2	>>
