Registered S3 methods overwritten by 'susieSlide':
  method              from  
  coef.susie          susieR
  predict.susie       susieR
  print.summary.susie susieR
  summary.susie       susieR
Job 26: 1/400
Job 26: 2/400
Job 26: 3/400
Job 26: 4/400
Job 26: 5/400
Job 26: 6/400
Job 26: 7/400
Job 26: 8/400
Job 26: 9/400
Job 26: 10/400
Job 26: 11/400
Job 26: 12/400
Job 26: 13/400
Job 26: 14/400
Job 26: 15/400
Job 26: 16/400
Job 26: 17/400
Job 26: 18/400
Job 26: 19/400
Job 26: 20/400
Job 26: 21/400
Job 26: 22/400
Job 26: 23/400
Job 26: 24/400
Job 26: 25/400
Job 26: 26/400
Job 26: 27/400
Job 26: 28/400
Job 26: 29/400
Job 26: 30/400
Job 26: 31/400
Job 26: 32/400
Job 26: 33/400
Job 26: 34/400
Job 26: 35/400
Job 26: 36/400
Job 26: 37/400
Job 26: 38/400
Job 26: 39/400
Job 26: 40/400
Job 26: 41/400
Job 26: 42/400
Job 26: 43/400
Job 26: 44/400
Job 26: 45/400
Job 26: 46/400
Job 26: 47/400
Job 26: 48/400
Job 26: 49/400
Job 26: 50/400
Job 26: 51/400
Job 26: 52/400
Job 26: 53/400
Job 26: 54/400
Job 26: 55/400
Job 26: 56/400
Job 26: 57/400
Job 26: 58/400
Job 26: 59/400
Job 26: 60/400
Job 26: 61/400
Job 26: 62/400
Job 26: 63/400
Job 26: 64/400
Job 26: 65/400
Job 26: 66/400
Job 26: 67/400
Job 26: 68/400
Job 26: 69/400
Job 26: 70/400
Job 26: 71/400
Job 26: 72/400
Job 26: 73/400
Job 26: 74/400
Job 26: 75/400
Job 26: 76/400
Job 26: 77/400
Job 26: 78/400
Job 26: 79/400
Job 26: 80/400
Job 26: 81/400
Job 26: 82/400
Job 26: 83/400
Job 26: 84/400
Job 26: 85/400
Job 26: 86/400
Job 26: 87/400
Job 26: 88/400
Job 26: 89/400
Job 26: 90/400
Job 26: 91/400
Job 26: 92/400
Job 26: 93/400
Job 26: 94/400
Job 26: 95/400
Job 26: 96/400
Job 26: 97/400
Job 26: 98/400
Job 26: 99/400
Job 26: 100/400
Job 26: 101/400
Job 26: 102/400
Job 26: 103/400
Job 26: 104/400
Job 26: 105/400
Job 26: 106/400
Job 26: 107/400
Job 26: 108/400
Job 26: 109/400
Job 26: 110/400
Job 26: 111/400
Job 26: 112/400
Job 26: 113/400
Job 26: 114/400
Job 26: 115/400
Job 26: 116/400
Job 26: 117/400
Job 26: 118/400
Job 26: 119/400
Job 26: 120/400
Job 26: 121/400
Job 26: 122/400
Job 26: 123/400
Job 26: 124/400
Job 26: 125/400
Job 26: 126/400
Job 26: 127/400
Job 26: 128/400
Job 26: 129/400
Job 26: 130/400
Job 26: 131/400
Job 26: 132/400
Job 26: 133/400
Job 26: 134/400
Job 26: 135/400
Job 26: 136/400
Job 26: 137/400
Job 26: 138/400
Job 26: 139/400
Job 26: 140/400
Job 26: 141/400
Job 26: 142/400
Job 26: 143/400
Job 26: 144/400
Job 26: 145/400
Job 26: 146/400
Job 26: 147/400
Job 26: 148/400
Job 26: 149/400
Job 26: 150/400
Job 26: 151/400
Job 26: 152/400
Job 26: 153/400
Job 26: 154/400
Job 26: 155/400
Job 26: 156/400
Job 26: 157/400
Job 26: 158/400
Job 26: 159/400
Job 26: 160/400
Job 26: 161/400
Job 26: 162/400
Job 26: 163/400
Job 26: 164/400
Job 26: 165/400
Job 26: 166/400
Job 26: 167/400
Job 26: 168/400
Job 26: 169/400
Job 26: 170/400
Job 26: 171/400
Job 26: 172/400
Job 26: 173/400
Job 26: 174/400
Job 26: 175/400
Job 26: 176/400
Job 26: 177/400
Job 26: 178/400
Job 26: 179/400
Job 26: 180/400
Job 26: 181/400
Job 26: 182/400
Job 26: 183/400
Job 26: 184/400
Job 26: 185/400
Job 26: 186/400
Job 26: 187/400
Job 26: 188/400
Job 26: 189/400
Job 26: 190/400
Job 26: 191/400
Job 26: 192/400
Job 26: 193/400
Job 26: 194/400
Job 26: 195/400
Job 26: 196/400
Job 26: 197/400
Job 26: 198/400
Job 26: 199/400
Job 26: 200/400
Job 26: 201/400
Job 26: 202/400
Job 26: 203/400
Job 26: 204/400
Job 26: 205/400
Job 26: 206/400
Job 26: 207/400
Job 26: 208/400
Job 26: 209/400
Job 26: 210/400
Job 26: 211/400
Job 26: 212/400
Job 26: 213/400
Job 26: 214/400
Job 26: 215/400
Job 26: 216/400
Job 26: 217/400
Job 26: 218/400
Job 26: 219/400
Job 26: 220/400
Job 26: 221/400
Job 26: 222/400
Job 26: 223/400
Job 26: 224/400
Job 26: 225/400
Job 26: 226/400
Job 26: 227/400
Job 26: 228/400
Job 26: 229/400
Job 26: 230/400
Job 26: 231/400
Job 26: 232/400
Job 26: 233/400
Job 26: 234/400
Job 26: 235/400
Job 26: 236/400
Job 26: 237/400
Job 26: 238/400
Job 26: 239/400
Job 26: 240/400
Job 26: 241/400
Job 26: 242/400
Job 26: 243/400
Job 26: 244/400
Job 26: 245/400
Job 26: 246/400
Job 26: 247/400
Job 26: 248/400
Job 26: 249/400
Job 26: 250/400
Job 26: 251/400
Job 26: 252/400
Job 26: 253/400
Job 26: 254/400
Job 26: 255/400
Job 26: 256/400
Job 26: 257/400
Job 26: 258/400
Job 26: 259/400
Job 26: 260/400
Job 26: 261/400
Job 26: 262/400
Job 26: 263/400
Job 26: 264/400
Job 26: 265/400
Job 26: 266/400
Job 26: 267/400
Job 26: 268/400
Job 26: 269/400
Job 26: 270/400
Job 26: 271/400
Job 26: 272/400
Job 26: 273/400
Job 26: 274/400
Job 26: 275/400
Job 26: 276/400
Job 26: 277/400
Job 26: 278/400
Job 26: 279/400
Job 26: 280/400
Job 26: 281/400
Job 26: 282/400
Job 26: 283/400
Job 26: 284/400
Job 26: 285/400
Job 26: 286/400
Job 26: 287/400
Job 26: 288/400
Job 26: 289/400
Job 26: 290/400
Job 26: 291/400
Job 26: 292/400
Job 26: 293/400
Job 26: 294/400
Job 26: 295/400
Job 26: 296/400
Job 26: 297/400
Job 26: 298/400
Job 26: 299/400
Job 26: 300/400
Job 26: 301/400
Job 26: 302/400
Job 26: 303/400
Job 26: 304/400
Job 26: 305/400
Job 26: 306/400
Job 26: 307/400
Job 26: 308/400
Job 26: 309/400
Job 26: 310/400
Job 26: 311/400
Job 26: 312/400
Job 26: 313/400
Job 26: 314/400
Job 26: 315/400
Job 26: 316/400
Job 26: 317/400
Job 26: 318/400
Job 26: 319/400
Job 26: 320/400
Job 26: 321/400
Job 26: 322/400
Job 26: 323/400
Job 26: 324/400
Job 26: 325/400
Job 26: 326/400
Job 26: 327/400
Job 26: 328/400
Job 26: 329/400
Job 26: 330/400
Job 26: 331/400
Job 26: 332/400
Job 26: 333/400
Job 26: 334/400
Job 26: 335/400
Job 26: 336/400
Job 26: 337/400
Job 26: 338/400
Job 26: 339/400
Job 26: 340/400
Job 26: 341/400
Job 26: 342/400
Job 26: 343/400
Job 26: 344/400
Job 26: 345/400
Job 26: 346/400
Job 26: 347/400
Job 26: 348/400
Job 26: 349/400
Job 26: 350/400
Job 26: 351/400
Job 26: 352/400
Job 26: 353/400
Job 26: 354/400
Job 26: 355/400
Job 26: 356/400
Job 26: 357/400
Job 26: 358/400
Job 26: 359/400
Job 26: 360/400
Job 26: 361/400
Job 26: 362/400
Job 26: 363/400
Job 26: 364/400
Job 26: 365/400
Job 26: 366/400
Job 26: 367/400
Job 26: 368/400
Job 26: 369/400
Job 26: 370/400
Job 26: 371/400
Job 26: 372/400
Job 26: 373/400
Job 26: 374/400
Job 26: 375/400
Job 26: 376/400
Job 26: 377/400
Job 26: 378/400
Job 26: 379/400
Job 26: 380/400
Job 26: 381/400
Job 26: 382/400
Job 26: 383/400
Job 26: 384/400
Job 26: 385/400
Job 26: 386/400
Job 26: 387/400
Job 26: 388/400
Job 26: 389/400
Job 26: 390/400
Job 26: 391/400
Job 26: 392/400
Job 26: 393/400
Job 26: 394/400
Job 26: 395/400
Job 26: 396/400
Job 26: 397/400
Job 26: 398/400
Job 26: 399/400
Job 26: 400/400
