Registered S3 methods overwritten by 'susieSlide':
  method              from  
  coef.susie          susieR
  predict.susie       susieR
  print.summary.susie susieR
  summary.susie       susieR
Job 46: 1/400
Job 46: 2/400
Job 46: 3/400
Job 46: 4/400
Job 46: 5/400
Job 46: 6/400
Job 46: 7/400
Job 46: 8/400
Job 46: 9/400
Job 46: 10/400
Job 46: 11/400
Job 46: 12/400
Job 46: 13/400
Job 46: 14/400
Job 46: 15/400
Job 46: 16/400
Job 46: 17/400
Job 46: 18/400
Job 46: 19/400
Job 46: 20/400
Job 46: 21/400
Job 46: 22/400
Job 46: 23/400
Job 46: 24/400
Job 46: 25/400
Job 46: 26/400
Job 46: 27/400
Job 46: 28/400
Job 46: 29/400
Job 46: 30/400
Job 46: 31/400
Job 46: 32/400
Job 46: 33/400
Job 46: 34/400
Job 46: 35/400
Job 46: 36/400
Job 46: 37/400
Job 46: 38/400
Job 46: 39/400
Job 46: 40/400
Job 46: 41/400
Job 46: 42/400
Job 46: 43/400
Job 46: 44/400
Job 46: 45/400
Job 46: 46/400
Job 46: 47/400
Job 46: 48/400
Job 46: 49/400
Job 46: 50/400
Job 46: 51/400
Job 46: 52/400
Job 46: 53/400
Job 46: 54/400
Job 46: 55/400
Job 46: 56/400
Job 46: 57/400
Job 46: 58/400
Job 46: 59/400
Job 46: 60/400
Job 46: 61/400
Job 46: 62/400
Job 46: 63/400
Job 46: 64/400
Job 46: 65/400
Job 46: 66/400
Job 46: 67/400
Job 46: 68/400
Job 46: 69/400
Job 46: 70/400
Job 46: 71/400
Job 46: 72/400
Job 46: 73/400
Job 46: 74/400
Job 46: 75/400
Job 46: 76/400
Job 46: 77/400
Job 46: 78/400
Job 46: 79/400
Job 46: 80/400
Job 46: 81/400
Job 46: 82/400
Job 46: 83/400
Job 46: 84/400
Job 46: 85/400
Job 46: 86/400
Job 46: 87/400
Job 46: 88/400
Job 46: 89/400
Job 46: 90/400
Job 46: 91/400
Job 46: 92/400
Job 46: 93/400
Job 46: 94/400
Job 46: 95/400
Job 46: 96/400
Job 46: 97/400
Job 46: 98/400
Job 46: 99/400
Job 46: 100/400
Job 46: 101/400
Job 46: 102/400
Job 46: 103/400
Job 46: 104/400
Job 46: 105/400
Job 46: 106/400
Job 46: 107/400
Job 46: 108/400
Job 46: 109/400
Job 46: 110/400
Job 46: 111/400
Job 46: 112/400
Job 46: 113/400
Job 46: 114/400
Job 46: 115/400
Job 46: 116/400
Job 46: 117/400
Job 46: 118/400
Job 46: 119/400
Job 46: 120/400
Job 46: 121/400
Job 46: 122/400
Job 46: 123/400
Job 46: 124/400
Job 46: 125/400
Job 46: 126/400
Job 46: 127/400
Job 46: 128/400
Job 46: 129/400
Job 46: 130/400
Job 46: 131/400
Job 46: 132/400
Job 46: 133/400
Job 46: 134/400
Job 46: 135/400
Job 46: 136/400
Job 46: 137/400
Job 46: 138/400
Job 46: 139/400
Job 46: 140/400
Job 46: 141/400
Job 46: 142/400
Job 46: 143/400
Job 46: 144/400
Job 46: 145/400
Job 46: 146/400
Job 46: 147/400
Job 46: 148/400
Job 46: 149/400
Job 46: 150/400
Job 46: 151/400
Job 46: 152/400
Job 46: 153/400
Job 46: 154/400
Job 46: 155/400
Job 46: 156/400
Job 46: 157/400
Job 46: 158/400
Job 46: 159/400
Job 46: 160/400
Job 46: 161/400
Job 46: 162/400
Job 46: 163/400
Job 46: 164/400
Job 46: 165/400
Job 46: 166/400
Job 46: 167/400
Job 46: 168/400
Job 46: 169/400
Job 46: 170/400
Job 46: 171/400
Job 46: 172/400
Job 46: 173/400
Job 46: 174/400
Job 46: 175/400
Job 46: 176/400
Job 46: 177/400
Job 46: 178/400
Job 46: 179/400
Job 46: 180/400
Job 46: 181/400
Job 46: 182/400
Job 46: 183/400
Job 46: 184/400
Job 46: 185/400
Job 46: 186/400
Job 46: 187/400
Job 46: 188/400
Job 46: 189/400
Job 46: 190/400
Job 46: 191/400
Job 46: 192/400
Job 46: 193/400
Job 46: 194/400
Job 46: 195/400
Job 46: 196/400
Job 46: 197/400
Job 46: 198/400
Job 46: 199/400
Job 46: 200/400
Job 46: 201/400
Job 46: 202/400
Job 46: 203/400
Job 46: 204/400
Job 46: 205/400
Job 46: 206/400
Job 46: 207/400
Job 46: 208/400
Job 46: 209/400
Job 46: 210/400
Job 46: 211/400
Job 46: 212/400
Job 46: 213/400
Job 46: 214/400
Job 46: 215/400
Job 46: 216/400
Job 46: 217/400
Job 46: 218/400
Job 46: 219/400
Job 46: 220/400
Job 46: 221/400
Job 46: 222/400
Job 46: 223/400
Job 46: 224/400
Job 46: 225/400
Job 46: 226/400
Job 46: 227/400
Job 46: 228/400
Job 46: 229/400
Job 46: 230/400
Job 46: 231/400
Job 46: 232/400
Job 46: 233/400
Job 46: 234/400
Job 46: 235/400
Job 46: 236/400
Job 46: 237/400
Job 46: 238/400
Job 46: 239/400
Job 46: 240/400
Job 46: 241/400
Job 46: 242/400
Job 46: 243/400
Job 46: 244/400
Job 46: 245/400
Job 46: 246/400
Job 46: 247/400
Job 46: 248/400
Job 46: 249/400
Job 46: 250/400
Job 46: 251/400
Job 46: 252/400
Job 46: 253/400
Job 46: 254/400
Job 46: 255/400
Job 46: 256/400
Job 46: 257/400
Job 46: 258/400
Job 46: 259/400
Job 46: 260/400
Job 46: 261/400
Job 46: 262/400
Job 46: 263/400
Job 46: 264/400
Job 46: 265/400
Job 46: 266/400
Job 46: 267/400
Job 46: 268/400
Job 46: 269/400
Job 46: 270/400
Job 46: 271/400
Job 46: 272/400
Job 46: 273/400
Job 46: 274/400
Job 46: 275/400
Job 46: 276/400
Job 46: 277/400
Job 46: 278/400
Job 46: 279/400
Job 46: 280/400
Job 46: 281/400
Job 46: 282/400
Job 46: 283/400
Job 46: 284/400
Job 46: 285/400
Job 46: 286/400
Job 46: 287/400
Job 46: 288/400
Job 46: 289/400
Job 46: 290/400
Job 46: 291/400
Job 46: 292/400
Job 46: 293/400
Job 46: 294/400
Job 46: 295/400
Job 46: 296/400
Job 46: 297/400
Job 46: 298/400
Job 46: 299/400
Job 46: 300/400
Job 46: 301/400
Job 46: 302/400
Job 46: 303/400
Job 46: 304/400
Job 46: 305/400
Job 46: 306/400
Job 46: 307/400
Job 46: 308/400
Job 46: 309/400
Job 46: 310/400
Job 46: 311/400
Job 46: 312/400
Job 46: 313/400
Job 46: 314/400
Job 46: 315/400
Job 46: 316/400
Job 46: 317/400
Job 46: 318/400
Job 46: 319/400
Job 46: 320/400
Job 46: 321/400
Job 46: 322/400
Job 46: 323/400
Job 46: 324/400
Job 46: 325/400
Job 46: 326/400
Job 46: 327/400
Job 46: 328/400
Job 46: 329/400
Job 46: 330/400
Job 46: 331/400
Job 46: 332/400
Job 46: 333/400
Job 46: 334/400
Job 46: 335/400
Job 46: 336/400
Job 46: 337/400
Job 46: 338/400
Job 46: 339/400
Job 46: 340/400
Job 46: 341/400
Job 46: 342/400
Job 46: 343/400
Job 46: 344/400
Job 46: 345/400
Job 46: 346/400
Job 46: 347/400
Job 46: 348/400
Job 46: 349/400
Job 46: 350/400
Job 46: 351/400
Job 46: 352/400
Job 46: 353/400
Job 46: 354/400
Job 46: 355/400
Job 46: 356/400
Job 46: 357/400
Job 46: 358/400
Job 46: 359/400
Job 46: 360/400
Job 46: 361/400
Job 46: 362/400
Job 46: 363/400
Job 46: 364/400
Job 46: 365/400
Job 46: 366/400
Job 46: 367/400
Job 46: 368/400
Job 46: 369/400
Job 46: 370/400
Job 46: 371/400
Job 46: 372/400
Job 46: 373/400
Job 46: 374/400
Job 46: 375/400
Job 46: 376/400
Job 46: 377/400
Job 46: 378/400
Job 46: 379/400
Job 46: 380/400
Job 46: 381/400
Job 46: 382/400
Job 46: 383/400
Job 46: 384/400
Job 46: 385/400
Job 46: 386/400
Job 46: 387/400
Job 46: 388/400
Job 46: 389/400
Job 46: 390/400
Job 46: 391/400
Job 46: 392/400
Job 46: 393/400
Job 46: 394/400
Job 46: 395/400
Job 46: 396/400
Job 46: 397/400
Job 46: 398/400
Job 46: 399/400
Job 46: 400/400
