Registered S3 methods overwritten by 'susieSlide':
  method              from  
  coef.susie          susieR
  predict.susie       susieR
  print.summary.susie susieR
  summary.susie       susieR
Job 454: 1/400
Job 454: 2/400
Job 454: 3/400
Job 454: 4/400
Job 454: 5/400
Job 454: 6/400
Job 454: 7/400
Job 454: 8/400
Job 454: 9/400
Job 454: 10/400
Job 454: 11/400
Job 454: 12/400
Job 454: 13/400
Job 454: 14/400
Job 454: 15/400
Job 454: 16/400
Job 454: 17/400
Job 454: 18/400
Job 454: 19/400
Job 454: 20/400
Job 454: 21/400
Job 454: 22/400
Job 454: 23/400
Job 454: 24/400
Job 454: 25/400
Job 454: 26/400
Job 454: 27/400
Job 454: 28/400
Job 454: 29/400
Job 454: 30/400
Job 454: 31/400
Job 454: 32/400
Job 454: 33/400
Job 454: 34/400
Job 454: 35/400
Job 454: 36/400
Job 454: 37/400
Job 454: 38/400
Job 454: 39/400
Job 454: 40/400
Job 454: 41/400
Job 454: 42/400
Job 454: 43/400
Job 454: 44/400
Job 454: 45/400
Job 454: 46/400
Job 454: 47/400
Job 454: 48/400
Job 454: 49/400
Job 454: 50/400
Job 454: 51/400
Job 454: 52/400
Job 454: 53/400
Job 454: 54/400
Job 454: 55/400
Job 454: 56/400
Job 454: 57/400
Job 454: 58/400
Job 454: 59/400
Job 454: 60/400
Job 454: 61/400
Job 454: 62/400
Job 454: 63/400
Job 454: 64/400
Job 454: 65/400
Job 454: 66/400
Job 454: 67/400
Job 454: 68/400
Job 454: 69/400
Job 454: 70/400
Job 454: 71/400
Job 454: 72/400
Job 454: 73/400
Job 454: 74/400
Job 454: 75/400
Job 454: 76/400
Job 454: 77/400
Job 454: 78/400
Job 454: 79/400
Job 454: 80/400
Job 454: 81/400
Job 454: 82/400
Job 454: 83/400
Job 454: 84/400
Job 454: 85/400
Job 454: 86/400
Job 454: 87/400
Job 454: 88/400
Job 454: 89/400
Job 454: 90/400
Job 454: 91/400
Job 454: 92/400
Job 454: 93/400
Job 454: 94/400
Job 454: 95/400
Job 454: 96/400
Job 454: 97/400
Job 454: 98/400
Job 454: 99/400
Job 454: 100/400
Job 454: 101/400
Job 454: 102/400
Job 454: 103/400
Job 454: 104/400
Job 454: 105/400
Job 454: 106/400
Job 454: 107/400
Job 454: 108/400
Job 454: 109/400
Job 454: 110/400
Job 454: 111/400
Job 454: 112/400
Job 454: 113/400
Job 454: 114/400
Job 454: 115/400
Job 454: 116/400
Job 454: 117/400
Job 454: 118/400
Job 454: 119/400
Job 454: 120/400
Job 454: 121/400
Job 454: 122/400
Job 454: 123/400
Job 454: 124/400
Job 454: 125/400
Job 454: 126/400
Job 454: 127/400
Job 454: 128/400
Job 454: 129/400
Job 454: 130/400
Job 454: 131/400
Job 454: 132/400
Job 454: 133/400
Job 454: 134/400
Job 454: 135/400
Job 454: 136/400
Job 454: 137/400
Job 454: 138/400
Job 454: 139/400
Job 454: 140/400
Job 454: 141/400
Job 454: 142/400
Job 454: 143/400
Job 454: 144/400
Job 454: 145/400
Job 454: 146/400
Job 454: 147/400
Job 454: 148/400
Job 454: 149/400
Job 454: 150/400
Job 454: 151/400
Job 454: 152/400
Job 454: 153/400
Job 454: 154/400
Job 454: 155/400
Job 454: 156/400
Job 454: 157/400
Job 454: 158/400
Job 454: 159/400
Job 454: 160/400
Job 454: 161/400
Job 454: 162/400
Job 454: 163/400
Job 454: 164/400
Job 454: 165/400
Job 454: 166/400
Job 454: 167/400
Job 454: 168/400
Job 454: 169/400
Job 454: 170/400
Job 454: 171/400
Job 454: 172/400
Job 454: 173/400
Job 454: 174/400
Job 454: 175/400
Job 454: 176/400
Job 454: 177/400
Job 454: 178/400
Job 454: 179/400
Job 454: 180/400
Job 454: 181/400
Job 454: 182/400
Job 454: 183/400
Job 454: 184/400
Job 454: 185/400
Job 454: 186/400
Job 454: 187/400
Job 454: 188/400
Job 454: 189/400
Job 454: 190/400
Job 454: 191/400
Job 454: 192/400
Job 454: 193/400
Job 454: 194/400
Job 454: 195/400
Job 454: 196/400
Job 454: 197/400
Job 454: 198/400
Job 454: 199/400
Job 454: 200/400
Job 454: 201/400
Job 454: 202/400
Job 454: 203/400
Job 454: 204/400
Job 454: 205/400
Job 454: 206/400
Job 454: 207/400
Job 454: 208/400
Job 454: 209/400
Job 454: 210/400
Job 454: 211/400
Job 454: 212/400
Job 454: 213/400
Job 454: 214/400
Job 454: 215/400
Job 454: 216/400
Job 454: 217/400
Job 454: 218/400
Job 454: 219/400
Job 454: 220/400
Job 454: 221/400
Job 454: 222/400
Job 454: 223/400
Job 454: 224/400
Job 454: 225/400
Job 454: 226/400
Job 454: 227/400
Job 454: 228/400
Job 454: 229/400
Job 454: 230/400
Job 454: 231/400
Job 454: 232/400
Job 454: 233/400
Job 454: 234/400
Job 454: 235/400
Job 454: 236/400
Job 454: 237/400
Job 454: 238/400
Job 454: 239/400
Job 454: 240/400
Job 454: 241/400
Job 454: 242/400
Job 454: 243/400 ERROR: object 'target_gene' not found
Job 454: 244/400
Job 454: 245/400
Job 454: 246/400
Job 454: 247/400
Job 454: 248/400
Job 454: 249/400
Job 454: 250/400
Job 454: 251/400
Job 454: 252/400
Job 454: 253/400
Job 454: 254/400
Job 454: 255/400
Job 454: 256/400
Job 454: 257/400
Job 454: 258/400
Job 454: 259/400
Job 454: 260/400
Job 454: 261/400
Job 454: 262/400
Job 454: 263/400
Job 454: 264/400
Job 454: 265/400
Job 454: 266/400
Job 454: 267/400
Job 454: 268/400
Job 454: 269/400
Job 454: 270/400
Job 454: 271/400
Job 454: 272/400
Job 454: 273/400
Job 454: 274/400
Job 454: 275/400
Job 454: 276/400
Job 454: 277/400
Job 454: 278/400
Job 454: 279/400
Job 454: 280/400
Job 454: 281/400
Job 454: 282/400
Job 454: 283/400
Job 454: 284/400
Job 454: 285/400
Job 454: 286/400
Job 454: 287/400
Job 454: 288/400
Job 454: 289/400
Job 454: 290/400
Job 454: 291/400
Job 454: 292/400
Job 454: 293/400
Job 454: 294/400
Job 454: 295/400
Job 454: 296/400
Job 454: 297/400
Job 454: 298/400
Job 454: 299/400
Job 454: 300/400
Job 454: 301/400
Job 454: 302/400
Job 454: 303/400
Job 454: 304/400
Job 454: 305/400
Job 454: 306/400
Job 454: 307/400
Job 454: 308/400
Job 454: 309/400
Job 454: 310/400
Job 454: 311/400
Job 454: 312/400
Job 454: 313/400
Job 454: 314/400
Job 454: 315/400
Job 454: 316/400
Job 454: 317/400
Job 454: 318/400
Job 454: 319/400
Job 454: 320/400
Job 454: 321/400
Job 454: 322/400
Job 454: 323/400
Job 454: 324/400
Job 454: 325/400
Job 454: 326/400
Job 454: 327/400
Job 454: 328/400
Job 454: 329/400
Job 454: 330/400
Job 454: 331/400
Job 454: 332/400
Job 454: 333/400
Job 454: 334/400
Job 454: 335/400
Job 454: 336/400
Job 454: 337/400
Job 454: 338/400
Job 454: 339/400
Job 454: 340/400
Job 454: 341/400
Job 454: 342/400
Job 454: 343/400
Job 454: 344/400
Job 454: 345/400
Job 454: 346/400
Job 454: 347/400
Job 454: 348/400
Job 454: 349/400
Job 454: 350/400
Job 454: 351/400
Job 454: 352/400
Job 454: 353/400
Job 454: 354/400
Job 454: 355/400
Job 454: 356/400
Job 454: 357/400
Job 454: 358/400
Job 454: 359/400
Job 454: 360/400
Job 454: 361/400
Job 454: 362/400
Job 454: 363/400
Job 454: 364/400
Job 454: 365/400
Job 454: 366/400
Job 454: 367/400
Job 454: 368/400
Job 454: 369/400
Job 454: 370/400
Job 454: 371/400
Job 454: 372/400
Job 454: 373/400
Job 454: 374/400
Job 454: 375/400
Job 454: 376/400
Job 454: 377/400
Job 454: 378/400
Job 454: 379/400
Job 454: 380/400
Job 454: 381/400
Job 454: 382/400
Job 454: 383/400
Job 454: 384/400
Job 454: 385/400
Job 454: 386/400
Job 454: 387/400
Job 454: 388/400
Job 454: 389/400
Job 454: 390/400
Job 454: 391/400
Job 454: 392/400
Job 454: 393/400
Job 454: 394/400
Job 454: 395/400
Job 454: 396/400
Job 454: 397/400
Job 454: 398/400
Job 454: 399/400
Job 454: 400/400
