Registered S3 methods overwritten by 'susieSlide':
  method              from  
  coef.susie          susieR
  predict.susie       susieR
  print.summary.susie susieR
  summary.susie       susieR
Job 94: 1/400
Job 94: 2/400
Job 94: 3/400
Job 94: 4/400
Job 94: 5/400
Job 94: 6/400
Job 94: 7/400
Job 94: 8/400
Job 94: 9/400
Job 94: 10/400
Job 94: 11/400
Job 94: 12/400
Job 94: 13/400
Job 94: 14/400
Job 94: 15/400
Job 94: 16/400
Job 94: 17/400
Job 94: 18/400
Job 94: 19/400
Job 94: 20/400
Job 94: 21/400
Job 94: 22/400
Job 94: 23/400
Job 94: 24/400
Job 94: 25/400
Job 94: 26/400
Job 94: 27/400
Job 94: 28/400
Job 94: 29/400
Job 94: 30/400
Job 94: 31/400
Job 94: 32/400
Job 94: 33/400
Job 94: 34/400
Job 94: 35/400
Job 94: 36/400
Job 94: 37/400
Job 94: 38/400
Job 94: 39/400
Job 94: 40/400
Job 94: 41/400
Job 94: 42/400
Job 94: 43/400
Job 94: 44/400
Job 94: 45/400
Job 94: 46/400
Job 94: 47/400
Job 94: 48/400
Job 94: 49/400
Job 94: 50/400
Job 94: 51/400
Job 94: 52/400
Job 94: 53/400
Job 94: 54/400
Job 94: 55/400
Job 94: 56/400
Job 94: 57/400
Job 94: 58/400
Job 94: 59/400
Job 94: 60/400
Job 94: 61/400
Job 94: 62/400
Job 94: 63/400
Job 94: 64/400
Job 94: 65/400
Job 94: 66/400
Job 94: 67/400
Job 94: 68/400
Job 94: 69/400
Job 94: 70/400
Job 94: 71/400
Job 94: 72/400
Job 94: 73/400
Job 94: 74/400
Job 94: 75/400
Job 94: 76/400
Job 94: 77/400
Job 94: 78/400
Job 94: 79/400
Job 94: 80/400
Job 94: 81/400
Job 94: 82/400
Job 94: 83/400
Job 94: 84/400
Job 94: 85/400
Job 94: 86/400
Job 94: 87/400
Job 94: 88/400
Job 94: 89/400
Job 94: 90/400
Job 94: 91/400
Job 94: 92/400
Job 94: 93/400
Job 94: 94/400
Job 94: 95/400
Job 94: 96/400
Job 94: 97/400
Job 94: 98/400
Job 94: 99/400
Job 94: 100/400
Job 94: 101/400
Job 94: 102/400
Job 94: 103/400
Job 94: 104/400
Job 94: 105/400
Job 94: 106/400
Job 94: 107/400
Job 94: 108/400
Job 94: 109/400
Job 94: 110/400
Job 94: 111/400
Job 94: 112/400
Job 94: 113/400
Job 94: 114/400
Job 94: 115/400
Job 94: 116/400
Job 94: 117/400
Job 94: 118/400
Job 94: 119/400
Job 94: 120/400
Job 94: 121/400
Job 94: 122/400
Job 94: 123/400
Job 94: 124/400
Job 94: 125/400
Job 94: 126/400
Job 94: 127/400
Job 94: 128/400
Job 94: 129/400
Job 94: 130/400
Job 94: 131/400
Job 94: 132/400
Job 94: 133/400
Job 94: 134/400
Job 94: 135/400
Job 94: 136/400
Job 94: 137/400
Job 94: 138/400
Job 94: 139/400
Job 94: 140/400
Job 94: 141/400
Job 94: 142/400
Job 94: 143/400
Job 94: 144/400
Job 94: 145/400
Job 94: 146/400
Job 94: 147/400
Job 94: 148/400
Job 94: 149/400
Job 94: 150/400
Job 94: 151/400
Job 94: 152/400
Job 94: 153/400
Job 94: 154/400
Job 94: 155/400
Job 94: 156/400
Job 94: 157/400
Job 94: 158/400
Job 94: 159/400
Job 94: 160/400
Job 94: 161/400
Job 94: 162/400
Job 94: 163/400
Job 94: 164/400
Job 94: 165/400
Job 94: 166/400
Job 94: 167/400
Job 94: 168/400
Job 94: 169/400
Job 94: 170/400
Job 94: 171/400
Job 94: 172/400
Job 94: 173/400
Job 94: 174/400
Job 94: 175/400
Job 94: 176/400
Job 94: 177/400
Job 94: 178/400
Job 94: 179/400
Job 94: 180/400
Job 94: 181/400
Job 94: 182/400
Job 94: 183/400
Job 94: 184/400
Job 94: 185/400
Job 94: 186/400
Job 94: 187/400
Job 94: 188/400
Job 94: 189/400
Job 94: 190/400
Job 94: 191/400
Job 94: 192/400
Job 94: 193/400
Job 94: 194/400
Job 94: 195/400
Job 94: 196/400
Job 94: 197/400
Job 94: 198/400
Job 94: 199/400
Job 94: 200/400
Job 94: 201/400
Job 94: 202/400
Job 94: 203/400
Job 94: 204/400
Job 94: 205/400
Job 94: 206/400
Job 94: 207/400
Job 94: 208/400
Job 94: 209/400
Job 94: 210/400
Job 94: 211/400
Job 94: 212/400
Job 94: 213/400
Job 94: 214/400
Job 94: 215/400
Job 94: 216/400
Job 94: 217/400
Job 94: 218/400
Job 94: 219/400
Job 94: 220/400
Job 94: 221/400
Job 94: 222/400
Job 94: 223/400
Job 94: 224/400
Job 94: 225/400
Job 94: 226/400
Job 94: 227/400
Job 94: 228/400
Job 94: 229/400
Job 94: 230/400
Job 94: 231/400
Job 94: 232/400
Job 94: 233/400
Job 94: 234/400
Job 94: 235/400
Job 94: 236/400
Job 94: 237/400
Job 94: 238/400
Job 94: 239/400
Job 94: 240/400
Job 94: 241/400
Job 94: 242/400
Job 94: 243/400
Job 94: 244/400
Job 94: 245/400
Job 94: 246/400
Job 94: 247/400
Job 94: 248/400
Job 94: 249/400
Job 94: 250/400
Job 94: 251/400
Job 94: 252/400
Job 94: 253/400
Job 94: 254/400
Job 94: 255/400
Job 94: 256/400
Job 94: 257/400
Job 94: 258/400
Job 94: 259/400
Job 94: 260/400
Job 94: 261/400
Job 94: 262/400
Job 94: 263/400
Job 94: 264/400
Job 94: 265/400
Job 94: 266/400
Job 94: 267/400
Job 94: 268/400
Job 94: 269/400
Job 94: 270/400
Job 94: 271/400
Job 94: 272/400
Job 94: 273/400
Job 94: 274/400
Job 94: 275/400
Job 94: 276/400
Job 94: 277/400
Job 94: 278/400
Job 94: 279/400
Job 94: 280/400
Job 94: 281/400
Job 94: 282/400
Job 94: 283/400
Job 94: 284/400
Job 94: 285/400
Job 94: 286/400
Job 94: 287/400
Job 94: 288/400
Job 94: 289/400
Job 94: 290/400
Job 94: 291/400
Job 94: 292/400
Job 94: 293/400
Job 94: 294/400
Job 94: 295/400
Job 94: 296/400
Job 94: 297/400
Job 94: 298/400
Job 94: 299/400
Job 94: 300/400
Job 94: 301/400
Job 94: 302/400
Job 94: 303/400
Job 94: 304/400
Job 94: 305/400
Job 94: 306/400
Job 94: 307/400
Job 94: 308/400
Job 94: 309/400
Job 94: 310/400
Job 94: 311/400
Job 94: 312/400
Job 94: 313/400
Job 94: 314/400
Job 94: 315/400
Job 94: 316/400
Job 94: 317/400
Job 94: 318/400
Job 94: 319/400
Job 94: 320/400
Job 94: 321/400
Job 94: 322/400
Job 94: 323/400
Job 94: 324/400
Job 94: 325/400
Job 94: 326/400
Job 94: 327/400
Job 94: 328/400
Job 94: 329/400
Job 94: 330/400
Job 94: 331/400
Job 94: 332/400
Job 94: 333/400
Job 94: 334/400
Job 94: 335/400
Job 94: 336/400
Job 94: 337/400
Job 94: 338/400
Job 94: 339/400
Job 94: 340/400
Job 94: 341/400
Job 94: 342/400
Job 94: 343/400
Job 94: 344/400
Job 94: 345/400
Job 94: 346/400
Job 94: 347/400
Job 94: 348/400
Job 94: 349/400
Job 94: 350/400
Job 94: 351/400
Job 94: 352/400
Job 94: 353/400
Job 94: 354/400
Job 94: 355/400
Job 94: 356/400
Job 94: 357/400
Job 94: 358/400
Job 94: 359/400
Job 94: 360/400
Job 94: 361/400
Job 94: 362/400
Job 94: 363/400
Job 94: 364/400
Job 94: 365/400
Job 94: 366/400
Job 94: 367/400
Job 94: 368/400
Job 94: 369/400
Job 94: 370/400
Job 94: 371/400
Job 94: 372/400
Job 94: 373/400
Job 94: 374/400
Job 94: 375/400
Job 94: 376/400
Job 94: 377/400
Job 94: 378/400
Job 94: 379/400
Job 94: 380/400
Job 94: 381/400
Job 94: 382/400
Job 94: 383/400
Job 94: 384/400
Job 94: 385/400
Job 94: 386/400
Job 94: 387/400
Job 94: 388/400
Job 94: 389/400
Job 94: 390/400
Job 94: 391/400
Job 94: 392/400
Job 94: 393/400
Job 94: 394/400
Job 94: 395/400
Job 94: 396/400
Job 94: 397/400
Job 94: 398/400
Job 94: 399/400
Job 94: 400/400
