Registered S3 methods overwritten by 'susieSlide':
  method              from  
  coef.susie          susieR
  predict.susie       susieR
  print.summary.susie susieR
  summary.susie       susieR
Job 606: 1/400
Job 606: 2/400
Job 606: 3/400
Job 606: 4/400
Job 606: 5/400
Job 606: 6/400
Job 606: 7/400
Job 606: 8/400
Job 606: 9/400
Job 606: 10/400
Job 606: 11/400
Job 606: 12/400
Job 606: 13/400
Job 606: 14/400
Job 606: 15/400
Job 606: 16/400
Job 606: 17/400
Job 606: 18/400
Job 606: 19/400
Job 606: 20/400
Job 606: 21/400
Job 606: 22/400
Job 606: 23/400
Job 606: 24/400 ERROR: No .raw files found in temp_dir.
Job 606: 25/400 ERROR: No .raw files found in temp_dir.
Job 606: 26/400 ERROR: No .raw files found in temp_dir.
Job 606: 27/400 ERROR: No .raw files found in temp_dir.
Job 606: 28/400 ERROR: No .raw files found in temp_dir.
Job 606: 29/400 ERROR: No .raw files found in temp_dir.
Job 606: 30/400 ERROR: No .raw files found in temp_dir.
Job 606: 31/400 ERROR: No .raw files found in temp_dir.
Job 606: 32/400 ERROR: No .raw files found in temp_dir.
Job 606: 33/400 ERROR: No .raw files found in temp_dir.
Job 606: 34/400 ERROR: No .raw files found in temp_dir.
Job 606: 35/400 ERROR: No .raw files found in temp_dir.
Job 606: 36/400 ERROR: No .raw files found in temp_dir.
Job 606: 37/400 ERROR: No .raw files found in temp_dir.
Job 606: 38/400 ERROR: No .raw files found in temp_dir.
Job 606: 39/400 ERROR: No .raw files found in temp_dir.
Job 606: 40/400 ERROR: No .raw files found in temp_dir.
Job 606: 41/400 ERROR: No .raw files found in temp_dir.
Job 606: 42/400 ERROR: No .raw files found in temp_dir.
Job 606: 43/400 ERROR: No .raw files found in temp_dir.
Job 606: 44/400 ERROR: No .raw files found in temp_dir.
Job 606: 45/400 ERROR: No .raw files found in temp_dir.
Job 606: 46/400 ERROR: No .raw files found in temp_dir.
Job 606: 47/400 ERROR: No .raw files found in temp_dir.
Job 606: 48/400 ERROR: No .raw files found in temp_dir.
Job 606: 49/400 ERROR: No .raw files found in temp_dir.
Job 606: 50/400 ERROR: No .raw files found in temp_dir.
Job 606: 51/400 ERROR: No .raw files found in temp_dir.
Job 606: 52/400 ERROR: No .raw files found in temp_dir.
Job 606: 53/400 ERROR: No .raw files found in temp_dir.
Job 606: 54/400 ERROR: No .raw files found in temp_dir.
Job 606: 55/400 ERROR: No .raw files found in temp_dir.
Job 606: 56/400 ERROR: No .raw files found in temp_dir.
Job 606: 57/400 ERROR: No .raw files found in temp_dir.
Job 606: 58/400 ERROR: No .raw files found in temp_dir.
Job 606: 59/400 ERROR: No .raw files found in temp_dir.
Job 606: 60/400 ERROR: No .raw files found in temp_dir.
Job 606: 61/400 ERROR: No .raw files found in temp_dir.
Job 606: 62/400 ERROR: No .raw files found in temp_dir.
Job 606: 63/400 ERROR: No .raw files found in temp_dir.
Job 606: 64/400 ERROR: No .raw files found in temp_dir.
Job 606: 65/400 ERROR: No .raw files found in temp_dir.
Job 606: 66/400 ERROR: No .raw files found in temp_dir.
Job 606: 67/400 ERROR: No .raw files found in temp_dir.
Job 606: 68/400 ERROR: No .raw files found in temp_dir.
Job 606: 69/400 ERROR: No .raw files found in temp_dir.
Job 606: 70/400 ERROR: No .raw files found in temp_dir.
Job 606: 71/400 ERROR: No .raw files found in temp_dir.
Job 606: 72/400 ERROR: No .raw files found in temp_dir.
Job 606: 73/400 ERROR: No .raw files found in temp_dir.
Job 606: 74/400 ERROR: No .raw files found in temp_dir.
Job 606: 75/400 ERROR: No .raw files found in temp_dir.
Job 606: 76/400 ERROR: No .raw files found in temp_dir.
Job 606: 77/400 ERROR: No .raw files found in temp_dir.
Job 606: 78/400 ERROR: No .raw files found in temp_dir.
Job 606: 79/400 ERROR: No .raw files found in temp_dir.
Job 606: 80/400 ERROR: No .raw files found in temp_dir.
Job 606: 81/400 ERROR: No .raw files found in temp_dir.
Job 606: 82/400 ERROR: No .raw files found in temp_dir.
Job 606: 83/400 ERROR: No .raw files found in temp_dir.
Job 606: 84/400 ERROR: No .raw files found in temp_dir.
Job 606: 85/400 ERROR: No .raw files found in temp_dir.
Job 606: 86/400 ERROR: No .raw files found in temp_dir.
Job 606: 87/400 ERROR: No .raw files found in temp_dir.
Job 606: 88/400 ERROR: No .raw files found in temp_dir.
Job 606: 89/400 ERROR: No .raw files found in temp_dir.
Job 606: 90/400 ERROR: No .raw files found in temp_dir.
Job 606: 91/400 ERROR: No .raw files found in temp_dir.
Job 606: 92/400 ERROR: No .raw files found in temp_dir.
Job 606: 93/400 ERROR: No .raw files found in temp_dir.
Job 606: 94/400 ERROR: Not enough donors for the requested n.
Job 606: 95/400
Job 606: 96/400
Job 606: 97/400
Job 606: 98/400
Job 606: 99/400
Job 606: 100/400
Job 606: 101/400
Job 606: 102/400
Job 606: 103/400
Job 606: 104/400
Job 606: 105/400
Job 606: 106/400
Job 606: 107/400
Job 606: 108/400
Job 606: 109/400
Job 606: 110/400
Job 606: 111/400
Job 606: 112/400
Job 606: 113/400
Job 606: 114/400
Job 606: 115/400
Job 606: 116/400
Job 606: 117/400
Job 606: 118/400
Job 606: 119/400
Job 606: 120/400
Job 606: 121/400
Job 606: 122/400
Job 606: 123/400
Job 606: 124/400
Job 606: 125/400
Job 606: 126/400 ERROR: No .raw files found in temp_dir.
Job 606: 127/400 ERROR: No .raw files found in temp_dir.
Job 606: 128/400 ERROR: No .raw files found in temp_dir.
Job 606: 129/400 ERROR: No .raw files found in temp_dir.
Job 606: 130/400 ERROR: No .raw files found in temp_dir.
Job 606: 131/400 ERROR: No .raw files found in temp_dir.
Job 606: 132/400 ERROR: No .raw files found in temp_dir.
Job 606: 133/400 ERROR: No .raw files found in temp_dir.
Job 606: 134/400 ERROR: No .raw files found in temp_dir.
Job 606: 135/400 ERROR: No .raw files found in temp_dir.
Job 606: 136/400 ERROR: No .raw files found in temp_dir.
Job 606: 137/400 ERROR: No .raw files found in temp_dir.
Job 606: 138/400 ERROR: No .raw files found in temp_dir.
Job 606: 139/400 ERROR: No .raw files found in temp_dir.
Job 606: 140/400 ERROR: No .raw files found in temp_dir.
Job 606: 141/400 ERROR: No .raw files found in temp_dir.
Job 606: 142/400 ERROR: No .raw files found in temp_dir.
Job 606: 143/400 ERROR: No .raw files found in temp_dir.
Job 606: 144/400 ERROR: No .raw files found in temp_dir.
Job 606: 145/400 ERROR: No .raw files found in temp_dir.
Job 606: 146/400 ERROR: No .raw files found in temp_dir.
Job 606: 147/400 ERROR: No .raw files found in temp_dir.
Job 606: 148/400 ERROR: No .raw files found in temp_dir.
Job 606: 149/400 ERROR: No .raw files found in temp_dir.
Job 606: 150/400 ERROR: No .raw files found in temp_dir.
Job 606: 151/400 ERROR: No .raw files found in temp_dir.
Job 606: 152/400 ERROR: No .raw files found in temp_dir.
Job 606: 153/400 ERROR: No .raw files found in temp_dir.
Job 606: 154/400 ERROR: No .raw files found in temp_dir.
Job 606: 155/400 ERROR: No .raw files found in temp_dir.
Job 606: 156/400 ERROR: No .raw files found in temp_dir.
Job 606: 157/400 ERROR: No .raw files found in temp_dir.
Job 606: 158/400 ERROR: No .raw files found in temp_dir.
Job 606: 159/400 ERROR: No .raw files found in temp_dir.
Job 606: 160/400 ERROR: No .raw files found in temp_dir.
Job 606: 161/400 ERROR: No .raw files found in temp_dir.
Job 606: 162/400 ERROR: No .raw files found in temp_dir.
Job 606: 163/400 ERROR: No .raw files found in temp_dir.
Job 606: 164/400 ERROR: No .raw files found in temp_dir.
Job 606: 165/400 ERROR: No .raw files found in temp_dir.
Job 606: 166/400 ERROR: No .raw files found in temp_dir.
Job 606: 167/400 ERROR: Not enough donors for the requested n.
Job 606: 168/400
Job 606: 169/400
Job 606: 170/400
Job 606: 171/400
Job 606: 172/400
Job 606: 173/400
Job 606: 174/400
Job 606: 175/400
Job 606: 176/400
Job 606: 177/400
Job 606: 178/400
Job 606: 179/400
Job 606: 180/400
Job 606: 181/400
Job 606: 182/400
Job 606: 183/400
Job 606: 184/400
Job 606: 185/400
Job 606: 186/400
Job 606: 187/400
Job 606: 188/400
Job 606: 189/400
Job 606: 190/400
Job 606: 191/400
Job 606: 192/400
Job 606: 193/400
Job 606: 194/400
Job 606: 195/400
Job 606: 196/400
Job 606: 197/400
Job 606: 198/400
Job 606: 199/400
Job 606: 200/400
Job 606: 201/400
Job 606: 202/400 ERROR: No .raw files found in temp_dir.
Job 606: 203/400 ERROR: No .raw files found in temp_dir.
Job 606: 204/400 ERROR: No .raw files found in temp_dir.
Job 606: 205/400 ERROR: No .raw files found in temp_dir.
Job 606: 206/400 ERROR: No .raw files found in temp_dir.
Job 606: 207/400 ERROR: No .raw files found in temp_dir.
Job 606: 208/400 ERROR: No .raw files found in temp_dir.
Job 606: 209/400 ERROR: No .raw files found in temp_dir.
Job 606: 210/400 ERROR: No .raw files found in temp_dir.
Job 606: 211/400 ERROR: No .raw files found in temp_dir.
Job 606: 212/400 ERROR: No .raw files found in temp_dir.
Job 606: 213/400 ERROR: No .raw files found in temp_dir.
Job 606: 214/400 ERROR: No .raw files found in temp_dir.
Job 606: 215/400 ERROR: No .raw files found in temp_dir.
Job 606: 216/400 ERROR: No .raw files found in temp_dir.
Job 606: 217/400 ERROR: No .raw files found in temp_dir.
Job 606: 218/400 ERROR: No .raw files found in temp_dir.
Job 606: 219/400 ERROR: No .raw files found in temp_dir.
Job 606: 220/400 ERROR: No .raw files found in temp_dir.
Job 606: 221/400 ERROR: No .raw files found in temp_dir.
Job 606: 222/400 ERROR: No .raw files found in temp_dir.
Job 606: 223/400 ERROR: No .raw files found in temp_dir.
Job 606: 224/400 ERROR: No .raw files found in temp_dir.
Job 606: 225/400 ERROR: No .raw files found in temp_dir.
Job 606: 226/400 ERROR: No .raw files found in temp_dir.
Job 606: 227/400 ERROR: No .raw files found in temp_dir.
Job 606: 228/400 ERROR: No .raw files found in temp_dir.
Job 606: 229/400 ERROR: No .raw files found in temp_dir.
Job 606: 230/400 ERROR: No .raw files found in temp_dir.
Job 606: 231/400 ERROR: No .raw files found in temp_dir.
Job 606: 232/400 ERROR: No .raw files found in temp_dir.
Job 606: 233/400 ERROR: No .raw files found in temp_dir.
Job 606: 234/400 ERROR: No .raw files found in temp_dir.
Job 606: 235/400 ERROR: No .raw files found in temp_dir.
Job 606: 236/400 ERROR: No .raw files found in temp_dir.
Job 606: 237/400 ERROR: No .raw files found in temp_dir.
Job 606: 238/400 ERROR: No .raw files found in temp_dir.
Job 606: 239/400 ERROR: No .raw files found in temp_dir.
Job 606: 240/400 ERROR: No .raw files found in temp_dir.
Job 606: 241/400 ERROR: No .raw files found in temp_dir.
Job 606: 242/400 ERROR: No .raw files found in temp_dir.
Job 606: 243/400 ERROR: No .raw files found in temp_dir.
Job 606: 244/400 ERROR: No .raw files found in temp_dir.
Job 606: 245/400 ERROR: No .raw files found in temp_dir.
Job 606: 246/400 ERROR: No .raw files found in temp_dir.
Job 606: 247/400 ERROR: No .raw files found in temp_dir.
Job 606: 248/400 ERROR: No .raw files found in temp_dir.
Job 606: 249/400 ERROR: No .raw files found in temp_dir.
Job 606: 250/400 ERROR: No .raw files found in temp_dir.
Job 606: 251/400 ERROR: No .raw files found in temp_dir.
Job 606: 252/400 ERROR: No .raw files found in temp_dir.
Job 606: 253/400 ERROR: No .raw files found in temp_dir.
Job 606: 254/400 ERROR: No .raw files found in temp_dir.
Job 606: 255/400 ERROR: No .raw files found in temp_dir.
Job 606: 256/400 ERROR: No .raw files found in temp_dir.
Job 606: 257/400 ERROR: No .raw files found in temp_dir.
Job 606: 258/400 ERROR: No .raw files found in temp_dir.
Job 606: 259/400 ERROR: No .raw files found in temp_dir.
Job 606: 260/400 ERROR: No .raw files found in temp_dir.
Job 606: 261/400 ERROR: No .raw files found in temp_dir.
Job 606: 262/400 ERROR: No .raw files found in temp_dir.
Job 606: 263/400 ERROR: No .raw files found in temp_dir.
Job 606: 264/400 ERROR: No .raw files found in temp_dir.
Job 606: 265/400 ERROR: No .raw files found in temp_dir.
Job 606: 266/400 ERROR: No .raw files found in temp_dir.
Job 606: 267/400 ERROR: No .raw files found in temp_dir.
Job 606: 268/400 ERROR: No .raw files found in temp_dir.
Job 606: 269/400 ERROR: No .raw files found in temp_dir.
Job 606: 270/400 ERROR: No .raw files found in temp_dir.
Job 606: 271/400 ERROR: No .raw files found in temp_dir.
Job 606: 272/400 ERROR: No .raw files found in temp_dir.
Job 606: 273/400 ERROR: No .raw files found in temp_dir.
Job 606: 274/400 ERROR: No .raw files found in temp_dir.
Job 606: 275/400 ERROR: No .raw files found in temp_dir.
Job 606: 276/400 ERROR: No .raw files found in temp_dir.
Job 606: 277/400 ERROR: No .raw files found in temp_dir.
Job 606: 278/400 ERROR: No .raw files found in temp_dir.
Job 606: 279/400 ERROR: No .raw files found in temp_dir.
Job 606: 280/400 ERROR: No .raw files found in temp_dir.
Job 606: 281/400 ERROR: No .raw files found in temp_dir.
Job 606: 282/400 ERROR: No .raw files found in temp_dir.
Job 606: 283/400 ERROR: No .raw files found in temp_dir.
Job 606: 284/400 ERROR: No .raw files found in temp_dir.
Job 606: 285/400 ERROR: No .raw files found in temp_dir.
Job 606: 286/400 ERROR: No .raw files found in temp_dir.
Job 606: 287/400 ERROR: No .raw files found in temp_dir.
Job 606: 288/400 ERROR: No .raw files found in temp_dir.
Job 606: 289/400 ERROR: No .raw files found in temp_dir.
Job 606: 290/400 ERROR: No .raw files found in temp_dir.
Job 606: 291/400 ERROR: No .raw files found in temp_dir.
Job 606: 292/400 ERROR: No .raw files found in temp_dir.
Job 606: 293/400 ERROR: No .raw files found in temp_dir.
Job 606: 294/400 ERROR: No .raw files found in temp_dir.
Job 606: 295/400 ERROR: No .raw files found in temp_dir.
Job 606: 296/400 ERROR: No .raw files found in temp_dir.
Job 606: 297/400 ERROR: No .raw files found in temp_dir.
Job 606: 298/400 ERROR: No .raw files found in temp_dir.
Job 606: 299/400 ERROR: No .raw files found in temp_dir.
Job 606: 300/400 ERROR: No .raw files found in temp_dir.
Job 606: 301/400 ERROR: No .raw files found in temp_dir.
Job 606: 302/400 ERROR: No .raw files found in temp_dir.
Job 606: 303/400 ERROR: No .raw files found in temp_dir.
Job 606: 304/400 ERROR: No .raw files found in temp_dir.
Job 606: 305/400 ERROR: No .raw files found in temp_dir.
Job 606: 306/400 ERROR: No .raw files found in temp_dir.
Job 606: 307/400 ERROR: No .raw files found in temp_dir.
Job 606: 308/400 ERROR: No .raw files found in temp_dir.
Job 606: 309/400 ERROR: No .raw files found in temp_dir.
Job 606: 310/400 ERROR: No .raw files found in temp_dir.
Job 606: 311/400 ERROR: No .raw files found in temp_dir.
Job 606: 312/400 ERROR: No .raw files found in temp_dir.
Job 606: 313/400 ERROR: No .raw files found in temp_dir.
Job 606: 314/400 ERROR: No .raw files found in temp_dir.
Job 606: 315/400 ERROR: No .raw files found in temp_dir.
Job 606: 316/400 ERROR: No .raw files found in temp_dir.
Job 606: 317/400 ERROR: No .raw files found in temp_dir.
Job 606: 318/400 ERROR: No .raw files found in temp_dir.
Job 606: 319/400 ERROR: No .raw files found in temp_dir.
Job 606: 320/400 ERROR: No .raw files found in temp_dir.
Job 606: 321/400 ERROR: No .raw files found in temp_dir.
Job 606: 322/400 ERROR: No .raw files found in temp_dir.
Job 606: 323/400 ERROR: No .raw files found in temp_dir.
Job 606: 324/400 ERROR: No .raw files found in temp_dir.
Job 606: 325/400 ERROR: No .raw files found in temp_dir.
Job 606: 326/400 ERROR: No .raw files found in temp_dir.
Job 606: 327/400 ERROR: No .raw files found in temp_dir.
Job 606: 328/400 ERROR: No .raw files found in temp_dir.
Job 606: 329/400 ERROR: No .raw files found in temp_dir.
Job 606: 330/400 ERROR: No .raw files found in temp_dir.
Job 606: 331/400 ERROR: No .raw files found in temp_dir.
Job 606: 332/400 ERROR: No .raw files found in temp_dir.
Job 606: 333/400 ERROR: No .raw files found in temp_dir.
Job 606: 334/400 ERROR: No .raw files found in temp_dir.
Job 606: 335/400 ERROR: No .raw files found in temp_dir.
Job 606: 336/400 ERROR: No .raw files found in temp_dir.
Job 606: 337/400 ERROR: No .raw files found in temp_dir.
Job 606: 338/400 ERROR: No .raw files found in temp_dir.
Job 606: 339/400 ERROR: No .raw files found in temp_dir.
Job 606: 340/400 ERROR: No .raw files found in temp_dir.
Job 606: 341/400 ERROR: No .raw files found in temp_dir.
Job 606: 342/400 ERROR: No .raw files found in temp_dir.
Job 606: 343/400 ERROR: No .raw files found in temp_dir.
Job 606: 344/400 ERROR: No .raw files found in temp_dir.
Job 606: 345/400 ERROR: No .raw files found in temp_dir.
Job 606: 346/400 ERROR: No .raw files found in temp_dir.
Job 606: 347/400 ERROR: No .raw files found in temp_dir.
Job 606: 348/400 ERROR: No .raw files found in temp_dir.
Job 606: 349/400 ERROR: No .raw files found in temp_dir.
Job 606: 350/400 ERROR: No .raw files found in temp_dir.
Job 606: 351/400 ERROR: No .raw files found in temp_dir.
Job 606: 352/400 ERROR: No .raw files found in temp_dir.
Job 606: 353/400 ERROR: No .raw files found in temp_dir.
Job 606: 354/400 ERROR: No .raw files found in temp_dir.
Job 606: 355/400 ERROR: No .raw files found in temp_dir.
Job 606: 356/400 ERROR: No .raw files found in temp_dir.
Job 606: 357/400 ERROR: No .raw files found in temp_dir.
Job 606: 358/400 ERROR: No .raw files found in temp_dir.
Job 606: 359/400 ERROR: No .raw files found in temp_dir.
Job 606: 360/400 ERROR: No .raw files found in temp_dir.
Job 606: 361/400 ERROR: No .raw files found in temp_dir.
Job 606: 362/400 ERROR: No .raw files found in temp_dir.
Job 606: 363/400 ERROR: No .raw files found in temp_dir.
Job 606: 364/400 ERROR: No .raw files found in temp_dir.
Job 606: 365/400 ERROR: No .raw files found in temp_dir.
Job 606: 366/400 ERROR: No .raw files found in temp_dir.
Job 606: 367/400 ERROR: No .raw files found in temp_dir.
Job 606: 368/400 ERROR: No .raw files found in temp_dir.
Job 606: 369/400 ERROR: No .raw files found in temp_dir.
Job 606: 370/400 ERROR: No .raw files found in temp_dir.
Job 606: 371/400 ERROR: No .raw files found in temp_dir.
Job 606: 372/400 ERROR: No .raw files found in temp_dir.
Job 606: 373/400 ERROR: No .raw files found in temp_dir.
Job 606: 374/400 ERROR: No .raw files found in temp_dir.
Job 606: 375/400 ERROR: No .raw files found in temp_dir.
Job 606: 376/400 ERROR: No .raw files found in temp_dir.
Job 606: 377/400 ERROR: No .raw files found in temp_dir.
Job 606: 378/400 ERROR: No .raw files found in temp_dir.
Job 606: 379/400 ERROR: No .raw files found in temp_dir.
Job 606: 380/400 ERROR: No .raw files found in temp_dir.
Job 606: 381/400 ERROR: No .raw files found in temp_dir.
Job 606: 382/400 ERROR: No .raw files found in temp_dir.
Job 606: 383/400 ERROR: No .raw files found in temp_dir.
Job 606: 384/400 ERROR: No .raw files found in temp_dir.
Job 606: 385/400 ERROR: No .raw files found in temp_dir.
Job 606: 386/400 ERROR: No .raw files found in temp_dir.
Job 606: 387/400 ERROR: No .raw files found in temp_dir.
Job 606: 388/400 ERROR: No .raw files found in temp_dir.
Job 606: 389/400 ERROR: No .raw files found in temp_dir.
Job 606: 390/400 ERROR: No .raw files found in temp_dir.
Job 606: 391/400 ERROR: No .raw files found in temp_dir.
Job 606: 392/400 ERROR: No .raw files found in temp_dir.
Job 606: 393/400 ERROR: No .raw files found in temp_dir.
Job 606: 394/400 ERROR: No .raw files found in temp_dir.
Job 606: 395/400 ERROR: No .raw files found in temp_dir.
Job 606: 396/400 ERROR: No .raw files found in temp_dir.
Job 606: 397/400 ERROR: No .raw files found in temp_dir.
Job 606: 398/400 ERROR: No .raw files found in temp_dir.
Job 606: 399/400 ERROR: No .raw files found in temp_dir.
Job 606: 400/400 ERROR: No .raw files found in temp_dir.
Warning messages:
1: In data.table::fread(raw_file, data.table = FALSE) :
  Discarded single-line footer: <<0	GTEX-139UC	0	0	0	-9	2	2	2	2	1	0	2	2	2	2	2	2	1	2	2	2	2	2	2	2	2	2	2	2	2	2	2	2	0	2	0	2	1	2	1	2	1	0	2	2	2	1	2	1	2	2	2	2	1	2	2	1	2	2	2	0	2	2	2	2	2	1	2	2	2	2	1	2	2	2	2	2	2	1	2	2	2	0	2	2	2	2	2	2	2	2	2	2	2	2	0	1	2	2	2	1	2	2	2	2	2	2	2	2	0	2	2	2	2	2	2	2	2	1	2	2	2	1	2	2	2	2	2	2	2	1	2	2	2	0	2	2	2	2	1	2	1	2	0	2	0	2	1	2	2	2	2	2	2	2	2	2	2	2	2	2	2	1	1	2	2	1	2	2	1	1	2	2	2	2	2	2	1	2	2	2	2	2	2	2	2	2	2	2	2	1	2	2	2	2	2	1	2	2	2	2	2	2	2	2	2	2	2	2	2	2	2	2	2	2	2	2	2	2	2	2	2	2	2	2	2	2	2	1	2	2	1	2	2	2	2	2	2	1	2	2	2	2	2	>>
2: In data.table::fread(raw_file, data.table = FALSE) :
  Discarded single-line footer: <<0	GTEX-QV31	0	0	0	-9	2	2	2	2	2	0	2	2	2	2	2	2	1	1	2	2	2	2	2	2	2	2	2	2	2	2	2	2	0	2	0	2	2	2	0	2	2	0	2	2	2	2	2	2	2	2	2	2	1	2	2	2	2	2	2	0	2	2	2	2	2	2	2	2	2	2	2	2	2	2	2	2	2	1	2	2	2	0	2	2	2	2	2	2	2	2	2	2	2	2	0	2	2	2	2	2	2	2	2	2	2	2	2	2	0	2	2	2	1	2	2	2	2	1	2	2	2	2	2	2	2	2	2	2	2	2	2	1	2	0	2	2	2	2	1	2	1	2	0	1	0	2	1	2	2	2	2	2	2	2	2	2	2	2	2	2	2	2	2	2	2	2	2	2	2	2	2	2	2	2	2	2	2	2	2	2	2	2	2	2	2	2	2	2	2	2	2	NA	2	2	2	2	2	2	2	2	2	2	2	2	2	2	2	2	2	2	2	2	2	2	2	2	2	2	2	2	2	2	2	2	2	2	2	2	2	2	2	2	2	2	2	2	2	2	2	2	2	2	2	>>
3: In data.table::fread(raw_file, data.table = FALSE) :
  Discarded single-line footer: <<0	GTEX-15D1Q	0	0	0	-9	2	2	2	2	2	2	2	2	2	>>
