Registered S3 methods overwritten by 'susieSlide':
  method              from  
  coef.susie          susieR
  predict.susie       susieR
  print.summary.susie susieR
  summary.susie       susieR
Job 574: 1/400
Job 574: 2/400
Job 574: 3/400
Job 574: 4/400
Job 574: 5/400
Job 574: 6/400
Job 574: 7/400
Job 574: 8/400
Job 574: 9/400
Job 574: 10/400
Job 574: 11/400
Job 574: 12/400
Job 574: 13/400
Job 574: 14/400
Job 574: 15/400
Job 574: 16/400
Job 574: 17/400
Job 574: 18/400
Job 574: 19/400
Job 574: 20/400
Job 574: 21/400
Job 574: 22/400
Job 574: 23/400
Job 574: 24/400
Job 574: 25/400
Job 574: 26/400
Job 574: 27/400
Job 574: 28/400
Job 574: 29/400
Job 574: 30/400
Job 574: 31/400
Job 574: 32/400
Job 574: 33/400
Job 574: 34/400
Job 574: 35/400
Job 574: 36/400
Job 574: 37/400
Job 574: 38/400
Job 574: 39/400
Job 574: 40/400
Job 574: 41/400
Job 574: 42/400
Job 574: 43/400
Job 574: 44/400
Job 574: 45/400
Job 574: 46/400
Job 574: 47/400
Job 574: 48/400
Job 574: 49/400
Job 574: 50/400
Job 574: 51/400
Job 574: 52/400
Job 574: 53/400
Job 574: 54/400
Job 574: 55/400
Job 574: 56/400
Job 574: 57/400
Job 574: 58/400
Job 574: 59/400
Job 574: 60/400
Job 574: 61/400
Job 574: 62/400
Job 574: 63/400
Job 574: 64/400
Job 574: 65/400
Job 574: 66/400
Job 574: 67/400
Job 574: 68/400
Job 574: 69/400
Job 574: 70/400
Job 574: 71/400
Job 574: 72/400
Job 574: 73/400
Job 574: 74/400
Job 574: 75/400
Job 574: 76/400
Job 574: 77/400
Job 574: 78/400
Job 574: 79/400
Job 574: 80/400
Job 574: 81/400
Job 574: 82/400
Job 574: 83/400
Job 574: 84/400
Job 574: 85/400
Job 574: 86/400
Job 574: 87/400
Job 574: 88/400
Job 574: 89/400
Job 574: 90/400
Job 574: 91/400
Job 574: 92/400
Job 574: 93/400
Job 574: 94/400
Job 574: 95/400
Job 574: 96/400
Job 574: 97/400
Job 574: 98/400
Job 574: 99/400
Job 574: 100/400
Job 574: 101/400
Job 574: 102/400
Job 574: 103/400
Job 574: 104/400
Job 574: 105/400
Job 574: 106/400
Job 574: 107/400
Job 574: 108/400
Job 574: 109/400
Job 574: 110/400
Job 574: 111/400
Job 574: 112/400
Job 574: 113/400
Job 574: 114/400
Job 574: 115/400
Job 574: 116/400
Job 574: 117/400
Job 574: 118/400
Job 574: 119/400
Job 574: 120/400
Job 574: 121/400
Job 574: 122/400
Job 574: 123/400
Job 574: 124/400
Job 574: 125/400
Job 574: 126/400
Job 574: 127/400
Job 574: 128/400
Job 574: 129/400
Job 574: 130/400
Job 574: 131/400
Job 574: 132/400
Job 574: 133/400
Job 574: 134/400
Job 574: 135/400
Job 574: 136/400
Job 574: 137/400
Job 574: 138/400
Job 574: 139/400
Job 574: 140/400
Job 574: 141/400
Job 574: 142/400
Job 574: 143/400
Job 574: 144/400
Job 574: 145/400
Job 574: 146/400
Job 574: 147/400
Job 574: 148/400
Job 574: 149/400
Job 574: 150/400
Job 574: 151/400
Job 574: 152/400
Job 574: 153/400
Job 574: 154/400
Job 574: 155/400
Job 574: 156/400
Job 574: 157/400
Job 574: 158/400
Job 574: 159/400
Job 574: 160/400
Job 574: 161/400
Job 574: 162/400
Job 574: 163/400
Job 574: 164/400
Job 574: 165/400
Job 574: 166/400
Job 574: 167/400
Job 574: 168/400
Job 574: 169/400
Job 574: 170/400
Job 574: 171/400
Job 574: 172/400
Job 574: 173/400
Job 574: 174/400
Job 574: 175/400
Job 574: 176/400
Job 574: 177/400
Job 574: 178/400
Job 574: 179/400
Job 574: 180/400
Job 574: 181/400
Job 574: 182/400
Job 574: 183/400
Job 574: 184/400
Job 574: 185/400
Job 574: 186/400
Job 574: 187/400
Job 574: 188/400
Job 574: 189/400
Job 574: 190/400
Job 574: 191/400
Job 574: 192/400
Job 574: 193/400
Job 574: 194/400
Job 574: 195/400
Job 574: 196/400
Job 574: 197/400
Job 574: 198/400
Job 574: 199/400
Job 574: 200/400
Job 574: 201/400
Job 574: 202/400
Job 574: 203/400
Job 574: 204/400
Job 574: 205/400
Job 574: 206/400
Job 574: 207/400
Job 574: 208/400
Job 574: 209/400
Job 574: 210/400
Job 574: 211/400
Job 574: 212/400
Job 574: 213/400
Job 574: 214/400
Job 574: 215/400
Job 574: 216/400
Job 574: 217/400
Job 574: 218/400
Job 574: 219/400
Job 574: 220/400
Job 574: 221/400
Job 574: 222/400
Job 574: 223/400
Job 574: 224/400
Job 574: 225/400
Job 574: 226/400
Job 574: 227/400
Job 574: 228/400
Job 574: 229/400
Job 574: 230/400
Job 574: 231/400
Job 574: 232/400
Job 574: 233/400
Job 574: 234/400
Job 574: 235/400
Job 574: 236/400
Job 574: 237/400
Job 574: 238/400
Job 574: 239/400
Job 574: 240/400
Job 574: 241/400
Job 574: 242/400
Job 574: 243/400
Job 574: 244/400
Job 574: 245/400
Job 574: 246/400
Job 574: 247/400
Job 574: 248/400
Job 574: 249/400
Job 574: 250/400
Job 574: 251/400
Job 574: 252/400
Job 574: 253/400
Job 574: 254/400
Job 574: 255/400
Job 574: 256/400
Job 574: 257/400
Job 574: 258/400
Job 574: 259/400
Job 574: 260/400
Job 574: 261/400
Job 574: 262/400
Job 574: 263/400
Job 574: 264/400
Job 574: 265/400
Job 574: 266/400
Job 574: 267/400
Job 574: 268/400
Job 574: 269/400
Job 574: 270/400
Job 574: 271/400
Job 574: 272/400
Job 574: 273/400
Job 574: 274/400
Job 574: 275/400
Job 574: 276/400
Job 574: 277/400
Job 574: 278/400
Job 574: 279/400
Job 574: 280/400
Job 574: 281/400
Job 574: 282/400
Job 574: 283/400
Job 574: 284/400
Job 574: 285/400
Job 574: 286/400
Job 574: 287/400
Job 574: 288/400
Job 574: 289/400
Job 574: 290/400
Job 574: 291/400
Job 574: 292/400
Job 574: 293/400
Job 574: 294/400
Job 574: 295/400
Job 574: 296/400
Job 574: 297/400
Job 574: 298/400
Job 574: 299/400
Job 574: 300/400
Job 574: 301/400
Job 574: 302/400
Job 574: 303/400
Job 574: 304/400
Job 574: 305/400
Job 574: 306/400
Job 574: 307/400
Job 574: 308/400
Job 574: 309/400
Job 574: 310/400
Job 574: 311/400
Job 574: 312/400
Job 574: 313/400
Job 574: 314/400
Job 574: 315/400
Job 574: 316/400
Job 574: 317/400
Job 574: 318/400
Job 574: 319/400
Job 574: 320/400
Job 574: 321/400
Job 574: 322/400
Job 574: 323/400
Job 574: 324/400
Job 574: 325/400
Job 574: 326/400
Job 574: 327/400
Job 574: 328/400
Job 574: 329/400
Job 574: 330/400
Job 574: 331/400
Job 574: 332/400
Job 574: 333/400
Job 574: 334/400
Job 574: 335/400
Job 574: 336/400
Job 574: 337/400
Job 574: 338/400
Job 574: 339/400
Job 574: 340/400
Job 574: 341/400
Job 574: 342/400
Job 574: 343/400
Job 574: 344/400
Job 574: 345/400
Job 574: 346/400
Job 574: 347/400
Job 574: 348/400
Job 574: 349/400
Job 574: 350/400
Job 574: 351/400
Job 574: 352/400
Job 574: 353/400
Job 574: 354/400
Job 574: 355/400
Job 574: 356/400
Job 574: 357/400
Job 574: 358/400
Job 574: 359/400
Job 574: 360/400
Job 574: 361/400
Job 574: 362/400
Job 574: 363/400
Job 574: 364/400
Job 574: 365/400
Job 574: 366/400
Job 574: 367/400
Job 574: 368/400
Job 574: 369/400
Job 574: 370/400
Job 574: 371/400
Job 574: 372/400
Job 574: 373/400
Job 574: 374/400
Job 574: 375/400
Job 574: 376/400
Job 574: 377/400
Job 574: 378/400
Job 574: 379/400
Job 574: 380/400
Job 574: 381/400
Job 574: 382/400
Job 574: 383/400
Job 574: 384/400
Job 574: 385/400 ERROR: No .raw files found in temp_dir.
Job 574: 386/400 ERROR: No .raw files found in temp_dir.
Job 574: 387/400
Job 574: 388/400
Job 574: 389/400
Job 574: 390/400
Job 574: 391/400
Job 574: 392/400
Job 574: 393/400
Job 574: 394/400
Job 574: 395/400 ERROR: No .raw files found in temp_dir.
Job 574: 396/400 ERROR: No .raw files found in temp_dir.
Job 574: 397/400
Job 574: 398/400
Job 574: 399/400
Job 574: 400/400
