Registered S3 methods overwritten by 'susieSlide':
  method              from  
  coef.susie          susieR
  predict.susie       susieR
  print.summary.susie susieR
  summary.susie       susieR
Job 366: 1/400
Job 366: 2/400
Job 366: 3/400
Job 366: 4/400
Job 366: 5/400
Job 366: 6/400
Job 366: 7/400
Job 366: 8/400
Job 366: 9/400
Job 366: 10/400
Job 366: 11/400
Job 366: 12/400
Job 366: 13/400
Job 366: 14/400
Job 366: 15/400
Job 366: 16/400
Job 366: 17/400
Job 366: 18/400
Job 366: 19/400
Job 366: 20/400
Job 366: 21/400
Job 366: 22/400
Job 366: 23/400
Job 366: 24/400
Job 366: 25/400
Job 366: 26/400
Job 366: 27/400
Job 366: 28/400
Job 366: 29/400
Job 366: 30/400
Job 366: 31/400
Job 366: 32/400
Job 366: 33/400
Job 366: 34/400
Job 366: 35/400
Job 366: 36/400
Job 366: 37/400
Job 366: 38/400
Job 366: 39/400
Job 366: 40/400
Job 366: 41/400
Job 366: 42/400
Job 366: 43/400
Job 366: 44/400
Job 366: 45/400
Job 366: 46/400
Job 366: 47/400
Job 366: 48/400
Job 366: 49/400
Job 366: 50/400
Job 366: 51/400
Job 366: 52/400
Job 366: 53/400
Job 366: 54/400
Job 366: 55/400
Job 366: 56/400
Job 366: 57/400 ERROR: object 'target_gene' not found
Job 366: 58/400
Job 366: 59/400
Job 366: 60/400
Job 366: 61/400
Job 366: 62/400
Job 366: 63/400
Job 366: 64/400
Job 366: 65/400
Job 366: 66/400
Job 366: 67/400
Job 366: 68/400
Job 366: 69/400
Job 366: 70/400
Job 366: 71/400
Job 366: 72/400
Job 366: 73/400
Job 366: 74/400
Job 366: 75/400
Job 366: 76/400
Job 366: 77/400
Job 366: 78/400
Job 366: 79/400
Job 366: 80/400
Job 366: 81/400
Job 366: 82/400
Job 366: 83/400
Job 366: 84/400
Job 366: 85/400
Job 366: 86/400
Job 366: 87/400
Job 366: 88/400
Job 366: 89/400
Job 366: 90/400
Job 366: 91/400
Job 366: 92/400
Job 366: 93/400
Job 366: 94/400
Job 366: 95/400
Job 366: 96/400
Job 366: 97/400
Job 366: 98/400
Job 366: 99/400
Job 366: 100/400
Job 366: 101/400
Job 366: 102/400
Job 366: 103/400
Job 366: 104/400
Job 366: 105/400
Job 366: 106/400
Job 366: 107/400
Job 366: 108/400
Job 366: 109/400
Job 366: 110/400
Job 366: 111/400
Job 366: 112/400
Job 366: 113/400
Job 366: 114/400
Job 366: 115/400
Job 366: 116/400
Job 366: 117/400
Job 366: 118/400
Job 366: 119/400
Job 366: 120/400
Job 366: 121/400
Job 366: 122/400
Job 366: 123/400
Job 366: 124/400
Job 366: 125/400
Job 366: 126/400
Job 366: 127/400
Job 366: 128/400
Job 366: 129/400
Job 366: 130/400
Job 366: 131/400
Job 366: 132/400
Job 366: 133/400
Job 366: 134/400
Job 366: 135/400
Job 366: 136/400
Job 366: 137/400
Job 366: 138/400
Job 366: 139/400
Job 366: 140/400
Job 366: 141/400
Job 366: 142/400
Job 366: 143/400
Job 366: 144/400
Job 366: 145/400
Job 366: 146/400
Job 366: 147/400
Job 366: 148/400
Job 366: 149/400
Job 366: 150/400
Job 366: 151/400
Job 366: 152/400
Job 366: 153/400
Job 366: 154/400
Job 366: 155/400
Job 366: 156/400
Job 366: 157/400
Job 366: 158/400
Job 366: 159/400
Job 366: 160/400
Job 366: 161/400
Job 366: 162/400
Job 366: 163/400
Job 366: 164/400
Job 366: 165/400
Job 366: 166/400
Job 366: 167/400
Job 366: 168/400
Job 366: 169/400
Job 366: 170/400
Job 366: 171/400
Job 366: 172/400
Job 366: 173/400
Job 366: 174/400
Job 366: 175/400
Job 366: 176/400
Job 366: 177/400
Job 366: 178/400
Job 366: 179/400
Job 366: 180/400
Job 366: 181/400
Job 366: 182/400
Job 366: 183/400
Job 366: 184/400
Job 366: 185/400
Job 366: 186/400
Job 366: 187/400
Job 366: 188/400
Job 366: 189/400
Job 366: 190/400
Job 366: 191/400
Job 366: 192/400
Job 366: 193/400
Job 366: 194/400
Job 366: 195/400
Job 366: 196/400
Job 366: 197/400
Job 366: 198/400
Job 366: 199/400
Job 366: 200/400
Job 366: 201/400
Job 366: 202/400
Job 366: 203/400
Job 366: 204/400
Job 366: 205/400
Job 366: 206/400
Job 366: 207/400
Job 366: 208/400
Job 366: 209/400
Job 366: 210/400
Job 366: 211/400
Job 366: 212/400
Job 366: 213/400
Job 366: 214/400
Job 366: 215/400
Job 366: 216/400
Job 366: 217/400
Job 366: 218/400
Job 366: 219/400
Job 366: 220/400
Job 366: 221/400
Job 366: 222/400
Job 366: 223/400
Job 366: 224/400
Job 366: 225/400
Job 366: 226/400
Job 366: 227/400
Job 366: 228/400
Job 366: 229/400
Job 366: 230/400
Job 366: 231/400
Job 366: 232/400
Job 366: 233/400
Job 366: 234/400
Job 366: 235/400
Job 366: 236/400
Job 366: 237/400
Job 366: 238/400
Job 366: 239/400
Job 366: 240/400
Job 366: 241/400
Job 366: 242/400
Job 366: 243/400
Job 366: 244/400
Job 366: 245/400
Job 366: 246/400
Job 366: 247/400
Job 366: 248/400
Job 366: 249/400
Job 366: 250/400
Job 366: 251/400
Job 366: 252/400
Job 366: 253/400
Job 366: 254/400
Job 366: 255/400
Job 366: 256/400
Job 366: 257/400
Job 366: 258/400
Job 366: 259/400
Job 366: 260/400
Job 366: 261/400
Job 366: 262/400
Job 366: 263/400
Job 366: 264/400
Job 366: 265/400
Job 366: 266/400
Job 366: 267/400
Job 366: 268/400
Job 366: 269/400
Job 366: 270/400
Job 366: 271/400
Job 366: 272/400
Job 366: 273/400
Job 366: 274/400
Job 366: 275/400
Job 366: 276/400
Job 366: 277/400
Job 366: 278/400
Job 366: 279/400
Job 366: 280/400
Job 366: 281/400
Job 366: 282/400
Job 366: 283/400
Job 366: 284/400
Job 366: 285/400
Job 366: 286/400
Job 366: 287/400
Job 366: 288/400
Job 366: 289/400
Job 366: 290/400
Job 366: 291/400
Job 366: 292/400
Job 366: 293/400
Job 366: 294/400
Job 366: 295/400
Job 366: 296/400
Job 366: 297/400
Job 366: 298/400
Job 366: 299/400
Job 366: 300/400
Job 366: 301/400
Job 366: 302/400
Job 366: 303/400
Job 366: 304/400
Job 366: 305/400
Job 366: 306/400
Job 366: 307/400
Job 366: 308/400
Job 366: 309/400
Job 366: 310/400
Job 366: 311/400
Job 366: 312/400
Job 366: 313/400
Job 366: 314/400
Job 366: 315/400
Job 366: 316/400
Job 366: 317/400
Job 366: 318/400
Job 366: 319/400
Job 366: 320/400
Job 366: 321/400
Job 366: 322/400
Job 366: 323/400
Job 366: 324/400
Job 366: 325/400
Job 366: 326/400
Job 366: 327/400
Job 366: 328/400
Job 366: 329/400
Job 366: 330/400
Job 366: 331/400
Job 366: 332/400
Job 366: 333/400
Job 366: 334/400
Job 366: 335/400
Job 366: 336/400
Job 366: 337/400
Job 366: 338/400
Job 366: 339/400
Job 366: 340/400
Job 366: 341/400
Job 366: 342/400
Job 366: 343/400
Job 366: 344/400
Job 366: 345/400
Job 366: 346/400
Job 366: 347/400
Job 366: 348/400
Job 366: 349/400
Job 366: 350/400
Job 366: 351/400
Job 366: 352/400
Job 366: 353/400
Job 366: 354/400
Job 366: 355/400
Job 366: 356/400
Job 366: 357/400
Job 366: 358/400
Job 366: 359/400
Job 366: 360/400
Job 366: 361/400
Job 366: 362/400
Job 366: 363/400
Job 366: 364/400
Job 366: 365/400
Job 366: 366/400
Job 366: 367/400
Job 366: 368/400
Job 366: 369/400
Job 366: 370/400
Job 366: 371/400
Job 366: 372/400
Job 366: 373/400
Job 366: 374/400
Job 366: 375/400
Job 366: 376/400
Job 366: 377/400
Job 366: 378/400
Job 366: 379/400
Job 366: 380/400
Job 366: 381/400
Job 366: 382/400
Job 366: 383/400
Job 366: 384/400
Job 366: 385/400
Job 366: 386/400
Job 366: 387/400
Job 366: 388/400
Job 366: 389/400
Job 366: 390/400
Job 366: 391/400
Job 366: 392/400
Job 366: 393/400
Job 366: 394/400
Job 366: 395/400
Job 366: 396/400
Job 366: 397/400
Job 366: 398/400
Job 366: 399/400
Job 366: 400/400
