Registered S3 methods overwritten by 'susieSlide':
  method              from  
  coef.susie          susieR
  predict.susie       susieR
  print.summary.susie susieR
  summary.susie       susieR
Job 319: 1/400
Job 319: 2/400
Job 319: 3/400
Job 319: 4/400
Job 319: 5/400
Job 319: 6/400
Job 319: 7/400
Job 319: 8/400
Job 319: 9/400
Job 319: 10/400
Job 319: 11/400
Job 319: 12/400
Job 319: 13/400
Job 319: 14/400
Job 319: 15/400
Job 319: 16/400
Job 319: 17/400
Job 319: 18/400
Job 319: 19/400
Job 319: 20/400
Job 319: 21/400
Job 319: 22/400
Job 319: 23/400
Job 319: 24/400
Job 319: 25/400
Job 319: 26/400
Job 319: 27/400
Job 319: 28/400
Job 319: 29/400
Job 319: 30/400
Job 319: 31/400
Job 319: 32/400
Job 319: 33/400
Job 319: 34/400
Job 319: 35/400
Job 319: 36/400
Job 319: 37/400
Job 319: 38/400
Job 319: 39/400
Job 319: 40/400
Job 319: 41/400
Job 319: 42/400
Job 319: 43/400
Job 319: 44/400
Job 319: 45/400
Job 319: 46/400
Job 319: 47/400
Job 319: 48/400
Job 319: 49/400
Job 319: 50/400
Job 319: 51/400
Job 319: 52/400
Job 319: 53/400
Job 319: 54/400
Job 319: 55/400
Job 319: 56/400
Job 319: 57/400
Job 319: 58/400
Job 319: 59/400
Job 319: 60/400
Job 319: 61/400
Job 319: 62/400
Job 319: 63/400
Job 319: 64/400
Job 319: 65/400
Job 319: 66/400
Job 319: 67/400
Job 319: 68/400
Job 319: 69/400
Job 319: 70/400
Job 319: 71/400
Job 319: 72/400
Job 319: 73/400
Job 319: 74/400
Job 319: 75/400
Job 319: 76/400
Job 319: 77/400
Job 319: 78/400
Job 319: 79/400
Job 319: 80/400
Job 319: 81/400
Job 319: 82/400
Job 319: 83/400
Job 319: 84/400
Job 319: 85/400
Job 319: 86/400
Job 319: 87/400
Job 319: 88/400
Job 319: 89/400
Job 319: 90/400
Job 319: 91/400
Job 319: 92/400
Job 319: 93/400
Job 319: 94/400
Job 319: 95/400
Job 319: 96/400
Job 319: 97/400
Job 319: 98/400
Job 319: 99/400
Job 319: 100/400
Job 319: 101/400
Job 319: 102/400
Job 319: 103/400
Job 319: 104/400
Job 319: 105/400
Job 319: 106/400
Job 319: 107/400
Job 319: 108/400
Job 319: 109/400
Job 319: 110/400
Job 319: 111/400
Job 319: 112/400
Job 319: 113/400
Job 319: 114/400
Job 319: 115/400
Job 319: 116/400
Job 319: 117/400
Job 319: 118/400
Job 319: 119/400
Job 319: 120/400
Job 319: 121/400
Job 319: 122/400
Job 319: 123/400
Job 319: 124/400
Job 319: 125/400
Job 319: 126/400
Job 319: 127/400
Job 319: 128/400
Job 319: 129/400
Job 319: 130/400
Job 319: 131/400
Job 319: 132/400
Job 319: 133/400
Job 319: 134/400
Job 319: 135/400
Job 319: 136/400
Job 319: 137/400
Job 319: 138/400
Job 319: 139/400
Job 319: 140/400
Job 319: 141/400
Job 319: 142/400
Job 319: 143/400
Job 319: 144/400
Job 319: 145/400
Job 319: 146/400
Job 319: 147/400
Job 319: 148/400
Job 319: 149/400
Job 319: 150/400
Job 319: 151/400
Job 319: 152/400
Job 319: 153/400
Job 319: 154/400
Job 319: 155/400
Job 319: 156/400
Job 319: 157/400
Job 319: 158/400
Job 319: 159/400
Job 319: 160/400
Job 319: 161/400
Job 319: 162/400
Job 319: 163/400
Job 319: 164/400
Job 319: 165/400
Job 319: 166/400
Job 319: 167/400
Job 319: 168/400
Job 319: 169/400
Job 319: 170/400
Job 319: 171/400
Job 319: 172/400
Job 319: 173/400
Job 319: 174/400
Job 319: 175/400
Job 319: 176/400
Job 319: 177/400
Job 319: 178/400
Job 319: 179/400
Job 319: 180/400
Job 319: 181/400
Job 319: 182/400
Job 319: 183/400
Job 319: 184/400
Job 319: 185/400
Job 319: 186/400
Job 319: 187/400
Job 319: 188/400
Job 319: 189/400
Job 319: 190/400
Job 319: 191/400
Job 319: 192/400
Job 319: 193/400
Job 319: 194/400
Job 319: 195/400
Job 319: 196/400
Job 319: 197/400
Job 319: 198/400
Job 319: 199/400
Job 319: 200/400
Job 319: 201/400
Job 319: 202/400
Job 319: 203/400
Job 319: 204/400
Job 319: 205/400
Job 319: 206/400
Job 319: 207/400
Job 319: 208/400
Job 319: 209/400
Job 319: 210/400
Job 319: 211/400
Job 319: 212/400
Job 319: 213/400
Job 319: 214/400
Job 319: 215/400
Job 319: 216/400
Job 319: 217/400
Job 319: 218/400
Job 319: 219/400
Job 319: 220/400
Job 319: 221/400
Job 319: 222/400
Job 319: 223/400
Job 319: 224/400
Job 319: 225/400
Job 319: 226/400
Job 319: 227/400
Job 319: 228/400
Job 319: 229/400
Job 319: 230/400
Job 319: 231/400
Job 319: 232/400
Job 319: 233/400
Job 319: 234/400
Job 319: 235/400
Job 319: 236/400
Job 319: 237/400
Job 319: 238/400
Job 319: 239/400
Job 319: 240/400
Job 319: 241/400
Job 319: 242/400
Job 319: 243/400
Job 319: 244/400
Job 319: 245/400
Job 319: 246/400
Job 319: 247/400
Job 319: 248/400
Job 319: 249/400
Job 319: 250/400
Job 319: 251/400
Job 319: 252/400
Job 319: 253/400
Job 319: 254/400
Job 319: 255/400
Job 319: 256/400
Job 319: 257/400
Job 319: 258/400
Job 319: 259/400
Job 319: 260/400
Job 319: 261/400
Job 319: 262/400
Job 319: 263/400
Job 319: 264/400
Job 319: 265/400
Job 319: 266/400
Job 319: 267/400
Job 319: 268/400
Job 319: 269/400
Job 319: 270/400
Job 319: 271/400
Job 319: 272/400
Job 319: 273/400
Job 319: 274/400
Job 319: 275/400
Job 319: 276/400
Job 319: 277/400
Job 319: 278/400
Job 319: 279/400
Job 319: 280/400
Job 319: 281/400
Job 319: 282/400
Job 319: 283/400
Job 319: 284/400
Job 319: 285/400
Job 319: 286/400
Job 319: 287/400
Job 319: 288/400
Job 319: 289/400
Job 319: 290/400
Job 319: 291/400
Job 319: 292/400
Job 319: 293/400
Job 319: 294/400
Job 319: 295/400
Job 319: 296/400
Job 319: 297/400
Job 319: 298/400
Job 319: 299/400
Job 319: 300/400
Job 319: 301/400
Job 319: 302/400
Job 319: 303/400
Job 319: 304/400
Job 319: 305/400
Job 319: 306/400
Job 319: 307/400
Job 319: 308/400
Job 319: 309/400
Job 319: 310/400
Job 319: 311/400
Job 319: 312/400
Job 319: 313/400
Job 319: 314/400
Job 319: 315/400
Job 319: 316/400
Job 319: 317/400
Job 319: 318/400
Job 319: 319/400
Job 319: 320/400
Job 319: 321/400
Job 319: 322/400
Job 319: 323/400
Job 319: 324/400
Job 319: 325/400
Job 319: 326/400
Job 319: 327/400
Job 319: 328/400
Job 319: 329/400
Job 319: 330/400
Job 319: 331/400
Job 319: 332/400
Job 319: 333/400
Job 319: 334/400
Job 319: 335/400
Job 319: 336/400
Job 319: 337/400
Job 319: 338/400
Job 319: 339/400
Job 319: 340/400
Job 319: 341/400
Job 319: 342/400
Job 319: 343/400
Job 319: 344/400
Job 319: 345/400
Job 319: 346/400
Job 319: 347/400
Job 319: 348/400
Job 319: 349/400
Job 319: 350/400
Job 319: 351/400
Job 319: 352/400
Job 319: 353/400
Job 319: 354/400
Job 319: 355/400
Job 319: 356/400
Job 319: 357/400
Job 319: 358/400
Job 319: 359/400
Job 319: 360/400
Job 319: 361/400
Job 319: 362/400
Job 319: 363/400
Job 319: 364/400
Job 319: 365/400
Job 319: 366/400
Job 319: 367/400
Job 319: 368/400
Job 319: 369/400
Job 319: 370/400
Job 319: 371/400
Job 319: 372/400
Job 319: 373/400
Job 319: 374/400
Job 319: 375/400
Job 319: 376/400
Job 319: 377/400
Job 319: 378/400
Job 319: 379/400
Job 319: 380/400
Job 319: 381/400
Job 319: 382/400
Job 319: 383/400
Job 319: 384/400
Job 319: 385/400
Job 319: 386/400
Job 319: 387/400
Job 319: 388/400
Job 319: 389/400
Job 319: 390/400
Job 319: 391/400
Job 319: 392/400
Job 319: 393/400
Job 319: 394/400
Job 319: 395/400
Job 319: 396/400
Job 319: 397/400
Job 319: 398/400
Job 319: 399/400
Job 319: 400/400
Warning message:
In data.table::fread(raw_file, data.table = FALSE) :
  Discarded single-line footer: <<0	GTEX-ZQG8	0	0	0	-9	0	2	2	2	2	2	2	2	2	NA	0	2	2	2	0	2	2	2	2	2	2	2	2	2	2	2	2	0	2	2	2	2	2	2	2	2	2	2	2	2	2	2	2	2	2	2	2	2	2	2	0	2	2	0	2	2	0	2	2	2	2	2	2	2	2	2	2	2	2	2	2	2	2	2	2	2	2	2	2	2	2	2	2	2	2	2	2	2	2	2	0	2	2	2	2	2	2	2	2	2	2	2	2	2	2	2	2	2	2	2	2	2	2	2	2	2	2	2	2	2	2	2	2	2	2	2	2	2	2	2	2	2	2	0	2	2	0	0	2	2	2	2	2	2	2	2	2	2	2	2	2	2	2	0	2	2	2	2	2	2	2	2	2	2	2	2	2	2	0	2	2	2	2	2	2	2	2	0	2	2	2	2	0	2	2	2	2	2	2	2	2	2	2	2	2	2	2	2	2	2	2	2	2	2	2	2	2	2	2	2	2	2	2	2	2	2	2	2	2	2	2	2	2	2	2	2	2	2	2	2	2	2	2	2	2	2	2	2	2	>>
