Registered S3 methods overwritten by 'susieSlide':
  method              from  
  coef.susie          susieR
  predict.susie       susieR
  print.summary.susie susieR
  summary.susie       susieR
Job 624: 1/400
Job 624: 2/400
Job 624: 3/400
Job 624: 4/400
Job 624: 5/400
Job 624: 6/400
Job 624: 7/400
Job 624: 8/400
Job 624: 9/400
Job 624: 10/400
Job 624: 11/400
Job 624: 12/400
Job 624: 13/400
Job 624: 14/400
Job 624: 15/400
Job 624: 16/400
Job 624: 17/400
Job 624: 18/400
Job 624: 19/400 ERROR: No .raw files found in temp_dir.
Job 624: 20/400 ERROR: No .raw files found in temp_dir.
Job 624: 21/400 ERROR: No .raw files found in temp_dir.
Job 624: 22/400 ERROR: No .raw files found in temp_dir.
Job 624: 23/400 ERROR: No .raw files found in temp_dir.
Job 624: 24/400 ERROR: No .raw files found in temp_dir.
Job 624: 25/400 ERROR: No .raw files found in temp_dir.
Job 624: 26/400 ERROR: No .raw files found in temp_dir.
Job 624: 27/400 ERROR: No .raw files found in temp_dir.
Job 624: 28/400 ERROR: No .raw files found in temp_dir.
Job 624: 29/400 ERROR: No .raw files found in temp_dir.
Job 624: 30/400 ERROR: No .raw files found in temp_dir.
Job 624: 31/400 ERROR: No .raw files found in temp_dir.
Job 624: 32/400 ERROR: No .raw files found in temp_dir.
Job 624: 33/400 ERROR: No .raw files found in temp_dir.
Job 624: 34/400 ERROR: No .raw files found in temp_dir.
Job 624: 35/400 ERROR: No .raw files found in temp_dir.
Job 624: 36/400 ERROR: No .raw files found in temp_dir.
Job 624: 37/400 ERROR: No .raw files found in temp_dir.
Job 624: 38/400 ERROR: No .raw files found in temp_dir.
Job 624: 39/400 ERROR: No .raw files found in temp_dir.
Job 624: 40/400 ERROR: No .raw files found in temp_dir.
Job 624: 41/400 ERROR: No .raw files found in temp_dir.
Job 624: 42/400 ERROR: No .raw files found in temp_dir.
Job 624: 43/400 ERROR: No .raw files found in temp_dir.
Job 624: 44/400 ERROR: No .raw files found in temp_dir.
Job 624: 45/400 ERROR: No .raw files found in temp_dir.
Job 624: 46/400 ERROR: No .raw files found in temp_dir.
Job 624: 47/400 ERROR: No .raw files found in temp_dir.
Job 624: 48/400 ERROR: No .raw files found in temp_dir.
Job 624: 49/400 ERROR: No .raw files found in temp_dir.
Job 624: 50/400 ERROR: No .raw files found in temp_dir.
Job 624: 51/400 ERROR: No .raw files found in temp_dir.
Job 624: 52/400 ERROR: No .raw files found in temp_dir.
Job 624: 53/400 ERROR: No .raw files found in temp_dir.
Job 624: 54/400 ERROR: No .raw files found in temp_dir.
Job 624: 55/400 ERROR: No .raw files found in temp_dir.
Job 624: 56/400 ERROR: No .raw files found in temp_dir.
Job 624: 57/400 ERROR: No .raw files found in temp_dir.
Job 624: 58/400 ERROR: No .raw files found in temp_dir.
Job 624: 59/400 ERROR: No .raw files found in temp_dir.
Job 624: 60/400 ERROR: No .raw files found in temp_dir.
Job 624: 61/400 ERROR: No .raw files found in temp_dir.
Job 624: 62/400 ERROR: No .raw files found in temp_dir.
Job 624: 63/400 ERROR: No .raw files found in temp_dir.
Job 624: 64/400 ERROR: No .raw files found in temp_dir.
Job 624: 65/400 ERROR: No .raw files found in temp_dir.
Job 624: 66/400 ERROR: No .raw files found in temp_dir.
Job 624: 67/400 ERROR: No .raw files found in temp_dir.
Job 624: 68/400 ERROR: No .raw files found in temp_dir.
Job 624: 69/400 ERROR: No .raw files found in temp_dir.
Job 624: 70/400 ERROR: No .raw files found in temp_dir.
Job 624: 71/400 ERROR: No .raw files found in temp_dir.
Job 624: 72/400 ERROR: No .raw files found in temp_dir.
Job 624: 73/400 ERROR: No .raw files found in temp_dir.
Job 624: 74/400 ERROR: No .raw files found in temp_dir.
Job 624: 75/400 ERROR: No .raw files found in temp_dir.
Job 624: 76/400 ERROR: No .raw files found in temp_dir.
Job 624: 77/400 ERROR: No .raw files found in temp_dir.
Job 624: 78/400 ERROR: No .raw files found in temp_dir.
Job 624: 79/400 ERROR: No .raw files found in temp_dir.
Job 624: 80/400 ERROR: No .raw files found in temp_dir.
Job 624: 81/400 ERROR: No .raw files found in temp_dir.
Job 624: 82/400 ERROR: No .raw files found in temp_dir.
Job 624: 83/400 ERROR: No .raw files found in temp_dir.
Job 624: 84/400 ERROR: No .raw files found in temp_dir.
Job 624: 85/400 ERROR: No .raw files found in temp_dir.
Job 624: 86/400 ERROR: No .raw files found in temp_dir.
Job 624: 87/400 ERROR: No .raw files found in temp_dir.
Job 624: 88/400 ERROR: No .raw files found in temp_dir.
Job 624: 89/400 ERROR: No .raw files found in temp_dir.
Job 624: 90/400 ERROR: No .raw files found in temp_dir.
Job 624: 91/400 ERROR: No .raw files found in temp_dir.
Job 624: 92/400 ERROR: No .raw files found in temp_dir.
Job 624: 93/400 ERROR: No .raw files found in temp_dir.
Job 624: 94/400 ERROR: No .raw files found in temp_dir.
Job 624: 95/400 ERROR: No .raw files found in temp_dir.
Job 624: 96/400 ERROR: No .raw files found in temp_dir.
Job 624: 97/400 ERROR: Not enough donors for the requested n.
Job 624: 98/400
Job 624: 99/400
Job 624: 100/400
Job 624: 101/400
Job 624: 102/400
Job 624: 103/400
Job 624: 104/400
Job 624: 105/400
Job 624: 106/400
Job 624: 107/400
Job 624: 108/400
Job 624: 109/400
Job 624: 110/400
Job 624: 111/400
Job 624: 112/400
Job 624: 113/400
Job 624: 114/400
Job 624: 115/400
Job 624: 116/400
Job 624: 117/400
Job 624: 118/400
Job 624: 119/400
Job 624: 120/400
Job 624: 121/400
Job 624: 122/400
Job 624: 123/400
Job 624: 124/400 ERROR: No .raw files found in temp_dir.
Job 624: 125/400 ERROR: No .raw files found in temp_dir.
Job 624: 126/400 ERROR: No .raw files found in temp_dir.
Job 624: 127/400 ERROR: No .raw files found in temp_dir.
Job 624: 128/400 ERROR: No .raw files found in temp_dir.
Job 624: 129/400 ERROR: No .raw files found in temp_dir.
Job 624: 130/400 ERROR: No .raw files found in temp_dir.
Job 624: 131/400 ERROR: No .raw files found in temp_dir.
Job 624: 132/400 ERROR: No .raw files found in temp_dir.
Job 624: 133/400 ERROR: No .raw files found in temp_dir.
Job 624: 134/400 ERROR: No .raw files found in temp_dir.
Job 624: 135/400 ERROR: No .raw files found in temp_dir.
Job 624: 136/400 ERROR: No .raw files found in temp_dir.
Job 624: 137/400 ERROR: No .raw files found in temp_dir.
Job 624: 138/400 ERROR: No .raw files found in temp_dir.
Job 624: 139/400 ERROR: No .raw files found in temp_dir.
Job 624: 140/400 ERROR: No .raw files found in temp_dir.
Job 624: 141/400 ERROR: No .raw files found in temp_dir.
Job 624: 142/400 ERROR: No .raw files found in temp_dir.
Job 624: 143/400 ERROR: No .raw files found in temp_dir.
Job 624: 144/400 ERROR: No .raw files found in temp_dir.
Job 624: 145/400 ERROR: No .raw files found in temp_dir.
Job 624: 146/400 ERROR: No .raw files found in temp_dir.
Job 624: 147/400 ERROR: No .raw files found in temp_dir.
Job 624: 148/400 ERROR: No .raw files found in temp_dir.
Job 624: 149/400 ERROR: No .raw files found in temp_dir.
Job 624: 150/400 ERROR: No .raw files found in temp_dir.
Job 624: 151/400 ERROR: No .raw files found in temp_dir.
Job 624: 152/400 ERROR: No .raw files found in temp_dir.
Job 624: 153/400 ERROR: No .raw files found in temp_dir.
Job 624: 154/400 ERROR: No .raw files found in temp_dir.
Job 624: 155/400 ERROR: No .raw files found in temp_dir.
Job 624: 156/400 ERROR: No .raw files found in temp_dir.
Job 624: 157/400 ERROR: No .raw files found in temp_dir.
Job 624: 158/400 ERROR: No .raw files found in temp_dir.
Job 624: 159/400 ERROR: No .raw files found in temp_dir.
Job 624: 160/400 ERROR: No .raw files found in temp_dir.
Job 624: 161/400 ERROR: No .raw files found in temp_dir.
Job 624: 162/400 ERROR: No .raw files found in temp_dir.
Job 624: 163/400 ERROR: No .raw files found in temp_dir.
Job 624: 164/400 ERROR: No .raw files found in temp_dir.
Job 624: 165/400 ERROR: No .raw files found in temp_dir.
Job 624: 166/400 ERROR: No .raw files found in temp_dir.
Job 624: 167/400 ERROR: Not enough donors for the requested n.
Job 624: 168/400
Job 624: 169/400
Job 624: 170/400
Job 624: 171/400
Job 624: 172/400
Job 624: 173/400
Job 624: 174/400
Job 624: 175/400
Job 624: 176/400
Job 624: 177/400
Job 624: 178/400
Job 624: 179/400
Job 624: 180/400
Job 624: 181/400
Job 624: 182/400
Job 624: 183/400
Job 624: 184/400
Job 624: 185/400
Job 624: 186/400
Job 624: 187/400
Job 624: 188/400
Job 624: 189/400
Job 624: 190/400
Job 624: 191/400
Job 624: 192/400
Job 624: 193/400 ERROR: No .raw files found in temp_dir.
Job 624: 194/400 ERROR: No .raw files found in temp_dir.
Job 624: 195/400 ERROR: No .raw files found in temp_dir.
Job 624: 196/400 ERROR: No .raw files found in temp_dir.
Job 624: 197/400 ERROR: No .raw files found in temp_dir.
Job 624: 198/400 ERROR: No .raw files found in temp_dir.
Job 624: 199/400 ERROR: No .raw files found in temp_dir.
Job 624: 200/400 ERROR: No .raw files found in temp_dir.
Job 624: 201/400 ERROR: No .raw files found in temp_dir.
Job 624: 202/400 ERROR: No .raw files found in temp_dir.
Job 624: 203/400 ERROR: No .raw files found in temp_dir.
Job 624: 204/400 ERROR: No .raw files found in temp_dir.
Job 624: 205/400 ERROR: No .raw files found in temp_dir.
Job 624: 206/400 ERROR: No .raw files found in temp_dir.
Job 624: 207/400 ERROR: No .raw files found in temp_dir.
Job 624: 208/400 ERROR: No .raw files found in temp_dir.
Job 624: 209/400 ERROR: No .raw files found in temp_dir.
Job 624: 210/400 ERROR: No .raw files found in temp_dir.
Job 624: 211/400 ERROR: No .raw files found in temp_dir.
Job 624: 212/400 ERROR: No .raw files found in temp_dir.
Job 624: 213/400 ERROR: No .raw files found in temp_dir.
Job 624: 214/400 ERROR: No .raw files found in temp_dir.
Job 624: 215/400 ERROR: No .raw files found in temp_dir.
Job 624: 216/400 ERROR: No .raw files found in temp_dir.
Job 624: 217/400 ERROR: No .raw files found in temp_dir.
Job 624: 218/400 ERROR: No .raw files found in temp_dir.
Job 624: 219/400 ERROR: No .raw files found in temp_dir.
Job 624: 220/400 ERROR: No .raw files found in temp_dir.
Job 624: 221/400 ERROR: No .raw files found in temp_dir.
Job 624: 222/400 ERROR: No .raw files found in temp_dir.
Job 624: 223/400 ERROR: No .raw files found in temp_dir.
Job 624: 224/400 ERROR: No .raw files found in temp_dir.
Job 624: 225/400 ERROR: No .raw files found in temp_dir.
Job 624: 226/400 ERROR: No .raw files found in temp_dir.
Job 624: 227/400 ERROR: No .raw files found in temp_dir.
Job 624: 228/400 ERROR: No .raw files found in temp_dir.
Job 624: 229/400 ERROR: No .raw files found in temp_dir.
Job 624: 230/400 ERROR: No .raw files found in temp_dir.
Job 624: 231/400 ERROR: No .raw files found in temp_dir.
Job 624: 232/400 ERROR: No .raw files found in temp_dir.
Job 624: 233/400 ERROR: No .raw files found in temp_dir.
Job 624: 234/400 ERROR: No .raw files found in temp_dir.
Job 624: 235/400 ERROR: No .raw files found in temp_dir.
Job 624: 236/400 ERROR: No .raw files found in temp_dir.
Job 624: 237/400 ERROR: No .raw files found in temp_dir.
Job 624: 238/400 ERROR: No .raw files found in temp_dir.
Job 624: 239/400 ERROR: No .raw files found in temp_dir.
Job 624: 240/400 ERROR: No .raw files found in temp_dir.
Job 624: 241/400 ERROR: No .raw files found in temp_dir.
Job 624: 242/400 ERROR: No .raw files found in temp_dir.
Job 624: 243/400 ERROR: No .raw files found in temp_dir.
Job 624: 244/400 ERROR: No .raw files found in temp_dir.
Job 624: 245/400 ERROR: No .raw files found in temp_dir.
Job 624: 246/400 ERROR: No .raw files found in temp_dir.
Job 624: 247/400 ERROR: No .raw files found in temp_dir.
Job 624: 248/400 ERROR: No .raw files found in temp_dir.
Job 624: 249/400 ERROR: No .raw files found in temp_dir.
Job 624: 250/400 ERROR: No .raw files found in temp_dir.
Job 624: 251/400 ERROR: No .raw files found in temp_dir.
Job 624: 252/400 ERROR: No .raw files found in temp_dir.
Job 624: 253/400 ERROR: No .raw files found in temp_dir.
Job 624: 254/400 ERROR: No .raw files found in temp_dir.
Job 624: 255/400 ERROR: No .raw files found in temp_dir.
Job 624: 256/400 ERROR: No .raw files found in temp_dir.
Job 624: 257/400 ERROR: No .raw files found in temp_dir.
Job 624: 258/400 ERROR: No .raw files found in temp_dir.
Job 624: 259/400 ERROR: No .raw files found in temp_dir.
Job 624: 260/400 ERROR: No .raw files found in temp_dir.
Job 624: 261/400 ERROR: No .raw files found in temp_dir.
Job 624: 262/400 ERROR: No .raw files found in temp_dir.
Job 624: 263/400 ERROR: No .raw files found in temp_dir.
Job 624: 264/400 ERROR: No .raw files found in temp_dir.
Job 624: 265/400 ERROR: No .raw files found in temp_dir.
Job 624: 266/400 ERROR: No .raw files found in temp_dir.
Job 624: 267/400 ERROR: No .raw files found in temp_dir.
Job 624: 268/400 ERROR: No .raw files found in temp_dir.
Job 624: 269/400 ERROR: No .raw files found in temp_dir.
Job 624: 270/400 ERROR: No .raw files found in temp_dir.
Job 624: 271/400 ERROR: No .raw files found in temp_dir.
Job 624: 272/400 ERROR: No .raw files found in temp_dir.
Job 624: 273/400 ERROR: No .raw files found in temp_dir.
Job 624: 274/400 ERROR: No .raw files found in temp_dir.
Job 624: 275/400 ERROR: No .raw files found in temp_dir.
Job 624: 276/400 ERROR: No .raw files found in temp_dir.
Job 624: 277/400 ERROR: No .raw files found in temp_dir.
Job 624: 278/400 ERROR: No .raw files found in temp_dir.
Job 624: 279/400 ERROR: No .raw files found in temp_dir.
Job 624: 280/400 ERROR: No .raw files found in temp_dir.
Job 624: 281/400 ERROR: No .raw files found in temp_dir.
Job 624: 282/400 ERROR: No .raw files found in temp_dir.
Job 624: 283/400 ERROR: No .raw files found in temp_dir.
Job 624: 284/400 ERROR: No .raw files found in temp_dir.
Job 624: 285/400 ERROR: No .raw files found in temp_dir.
Job 624: 286/400 ERROR: No .raw files found in temp_dir.
Job 624: 287/400 ERROR: No .raw files found in temp_dir.
Job 624: 288/400 ERROR: No .raw files found in temp_dir.
Job 624: 289/400 ERROR: No .raw files found in temp_dir.
Job 624: 290/400 ERROR: No .raw files found in temp_dir.
Job 624: 291/400 ERROR: No .raw files found in temp_dir.
Job 624: 292/400 ERROR: No .raw files found in temp_dir.
Job 624: 293/400 ERROR: No .raw files found in temp_dir.
Job 624: 294/400 ERROR: No .raw files found in temp_dir.
Job 624: 295/400 ERROR: No .raw files found in temp_dir.
Job 624: 296/400 ERROR: No .raw files found in temp_dir.
Job 624: 297/400 ERROR: No .raw files found in temp_dir.
Job 624: 298/400 ERROR: No .raw files found in temp_dir.
Job 624: 299/400 ERROR: No .raw files found in temp_dir.
Job 624: 300/400 ERROR: No .raw files found in temp_dir.
Job 624: 301/400 ERROR: No .raw files found in temp_dir.
Job 624: 302/400 ERROR: No .raw files found in temp_dir.
Job 624: 303/400 ERROR: No .raw files found in temp_dir.
Job 624: 304/400 ERROR: No .raw files found in temp_dir.
Job 624: 305/400 ERROR: No .raw files found in temp_dir.
Job 624: 306/400 ERROR: No .raw files found in temp_dir.
Job 624: 307/400 ERROR: No .raw files found in temp_dir.
Job 624: 308/400 ERROR: No .raw files found in temp_dir.
Job 624: 309/400 ERROR: No .raw files found in temp_dir.
Job 624: 310/400 ERROR: No .raw files found in temp_dir.
Job 624: 311/400 ERROR: No .raw files found in temp_dir.
Job 624: 312/400 ERROR: No .raw files found in temp_dir.
Job 624: 313/400 ERROR: No .raw files found in temp_dir.
Job 624: 314/400 ERROR: No .raw files found in temp_dir.
Job 624: 315/400 ERROR: No .raw files found in temp_dir.
Job 624: 316/400 ERROR: No .raw files found in temp_dir.
Job 624: 317/400 ERROR: No .raw files found in temp_dir.
Job 624: 318/400 ERROR: No .raw files found in temp_dir.
Job 624: 319/400 ERROR: No .raw files found in temp_dir.
Job 624: 320/400 ERROR: No .raw files found in temp_dir.
Job 624: 321/400 ERROR: No .raw files found in temp_dir.
Job 624: 322/400 ERROR: No .raw files found in temp_dir.
Job 624: 323/400 ERROR: No .raw files found in temp_dir.
Job 624: 324/400 ERROR: No .raw files found in temp_dir.
Job 624: 325/400 ERROR: No .raw files found in temp_dir.
Job 624: 326/400 ERROR: No .raw files found in temp_dir.
Job 624: 327/400 ERROR: No .raw files found in temp_dir.
Job 624: 328/400 ERROR: No .raw files found in temp_dir.
Job 624: 329/400 ERROR: No .raw files found in temp_dir.
Job 624: 330/400 ERROR: No .raw files found in temp_dir.
Job 624: 331/400 ERROR: No .raw files found in temp_dir.
Job 624: 332/400 ERROR: No .raw files found in temp_dir.
Job 624: 333/400 ERROR: No .raw files found in temp_dir.
Job 624: 334/400 ERROR: No .raw files found in temp_dir.
Job 624: 335/400 ERROR: No .raw files found in temp_dir.
Job 624: 336/400 ERROR: No .raw files found in temp_dir.
Job 624: 337/400 ERROR: No .raw files found in temp_dir.
Job 624: 338/400 ERROR: No .raw files found in temp_dir.
Job 624: 339/400 ERROR: No .raw files found in temp_dir.
Job 624: 340/400 ERROR: No .raw files found in temp_dir.
Job 624: 341/400 ERROR: No .raw files found in temp_dir.
Job 624: 342/400 ERROR: No .raw files found in temp_dir.
Job 624: 343/400 ERROR: No .raw files found in temp_dir.
Job 624: 344/400 ERROR: No .raw files found in temp_dir.
Job 624: 345/400 ERROR: No .raw files found in temp_dir.
Job 624: 346/400 ERROR: No .raw files found in temp_dir.
Job 624: 347/400 ERROR: No .raw files found in temp_dir.
Job 624: 348/400 ERROR: No .raw files found in temp_dir.
Job 624: 349/400 ERROR: No .raw files found in temp_dir.
Job 624: 350/400 ERROR: No .raw files found in temp_dir.
Job 624: 351/400 ERROR: No .raw files found in temp_dir.
Job 624: 352/400 ERROR: No .raw files found in temp_dir.
Job 624: 353/400 ERROR: No .raw files found in temp_dir.
Job 624: 354/400 ERROR: No .raw files found in temp_dir.
Job 624: 355/400 ERROR: No .raw files found in temp_dir.
Job 624: 356/400 ERROR: No .raw files found in temp_dir.
Job 624: 357/400 ERROR: No .raw files found in temp_dir.
Job 624: 358/400 ERROR: No .raw files found in temp_dir.
Job 624: 359/400 ERROR: No .raw files found in temp_dir.
Job 624: 360/400 ERROR: No .raw files found in temp_dir.
Job 624: 361/400 ERROR: No .raw files found in temp_dir.
Job 624: 362/400 ERROR: No .raw files found in temp_dir.
Job 624: 363/400 ERROR: No .raw files found in temp_dir.
Job 624: 364/400 ERROR: No .raw files found in temp_dir.
Job 624: 365/400 ERROR: No .raw files found in temp_dir.
Job 624: 366/400 ERROR: No .raw files found in temp_dir.
Job 624: 367/400 ERROR: No .raw files found in temp_dir.
Job 624: 368/400 ERROR: No .raw files found in temp_dir.
Job 624: 369/400 ERROR: No .raw files found in temp_dir.
Job 624: 370/400 ERROR: No .raw files found in temp_dir.
Job 624: 371/400 ERROR: No .raw files found in temp_dir.
Job 624: 372/400 ERROR: No .raw files found in temp_dir.
Job 624: 373/400 ERROR: No .raw files found in temp_dir.
Job 624: 374/400 ERROR: No .raw files found in temp_dir.
Job 624: 375/400 ERROR: No .raw files found in temp_dir.
Job 624: 376/400 ERROR: No .raw files found in temp_dir.
Job 624: 377/400 ERROR: No .raw files found in temp_dir.
Job 624: 378/400 ERROR: No .raw files found in temp_dir.
Job 624: 379/400 ERROR: No .raw files found in temp_dir.
Job 624: 380/400 ERROR: No .raw files found in temp_dir.
Job 624: 381/400 ERROR: No .raw files found in temp_dir.
Job 624: 382/400 ERROR: No .raw files found in temp_dir.
Job 624: 383/400 ERROR: No .raw files found in temp_dir.
Job 624: 384/400 ERROR: No .raw files found in temp_dir.
Job 624: 385/400 ERROR: No .raw files found in temp_dir.
Job 624: 386/400 ERROR: No .raw files found in temp_dir.
Job 624: 387/400 ERROR: No .raw files found in temp_dir.
Job 624: 388/400 ERROR: No .raw files found in temp_dir.
Job 624: 389/400 ERROR: No .raw files found in temp_dir.
Job 624: 390/400 ERROR: No .raw files found in temp_dir.
Job 624: 391/400 ERROR: No .raw files found in temp_dir.
Job 624: 392/400 ERROR: No .raw files found in temp_dir.
Job 624: 393/400 ERROR: No .raw files found in temp_dir.
Job 624: 394/400 ERROR: No .raw files found in temp_dir.
Job 624: 395/400 ERROR: No .raw files found in temp_dir.
Job 624: 396/400 ERROR: No .raw files found in temp_dir.
Job 624: 397/400 ERROR: No .raw files found in temp_dir.
Job 624: 398/400 ERROR: No .raw files found in temp_dir.
Job 624: 399/400 ERROR: No .raw files found in temp_dir.
Job 624: 400/400 ERROR: No .raw files found in temp_dir.
Warning messages:
1: In data.table::fread(raw_file, data.table = FALSE) :
  Discarded single-line footer: <<0	GTEX-15CHQ	0	0	0	-9	2	2	2	2	2	0	2	2	2	2	0	2	0	2	2	2	2	2	2	2	2	2	2	2	2	2	2	2	0	2	0	2	2	2	0	2	2	0	2	2	2	2	2	2	2	2	2	2	2	2	2	2	2	2	2	0	2	2	2	2	2	2	2	2	2	2	2	2	2	2	2	2	2	0	2	2	2	0	2	2	2	2	2	2	2	2	2	2	2	2	0	2	2	2	2	2	2	2	2	2	2	2	2	2	0	2	2	2	2	2	2	2	2	0	2	2	2	2	2	2	2	2	2	2	2	2	2	2	2	0	2	2	2	2	2	2	2	2	0	2	0	2	0	2	2	2	2	2	2	2	2	2	2	2	2	2	2	2	2	2	2	2	2	2	2	2	2	2	2	2	2	2	2	2	2	2	2	2	2	2	2	2	2	2	2	2	2	2	2	2	2	2	2	2	2	2	2	2	2	2	2	2	2	2	1	2	2	2	2	2	2	2	2	2	2	2	2	2	2	2	2	2	2	2	2	2	2	2	2	2	2	2	2	2	2	2	2	2	2	>>
2: In data.table::fread(raw_file, data.table = FALSE) :
  Discarded single-line footer: <<0	GTEX-15RJE	0	0	0	-9	2	2	2	2	2	2	2	2	2	2	2	2	2	2	2	2	2	2	2	2	2	2	2	2	2	2	2	2	2	2	2	2	2	2	2	2	2	2	2	2	2	2	2	2	2	2	2	2	2	2	2	2	2	2	2	2	2	2	2	2	2	2	2	2	2	2	2	2	2	2	2	2	2	2	2	2	1	2	2	2	2	2	2	2	2	2	2	2	2	2	2	2	2	2	2	2	2	2	2	2	2	2	2	2	2	2	2	2	2	2	2	2	2	2	2	2	2	2	2	2	2	2	2	2	2	2	2	2	2	2	2	2	2	2	2	2	2	2	2	2	2	2	2	2	2	2	2	2	2	2	2	2	2	2	2	2	2	2	2	2	2	2	2	2	2	2	2	2	2	2	2	2	2	2	2	2	2	2	2	2	2	2	2	2	2	2	2	2	2	0	2	2	2	2	2	2	2	2	2	2	2	2	2	2	2	2	2	2	2	2	2	2	2	2	2	2	2	2	2	2	2	2	2	2	2	2	2	2	2	2	2	2	2	2	2	2	2	2	2	>>
