Registered S3 methods overwritten by 'susieSlide':
  method              from  
  coef.susie          susieR
  predict.susie       susieR
  print.summary.susie susieR
  summary.susie       susieR
Job 279: 1/400
Job 279: 2/400
Job 279: 3/400
Job 279: 4/400
Job 279: 5/400
Job 279: 6/400
Job 279: 7/400
Job 279: 8/400
Job 279: 9/400
Job 279: 10/400
Job 279: 11/400
Job 279: 12/400
Job 279: 13/400
Job 279: 14/400
Job 279: 15/400
Job 279: 16/400
Job 279: 17/400
Job 279: 18/400
Job 279: 19/400
Job 279: 20/400
Job 279: 21/400
Job 279: 22/400
Job 279: 23/400
Job 279: 24/400
Job 279: 25/400
Job 279: 26/400
Job 279: 27/400
Job 279: 28/400
Job 279: 29/400
Job 279: 30/400
Job 279: 31/400
Job 279: 32/400
Job 279: 33/400
Job 279: 34/400
Job 279: 35/400
Job 279: 36/400
Job 279: 37/400
Job 279: 38/400
Job 279: 39/400
Job 279: 40/400
Job 279: 41/400
Job 279: 42/400
Job 279: 43/400
Job 279: 44/400
Job 279: 45/400
Job 279: 46/400
Job 279: 47/400
Job 279: 48/400
Job 279: 49/400
Job 279: 50/400
Job 279: 51/400
Job 279: 52/400
Job 279: 53/400
Job 279: 54/400
Job 279: 55/400
Job 279: 56/400
Job 279: 57/400
Job 279: 58/400
Job 279: 59/400
Job 279: 60/400
Job 279: 61/400
Job 279: 62/400
Job 279: 63/400
Job 279: 64/400
Job 279: 65/400
Job 279: 66/400
Job 279: 67/400
Job 279: 68/400
Job 279: 69/400
Job 279: 70/400
Job 279: 71/400
Job 279: 72/400
Job 279: 73/400
Job 279: 74/400
Job 279: 75/400
Job 279: 76/400
Job 279: 77/400
Job 279: 78/400
Job 279: 79/400
Job 279: 80/400
Job 279: 81/400
Job 279: 82/400
Job 279: 83/400
Job 279: 84/400
Job 279: 85/400
Job 279: 86/400
Job 279: 87/400
Job 279: 88/400
Job 279: 89/400
Job 279: 90/400
Job 279: 91/400
Job 279: 92/400
Job 279: 93/400
Job 279: 94/400
Job 279: 95/400
Job 279: 96/400
Job 279: 97/400
Job 279: 98/400
Job 279: 99/400
Job 279: 100/400
Job 279: 101/400
Job 279: 102/400
Job 279: 103/400
Job 279: 104/400
Job 279: 105/400
Job 279: 106/400
Job 279: 107/400
Job 279: 108/400
Job 279: 109/400
Job 279: 110/400
Job 279: 111/400
Job 279: 112/400
Job 279: 113/400
Job 279: 114/400
Job 279: 115/400
Job 279: 116/400
Job 279: 117/400
Job 279: 118/400
Job 279: 119/400
Job 279: 120/400
Job 279: 121/400
Job 279: 122/400
Job 279: 123/400
Job 279: 124/400
Job 279: 125/400
Job 279: 126/400
Job 279: 127/400
Job 279: 128/400
Job 279: 129/400
Job 279: 130/400
Job 279: 131/400
Job 279: 132/400
Job 279: 133/400
Job 279: 134/400
Job 279: 135/400
Job 279: 136/400
Job 279: 137/400
Job 279: 138/400
Job 279: 139/400
Job 279: 140/400
Job 279: 141/400
Job 279: 142/400
Job 279: 143/400
Job 279: 144/400
Job 279: 145/400
Job 279: 146/400
Job 279: 147/400
Job 279: 148/400
Job 279: 149/400
Job 279: 150/400
Job 279: 151/400
Job 279: 152/400
Job 279: 153/400
Job 279: 154/400
Job 279: 155/400
Job 279: 156/400
Job 279: 157/400
Job 279: 158/400
Job 279: 159/400
Job 279: 160/400
Job 279: 161/400
Job 279: 162/400
Job 279: 163/400
Job 279: 164/400
Job 279: 165/400
Job 279: 166/400
Job 279: 167/400
Job 279: 168/400
Job 279: 169/400
Job 279: 170/400
Job 279: 171/400
Job 279: 172/400
Job 279: 173/400
Job 279: 174/400
Job 279: 175/400
Job 279: 176/400
Job 279: 177/400
Job 279: 178/400
Job 279: 179/400
Job 279: 180/400
Job 279: 181/400
Job 279: 182/400
Job 279: 183/400
Job 279: 184/400
Job 279: 185/400
Job 279: 186/400
Job 279: 187/400
Job 279: 188/400
Job 279: 189/400
Job 279: 190/400
Job 279: 191/400
Job 279: 192/400
Job 279: 193/400
Job 279: 194/400
Job 279: 195/400
Job 279: 196/400
Job 279: 197/400
Job 279: 198/400
Job 279: 199/400
Job 279: 200/400
Job 279: 201/400
Job 279: 202/400
Job 279: 203/400
Job 279: 204/400
Job 279: 205/400
Job 279: 206/400
Job 279: 207/400
Job 279: 208/400
Job 279: 209/400
Job 279: 210/400
Job 279: 211/400
Job 279: 212/400
Job 279: 213/400
Job 279: 214/400
Job 279: 215/400
Job 279: 216/400
Job 279: 217/400
Job 279: 218/400
Job 279: 219/400
Job 279: 220/400
Job 279: 221/400
Job 279: 222/400
Job 279: 223/400
Job 279: 224/400
Job 279: 225/400
Job 279: 226/400
Job 279: 227/400
Job 279: 228/400
Job 279: 229/400
Job 279: 230/400
Job 279: 231/400
Job 279: 232/400
Job 279: 233/400
Job 279: 234/400
Job 279: 235/400
Job 279: 236/400
Job 279: 237/400
Job 279: 238/400
Job 279: 239/400
Job 279: 240/400
Job 279: 241/400
Job 279: 242/400
Job 279: 243/400
Job 279: 244/400
Job 279: 245/400
Job 279: 246/400
Job 279: 247/400
Job 279: 248/400
Job 279: 249/400
Job 279: 250/400
Job 279: 251/400
Job 279: 252/400
Job 279: 253/400
Job 279: 254/400
Job 279: 255/400
Job 279: 256/400
Job 279: 257/400
Job 279: 258/400
Job 279: 259/400
Job 279: 260/400
Job 279: 261/400
Job 279: 262/400
Job 279: 263/400
Job 279: 264/400
Job 279: 265/400
Job 279: 266/400
Job 279: 267/400
Job 279: 268/400
Job 279: 269/400
Job 279: 270/400
Job 279: 271/400
Job 279: 272/400
Job 279: 273/400
Job 279: 274/400
Job 279: 275/400
Job 279: 276/400
Job 279: 277/400
Job 279: 278/400
Job 279: 279/400
Job 279: 280/400
Job 279: 281/400
Job 279: 282/400
Job 279: 283/400
Job 279: 284/400
Job 279: 285/400
Job 279: 286/400
Job 279: 287/400
Job 279: 288/400
Job 279: 289/400
Job 279: 290/400
Job 279: 291/400
Job 279: 292/400
Job 279: 293/400
Job 279: 294/400
Job 279: 295/400
Job 279: 296/400
Job 279: 297/400
Job 279: 298/400
Job 279: 299/400
Job 279: 300/400
Job 279: 301/400
Job 279: 302/400
Job 279: 303/400
Job 279: 304/400
Job 279: 305/400
Job 279: 306/400
Job 279: 307/400
Job 279: 308/400
Job 279: 309/400
Job 279: 310/400
Job 279: 311/400
Job 279: 312/400
Job 279: 313/400
Job 279: 314/400
Job 279: 315/400
Job 279: 316/400
Job 279: 317/400
Job 279: 318/400
Job 279: 319/400
Job 279: 320/400
Job 279: 321/400
Job 279: 322/400
Job 279: 323/400
Job 279: 324/400
Job 279: 325/400
Job 279: 326/400
Job 279: 327/400
Job 279: 328/400
Job 279: 329/400
Job 279: 330/400
Job 279: 331/400
Job 279: 332/400
Job 279: 333/400
Job 279: 334/400
Job 279: 335/400
Job 279: 336/400
Job 279: 337/400
Job 279: 338/400
Job 279: 339/400
Job 279: 340/400
Job 279: 341/400
Job 279: 342/400
Job 279: 343/400
Job 279: 344/400
Job 279: 345/400
Job 279: 346/400
Job 279: 347/400
Job 279: 348/400
Job 279: 349/400
Job 279: 350/400
Job 279: 351/400
Job 279: 352/400
Job 279: 353/400
Job 279: 354/400
Job 279: 355/400
Job 279: 356/400
Job 279: 357/400
Job 279: 358/400
Job 279: 359/400
Job 279: 360/400
Job 279: 361/400
Job 279: 362/400
Job 279: 363/400
Job 279: 364/400
Job 279: 365/400
Job 279: 366/400
Job 279: 367/400
Job 279: 368/400
Job 279: 369/400
Job 279: 370/400
Job 279: 371/400
Job 279: 372/400
Job 279: 373/400
Job 279: 374/400
Job 279: 375/400
Job 279: 376/400
Job 279: 377/400
Job 279: 378/400
Job 279: 379/400
Job 279: 380/400
Job 279: 381/400
Job 279: 382/400
Job 279: 383/400
Job 279: 384/400
Job 279: 385/400
Job 279: 386/400
Job 279: 387/400
Job 279: 388/400
Job 279: 389/400
Job 279: 390/400
Job 279: 391/400
Job 279: 392/400
Job 279: 393/400
Job 279: 394/400
Job 279: 395/400
Job 279: 396/400
Job 279: 397/400
Job 279: 398/400
Job 279: 399/400
Job 279: 400/400
