Registered S3 methods overwritten by 'susieSlide':
  method              from  
  coef.susie          susieR
  predict.susie       susieR
  print.summary.susie susieR
  summary.susie       susieR
Job 507: 1/400
Job 507: 2/400
Job 507: 3/400
Job 507: 4/400
Job 507: 5/400
Job 507: 6/400
Job 507: 7/400
Job 507: 8/400
Job 507: 9/400
Job 507: 10/400
Job 507: 11/400
Job 507: 12/400
Job 507: 13/400
Job 507: 14/400
Job 507: 15/400
Job 507: 16/400
Job 507: 17/400
Job 507: 18/400
Job 507: 19/400
Job 507: 20/400
Job 507: 21/400
Job 507: 22/400
Job 507: 23/400
Job 507: 24/400
Job 507: 25/400
Job 507: 26/400
Job 507: 27/400
Job 507: 28/400
Job 507: 29/400
Job 507: 30/400
Job 507: 31/400
Job 507: 32/400
Job 507: 33/400
Job 507: 34/400
Job 507: 35/400
Job 507: 36/400
Job 507: 37/400
Job 507: 38/400
Job 507: 39/400
Job 507: 40/400
Job 507: 41/400
Job 507: 42/400
Job 507: 43/400
Job 507: 44/400
Job 507: 45/400
Job 507: 46/400
Job 507: 47/400
Job 507: 48/400
Job 507: 49/400
Job 507: 50/400
Job 507: 51/400
Job 507: 52/400
Job 507: 53/400
Job 507: 54/400
Job 507: 55/400
Job 507: 56/400
Job 507: 57/400
Job 507: 58/400
Job 507: 59/400
Job 507: 60/400
Job 507: 61/400
Job 507: 62/400
Job 507: 63/400
Job 507: 64/400
Job 507: 65/400
Job 507: 66/400
Job 507: 67/400
Job 507: 68/400
Job 507: 69/400
Job 507: 70/400
Job 507: 71/400
Job 507: 72/400
Job 507: 73/400
Job 507: 74/400
Job 507: 75/400
Job 507: 76/400
Job 507: 77/400
Job 507: 78/400
Job 507: 79/400
Job 507: 80/400
Job 507: 81/400
Job 507: 82/400
Job 507: 83/400
Job 507: 84/400
Job 507: 85/400
Job 507: 86/400
Job 507: 87/400
Job 507: 88/400
Job 507: 89/400
Job 507: 90/400
Job 507: 91/400
Job 507: 92/400
Job 507: 93/400
Job 507: 94/400
Job 507: 95/400
Job 507: 96/400
Job 507: 97/400
Job 507: 98/400
Job 507: 99/400
Job 507: 100/400
Job 507: 101/400
Job 507: 102/400
Job 507: 103/400
Job 507: 104/400
Job 507: 105/400
Job 507: 106/400
Job 507: 107/400
Job 507: 108/400
Job 507: 109/400
Job 507: 110/400
Job 507: 111/400
Job 507: 112/400
Job 507: 113/400
Job 507: 114/400
Job 507: 115/400
Job 507: 116/400
Job 507: 117/400
Job 507: 118/400
Job 507: 119/400
Job 507: 120/400
Job 507: 121/400
Job 507: 122/400
Job 507: 123/400
Job 507: 124/400
Job 507: 125/400
Job 507: 126/400
Job 507: 127/400
Job 507: 128/400
Job 507: 129/400
Job 507: 130/400
Job 507: 131/400
Job 507: 132/400
Job 507: 133/400
Job 507: 134/400
Job 507: 135/400
Job 507: 136/400
Job 507: 137/400
Job 507: 138/400
Job 507: 139/400
Job 507: 140/400
Job 507: 141/400
Job 507: 142/400
Job 507: 143/400
Job 507: 144/400
Job 507: 145/400
Job 507: 146/400
Job 507: 147/400
Job 507: 148/400
Job 507: 149/400
Job 507: 150/400
Job 507: 151/400
Job 507: 152/400
Job 507: 153/400
Job 507: 154/400
Job 507: 155/400
Job 507: 156/400
Job 507: 157/400
Job 507: 158/400
Job 507: 159/400
Job 507: 160/400
Job 507: 161/400
Job 507: 162/400
Job 507: 163/400
Job 507: 164/400
Job 507: 165/400
Job 507: 166/400
Job 507: 167/400
Job 507: 168/400
Job 507: 169/400
Job 507: 170/400
Job 507: 171/400
Job 507: 172/400
Job 507: 173/400
Job 507: 174/400
Job 507: 175/400
Job 507: 176/400
Job 507: 177/400
Job 507: 178/400
Job 507: 179/400
Job 507: 180/400
Job 507: 181/400
Job 507: 182/400
Job 507: 183/400
Job 507: 184/400
Job 507: 185/400
Job 507: 186/400
Job 507: 187/400
Job 507: 188/400
Job 507: 189/400
Job 507: 190/400
Job 507: 191/400
Job 507: 192/400
Job 507: 193/400
Job 507: 194/400
Job 507: 195/400
Job 507: 196/400
Job 507: 197/400
Job 507: 198/400
Job 507: 199/400
Job 507: 200/400
Job 507: 201/400
Job 507: 202/400
Job 507: 203/400
Job 507: 204/400
Job 507: 205/400
Job 507: 206/400
Job 507: 207/400
Job 507: 208/400
Job 507: 209/400
Job 507: 210/400
Job 507: 211/400
Job 507: 212/400
Job 507: 213/400
Job 507: 214/400
Job 507: 215/400
Job 507: 216/400
Job 507: 217/400
Job 507: 218/400
Job 507: 219/400
Job 507: 220/400
Job 507: 221/400
Job 507: 222/400
Job 507: 223/400
Job 507: 224/400
Job 507: 225/400
Job 507: 226/400
Job 507: 227/400
Job 507: 228/400
Job 507: 229/400
Job 507: 230/400
Job 507: 231/400
Job 507: 232/400
Job 507: 233/400
Job 507: 234/400
Job 507: 235/400
Job 507: 236/400
Job 507: 237/400
Job 507: 238/400
Job 507: 239/400
Job 507: 240/400
Job 507: 241/400
Job 507: 242/400
Job 507: 243/400
Job 507: 244/400
Job 507: 245/400
Job 507: 246/400
Job 507: 247/400
Job 507: 248/400
Job 507: 249/400
Job 507: 250/400
Job 507: 251/400
Job 507: 252/400
Job 507: 253/400
Job 507: 254/400
Job 507: 255/400
Job 507: 256/400
Job 507: 257/400
Job 507: 258/400
Job 507: 259/400
Job 507: 260/400
Job 507: 261/400
Job 507: 262/400
Job 507: 263/400
Job 507: 264/400
Job 507: 265/400
Job 507: 266/400
Job 507: 267/400
Job 507: 268/400
Job 507: 269/400
Job 507: 270/400
Job 507: 271/400
Job 507: 272/400
Job 507: 273/400
Job 507: 274/400
Job 507: 275/400
Job 507: 276/400
Job 507: 277/400
Job 507: 278/400
Job 507: 279/400
Job 507: 280/400
Job 507: 281/400
Job 507: 282/400
Job 507: 283/400
Job 507: 284/400
Job 507: 285/400
Job 507: 286/400
Job 507: 287/400
Job 507: 288/400
Job 507: 289/400
Job 507: 290/400
Job 507: 291/400
Job 507: 292/400
Job 507: 293/400
Job 507: 294/400
Job 507: 295/400
Job 507: 296/400
Job 507: 297/400
Job 507: 298/400
Job 507: 299/400
Job 507: 300/400
Job 507: 301/400
Job 507: 302/400
Job 507: 303/400
Job 507: 304/400
Job 507: 305/400
Job 507: 306/400
Job 507: 307/400
Job 507: 308/400
Job 507: 309/400
Job 507: 310/400
Job 507: 311/400
Job 507: 312/400
Job 507: 313/400
Job 507: 314/400
Job 507: 315/400
Job 507: 316/400
Job 507: 317/400
Job 507: 318/400
Job 507: 319/400
Job 507: 320/400
Job 507: 321/400
Job 507: 322/400
Job 507: 323/400
Job 507: 324/400
Job 507: 325/400
Job 507: 326/400
Job 507: 327/400
Job 507: 328/400
Job 507: 329/400
Job 507: 330/400
Job 507: 331/400
Job 507: 332/400
Job 507: 333/400
Job 507: 334/400
Job 507: 335/400
Job 507: 336/400
Job 507: 337/400
Job 507: 338/400
Job 507: 339/400
Job 507: 340/400
Job 507: 341/400
Job 507: 342/400
Job 507: 343/400
Job 507: 344/400
Job 507: 345/400
Job 507: 346/400
Job 507: 347/400
Job 507: 348/400
Job 507: 349/400
Job 507: 350/400
Job 507: 351/400
Job 507: 352/400
Job 507: 353/400
Job 507: 354/400
Job 507: 355/400
Job 507: 356/400
Job 507: 357/400
Job 507: 358/400
Job 507: 359/400
Job 507: 360/400
Job 507: 361/400
Job 507: 362/400
Job 507: 363/400
Job 507: 364/400
Job 507: 365/400
Job 507: 366/400
Job 507: 367/400
Job 507: 368/400
Job 507: 369/400
Job 507: 370/400
Job 507: 371/400
Job 507: 372/400
Job 507: 373/400
Job 507: 374/400
Job 507: 375/400
Job 507: 376/400
Job 507: 377/400
Job 507: 378/400
Job 507: 379/400
Job 507: 380/400
Job 507: 381/400
Job 507: 382/400
Job 507: 383/400
Job 507: 384/400
Job 507: 385/400
Job 507: 386/400
Job 507: 387/400
Job 507: 388/400
Job 507: 389/400
Job 507: 390/400
Job 507: 391/400
Job 507: 392/400
Job 507: 393/400
Job 507: 394/400
Job 507: 395/400
Job 507: 396/400
Job 507: 397/400
Job 507: 398/400
Job 507: 399/400
Job 507: 400/400
