Registered S3 methods overwritten by 'susieSlide':
  method              from  
  coef.susie          susieR
  predict.susie       susieR
  print.summary.susie susieR
  summary.susie       susieR
Job 631: 1/400
Job 631: 2/400
Job 631: 3/400
Job 631: 4/400
Job 631: 5/400
Job 631: 6/400
Job 631: 7/400
Job 631: 8/400
Job 631: 9/400
Job 631: 10/400
Job 631: 11/400
Job 631: 12/400
Job 631: 13/400
Job 631: 14/400
Job 631: 15/400
Job 631: 16/400
Job 631: 17/400
Job 631: 18/400
Job 631: 19/400
Job 631: 20/400
Job 631: 21/400
Job 631: 22/400
Job 631: 23/400
Job 631: 24/400
Job 631: 25/400 ERROR: No .raw files found in temp_dir.
Job 631: 26/400 ERROR: No .raw files found in temp_dir.
Job 631: 27/400 ERROR: No .raw files found in temp_dir.
Job 631: 28/400 ERROR: No .raw files found in temp_dir.
Job 631: 29/400 ERROR: No .raw files found in temp_dir.
Job 631: 30/400 ERROR: No .raw files found in temp_dir.
Job 631: 31/400 ERROR: No .raw files found in temp_dir.
Job 631: 32/400 ERROR: No .raw files found in temp_dir.
Job 631: 33/400 ERROR: No .raw files found in temp_dir.
Job 631: 34/400 ERROR: No .raw files found in temp_dir.
Job 631: 35/400 ERROR: No .raw files found in temp_dir.
Job 631: 36/400 ERROR: No .raw files found in temp_dir.
Job 631: 37/400 ERROR: No .raw files found in temp_dir.
Job 631: 38/400 ERROR: No .raw files found in temp_dir.
Job 631: 39/400 ERROR: No .raw files found in temp_dir.
Job 631: 40/400 ERROR: No .raw files found in temp_dir.
Job 631: 41/400 ERROR: No .raw files found in temp_dir.
Job 631: 42/400 ERROR: No .raw files found in temp_dir.
Job 631: 43/400 ERROR: No .raw files found in temp_dir.
Job 631: 44/400 ERROR: No .raw files found in temp_dir.
Job 631: 45/400 ERROR: No .raw files found in temp_dir.
Job 631: 46/400 ERROR: No .raw files found in temp_dir.
Job 631: 47/400 ERROR: No .raw files found in temp_dir.
Job 631: 48/400 ERROR: No .raw files found in temp_dir.
Job 631: 49/400 ERROR: No .raw files found in temp_dir.
Job 631: 50/400 ERROR: No .raw files found in temp_dir.
Job 631: 51/400 ERROR: No .raw files found in temp_dir.
Job 631: 52/400 ERROR: No .raw files found in temp_dir.
Job 631: 53/400 ERROR: No .raw files found in temp_dir.
Job 631: 54/400 ERROR: No .raw files found in temp_dir.
Job 631: 55/400 ERROR: No .raw files found in temp_dir.
Job 631: 56/400 ERROR: No .raw files found in temp_dir.
Job 631: 57/400 ERROR: No .raw files found in temp_dir.
Job 631: 58/400 ERROR: No .raw files found in temp_dir.
Job 631: 59/400 ERROR: No .raw files found in temp_dir.
Job 631: 60/400 ERROR: No .raw files found in temp_dir.
Job 631: 61/400 ERROR: No .raw files found in temp_dir.
Job 631: 62/400 ERROR: No .raw files found in temp_dir.
Job 631: 63/400 ERROR: No .raw files found in temp_dir.
Job 631: 64/400 ERROR: No .raw files found in temp_dir.
Job 631: 65/400 ERROR: No .raw files found in temp_dir.
Job 631: 66/400 ERROR: No .raw files found in temp_dir.
Job 631: 67/400 ERROR: No .raw files found in temp_dir.
Job 631: 68/400 ERROR: No .raw files found in temp_dir.
Job 631: 69/400 ERROR: No .raw files found in temp_dir.
Job 631: 70/400 ERROR: No .raw files found in temp_dir.
Job 631: 71/400 ERROR: No .raw files found in temp_dir.
Job 631: 72/400 ERROR: No .raw files found in temp_dir.
Job 631: 73/400 ERROR: No .raw files found in temp_dir.
Job 631: 74/400 ERROR: No .raw files found in temp_dir.
Job 631: 75/400 ERROR: No .raw files found in temp_dir.
Job 631: 76/400 ERROR: No .raw files found in temp_dir.
Job 631: 77/400 ERROR: No .raw files found in temp_dir.
Job 631: 78/400 ERROR: No .raw files found in temp_dir.
Job 631: 79/400 ERROR: No .raw files found in temp_dir.
Job 631: 80/400 ERROR: No .raw files found in temp_dir.
Job 631: 81/400 ERROR: No .raw files found in temp_dir.
Job 631: 82/400 ERROR: No .raw files found in temp_dir.
Job 631: 83/400 ERROR: No .raw files found in temp_dir.
Job 631: 84/400 ERROR: No .raw files found in temp_dir.
Job 631: 85/400 ERROR: No .raw files found in temp_dir.
Job 631: 86/400 ERROR: No .raw files found in temp_dir.
Job 631: 87/400 ERROR: No .raw files found in temp_dir.
Job 631: 88/400 ERROR: No .raw files found in temp_dir.
Job 631: 89/400 ERROR: No .raw files found in temp_dir.
Job 631: 90/400 ERROR: Not enough donors for the requested n.
Job 631: 91/400
Job 631: 92/400
Job 631: 93/400
Job 631: 94/400
Job 631: 95/400
Job 631: 96/400
Job 631: 97/400
Job 631: 98/400
Job 631: 99/400
Job 631: 100/400
Job 631: 101/400
Job 631: 102/400
Job 631: 103/400
Job 631: 104/400
Job 631: 105/400
Job 631: 106/400
Job 631: 107/400
Job 631: 108/400
Job 631: 109/400
Job 631: 110/400
Job 631: 111/400
Job 631: 112/400
Job 631: 113/400
Job 631: 114/400
Job 631: 115/400
Job 631: 116/400
Job 631: 117/400
Job 631: 118/400
Job 631: 119/400
Job 631: 120/400
Job 631: 121/400 ERROR: No .raw files found in temp_dir.
Job 631: 122/400 ERROR: No .raw files found in temp_dir.
Job 631: 123/400 ERROR: No .raw files found in temp_dir.
Job 631: 124/400 ERROR: No .raw files found in temp_dir.
Job 631: 125/400 ERROR: No .raw files found in temp_dir.
Job 631: 126/400 ERROR: No .raw files found in temp_dir.
Job 631: 127/400 ERROR: No .raw files found in temp_dir.
Job 631: 128/400 ERROR: No .raw files found in temp_dir.
Job 631: 129/400 ERROR: No .raw files found in temp_dir.
Job 631: 130/400 ERROR: No .raw files found in temp_dir.
Job 631: 131/400 ERROR: No .raw files found in temp_dir.
Job 631: 132/400 ERROR: No .raw files found in temp_dir.
Job 631: 133/400 ERROR: No .raw files found in temp_dir.
Job 631: 134/400 ERROR: No .raw files found in temp_dir.
Job 631: 135/400 ERROR: No .raw files found in temp_dir.
Job 631: 136/400 ERROR: No .raw files found in temp_dir.
Job 631: 137/400 ERROR: No .raw files found in temp_dir.
Job 631: 138/400 ERROR: No .raw files found in temp_dir.
Job 631: 139/400 ERROR: No .raw files found in temp_dir.
Job 631: 140/400 ERROR: No .raw files found in temp_dir.
Job 631: 141/400 ERROR: No .raw files found in temp_dir.
Job 631: 142/400 ERROR: No .raw files found in temp_dir.
Job 631: 143/400 ERROR: No .raw files found in temp_dir.
Job 631: 144/400 ERROR: No .raw files found in temp_dir.
Job 631: 145/400 ERROR: No .raw files found in temp_dir.
Job 631: 146/400 ERROR: No .raw files found in temp_dir.
Job 631: 147/400 ERROR: No .raw files found in temp_dir.
Job 631: 148/400 ERROR: No .raw files found in temp_dir.
Job 631: 149/400 ERROR: No .raw files found in temp_dir.
Job 631: 150/400 ERROR: No .raw files found in temp_dir.
Job 631: 151/400 ERROR: No .raw files found in temp_dir.
Job 631: 152/400 ERROR: No .raw files found in temp_dir.
Job 631: 153/400 ERROR: No .raw files found in temp_dir.
Job 631: 154/400 ERROR: No .raw files found in temp_dir.
Job 631: 155/400 ERROR: No .raw files found in temp_dir.
Job 631: 156/400 ERROR: No .raw files found in temp_dir.
Job 631: 157/400 ERROR: No .raw files found in temp_dir.
Job 631: 158/400 ERROR: No .raw files found in temp_dir.
Job 631: 159/400 ERROR: No .raw files found in temp_dir.
Job 631: 160/400 ERROR: No .raw files found in temp_dir.
Job 631: 161/400 ERROR: No .raw files found in temp_dir.
Job 631: 162/400 ERROR: No .raw files found in temp_dir.
Job 631: 163/400 ERROR: No .raw files found in temp_dir.
Job 631: 164/400 ERROR: No .raw files found in temp_dir.
Job 631: 165/400 ERROR: No .raw files found in temp_dir.
Job 631: 166/400 ERROR: No .raw files found in temp_dir.
Job 631: 167/400 ERROR: No .raw files found in temp_dir.
Job 631: 168/400 ERROR: No .raw files found in temp_dir.
Job 631: 169/400
Job 631: 170/400
Job 631: 171/400
Job 631: 172/400
Job 631: 173/400
Job 631: 174/400
Job 631: 175/400
Job 631: 176/400
Job 631: 177/400
Job 631: 178/400
Job 631: 179/400
Job 631: 180/400
Job 631: 181/400
Job 631: 182/400
Job 631: 183/400
Job 631: 184/400
Job 631: 185/400
Job 631: 186/400
Job 631: 187/400
Job 631: 188/400
Job 631: 189/400
Job 631: 190/400
Job 631: 191/400
Job 631: 192/400
Job 631: 193/400
Job 631: 194/400
Job 631: 195/400
Job 631: 196/400
Job 631: 197/400
Job 631: 198/400
Job 631: 199/400
Job 631: 200/400
Job 631: 201/400 ERROR: No .raw files found in temp_dir.
Job 631: 202/400 ERROR: No .raw files found in temp_dir.
Job 631: 203/400 ERROR: No .raw files found in temp_dir.
Job 631: 204/400 ERROR: No .raw files found in temp_dir.
Job 631: 205/400 ERROR: No .raw files found in temp_dir.
Job 631: 206/400 ERROR: No .raw files found in temp_dir.
Job 631: 207/400 ERROR: No .raw files found in temp_dir.
Job 631: 208/400 ERROR: No .raw files found in temp_dir.
Job 631: 209/400 ERROR: No .raw files found in temp_dir.
Job 631: 210/400 ERROR: No .raw files found in temp_dir.
Job 631: 211/400 ERROR: No .raw files found in temp_dir.
Job 631: 212/400 ERROR: No .raw files found in temp_dir.
Job 631: 213/400 ERROR: No .raw files found in temp_dir.
Job 631: 214/400 ERROR: No .raw files found in temp_dir.
Job 631: 215/400 ERROR: No .raw files found in temp_dir.
Job 631: 216/400 ERROR: No .raw files found in temp_dir.
Job 631: 217/400 ERROR: No .raw files found in temp_dir.
Job 631: 218/400 ERROR: No .raw files found in temp_dir.
Job 631: 219/400 ERROR: No .raw files found in temp_dir.
Job 631: 220/400 ERROR: No .raw files found in temp_dir.
Job 631: 221/400 ERROR: No .raw files found in temp_dir.
Job 631: 222/400 ERROR: No .raw files found in temp_dir.
Job 631: 223/400 ERROR: No .raw files found in temp_dir.
Job 631: 224/400 ERROR: No .raw files found in temp_dir.
Job 631: 225/400 ERROR: No .raw files found in temp_dir.
Job 631: 226/400 ERROR: No .raw files found in temp_dir.
Job 631: 227/400 ERROR: No .raw files found in temp_dir.
Job 631: 228/400 ERROR: No .raw files found in temp_dir.
Job 631: 229/400 ERROR: No .raw files found in temp_dir.
Job 631: 230/400 ERROR: No .raw files found in temp_dir.
Job 631: 231/400 ERROR: No .raw files found in temp_dir.
Job 631: 232/400 ERROR: No .raw files found in temp_dir.
Job 631: 233/400 ERROR: No .raw files found in temp_dir.
Job 631: 234/400 ERROR: No .raw files found in temp_dir.
Job 631: 235/400 ERROR: No .raw files found in temp_dir.
Job 631: 236/400 ERROR: No .raw files found in temp_dir.
Job 631: 237/400 ERROR: No .raw files found in temp_dir.
Job 631: 238/400 ERROR: No .raw files found in temp_dir.
Job 631: 239/400 ERROR: No .raw files found in temp_dir.
Job 631: 240/400 ERROR: No .raw files found in temp_dir.
Job 631: 241/400 ERROR: No .raw files found in temp_dir.
Job 631: 242/400 ERROR: No .raw files found in temp_dir.
Job 631: 243/400 ERROR: No .raw files found in temp_dir.
Job 631: 244/400 ERROR: No .raw files found in temp_dir.
Job 631: 245/400 ERROR: No .raw files found in temp_dir.
Job 631: 246/400 ERROR: No .raw files found in temp_dir.
Job 631: 247/400 ERROR: No .raw files found in temp_dir.
Job 631: 248/400 ERROR: No .raw files found in temp_dir.
Job 631: 249/400 ERROR: No .raw files found in temp_dir.
Job 631: 250/400 ERROR: No .raw files found in temp_dir.
Job 631: 251/400 ERROR: No .raw files found in temp_dir.
Job 631: 252/400 ERROR: No .raw files found in temp_dir.
Job 631: 253/400 ERROR: No .raw files found in temp_dir.
Job 631: 254/400 ERROR: No .raw files found in temp_dir.
Job 631: 255/400 ERROR: No .raw files found in temp_dir.
Job 631: 256/400 ERROR: No .raw files found in temp_dir.
Job 631: 257/400 ERROR: No .raw files found in temp_dir.
Job 631: 258/400 ERROR: No .raw files found in temp_dir.
Job 631: 259/400 ERROR: No .raw files found in temp_dir.
Job 631: 260/400 ERROR: No .raw files found in temp_dir.
Job 631: 261/400 ERROR: No .raw files found in temp_dir.
Job 631: 262/400 ERROR: No .raw files found in temp_dir.
Job 631: 263/400 ERROR: No .raw files found in temp_dir.
Job 631: 264/400 ERROR: No .raw files found in temp_dir.
Job 631: 265/400 ERROR: No .raw files found in temp_dir.
Job 631: 266/400 ERROR: No .raw files found in temp_dir.
Job 631: 267/400 ERROR: No .raw files found in temp_dir.
Job 631: 268/400 ERROR: No .raw files found in temp_dir.
Job 631: 269/400 ERROR: No .raw files found in temp_dir.
Job 631: 270/400 ERROR: No .raw files found in temp_dir.
Job 631: 271/400 ERROR: No .raw files found in temp_dir.
Job 631: 272/400 ERROR: No .raw files found in temp_dir.
Job 631: 273/400 ERROR: No .raw files found in temp_dir.
Job 631: 274/400 ERROR: No .raw files found in temp_dir.
Job 631: 275/400 ERROR: No .raw files found in temp_dir.
Job 631: 276/400 ERROR: No .raw files found in temp_dir.
Job 631: 277/400 ERROR: No .raw files found in temp_dir.
Job 631: 278/400 ERROR: No .raw files found in temp_dir.
Job 631: 279/400 ERROR: No .raw files found in temp_dir.
Job 631: 280/400 ERROR: No .raw files found in temp_dir.
Job 631: 281/400 ERROR: No .raw files found in temp_dir.
Job 631: 282/400 ERROR: No .raw files found in temp_dir.
Job 631: 283/400 ERROR: No .raw files found in temp_dir.
Job 631: 284/400 ERROR: No .raw files found in temp_dir.
Job 631: 285/400 ERROR: No .raw files found in temp_dir.
Job 631: 286/400 ERROR: No .raw files found in temp_dir.
Job 631: 287/400 ERROR: No .raw files found in temp_dir.
Job 631: 288/400 ERROR: No .raw files found in temp_dir.
Job 631: 289/400 ERROR: No .raw files found in temp_dir.
Job 631: 290/400 ERROR: No .raw files found in temp_dir.
Job 631: 291/400 ERROR: No .raw files found in temp_dir.
Job 631: 292/400 ERROR: No .raw files found in temp_dir.
Job 631: 293/400 ERROR: No .raw files found in temp_dir.
Job 631: 294/400 ERROR: No .raw files found in temp_dir.
Job 631: 295/400 ERROR: No .raw files found in temp_dir.
Job 631: 296/400 ERROR: No .raw files found in temp_dir.
Job 631: 297/400 ERROR: No .raw files found in temp_dir.
Job 631: 298/400 ERROR: No .raw files found in temp_dir.
Job 631: 299/400 ERROR: No .raw files found in temp_dir.
Job 631: 300/400 ERROR: No .raw files found in temp_dir.
Job 631: 301/400 ERROR: No .raw files found in temp_dir.
Job 631: 302/400 ERROR: No .raw files found in temp_dir.
Job 631: 303/400 ERROR: No .raw files found in temp_dir.
Job 631: 304/400 ERROR: No .raw files found in temp_dir.
Job 631: 305/400 ERROR: No .raw files found in temp_dir.
Job 631: 306/400 ERROR: No .raw files found in temp_dir.
Job 631: 307/400 ERROR: No .raw files found in temp_dir.
Job 631: 308/400 ERROR: No .raw files found in temp_dir.
Job 631: 309/400 ERROR: No .raw files found in temp_dir.
Job 631: 310/400 ERROR: No .raw files found in temp_dir.
Job 631: 311/400 ERROR: No .raw files found in temp_dir.
Job 631: 312/400 ERROR: No .raw files found in temp_dir.
Job 631: 313/400 ERROR: No .raw files found in temp_dir.
Job 631: 314/400 ERROR: No .raw files found in temp_dir.
Job 631: 315/400 ERROR: No .raw files found in temp_dir.
Job 631: 316/400 ERROR: No .raw files found in temp_dir.
Job 631: 317/400 ERROR: No .raw files found in temp_dir.
Job 631: 318/400 ERROR: No .raw files found in temp_dir.
Job 631: 319/400 ERROR: No .raw files found in temp_dir.
Job 631: 320/400 ERROR: No .raw files found in temp_dir.
Job 631: 321/400 ERROR: No .raw files found in temp_dir.
Job 631: 322/400 ERROR: No .raw files found in temp_dir.
Job 631: 323/400 ERROR: No .raw files found in temp_dir.
Job 631: 324/400 ERROR: No .raw files found in temp_dir.
Job 631: 325/400 ERROR: No .raw files found in temp_dir.
Job 631: 326/400 ERROR: No .raw files found in temp_dir.
Job 631: 327/400 ERROR: No .raw files found in temp_dir.
Job 631: 328/400 ERROR: No .raw files found in temp_dir.
Job 631: 329/400 ERROR: No .raw files found in temp_dir.
Job 631: 330/400 ERROR: No .raw files found in temp_dir.
Job 631: 331/400 ERROR: No .raw files found in temp_dir.
Job 631: 332/400 ERROR: No .raw files found in temp_dir.
Job 631: 333/400 ERROR: No .raw files found in temp_dir.
Job 631: 334/400 ERROR: No .raw files found in temp_dir.
Job 631: 335/400 ERROR: No .raw files found in temp_dir.
Job 631: 336/400 ERROR: No .raw files found in temp_dir.
Job 631: 337/400 ERROR: No .raw files found in temp_dir.
Job 631: 338/400 ERROR: No .raw files found in temp_dir.
Job 631: 339/400 ERROR: No .raw files found in temp_dir.
Job 631: 340/400 ERROR: No .raw files found in temp_dir.
Job 631: 341/400 ERROR: No .raw files found in temp_dir.
Job 631: 342/400 ERROR: No .raw files found in temp_dir.
Job 631: 343/400 ERROR: No .raw files found in temp_dir.
Job 631: 344/400 ERROR: No .raw files found in temp_dir.
Job 631: 345/400 ERROR: No .raw files found in temp_dir.
Job 631: 346/400 ERROR: No .raw files found in temp_dir.
Job 631: 347/400 ERROR: No .raw files found in temp_dir.
Job 631: 348/400 ERROR: No .raw files found in temp_dir.
Job 631: 349/400 ERROR: No .raw files found in temp_dir.
Job 631: 350/400 ERROR: No .raw files found in temp_dir.
Job 631: 351/400 ERROR: No .raw files found in temp_dir.
Job 631: 352/400 ERROR: No .raw files found in temp_dir.
Job 631: 353/400 ERROR: No .raw files found in temp_dir.
Job 631: 354/400 ERROR: No .raw files found in temp_dir.
Job 631: 355/400 ERROR: No .raw files found in temp_dir.
Job 631: 356/400 ERROR: No .raw files found in temp_dir.
Job 631: 357/400 ERROR: No .raw files found in temp_dir.
Job 631: 358/400 ERROR: No .raw files found in temp_dir.
Job 631: 359/400 ERROR: No .raw files found in temp_dir.
Job 631: 360/400 ERROR: No .raw files found in temp_dir.
Job 631: 361/400 ERROR: No .raw files found in temp_dir.
Job 631: 362/400 ERROR: No .raw files found in temp_dir.
Job 631: 363/400 ERROR: No .raw files found in temp_dir.
Job 631: 364/400 ERROR: No .raw files found in temp_dir.
Job 631: 365/400 ERROR: No .raw files found in temp_dir.
Job 631: 366/400 ERROR: No .raw files found in temp_dir.
Job 631: 367/400 ERROR: No .raw files found in temp_dir.
Job 631: 368/400 ERROR: No .raw files found in temp_dir.
Job 631: 369/400 ERROR: No .raw files found in temp_dir.
Job 631: 370/400 ERROR: No .raw files found in temp_dir.
Job 631: 371/400 ERROR: No .raw files found in temp_dir.
Job 631: 372/400 ERROR: No .raw files found in temp_dir.
Job 631: 373/400 ERROR: No .raw files found in temp_dir.
Job 631: 374/400 ERROR: No .raw files found in temp_dir.
Job 631: 375/400 ERROR: No .raw files found in temp_dir.
Job 631: 376/400 ERROR: No .raw files found in temp_dir.
Job 631: 377/400 ERROR: No .raw files found in temp_dir.
Job 631: 378/400 ERROR: No .raw files found in temp_dir.
Job 631: 379/400 ERROR: No .raw files found in temp_dir.
Job 631: 380/400 ERROR: No .raw files found in temp_dir.
Job 631: 381/400 ERROR: No .raw files found in temp_dir.
Job 631: 382/400 ERROR: No .raw files found in temp_dir.
Job 631: 383/400 ERROR: No .raw files found in temp_dir.
Job 631: 384/400 ERROR: No .raw files found in temp_dir.
Job 631: 385/400 ERROR: No .raw files found in temp_dir.
Job 631: 386/400 ERROR: No .raw files found in temp_dir.
Job 631: 387/400 ERROR: No .raw files found in temp_dir.
Job 631: 388/400 ERROR: No .raw files found in temp_dir.
Job 631: 389/400 ERROR: No .raw files found in temp_dir.
Job 631: 390/400 ERROR: No .raw files found in temp_dir.
Job 631: 391/400 ERROR: No .raw files found in temp_dir.
Job 631: 392/400 ERROR: No .raw files found in temp_dir.
Job 631: 393/400 ERROR: No .raw files found in temp_dir.
Job 631: 394/400 ERROR: No .raw files found in temp_dir.
Job 631: 395/400 ERROR: No .raw files found in temp_dir.
Job 631: 396/400 ERROR: No .raw files found in temp_dir.
Job 631: 397/400 ERROR: No .raw files found in temp_dir.
Job 631: 398/400 ERROR: No .raw files found in temp_dir.
Job 631: 399/400 ERROR: No .raw files found in temp_dir.
Job 631: 400/400 ERROR: No .raw files found in temp_dir.
Warning messages:
1: In data.table::fread(raw_file, data.table = FALSE) :
  Discarded single-line footer: <<0	GTEX-1399R	0	0	0	-9	2	2	2	2	2	0	2	2	2	2	1	2	1	2	2	2	2	2	1	2	2	2	2	2	2	2	2	2	0	2	0	2	1	2	1	2	1	0	2	2	2	1	2	2	2	2	2	2	1	2	2	2	2	2	2	0	2	2	2	2	2	1	2	2	2	2	1	2	2	2	2	2	2	1	2	2	2	0	2	2	2	2	2	2	2	2	2	2	2	2	0	1	2	2	2	2	2	2	2	2	2	2	2	2	0	2	2	2	2	2	2	2	2	1	2	2	2	2	2	2	2	2	2	2	2	2	1	2	2	0	2	2	2	2	1	2	1	2	0	2	0	2	1	2	2	2	2	2	2	2	2	2	2	2	2	2	2	1	1	2	2	1	2	2	1	1	2	2	2	2	2	2	1	2	2	2	2	2	2	2	2	2	2	2	2	2	2	2	2	2	2	1	2	2	2	2	2	2	2	2	2	2	2	2	2	2	1	2	2	1	2	2	2	2	2	2	2	2	2	2	2	2	2	2	2	2	2	2	2	2	2	2	2	1	2	2	2	2	2	>>
2: In data.table::fread(raw_file, data.table = FALSE) :
  Discarded single-line footer: <<0	GTEX-1O97I	0	0	0	-9	2	2	2	2	2	1	2	2	2	2	2	2	1	2	2	2	2	2	2	2	2	2	2	2	2	2	2	2	0	2	0	2	2	2	1	2	2	0	2	2	2	2	2	2	2	2	2	2	2	2	2	2	2	2	2	0	2	2	2	2	2	2	2	2	2	2	2	2	2	2	1	2	2	1	2	2	2	0	2	2	2	2	2	2	2	2	2	2	2	2	0	2	2	2	2	2	2	2	2	2	2	2	2	2	0	2	2	2	2	2	2	2	2	1	2	2	2	2	2	2	2	2	2	2	2	2	2	2	2	0	2	2	2	2	2	2	2	2	1	2	1	2	1	2	2	2	2	2	2	2	2	2	2	2	2	2	2	2	2	2	2	2	2	2	2	2	2	2	2	2	2	2	2	2	2	2	2	2	2	2	2	2	2	2	2	2	2	2	2	2	2	2	2	2	2	2	2	2	2	2	2	2	2	2	2	2	2	2	2	2	2	2	2	2	2	2	2	2	2	2	2	2	2	2	2	2	2	2	2	2	2	2	2	2	2	2	2	2	2	>>
