Registered S3 methods overwritten by 'susieSlide':
  method              from  
  coef.susie          susieR
  predict.susie       susieR
  print.summary.susie susieR
  summary.susie       susieR
Job 114: 1/400
Job 114: 2/400
Job 114: 3/400
Job 114: 4/400
Job 114: 5/400
Job 114: 6/400
Job 114: 7/400
Job 114: 8/400
Job 114: 9/400
Job 114: 10/400
Job 114: 11/400
Job 114: 12/400
Job 114: 13/400
Job 114: 14/400
Job 114: 15/400
Job 114: 16/400
Job 114: 17/400
Job 114: 18/400
Job 114: 19/400
Job 114: 20/400
Job 114: 21/400
Job 114: 22/400
Job 114: 23/400
Job 114: 24/400
Job 114: 25/400
Job 114: 26/400
Job 114: 27/400
Job 114: 28/400
Job 114: 29/400
Job 114: 30/400
Job 114: 31/400
Job 114: 32/400
Job 114: 33/400
Job 114: 34/400
Job 114: 35/400
Job 114: 36/400
Job 114: 37/400
Job 114: 38/400
Job 114: 39/400
Job 114: 40/400
Job 114: 41/400
Job 114: 42/400
Job 114: 43/400
Job 114: 44/400
Job 114: 45/400
Job 114: 46/400
Job 114: 47/400
Job 114: 48/400
Job 114: 49/400
Job 114: 50/400
Job 114: 51/400
Job 114: 52/400
Job 114: 53/400
Job 114: 54/400
Job 114: 55/400
Job 114: 56/400
Job 114: 57/400
Job 114: 58/400
Job 114: 59/400
Job 114: 60/400
Job 114: 61/400
Job 114: 62/400
Job 114: 63/400
Job 114: 64/400
Job 114: 65/400
Job 114: 66/400
Job 114: 67/400
Job 114: 68/400
Job 114: 69/400
Job 114: 70/400
Job 114: 71/400
Job 114: 72/400
Job 114: 73/400
Job 114: 74/400
Job 114: 75/400
Job 114: 76/400
Job 114: 77/400
Job 114: 78/400
Job 114: 79/400
Job 114: 80/400
Job 114: 81/400
Job 114: 82/400
Job 114: 83/400
Job 114: 84/400
Job 114: 85/400
Job 114: 86/400
Job 114: 87/400
Job 114: 88/400
Job 114: 89/400
Job 114: 90/400
Job 114: 91/400
Job 114: 92/400
Job 114: 93/400
Job 114: 94/400
Job 114: 95/400
Job 114: 96/400
Job 114: 97/400
Job 114: 98/400
Job 114: 99/400
Job 114: 100/400
Job 114: 101/400
Job 114: 102/400
Job 114: 103/400
Job 114: 104/400
Job 114: 105/400
Job 114: 106/400
Job 114: 107/400
Job 114: 108/400
Job 114: 109/400
Job 114: 110/400
Job 114: 111/400
Job 114: 112/400
Job 114: 113/400
Job 114: 114/400
Job 114: 115/400
Job 114: 116/400
Job 114: 117/400
Job 114: 118/400
Job 114: 119/400
Job 114: 120/400
Job 114: 121/400
Job 114: 122/400
Job 114: 123/400
Job 114: 124/400
Job 114: 125/400
Job 114: 126/400
Job 114: 127/400
Job 114: 128/400
Job 114: 129/400
Job 114: 130/400
Job 114: 131/400
Job 114: 132/400
Job 114: 133/400
Job 114: 134/400
Job 114: 135/400
Job 114: 136/400
Job 114: 137/400
Job 114: 138/400
Job 114: 139/400
Job 114: 140/400
Job 114: 141/400
Job 114: 142/400
Job 114: 143/400
Job 114: 144/400
Job 114: 145/400
Job 114: 146/400
Job 114: 147/400
Job 114: 148/400
Job 114: 149/400
Job 114: 150/400
Job 114: 151/400
Job 114: 152/400
Job 114: 153/400
Job 114: 154/400
Job 114: 155/400
Job 114: 156/400
Job 114: 157/400
Job 114: 158/400
Job 114: 159/400
Job 114: 160/400
Job 114: 161/400
Job 114: 162/400
Job 114: 163/400
Job 114: 164/400
Job 114: 165/400
Job 114: 166/400
Job 114: 167/400
Job 114: 168/400
Job 114: 169/400
Job 114: 170/400
Job 114: 171/400
Job 114: 172/400
Job 114: 173/400
Job 114: 174/400
Job 114: 175/400
Job 114: 176/400
Job 114: 177/400
Job 114: 178/400
Job 114: 179/400
Job 114: 180/400
Job 114: 181/400
Job 114: 182/400
Job 114: 183/400
Job 114: 184/400
Job 114: 185/400
Job 114: 186/400
Job 114: 187/400
Job 114: 188/400
Job 114: 189/400
Job 114: 190/400
Job 114: 191/400
Job 114: 192/400
Job 114: 193/400
Job 114: 194/400
Job 114: 195/400
Job 114: 196/400
Job 114: 197/400
Job 114: 198/400
Job 114: 199/400
Job 114: 200/400
Job 114: 201/400
Job 114: 202/400
Job 114: 203/400
Job 114: 204/400
Job 114: 205/400
Job 114: 206/400
Job 114: 207/400
Job 114: 208/400
Job 114: 209/400
Job 114: 210/400
Job 114: 211/400
Job 114: 212/400
Job 114: 213/400
Job 114: 214/400
Job 114: 215/400
Job 114: 216/400
Job 114: 217/400
Job 114: 218/400
Job 114: 219/400
Job 114: 220/400
Job 114: 221/400
Job 114: 222/400
Job 114: 223/400
Job 114: 224/400
Job 114: 225/400
Job 114: 226/400
Job 114: 227/400
Job 114: 228/400
Job 114: 229/400
Job 114: 230/400
Job 114: 231/400
Job 114: 232/400
Job 114: 233/400
Job 114: 234/400
Job 114: 235/400
Job 114: 236/400
Job 114: 237/400
Job 114: 238/400
Job 114: 239/400
Job 114: 240/400
Job 114: 241/400
Job 114: 242/400
Job 114: 243/400
Job 114: 244/400
Job 114: 245/400
Job 114: 246/400
Job 114: 247/400
Job 114: 248/400
Job 114: 249/400
Job 114: 250/400
Job 114: 251/400
Job 114: 252/400
Job 114: 253/400
Job 114: 254/400
Job 114: 255/400
Job 114: 256/400
Job 114: 257/400
Job 114: 258/400
Job 114: 259/400
Job 114: 260/400
Job 114: 261/400
Job 114: 262/400
Job 114: 263/400
Job 114: 264/400
Job 114: 265/400
Job 114: 266/400
Job 114: 267/400
Job 114: 268/400
Job 114: 269/400
Job 114: 270/400
Job 114: 271/400
Job 114: 272/400
Job 114: 273/400
Job 114: 274/400
Job 114: 275/400
Job 114: 276/400
Job 114: 277/400
Job 114: 278/400
Job 114: 279/400
Job 114: 280/400
Job 114: 281/400
Job 114: 282/400
Job 114: 283/400
Job 114: 284/400
Job 114: 285/400
Job 114: 286/400
Job 114: 287/400
Job 114: 288/400
Job 114: 289/400
Job 114: 290/400
Job 114: 291/400
Job 114: 292/400
Job 114: 293/400
Job 114: 294/400
Job 114: 295/400
Job 114: 296/400
Job 114: 297/400
Job 114: 298/400
Job 114: 299/400
Job 114: 300/400
Job 114: 301/400
Job 114: 302/400
Job 114: 303/400
Job 114: 304/400
Job 114: 305/400
Job 114: 306/400
Job 114: 307/400
Job 114: 308/400
Job 114: 309/400
Job 114: 310/400
Job 114: 311/400
Job 114: 312/400
Job 114: 313/400
Job 114: 314/400
Job 114: 315/400
Job 114: 316/400
Job 114: 317/400
Job 114: 318/400
Job 114: 319/400
Job 114: 320/400
Job 114: 321/400
Job 114: 322/400
Job 114: 323/400
Job 114: 324/400
Job 114: 325/400
Job 114: 326/400
Job 114: 327/400
Job 114: 328/400
Job 114: 329/400
Job 114: 330/400
Job 114: 331/400
Job 114: 332/400
Job 114: 333/400
Job 114: 334/400
Job 114: 335/400
Job 114: 336/400
Job 114: 337/400
Job 114: 338/400
Job 114: 339/400
Job 114: 340/400
Job 114: 341/400
Job 114: 342/400
Job 114: 343/400
Job 114: 344/400
Job 114: 345/400
Job 114: 346/400
Job 114: 347/400
Job 114: 348/400
Job 114: 349/400
Job 114: 350/400
Job 114: 351/400
Job 114: 352/400
Job 114: 353/400
Job 114: 354/400
Job 114: 355/400
Job 114: 356/400
Job 114: 357/400
Job 114: 358/400
Job 114: 359/400
Job 114: 360/400
Job 114: 361/400
Job 114: 362/400
Job 114: 363/400
Job 114: 364/400
Job 114: 365/400
Job 114: 366/400
Job 114: 367/400
Job 114: 368/400
Job 114: 369/400
Job 114: 370/400
Job 114: 371/400
Job 114: 372/400
Job 114: 373/400
Job 114: 374/400
Job 114: 375/400
Job 114: 376/400
Job 114: 377/400
Job 114: 378/400
Job 114: 379/400
Job 114: 380/400
Job 114: 381/400
Job 114: 382/400
Job 114: 383/400
Job 114: 384/400
Job 114: 385/400
Job 114: 386/400
Job 114: 387/400
Job 114: 388/400
Job 114: 389/400
Job 114: 390/400
Job 114: 391/400
Job 114: 392/400
Job 114: 393/400
Job 114: 394/400
Job 114: 395/400
Job 114: 396/400
Job 114: 397/400
Job 114: 398/400
Job 114: 399/400
Job 114: 400/400
