Registered S3 methods overwritten by 'susieSlide':
  method              from  
  coef.susie          susieR
  predict.susie       susieR
  print.summary.susie susieR
  summary.susie       susieR
Job 118: 1/400
Job 118: 2/400
Job 118: 3/400
Job 118: 4/400
Job 118: 5/400
Job 118: 6/400
Job 118: 7/400
Job 118: 8/400
Job 118: 9/400
Job 118: 10/400
Job 118: 11/400
Job 118: 12/400
Job 118: 13/400
Job 118: 14/400
Job 118: 15/400
Job 118: 16/400
Job 118: 17/400
Job 118: 18/400
Job 118: 19/400
Job 118: 20/400
Job 118: 21/400
Job 118: 22/400
Job 118: 23/400
Job 118: 24/400
Job 118: 25/400
Job 118: 26/400
Job 118: 27/400
Job 118: 28/400
Job 118: 29/400
Job 118: 30/400
Job 118: 31/400
Job 118: 32/400
Job 118: 33/400
Job 118: 34/400
Job 118: 35/400
Job 118: 36/400
Job 118: 37/400
Job 118: 38/400
Job 118: 39/400
Job 118: 40/400
Job 118: 41/400
Job 118: 42/400
Job 118: 43/400
Job 118: 44/400
Job 118: 45/400
Job 118: 46/400
Job 118: 47/400
Job 118: 48/400
Job 118: 49/400
Job 118: 50/400
Job 118: 51/400
Job 118: 52/400
Job 118: 53/400
Job 118: 54/400
Job 118: 55/400
Job 118: 56/400
Job 118: 57/400
Job 118: 58/400
Job 118: 59/400
Job 118: 60/400
Job 118: 61/400
Job 118: 62/400
Job 118: 63/400
Job 118: 64/400
Job 118: 65/400
Job 118: 66/400
Job 118: 67/400
Job 118: 68/400
Job 118: 69/400
Job 118: 70/400
Job 118: 71/400
Job 118: 72/400
Job 118: 73/400
Job 118: 74/400
Job 118: 75/400
Job 118: 76/400
Job 118: 77/400
Job 118: 78/400
Job 118: 79/400
Job 118: 80/400
Job 118: 81/400
Job 118: 82/400
Job 118: 83/400
Job 118: 84/400
Job 118: 85/400
Job 118: 86/400
Job 118: 87/400
Job 118: 88/400
Job 118: 89/400
Job 118: 90/400
Job 118: 91/400
Job 118: 92/400
Job 118: 93/400
Job 118: 94/400
Job 118: 95/400
Job 118: 96/400
Job 118: 97/400
Job 118: 98/400
Job 118: 99/400
Job 118: 100/400
Job 118: 101/400
Job 118: 102/400
Job 118: 103/400
Job 118: 104/400
Job 118: 105/400
Job 118: 106/400
Job 118: 107/400
Job 118: 108/400
Job 118: 109/400
Job 118: 110/400
Job 118: 111/400
Job 118: 112/400
Job 118: 113/400
Job 118: 114/400
Job 118: 115/400
Job 118: 116/400
Job 118: 117/400
Job 118: 118/400
Job 118: 119/400
Job 118: 120/400
Job 118: 121/400
Job 118: 122/400
Job 118: 123/400
Job 118: 124/400
Job 118: 125/400
Job 118: 126/400
Job 118: 127/400
Job 118: 128/400
Job 118: 129/400
Job 118: 130/400
Job 118: 131/400
Job 118: 132/400
Job 118: 133/400
Job 118: 134/400
Job 118: 135/400
Job 118: 136/400
Job 118: 137/400
Job 118: 138/400
Job 118: 139/400
Job 118: 140/400
Job 118: 141/400
Job 118: 142/400
Job 118: 143/400
Job 118: 144/400
Job 118: 145/400
Job 118: 146/400
Job 118: 147/400
Job 118: 148/400
Job 118: 149/400
Job 118: 150/400
Job 118: 151/400
Job 118: 152/400
Job 118: 153/400
Job 118: 154/400
Job 118: 155/400
Job 118: 156/400
Job 118: 157/400
Job 118: 158/400
Job 118: 159/400
Job 118: 160/400
Job 118: 161/400
Job 118: 162/400
Job 118: 163/400
Job 118: 164/400
Job 118: 165/400
Job 118: 166/400
Job 118: 167/400
Job 118: 168/400
Job 118: 169/400
Job 118: 170/400
Job 118: 171/400
Job 118: 172/400
Job 118: 173/400
Job 118: 174/400
Job 118: 175/400
Job 118: 176/400
Job 118: 177/400
Job 118: 178/400
Job 118: 179/400
Job 118: 180/400
Job 118: 181/400
Job 118: 182/400
Job 118: 183/400
Job 118: 184/400
Job 118: 185/400
Job 118: 186/400
Job 118: 187/400
Job 118: 188/400
Job 118: 189/400
Job 118: 190/400
Job 118: 191/400
Job 118: 192/400
Job 118: 193/400
Job 118: 194/400
Job 118: 195/400
Job 118: 196/400
Job 118: 197/400
Job 118: 198/400
Job 118: 199/400
Job 118: 200/400
Job 118: 201/400
Job 118: 202/400
Job 118: 203/400
Job 118: 204/400
Job 118: 205/400
Job 118: 206/400
Job 118: 207/400
Job 118: 208/400
Job 118: 209/400
Job 118: 210/400
Job 118: 211/400
Job 118: 212/400
Job 118: 213/400
Job 118: 214/400
Job 118: 215/400
Job 118: 216/400
Job 118: 217/400
Job 118: 218/400
Job 118: 219/400
Job 118: 220/400
Job 118: 221/400
Job 118: 222/400
Job 118: 223/400
Job 118: 224/400
Job 118: 225/400
Job 118: 226/400
Job 118: 227/400
Job 118: 228/400
Job 118: 229/400
Job 118: 230/400
Job 118: 231/400
Job 118: 232/400
Job 118: 233/400
Job 118: 234/400
Job 118: 235/400
Job 118: 236/400
Job 118: 237/400
Job 118: 238/400
Job 118: 239/400
Job 118: 240/400
Job 118: 241/400
Job 118: 242/400
Job 118: 243/400
Job 118: 244/400
Job 118: 245/400
Job 118: 246/400
Job 118: 247/400
Job 118: 248/400
Job 118: 249/400
Job 118: 250/400
Job 118: 251/400
Job 118: 252/400
Job 118: 253/400
Job 118: 254/400
Job 118: 255/400
Job 118: 256/400
Job 118: 257/400
Job 118: 258/400
Job 118: 259/400
Job 118: 260/400
Job 118: 261/400
Job 118: 262/400
Job 118: 263/400
Job 118: 264/400
Job 118: 265/400
Job 118: 266/400
Job 118: 267/400
Job 118: 268/400
Job 118: 269/400
Job 118: 270/400
Job 118: 271/400
Job 118: 272/400
Job 118: 273/400
Job 118: 274/400
Job 118: 275/400
Job 118: 276/400
Job 118: 277/400
Job 118: 278/400
Job 118: 279/400
Job 118: 280/400
Job 118: 281/400
Job 118: 282/400
Job 118: 283/400
Job 118: 284/400
Job 118: 285/400
Job 118: 286/400
Job 118: 287/400
Job 118: 288/400
Job 118: 289/400
Job 118: 290/400
Job 118: 291/400
Job 118: 292/400
Job 118: 293/400
Job 118: 294/400
Job 118: 295/400
Job 118: 296/400
Job 118: 297/400
Job 118: 298/400
Job 118: 299/400
Job 118: 300/400
Job 118: 301/400
Job 118: 302/400
Job 118: 303/400
Job 118: 304/400
Job 118: 305/400
Job 118: 306/400
Job 118: 307/400
Job 118: 308/400
Job 118: 309/400
Job 118: 310/400
Job 118: 311/400
Job 118: 312/400
Job 118: 313/400
Job 118: 314/400
Job 118: 315/400
Job 118: 316/400
Job 118: 317/400
Job 118: 318/400
Job 118: 319/400
Job 118: 320/400
Job 118: 321/400
Job 118: 322/400
Job 118: 323/400
Job 118: 324/400
Job 118: 325/400
Job 118: 326/400
Job 118: 327/400
Job 118: 328/400
Job 118: 329/400
Job 118: 330/400
Job 118: 331/400
Job 118: 332/400
Job 118: 333/400
Job 118: 334/400
Job 118: 335/400
Job 118: 336/400
Job 118: 337/400
Job 118: 338/400
Job 118: 339/400
Job 118: 340/400
Job 118: 341/400
Job 118: 342/400
Job 118: 343/400
Job 118: 344/400
Job 118: 345/400
Job 118: 346/400
Job 118: 347/400
Job 118: 348/400
Job 118: 349/400
Job 118: 350/400
Job 118: 351/400
Job 118: 352/400
Job 118: 353/400
Job 118: 354/400
Job 118: 355/400
Job 118: 356/400
Job 118: 357/400
Job 118: 358/400
Job 118: 359/400
Job 118: 360/400
Job 118: 361/400
Job 118: 362/400
Job 118: 363/400
Job 118: 364/400
Job 118: 365/400
Job 118: 366/400
Job 118: 367/400
Job 118: 368/400
Job 118: 369/400
Job 118: 370/400
Job 118: 371/400
Job 118: 372/400
Job 118: 373/400
Job 118: 374/400
Job 118: 375/400
Job 118: 376/400
Job 118: 377/400
Job 118: 378/400
Job 118: 379/400
Job 118: 380/400
Job 118: 381/400
Job 118: 382/400
Job 118: 383/400
Job 118: 384/400
Job 118: 385/400
Job 118: 386/400
Job 118: 387/400
Job 118: 388/400
Job 118: 389/400
Job 118: 390/400
Job 118: 391/400
Job 118: 392/400
Job 118: 393/400
Job 118: 394/400
Job 118: 395/400
Job 118: 396/400
Job 118: 397/400
Job 118: 398/400
Job 118: 399/400
Job 118: 400/400
