Registered S3 methods overwritten by 'susieSlide':
  method              from  
  coef.susie          susieR
  predict.susie       susieR
  print.summary.susie susieR
  summary.susie       susieR
Job 477: 1/400
Job 477: 2/400
Job 477: 3/400
Job 477: 4/400
Job 477: 5/400
Job 477: 6/400
Job 477: 7/400
Job 477: 8/400
Job 477: 9/400
Job 477: 10/400
Job 477: 11/400
Job 477: 12/400
Job 477: 13/400
Job 477: 14/400
Job 477: 15/400
Job 477: 16/400
Job 477: 17/400
Job 477: 18/400
Job 477: 19/400
Job 477: 20/400
Job 477: 21/400
Job 477: 22/400
Job 477: 23/400
Job 477: 24/400
Job 477: 25/400
Job 477: 26/400
Job 477: 27/400
Job 477: 28/400
Job 477: 29/400
Job 477: 30/400
Job 477: 31/400
Job 477: 32/400
Job 477: 33/400
Job 477: 34/400
Job 477: 35/400
Job 477: 36/400
Job 477: 37/400
Job 477: 38/400
Job 477: 39/400
Job 477: 40/400
Job 477: 41/400
Job 477: 42/400
Job 477: 43/400
Job 477: 44/400
Job 477: 45/400
Job 477: 46/400
Job 477: 47/400
Job 477: 48/400
Job 477: 49/400
Job 477: 50/400
Job 477: 51/400
Job 477: 52/400
Job 477: 53/400
Job 477: 54/400
Job 477: 55/400
Job 477: 56/400
Job 477: 57/400
Job 477: 58/400
Job 477: 59/400
Job 477: 60/400
Job 477: 61/400
Job 477: 62/400
Job 477: 63/400
Job 477: 64/400
Job 477: 65/400
Job 477: 66/400
Job 477: 67/400
Job 477: 68/400
Job 477: 69/400
Job 477: 70/400
Job 477: 71/400
Job 477: 72/400
Job 477: 73/400
Job 477: 74/400
Job 477: 75/400
Job 477: 76/400
Job 477: 77/400
Job 477: 78/400
Job 477: 79/400
Job 477: 80/400
Job 477: 81/400
Job 477: 82/400
Job 477: 83/400
Job 477: 84/400
Job 477: 85/400
Job 477: 86/400
Job 477: 87/400
Job 477: 88/400
Job 477: 89/400
Job 477: 90/400
Job 477: 91/400
Job 477: 92/400
Job 477: 93/400
Job 477: 94/400
Job 477: 95/400
Job 477: 96/400
Job 477: 97/400
Job 477: 98/400
Job 477: 99/400
Job 477: 100/400
Job 477: 101/400
Job 477: 102/400
Job 477: 103/400
Job 477: 104/400
Job 477: 105/400
Job 477: 106/400
Job 477: 107/400
Job 477: 108/400
Job 477: 109/400
Job 477: 110/400
Job 477: 111/400
Job 477: 112/400
Job 477: 113/400
Job 477: 114/400
Job 477: 115/400
Job 477: 116/400
Job 477: 117/400
Job 477: 118/400
Job 477: 119/400
Job 477: 120/400
Job 477: 121/400
Job 477: 122/400
Job 477: 123/400
Job 477: 124/400
Job 477: 125/400
Job 477: 126/400
Job 477: 127/400
Job 477: 128/400
Job 477: 129/400
Job 477: 130/400
Job 477: 131/400
Job 477: 132/400
Job 477: 133/400
Job 477: 134/400
Job 477: 135/400
Job 477: 136/400
Job 477: 137/400
Job 477: 138/400
Job 477: 139/400
Job 477: 140/400
Job 477: 141/400
Job 477: 142/400
Job 477: 143/400
Job 477: 144/400
Job 477: 145/400
Job 477: 146/400
Job 477: 147/400
Job 477: 148/400
Job 477: 149/400
Job 477: 150/400
Job 477: 151/400
Job 477: 152/400
Job 477: 153/400
Job 477: 154/400
Job 477: 155/400
Job 477: 156/400
Job 477: 157/400
Job 477: 158/400
Job 477: 159/400
Job 477: 160/400
Job 477: 161/400
Job 477: 162/400
Job 477: 163/400
Job 477: 164/400
Job 477: 165/400
Job 477: 166/400
Job 477: 167/400
Job 477: 168/400
Job 477: 169/400
Job 477: 170/400
Job 477: 171/400
Job 477: 172/400
Job 477: 173/400
Job 477: 174/400
Job 477: 175/400
Job 477: 176/400
Job 477: 177/400
Job 477: 178/400
Job 477: 179/400
Job 477: 180/400
Job 477: 181/400
Job 477: 182/400
Job 477: 183/400
Job 477: 184/400
Job 477: 185/400
Job 477: 186/400
Job 477: 187/400
Job 477: 188/400
Job 477: 189/400
Job 477: 190/400
Job 477: 191/400
Job 477: 192/400
Job 477: 193/400
Job 477: 194/400
Job 477: 195/400
Job 477: 196/400
Job 477: 197/400
Job 477: 198/400
Job 477: 199/400
Job 477: 200/400
Job 477: 201/400
Job 477: 202/400
Job 477: 203/400
Job 477: 204/400
Job 477: 205/400
Job 477: 206/400
Job 477: 207/400
Job 477: 208/400
Job 477: 209/400
Job 477: 210/400
Job 477: 211/400
Job 477: 212/400
Job 477: 213/400
Job 477: 214/400
Job 477: 215/400
Job 477: 216/400
Job 477: 217/400
Job 477: 218/400
Job 477: 219/400
Job 477: 220/400
Job 477: 221/400
Job 477: 222/400
Job 477: 223/400
Job 477: 224/400
Job 477: 225/400
Job 477: 226/400
Job 477: 227/400
Job 477: 228/400
Job 477: 229/400
Job 477: 230/400
Job 477: 231/400
Job 477: 232/400
Job 477: 233/400
Job 477: 234/400
Job 477: 235/400
Job 477: 236/400
Job 477: 237/400
Job 477: 238/400
Job 477: 239/400
Job 477: 240/400
Job 477: 241/400
Job 477: 242/400
Job 477: 243/400
Job 477: 244/400
Job 477: 245/400
Job 477: 246/400
Job 477: 247/400
Job 477: 248/400
Job 477: 249/400
Job 477: 250/400
Job 477: 251/400
Job 477: 252/400
Job 477: 253/400
Job 477: 254/400
Job 477: 255/400
Job 477: 256/400
Job 477: 257/400
Job 477: 258/400
Job 477: 259/400
Job 477: 260/400
Job 477: 261/400
Job 477: 262/400
Job 477: 263/400
Job 477: 264/400
Job 477: 265/400
Job 477: 266/400
Job 477: 267/400
Job 477: 268/400
Job 477: 269/400
Job 477: 270/400
Job 477: 271/400
Job 477: 272/400
Job 477: 273/400
Job 477: 274/400
Job 477: 275/400
Job 477: 276/400
Job 477: 277/400
Job 477: 278/400
Job 477: 279/400
Job 477: 280/400
Job 477: 281/400
Job 477: 282/400
Job 477: 283/400
Job 477: 284/400
Job 477: 285/400
Job 477: 286/400
Job 477: 287/400
Job 477: 288/400
Job 477: 289/400
Job 477: 290/400
Job 477: 291/400
Job 477: 292/400
Job 477: 293/400
Job 477: 294/400
Job 477: 295/400
Job 477: 296/400
Job 477: 297/400
Job 477: 298/400
Job 477: 299/400
Job 477: 300/400
Job 477: 301/400
Job 477: 302/400
Job 477: 303/400
Job 477: 304/400
Job 477: 305/400
Job 477: 306/400
Job 477: 307/400
Job 477: 308/400
Job 477: 309/400
Job 477: 310/400
Job 477: 311/400
Job 477: 312/400
Job 477: 313/400
Job 477: 314/400
Job 477: 315/400
Job 477: 316/400
Job 477: 317/400
Job 477: 318/400
Job 477: 319/400
Job 477: 320/400
Job 477: 321/400
Job 477: 322/400
Job 477: 323/400
Job 477: 324/400
Job 477: 325/400
Job 477: 326/400
Job 477: 327/400
Job 477: 328/400
Job 477: 329/400
Job 477: 330/400
Job 477: 331/400
Job 477: 332/400
Job 477: 333/400
Job 477: 334/400
Job 477: 335/400
Job 477: 336/400
Job 477: 337/400
Job 477: 338/400
Job 477: 339/400
Job 477: 340/400
Job 477: 341/400
Job 477: 342/400
Job 477: 343/400
Job 477: 344/400
Job 477: 345/400
Job 477: 346/400
Job 477: 347/400
Job 477: 348/400
Job 477: 349/400
Job 477: 350/400
Job 477: 351/400
Job 477: 352/400
Job 477: 353/400
Job 477: 354/400
Job 477: 355/400
Job 477: 356/400
Job 477: 357/400
Job 477: 358/400
Job 477: 359/400
Job 477: 360/400
Job 477: 361/400
Job 477: 362/400
Job 477: 363/400
Job 477: 364/400
Job 477: 365/400
Job 477: 366/400
Job 477: 367/400
Job 477: 368/400
Job 477: 369/400
Job 477: 370/400
Job 477: 371/400
Job 477: 372/400
Job 477: 373/400
Job 477: 374/400
Job 477: 375/400
Job 477: 376/400
Job 477: 377/400
Job 477: 378/400
Job 477: 379/400
Job 477: 380/400
Job 477: 381/400
Job 477: 382/400
Job 477: 383/400
Job 477: 384/400
Job 477: 385/400
Job 477: 386/400
Job 477: 387/400
Job 477: 388/400
Job 477: 389/400
Job 477: 390/400
Job 477: 391/400
Job 477: 392/400
Job 477: 393/400
Job 477: 394/400
Job 477: 395/400
Job 477: 396/400
Job 477: 397/400
Job 477: 398/400
Job 477: 399/400
Job 477: 400/400
