Registered S3 methods overwritten by 'susieSlide':
  method              from  
  coef.susie          susieR
  predict.susie       susieR
  print.summary.susie susieR
  summary.susie       susieR
Job 60: 1/400
Job 60: 2/400
Job 60: 3/400
Job 60: 4/400
Job 60: 5/400
Job 60: 6/400
Job 60: 7/400
Job 60: 8/400
Job 60: 9/400
Job 60: 10/400
Job 60: 11/400
Job 60: 12/400
Job 60: 13/400
Job 60: 14/400
Job 60: 15/400
Job 60: 16/400
Job 60: 17/400
Job 60: 18/400
Job 60: 19/400
Job 60: 20/400
Job 60: 21/400
Job 60: 22/400
Job 60: 23/400
Job 60: 24/400
Job 60: 25/400
Job 60: 26/400
Job 60: 27/400
Job 60: 28/400
Job 60: 29/400
Job 60: 30/400
Job 60: 31/400
Job 60: 32/400
Job 60: 33/400
Job 60: 34/400
Job 60: 35/400
Job 60: 36/400
Job 60: 37/400
Job 60: 38/400
Job 60: 39/400
Job 60: 40/400
Job 60: 41/400
Job 60: 42/400
Job 60: 43/400
Job 60: 44/400
Job 60: 45/400
Job 60: 46/400
Job 60: 47/400
Job 60: 48/400
Job 60: 49/400
Job 60: 50/400
Job 60: 51/400
Job 60: 52/400
Job 60: 53/400
Job 60: 54/400
Job 60: 55/400
Job 60: 56/400
Job 60: 57/400
Job 60: 58/400
Job 60: 59/400
Job 60: 60/400
Job 60: 61/400
Job 60: 62/400
Job 60: 63/400
Job 60: 64/400
Job 60: 65/400
Job 60: 66/400
Job 60: 67/400
Job 60: 68/400
Job 60: 69/400
Job 60: 70/400
Job 60: 71/400
Job 60: 72/400
Job 60: 73/400
Job 60: 74/400
Job 60: 75/400
Job 60: 76/400
Job 60: 77/400
Job 60: 78/400
Job 60: 79/400
Job 60: 80/400
Job 60: 81/400
Job 60: 82/400
Job 60: 83/400
Job 60: 84/400
Job 60: 85/400
Job 60: 86/400
Job 60: 87/400
Job 60: 88/400
Job 60: 89/400
Job 60: 90/400
Job 60: 91/400
Job 60: 92/400
Job 60: 93/400
Job 60: 94/400
Job 60: 95/400
Job 60: 96/400
Job 60: 97/400
Job 60: 98/400
Job 60: 99/400
Job 60: 100/400
Job 60: 101/400
Job 60: 102/400
Job 60: 103/400
Job 60: 104/400
Job 60: 105/400
Job 60: 106/400
Job 60: 107/400
Job 60: 108/400
Job 60: 109/400
Job 60: 110/400
Job 60: 111/400
Job 60: 112/400
Job 60: 113/400
Job 60: 114/400
Job 60: 115/400
Job 60: 116/400
Job 60: 117/400
Job 60: 118/400
Job 60: 119/400
Job 60: 120/400
Job 60: 121/400
Job 60: 122/400
Job 60: 123/400
Job 60: 124/400
Job 60: 125/400
Job 60: 126/400
Job 60: 127/400
Job 60: 128/400
Job 60: 129/400
Job 60: 130/400
Job 60: 131/400
Job 60: 132/400
Job 60: 133/400
Job 60: 134/400
Job 60: 135/400
Job 60: 136/400
Job 60: 137/400
Job 60: 138/400
Job 60: 139/400
Job 60: 140/400
Job 60: 141/400
Job 60: 142/400
Job 60: 143/400
Job 60: 144/400
Job 60: 145/400
Job 60: 146/400
Job 60: 147/400
Job 60: 148/400
Job 60: 149/400
Job 60: 150/400
Job 60: 151/400
Job 60: 152/400
Job 60: 153/400
Job 60: 154/400
Job 60: 155/400
Job 60: 156/400
Job 60: 157/400
Job 60: 158/400
Job 60: 159/400
Job 60: 160/400
Job 60: 161/400
Job 60: 162/400
Job 60: 163/400
Job 60: 164/400
Job 60: 165/400
Job 60: 166/400
Job 60: 167/400
Job 60: 168/400
Job 60: 169/400
Job 60: 170/400
Job 60: 171/400
Job 60: 172/400
Job 60: 173/400
Job 60: 174/400
Job 60: 175/400
Job 60: 176/400
Job 60: 177/400
Job 60: 178/400
Job 60: 179/400
Job 60: 180/400
Job 60: 181/400
Job 60: 182/400
Job 60: 183/400
Job 60: 184/400
Job 60: 185/400
Job 60: 186/400
Job 60: 187/400
Job 60: 188/400
Job 60: 189/400
Job 60: 190/400
Job 60: 191/400
Job 60: 192/400
Job 60: 193/400
Job 60: 194/400
Job 60: 195/400
Job 60: 196/400
Job 60: 197/400
Job 60: 198/400
Job 60: 199/400
Job 60: 200/400
Job 60: 201/400
Job 60: 202/400
Job 60: 203/400
Job 60: 204/400
Job 60: 205/400
Job 60: 206/400
Job 60: 207/400
Job 60: 208/400
Job 60: 209/400
Job 60: 210/400
Job 60: 211/400
Job 60: 212/400
Job 60: 213/400
Job 60: 214/400
Job 60: 215/400
Job 60: 216/400
Job 60: 217/400
Job 60: 218/400
Job 60: 219/400
Job 60: 220/400
Job 60: 221/400
Job 60: 222/400
Job 60: 223/400
Job 60: 224/400
Job 60: 225/400
Job 60: 226/400
Job 60: 227/400
Job 60: 228/400
Job 60: 229/400
Job 60: 230/400
Job 60: 231/400
Job 60: 232/400
Job 60: 233/400
Job 60: 234/400
Job 60: 235/400
Job 60: 236/400
Job 60: 237/400
Job 60: 238/400
Job 60: 239/400
Job 60: 240/400
Job 60: 241/400
Job 60: 242/400
Job 60: 243/400
Job 60: 244/400
Job 60: 245/400
Job 60: 246/400
Job 60: 247/400
Job 60: 248/400
Job 60: 249/400
Job 60: 250/400
Job 60: 251/400
Job 60: 252/400
Job 60: 253/400
Job 60: 254/400
Job 60: 255/400
Job 60: 256/400
Job 60: 257/400
Job 60: 258/400
Job 60: 259/400
Job 60: 260/400
Job 60: 261/400
Job 60: 262/400
Job 60: 263/400
Job 60: 264/400
Job 60: 265/400
Job 60: 266/400
Job 60: 267/400
Job 60: 268/400
Job 60: 269/400
Job 60: 270/400
Job 60: 271/400
Job 60: 272/400
Job 60: 273/400
Job 60: 274/400
Job 60: 275/400
Job 60: 276/400
Job 60: 277/400
Job 60: 278/400
Job 60: 279/400
Job 60: 280/400
Job 60: 281/400
Job 60: 282/400
Job 60: 283/400
Job 60: 284/400
Job 60: 285/400
Job 60: 286/400
Job 60: 287/400
Job 60: 288/400
Job 60: 289/400
Job 60: 290/400
Job 60: 291/400
Job 60: 292/400
Job 60: 293/400
Job 60: 294/400
Job 60: 295/400
Job 60: 296/400
Job 60: 297/400
Job 60: 298/400
Job 60: 299/400
Job 60: 300/400
Job 60: 301/400
Job 60: 302/400
Job 60: 303/400
Job 60: 304/400
Job 60: 305/400
Job 60: 306/400
Job 60: 307/400
Job 60: 308/400
Job 60: 309/400
Job 60: 310/400
Job 60: 311/400
Job 60: 312/400
Job 60: 313/400
Job 60: 314/400
Job 60: 315/400
Job 60: 316/400
Job 60: 317/400
Job 60: 318/400
Job 60: 319/400
Job 60: 320/400
Job 60: 321/400
Job 60: 322/400
Job 60: 323/400
Job 60: 324/400
Job 60: 325/400
Job 60: 326/400
Job 60: 327/400
Job 60: 328/400
Job 60: 329/400
Job 60: 330/400
Job 60: 331/400
Job 60: 332/400
Job 60: 333/400
Job 60: 334/400
Job 60: 335/400
Job 60: 336/400
Job 60: 337/400
Job 60: 338/400
Job 60: 339/400
Job 60: 340/400
Job 60: 341/400
Job 60: 342/400
Job 60: 343/400
Job 60: 344/400
Job 60: 345/400
Job 60: 346/400
Job 60: 347/400
Job 60: 348/400
Job 60: 349/400
Job 60: 350/400
Job 60: 351/400
Job 60: 352/400
Job 60: 353/400
Job 60: 354/400
Job 60: 355/400
Job 60: 356/400
Job 60: 357/400
Job 60: 358/400
Job 60: 359/400
Job 60: 360/400
Job 60: 361/400
Job 60: 362/400
Job 60: 363/400
Job 60: 364/400
Job 60: 365/400
Job 60: 366/400
Job 60: 367/400
Job 60: 368/400
Job 60: 369/400
Job 60: 370/400
Job 60: 371/400
Job 60: 372/400
Job 60: 373/400
Job 60: 374/400
Job 60: 375/400
Job 60: 376/400
Job 60: 377/400
Job 60: 378/400
Job 60: 379/400
Job 60: 380/400
Job 60: 381/400
Job 60: 382/400
Job 60: 383/400
Job 60: 384/400
Job 60: 385/400
Job 60: 386/400
Job 60: 387/400
Job 60: 388/400
Job 60: 389/400
Job 60: 390/400
Job 60: 391/400
Job 60: 392/400
Job 60: 393/400
Job 60: 394/400
Job 60: 395/400
Job 60: 396/400
Job 60: 397/400
Job 60: 398/400
Job 60: 399/400
Job 60: 400/400
