Registered S3 methods overwritten by 'susieSlide':
  method              from  
  coef.susie          susieR
  predict.susie       susieR
  print.summary.susie susieR
  summary.susie       susieR
Job 679: 1/400
Job 679: 2/400
Job 679: 3/400
Job 679: 4/400
Job 679: 5/400
Job 679: 6/400
Job 679: 7/400
Job 679: 8/400
Job 679: 9/400
Job 679: 10/400
Job 679: 11/400
Job 679: 12/400
Job 679: 13/400
Job 679: 14/400
Job 679: 15/400
Job 679: 16/400
Job 679: 17/400
Job 679: 18/400
Job 679: 19/400
Job 679: 20/400
Job 679: 21/400 ERROR: No .raw files found in temp_dir.
Job 679: 22/400 ERROR: No .raw files found in temp_dir.
Job 679: 23/400 ERROR: No .raw files found in temp_dir.
Job 679: 24/400 ERROR: No .raw files found in temp_dir.
Job 679: 25/400 ERROR: No .raw files found in temp_dir.
Job 679: 26/400 ERROR: No .raw files found in temp_dir.
Job 679: 27/400 ERROR: No .raw files found in temp_dir.
Job 679: 28/400 ERROR: No .raw files found in temp_dir.
Job 679: 29/400 ERROR: No .raw files found in temp_dir.
Job 679: 30/400 ERROR: No .raw files found in temp_dir.
Job 679: 31/400 ERROR: No .raw files found in temp_dir.
Job 679: 32/400 ERROR: No .raw files found in temp_dir.
Job 679: 33/400 ERROR: No .raw files found in temp_dir.
Job 679: 34/400 ERROR: No .raw files found in temp_dir.
Job 679: 35/400 ERROR: No .raw files found in temp_dir.
Job 679: 36/400 ERROR: No .raw files found in temp_dir.
Job 679: 37/400 ERROR: No .raw files found in temp_dir.
Job 679: 38/400 ERROR: No .raw files found in temp_dir.
Job 679: 39/400 ERROR: No .raw files found in temp_dir.
Job 679: 40/400 ERROR: No .raw files found in temp_dir.
Job 679: 41/400 ERROR: No .raw files found in temp_dir.
Job 679: 42/400 ERROR: No .raw files found in temp_dir.
Job 679: 43/400 ERROR: No .raw files found in temp_dir.
Job 679: 44/400 ERROR: No .raw files found in temp_dir.
Job 679: 45/400 ERROR: No .raw files found in temp_dir.
Job 679: 46/400 ERROR: No .raw files found in temp_dir.
Job 679: 47/400 ERROR: No .raw files found in temp_dir.
Job 679: 48/400 ERROR: No .raw files found in temp_dir.
Job 679: 49/400 ERROR: No .raw files found in temp_dir.
Job 679: 50/400 ERROR: No .raw files found in temp_dir.
Job 679: 51/400 ERROR: No .raw files found in temp_dir.
Job 679: 52/400 ERROR: No .raw files found in temp_dir.
Job 679: 53/400 ERROR: No .raw files found in temp_dir.
Job 679: 54/400 ERROR: No .raw files found in temp_dir.
Job 679: 55/400 ERROR: No .raw files found in temp_dir.
Job 679: 56/400 ERROR: No .raw files found in temp_dir.
Job 679: 57/400 ERROR: No .raw files found in temp_dir.
Job 679: 58/400 ERROR: No .raw files found in temp_dir.
Job 679: 59/400 ERROR: No .raw files found in temp_dir.
Job 679: 60/400 ERROR: No .raw files found in temp_dir.
Job 679: 61/400 ERROR: No .raw files found in temp_dir.
Job 679: 62/400 ERROR: No .raw files found in temp_dir.
Job 679: 63/400 ERROR: No .raw files found in temp_dir.
Job 679: 64/400 ERROR: No .raw files found in temp_dir.
Job 679: 65/400 ERROR: No .raw files found in temp_dir.
Job 679: 66/400 ERROR: No .raw files found in temp_dir.
Job 679: 67/400 ERROR: No .raw files found in temp_dir.
Job 679: 68/400 ERROR: No .raw files found in temp_dir.
Job 679: 69/400 ERROR: No .raw files found in temp_dir.
Job 679: 70/400 ERROR: No .raw files found in temp_dir.
Job 679: 71/400 ERROR: No .raw files found in temp_dir.
Job 679: 72/400 ERROR: No .raw files found in temp_dir.
Job 679: 73/400 ERROR: No .raw files found in temp_dir.
Job 679: 74/400 ERROR: No .raw files found in temp_dir.
Job 679: 75/400 ERROR: No .raw files found in temp_dir.
Job 679: 76/400 ERROR: No .raw files found in temp_dir.
Job 679: 77/400 ERROR: No .raw files found in temp_dir.
Job 679: 78/400 ERROR: No .raw files found in temp_dir.
Job 679: 79/400 ERROR: No .raw files found in temp_dir.
Job 679: 80/400 ERROR: No .raw files found in temp_dir.
Job 679: 81/400 ERROR: No .raw files found in temp_dir.
Job 679: 82/400 ERROR: No .raw files found in temp_dir.
Job 679: 83/400 ERROR: No .raw files found in temp_dir.
Job 679: 84/400 ERROR: No .raw files found in temp_dir.
Job 679: 85/400 ERROR: No .raw files found in temp_dir.
Job 679: 86/400 ERROR: No .raw files found in temp_dir.
Job 679: 87/400 ERROR: No .raw files found in temp_dir.
Job 679: 88/400 ERROR: No .raw files found in temp_dir.
Job 679: 89/400 ERROR: No .raw files found in temp_dir.
Job 679: 90/400 ERROR: No .raw files found in temp_dir.
Job 679: 91/400 ERROR: No .raw files found in temp_dir.
Job 679: 92/400 ERROR: No .raw files found in temp_dir.
Job 679: 93/400 ERROR: No .raw files found in temp_dir.
Job 679: 94/400 ERROR: No .raw files found in temp_dir.
Job 679: 95/400 ERROR: No .raw files found in temp_dir.
Job 679: 96/400 ERROR: No .raw files found in temp_dir.
Job 679: 97/400 ERROR: No .raw files found in temp_dir.
Job 679: 98/400 ERROR: No .raw files found in temp_dir.
Job 679: 99/400 ERROR: No .raw files found in temp_dir.
Job 679: 100/400 ERROR: No .raw files found in temp_dir.
Job 679: 101/400 ERROR: No .raw files found in temp_dir.
Job 679: 102/400 ERROR: No .raw files found in temp_dir.
Job 679: 103/400 ERROR: Not enough donors for the requested n.
Job 679: 104/400
Job 679: 105/400
Job 679: 106/400
Job 679: 107/400
Job 679: 108/400
Job 679: 109/400
Job 679: 110/400
Job 679: 111/400
Job 679: 112/400
Job 679: 113/400
Job 679: 114/400
Job 679: 115/400
Job 679: 116/400
Job 679: 117/400
Job 679: 118/400
Job 679: 119/400
Job 679: 120/400
Job 679: 121/400
Job 679: 122/400
Job 679: 123/400
Job 679: 124/400
Job 679: 125/400
Job 679: 126/400
Job 679: 127/400
Job 679: 128/400
Job 679: 129/400 ERROR: No .raw files found in temp_dir.
Job 679: 130/400 ERROR: No .raw files found in temp_dir.
Job 679: 131/400 ERROR: No .raw files found in temp_dir.
Job 679: 132/400 ERROR: No .raw files found in temp_dir.
Job 679: 133/400 ERROR: No .raw files found in temp_dir.
Job 679: 134/400 ERROR: No .raw files found in temp_dir.
Job 679: 135/400 ERROR: No .raw files found in temp_dir.
Job 679: 136/400 ERROR: No .raw files found in temp_dir.
Job 679: 137/400 ERROR: No .raw files found in temp_dir.
Job 679: 138/400 ERROR: No .raw files found in temp_dir.
Job 679: 139/400 ERROR: No .raw files found in temp_dir.
Job 679: 140/400 ERROR: No .raw files found in temp_dir.
Job 679: 141/400 ERROR: No .raw files found in temp_dir.
Job 679: 142/400 ERROR: No .raw files found in temp_dir.
Job 679: 143/400 ERROR: No .raw files found in temp_dir.
Job 679: 144/400 ERROR: No .raw files found in temp_dir.
Job 679: 145/400 ERROR: No .raw files found in temp_dir.
Job 679: 146/400 ERROR: No .raw files found in temp_dir.
Job 679: 147/400 ERROR: No .raw files found in temp_dir.
Job 679: 148/400 ERROR: No .raw files found in temp_dir.
Job 679: 149/400 ERROR: No .raw files found in temp_dir.
Job 679: 150/400 ERROR: No .raw files found in temp_dir.
Job 679: 151/400 ERROR: No .raw files found in temp_dir.
Job 679: 152/400 ERROR: No .raw files found in temp_dir.
Job 679: 153/400 ERROR: No .raw files found in temp_dir.
Job 679: 154/400 ERROR: No .raw files found in temp_dir.
Job 679: 155/400 ERROR: No .raw files found in temp_dir.
Job 679: 156/400 ERROR: No .raw files found in temp_dir.
Job 679: 157/400 ERROR: No .raw files found in temp_dir.
Job 679: 158/400 ERROR: No .raw files found in temp_dir.
Job 679: 159/400 ERROR: No .raw files found in temp_dir.
Job 679: 160/400 ERROR: No .raw files found in temp_dir.
Job 679: 161/400 ERROR: No .raw files found in temp_dir.
Job 679: 162/400 ERROR: No .raw files found in temp_dir.
Job 679: 163/400 ERROR: No .raw files found in temp_dir.
Job 679: 164/400 ERROR: No .raw files found in temp_dir.
Job 679: 165/400 ERROR: No .raw files found in temp_dir.
Job 679: 166/400 ERROR: No .raw files found in temp_dir.
Job 679: 167/400 ERROR: No .raw files found in temp_dir.
Job 679: 168/400 ERROR: No .raw files found in temp_dir.
Job 679: 169/400 ERROR: No .raw files found in temp_dir.
Job 679: 170/400 ERROR: No .raw files found in temp_dir.
Job 679: 171/400 ERROR: No .raw files found in temp_dir.
Job 679: 172/400 ERROR: No .raw files found in temp_dir.
Job 679: 173/400 ERROR: No .raw files found in temp_dir.
Job 679: 174/400 ERROR: No .raw files found in temp_dir.
Job 679: 175/400 ERROR: No .raw files found in temp_dir.
Job 679: 176/400 ERROR: No .raw files found in temp_dir.
Job 679: 177/400 ERROR: No .raw files found in temp_dir.
Job 679: 178/400 ERROR: No .raw files found in temp_dir.
Job 679: 179/400 ERROR: No .raw files found in temp_dir.
Job 679: 180/400 ERROR: No .raw files found in temp_dir.
Job 679: 181/400 ERROR: No .raw files found in temp_dir.
Job 679: 182/400 ERROR: No .raw files found in temp_dir.
Job 679: 183/400 ERROR: No .raw files found in temp_dir.
Job 679: 184/400 ERROR: No .raw files found in temp_dir.
Job 679: 185/400 ERROR: No .raw files found in temp_dir.
Job 679: 186/400 ERROR: No .raw files found in temp_dir.
Job 679: 187/400 ERROR: Not enough donors for the requested n.
Job 679: 188/400
Job 679: 189/400
Job 679: 190/400
Job 679: 191/400
Job 679: 192/400
Job 679: 193/400
Job 679: 194/400
Job 679: 195/400
Job 679: 196/400
Job 679: 197/400
Job 679: 198/400
Job 679: 199/400
Job 679: 200/400
Job 679: 201/400
Job 679: 202/400
Job 679: 203/400
Job 679: 204/400
Job 679: 205/400
Job 679: 206/400
Job 679: 207/400
Job 679: 208/400
Job 679: 209/400
Job 679: 210/400
Job 679: 211/400
Job 679: 212/400
Job 679: 213/400
Job 679: 214/400
Job 679: 215/400 ERROR: No .raw files found in temp_dir.
Job 679: 216/400 ERROR: No .raw files found in temp_dir.
Job 679: 217/400 ERROR: No .raw files found in temp_dir.
Job 679: 218/400 ERROR: No .raw files found in temp_dir.
Job 679: 219/400 ERROR: No .raw files found in temp_dir.
Job 679: 220/400 ERROR: No .raw files found in temp_dir.
Job 679: 221/400 ERROR: No .raw files found in temp_dir.
Job 679: 222/400 ERROR: No .raw files found in temp_dir.
Job 679: 223/400 ERROR: No .raw files found in temp_dir.
Job 679: 224/400 ERROR: No .raw files found in temp_dir.
Job 679: 225/400 ERROR: No .raw files found in temp_dir.
Job 679: 226/400 ERROR: No .raw files found in temp_dir.
Job 679: 227/400 ERROR: No .raw files found in temp_dir.
Job 679: 228/400 ERROR: No .raw files found in temp_dir.
Job 679: 229/400 ERROR: No .raw files found in temp_dir.
Job 679: 230/400 ERROR: No .raw files found in temp_dir.
Job 679: 231/400 ERROR: No .raw files found in temp_dir.
Job 679: 232/400 ERROR: No .raw files found in temp_dir.
Job 679: 233/400 ERROR: No .raw files found in temp_dir.
Job 679: 234/400 ERROR: No .raw files found in temp_dir.
Job 679: 235/400 ERROR: No .raw files found in temp_dir.
Job 679: 236/400 ERROR: No .raw files found in temp_dir.
Job 679: 237/400 ERROR: No .raw files found in temp_dir.
Job 679: 238/400 ERROR: No .raw files found in temp_dir.
Job 679: 239/400 ERROR: No .raw files found in temp_dir.
Job 679: 240/400 ERROR: No .raw files found in temp_dir.
Job 679: 241/400 ERROR: No .raw files found in temp_dir.
Job 679: 242/400 ERROR: No .raw files found in temp_dir.
Job 679: 243/400 ERROR: No .raw files found in temp_dir.
Job 679: 244/400 ERROR: No .raw files found in temp_dir.
Job 679: 245/400 ERROR: No .raw files found in temp_dir.
Job 679: 246/400 ERROR: No .raw files found in temp_dir.
Job 679: 247/400 ERROR: No .raw files found in temp_dir.
Job 679: 248/400 ERROR: No .raw files found in temp_dir.
Job 679: 249/400 ERROR: No .raw files found in temp_dir.
Job 679: 250/400 ERROR: No .raw files found in temp_dir.
Job 679: 251/400 ERROR: No .raw files found in temp_dir.
Job 679: 252/400 ERROR: No .raw files found in temp_dir.
Job 679: 253/400 ERROR: No .raw files found in temp_dir.
Job 679: 254/400 ERROR: No .raw files found in temp_dir.
Job 679: 255/400 ERROR: No .raw files found in temp_dir.
Job 679: 256/400 ERROR: No .raw files found in temp_dir.
Job 679: 257/400 ERROR: No .raw files found in temp_dir.
Job 679: 258/400 ERROR: No .raw files found in temp_dir.
Job 679: 259/400 ERROR: No .raw files found in temp_dir.
Job 679: 260/400 ERROR: No .raw files found in temp_dir.
Job 679: 261/400 ERROR: No .raw files found in temp_dir.
Job 679: 262/400 ERROR: No .raw files found in temp_dir.
Job 679: 263/400 ERROR: No .raw files found in temp_dir.
Job 679: 264/400 ERROR: No .raw files found in temp_dir.
Job 679: 265/400 ERROR: No .raw files found in temp_dir.
Job 679: 266/400 ERROR: No .raw files found in temp_dir.
Job 679: 267/400 ERROR: No .raw files found in temp_dir.
Job 679: 268/400 ERROR: No .raw files found in temp_dir.
Job 679: 269/400 ERROR: No .raw files found in temp_dir.
Job 679: 270/400 ERROR: No .raw files found in temp_dir.
Job 679: 271/400 ERROR: No .raw files found in temp_dir.
Job 679: 272/400 ERROR: No .raw files found in temp_dir.
Job 679: 273/400 ERROR: No .raw files found in temp_dir.
Job 679: 274/400 ERROR: No .raw files found in temp_dir.
Job 679: 275/400 ERROR: No .raw files found in temp_dir.
Job 679: 276/400 ERROR: No .raw files found in temp_dir.
Job 679: 277/400 ERROR: No .raw files found in temp_dir.
Job 679: 278/400 ERROR: No .raw files found in temp_dir.
Job 679: 279/400 ERROR: No .raw files found in temp_dir.
Job 679: 280/400 ERROR: No .raw files found in temp_dir.
Job 679: 281/400 ERROR: No .raw files found in temp_dir.
Job 679: 282/400 ERROR: No .raw files found in temp_dir.
Job 679: 283/400 ERROR: No .raw files found in temp_dir.
Job 679: 284/400 ERROR: No .raw files found in temp_dir.
Job 679: 285/400 ERROR: No .raw files found in temp_dir.
Job 679: 286/400 ERROR: No .raw files found in temp_dir.
Job 679: 287/400 ERROR: No .raw files found in temp_dir.
Job 679: 288/400 ERROR: No .raw files found in temp_dir.
Job 679: 289/400 ERROR: No .raw files found in temp_dir.
Job 679: 290/400 ERROR: No .raw files found in temp_dir.
Job 679: 291/400 ERROR: No .raw files found in temp_dir.
Job 679: 292/400 ERROR: No .raw files found in temp_dir.
Job 679: 293/400 ERROR: No .raw files found in temp_dir.
Job 679: 294/400 ERROR: No .raw files found in temp_dir.
Job 679: 295/400 ERROR: No .raw files found in temp_dir.
Job 679: 296/400 ERROR: No .raw files found in temp_dir.
Job 679: 297/400 ERROR: No .raw files found in temp_dir.
Job 679: 298/400 ERROR: No .raw files found in temp_dir.
Job 679: 299/400 ERROR: No .raw files found in temp_dir.
Job 679: 300/400 ERROR: No .raw files found in temp_dir.
Job 679: 301/400 ERROR: No .raw files found in temp_dir.
Job 679: 302/400 ERROR: No .raw files found in temp_dir.
Job 679: 303/400 ERROR: No .raw files found in temp_dir.
Job 679: 304/400 ERROR: No .raw files found in temp_dir.
Job 679: 305/400 ERROR: No .raw files found in temp_dir.
Job 679: 306/400 ERROR: No .raw files found in temp_dir.
Job 679: 307/400 ERROR: No .raw files found in temp_dir.
Job 679: 308/400 ERROR: No .raw files found in temp_dir.
Job 679: 309/400 ERROR: No .raw files found in temp_dir.
Job 679: 310/400 ERROR: No .raw files found in temp_dir.
Job 679: 311/400 ERROR: No .raw files found in temp_dir.
Job 679: 312/400 ERROR: No .raw files found in temp_dir.
Job 679: 313/400 ERROR: No .raw files found in temp_dir.
Job 679: 314/400 ERROR: No .raw files found in temp_dir.
Job 679: 315/400 ERROR: No .raw files found in temp_dir.
Job 679: 316/400 ERROR: No .raw files found in temp_dir.
Job 679: 317/400 ERROR: No .raw files found in temp_dir.
Job 679: 318/400 ERROR: No .raw files found in temp_dir.
Job 679: 319/400 ERROR: No .raw files found in temp_dir.
Job 679: 320/400 ERROR: No .raw files found in temp_dir.
Job 679: 321/400 ERROR: No .raw files found in temp_dir.
Job 679: 322/400 ERROR: No .raw files found in temp_dir.
Job 679: 323/400 ERROR: No .raw files found in temp_dir.
Job 679: 324/400 ERROR: No .raw files found in temp_dir.
Job 679: 325/400 ERROR: No .raw files found in temp_dir.
Job 679: 326/400 ERROR: No .raw files found in temp_dir.
Job 679: 327/400 ERROR: No .raw files found in temp_dir.
Job 679: 328/400 ERROR: No .raw files found in temp_dir.
Job 679: 329/400 ERROR: No .raw files found in temp_dir.
Job 679: 330/400 ERROR: No .raw files found in temp_dir.
Job 679: 331/400 ERROR: No .raw files found in temp_dir.
Job 679: 332/400 ERROR: No .raw files found in temp_dir.
Job 679: 333/400 ERROR: No .raw files found in temp_dir.
Job 679: 334/400 ERROR: No .raw files found in temp_dir.
Job 679: 335/400 ERROR: No .raw files found in temp_dir.
Job 679: 336/400 ERROR: No .raw files found in temp_dir.
Job 679: 337/400 ERROR: No .raw files found in temp_dir.
Job 679: 338/400 ERROR: No .raw files found in temp_dir.
Job 679: 339/400 ERROR: No .raw files found in temp_dir.
Job 679: 340/400 ERROR: No .raw files found in temp_dir.
Job 679: 341/400 ERROR: No .raw files found in temp_dir.
Job 679: 342/400 ERROR: No .raw files found in temp_dir.
Job 679: 343/400 ERROR: No .raw files found in temp_dir.
Job 679: 344/400 ERROR: No .raw files found in temp_dir.
Job 679: 345/400 ERROR: No .raw files found in temp_dir.
Job 679: 346/400 ERROR: No .raw files found in temp_dir.
Job 679: 347/400 ERROR: No .raw files found in temp_dir.
Job 679: 348/400 ERROR: No .raw files found in temp_dir.
Job 679: 349/400 ERROR: No .raw files found in temp_dir.
Job 679: 350/400 ERROR: No .raw files found in temp_dir.
Job 679: 351/400 ERROR: No .raw files found in temp_dir.
Job 679: 352/400 ERROR: No .raw files found in temp_dir.
Job 679: 353/400 ERROR: No .raw files found in temp_dir.
Job 679: 354/400 ERROR: No .raw files found in temp_dir.
Job 679: 355/400 ERROR: No .raw files found in temp_dir.
Job 679: 356/400 ERROR: No .raw files found in temp_dir.
Job 679: 357/400 ERROR: No .raw files found in temp_dir.
Job 679: 358/400 ERROR: No .raw files found in temp_dir.
Job 679: 359/400 ERROR: No .raw files found in temp_dir.
Job 679: 360/400 ERROR: No .raw files found in temp_dir.
Job 679: 361/400 ERROR: No .raw files found in temp_dir.
Job 679: 362/400 ERROR: No .raw files found in temp_dir.
Job 679: 363/400 ERROR: No .raw files found in temp_dir.
Job 679: 364/400 ERROR: No .raw files found in temp_dir.
Job 679: 365/400 ERROR: No .raw files found in temp_dir.
Job 679: 366/400 ERROR: No .raw files found in temp_dir.
Job 679: 367/400 ERROR: No .raw files found in temp_dir.
Job 679: 368/400 ERROR: No .raw files found in temp_dir.
Job 679: 369/400 ERROR: No .raw files found in temp_dir.
Job 679: 370/400 ERROR: No .raw files found in temp_dir.
Job 679: 371/400 ERROR: No .raw files found in temp_dir.
Job 679: 372/400 ERROR: No .raw files found in temp_dir.
Job 679: 373/400 ERROR: No .raw files found in temp_dir.
Job 679: 374/400 ERROR: No .raw files found in temp_dir.
Job 679: 375/400 ERROR: No .raw files found in temp_dir.
Job 679: 376/400 ERROR: No .raw files found in temp_dir.
Job 679: 377/400 ERROR: No .raw files found in temp_dir.
Job 679: 378/400 ERROR: No .raw files found in temp_dir.
Job 679: 379/400 ERROR: No .raw files found in temp_dir.
Job 679: 380/400 ERROR: No .raw files found in temp_dir.
Job 679: 381/400 ERROR: No .raw files found in temp_dir.
Job 679: 382/400 ERROR: No .raw files found in temp_dir.
Job 679: 383/400 ERROR: No .raw files found in temp_dir.
Job 679: 384/400 ERROR: No .raw files found in temp_dir.
Job 679: 385/400 ERROR: No .raw files found in temp_dir.
Job 679: 386/400 ERROR: No .raw files found in temp_dir.
Job 679: 387/400 ERROR: No .raw files found in temp_dir.
Job 679: 388/400 ERROR: No .raw files found in temp_dir.
Job 679: 389/400 ERROR: No .raw files found in temp_dir.
Job 679: 390/400 ERROR: No .raw files found in temp_dir.
Job 679: 391/400 ERROR: No .raw files found in temp_dir.
Job 679: 392/400 ERROR: No .raw files found in temp_dir.
Job 679: 393/400 ERROR: No .raw files found in temp_dir.
Job 679: 394/400 ERROR: No .raw files found in temp_dir.
Job 679: 395/400 ERROR: No .raw files found in temp_dir.
Job 679: 396/400 ERROR: No .raw files found in temp_dir.
Job 679: 397/400 ERROR: No .raw files found in temp_dir.
Job 679: 398/400 ERROR: No .raw files found in temp_dir.
Job 679: 399/400 ERROR: No .raw files found in temp_dir.
Job 679: 400/400 ERROR: No .raw files found in temp_dir.
Warning messages:
1: In data.table::fread(raw_file, data.table = FALSE) :
  Discarded single-line footer: <<0	GTEX-1399R	0	0	0	-9	2	2	2	2	2	0	2	2	2	2	1	2	1	2	2	2	2	2	1	2	2	2	2	2	2	2	2	2	0	2	0	2	1	2	1	2	1	0	2	2	2	1	2	2	2	2	2	2	1	2	2	2	2	2	2	0	2	2	2	2	2	1	2	2	2	2	1	2	2	2	2	2	2	1	2	2	2	0	2	2	2	2	2	2	2	2	2	2	2	2	0	1	2	2	2	2	2	2	2	2	2	2	2	2	0	2	2	2	2	2	2	2	2	1	2	2	2	2	2	2	2	2	2	2	2	2	1	2	2	0	2	2	2	2	1	2	1	2	0	2	0	2	1	2	2	2	2	2	2	2	2	2	2	2	2	2	2	1	1	2	2	1	2	2	1	1	2	2	2	2	2	2	1	2	2	2	2	2	2	2	2	2	2	2	2	2	2	2	2	2	2	1	2	2	2	2	2	2	2	2	2	2	2	2	2	2	1	2	2	1	2	2	2	2	2	2	2	2	2	2	2	2	2	2	2	2	2	2	2	2	2	2	2	1	2	2	2	2	2	>>
2: In data.table::fread(raw_file, data.table = FALSE) :
  Discarded single-line footer: <<0	GTEX-QLQ7	0	0	0	-9	2	2	2	2	2	0	2	2	2	2	2	2	2	0	2	2	2	2	2	2	2	2	2	2	2	2	2	2	0	2	0	2	2	2	0	2	2	0	2	2	2	2	2	2	2	2	2	2	0	2	2	2	2	2	2	0	2	2	2	2	2	2	2	2	2	2	2	2	2	2	2	2	2	2	2	2	2	0	2	2	2	2	2	2	2	2	2	2	2	2	0	2	2	2	2	2	2	2	2	2	2	2	2	2	0	2	2	2	0	2	2	2	2	2	2	2	2	2	1	2	2	2	2	2	2	2	2	0	2	0	2	2	2	2	0	2	0	2	0	0	0	2	2	2	2	2	2	2	2	2	2	2	2	2	2	2	2	2	2	2	2	2	2	2	2	2	2	2	2	2	2	2	2	2	2	2	2	2	2	2	2	2	2	2	2	2	2	0	2	2	2	2	2	2	2	2	2	2	2	2	2	2	2	2	2	2	2	2	2	2	2	2	2	2	2	2	2	2	2	2	2	2	2	2	2	2	2	2	2	2	2	2	2	2	2	2	2	2	2	2>>
3: In data.table::fread(raw_file, data.table = FALSE) :
  Discarded single-line footer: <<0	GTEX-14PKV	0	0	0	-9	2	2	1	2	2	2	2	2	2	2	2	2	2	2	2	2	2	2	2	2	2	2	2	1	1	2	2	2	2	2	1	2	2	2	2	1	2	2	2	2	1	2	2	2	2	2	2	2	2	2	2	2	1	2	2	2	2	2	2	2	2	2	2	2	2	2	2	2	2	2	2	2	2	2	2	2	2	1	2	2	2	2	2	2	2	2	2	2	2	2	2	2	2	2	1	2	2	2	2	2	2	2	2	1	2	1	2	2	2	2	2	2	2	2	2	2	2	2	2	2	2	2	2	2	2	1	2	2	2	2	2	2	2	2	2	1	2	2	2	2	2	2	2	2	2	2	2	2	1	2	1	1	2	2	2	2	2	2	2	2	2	2	2	2	1	2	2	1	1	2	2	2	2	2	2	2	2	2	2	2	2	2	2	2	2	2	2	2	1	0	2	2	2	2	2	2	2	2	1	2	2	2	2	2	2	2	2	1	2	2	2	2	2	2	0	2	2	2	2	2	2	2	1	2	2	2	2	2	2	2	2	2	2	2	2	2	2	2	2	>>
