Registered S3 methods overwritten by 'susieSlide':
  method              from  
  coef.susie          susieR
  predict.susie       susieR
  print.summary.susie susieR
  summary.susie       susieR
Job 161: 1/400
Job 161: 2/400
Job 161: 3/400
Job 161: 4/400
Job 161: 5/400
Job 161: 6/400
Job 161: 7/400
Job 161: 8/400
Job 161: 9/400
Job 161: 10/400
Job 161: 11/400
Job 161: 12/400
Job 161: 13/400
Job 161: 14/400
Job 161: 15/400
Job 161: 16/400
Job 161: 17/400
Job 161: 18/400
Job 161: 19/400
Job 161: 20/400
Job 161: 21/400
Job 161: 22/400
Job 161: 23/400
Job 161: 24/400
Job 161: 25/400
Job 161: 26/400
Job 161: 27/400
Job 161: 28/400
Job 161: 29/400
Job 161: 30/400
Job 161: 31/400
Job 161: 32/400
Job 161: 33/400
Job 161: 34/400
Job 161: 35/400
Job 161: 36/400
Job 161: 37/400
Job 161: 38/400
Job 161: 39/400
Job 161: 40/400
Job 161: 41/400
Job 161: 42/400
Job 161: 43/400
Job 161: 44/400
Job 161: 45/400
Job 161: 46/400
Job 161: 47/400
Job 161: 48/400
Job 161: 49/400
Job 161: 50/400
Job 161: 51/400
Job 161: 52/400
Job 161: 53/400
Job 161: 54/400
Job 161: 55/400
Job 161: 56/400
Job 161: 57/400
Job 161: 58/400
Job 161: 59/400
Job 161: 60/400
Job 161: 61/400
Job 161: 62/400
Job 161: 63/400
Job 161: 64/400
Job 161: 65/400
Job 161: 66/400
Job 161: 67/400
Job 161: 68/400
Job 161: 69/400
Job 161: 70/400
Job 161: 71/400
Job 161: 72/400
Job 161: 73/400
Job 161: 74/400
Job 161: 75/400
Job 161: 76/400
Job 161: 77/400
Job 161: 78/400
Job 161: 79/400
Job 161: 80/400
Job 161: 81/400
Job 161: 82/400
Job 161: 83/400
Job 161: 84/400
Job 161: 85/400
Job 161: 86/400
Job 161: 87/400
Job 161: 88/400
Job 161: 89/400
Job 161: 90/400
Job 161: 91/400
Job 161: 92/400
Job 161: 93/400
Job 161: 94/400
Job 161: 95/400
Job 161: 96/400
Job 161: 97/400
Job 161: 98/400
Job 161: 99/400
Job 161: 100/400
Job 161: 101/400
Job 161: 102/400
Job 161: 103/400
Job 161: 104/400
Job 161: 105/400
Job 161: 106/400
Job 161: 107/400
Job 161: 108/400
Job 161: 109/400
Job 161: 110/400
Job 161: 111/400
Job 161: 112/400
Job 161: 113/400
Job 161: 114/400
Job 161: 115/400
Job 161: 116/400
Job 161: 117/400
Job 161: 118/400
Job 161: 119/400
Job 161: 120/400
Job 161: 121/400
Job 161: 122/400
Job 161: 123/400
Job 161: 124/400
Job 161: 125/400
Job 161: 126/400
Job 161: 127/400
Job 161: 128/400
Job 161: 129/400
Job 161: 130/400
Job 161: 131/400
Job 161: 132/400
Job 161: 133/400
Job 161: 134/400
Job 161: 135/400
Job 161: 136/400
Job 161: 137/400
Job 161: 138/400
Job 161: 139/400
Job 161: 140/400
Job 161: 141/400
Job 161: 142/400
Job 161: 143/400
Job 161: 144/400
Job 161: 145/400
Job 161: 146/400
Job 161: 147/400
Job 161: 148/400
Job 161: 149/400
Job 161: 150/400
Job 161: 151/400
Job 161: 152/400
Job 161: 153/400
Job 161: 154/400
Job 161: 155/400
Job 161: 156/400
Job 161: 157/400
Job 161: 158/400
Job 161: 159/400
Job 161: 160/400
Job 161: 161/400
Job 161: 162/400
Job 161: 163/400
Job 161: 164/400
Job 161: 165/400
Job 161: 166/400
Job 161: 167/400
Job 161: 168/400
Job 161: 169/400
Job 161: 170/400
Job 161: 171/400
Job 161: 172/400
Job 161: 173/400
Job 161: 174/400
Job 161: 175/400
Job 161: 176/400
Job 161: 177/400
Job 161: 178/400
Job 161: 179/400
Job 161: 180/400
Job 161: 181/400
Job 161: 182/400
Job 161: 183/400
Job 161: 184/400
Job 161: 185/400
Job 161: 186/400
Job 161: 187/400
Job 161: 188/400
Job 161: 189/400
Job 161: 190/400
Job 161: 191/400
Job 161: 192/400
Job 161: 193/400
Job 161: 194/400
Job 161: 195/400
Job 161: 196/400
Job 161: 197/400
Job 161: 198/400
Job 161: 199/400
Job 161: 200/400
Job 161: 201/400
Job 161: 202/400
Job 161: 203/400
Job 161: 204/400
Job 161: 205/400
Job 161: 206/400
Job 161: 207/400
Job 161: 208/400
Job 161: 209/400
Job 161: 210/400
Job 161: 211/400
Job 161: 212/400
Job 161: 213/400
Job 161: 214/400
Job 161: 215/400
Job 161: 216/400
Job 161: 217/400
Job 161: 218/400
Job 161: 219/400
Job 161: 220/400
Job 161: 221/400
Job 161: 222/400
Job 161: 223/400
Job 161: 224/400
Job 161: 225/400
Job 161: 226/400
Job 161: 227/400
Job 161: 228/400
Job 161: 229/400
Job 161: 230/400
Job 161: 231/400
Job 161: 232/400
Job 161: 233/400
Job 161: 234/400
Job 161: 235/400
Job 161: 236/400
Job 161: 237/400
Job 161: 238/400
Job 161: 239/400
Job 161: 240/400
Job 161: 241/400
Job 161: 242/400
Job 161: 243/400
Job 161: 244/400
Job 161: 245/400
Job 161: 246/400
Job 161: 247/400
Job 161: 248/400
Job 161: 249/400
Job 161: 250/400
Job 161: 251/400
Job 161: 252/400
Job 161: 253/400
Job 161: 254/400
Job 161: 255/400
Job 161: 256/400
Job 161: 257/400
Job 161: 258/400
Job 161: 259/400
Job 161: 260/400
Job 161: 261/400
Job 161: 262/400
Job 161: 263/400
Job 161: 264/400
Job 161: 265/400
Job 161: 266/400
Job 161: 267/400
Job 161: 268/400
Job 161: 269/400
Job 161: 270/400
Job 161: 271/400
Job 161: 272/400
Job 161: 273/400
Job 161: 274/400
Job 161: 275/400
Job 161: 276/400
Job 161: 277/400
Job 161: 278/400
Job 161: 279/400
Job 161: 280/400
Job 161: 281/400
Job 161: 282/400
Job 161: 283/400
Job 161: 284/400
Job 161: 285/400
Job 161: 286/400
Job 161: 287/400
Job 161: 288/400
Job 161: 289/400
Job 161: 290/400
Job 161: 291/400
Job 161: 292/400
Job 161: 293/400
Job 161: 294/400
Job 161: 295/400
Job 161: 296/400
Job 161: 297/400
Job 161: 298/400
Job 161: 299/400
Job 161: 300/400
Job 161: 301/400
Job 161: 302/400
Job 161: 303/400
Job 161: 304/400
Job 161: 305/400
Job 161: 306/400
Job 161: 307/400
Job 161: 308/400
Job 161: 309/400
Job 161: 310/400
Job 161: 311/400
Job 161: 312/400
Job 161: 313/400
Job 161: 314/400
Job 161: 315/400
Job 161: 316/400
Job 161: 317/400
Job 161: 318/400
Job 161: 319/400
Job 161: 320/400
Job 161: 321/400
Job 161: 322/400
Job 161: 323/400
Job 161: 324/400
Job 161: 325/400
Job 161: 326/400
Job 161: 327/400
Job 161: 328/400
Job 161: 329/400
Job 161: 330/400
Job 161: 331/400
Job 161: 332/400
Job 161: 333/400
Job 161: 334/400
Job 161: 335/400
Job 161: 336/400
Job 161: 337/400
Job 161: 338/400
Job 161: 339/400
Job 161: 340/400
Job 161: 341/400
Job 161: 342/400
Job 161: 343/400
Job 161: 344/400
Job 161: 345/400
Job 161: 346/400
Job 161: 347/400
Job 161: 348/400
Job 161: 349/400
Job 161: 350/400
Job 161: 351/400
Job 161: 352/400
Job 161: 353/400
Job 161: 354/400
Job 161: 355/400
Job 161: 356/400
Job 161: 357/400
Job 161: 358/400
Job 161: 359/400
Job 161: 360/400
Job 161: 361/400
Job 161: 362/400
Job 161: 363/400
Job 161: 364/400
Job 161: 365/400
Job 161: 366/400
Job 161: 367/400
Job 161: 368/400
Job 161: 369/400
Job 161: 370/400
Job 161: 371/400
Job 161: 372/400
Job 161: 373/400
Job 161: 374/400
Job 161: 375/400
Job 161: 376/400
Job 161: 377/400
Job 161: 378/400
Job 161: 379/400
Job 161: 380/400
Job 161: 381/400
Job 161: 382/400
Job 161: 383/400
Job 161: 384/400
Job 161: 385/400
Job 161: 386/400
Job 161: 387/400
Job 161: 388/400
Job 161: 389/400
Job 161: 390/400
Job 161: 391/400
Job 161: 392/400
Job 161: 393/400
Job 161: 394/400
Job 161: 395/400
Job 161: 396/400
Job 161: 397/400
Job 161: 398/400
Job 161: 399/400
Job 161: 400/400
