Registered S3 methods overwritten by 'susieSlide':
  method              from  
  coef.susie          susieR
  predict.susie       susieR
  print.summary.susie susieR
  summary.susie       susieR
Job 194: 1/400
Job 194: 2/400
Job 194: 3/400
Job 194: 4/400
Job 194: 5/400
Job 194: 6/400
Job 194: 7/400
Job 194: 8/400
Job 194: 9/400
Job 194: 10/400
Job 194: 11/400
Job 194: 12/400
Job 194: 13/400
Job 194: 14/400
Job 194: 15/400
Job 194: 16/400
Job 194: 17/400
Job 194: 18/400
Job 194: 19/400
Job 194: 20/400
Job 194: 21/400
Job 194: 22/400
Job 194: 23/400
Job 194: 24/400
Job 194: 25/400
Job 194: 26/400
Job 194: 27/400
Job 194: 28/400
Job 194: 29/400
Job 194: 30/400
Job 194: 31/400
Job 194: 32/400
Job 194: 33/400
Job 194: 34/400
Job 194: 35/400
Job 194: 36/400
Job 194: 37/400
Job 194: 38/400
Job 194: 39/400
Job 194: 40/400
Job 194: 41/400
Job 194: 42/400
Job 194: 43/400
Job 194: 44/400
Job 194: 45/400
Job 194: 46/400
Job 194: 47/400
Job 194: 48/400
Job 194: 49/400
Job 194: 50/400
Job 194: 51/400
Job 194: 52/400
Job 194: 53/400
Job 194: 54/400
Job 194: 55/400
Job 194: 56/400
Job 194: 57/400
Job 194: 58/400
Job 194: 59/400
Job 194: 60/400
Job 194: 61/400
Job 194: 62/400
Job 194: 63/400
Job 194: 64/400
Job 194: 65/400
Job 194: 66/400
Job 194: 67/400
Job 194: 68/400
Job 194: 69/400
Job 194: 70/400
Job 194: 71/400
Job 194: 72/400
Job 194: 73/400
Job 194: 74/400
Job 194: 75/400
Job 194: 76/400
Job 194: 77/400
Job 194: 78/400
Job 194: 79/400
Job 194: 80/400
Job 194: 81/400
Job 194: 82/400
Job 194: 83/400
Job 194: 84/400
Job 194: 85/400
Job 194: 86/400
Job 194: 87/400
Job 194: 88/400
Job 194: 89/400
Job 194: 90/400
Job 194: 91/400
Job 194: 92/400
Job 194: 93/400
Job 194: 94/400
Job 194: 95/400
Job 194: 96/400
Job 194: 97/400
Job 194: 98/400
Job 194: 99/400
Job 194: 100/400
Job 194: 101/400
Job 194: 102/400
Job 194: 103/400
Job 194: 104/400
Job 194: 105/400
Job 194: 106/400
Job 194: 107/400
Job 194: 108/400
Job 194: 109/400
Job 194: 110/400
Job 194: 111/400
Job 194: 112/400
Job 194: 113/400
Job 194: 114/400
Job 194: 115/400
Job 194: 116/400
Job 194: 117/400
Job 194: 118/400
Job 194: 119/400
Job 194: 120/400
Job 194: 121/400
Job 194: 122/400
Job 194: 123/400
Job 194: 124/400
Job 194: 125/400
Job 194: 126/400
Job 194: 127/400
Job 194: 128/400
Job 194: 129/400
Job 194: 130/400
Job 194: 131/400
Job 194: 132/400
Job 194: 133/400
Job 194: 134/400
Job 194: 135/400
Job 194: 136/400
Job 194: 137/400
Job 194: 138/400
Job 194: 139/400
Job 194: 140/400
Job 194: 141/400
Job 194: 142/400
Job 194: 143/400
Job 194: 144/400
Job 194: 145/400
Job 194: 146/400
Job 194: 147/400
Job 194: 148/400
Job 194: 149/400
Job 194: 150/400
Job 194: 151/400
Job 194: 152/400
Job 194: 153/400
Job 194: 154/400
Job 194: 155/400
Job 194: 156/400
Job 194: 157/400
Job 194: 158/400
Job 194: 159/400
Job 194: 160/400
Job 194: 161/400
Job 194: 162/400
Job 194: 163/400
Job 194: 164/400
Job 194: 165/400
Job 194: 166/400
Job 194: 167/400
Job 194: 168/400
Job 194: 169/400
Job 194: 170/400
Job 194: 171/400
Job 194: 172/400
Job 194: 173/400
Job 194: 174/400
Job 194: 175/400
Job 194: 176/400
Job 194: 177/400
Job 194: 178/400
Job 194: 179/400
Job 194: 180/400
Job 194: 181/400
Job 194: 182/400
Job 194: 183/400
Job 194: 184/400
Job 194: 185/400
Job 194: 186/400
Job 194: 187/400
Job 194: 188/400
Job 194: 189/400
Job 194: 190/400
Job 194: 191/400
Job 194: 192/400
Job 194: 193/400
Job 194: 194/400
Job 194: 195/400
Job 194: 196/400
Job 194: 197/400
Job 194: 198/400
Job 194: 199/400
Job 194: 200/400
Job 194: 201/400
Job 194: 202/400
Job 194: 203/400
Job 194: 204/400
Job 194: 205/400
Job 194: 206/400
Job 194: 207/400
Job 194: 208/400
Job 194: 209/400
Job 194: 210/400
Job 194: 211/400
Job 194: 212/400
Job 194: 213/400
Job 194: 214/400
Job 194: 215/400
Job 194: 216/400
Job 194: 217/400
Job 194: 218/400
Job 194: 219/400
Job 194: 220/400
Job 194: 221/400
Job 194: 222/400
Job 194: 223/400
Job 194: 224/400
Job 194: 225/400
Job 194: 226/400
Job 194: 227/400
Job 194: 228/400
Job 194: 229/400
Job 194: 230/400
Job 194: 231/400
Job 194: 232/400
Job 194: 233/400
Job 194: 234/400
Job 194: 235/400
Job 194: 236/400
Job 194: 237/400
Job 194: 238/400
Job 194: 239/400
Job 194: 240/400
Job 194: 241/400
Job 194: 242/400
Job 194: 243/400
Job 194: 244/400
Job 194: 245/400
Job 194: 246/400
Job 194: 247/400
Job 194: 248/400
Job 194: 249/400
Job 194: 250/400
Job 194: 251/400
Job 194: 252/400
Job 194: 253/400
Job 194: 254/400
Job 194: 255/400
Job 194: 256/400
Job 194: 257/400
Job 194: 258/400
Job 194: 259/400
Job 194: 260/400
Job 194: 261/400
Job 194: 262/400
Job 194: 263/400
Job 194: 264/400
Job 194: 265/400
Job 194: 266/400
Job 194: 267/400
Job 194: 268/400
Job 194: 269/400
Job 194: 270/400
Job 194: 271/400
Job 194: 272/400
Job 194: 273/400
Job 194: 274/400
Job 194: 275/400
Job 194: 276/400
Job 194: 277/400
Job 194: 278/400
Job 194: 279/400
Job 194: 280/400
Job 194: 281/400
Job 194: 282/400
Job 194: 283/400
Job 194: 284/400
Job 194: 285/400
Job 194: 286/400
Job 194: 287/400
Job 194: 288/400
Job 194: 289/400
Job 194: 290/400
Job 194: 291/400
Job 194: 292/400
Job 194: 293/400
Job 194: 294/400
Job 194: 295/400
Job 194: 296/400
Job 194: 297/400
Job 194: 298/400
Job 194: 299/400
Job 194: 300/400
Job 194: 301/400
Job 194: 302/400
Job 194: 303/400
Job 194: 304/400
Job 194: 305/400
Job 194: 306/400
Job 194: 307/400
Job 194: 308/400
Job 194: 309/400
Job 194: 310/400
Job 194: 311/400
Job 194: 312/400
Job 194: 313/400
Job 194: 314/400
Job 194: 315/400
Job 194: 316/400
Job 194: 317/400
Job 194: 318/400
Job 194: 319/400
Job 194: 320/400
Job 194: 321/400
Job 194: 322/400
Job 194: 323/400
Job 194: 324/400
Job 194: 325/400
Job 194: 326/400
Job 194: 327/400
Job 194: 328/400
Job 194: 329/400
Job 194: 330/400
Job 194: 331/400
Job 194: 332/400
Job 194: 333/400
Job 194: 334/400
Job 194: 335/400
Job 194: 336/400
Job 194: 337/400
Job 194: 338/400
Job 194: 339/400
Job 194: 340/400
Job 194: 341/400
Job 194: 342/400
Job 194: 343/400
Job 194: 344/400
Job 194: 345/400
Job 194: 346/400
Job 194: 347/400
Job 194: 348/400
Job 194: 349/400
Job 194: 350/400
Job 194: 351/400
Job 194: 352/400
Job 194: 353/400
Job 194: 354/400
Job 194: 355/400
Job 194: 356/400
Job 194: 357/400
Job 194: 358/400
Job 194: 359/400
Job 194: 360/400
Job 194: 361/400
Job 194: 362/400
Job 194: 363/400
Job 194: 364/400
Job 194: 365/400
Job 194: 366/400
Job 194: 367/400
Job 194: 368/400
Job 194: 369/400
Job 194: 370/400
Job 194: 371/400
Job 194: 372/400
Job 194: 373/400
Job 194: 374/400
Job 194: 375/400
Job 194: 376/400
Job 194: 377/400
Job 194: 378/400
Job 194: 379/400
Job 194: 380/400
Job 194: 381/400
Job 194: 382/400
Job 194: 383/400
Job 194: 384/400
Job 194: 385/400
Job 194: 386/400
Job 194: 387/400
Job 194: 388/400
Job 194: 389/400
Job 194: 390/400
Job 194: 391/400
Job 194: 392/400
Job 194: 393/400
Job 194: 394/400
Job 194: 395/400
Job 194: 396/400
Job 194: 397/400
Job 194: 398/400
Job 194: 399/400
Job 194: 400/400
