Registered S3 methods overwritten by 'susieSlide':
  method              from  
  coef.susie          susieR
  predict.susie       susieR
  print.summary.susie susieR
  summary.susie       susieR
Job 457: 1/400
Job 457: 2/400
Job 457: 3/400
Job 457: 4/400
Job 457: 5/400
Job 457: 6/400
Job 457: 7/400
Job 457: 8/400
Job 457: 9/400
Job 457: 10/400
Job 457: 11/400
Job 457: 12/400
Job 457: 13/400
Job 457: 14/400
Job 457: 15/400
Job 457: 16/400
Job 457: 17/400
Job 457: 18/400
Job 457: 19/400
Job 457: 20/400
Job 457: 21/400
Job 457: 22/400
Job 457: 23/400
Job 457: 24/400
Job 457: 25/400
Job 457: 26/400
Job 457: 27/400
Job 457: 28/400
Job 457: 29/400
Job 457: 30/400
Job 457: 31/400
Job 457: 32/400
Job 457: 33/400
Job 457: 34/400
Job 457: 35/400
Job 457: 36/400
Job 457: 37/400
Job 457: 38/400
Job 457: 39/400
Job 457: 40/400
Job 457: 41/400
Job 457: 42/400
Job 457: 43/400
Job 457: 44/400
Job 457: 45/400
Job 457: 46/400
Job 457: 47/400
Job 457: 48/400
Job 457: 49/400
Job 457: 50/400
Job 457: 51/400
Job 457: 52/400
Job 457: 53/400
Job 457: 54/400
Job 457: 55/400
Job 457: 56/400
Job 457: 57/400
Job 457: 58/400
Job 457: 59/400
Job 457: 60/400
Job 457: 61/400
Job 457: 62/400
Job 457: 63/400
Job 457: 64/400
Job 457: 65/400
Job 457: 66/400
Job 457: 67/400
Job 457: 68/400
Job 457: 69/400
Job 457: 70/400
Job 457: 71/400
Job 457: 72/400
Job 457: 73/400
Job 457: 74/400
Job 457: 75/400
Job 457: 76/400
Job 457: 77/400
Job 457: 78/400
Job 457: 79/400
Job 457: 80/400
Job 457: 81/400
Job 457: 82/400
Job 457: 83/400
Job 457: 84/400
Job 457: 85/400
Job 457: 86/400
Job 457: 87/400
Job 457: 88/400
Job 457: 89/400
Job 457: 90/400
Job 457: 91/400
Job 457: 92/400
Job 457: 93/400
Job 457: 94/400
Job 457: 95/400
Job 457: 96/400
Job 457: 97/400
Job 457: 98/400
Job 457: 99/400
Job 457: 100/400
Job 457: 101/400
Job 457: 102/400
Job 457: 103/400
Job 457: 104/400
Job 457: 105/400
Job 457: 106/400
Job 457: 107/400
Job 457: 108/400
Job 457: 109/400
Job 457: 110/400
Job 457: 111/400
Job 457: 112/400
Job 457: 113/400
Job 457: 114/400
Job 457: 115/400
Job 457: 116/400
Job 457: 117/400
Job 457: 118/400
Job 457: 119/400
Job 457: 120/400
Job 457: 121/400
Job 457: 122/400
Job 457: 123/400
Job 457: 124/400
Job 457: 125/400
Job 457: 126/400
Job 457: 127/400
Job 457: 128/400
Job 457: 129/400
Job 457: 130/400
Job 457: 131/400
Job 457: 132/400
Job 457: 133/400
Job 457: 134/400
Job 457: 135/400
Job 457: 136/400
Job 457: 137/400
Job 457: 138/400
Job 457: 139/400
Job 457: 140/400
Job 457: 141/400
Job 457: 142/400
Job 457: 143/400
Job 457: 144/400
Job 457: 145/400
Job 457: 146/400
Job 457: 147/400
Job 457: 148/400
Job 457: 149/400
Job 457: 150/400
Job 457: 151/400
Job 457: 152/400
Job 457: 153/400
Job 457: 154/400
Job 457: 155/400
Job 457: 156/400
Job 457: 157/400
Job 457: 158/400
Job 457: 159/400
Job 457: 160/400
Job 457: 161/400
Job 457: 162/400
Job 457: 163/400
Job 457: 164/400
Job 457: 165/400
Job 457: 166/400
Job 457: 167/400
Job 457: 168/400
Job 457: 169/400
Job 457: 170/400
Job 457: 171/400
Job 457: 172/400
Job 457: 173/400
Job 457: 174/400
Job 457: 175/400
Job 457: 176/400
Job 457: 177/400
Job 457: 178/400
Job 457: 179/400
Job 457: 180/400
Job 457: 181/400
Job 457: 182/400
Job 457: 183/400
Job 457: 184/400
Job 457: 185/400
Job 457: 186/400
Job 457: 187/400
Job 457: 188/400
Job 457: 189/400
Job 457: 190/400
Job 457: 191/400
Job 457: 192/400
Job 457: 193/400
Job 457: 194/400
Job 457: 195/400
Job 457: 196/400
Job 457: 197/400
Job 457: 198/400
Job 457: 199/400
Job 457: 200/400
Job 457: 201/400
Job 457: 202/400
Job 457: 203/400
Job 457: 204/400
Job 457: 205/400
Job 457: 206/400
Job 457: 207/400
Job 457: 208/400
Job 457: 209/400
Job 457: 210/400
Job 457: 211/400
Job 457: 212/400
Job 457: 213/400
Job 457: 214/400
Job 457: 215/400
Job 457: 216/400
Job 457: 217/400
Job 457: 218/400
Job 457: 219/400
Job 457: 220/400
Job 457: 221/400
Job 457: 222/400
Job 457: 223/400
Job 457: 224/400
Job 457: 225/400
Job 457: 226/400
Job 457: 227/400
Job 457: 228/400
Job 457: 229/400
Job 457: 230/400
Job 457: 231/400
Job 457: 232/400
Job 457: 233/400
Job 457: 234/400
Job 457: 235/400
Job 457: 236/400
Job 457: 237/400
Job 457: 238/400
Job 457: 239/400
Job 457: 240/400
Job 457: 241/400
Job 457: 242/400
Job 457: 243/400
Job 457: 244/400
Job 457: 245/400
Job 457: 246/400
Job 457: 247/400
Job 457: 248/400
Job 457: 249/400
Job 457: 250/400
Job 457: 251/400
Job 457: 252/400
Job 457: 253/400
Job 457: 254/400
Job 457: 255/400
Job 457: 256/400
Job 457: 257/400
Job 457: 258/400
Job 457: 259/400
Job 457: 260/400
Job 457: 261/400
Job 457: 262/400
Job 457: 263/400
Job 457: 264/400
Job 457: 265/400
Job 457: 266/400
Job 457: 267/400
Job 457: 268/400
Job 457: 269/400
Job 457: 270/400
Job 457: 271/400
Job 457: 272/400
Job 457: 273/400
Job 457: 274/400
Job 457: 275/400
Job 457: 276/400
Job 457: 277/400
Job 457: 278/400
Job 457: 279/400
Job 457: 280/400
Job 457: 281/400
Job 457: 282/400
Job 457: 283/400
Job 457: 284/400
Job 457: 285/400
Job 457: 286/400
Job 457: 287/400
Job 457: 288/400
Job 457: 289/400
Job 457: 290/400
Job 457: 291/400
Job 457: 292/400
Job 457: 293/400
Job 457: 294/400
Job 457: 295/400
Job 457: 296/400
Job 457: 297/400
Job 457: 298/400
Job 457: 299/400
Job 457: 300/400
Job 457: 301/400
Job 457: 302/400
Job 457: 303/400
Job 457: 304/400
Job 457: 305/400
Job 457: 306/400
Job 457: 307/400
Job 457: 308/400
Job 457: 309/400
Job 457: 310/400
Job 457: 311/400
Job 457: 312/400
Job 457: 313/400
Job 457: 314/400
Job 457: 315/400
Job 457: 316/400
Job 457: 317/400
Job 457: 318/400
Job 457: 319/400
Job 457: 320/400
Job 457: 321/400
Job 457: 322/400
Job 457: 323/400
Job 457: 324/400
Job 457: 325/400
Job 457: 326/400
Job 457: 327/400
Job 457: 328/400
Job 457: 329/400
Job 457: 330/400
Job 457: 331/400
Job 457: 332/400
Job 457: 333/400
Job 457: 334/400
Job 457: 335/400
Job 457: 336/400
Job 457: 337/400
Job 457: 338/400
Job 457: 339/400
Job 457: 340/400
Job 457: 341/400
Job 457: 342/400
Job 457: 343/400
Job 457: 344/400
Job 457: 345/400
Job 457: 346/400
Job 457: 347/400
Job 457: 348/400
Job 457: 349/400
Job 457: 350/400
Job 457: 351/400
Job 457: 352/400
Job 457: 353/400
Job 457: 354/400
Job 457: 355/400
Job 457: 356/400
Job 457: 357/400
Job 457: 358/400
Job 457: 359/400
Job 457: 360/400
Job 457: 361/400
Job 457: 362/400
Job 457: 363/400
Job 457: 364/400
Job 457: 365/400
Job 457: 366/400
Job 457: 367/400
Job 457: 368/400
Job 457: 369/400
Job 457: 370/400
Job 457: 371/400
Job 457: 372/400
Job 457: 373/400
Job 457: 374/400
Job 457: 375/400
Job 457: 376/400
Job 457: 377/400
Job 457: 378/400
Job 457: 379/400
Job 457: 380/400
Job 457: 381/400
Job 457: 382/400
Job 457: 383/400
Job 457: 384/400
Job 457: 385/400
Job 457: 386/400
Job 457: 387/400
Job 457: 388/400
Job 457: 389/400
Job 457: 390/400
Job 457: 391/400
Job 457: 392/400
Job 457: 393/400
Job 457: 394/400
Job 457: 395/400
Job 457: 396/400
Job 457: 397/400
Job 457: 398/400
Job 457: 399/400
Job 457: 400/400
