Registered S3 methods overwritten by 'susieSlide':
  method              from  
  coef.susie          susieR
  predict.susie       susieR
  print.summary.susie susieR
  summary.susie       susieR
Job 178: 1/400
Job 178: 2/400
Job 178: 3/400
Job 178: 4/400
Job 178: 5/400
Job 178: 6/400
Job 178: 7/400
Job 178: 8/400
Job 178: 9/400
Job 178: 10/400
Job 178: 11/400
Job 178: 12/400
Job 178: 13/400
Job 178: 14/400
Job 178: 15/400
Job 178: 16/400
Job 178: 17/400
Job 178: 18/400
Job 178: 19/400
Job 178: 20/400
Job 178: 21/400
Job 178: 22/400
Job 178: 23/400
Job 178: 24/400
Job 178: 25/400
Job 178: 26/400
Job 178: 27/400
Job 178: 28/400
Job 178: 29/400
Job 178: 30/400
Job 178: 31/400
Job 178: 32/400
Job 178: 33/400
Job 178: 34/400
Job 178: 35/400
Job 178: 36/400
Job 178: 37/400
Job 178: 38/400
Job 178: 39/400
Job 178: 40/400
Job 178: 41/400
Job 178: 42/400
Job 178: 43/400
Job 178: 44/400
Job 178: 45/400
Job 178: 46/400
Job 178: 47/400
Job 178: 48/400
Job 178: 49/400
Job 178: 50/400
Job 178: 51/400
Job 178: 52/400
Job 178: 53/400
Job 178: 54/400
Job 178: 55/400
Job 178: 56/400
Job 178: 57/400
Job 178: 58/400
Job 178: 59/400
Job 178: 60/400
Job 178: 61/400
Job 178: 62/400
Job 178: 63/400
Job 178: 64/400
Job 178: 65/400
Job 178: 66/400
Job 178: 67/400
Job 178: 68/400
Job 178: 69/400
Job 178: 70/400
Job 178: 71/400
Job 178: 72/400
Job 178: 73/400
Job 178: 74/400
Job 178: 75/400
Job 178: 76/400
Job 178: 77/400
Job 178: 78/400
Job 178: 79/400
Job 178: 80/400
Job 178: 81/400
Job 178: 82/400
Job 178: 83/400
Job 178: 84/400
Job 178: 85/400
Job 178: 86/400
Job 178: 87/400
Job 178: 88/400
Job 178: 89/400
Job 178: 90/400
Job 178: 91/400
Job 178: 92/400
Job 178: 93/400
Job 178: 94/400
Job 178: 95/400
Job 178: 96/400
Job 178: 97/400
Job 178: 98/400
Job 178: 99/400
Job 178: 100/400
Job 178: 101/400
Job 178: 102/400
Job 178: 103/400
Job 178: 104/400
Job 178: 105/400
Job 178: 106/400
Job 178: 107/400
Job 178: 108/400
Job 178: 109/400
Job 178: 110/400
Job 178: 111/400
Job 178: 112/400
Job 178: 113/400
Job 178: 114/400
Job 178: 115/400
Job 178: 116/400
Job 178: 117/400
Job 178: 118/400
Job 178: 119/400
Job 178: 120/400
Job 178: 121/400
Job 178: 122/400
Job 178: 123/400
Job 178: 124/400
Job 178: 125/400
Job 178: 126/400
Job 178: 127/400
Job 178: 128/400
Job 178: 129/400
Job 178: 130/400
Job 178: 131/400
Job 178: 132/400
Job 178: 133/400
Job 178: 134/400
Job 178: 135/400
Job 178: 136/400
Job 178: 137/400
Job 178: 138/400
Job 178: 139/400
Job 178: 140/400
Job 178: 141/400
Job 178: 142/400
Job 178: 143/400
Job 178: 144/400
Job 178: 145/400
Job 178: 146/400
Job 178: 147/400
Job 178: 148/400
Job 178: 149/400
Job 178: 150/400
Job 178: 151/400
Job 178: 152/400
Job 178: 153/400
Job 178: 154/400
Job 178: 155/400
Job 178: 156/400
Job 178: 157/400
Job 178: 158/400
Job 178: 159/400
Job 178: 160/400
Job 178: 161/400
Job 178: 162/400
Job 178: 163/400
Job 178: 164/400
Job 178: 165/400
Job 178: 166/400
Job 178: 167/400
Job 178: 168/400
Job 178: 169/400
Job 178: 170/400
Job 178: 171/400
Job 178: 172/400
Job 178: 173/400
Job 178: 174/400
Job 178: 175/400
Job 178: 176/400
Job 178: 177/400
Job 178: 178/400
Job 178: 179/400
Job 178: 180/400
Job 178: 181/400
Job 178: 182/400
Job 178: 183/400
Job 178: 184/400
Job 178: 185/400
Job 178: 186/400
Job 178: 187/400
Job 178: 188/400
Job 178: 189/400
Job 178: 190/400
Job 178: 191/400
Job 178: 192/400
Job 178: 193/400
Job 178: 194/400
Job 178: 195/400
Job 178: 196/400
Job 178: 197/400
Job 178: 198/400
Job 178: 199/400
Job 178: 200/400
Job 178: 201/400
Job 178: 202/400
Job 178: 203/400
Job 178: 204/400
Job 178: 205/400
Job 178: 206/400
Job 178: 207/400
Job 178: 208/400
Job 178: 209/400
Job 178: 210/400
Job 178: 211/400
Job 178: 212/400
Job 178: 213/400
Job 178: 214/400
Job 178: 215/400
Job 178: 216/400
Job 178: 217/400
Job 178: 218/400
Job 178: 219/400
Job 178: 220/400
Job 178: 221/400
Job 178: 222/400
Job 178: 223/400
Job 178: 224/400
Job 178: 225/400
Job 178: 226/400
Job 178: 227/400
Job 178: 228/400
Job 178: 229/400
Job 178: 230/400
Job 178: 231/400
Job 178: 232/400
Job 178: 233/400
Job 178: 234/400
Job 178: 235/400
Job 178: 236/400
Job 178: 237/400
Job 178: 238/400
Job 178: 239/400
Job 178: 240/400
Job 178: 241/400
Job 178: 242/400
Job 178: 243/400
Job 178: 244/400
Job 178: 245/400
Job 178: 246/400
Job 178: 247/400
Job 178: 248/400
Job 178: 249/400
Job 178: 250/400
Job 178: 251/400
Job 178: 252/400
Job 178: 253/400
Job 178: 254/400
Job 178: 255/400
Job 178: 256/400
Job 178: 257/400
Job 178: 258/400
Job 178: 259/400
Job 178: 260/400
Job 178: 261/400
Job 178: 262/400
Job 178: 263/400
Job 178: 264/400
Job 178: 265/400
Job 178: 266/400
Job 178: 267/400
Job 178: 268/400
Job 178: 269/400
Job 178: 270/400
Job 178: 271/400
Job 178: 272/400
Job 178: 273/400
Job 178: 274/400
Job 178: 275/400
Job 178: 276/400
Job 178: 277/400
Job 178: 278/400
Job 178: 279/400
Job 178: 280/400
Job 178: 281/400
Job 178: 282/400
Job 178: 283/400
Job 178: 284/400
Job 178: 285/400
Job 178: 286/400
Job 178: 287/400
Job 178: 288/400
Job 178: 289/400
Job 178: 290/400
Job 178: 291/400
Job 178: 292/400
Job 178: 293/400
Job 178: 294/400
Job 178: 295/400
Job 178: 296/400
Job 178: 297/400
Job 178: 298/400
Job 178: 299/400
Job 178: 300/400
Job 178: 301/400
Job 178: 302/400
Job 178: 303/400
Job 178: 304/400
Job 178: 305/400
Job 178: 306/400
Job 178: 307/400
Job 178: 308/400
Job 178: 309/400
Job 178: 310/400
Job 178: 311/400
Job 178: 312/400
Job 178: 313/400
Job 178: 314/400
Job 178: 315/400
Job 178: 316/400
Job 178: 317/400
Job 178: 318/400
Job 178: 319/400
Job 178: 320/400
Job 178: 321/400
Job 178: 322/400
Job 178: 323/400
Job 178: 324/400
Job 178: 325/400
Job 178: 326/400
Job 178: 327/400
Job 178: 328/400
Job 178: 329/400
Job 178: 330/400
Job 178: 331/400
Job 178: 332/400
Job 178: 333/400
Job 178: 334/400
Job 178: 335/400
Job 178: 336/400
Job 178: 337/400
Job 178: 338/400
Job 178: 339/400
Job 178: 340/400
Job 178: 341/400
Job 178: 342/400
Job 178: 343/400
Job 178: 344/400
Job 178: 345/400
Job 178: 346/400
Job 178: 347/400
Job 178: 348/400
Job 178: 349/400
Job 178: 350/400
Job 178: 351/400
Job 178: 352/400
Job 178: 353/400
Job 178: 354/400
Job 178: 355/400
Job 178: 356/400
Job 178: 357/400
Job 178: 358/400
Job 178: 359/400
Job 178: 360/400
Job 178: 361/400
Job 178: 362/400
Job 178: 363/400
Job 178: 364/400
Job 178: 365/400
Job 178: 366/400
Job 178: 367/400
Job 178: 368/400
Job 178: 369/400
Job 178: 370/400
Job 178: 371/400
Job 178: 372/400
Job 178: 373/400
Job 178: 374/400
Job 178: 375/400
Job 178: 376/400
Job 178: 377/400
Job 178: 378/400
Job 178: 379/400
Job 178: 380/400
Job 178: 381/400
Job 178: 382/400
Job 178: 383/400
Job 178: 384/400
Job 178: 385/400
Job 178: 386/400
Job 178: 387/400
Job 178: 388/400
Job 178: 389/400
Job 178: 390/400
Job 178: 391/400
Job 178: 392/400
Job 178: 393/400
Job 178: 394/400
Job 178: 395/400
Job 178: 396/400
Job 178: 397/400
Job 178: 398/400
Job 178: 399/400
Job 178: 400/400
