Registered S3 methods overwritten by 'susieSlide':
  method              from  
  coef.susie          susieR
  predict.susie       susieR
  print.summary.susie susieR
  summary.susie       susieR
Job 269: 1/400
Job 269: 2/400
Job 269: 3/400
Job 269: 4/400
Job 269: 5/400
Job 269: 6/400
Job 269: 7/400
Job 269: 8/400
Job 269: 9/400
Job 269: 10/400
Job 269: 11/400
Job 269: 12/400
Job 269: 13/400
Job 269: 14/400
Job 269: 15/400
Job 269: 16/400
Job 269: 17/400
Job 269: 18/400
Job 269: 19/400
Job 269: 20/400
Job 269: 21/400
Job 269: 22/400
Job 269: 23/400
Job 269: 24/400
Job 269: 25/400
Job 269: 26/400
Job 269: 27/400
Job 269: 28/400
Job 269: 29/400
Job 269: 30/400
Job 269: 31/400
Job 269: 32/400
Job 269: 33/400
Job 269: 34/400
Job 269: 35/400
Job 269: 36/400
Job 269: 37/400
Job 269: 38/400
Job 269: 39/400
Job 269: 40/400
Job 269: 41/400
Job 269: 42/400
Job 269: 43/400
Job 269: 44/400
Job 269: 45/400
Job 269: 46/400
Job 269: 47/400
Job 269: 48/400
Job 269: 49/400
Job 269: 50/400
Job 269: 51/400
Job 269: 52/400
Job 269: 53/400
Job 269: 54/400
Job 269: 55/400
Job 269: 56/400
Job 269: 57/400
Job 269: 58/400
Job 269: 59/400
Job 269: 60/400
Job 269: 61/400
Job 269: 62/400
Job 269: 63/400
Job 269: 64/400
Job 269: 65/400
Job 269: 66/400
Job 269: 67/400
Job 269: 68/400
Job 269: 69/400
Job 269: 70/400
Job 269: 71/400
Job 269: 72/400
Job 269: 73/400
Job 269: 74/400
Job 269: 75/400
Job 269: 76/400
Job 269: 77/400
Job 269: 78/400
Job 269: 79/400
Job 269: 80/400
Job 269: 81/400
Job 269: 82/400
Job 269: 83/400
Job 269: 84/400
Job 269: 85/400
Job 269: 86/400
Job 269: 87/400
Job 269: 88/400
Job 269: 89/400
Job 269: 90/400
Job 269: 91/400
Job 269: 92/400
Job 269: 93/400
Job 269: 94/400
Job 269: 95/400
Job 269: 96/400
Job 269: 97/400
Job 269: 98/400
Job 269: 99/400
Job 269: 100/400
Job 269: 101/400
Job 269: 102/400
Job 269: 103/400
Job 269: 104/400
Job 269: 105/400
Job 269: 106/400
Job 269: 107/400
Job 269: 108/400
Job 269: 109/400
Job 269: 110/400
Job 269: 111/400
Job 269: 112/400
Job 269: 113/400
Job 269: 114/400
Job 269: 115/400
Job 269: 116/400
Job 269: 117/400
Job 269: 118/400
Job 269: 119/400
Job 269: 120/400
Job 269: 121/400
Job 269: 122/400
Job 269: 123/400
Job 269: 124/400
Job 269: 125/400
Job 269: 126/400
Job 269: 127/400
Job 269: 128/400
Job 269: 129/400
Job 269: 130/400
Job 269: 131/400
Job 269: 132/400
Job 269: 133/400
Job 269: 134/400
Job 269: 135/400
Job 269: 136/400
Job 269: 137/400
Job 269: 138/400
Job 269: 139/400
Job 269: 140/400
Job 269: 141/400
Job 269: 142/400
Job 269: 143/400
Job 269: 144/400
Job 269: 145/400
Job 269: 146/400
Job 269: 147/400
Job 269: 148/400
Job 269: 149/400
Job 269: 150/400
Job 269: 151/400
Job 269: 152/400
Job 269: 153/400
Job 269: 154/400
Job 269: 155/400
Job 269: 156/400
Job 269: 157/400
Job 269: 158/400
Job 269: 159/400
Job 269: 160/400
Job 269: 161/400
Job 269: 162/400
Job 269: 163/400
Job 269: 164/400
Job 269: 165/400
Job 269: 166/400
Job 269: 167/400
Job 269: 168/400
Job 269: 169/400
Job 269: 170/400
Job 269: 171/400
Job 269: 172/400
Job 269: 173/400
Job 269: 174/400
Job 269: 175/400
Job 269: 176/400
Job 269: 177/400
Job 269: 178/400
Job 269: 179/400
Job 269: 180/400
Job 269: 181/400
Job 269: 182/400
Job 269: 183/400
Job 269: 184/400
Job 269: 185/400
Job 269: 186/400
Job 269: 187/400
Job 269: 188/400
Job 269: 189/400
Job 269: 190/400
Job 269: 191/400
Job 269: 192/400
Job 269: 193/400
Job 269: 194/400
Job 269: 195/400
Job 269: 196/400
Job 269: 197/400
Job 269: 198/400
Job 269: 199/400
Job 269: 200/400
Job 269: 201/400
Job 269: 202/400
Job 269: 203/400
Job 269: 204/400
Job 269: 205/400
Job 269: 206/400
Job 269: 207/400
Job 269: 208/400
Job 269: 209/400
Job 269: 210/400
Job 269: 211/400
Job 269: 212/400
Job 269: 213/400
Job 269: 214/400
Job 269: 215/400
Job 269: 216/400
Job 269: 217/400
Job 269: 218/400
Job 269: 219/400
Job 269: 220/400
Job 269: 221/400
Job 269: 222/400
Job 269: 223/400
Job 269: 224/400
Job 269: 225/400
Job 269: 226/400
Job 269: 227/400
Job 269: 228/400
Job 269: 229/400
Job 269: 230/400
Job 269: 231/400
Job 269: 232/400
Job 269: 233/400
Job 269: 234/400
Job 269: 235/400
Job 269: 236/400
Job 269: 237/400
Job 269: 238/400
Job 269: 239/400
Job 269: 240/400
Job 269: 241/400
Job 269: 242/400
Job 269: 243/400
Job 269: 244/400
Job 269: 245/400
Job 269: 246/400
Job 269: 247/400
Job 269: 248/400
Job 269: 249/400
Job 269: 250/400
Job 269: 251/400
Job 269: 252/400
Job 269: 253/400
Job 269: 254/400
Job 269: 255/400
Job 269: 256/400
Job 269: 257/400
Job 269: 258/400
Job 269: 259/400
Job 269: 260/400
Job 269: 261/400
Job 269: 262/400
Job 269: 263/400
Job 269: 264/400
Job 269: 265/400
Job 269: 266/400
Job 269: 267/400
Job 269: 268/400
Job 269: 269/400
Job 269: 270/400
Job 269: 271/400
Job 269: 272/400
Job 269: 273/400
Job 269: 274/400
Job 269: 275/400
Job 269: 276/400
Job 269: 277/400
Job 269: 278/400
Job 269: 279/400
Job 269: 280/400
Job 269: 281/400
Job 269: 282/400
Job 269: 283/400
Job 269: 284/400
Job 269: 285/400
Job 269: 286/400
Job 269: 287/400
Job 269: 288/400
Job 269: 289/400
Job 269: 290/400
Job 269: 291/400
Job 269: 292/400
Job 269: 293/400
Job 269: 294/400
Job 269: 295/400
Job 269: 296/400
Job 269: 297/400
Job 269: 298/400
Job 269: 299/400
Job 269: 300/400
Job 269: 301/400
Job 269: 302/400
Job 269: 303/400
Job 269: 304/400
Job 269: 305/400
Job 269: 306/400
Job 269: 307/400
Job 269: 308/400
Job 269: 309/400
Job 269: 310/400
Job 269: 311/400
Job 269: 312/400
Job 269: 313/400
Job 269: 314/400
Job 269: 315/400
Job 269: 316/400
Job 269: 317/400
Job 269: 318/400
Job 269: 319/400
Job 269: 320/400
Job 269: 321/400
Job 269: 322/400
Job 269: 323/400
Job 269: 324/400
Job 269: 325/400
Job 269: 326/400
Job 269: 327/400
Job 269: 328/400
Job 269: 329/400
Job 269: 330/400
Job 269: 331/400
Job 269: 332/400
Job 269: 333/400
Job 269: 334/400
Job 269: 335/400
Job 269: 336/400
Job 269: 337/400
Job 269: 338/400
Job 269: 339/400
Job 269: 340/400
Job 269: 341/400
Job 269: 342/400
Job 269: 343/400
Job 269: 344/400
Job 269: 345/400
Job 269: 346/400
Job 269: 347/400
Job 269: 348/400
Job 269: 349/400
Job 269: 350/400
Job 269: 351/400
Job 269: 352/400
Job 269: 353/400
Job 269: 354/400
Job 269: 355/400
Job 269: 356/400
Job 269: 357/400
Job 269: 358/400
Job 269: 359/400
Job 269: 360/400
Job 269: 361/400
Job 269: 362/400
Job 269: 363/400
Job 269: 364/400
Job 269: 365/400
Job 269: 366/400
Job 269: 367/400
Job 269: 368/400
Job 269: 369/400
Job 269: 370/400
Job 269: 371/400
Job 269: 372/400
Job 269: 373/400
Job 269: 374/400
Job 269: 375/400
Job 269: 376/400
Job 269: 377/400
Job 269: 378/400
Job 269: 379/400
Job 269: 380/400
Job 269: 381/400
Job 269: 382/400
Job 269: 383/400
Job 269: 384/400
Job 269: 385/400
Job 269: 386/400
Job 269: 387/400
Job 269: 388/400
Job 269: 389/400
Job 269: 390/400
Job 269: 391/400
Job 269: 392/400
Job 269: 393/400
Job 269: 394/400
Job 269: 395/400
Job 269: 396/400
Job 269: 397/400
Job 269: 398/400
Job 269: 399/400
Job 269: 400/400
