Registered S3 methods overwritten by 'susieSlide':
  method              from  
  coef.susie          susieR
  predict.susie       susieR
  print.summary.susie susieR
  summary.susie       susieR
Job 625: 1/400
Job 625: 2/400
Job 625: 3/400
Job 625: 4/400
Job 625: 5/400
Job 625: 6/400
Job 625: 7/400
Job 625: 8/400
Job 625: 9/400
Job 625: 10/400
Job 625: 11/400
Job 625: 12/400
Job 625: 13/400
Job 625: 14/400
Job 625: 15/400
Job 625: 16/400
Job 625: 17/400 ERROR: No .raw files found in temp_dir.
Job 625: 18/400 ERROR: No .raw files found in temp_dir.
Job 625: 19/400 ERROR: No .raw files found in temp_dir.
Job 625: 20/400 ERROR: No .raw files found in temp_dir.
Job 625: 21/400 ERROR: No .raw files found in temp_dir.
Job 625: 22/400 ERROR: No .raw files found in temp_dir.
Job 625: 23/400 ERROR: No .raw files found in temp_dir.
Job 625: 24/400 ERROR: No .raw files found in temp_dir.
Job 625: 25/400 ERROR: No .raw files found in temp_dir.
Job 625: 26/400 ERROR: No .raw files found in temp_dir.
Job 625: 27/400 ERROR: No .raw files found in temp_dir.
Job 625: 28/400 ERROR: No .raw files found in temp_dir.
Job 625: 29/400 ERROR: No .raw files found in temp_dir.
Job 625: 30/400 ERROR: No .raw files found in temp_dir.
Job 625: 31/400 ERROR: No .raw files found in temp_dir.
Job 625: 32/400 ERROR: No .raw files found in temp_dir.
Job 625: 33/400 ERROR: No .raw files found in temp_dir.
Job 625: 34/400 ERROR: No .raw files found in temp_dir.
Job 625: 35/400 ERROR: No .raw files found in temp_dir.
Job 625: 36/400 ERROR: No .raw files found in temp_dir.
Job 625: 37/400 ERROR: No .raw files found in temp_dir.
Job 625: 38/400 ERROR: No .raw files found in temp_dir.
Job 625: 39/400 ERROR: No .raw files found in temp_dir.
Job 625: 40/400 ERROR: No .raw files found in temp_dir.
Job 625: 41/400 ERROR: No .raw files found in temp_dir.
Job 625: 42/400 ERROR: No .raw files found in temp_dir.
Job 625: 43/400 ERROR: No .raw files found in temp_dir.
Job 625: 44/400 ERROR: No .raw files found in temp_dir.
Job 625: 45/400 ERROR: No .raw files found in temp_dir.
Job 625: 46/400 ERROR: No .raw files found in temp_dir.
Job 625: 47/400 ERROR: No .raw files found in temp_dir.
Job 625: 48/400 ERROR: No .raw files found in temp_dir.
Job 625: 49/400 ERROR: No .raw files found in temp_dir.
Job 625: 50/400 ERROR: No .raw files found in temp_dir.
Job 625: 51/400 ERROR: No .raw files found in temp_dir.
Job 625: 52/400 ERROR: No .raw files found in temp_dir.
Job 625: 53/400 ERROR: No .raw files found in temp_dir.
Job 625: 54/400 ERROR: No .raw files found in temp_dir.
Job 625: 55/400 ERROR: No .raw files found in temp_dir.
Job 625: 56/400 ERROR: No .raw files found in temp_dir.
Job 625: 57/400 ERROR: No .raw files found in temp_dir.
Job 625: 58/400 ERROR: No .raw files found in temp_dir.
Job 625: 59/400 ERROR: No .raw files found in temp_dir.
Job 625: 60/400 ERROR: No .raw files found in temp_dir.
Job 625: 61/400 ERROR: No .raw files found in temp_dir.
Job 625: 62/400 ERROR: No .raw files found in temp_dir.
Job 625: 63/400 ERROR: No .raw files found in temp_dir.
Job 625: 64/400 ERROR: No .raw files found in temp_dir.
Job 625: 65/400 ERROR: No .raw files found in temp_dir.
Job 625: 66/400 ERROR: No .raw files found in temp_dir.
Job 625: 67/400 ERROR: No .raw files found in temp_dir.
Job 625: 68/400 ERROR: No .raw files found in temp_dir.
Job 625: 69/400 ERROR: No .raw files found in temp_dir.
Job 625: 70/400 ERROR: No .raw files found in temp_dir.
Job 625: 71/400 ERROR: No .raw files found in temp_dir.
Job 625: 72/400 ERROR: No .raw files found in temp_dir.
Job 625: 73/400 ERROR: No .raw files found in temp_dir.
Job 625: 74/400 ERROR: No .raw files found in temp_dir.
Job 625: 75/400 ERROR: No .raw files found in temp_dir.
Job 625: 76/400 ERROR: No .raw files found in temp_dir.
Job 625: 77/400 ERROR: No .raw files found in temp_dir.
Job 625: 78/400 ERROR: No .raw files found in temp_dir.
Job 625: 79/400 ERROR: No .raw files found in temp_dir.
Job 625: 80/400 ERROR: No .raw files found in temp_dir.
Job 625: 81/400 ERROR: No .raw files found in temp_dir.
Job 625: 82/400 ERROR: No .raw files found in temp_dir.
Job 625: 83/400 ERROR: No .raw files found in temp_dir.
Job 625: 84/400 ERROR: No .raw files found in temp_dir.
Job 625: 85/400 ERROR: No .raw files found in temp_dir.
Job 625: 86/400 ERROR: No .raw files found in temp_dir.
Job 625: 87/400 ERROR: No .raw files found in temp_dir.
Job 625: 88/400 ERROR: No .raw files found in temp_dir.
Job 625: 89/400 ERROR: No .raw files found in temp_dir.
Job 625: 90/400 ERROR: No .raw files found in temp_dir.
Job 625: 91/400 ERROR: No .raw files found in temp_dir.
Job 625: 92/400 ERROR: No .raw files found in temp_dir.
Job 625: 93/400 ERROR: No .raw files found in temp_dir.
Job 625: 94/400 ERROR: No .raw files found in temp_dir.
Job 625: 95/400 ERROR: No .raw files found in temp_dir.
Job 625: 96/400 ERROR: No .raw files found in temp_dir.
Job 625: 97/400 ERROR: No .raw files found in temp_dir.
Job 625: 98/400 ERROR: No .raw files found in temp_dir.
Job 625: 99/400 ERROR: No .raw files found in temp_dir.
Job 625: 100/400 ERROR: No .raw files found in temp_dir.
Job 625: 101/400 ERROR: No .raw files found in temp_dir.
Job 625: 102/400 ERROR: No .raw files found in temp_dir.
Job 625: 103/400 ERROR: Not enough donors for the requested n.
Job 625: 104/400
Job 625: 105/400
Job 625: 106/400
Job 625: 107/400
Job 625: 108/400
Job 625: 109/400
Job 625: 110/400
Job 625: 111/400
Job 625: 112/400
Job 625: 113/400
Job 625: 114/400
Job 625: 115/400
Job 625: 116/400
Job 625: 117/400
Job 625: 118/400
Job 625: 119/400
Job 625: 120/400
Job 625: 121/400
Job 625: 122/400
Job 625: 123/400
Job 625: 124/400
Job 625: 125/400
Job 625: 126/400
Job 625: 127/400
Job 625: 128/400 ERROR: No .raw files found in temp_dir.
Job 625: 129/400 ERROR: No .raw files found in temp_dir.
Job 625: 130/400 ERROR: No .raw files found in temp_dir.
Job 625: 131/400 ERROR: No .raw files found in temp_dir.
Job 625: 132/400 ERROR: No .raw files found in temp_dir.
Job 625: 133/400 ERROR: No .raw files found in temp_dir.
Job 625: 134/400 ERROR: No .raw files found in temp_dir.
Job 625: 135/400 ERROR: No .raw files found in temp_dir.
Job 625: 136/400 ERROR: No .raw files found in temp_dir.
Job 625: 137/400 ERROR: No .raw files found in temp_dir.
Job 625: 138/400 ERROR: No .raw files found in temp_dir.
Job 625: 139/400 ERROR: No .raw files found in temp_dir.
Job 625: 140/400 ERROR: No .raw files found in temp_dir.
Job 625: 141/400 ERROR: No .raw files found in temp_dir.
Job 625: 142/400 ERROR: No .raw files found in temp_dir.
Job 625: 143/400 ERROR: No .raw files found in temp_dir.
Job 625: 144/400 ERROR: No .raw files found in temp_dir.
Job 625: 145/400 ERROR: No .raw files found in temp_dir.
Job 625: 146/400 ERROR: No .raw files found in temp_dir.
Job 625: 147/400 ERROR: No .raw files found in temp_dir.
Job 625: 148/400 ERROR: No .raw files found in temp_dir.
Job 625: 149/400 ERROR: No .raw files found in temp_dir.
Job 625: 150/400 ERROR: No .raw files found in temp_dir.
Job 625: 151/400 ERROR: No .raw files found in temp_dir.
Job 625: 152/400 ERROR: No .raw files found in temp_dir.
Job 625: 153/400 ERROR: No .raw files found in temp_dir.
Job 625: 154/400 ERROR: No .raw files found in temp_dir.
Job 625: 155/400 ERROR: No .raw files found in temp_dir.
Job 625: 156/400 ERROR: No .raw files found in temp_dir.
Job 625: 157/400 ERROR: No .raw files found in temp_dir.
Job 625: 158/400 ERROR: No .raw files found in temp_dir.
Job 625: 159/400 ERROR: No .raw files found in temp_dir.
Job 625: 160/400 ERROR: No .raw files found in temp_dir.
Job 625: 161/400 ERROR: No .raw files found in temp_dir.
Job 625: 162/400 ERROR: No .raw files found in temp_dir.
Job 625: 163/400 ERROR: No .raw files found in temp_dir.
Job 625: 164/400 ERROR: No .raw files found in temp_dir.
Job 625: 165/400 ERROR: No .raw files found in temp_dir.
Job 625: 166/400 ERROR: No .raw files found in temp_dir.
Job 625: 167/400 ERROR: No .raw files found in temp_dir.
Job 625: 168/400 ERROR: No .raw files found in temp_dir.
Job 625: 169/400 ERROR: No .raw files found in temp_dir.
Job 625: 170/400 ERROR: No .raw files found in temp_dir.
Job 625: 171/400 ERROR: No .raw files found in temp_dir.
Job 625: 172/400 ERROR: No .raw files found in temp_dir.
Job 625: 173/400 ERROR: No .raw files found in temp_dir.
Job 625: 174/400 ERROR: No .raw files found in temp_dir.
Job 625: 175/400 ERROR: No .raw files found in temp_dir.
Job 625: 176/400 ERROR: No .raw files found in temp_dir.
Job 625: 177/400 ERROR: No .raw files found in temp_dir.
Job 625: 178/400 ERROR: No .raw files found in temp_dir.
Job 625: 179/400 ERROR: No .raw files found in temp_dir.
Job 625: 180/400 ERROR: No .raw files found in temp_dir.
Job 625: 181/400 ERROR: No .raw files found in temp_dir.
Job 625: 182/400 ERROR: No .raw files found in temp_dir.
Job 625: 183/400 ERROR: No .raw files found in temp_dir.
Job 625: 184/400
Job 625: 185/400
Job 625: 186/400
Job 625: 187/400
Job 625: 188/400
Job 625: 189/400
Job 625: 190/400
Job 625: 191/400
Job 625: 192/400
Job 625: 193/400
Job 625: 194/400
Job 625: 195/400
Job 625: 196/400
Job 625: 197/400
Job 625: 198/400
Job 625: 199/400
Job 625: 200/400
Job 625: 201/400
Job 625: 202/400
Job 625: 203/400
Job 625: 204/400
Job 625: 205/400
Job 625: 206/400
Job 625: 207/400
Job 625: 208/400 ERROR: No .raw files found in temp_dir.
Job 625: 209/400 ERROR: No .raw files found in temp_dir.
Job 625: 210/400 ERROR: No .raw files found in temp_dir.
Job 625: 211/400 ERROR: No .raw files found in temp_dir.
Job 625: 212/400 ERROR: No .raw files found in temp_dir.
Job 625: 213/400 ERROR: No .raw files found in temp_dir.
Job 625: 214/400 ERROR: No .raw files found in temp_dir.
Job 625: 215/400 ERROR: No .raw files found in temp_dir.
Job 625: 216/400 ERROR: No .raw files found in temp_dir.
Job 625: 217/400 ERROR: No .raw files found in temp_dir.
Job 625: 218/400 ERROR: No .raw files found in temp_dir.
Job 625: 219/400 ERROR: No .raw files found in temp_dir.
Job 625: 220/400 ERROR: No .raw files found in temp_dir.
Job 625: 221/400 ERROR: No .raw files found in temp_dir.
Job 625: 222/400 ERROR: No .raw files found in temp_dir.
Job 625: 223/400 ERROR: No .raw files found in temp_dir.
Job 625: 224/400 ERROR: No .raw files found in temp_dir.
Job 625: 225/400 ERROR: No .raw files found in temp_dir.
Job 625: 226/400 ERROR: No .raw files found in temp_dir.
Job 625: 227/400 ERROR: No .raw files found in temp_dir.
Job 625: 228/400 ERROR: No .raw files found in temp_dir.
Job 625: 229/400 ERROR: No .raw files found in temp_dir.
Job 625: 230/400 ERROR: No .raw files found in temp_dir.
Job 625: 231/400 ERROR: No .raw files found in temp_dir.
Job 625: 232/400 ERROR: No .raw files found in temp_dir.
Job 625: 233/400 ERROR: No .raw files found in temp_dir.
Job 625: 234/400 ERROR: No .raw files found in temp_dir.
Job 625: 235/400 ERROR: No .raw files found in temp_dir.
Job 625: 236/400 ERROR: No .raw files found in temp_dir.
Job 625: 237/400 ERROR: No .raw files found in temp_dir.
Job 625: 238/400 ERROR: No .raw files found in temp_dir.
Job 625: 239/400 ERROR: No .raw files found in temp_dir.
Job 625: 240/400 ERROR: No .raw files found in temp_dir.
Job 625: 241/400 ERROR: No .raw files found in temp_dir.
Job 625: 242/400 ERROR: No .raw files found in temp_dir.
Job 625: 243/400 ERROR: No .raw files found in temp_dir.
Job 625: 244/400 ERROR: No .raw files found in temp_dir.
Job 625: 245/400 ERROR: No .raw files found in temp_dir.
Job 625: 246/400 ERROR: No .raw files found in temp_dir.
Job 625: 247/400 ERROR: No .raw files found in temp_dir.
Job 625: 248/400 ERROR: No .raw files found in temp_dir.
Job 625: 249/400 ERROR: No .raw files found in temp_dir.
Job 625: 250/400 ERROR: No .raw files found in temp_dir.
Job 625: 251/400 ERROR: No .raw files found in temp_dir.
Job 625: 252/400 ERROR: No .raw files found in temp_dir.
Job 625: 253/400 ERROR: No .raw files found in temp_dir.
Job 625: 254/400 ERROR: No .raw files found in temp_dir.
Job 625: 255/400 ERROR: No .raw files found in temp_dir.
Job 625: 256/400 ERROR: No .raw files found in temp_dir.
Job 625: 257/400 ERROR: No .raw files found in temp_dir.
Job 625: 258/400 ERROR: No .raw files found in temp_dir.
Job 625: 259/400 ERROR: No .raw files found in temp_dir.
Job 625: 260/400 ERROR: No .raw files found in temp_dir.
Job 625: 261/400 ERROR: No .raw files found in temp_dir.
Job 625: 262/400 ERROR: No .raw files found in temp_dir.
Job 625: 263/400 ERROR: No .raw files found in temp_dir.
Job 625: 264/400 ERROR: No .raw files found in temp_dir.
Job 625: 265/400 ERROR: No .raw files found in temp_dir.
Job 625: 266/400 ERROR: No .raw files found in temp_dir.
Job 625: 267/400 ERROR: No .raw files found in temp_dir.
Job 625: 268/400 ERROR: No .raw files found in temp_dir.
Job 625: 269/400 ERROR: No .raw files found in temp_dir.
Job 625: 270/400 ERROR: No .raw files found in temp_dir.
Job 625: 271/400 ERROR: No .raw files found in temp_dir.
Job 625: 272/400 ERROR: No .raw files found in temp_dir.
Job 625: 273/400 ERROR: No .raw files found in temp_dir.
Job 625: 274/400 ERROR: No .raw files found in temp_dir.
Job 625: 275/400 ERROR: No .raw files found in temp_dir.
Job 625: 276/400 ERROR: No .raw files found in temp_dir.
Job 625: 277/400 ERROR: No .raw files found in temp_dir.
Job 625: 278/400 ERROR: No .raw files found in temp_dir.
Job 625: 279/400 ERROR: No .raw files found in temp_dir.
Job 625: 280/400 ERROR: No .raw files found in temp_dir.
Job 625: 281/400 ERROR: No .raw files found in temp_dir.
Job 625: 282/400 ERROR: No .raw files found in temp_dir.
Job 625: 283/400 ERROR: No .raw files found in temp_dir.
Job 625: 284/400 ERROR: No .raw files found in temp_dir.
Job 625: 285/400 ERROR: No .raw files found in temp_dir.
Job 625: 286/400 ERROR: No .raw files found in temp_dir.
Job 625: 287/400 ERROR: No .raw files found in temp_dir.
Job 625: 288/400 ERROR: No .raw files found in temp_dir.
Job 625: 289/400 ERROR: No .raw files found in temp_dir.
Job 625: 290/400 ERROR: No .raw files found in temp_dir.
Job 625: 291/400 ERROR: No .raw files found in temp_dir.
Job 625: 292/400 ERROR: No .raw files found in temp_dir.
Job 625: 293/400 ERROR: No .raw files found in temp_dir.
Job 625: 294/400 ERROR: No .raw files found in temp_dir.
Job 625: 295/400 ERROR: No .raw files found in temp_dir.
Job 625: 296/400 ERROR: No .raw files found in temp_dir.
Job 625: 297/400 ERROR: No .raw files found in temp_dir.
Job 625: 298/400 ERROR: No .raw files found in temp_dir.
Job 625: 299/400 ERROR: No .raw files found in temp_dir.
Job 625: 300/400 ERROR: No .raw files found in temp_dir.
Job 625: 301/400 ERROR: No .raw files found in temp_dir.
Job 625: 302/400 ERROR: No .raw files found in temp_dir.
Job 625: 303/400 ERROR: No .raw files found in temp_dir.
Job 625: 304/400 ERROR: No .raw files found in temp_dir.
Job 625: 305/400 ERROR: No .raw files found in temp_dir.
Job 625: 306/400 ERROR: No .raw files found in temp_dir.
Job 625: 307/400 ERROR: No .raw files found in temp_dir.
Job 625: 308/400 ERROR: No .raw files found in temp_dir.
Job 625: 309/400 ERROR: No .raw files found in temp_dir.
Job 625: 310/400 ERROR: No .raw files found in temp_dir.
Job 625: 311/400 ERROR: No .raw files found in temp_dir.
Job 625: 312/400 ERROR: No .raw files found in temp_dir.
Job 625: 313/400 ERROR: No .raw files found in temp_dir.
Job 625: 314/400 ERROR: No .raw files found in temp_dir.
Job 625: 315/400 ERROR: No .raw files found in temp_dir.
Job 625: 316/400 ERROR: No .raw files found in temp_dir.
Job 625: 317/400 ERROR: No .raw files found in temp_dir.
Job 625: 318/400 ERROR: No .raw files found in temp_dir.
Job 625: 319/400 ERROR: No .raw files found in temp_dir.
Job 625: 320/400 ERROR: No .raw files found in temp_dir.
Job 625: 321/400 ERROR: No .raw files found in temp_dir.
Job 625: 322/400 ERROR: No .raw files found in temp_dir.
Job 625: 323/400 ERROR: No .raw files found in temp_dir.
Job 625: 324/400 ERROR: No .raw files found in temp_dir.
Job 625: 325/400 ERROR: No .raw files found in temp_dir.
Job 625: 326/400 ERROR: No .raw files found in temp_dir.
Job 625: 327/400 ERROR: No .raw files found in temp_dir.
Job 625: 328/400 ERROR: No .raw files found in temp_dir.
Job 625: 329/400 ERROR: No .raw files found in temp_dir.
Job 625: 330/400 ERROR: No .raw files found in temp_dir.
Job 625: 331/400 ERROR: No .raw files found in temp_dir.
Job 625: 332/400 ERROR: No .raw files found in temp_dir.
Job 625: 333/400 ERROR: No .raw files found in temp_dir.
Job 625: 334/400 ERROR: No .raw files found in temp_dir.
Job 625: 335/400 ERROR: No .raw files found in temp_dir.
Job 625: 336/400 ERROR: No .raw files found in temp_dir.
Job 625: 337/400 ERROR: No .raw files found in temp_dir.
Job 625: 338/400 ERROR: No .raw files found in temp_dir.
Job 625: 339/400 ERROR: No .raw files found in temp_dir.
Job 625: 340/400 ERROR: No .raw files found in temp_dir.
Job 625: 341/400 ERROR: No .raw files found in temp_dir.
Job 625: 342/400 ERROR: No .raw files found in temp_dir.
Job 625: 343/400 ERROR: No .raw files found in temp_dir.
Job 625: 344/400 ERROR: No .raw files found in temp_dir.
Job 625: 345/400 ERROR: No .raw files found in temp_dir.
Job 625: 346/400 ERROR: No .raw files found in temp_dir.
Job 625: 347/400 ERROR: No .raw files found in temp_dir.
Job 625: 348/400 ERROR: No .raw files found in temp_dir.
Job 625: 349/400 ERROR: No .raw files found in temp_dir.
Job 625: 350/400 ERROR: No .raw files found in temp_dir.
Job 625: 351/400 ERROR: No .raw files found in temp_dir.
Job 625: 352/400 ERROR: No .raw files found in temp_dir.
Job 625: 353/400 ERROR: No .raw files found in temp_dir.
Job 625: 354/400 ERROR: No .raw files found in temp_dir.
Job 625: 355/400 ERROR: No .raw files found in temp_dir.
Job 625: 356/400 ERROR: No .raw files found in temp_dir.
Job 625: 357/400 ERROR: No .raw files found in temp_dir.
Job 625: 358/400 ERROR: No .raw files found in temp_dir.
Job 625: 359/400 ERROR: No .raw files found in temp_dir.
Job 625: 360/400 ERROR: No .raw files found in temp_dir.
Job 625: 361/400 ERROR: No .raw files found in temp_dir.
Job 625: 362/400 ERROR: No .raw files found in temp_dir.
Job 625: 363/400 ERROR: No .raw files found in temp_dir.
Job 625: 364/400 ERROR: No .raw files found in temp_dir.
Job 625: 365/400 ERROR: No .raw files found in temp_dir.
Job 625: 366/400 ERROR: No .raw files found in temp_dir.
Job 625: 367/400 ERROR: No .raw files found in temp_dir.
Job 625: 368/400 ERROR: No .raw files found in temp_dir.
Job 625: 369/400 ERROR: No .raw files found in temp_dir.
Job 625: 370/400 ERROR: No .raw files found in temp_dir.
Job 625: 371/400 ERROR: No .raw files found in temp_dir.
Job 625: 372/400 ERROR: No .raw files found in temp_dir.
Job 625: 373/400 ERROR: No .raw files found in temp_dir.
Job 625: 374/400 ERROR: No .raw files found in temp_dir.
Job 625: 375/400 ERROR: No .raw files found in temp_dir.
Job 625: 376/400 ERROR: No .raw files found in temp_dir.
Job 625: 377/400 ERROR: No .raw files found in temp_dir.
Job 625: 378/400 ERROR: No .raw files found in temp_dir.
Job 625: 379/400 ERROR: No .raw files found in temp_dir.
Job 625: 380/400 ERROR: No .raw files found in temp_dir.
Job 625: 381/400 ERROR: No .raw files found in temp_dir.
Job 625: 382/400 ERROR: No .raw files found in temp_dir.
Job 625: 383/400 ERROR: No .raw files found in temp_dir.
Job 625: 384/400 ERROR: No .raw files found in temp_dir.
Job 625: 385/400 ERROR: No .raw files found in temp_dir.
Job 625: 386/400 ERROR: No .raw files found in temp_dir.
Job 625: 387/400 ERROR: No .raw files found in temp_dir.
Job 625: 388/400 ERROR: No .raw files found in temp_dir.
Job 625: 389/400 ERROR: No .raw files found in temp_dir.
Job 625: 390/400 ERROR: No .raw files found in temp_dir.
Job 625: 391/400 ERROR: No .raw files found in temp_dir.
Job 625: 392/400 ERROR: No .raw files found in temp_dir.
Job 625: 393/400 ERROR: No .raw files found in temp_dir.
Job 625: 394/400 ERROR: No .raw files found in temp_dir.
Job 625: 395/400 ERROR: No .raw files found in temp_dir.
Job 625: 396/400 ERROR: No .raw files found in temp_dir.
Job 625: 397/400 ERROR: No .raw files found in temp_dir.
Job 625: 398/400 ERROR: No .raw files found in temp_dir.
Job 625: 399/400 ERROR: No .raw files found in temp_dir.
Job 625: 400/400 ERROR: No .raw files found in temp_dir.
Warning messages:
1: In data.table::fread(raw_file, data.table = FALSE) :
  Discarded single-line footer: <<0	GTEX-17JCI	0	0	0	-9	2	2	2	2	2	0	2	2	2	2	2	2	0	2	2	2	2	2	2	2	2	2	2	2	2	2	2	2	0	2	0	2	2	2	0	2	2	0	2	2	2	2	2	2	2	2	2	2	2	2	2	2	2	2	2	0	2	2	2	2	2	2	2	2	2	2	2	2	2	2	2	2	2	0	2	2	2	0	2	2	2	2	2	2	2	2	2	2	2	2	0	2	2	2	2	2	2	2	2	2	2	2	2	2	0	2	2	2	2	2	2	2	2	0	2	2	2	2	2	2	2	2	2	2	2	2	2	2	2	0	2	2	2	2	2	2	2	2	0	2	0	2	0	2	2	2	2	2	2	2	2	2	2	2	2	2	2	2	2	2	2	2	2	2	2	2	2	2	2	2	2	2	2	2	2	2	2	2	2	2	2	2	2	2	2	2	2	2	2	2	2	2	2	2	2	2	2	2	2	2	2	2	2	2	2	2	2	2	2	2	2	2	2	2	2	2	2	2	2	2	2	2	2	2	2	2	2	2	2	2	2	2	2	2	2	2	2	2	2	>>
2: In data.table::fread(raw_file, data.table = FALSE) :
  Discarded single-line footer: <<0	GTEX-1RNSC	0	0	0	-9	2	2	2	2	2	2	2	2	2	2	2	2	2	2	2	2	2	2	2	2	2	2	2	2	2	2	2	2	2	2	2	2	2	2	2	2	2	2	2	2	1	2	2	2	2	2	2	2	2	2	2	2	2	2	2	2	2	2	2	2	2	2	2	2	2	2	2	2	2	2	2	2	2	2	2	2	2	2	2	2	2	2	2	2	2	2	2	2	2	2	2	2	2	2	2	2	2	2	2	2	2	2	2	2	2	2	2	2	2	2	1	2	2	2	2	2	2	2	2	2	2	2	2	2	2	2	2	2	2	2	2	2	2	2	2	2	2	2	2	2	2	2	2	2	2	2	2	2	2	2	2	2	2	2	2	2	2	2	2	2	2	2	2	2	2	2	2	2	2	2	2	2	2	2	2	2	2	2	2	2	2	2	2	2	2	2	2	2	2	0	2	2	2	2	2	2	2	2	1	2	2	2	2	2	2	2	2	NA	2	2	2	2	2	2	0	2	2	2	2	2	2	2	2	2	2	2	2	2	2	2	2	2	2	2	2	2	2	2	2>>
