Registered S3 methods overwritten by 'susieSlide':
  method              from  
  coef.susie          susieR
  predict.susie       susieR
  print.summary.susie susieR
  summary.susie       susieR
Job 288: 1/400
Job 288: 2/400
Job 288: 3/400
Job 288: 4/400
Job 288: 5/400
Job 288: 6/400
Job 288: 7/400
Job 288: 8/400
Job 288: 9/400
Job 288: 10/400
Job 288: 11/400
Job 288: 12/400
Job 288: 13/400
Job 288: 14/400
Job 288: 15/400
Job 288: 16/400
Job 288: 17/400
Job 288: 18/400
Job 288: 19/400
Job 288: 20/400
Job 288: 21/400
Job 288: 22/400
Job 288: 23/400
Job 288: 24/400
Job 288: 25/400
Job 288: 26/400
Job 288: 27/400
Job 288: 28/400
Job 288: 29/400
Job 288: 30/400
Job 288: 31/400
Job 288: 32/400
Job 288: 33/400
Job 288: 34/400
Job 288: 35/400
Job 288: 36/400
Job 288: 37/400
Job 288: 38/400
Job 288: 39/400
Job 288: 40/400
Job 288: 41/400
Job 288: 42/400
Job 288: 43/400
Job 288: 44/400
Job 288: 45/400
Job 288: 46/400
Job 288: 47/400
Job 288: 48/400
Job 288: 49/400
Job 288: 50/400
Job 288: 51/400
Job 288: 52/400
Job 288: 53/400
Job 288: 54/400
Job 288: 55/400
Job 288: 56/400
Job 288: 57/400
Job 288: 58/400
Job 288: 59/400
Job 288: 60/400
Job 288: 61/400
Job 288: 62/400
Job 288: 63/400
Job 288: 64/400
Job 288: 65/400
Job 288: 66/400
Job 288: 67/400
Job 288: 68/400
Job 288: 69/400
Job 288: 70/400
Job 288: 71/400
Job 288: 72/400
Job 288: 73/400
Job 288: 74/400
Job 288: 75/400
Job 288: 76/400
Job 288: 77/400
Job 288: 78/400
Job 288: 79/400
Job 288: 80/400
Job 288: 81/400
Job 288: 82/400
Job 288: 83/400
Job 288: 84/400
Job 288: 85/400
Job 288: 86/400
Job 288: 87/400
Job 288: 88/400
Job 288: 89/400
Job 288: 90/400
Job 288: 91/400
Job 288: 92/400
Job 288: 93/400
Job 288: 94/400
Job 288: 95/400
Job 288: 96/400
Job 288: 97/400
Job 288: 98/400
Job 288: 99/400
Job 288: 100/400
Job 288: 101/400
Job 288: 102/400
Job 288: 103/400
Job 288: 104/400
Job 288: 105/400
Job 288: 106/400
Job 288: 107/400
Job 288: 108/400
Job 288: 109/400
Job 288: 110/400
Job 288: 111/400
Job 288: 112/400
Job 288: 113/400
Job 288: 114/400
Job 288: 115/400
Job 288: 116/400
Job 288: 117/400
Job 288: 118/400
Job 288: 119/400
Job 288: 120/400
Job 288: 121/400
Job 288: 122/400
Job 288: 123/400
Job 288: 124/400
Job 288: 125/400
Job 288: 126/400
Job 288: 127/400
Job 288: 128/400
Job 288: 129/400
Job 288: 130/400
Job 288: 131/400
Job 288: 132/400
Job 288: 133/400
Job 288: 134/400
Job 288: 135/400
Job 288: 136/400
Job 288: 137/400
Job 288: 138/400
Job 288: 139/400
Job 288: 140/400
Job 288: 141/400
Job 288: 142/400
Job 288: 143/400
Job 288: 144/400
Job 288: 145/400
Job 288: 146/400
Job 288: 147/400
Job 288: 148/400
Job 288: 149/400
Job 288: 150/400
Job 288: 151/400
Job 288: 152/400
Job 288: 153/400
Job 288: 154/400
Job 288: 155/400
Job 288: 156/400
Job 288: 157/400
Job 288: 158/400
Job 288: 159/400
Job 288: 160/400
Job 288: 161/400
Job 288: 162/400
Job 288: 163/400
Job 288: 164/400
Job 288: 165/400
Job 288: 166/400
Job 288: 167/400
Job 288: 168/400
Job 288: 169/400
Job 288: 170/400
Job 288: 171/400
Job 288: 172/400
Job 288: 173/400
Job 288: 174/400
Job 288: 175/400
Job 288: 176/400
Job 288: 177/400
Job 288: 178/400
Job 288: 179/400
Job 288: 180/400
Job 288: 181/400
Job 288: 182/400
Job 288: 183/400
Job 288: 184/400
Job 288: 185/400
Job 288: 186/400
Job 288: 187/400
Job 288: 188/400
Job 288: 189/400
Job 288: 190/400
Job 288: 191/400
Job 288: 192/400
Job 288: 193/400
Job 288: 194/400
Job 288: 195/400
Job 288: 196/400
Job 288: 197/400
Job 288: 198/400
Job 288: 199/400
Job 288: 200/400
Job 288: 201/400
Job 288: 202/400
Job 288: 203/400
Job 288: 204/400
Job 288: 205/400
Job 288: 206/400
Job 288: 207/400
Job 288: 208/400
Job 288: 209/400
Job 288: 210/400
Job 288: 211/400
Job 288: 212/400
Job 288: 213/400
Job 288: 214/400
Job 288: 215/400
Job 288: 216/400
Job 288: 217/400
Job 288: 218/400
Job 288: 219/400
Job 288: 220/400
Job 288: 221/400
Job 288: 222/400
Job 288: 223/400
Job 288: 224/400
Job 288: 225/400
Job 288: 226/400
Job 288: 227/400
Job 288: 228/400
Job 288: 229/400
Job 288: 230/400
Job 288: 231/400
Job 288: 232/400
Job 288: 233/400
Job 288: 234/400
Job 288: 235/400
Job 288: 236/400
Job 288: 237/400
Job 288: 238/400
Job 288: 239/400
Job 288: 240/400
Job 288: 241/400
Job 288: 242/400
Job 288: 243/400
Job 288: 244/400
Job 288: 245/400
Job 288: 246/400
Job 288: 247/400
Job 288: 248/400
Job 288: 249/400
Job 288: 250/400
Job 288: 251/400
Job 288: 252/400
Job 288: 253/400
Job 288: 254/400
Job 288: 255/400
Job 288: 256/400
Job 288: 257/400
Job 288: 258/400
Job 288: 259/400
Job 288: 260/400
Job 288: 261/400
Job 288: 262/400
Job 288: 263/400
Job 288: 264/400
Job 288: 265/400
Job 288: 266/400
Job 288: 267/400
Job 288: 268/400
Job 288: 269/400
Job 288: 270/400
Job 288: 271/400
Job 288: 272/400
Job 288: 273/400
Job 288: 274/400
Job 288: 275/400
Job 288: 276/400
Job 288: 277/400
Job 288: 278/400
Job 288: 279/400
Job 288: 280/400
Job 288: 281/400
Job 288: 282/400
Job 288: 283/400
Job 288: 284/400
Job 288: 285/400
Job 288: 286/400
Job 288: 287/400
Job 288: 288/400
Job 288: 289/400
Job 288: 290/400
Job 288: 291/400
Job 288: 292/400
Job 288: 293/400
Job 288: 294/400
Job 288: 295/400
Job 288: 296/400
Job 288: 297/400
Job 288: 298/400
Job 288: 299/400
Job 288: 300/400
Job 288: 301/400
Job 288: 302/400
Job 288: 303/400
Job 288: 304/400
Job 288: 305/400
Job 288: 306/400
Job 288: 307/400
Job 288: 308/400
Job 288: 309/400
Job 288: 310/400
Job 288: 311/400
Job 288: 312/400
Job 288: 313/400
Job 288: 314/400
Job 288: 315/400
Job 288: 316/400
Job 288: 317/400
Job 288: 318/400
Job 288: 319/400
Job 288: 320/400
Job 288: 321/400
Job 288: 322/400
Job 288: 323/400
Job 288: 324/400
Job 288: 325/400
Job 288: 326/400
Job 288: 327/400
Job 288: 328/400
Job 288: 329/400
Job 288: 330/400
Job 288: 331/400
Job 288: 332/400
Job 288: 333/400
Job 288: 334/400
Job 288: 335/400
Job 288: 336/400
Job 288: 337/400
Job 288: 338/400
Job 288: 339/400
Job 288: 340/400
Job 288: 341/400
Job 288: 342/400
Job 288: 343/400
Job 288: 344/400
Job 288: 345/400
Job 288: 346/400
Job 288: 347/400
Job 288: 348/400
Job 288: 349/400
Job 288: 350/400
Job 288: 351/400
Job 288: 352/400
Job 288: 353/400
Job 288: 354/400
Job 288: 355/400
Job 288: 356/400
Job 288: 357/400
Job 288: 358/400
Job 288: 359/400
Job 288: 360/400
Job 288: 361/400
Job 288: 362/400
Job 288: 363/400
Job 288: 364/400
Job 288: 365/400
Job 288: 366/400
Job 288: 367/400
Job 288: 368/400
Job 288: 369/400
Job 288: 370/400
Job 288: 371/400
Job 288: 372/400
Job 288: 373/400
Job 288: 374/400
Job 288: 375/400
Job 288: 376/400
Job 288: 377/400
Job 288: 378/400
Job 288: 379/400
Job 288: 380/400
Job 288: 381/400
Job 288: 382/400
Job 288: 383/400
Job 288: 384/400
Job 288: 385/400
Job 288: 386/400
Job 288: 387/400
Job 288: 388/400
Job 288: 389/400
Job 288: 390/400
Job 288: 391/400
Job 288: 392/400
Job 288: 393/400
Job 288: 394/400
Job 288: 395/400
Job 288: 396/400
Job 288: 397/400
Job 288: 398/400
Job 288: 399/400
Job 288: 400/400
