Registered S3 methods overwritten by 'susieSlide':
  method              from  
  coef.susie          susieR
  predict.susie       susieR
  print.summary.susie susieR
  summary.susie       susieR
Job 591: 1/400
Job 591: 2/400
Job 591: 3/400
Job 591: 4/400
Job 591: 5/400
Job 591: 6/400
Job 591: 7/400
Job 591: 8/400
Job 591: 9/400
Job 591: 10/400
Job 591: 11/400
Job 591: 12/400
Job 591: 13/400
Job 591: 14/400
Job 591: 15/400
Job 591: 16/400
Job 591: 17/400
Job 591: 18/400
Job 591: 19/400
Job 591: 20/400
Job 591: 21/400
Job 591: 22/400
Job 591: 23/400
Job 591: 24/400
Job 591: 25/400
Job 591: 26/400
Job 591: 27/400
Job 591: 28/400
Job 591: 29/400
Job 591: 30/400
Job 591: 31/400
Job 591: 32/400
Job 591: 33/400
Job 591: 34/400
Job 591: 35/400
Job 591: 36/400
Job 591: 37/400
Job 591: 38/400
Job 591: 39/400
Job 591: 40/400
Job 591: 41/400
Job 591: 42/400
Job 591: 43/400
Job 591: 44/400
Job 591: 45/400
Job 591: 46/400
Job 591: 47/400
Job 591: 48/400
Job 591: 49/400
Job 591: 50/400
Job 591: 51/400
Job 591: 52/400
Job 591: 53/400
Job 591: 54/400
Job 591: 55/400
Job 591: 56/400
Job 591: 57/400
Job 591: 58/400
Job 591: 59/400
Job 591: 60/400
Job 591: 61/400
Job 591: 62/400
Job 591: 63/400
Job 591: 64/400
Job 591: 65/400
Job 591: 66/400
Job 591: 67/400
Job 591: 68/400
Job 591: 69/400
Job 591: 70/400
Job 591: 71/400
Job 591: 72/400
Job 591: 73/400
Job 591: 74/400
Job 591: 75/400
Job 591: 76/400
Job 591: 77/400
Job 591: 78/400
Job 591: 79/400
Job 591: 80/400
Job 591: 81/400
Job 591: 82/400
Job 591: 83/400
Job 591: 84/400
Job 591: 85/400
Job 591: 86/400
Job 591: 87/400
Job 591: 88/400
Job 591: 89/400
Job 591: 90/400
Job 591: 91/400
Job 591: 92/400
Job 591: 93/400
Job 591: 94/400
Job 591: 95/400
Job 591: 96/400
Job 591: 97/400
Job 591: 98/400
Job 591: 99/400
Job 591: 100/400
Job 591: 101/400
Job 591: 102/400
Job 591: 103/400
Job 591: 104/400
Job 591: 105/400
Job 591: 106/400
Job 591: 107/400
Job 591: 108/400
Job 591: 109/400
Job 591: 110/400
Job 591: 111/400
Job 591: 112/400
Job 591: 113/400
Job 591: 114/400
Job 591: 115/400
Job 591: 116/400
Job 591: 117/400
Job 591: 118/400
Job 591: 119/400
Job 591: 120/400
Job 591: 121/400
Job 591: 122/400
Job 591: 123/400
Job 591: 124/400
Job 591: 125/400
Job 591: 126/400
Job 591: 127/400
Job 591: 128/400
Job 591: 129/400
Job 591: 130/400
Job 591: 131/400
Job 591: 132/400
Job 591: 133/400
Job 591: 134/400
Job 591: 135/400
Job 591: 136/400
Job 591: 137/400
Job 591: 138/400
Job 591: 139/400
Job 591: 140/400
Job 591: 141/400
Job 591: 142/400
Job 591: 143/400
Job 591: 144/400
Job 591: 145/400
Job 591: 146/400
Job 591: 147/400
Job 591: 148/400
Job 591: 149/400
Job 591: 150/400
Job 591: 151/400
Job 591: 152/400
Job 591: 153/400
Job 591: 154/400
Job 591: 155/400
Job 591: 156/400
Job 591: 157/400
Job 591: 158/400
Job 591: 159/400
Job 591: 160/400
Job 591: 161/400
Job 591: 162/400
Job 591: 163/400
Job 591: 164/400
Job 591: 165/400
Job 591: 166/400
Job 591: 167/400
Job 591: 168/400
Job 591: 169/400
Job 591: 170/400
Job 591: 171/400
Job 591: 172/400
Job 591: 173/400
Job 591: 174/400
Job 591: 175/400
Job 591: 176/400
Job 591: 177/400
Job 591: 178/400
Job 591: 179/400
Job 591: 180/400
Job 591: 181/400
Job 591: 182/400
Job 591: 183/400
Job 591: 184/400
Job 591: 185/400
Job 591: 186/400
Job 591: 187/400
Job 591: 188/400
Job 591: 189/400
Job 591: 190/400
Job 591: 191/400
Job 591: 192/400
Job 591: 193/400
Job 591: 194/400
Job 591: 195/400
Job 591: 196/400
Job 591: 197/400
Job 591: 198/400
Job 591: 199/400
Job 591: 200/400
Job 591: 201/400
Job 591: 202/400
Job 591: 203/400
Job 591: 204/400
Job 591: 205/400
Job 591: 206/400
Job 591: 207/400
Job 591: 208/400
Job 591: 209/400
Job 591: 210/400
Job 591: 211/400
Job 591: 212/400
Job 591: 213/400
Job 591: 214/400
Job 591: 215/400
Job 591: 216/400
Job 591: 217/400
Job 591: 218/400
Job 591: 219/400
Job 591: 220/400
Job 591: 221/400
Job 591: 222/400
Job 591: 223/400
Job 591: 224/400
Job 591: 225/400
Job 591: 226/400
Job 591: 227/400
Job 591: 228/400
Job 591: 229/400
Job 591: 230/400
Job 591: 231/400
Job 591: 232/400
Job 591: 233/400
Job 591: 234/400
Job 591: 235/400
Job 591: 236/400
Job 591: 237/400
Job 591: 238/400
Job 591: 239/400
Job 591: 240/400
Job 591: 241/400
Job 591: 242/400
Job 591: 243/400
Job 591: 244/400
Job 591: 245/400
Job 591: 246/400
Job 591: 247/400
Job 591: 248/400
Job 591: 249/400
Job 591: 250/400
Job 591: 251/400
Job 591: 252/400
Job 591: 253/400
Job 591: 254/400
Job 591: 255/400
Job 591: 256/400
Job 591: 257/400
Job 591: 258/400
Job 591: 259/400
Job 591: 260/400
Job 591: 261/400
Job 591: 262/400
Job 591: 263/400
Job 591: 264/400
Job 591: 265/400
Job 591: 266/400
Job 591: 267/400
Job 591: 268/400
Job 591: 269/400
Job 591: 270/400
Job 591: 271/400
Job 591: 272/400
Job 591: 273/400
Job 591: 274/400
Job 591: 275/400
Job 591: 276/400
Job 591: 277/400
Job 591: 278/400
Job 591: 279/400
Job 591: 280/400
Job 591: 281/400
Job 591: 282/400
Job 591: 283/400
Job 591: 284/400
Job 591: 285/400
Job 591: 286/400
Job 591: 287/400
Job 591: 288/400
Job 591: 289/400
Job 591: 290/400
Job 591: 291/400
Job 591: 292/400
Job 591: 293/400
Job 591: 294/400
Job 591: 295/400
Job 591: 296/400
Job 591: 297/400
Job 591: 298/400
Job 591: 299/400
Job 591: 300/400
Job 591: 301/400
Job 591: 302/400
Job 591: 303/400
Job 591: 304/400
Job 591: 305/400
Job 591: 306/400
Job 591: 307/400
Job 591: 308/400
Job 591: 309/400
Job 591: 310/400
Job 591: 311/400
Job 591: 312/400
Job 591: 313/400
Job 591: 314/400
Job 591: 315/400
Job 591: 316/400
Job 591: 317/400
Job 591: 318/400
Job 591: 319/400
Job 591: 320/400
Job 591: 321/400
Job 591: 322/400
Job 591: 323/400
Job 591: 324/400
Job 591: 325/400
Job 591: 326/400
Job 591: 327/400
Job 591: 328/400
Job 591: 329/400
Job 591: 330/400
Job 591: 331/400
Job 591: 332/400
Job 591: 333/400
Job 591: 334/400
Job 591: 335/400
Job 591: 336/400
Job 591: 337/400
Job 591: 338/400
Job 591: 339/400
Job 591: 340/400
Job 591: 341/400
Job 591: 342/400
Job 591: 343/400
Job 591: 344/400
Job 591: 345/400
Job 591: 346/400
Job 591: 347/400
Job 591: 348/400
Job 591: 349/400
Job 591: 350/400
Job 591: 351/400
Job 591: 352/400
Job 591: 353/400
Job 591: 354/400
Job 591: 355/400
Job 591: 356/400
Job 591: 357/400
Job 591: 358/400
Job 591: 359/400
Job 591: 360/400
Job 591: 361/400
Job 591: 362/400
Job 591: 363/400
Job 591: 364/400
Job 591: 365/400
Job 591: 366/400
Job 591: 367/400
Job 591: 368/400
Job 591: 369/400
Job 591: 370/400
Job 591: 371/400
Job 591: 372/400
Job 591: 373/400
Job 591: 374/400
Job 591: 375/400
Job 591: 376/400
Job 591: 377/400
Job 591: 378/400
Job 591: 379/400
Job 591: 380/400
Job 591: 381/400
Job 591: 382/400
Job 591: 383/400
Job 591: 384/400
Job 591: 385/400
Job 591: 386/400
Job 591: 387/400
Job 591: 388/400
Job 591: 389/400
Job 591: 390/400
Job 591: 391/400
Job 591: 392/400
Job 591: 393/400
Job 591: 394/400
Job 591: 395/400
Job 591: 396/400
Job 591: 397/400
Job 591: 398/400
Job 591: 399/400
Job 591: 400/400
