Registered S3 methods overwritten by 'susieSlide':
  method              from  
  coef.susie          susieR
  predict.susie       susieR
  print.summary.susie susieR
  summary.susie       susieR
Job 491: 1/400
Job 491: 2/400
Job 491: 3/400
Job 491: 4/400
Job 491: 5/400
Job 491: 6/400
Job 491: 7/400
Job 491: 8/400
Job 491: 9/400
Job 491: 10/400
Job 491: 11/400
Job 491: 12/400
Job 491: 13/400
Job 491: 14/400
Job 491: 15/400
Job 491: 16/400
Job 491: 17/400
Job 491: 18/400
Job 491: 19/400
Job 491: 20/400
Job 491: 21/400
Job 491: 22/400
Job 491: 23/400
Job 491: 24/400
Job 491: 25/400
Job 491: 26/400
Job 491: 27/400
Job 491: 28/400
Job 491: 29/400
Job 491: 30/400
Job 491: 31/400
Job 491: 32/400
Job 491: 33/400
Job 491: 34/400
Job 491: 35/400
Job 491: 36/400
Job 491: 37/400
Job 491: 38/400
Job 491: 39/400
Job 491: 40/400
Job 491: 41/400
Job 491: 42/400
Job 491: 43/400
Job 491: 44/400
Job 491: 45/400
Job 491: 46/400
Job 491: 47/400
Job 491: 48/400
Job 491: 49/400
Job 491: 50/400
Job 491: 51/400
Job 491: 52/400
Job 491: 53/400
Job 491: 54/400
Job 491: 55/400
Job 491: 56/400
Job 491: 57/400
Job 491: 58/400
Job 491: 59/400
Job 491: 60/400
Job 491: 61/400
Job 491: 62/400
Job 491: 63/400
Job 491: 64/400
Job 491: 65/400
Job 491: 66/400
Job 491: 67/400
Job 491: 68/400
Job 491: 69/400
Job 491: 70/400
Job 491: 71/400
Job 491: 72/400
Job 491: 73/400
Job 491: 74/400
Job 491: 75/400
Job 491: 76/400
Job 491: 77/400
Job 491: 78/400
Job 491: 79/400
Job 491: 80/400
Job 491: 81/400
Job 491: 82/400
Job 491: 83/400
Job 491: 84/400
Job 491: 85/400
Job 491: 86/400
Job 491: 87/400
Job 491: 88/400
Job 491: 89/400
Job 491: 90/400
Job 491: 91/400
Job 491: 92/400
Job 491: 93/400
Job 491: 94/400
Job 491: 95/400
Job 491: 96/400
Job 491: 97/400
Job 491: 98/400
Job 491: 99/400
Job 491: 100/400
Job 491: 101/400
Job 491: 102/400
Job 491: 103/400
Job 491: 104/400
Job 491: 105/400
Job 491: 106/400
Job 491: 107/400
Job 491: 108/400
Job 491: 109/400
Job 491: 110/400
Job 491: 111/400
Job 491: 112/400
Job 491: 113/400
Job 491: 114/400
Job 491: 115/400
Job 491: 116/400
Job 491: 117/400
Job 491: 118/400
Job 491: 119/400
Job 491: 120/400
Job 491: 121/400
Job 491: 122/400
Job 491: 123/400
Job 491: 124/400
Job 491: 125/400
Job 491: 126/400
Job 491: 127/400
Job 491: 128/400
Job 491: 129/400
Job 491: 130/400
Job 491: 131/400
Job 491: 132/400
Job 491: 133/400
Job 491: 134/400
Job 491: 135/400
Job 491: 136/400
Job 491: 137/400
Job 491: 138/400
Job 491: 139/400
Job 491: 140/400
Job 491: 141/400
Job 491: 142/400
Job 491: 143/400
Job 491: 144/400
Job 491: 145/400
Job 491: 146/400
Job 491: 147/400
Job 491: 148/400
Job 491: 149/400
Job 491: 150/400
Job 491: 151/400
Job 491: 152/400
Job 491: 153/400
Job 491: 154/400
Job 491: 155/400
Job 491: 156/400
Job 491: 157/400
Job 491: 158/400
Job 491: 159/400
Job 491: 160/400
Job 491: 161/400
Job 491: 162/400
Job 491: 163/400
Job 491: 164/400
Job 491: 165/400
Job 491: 166/400
Job 491: 167/400
Job 491: 168/400
Job 491: 169/400
Job 491: 170/400
Job 491: 171/400
Job 491: 172/400
Job 491: 173/400
Job 491: 174/400
Job 491: 175/400
Job 491: 176/400
Job 491: 177/400
Job 491: 178/400
Job 491: 179/400
Job 491: 180/400
Job 491: 181/400
Job 491: 182/400
Job 491: 183/400
Job 491: 184/400
Job 491: 185/400
Job 491: 186/400
Job 491: 187/400
Job 491: 188/400
Job 491: 189/400
Job 491: 190/400
Job 491: 191/400
Job 491: 192/400
Job 491: 193/400
Job 491: 194/400
Job 491: 195/400
Job 491: 196/400
Job 491: 197/400
Job 491: 198/400
Job 491: 199/400
Job 491: 200/400
Job 491: 201/400
Job 491: 202/400
Job 491: 203/400
Job 491: 204/400
Job 491: 205/400
Job 491: 206/400
Job 491: 207/400
Job 491: 208/400
Job 491: 209/400
Job 491: 210/400
Job 491: 211/400
Job 491: 212/400
Job 491: 213/400
Job 491: 214/400
Job 491: 215/400
Job 491: 216/400
Job 491: 217/400
Job 491: 218/400
Job 491: 219/400
Job 491: 220/400
Job 491: 221/400
Job 491: 222/400
Job 491: 223/400
Job 491: 224/400
Job 491: 225/400
Job 491: 226/400
Job 491: 227/400
Job 491: 228/400
Job 491: 229/400
Job 491: 230/400
Job 491: 231/400
Job 491: 232/400
Job 491: 233/400
Job 491: 234/400
Job 491: 235/400
Job 491: 236/400
Job 491: 237/400
Job 491: 238/400
Job 491: 239/400
Job 491: 240/400
Job 491: 241/400
Job 491: 242/400
Job 491: 243/400
Job 491: 244/400
Job 491: 245/400
Job 491: 246/400
Job 491: 247/400
Job 491: 248/400
Job 491: 249/400
Job 491: 250/400
Job 491: 251/400
Job 491: 252/400
Job 491: 253/400
Job 491: 254/400
Job 491: 255/400
Job 491: 256/400
Job 491: 257/400
Job 491: 258/400
Job 491: 259/400
Job 491: 260/400
Job 491: 261/400
Job 491: 262/400
Job 491: 263/400
Job 491: 264/400
Job 491: 265/400
Job 491: 266/400
Job 491: 267/400
Job 491: 268/400
Job 491: 269/400
Job 491: 270/400
Job 491: 271/400
Job 491: 272/400
Job 491: 273/400
Job 491: 274/400
Job 491: 275/400
Job 491: 276/400
Job 491: 277/400
Job 491: 278/400
Job 491: 279/400
Job 491: 280/400
Job 491: 281/400
Job 491: 282/400
Job 491: 283/400
Job 491: 284/400
Job 491: 285/400
Job 491: 286/400
Job 491: 287/400
Job 491: 288/400
Job 491: 289/400
Job 491: 290/400
Job 491: 291/400
Job 491: 292/400
Job 491: 293/400
Job 491: 294/400
Job 491: 295/400
Job 491: 296/400
Job 491: 297/400
Job 491: 298/400
Job 491: 299/400
Job 491: 300/400
Job 491: 301/400
Job 491: 302/400
Job 491: 303/400
Job 491: 304/400
Job 491: 305/400
Job 491: 306/400
Job 491: 307/400
Job 491: 308/400
Job 491: 309/400
Job 491: 310/400
Job 491: 311/400
Job 491: 312/400
Job 491: 313/400
Job 491: 314/400
Job 491: 315/400
Job 491: 316/400
Job 491: 317/400
Job 491: 318/400
Job 491: 319/400
Job 491: 320/400
Job 491: 321/400
Job 491: 322/400
Job 491: 323/400
Job 491: 324/400
Job 491: 325/400
Job 491: 326/400
Job 491: 327/400
Job 491: 328/400
Job 491: 329/400
Job 491: 330/400
Job 491: 331/400
Job 491: 332/400
Job 491: 333/400
Job 491: 334/400
Job 491: 335/400
Job 491: 336/400
Job 491: 337/400
Job 491: 338/400
Job 491: 339/400
Job 491: 340/400
Job 491: 341/400
Job 491: 342/400
Job 491: 343/400
Job 491: 344/400
Job 491: 345/400
Job 491: 346/400
Job 491: 347/400
Job 491: 348/400
Job 491: 349/400
Job 491: 350/400
Job 491: 351/400
Job 491: 352/400
Job 491: 353/400
Job 491: 354/400
Job 491: 355/400
Job 491: 356/400
Job 491: 357/400
Job 491: 358/400
Job 491: 359/400
Job 491: 360/400
Job 491: 361/400
Job 491: 362/400
Job 491: 363/400
Job 491: 364/400
Job 491: 365/400
Job 491: 366/400
Job 491: 367/400
Job 491: 368/400
Job 491: 369/400
Job 491: 370/400
Job 491: 371/400
Job 491: 372/400
Job 491: 373/400
Job 491: 374/400
Job 491: 375/400
Job 491: 376/400
Job 491: 377/400
Job 491: 378/400
Job 491: 379/400
Job 491: 380/400
Job 491: 381/400
Job 491: 382/400
Job 491: 383/400
Job 491: 384/400
Job 491: 385/400
Job 491: 386/400
Job 491: 387/400
Job 491: 388/400
Job 491: 389/400
Job 491: 390/400
Job 491: 391/400
Job 491: 392/400
Job 491: 393/400
Job 491: 394/400
Job 491: 395/400
Job 491: 396/400
Job 491: 397/400
Job 491: 398/400
Job 491: 399/400
Job 491: 400/400
