Registered S3 methods overwritten by 'susieSlide':
  method              from  
  coef.susie          susieR
  predict.susie       susieR
  print.summary.susie susieR
  summary.susie       susieR
Job 482: 1/400
Job 482: 2/400
Job 482: 3/400
Job 482: 4/400
Job 482: 5/400
Job 482: 6/400
Job 482: 7/400
Job 482: 8/400
Job 482: 9/400
Job 482: 10/400
Job 482: 11/400
Job 482: 12/400
Job 482: 13/400
Job 482: 14/400
Job 482: 15/400
Job 482: 16/400
Job 482: 17/400
Job 482: 18/400
Job 482: 19/400
Job 482: 20/400
Job 482: 21/400
Job 482: 22/400
Job 482: 23/400
Job 482: 24/400
Job 482: 25/400
Job 482: 26/400
Job 482: 27/400
Job 482: 28/400
Job 482: 29/400
Job 482: 30/400
Job 482: 31/400
Job 482: 32/400
Job 482: 33/400
Job 482: 34/400
Job 482: 35/400
Job 482: 36/400
Job 482: 37/400
Job 482: 38/400
Job 482: 39/400
Job 482: 40/400
Job 482: 41/400
Job 482: 42/400
Job 482: 43/400
Job 482: 44/400
Job 482: 45/400
Job 482: 46/400
Job 482: 47/400
Job 482: 48/400
Job 482: 49/400
Job 482: 50/400
Job 482: 51/400
Job 482: 52/400
Job 482: 53/400
Job 482: 54/400
Job 482: 55/400
Job 482: 56/400
Job 482: 57/400
Job 482: 58/400
Job 482: 59/400
Job 482: 60/400
Job 482: 61/400
Job 482: 62/400
Job 482: 63/400
Job 482: 64/400
Job 482: 65/400
Job 482: 66/400
Job 482: 67/400
Job 482: 68/400
Job 482: 69/400
Job 482: 70/400
Job 482: 71/400
Job 482: 72/400
Job 482: 73/400
Job 482: 74/400
Job 482: 75/400
Job 482: 76/400
Job 482: 77/400
Job 482: 78/400
Job 482: 79/400
Job 482: 80/400
Job 482: 81/400
Job 482: 82/400
Job 482: 83/400
Job 482: 84/400
Job 482: 85/400
Job 482: 86/400
Job 482: 87/400
Job 482: 88/400
Job 482: 89/400
Job 482: 90/400
Job 482: 91/400
Job 482: 92/400
Job 482: 93/400
Job 482: 94/400
Job 482: 95/400
Job 482: 96/400
Job 482: 97/400
Job 482: 98/400
Job 482: 99/400
Job 482: 100/400
Job 482: 101/400
Job 482: 102/400
Job 482: 103/400
Job 482: 104/400
Job 482: 105/400
Job 482: 106/400
Job 482: 107/400
Job 482: 108/400
Job 482: 109/400
Job 482: 110/400
Job 482: 111/400
Job 482: 112/400
Job 482: 113/400
Job 482: 114/400
Job 482: 115/400
Job 482: 116/400
Job 482: 117/400
Job 482: 118/400
Job 482: 119/400
Job 482: 120/400
Job 482: 121/400
Job 482: 122/400
Job 482: 123/400
Job 482: 124/400
Job 482: 125/400
Job 482: 126/400
Job 482: 127/400
Job 482: 128/400
Job 482: 129/400
Job 482: 130/400
Job 482: 131/400
Job 482: 132/400
Job 482: 133/400
Job 482: 134/400
Job 482: 135/400
Job 482: 136/400
Job 482: 137/400
Job 482: 138/400
Job 482: 139/400
Job 482: 140/400
Job 482: 141/400
Job 482: 142/400
Job 482: 143/400
Job 482: 144/400
Job 482: 145/400
Job 482: 146/400
Job 482: 147/400
Job 482: 148/400
Job 482: 149/400
Job 482: 150/400
Job 482: 151/400
Job 482: 152/400
Job 482: 153/400
Job 482: 154/400
Job 482: 155/400
Job 482: 156/400
Job 482: 157/400
Job 482: 158/400
Job 482: 159/400
Job 482: 160/400
Job 482: 161/400
Job 482: 162/400
Job 482: 163/400
Job 482: 164/400
Job 482: 165/400
Job 482: 166/400
Job 482: 167/400
Job 482: 168/400
Job 482: 169/400
Job 482: 170/400
Job 482: 171/400
Job 482: 172/400
Job 482: 173/400
Job 482: 174/400
Job 482: 175/400
Job 482: 176/400
Job 482: 177/400
Job 482: 178/400
Job 482: 179/400
Job 482: 180/400
Job 482: 181/400
Job 482: 182/400
Job 482: 183/400
Job 482: 184/400
Job 482: 185/400
Job 482: 186/400
Job 482: 187/400
Job 482: 188/400
Job 482: 189/400
Job 482: 190/400
Job 482: 191/400
Job 482: 192/400
Job 482: 193/400
Job 482: 194/400
Job 482: 195/400
Job 482: 196/400
Job 482: 197/400
Job 482: 198/400
Job 482: 199/400
Job 482: 200/400
Job 482: 201/400
Job 482: 202/400
Job 482: 203/400
Job 482: 204/400
Job 482: 205/400
Job 482: 206/400
Job 482: 207/400
Job 482: 208/400
Job 482: 209/400
Job 482: 210/400
Job 482: 211/400
Job 482: 212/400
Job 482: 213/400
Job 482: 214/400
Job 482: 215/400
Job 482: 216/400
Job 482: 217/400
Job 482: 218/400
Job 482: 219/400
Job 482: 220/400
Job 482: 221/400
Job 482: 222/400
Job 482: 223/400
Job 482: 224/400
Job 482: 225/400
Job 482: 226/400
Job 482: 227/400
Job 482: 228/400
Job 482: 229/400
Job 482: 230/400
Job 482: 231/400
Job 482: 232/400
Job 482: 233/400
Job 482: 234/400
Job 482: 235/400
Job 482: 236/400
Job 482: 237/400
Job 482: 238/400
Job 482: 239/400
Job 482: 240/400
Job 482: 241/400
Job 482: 242/400
Job 482: 243/400
Job 482: 244/400
Job 482: 245/400
Job 482: 246/400
Job 482: 247/400
Job 482: 248/400
Job 482: 249/400
Job 482: 250/400
Job 482: 251/400
Job 482: 252/400
Job 482: 253/400
Job 482: 254/400
Job 482: 255/400
Job 482: 256/400
Job 482: 257/400
Job 482: 258/400
Job 482: 259/400
Job 482: 260/400
Job 482: 261/400
Job 482: 262/400
Job 482: 263/400
Job 482: 264/400
Job 482: 265/400
Job 482: 266/400
Job 482: 267/400
Job 482: 268/400
Job 482: 269/400
Job 482: 270/400
Job 482: 271/400
Job 482: 272/400
Job 482: 273/400
Job 482: 274/400
Job 482: 275/400
Job 482: 276/400
Job 482: 277/400
Job 482: 278/400
Job 482: 279/400
Job 482: 280/400
Job 482: 281/400
Job 482: 282/400
Job 482: 283/400
Job 482: 284/400
Job 482: 285/400
Job 482: 286/400
Job 482: 287/400
Job 482: 288/400
Job 482: 289/400
Job 482: 290/400
Job 482: 291/400
Job 482: 292/400
Job 482: 293/400
Job 482: 294/400
Job 482: 295/400
Job 482: 296/400
Job 482: 297/400
Job 482: 298/400
Job 482: 299/400
Job 482: 300/400
Job 482: 301/400
Job 482: 302/400
Job 482: 303/400
Job 482: 304/400
Job 482: 305/400
Job 482: 306/400
Job 482: 307/400
Job 482: 308/400
Job 482: 309/400
Job 482: 310/400
Job 482: 311/400
Job 482: 312/400
Job 482: 313/400
Job 482: 314/400
Job 482: 315/400
Job 482: 316/400
Job 482: 317/400
Job 482: 318/400
Job 482: 319/400
Job 482: 320/400
Job 482: 321/400
Job 482: 322/400
Job 482: 323/400
Job 482: 324/400
Job 482: 325/400
Job 482: 326/400
Job 482: 327/400
Job 482: 328/400
Job 482: 329/400
Job 482: 330/400
Job 482: 331/400
Job 482: 332/400
Job 482: 333/400
Job 482: 334/400
Job 482: 335/400
Job 482: 336/400
Job 482: 337/400
Job 482: 338/400
Job 482: 339/400
Job 482: 340/400
Job 482: 341/400
Job 482: 342/400
Job 482: 343/400
Job 482: 344/400
Job 482: 345/400
Job 482: 346/400
Job 482: 347/400
Job 482: 348/400
Job 482: 349/400
Job 482: 350/400
Job 482: 351/400
Job 482: 352/400
Job 482: 353/400
Job 482: 354/400
Job 482: 355/400
Job 482: 356/400
Job 482: 357/400
Job 482: 358/400
Job 482: 359/400
Job 482: 360/400
Job 482: 361/400
Job 482: 362/400
Job 482: 363/400
Job 482: 364/400
Job 482: 365/400
Job 482: 366/400
Job 482: 367/400
Job 482: 368/400
Job 482: 369/400
Job 482: 370/400
Job 482: 371/400
Job 482: 372/400
Job 482: 373/400
Job 482: 374/400
Job 482: 375/400
Job 482: 376/400
Job 482: 377/400
Job 482: 378/400
Job 482: 379/400
Job 482: 380/400
Job 482: 381/400
Job 482: 382/400
Job 482: 383/400
Job 482: 384/400
Job 482: 385/400
Job 482: 386/400
Job 482: 387/400
Job 482: 388/400
Job 482: 389/400
Job 482: 390/400
Job 482: 391/400
Job 482: 392/400
Job 482: 393/400
Job 482: 394/400
Job 482: 395/400
Job 482: 396/400
Job 482: 397/400
Job 482: 398/400
Job 482: 399/400
Job 482: 400/400
