Registered S3 methods overwritten by 'susieSlide':
  method              from  
  coef.susie          susieR
  predict.susie       susieR
  print.summary.susie susieR
  summary.susie       susieR
Job 210: 1/400
Job 210: 2/400
Job 210: 3/400
Job 210: 4/400
Job 210: 5/400
Job 210: 6/400
Job 210: 7/400
Job 210: 8/400
Job 210: 9/400
Job 210: 10/400
Job 210: 11/400
Job 210: 12/400
Job 210: 13/400
Job 210: 14/400
Job 210: 15/400
Job 210: 16/400
Job 210: 17/400
Job 210: 18/400
Job 210: 19/400
Job 210: 20/400
Job 210: 21/400
Job 210: 22/400
Job 210: 23/400
Job 210: 24/400
Job 210: 25/400
Job 210: 26/400
Job 210: 27/400
Job 210: 28/400
Job 210: 29/400
Job 210: 30/400
Job 210: 31/400
Job 210: 32/400
Job 210: 33/400
Job 210: 34/400
Job 210: 35/400
Job 210: 36/400
Job 210: 37/400
Job 210: 38/400
Job 210: 39/400
Job 210: 40/400
Job 210: 41/400
Job 210: 42/400
Job 210: 43/400
Job 210: 44/400
Job 210: 45/400
Job 210: 46/400
Job 210: 47/400
Job 210: 48/400
Job 210: 49/400
Job 210: 50/400
Job 210: 51/400
Job 210: 52/400
Job 210: 53/400
Job 210: 54/400
Job 210: 55/400
Job 210: 56/400
Job 210: 57/400
Job 210: 58/400
Job 210: 59/400
Job 210: 60/400
Job 210: 61/400
Job 210: 62/400
Job 210: 63/400
Job 210: 64/400
Job 210: 65/400
Job 210: 66/400
Job 210: 67/400
Job 210: 68/400
Job 210: 69/400
Job 210: 70/400
Job 210: 71/400
Job 210: 72/400
Job 210: 73/400
Job 210: 74/400
Job 210: 75/400
Job 210: 76/400
Job 210: 77/400
Job 210: 78/400
Job 210: 79/400
Job 210: 80/400
Job 210: 81/400
Job 210: 82/400
Job 210: 83/400
Job 210: 84/400
Job 210: 85/400
Job 210: 86/400
Job 210: 87/400
Job 210: 88/400
Job 210: 89/400
Job 210: 90/400
Job 210: 91/400
Job 210: 92/400
Job 210: 93/400
Job 210: 94/400
Job 210: 95/400
Job 210: 96/400
Job 210: 97/400
Job 210: 98/400
Job 210: 99/400
Job 210: 100/400
Job 210: 101/400
Job 210: 102/400
Job 210: 103/400
Job 210: 104/400
Job 210: 105/400
Job 210: 106/400
Job 210: 107/400
Job 210: 108/400
Job 210: 109/400
Job 210: 110/400
Job 210: 111/400
Job 210: 112/400
Job 210: 113/400
Job 210: 114/400
Job 210: 115/400
Job 210: 116/400
Job 210: 117/400
Job 210: 118/400
Job 210: 119/400
Job 210: 120/400
Job 210: 121/400
Job 210: 122/400
Job 210: 123/400
Job 210: 124/400
Job 210: 125/400
Job 210: 126/400
Job 210: 127/400
Job 210: 128/400
Job 210: 129/400
Job 210: 130/400
Job 210: 131/400
Job 210: 132/400
Job 210: 133/400
Job 210: 134/400
Job 210: 135/400
Job 210: 136/400
Job 210: 137/400
Job 210: 138/400
Job 210: 139/400
Job 210: 140/400
Job 210: 141/400
Job 210: 142/400
Job 210: 143/400
Job 210: 144/400
Job 210: 145/400
Job 210: 146/400
Job 210: 147/400
Job 210: 148/400
Job 210: 149/400
Job 210: 150/400
Job 210: 151/400
Job 210: 152/400
Job 210: 153/400
Job 210: 154/400
Job 210: 155/400
Job 210: 156/400
Job 210: 157/400
Job 210: 158/400
Job 210: 159/400
Job 210: 160/400
Job 210: 161/400
Job 210: 162/400
Job 210: 163/400
Job 210: 164/400
Job 210: 165/400
Job 210: 166/400
Job 210: 167/400
Job 210: 168/400
Job 210: 169/400
Job 210: 170/400
Job 210: 171/400
Job 210: 172/400
Job 210: 173/400
Job 210: 174/400
Job 210: 175/400
Job 210: 176/400
Job 210: 177/400
Job 210: 178/400
Job 210: 179/400
Job 210: 180/400
Job 210: 181/400
Job 210: 182/400
Job 210: 183/400
Job 210: 184/400
Job 210: 185/400
Job 210: 186/400
Job 210: 187/400
Job 210: 188/400
Job 210: 189/400
Job 210: 190/400
Job 210: 191/400
Job 210: 192/400
Job 210: 193/400
Job 210: 194/400
Job 210: 195/400
Job 210: 196/400
Job 210: 197/400
Job 210: 198/400
Job 210: 199/400
Job 210: 200/400
Job 210: 201/400
Job 210: 202/400
Job 210: 203/400
Job 210: 204/400
Job 210: 205/400
Job 210: 206/400
Job 210: 207/400
Job 210: 208/400
Job 210: 209/400
Job 210: 210/400
Job 210: 211/400
Job 210: 212/400
Job 210: 213/400
Job 210: 214/400
Job 210: 215/400
Job 210: 216/400
Job 210: 217/400
Job 210: 218/400
Job 210: 219/400
Job 210: 220/400
Job 210: 221/400
Job 210: 222/400
Job 210: 223/400
Job 210: 224/400
Job 210: 225/400
Job 210: 226/400
Job 210: 227/400
Job 210: 228/400
Job 210: 229/400
Job 210: 230/400
Job 210: 231/400
Job 210: 232/400
Job 210: 233/400
Job 210: 234/400
Job 210: 235/400
Job 210: 236/400
Job 210: 237/400
Job 210: 238/400
Job 210: 239/400
Job 210: 240/400
Job 210: 241/400
Job 210: 242/400
Job 210: 243/400
Job 210: 244/400
Job 210: 245/400
Job 210: 246/400
Job 210: 247/400
Job 210: 248/400
Job 210: 249/400
Job 210: 250/400
Job 210: 251/400
Job 210: 252/400
Job 210: 253/400
Job 210: 254/400
Job 210: 255/400
Job 210: 256/400
Job 210: 257/400
Job 210: 258/400
Job 210: 259/400
Job 210: 260/400
Job 210: 261/400
Job 210: 262/400
Job 210: 263/400
Job 210: 264/400
Job 210: 265/400
Job 210: 266/400
Job 210: 267/400
Job 210: 268/400
Job 210: 269/400
Job 210: 270/400
Job 210: 271/400
Job 210: 272/400
Job 210: 273/400
Job 210: 274/400
Job 210: 275/400
Job 210: 276/400
Job 210: 277/400
Job 210: 278/400
Job 210: 279/400
Job 210: 280/400
Job 210: 281/400
Job 210: 282/400
Job 210: 283/400
Job 210: 284/400
Job 210: 285/400
Job 210: 286/400
Job 210: 287/400
Job 210: 288/400
Job 210: 289/400
Job 210: 290/400
Job 210: 291/400
Job 210: 292/400
Job 210: 293/400
Job 210: 294/400
Job 210: 295/400
Job 210: 296/400
Job 210: 297/400
Job 210: 298/400
Job 210: 299/400
Job 210: 300/400
Job 210: 301/400
Job 210: 302/400
Job 210: 303/400
Job 210: 304/400
Job 210: 305/400
Job 210: 306/400
Job 210: 307/400
Job 210: 308/400
Job 210: 309/400
Job 210: 310/400
Job 210: 311/400
Job 210: 312/400
Job 210: 313/400
Job 210: 314/400
Job 210: 315/400
Job 210: 316/400
Job 210: 317/400
Job 210: 318/400
Job 210: 319/400
Job 210: 320/400
Job 210: 321/400
Job 210: 322/400
Job 210: 323/400
Job 210: 324/400
Job 210: 325/400
Job 210: 326/400
Job 210: 327/400
Job 210: 328/400
Job 210: 329/400
Job 210: 330/400
Job 210: 331/400
Job 210: 332/400
Job 210: 333/400
Job 210: 334/400
Job 210: 335/400
Job 210: 336/400
Job 210: 337/400
Job 210: 338/400
Job 210: 339/400
Job 210: 340/400
Job 210: 341/400
Job 210: 342/400
Job 210: 343/400
Job 210: 344/400
Job 210: 345/400
Job 210: 346/400
Job 210: 347/400
Job 210: 348/400
Job 210: 349/400
Job 210: 350/400
Job 210: 351/400
Job 210: 352/400
Job 210: 353/400
Job 210: 354/400
Job 210: 355/400
Job 210: 356/400
Job 210: 357/400
Job 210: 358/400
Job 210: 359/400
Job 210: 360/400
Job 210: 361/400
Job 210: 362/400
Job 210: 363/400
Job 210: 364/400
Job 210: 365/400
Job 210: 366/400
Job 210: 367/400
Job 210: 368/400
Job 210: 369/400
Job 210: 370/400
Job 210: 371/400
Job 210: 372/400
Job 210: 373/400
Job 210: 374/400
Job 210: 375/400
Job 210: 376/400
Job 210: 377/400
Job 210: 378/400
Job 210: 379/400
Job 210: 380/400
Job 210: 381/400
Job 210: 382/400
Job 210: 383/400
Job 210: 384/400
Job 210: 385/400
Job 210: 386/400
Job 210: 387/400
Job 210: 388/400
Job 210: 389/400
Job 210: 390/400
Job 210: 391/400
Job 210: 392/400
Job 210: 393/400
Job 210: 394/400
Job 210: 395/400
Job 210: 396/400
Job 210: 397/400
Job 210: 398/400
Job 210: 399/400
Job 210: 400/400
