Registered S3 methods overwritten by 'susieSlide':
  method              from  
  coef.susie          susieR
  predict.susie       susieR
  print.summary.susie susieR
  summary.susie       susieR
Job 149: 1/400
Job 149: 2/400
Job 149: 3/400
Job 149: 4/400
Job 149: 5/400
Job 149: 6/400
Job 149: 7/400
Job 149: 8/400
Job 149: 9/400
Job 149: 10/400
Job 149: 11/400
Job 149: 12/400
Job 149: 13/400
Job 149: 14/400
Job 149: 15/400
Job 149: 16/400
Job 149: 17/400
Job 149: 18/400
Job 149: 19/400
Job 149: 20/400
Job 149: 21/400
Job 149: 22/400
Job 149: 23/400
Job 149: 24/400
Job 149: 25/400
Job 149: 26/400
Job 149: 27/400
Job 149: 28/400
Job 149: 29/400
Job 149: 30/400
Job 149: 31/400
Job 149: 32/400
Job 149: 33/400
Job 149: 34/400
Job 149: 35/400
Job 149: 36/400
Job 149: 37/400
Job 149: 38/400
Job 149: 39/400
Job 149: 40/400
Job 149: 41/400
Job 149: 42/400
Job 149: 43/400
Job 149: 44/400
Job 149: 45/400
Job 149: 46/400
Job 149: 47/400
Job 149: 48/400
Job 149: 49/400
Job 149: 50/400
Job 149: 51/400
Job 149: 52/400
Job 149: 53/400
Job 149: 54/400
Job 149: 55/400
Job 149: 56/400
Job 149: 57/400
Job 149: 58/400
Job 149: 59/400
Job 149: 60/400
Job 149: 61/400
Job 149: 62/400
Job 149: 63/400
Job 149: 64/400
Job 149: 65/400
Job 149: 66/400
Job 149: 67/400
Job 149: 68/400
Job 149: 69/400
Job 149: 70/400
Job 149: 71/400
Job 149: 72/400
Job 149: 73/400
Job 149: 74/400
Job 149: 75/400
Job 149: 76/400
Job 149: 77/400
Job 149: 78/400
Job 149: 79/400
Job 149: 80/400
Job 149: 81/400
Job 149: 82/400
Job 149: 83/400
Job 149: 84/400
Job 149: 85/400
Job 149: 86/400
Job 149: 87/400
Job 149: 88/400
Job 149: 89/400
Job 149: 90/400
Job 149: 91/400
Job 149: 92/400
Job 149: 93/400
Job 149: 94/400
Job 149: 95/400
Job 149: 96/400
Job 149: 97/400
Job 149: 98/400
Job 149: 99/400
Job 149: 100/400
Job 149: 101/400
Job 149: 102/400
Job 149: 103/400
Job 149: 104/400
Job 149: 105/400
Job 149: 106/400
Job 149: 107/400
Job 149: 108/400
Job 149: 109/400
Job 149: 110/400
Job 149: 111/400
Job 149: 112/400
Job 149: 113/400
Job 149: 114/400
Job 149: 115/400
Job 149: 116/400
Job 149: 117/400
Job 149: 118/400
Job 149: 119/400
Job 149: 120/400
Job 149: 121/400
Job 149: 122/400
Job 149: 123/400
Job 149: 124/400
Job 149: 125/400
Job 149: 126/400
Job 149: 127/400
Job 149: 128/400
Job 149: 129/400
Job 149: 130/400
Job 149: 131/400
Job 149: 132/400
Job 149: 133/400
Job 149: 134/400
Job 149: 135/400
Job 149: 136/400
Job 149: 137/400
Job 149: 138/400
Job 149: 139/400
Job 149: 140/400
Job 149: 141/400
Job 149: 142/400
Job 149: 143/400
Job 149: 144/400
Job 149: 145/400
Job 149: 146/400
Job 149: 147/400
Job 149: 148/400
Job 149: 149/400
Job 149: 150/400
Job 149: 151/400
Job 149: 152/400
Job 149: 153/400
Job 149: 154/400
Job 149: 155/400
Job 149: 156/400
Job 149: 157/400
Job 149: 158/400
Job 149: 159/400
Job 149: 160/400
Job 149: 161/400
Job 149: 162/400
Job 149: 163/400
Job 149: 164/400
Job 149: 165/400
Job 149: 166/400
Job 149: 167/400
Job 149: 168/400
Job 149: 169/400
Job 149: 170/400
Job 149: 171/400
Job 149: 172/400
Job 149: 173/400
Job 149: 174/400
Job 149: 175/400
Job 149: 176/400
Job 149: 177/400
Job 149: 178/400
Job 149: 179/400
Job 149: 180/400
Job 149: 181/400
Job 149: 182/400
Job 149: 183/400
Job 149: 184/400
Job 149: 185/400
Job 149: 186/400
Job 149: 187/400
Job 149: 188/400
Job 149: 189/400
Job 149: 190/400
Job 149: 191/400
Job 149: 192/400
Job 149: 193/400
Job 149: 194/400
Job 149: 195/400
Job 149: 196/400
Job 149: 197/400
Job 149: 198/400
Job 149: 199/400
Job 149: 200/400
Job 149: 201/400
Job 149: 202/400
Job 149: 203/400
Job 149: 204/400
Job 149: 205/400
Job 149: 206/400
Job 149: 207/400
Job 149: 208/400
Job 149: 209/400
Job 149: 210/400
Job 149: 211/400
Job 149: 212/400
Job 149: 213/400
Job 149: 214/400
Job 149: 215/400
Job 149: 216/400
Job 149: 217/400
Job 149: 218/400
Job 149: 219/400
Job 149: 220/400
Job 149: 221/400
Job 149: 222/400
Job 149: 223/400
Job 149: 224/400
Job 149: 225/400
Job 149: 226/400
Job 149: 227/400
Job 149: 228/400
Job 149: 229/400
Job 149: 230/400
Job 149: 231/400
Job 149: 232/400
Job 149: 233/400
Job 149: 234/400
Job 149: 235/400
Job 149: 236/400
Job 149: 237/400
Job 149: 238/400
Job 149: 239/400
Job 149: 240/400
Job 149: 241/400
Job 149: 242/400
Job 149: 243/400
Job 149: 244/400
Job 149: 245/400
Job 149: 246/400
Job 149: 247/400
Job 149: 248/400
Job 149: 249/400
Job 149: 250/400
Job 149: 251/400
Job 149: 252/400
Job 149: 253/400
Job 149: 254/400
Job 149: 255/400
Job 149: 256/400
Job 149: 257/400
Job 149: 258/400
Job 149: 259/400
Job 149: 260/400
Job 149: 261/400
Job 149: 262/400
Job 149: 263/400
Job 149: 264/400
Job 149: 265/400
Job 149: 266/400
Job 149: 267/400
Job 149: 268/400
Job 149: 269/400
Job 149: 270/400
Job 149: 271/400
Job 149: 272/400
Job 149: 273/400
Job 149: 274/400
Job 149: 275/400
Job 149: 276/400
Job 149: 277/400
Job 149: 278/400
Job 149: 279/400
Job 149: 280/400
Job 149: 281/400
Job 149: 282/400
Job 149: 283/400
Job 149: 284/400
Job 149: 285/400
Job 149: 286/400
Job 149: 287/400
Job 149: 288/400
Job 149: 289/400
Job 149: 290/400
Job 149: 291/400
Job 149: 292/400
Job 149: 293/400
Job 149: 294/400
Job 149: 295/400
Job 149: 296/400
Job 149: 297/400
Job 149: 298/400
Job 149: 299/400
Job 149: 300/400
Job 149: 301/400
Job 149: 302/400
Job 149: 303/400
Job 149: 304/400
Job 149: 305/400
Job 149: 306/400
Job 149: 307/400
Job 149: 308/400
Job 149: 309/400
Job 149: 310/400
Job 149: 311/400
Job 149: 312/400
Job 149: 313/400
Job 149: 314/400
Job 149: 315/400
Job 149: 316/400
Job 149: 317/400
Job 149: 318/400
Job 149: 319/400
Job 149: 320/400
Job 149: 321/400
Job 149: 322/400
Job 149: 323/400
Job 149: 324/400
Job 149: 325/400
Job 149: 326/400
Job 149: 327/400
Job 149: 328/400
Job 149: 329/400
Job 149: 330/400
Job 149: 331/400
Job 149: 332/400
Job 149: 333/400
Job 149: 334/400
Job 149: 335/400
Job 149: 336/400
Job 149: 337/400
Job 149: 338/400
Job 149: 339/400
Job 149: 340/400
Job 149: 341/400
Job 149: 342/400
Job 149: 343/400
Job 149: 344/400
Job 149: 345/400
Job 149: 346/400
Job 149: 347/400
Job 149: 348/400
Job 149: 349/400
Job 149: 350/400
Job 149: 351/400
Job 149: 352/400
Job 149: 353/400
Job 149: 354/400
Job 149: 355/400
Job 149: 356/400
Job 149: 357/400
Job 149: 358/400
Job 149: 359/400
Job 149: 360/400
Job 149: 361/400
Job 149: 362/400
Job 149: 363/400
Job 149: 364/400
Job 149: 365/400
Job 149: 366/400
Job 149: 367/400
Job 149: 368/400
Job 149: 369/400
Job 149: 370/400
Job 149: 371/400
Job 149: 372/400
Job 149: 373/400
Job 149: 374/400
Job 149: 375/400
Job 149: 376/400
Job 149: 377/400
Job 149: 378/400
Job 149: 379/400
Job 149: 380/400
Job 149: 381/400
Job 149: 382/400
Job 149: 383/400
Job 149: 384/400
Job 149: 385/400
Job 149: 386/400
Job 149: 387/400
Job 149: 388/400
Job 149: 389/400
Job 149: 390/400
Job 149: 391/400
Job 149: 392/400
Job 149: 393/400
Job 149: 394/400
Job 149: 395/400
Job 149: 396/400
Job 149: 397/400
Job 149: 398/400
Job 149: 399/400
Job 149: 400/400
