|--------------------------------------------------|
|==================================================|
Error: All 67234533 variants in
/project2/mstephens/gtex/GTEx_Analysis_2017-06-05_v8_WholeGenomeSeq_866Indiv.bim
excluded by --chr + --max-alleles + --snps-only.
ERROR [CCDC120]: PLINK failed for CCDC120 on chromosome X with exit status 7
|--------------------------------------------------|
|==================================================|
Error: All 67234533 variants in
/project2/mstephens/gtex/GTEx_Analysis_2017-06-05_v8_WholeGenomeSeq_866Indiv.bim
excluded by --chr + --max-alleles + --snps-only.
ERROR [CCDC160]: PLINK failed for CCDC160 on chromosome X with exit status 7
|--------------------------------------------------|
|==================================================|
|--------------------------------------------------|
|==================================================|
|--------------------------------------------------|
|==================================================|
|--------------------------------------------------|
|==================================================|
|--------------------------------------------------|
|==================================================|
|--------------------------------------------------|
|==================================================|
|--------------------------------------------------|
|==================================================|
|--------------------------------------------------|
|==================================================|
|--------------------------------------------------|
|==================================================|
|--------------------------------------------------|
|==================================================|
|--------------------------------------------------|
|==================================================|
|--------------------------------------------------|
|==================================================|
|--------------------------------------------------|
|==================================================|
|--------------------------------------------------|
|==================================================|
|--------------------------------------------------|
|==================================================|
|--------------------------------------------------|
|==================================================|
Error: All 67234533 variants in
/project2/mstephens/gtex/GTEx_Analysis_2017-06-05_v8_WholeGenomeSeq_866Indiv.bim
excluded by --chr + --max-alleles + --snps-only.
ERROR [CCDC22]: PLINK failed for CCDC22 on chromosome X with exit status 7
|--------------------------------------------------|
|==================================================|
|--------------------------------------------------|
|==================================================|
|--------------------------------------------------|
|==================================================|
|--------------------------------------------------|
|==================================================|
|--------------------------------------------------|
|==================================================|
|--------------------------------------------------|
|==================================================|
|--------------------------------------------------|
|==================================================|
|--------------------------------------------------|
|==================================================|
|--------------------------------------------------|
|==================================================|
|--------------------------------------------------|
|==================================================|
Chunk 23 finished: 3 gene errors; 0 tissue errors.
