|--------------------------------------------------|
|==================================================|
Error: All 67234533 variants in
/project2/mstephens/gtex/GTEx_Analysis_2017-06-05_v8_WholeGenomeSeq_866Indiv.bim
excluded by --chr + --max-alleles + --snps-only.
ERROR [CSAG1]: PLINK failed for CSAG1 on chromosome X with exit status 7
|--------------------------------------------------|
|==================================================|
Error: All 67234533 variants in
/project2/mstephens/gtex/GTEx_Analysis_2017-06-05_v8_WholeGenomeSeq_866Indiv.bim
excluded by --chr + --max-alleles + --snps-only.
ERROR [CSAG2]: PLINK failed for CSAG2 on chromosome X with exit status 7
|--------------------------------------------------|
|==================================================|
Error: All 67234533 variants in
/project2/mstephens/gtex/GTEx_Analysis_2017-06-05_v8_WholeGenomeSeq_866Indiv.bim
excluded by --chr + --max-alleles + --snps-only.
ERROR [CSAG3]: PLINK failed for CSAG3 on chromosome X with exit status 7
|--------------------------------------------------|
|==================================================|
Error: All 67234533 variants in
/project2/mstephens/gtex/GTEx_Analysis_2017-06-05_v8_WholeGenomeSeq_866Indiv.bim
excluded by --chr + --max-alleles + --snps-only.
ERROR [CSF2RA]: PLINK failed for CSF2RA on chromosome X with exit status 7
|--------------------------------------------------|
|==================================================|
|--------------------------------------------------|
|==================================================|
|--------------------------------------------------|
|==================================================|
|--------------------------------------------------|
|==================================================|
|--------------------------------------------------|
|==================================================|
|--------------------------------------------------|
|==================================================|
|--------------------------------------------------|
|==================================================|
|--------------------------------------------------|
|==================================================|
|--------------------------------------------------|
|==================================================|
|--------------------------------------------------|
|==================================================|
|--------------------------------------------------|
|==================================================|
|--------------------------------------------------|
|==================================================|
|--------------------------------------------------|
|==================================================|
|--------------------------------------------------|
|==================================================|
|--------------------------------------------------|
|==================================================|
|--------------------------------------------------|
|==================================================|
|--------------------------------------------------|
|==================================================|
|--------------------------------------------------|
|==================================================|
|--------------------------------------------------|
|==================================================|
|--------------------------------------------------|
|==================================================|
|--------------------------------------------------|
|==================================================|
|--------------------------------------------------|
|==================================================|
|--------------------------------------------------|
|==================================================|
|--------------------------------------------------|
|==================================================|
|--------------------------------------------------|
|==================================================|
|--------------------------------------------------|
|==================================================|
|--------------------------------------------------|
|==================================================|
|--------------------------------------------------|
|==================================================|
|--------------------------------------------------|
|==================================================|
|--------------------------------------------------|
|==================================================|
|--------------------------------------------------|
|==================================================|
|--------------------------------------------------|
|==================================================|
|--------------------------------------------------|
|==================================================|
|--------------------------------------------------|
|==================================================|
|--------------------------------------------------|
|==================================================|
|--------------------------------------------------|
|==================================================|
|--------------------------------------------------|
|==================================================|
|--------------------------------------------------|
|==================================================|
|--------------------------------------------------|
|==================================================|
|--------------------------------------------------|
|==================================================|
|--------------------------------------------------|
|==================================================|
|--------------------------------------------------|
|==================================================|
|--------------------------------------------------|
|==================================================|
|--------------------------------------------------|
|==================================================|
|--------------------------------------------------|
|==================================================|
|--------------------------------------------------|
|==================================================|
|--------------------------------------------------|
|==================================================|
|--------------------------------------------------|
|==================================================|
|--------------------------------------------------|
|==================================================|
|--------------------------------------------------|
|==================================================|
Error: All 67234533 variants in
/project2/mstephens/gtex/GTEx_Analysis_2017-06-05_v8_WholeGenomeSeq_866Indiv.bim
excluded by --chr + --max-alleles + --snps-only.
ERROR [CSTF2]: PLINK failed for CSTF2 on chromosome X with exit status 7
|--------------------------------------------------|
|==================================================|
|--------------------------------------------------|
|==================================================|
|--------------------------------------------------|
|==================================================|
|--------------------------------------------------|
|==================================================|
Error: All 67234533 variants in
/project2/mstephens/gtex/GTEx_Analysis_2017-06-05_v8_WholeGenomeSeq_866Indiv.bim
excluded by --chr + --max-alleles + --snps-only.
ERROR [CT45A1]: PLINK failed for CT45A1 on chromosome X with exit status 7
|--------------------------------------------------|
|==================================================|
Error: All 67234533 variants in
/project2/mstephens/gtex/GTEx_Analysis_2017-06-05_v8_WholeGenomeSeq_866Indiv.bim
excluded by --chr + --max-alleles + --snps-only.
ERROR [CT45A10]: PLINK failed for CT45A10 on chromosome X with exit status 7
|--------------------------------------------------|
|==================================================|
Error: All 67234533 variants in
/project2/mstephens/gtex/GTEx_Analysis_2017-06-05_v8_WholeGenomeSeq_866Indiv.bim
excluded by --chr + --max-alleles + --snps-only.
ERROR [CT45A2]: PLINK failed for CT45A2 on chromosome X with exit status 7
|--------------------------------------------------|
|==================================================|
Error: All 67234533 variants in
/project2/mstephens/gtex/GTEx_Analysis_2017-06-05_v8_WholeGenomeSeq_866Indiv.bim
excluded by --chr + --max-alleles + --snps-only.
ERROR [CT45A3]: PLINK failed for CT45A3 on chromosome X with exit status 7
|--------------------------------------------------|
|==================================================|
Error: All 67234533 variants in
/project2/mstephens/gtex/GTEx_Analysis_2017-06-05_v8_WholeGenomeSeq_866Indiv.bim
excluded by --chr + --max-alleles + --snps-only.
ERROR [CT45A5]: PLINK failed for CT45A5 on chromosome X with exit status 7
|--------------------------------------------------|
|==================================================|
Error: All 67234533 variants in
/project2/mstephens/gtex/GTEx_Analysis_2017-06-05_v8_WholeGenomeSeq_866Indiv.bim
excluded by --chr + --max-alleles + --snps-only.
ERROR [CT45A6]: PLINK failed for CT45A6 on chromosome X with exit status 7
|--------------------------------------------------|
|==================================================|
Error: All 67234533 variants in
/project2/mstephens/gtex/GTEx_Analysis_2017-06-05_v8_WholeGenomeSeq_866Indiv.bim
excluded by --chr + --max-alleles + --snps-only.
ERROR [CT45A7]: PLINK failed for CT45A7 on chromosome X with exit status 7
|--------------------------------------------------|
|==================================================|
Error: All 67234533 variants in
/project2/mstephens/gtex/GTEx_Analysis_2017-06-05_v8_WholeGenomeSeq_866Indiv.bim
excluded by --chr + --max-alleles + --snps-only.
ERROR [CT45A8]: PLINK failed for CT45A8 on chromosome X with exit status 7
|--------------------------------------------------|
|==================================================|
Error: All 67234533 variants in
/project2/mstephens/gtex/GTEx_Analysis_2017-06-05_v8_WholeGenomeSeq_866Indiv.bim
excluded by --chr + --max-alleles + --snps-only.
ERROR [CT45A9]: PLINK failed for CT45A9 on chromosome X with exit status 7
|--------------------------------------------------|
|==================================================|
Error: All 67234533 variants in
/project2/mstephens/gtex/GTEx_Analysis_2017-06-05_v8_WholeGenomeSeq_866Indiv.bim
excluded by --chr + --max-alleles + --snps-only.
ERROR [CT47A1]: PLINK failed for CT47A1 on chromosome X with exit status 7
|--------------------------------------------------|
|==================================================|
Error: All 67234533 variants in
/project2/mstephens/gtex/GTEx_Analysis_2017-06-05_v8_WholeGenomeSeq_866Indiv.bim
excluded by --chr + --max-alleles + --snps-only.
ERROR [CT47A10]: PLINK failed for CT47A10 on chromosome X with exit status 7
|--------------------------------------------------|
|==================================================|
Error: All 67234533 variants in
/project2/mstephens/gtex/GTEx_Analysis_2017-06-05_v8_WholeGenomeSeq_866Indiv.bim
excluded by --chr + --max-alleles + --snps-only.
ERROR [CT47A11]: PLINK failed for CT47A11 on chromosome X with exit status 7
|--------------------------------------------------|
|==================================================|
Error: All 67234533 variants in
/project2/mstephens/gtex/GTEx_Analysis_2017-06-05_v8_WholeGenomeSeq_866Indiv.bim
excluded by --chr + --max-alleles + --snps-only.
ERROR [CT47A12]: PLINK failed for CT47A12 on chromosome X with exit status 7
|--------------------------------------------------|
|==================================================|
Error: All 67234533 variants in
/project2/mstephens/gtex/GTEx_Analysis_2017-06-05_v8_WholeGenomeSeq_866Indiv.bim
excluded by --chr + --max-alleles + --snps-only.
ERROR [CT47A2]: PLINK failed for CT47A2 on chromosome X with exit status 7
|--------------------------------------------------|
|==================================================|
Error: All 67234533 variants in
/project2/mstephens/gtex/GTEx_Analysis_2017-06-05_v8_WholeGenomeSeq_866Indiv.bim
excluded by --chr + --max-alleles + --snps-only.
ERROR [CT47A3]: PLINK failed for CT47A3 on chromosome X with exit status 7
|--------------------------------------------------|
|==================================================|
Error: All 67234533 variants in
/project2/mstephens/gtex/GTEx_Analysis_2017-06-05_v8_WholeGenomeSeq_866Indiv.bim
excluded by --chr + --max-alleles + --snps-only.
ERROR [CT47A4]: PLINK failed for CT47A4 on chromosome X with exit status 7
|--------------------------------------------------|
|==================================================|
Error: All 67234533 variants in
/project2/mstephens/gtex/GTEx_Analysis_2017-06-05_v8_WholeGenomeSeq_866Indiv.bim
excluded by --chr + --max-alleles + --snps-only.
ERROR [CT47A5]: PLINK failed for CT47A5 on chromosome X with exit status 7
|--------------------------------------------------|
|==================================================|
Error: All 67234533 variants in
/project2/mstephens/gtex/GTEx_Analysis_2017-06-05_v8_WholeGenomeSeq_866Indiv.bim
excluded by --chr + --max-alleles + --snps-only.
ERROR [CT47A6]: PLINK failed for CT47A6 on chromosome X with exit status 7
|--------------------------------------------------|
|==================================================|
Error: All 67234533 variants in
/project2/mstephens/gtex/GTEx_Analysis_2017-06-05_v8_WholeGenomeSeq_866Indiv.bim
excluded by --chr + --max-alleles + --snps-only.
ERROR [CT47A7]: PLINK failed for CT47A7 on chromosome X with exit status 7
|--------------------------------------------------|
|==================================================|
Error: All 67234533 variants in
/project2/mstephens/gtex/GTEx_Analysis_2017-06-05_v8_WholeGenomeSeq_866Indiv.bim
excluded by --chr + --max-alleles + --snps-only.
ERROR [CT47A8]: PLINK failed for CT47A8 on chromosome X with exit status 7
|--------------------------------------------------|
|==================================================|
Error: All 67234533 variants in
/project2/mstephens/gtex/GTEx_Analysis_2017-06-05_v8_WholeGenomeSeq_866Indiv.bim
excluded by --chr + --max-alleles + --snps-only.
ERROR [CT47A9]: PLINK failed for CT47A9 on chromosome X with exit status 7
|--------------------------------------------------|
|==================================================|
Error: All 67234533 variants in
/project2/mstephens/gtex/GTEx_Analysis_2017-06-05_v8_WholeGenomeSeq_866Indiv.bim
excluded by --chr + --max-alleles + --snps-only.
ERROR [CT47B1]: PLINK failed for CT47B1 on chromosome X with exit status 7
|--------------------------------------------------|
|==================================================|
Error: All 67234533 variants in
/project2/mstephens/gtex/GTEx_Analysis_2017-06-05_v8_WholeGenomeSeq_866Indiv.bim
excluded by --chr + --max-alleles + --snps-only.
ERROR [CT55]: PLINK failed for CT55 on chromosome X with exit status 7
|--------------------------------------------------|
|==================================================|
Error: All 67234533 variants in
/project2/mstephens/gtex/GTEx_Analysis_2017-06-05_v8_WholeGenomeSeq_866Indiv.bim
excluded by --chr + --max-alleles + --snps-only.
ERROR [CT83]: PLINK failed for CT83 on chromosome X with exit status 7
|--------------------------------------------------|
|==================================================|
Error: All 67234533 variants in
/project2/mstephens/gtex/GTEx_Analysis_2017-06-05_v8_WholeGenomeSeq_866Indiv.bim
excluded by --chr + --max-alleles + --snps-only.
ERROR [CTAG1A]: PLINK failed for CTAG1A on chromosome X with exit status 7
|--------------------------------------------------|
|==================================================|
Error: All 67234533 variants in
/project2/mstephens/gtex/GTEx_Analysis_2017-06-05_v8_WholeGenomeSeq_866Indiv.bim
excluded by --chr + --max-alleles + --snps-only.
ERROR [CTAG1B]: PLINK failed for CTAG1B on chromosome X with exit status 7
|--------------------------------------------------|
|==================================================|
Error: All 67234533 variants in
/project2/mstephens/gtex/GTEx_Analysis_2017-06-05_v8_WholeGenomeSeq_866Indiv.bim
excluded by --chr + --max-alleles + --snps-only.
ERROR [CTAG2]: PLINK failed for CTAG2 on chromosome X with exit status 7
|--------------------------------------------------|
|==================================================|
|--------------------------------------------------|
|==================================================|
Chunk 36 finished: 32 gene errors; 0 tissue errors.
Warning message:
In run_gene(target_gene = gene, tissue_priors = priors, project_dir = project_dir,  :
  More than one expression column found for CSF2RA; using the first.
