|--------------------------------------------------|
|==================================================|
Error: All 67234533 variants in
/project2/mstephens/gtex/GTEx_Analysis_2017-06-05_v8_WholeGenomeSeq_866Indiv.bim
excluded by --chr + --max-alleles + --snps-only.
ERROR [TEX13C]: PLINK failed for TEX13C on chromosome X with exit status 7
|--------------------------------------------------|
|==================================================|
Error: All 67234533 variants in
/project2/mstephens/gtex/GTEx_Analysis_2017-06-05_v8_WholeGenomeSeq_866Indiv.bim
excluded by --chr + --max-alleles + --snps-only.
ERROR [TEX13D]: PLINK failed for TEX13D on chromosome X with exit status 7
|--------------------------------------------------|
|==================================================|
|--------------------------------------------------|
|==================================================|
|--------------------------------------------------|
|==================================================|
|--------------------------------------------------|
|==================================================|
|--------------------------------------------------|
|==================================================|
|--------------------------------------------------|
|==================================================|
|--------------------------------------------------|
|==================================================|
|--------------------------------------------------|
|==================================================|
|--------------------------------------------------|
|==================================================|
Error: All 67234533 variants in
/project2/mstephens/gtex/GTEx_Analysis_2017-06-05_v8_WholeGenomeSeq_866Indiv.bim
excluded by --chr + --max-alleles + --snps-only.
ERROR [TEX28]: PLINK failed for TEX28 on chromosome X with exit status 7
|--------------------------------------------------|
|==================================================|
|--------------------------------------------------|
|==================================================|
|--------------------------------------------------|
|==================================================|
|--------------------------------------------------|
|==================================================|
|--------------------------------------------------|
|==================================================|
|--------------------------------------------------|
|==================================================|
|--------------------------------------------------|
|==================================================|
|--------------------------------------------------|
|==================================================|
|--------------------------------------------------|
|==================================================|
|--------------------------------------------------|
|==================================================|
|--------------------------------------------------|
|==================================================|
|--------------------------------------------------|
|==================================================|
|--------------------------------------------------|
|==================================================|
|--------------------------------------------------|
|==================================================|
|--------------------------------------------------|
|==================================================|
|--------------------------------------------------|
|==================================================|
|--------------------------------------------------|
|==================================================|
|--------------------------------------------------|
|==================================================|
|--------------------------------------------------|
|==================================================|
|--------------------------------------------------|
|==================================================|
|--------------------------------------------------|
|==================================================|
|--------------------------------------------------|
|==================================================|
|--------------------------------------------------|
|==================================================|
|--------------------------------------------------|
|==================================================|
|--------------------------------------------------|
|==================================================|
Error: All 67234533 variants in
/project2/mstephens/gtex/GTEx_Analysis_2017-06-05_v8_WholeGenomeSeq_866Indiv.bim
excluded by --chr + --max-alleles + --snps-only.
ERROR [TFDP3]: PLINK failed for TFDP3 on chromosome X with exit status 7
|--------------------------------------------------|
|==================================================|
Error: All 67234533 variants in
/project2/mstephens/gtex/GTEx_Analysis_2017-06-05_v8_WholeGenomeSeq_866Indiv.bim
excluded by --chr + --max-alleles + --snps-only.
ERROR [TFE3]: PLINK failed for TFE3 on chromosome X with exit status 7
|--------------------------------------------------|
|==================================================|
|--------------------------------------------------|
|==================================================|
|--------------------------------------------------|
|==================================================|
|--------------------------------------------------|
|==================================================|
|--------------------------------------------------|
|==================================================|
|--------------------------------------------------|
|==================================================|
|--------------------------------------------------|
|==================================================|
|--------------------------------------------------|
|==================================================|
|--------------------------------------------------|
|==================================================|
|--------------------------------------------------|
|==================================================|
|--------------------------------------------------|
|==================================================|
|--------------------------------------------------|
|==================================================|
|--------------------------------------------------|
|==================================================|
|--------------------------------------------------|
|==================================================|
|--------------------------------------------------|
|==================================================|
|--------------------------------------------------|
|==================================================|
|--------------------------------------------------|
|==================================================|
|--------------------------------------------------|
|==================================================|
|--------------------------------------------------|
|==================================================|
|--------------------------------------------------|
|==================================================|
|--------------------------------------------------|
|==================================================|
|--------------------------------------------------|
|==================================================|
|--------------------------------------------------|
|==================================================|
|--------------------------------------------------|
|==================================================|
|--------------------------------------------------|
|==================================================|
|--------------------------------------------------|
|==================================================|
|--------------------------------------------------|
|==================================================|
|--------------------------------------------------|
|==================================================|
Error: All 67234533 variants in
/project2/mstephens/gtex/GTEx_Analysis_2017-06-05_v8_WholeGenomeSeq_866Indiv.bim
excluded by --chr + --max-alleles + --snps-only.
ERROR [TGIF2LX]: PLINK failed for TGIF2LX on chromosome X with exit status 7
|--------------------------------------------------|
|==================================================|
Error: All 67234533 variants in
/project2/mstephens/gtex/GTEx_Analysis_2017-06-05_v8_WholeGenomeSeq_866Indiv.bim
excluded by --chr + --max-alleles + --snps-only.
ERROR [TGIF2LY]: PLINK failed for TGIF2LY on chromosome Y with exit status 7
|--------------------------------------------------|
|==================================================|
|--------------------------------------------------|
|==================================================|
|--------------------------------------------------|
|==================================================|
|--------------------------------------------------|
|==================================================|
|--------------------------------------------------|
|==================================================|
|--------------------------------------------------|
|==================================================|
|--------------------------------------------------|
|==================================================|
|--------------------------------------------------|
|==================================================|
|--------------------------------------------------|
|==================================================|
|--------------------------------------------------|
|==================================================|
|--------------------------------------------------|
|==================================================|
|--------------------------------------------------|
|==================================================|
|--------------------------------------------------|
|==================================================|
|--------------------------------------------------|
|==================================================|
|--------------------------------------------------|
|==================================================|
|--------------------------------------------------|
|==================================================|
|--------------------------------------------------|
|==================================================|
|--------------------------------------------------|
|==================================================|
|--------------------------------------------------|
|==================================================|
|--------------------------------------------------|
|==================================================|
|--------------------------------------------------|
|==================================================|
|--------------------------------------------------|
|==================================================|
|--------------------------------------------------|
|==================================================|
|--------------------------------------------------|
|==================================================|
|--------------------------------------------------|
|==================================================|
|--------------------------------------------------|
|==================================================|
|--------------------------------------------------|
|==================================================|
|--------------------------------------------------|
|==================================================|
|--------------------------------------------------|
|==================================================|
|--------------------------------------------------|
|==================================================|
|--------------------------------------------------|
|==================================================|
|--------------------------------------------------|
|==================================================|
|--------------------------------------------------|
|==================================================|
|--------------------------------------------------|
|==================================================|
Chunk 159 finished: 7 gene errors; 0 tissue errors.
